[2026-07-25T10:12:36.097+0000] {local_task_job_runner.py:123} INFO - ::group::Pre task execution logs
[2026-07-25T10:12:36.111+0000] {taskinstance.py:2632} INFO - Dependencies all met for dep_context=non-requeueable deps ti=<TaskInstance: hdb_resale_pipeline.fetch_hdb_data manual__2026-07-25T10:12:34.898596+00:00 [queued]>
[2026-07-25T10:12:36.115+0000] {taskinstance.py:2632} INFO - Dependencies all met for dep_context=requeueable deps ti=<TaskInstance: hdb_resale_pipeline.fetch_hdb_data manual__2026-07-25T10:12:34.898596+00:00 [queued]>
[2026-07-25T10:12:36.116+0000] {taskinstance.py:2885} INFO - Starting attempt 1 of 1
[2026-07-25T10:12:36.124+0000] {taskinstance.py:2908} INFO - Executing <Task(PythonOperator): fetch_hdb_data> on 2026-07-25 10:12:34.898596+00:00
[2026-07-25T10:12:36.132+0000] {warnings.py:112} WARNING - /home/***/.local/lib/python3.12/site-packages/***/task/task_runner/standard_task_runner.py:70: DeprecationWarning: This process (pid=87) is multi-threaded, use of fork() may lead to deadlocks in the child.
  pid = os.fork()

[2026-07-25T10:12:36.134+0000] {standard_task_runner.py:72} INFO - Started process 89 to run task
[2026-07-25T10:12:36.133+0000] {standard_task_runner.py:104} INFO - Running: ['***', 'tasks', 'run', 'hdb_resale_pipeline', 'fetch_hdb_data', 'manual__2026-07-25T10:12:34.898596+00:00', '--job-id', '6', '--raw', '--subdir', 'DAGS_FOLDER/hdb_pipeline.py', '--cfg-path', '/tmp/tmp1i0x95lu']
[2026-07-25T10:12:36.137+0000] {standard_task_runner.py:105} INFO - Job 6: Subtask fetch_hdb_data
[2026-07-25T10:12:36.178+0000] {task_command.py:467} INFO - Running <TaskInstance: hdb_resale_pipeline.fetch_hdb_data manual__2026-07-25T10:12:34.898596+00:00 [running]> on host 6b65813a5c3a
[2026-07-25T10:12:36.225+0000] {taskinstance.py:3158} INFO - Exporting env vars: AIRFLOW_CTX_DAG_OWNER='***' AIRFLOW_CTX_DAG_ID='hdb_resale_pipeline' AIRFLOW_CTX_TASK_ID='fetch_hdb_data' AIRFLOW_CTX_EXECUTION_DATE='2026-07-25T10:12:34.898596+00:00' AIRFLOW_CTX_TRY_NUMBER='1' AIRFLOW_CTX_DAG_RUN_ID='manual__2026-07-25T10:12:34.898596+00:00'
[2026-07-25T10:12:36.226+0000] {taskinstance.py:740} INFO - ::endgroup::
[2026-07-25T10:12:36.236+0000] {logging_mixin.py:190} INFO - Fetching HDB resale data from data.gov.sg...
[2026-07-25T10:12:36.426+0000] {logging_mixin.py:190} INFO - Fetched 1000 records so far...
[2026-07-25T10:12:36.588+0000] {logging_mixin.py:190} INFO - Fetched 2000 records so far...
[2026-07-25T10:12:36.764+0000] {logging_mixin.py:190} INFO - Fetched 3000 records so far...
[2026-07-25T10:12:36.967+0000] {logging_mixin.py:190} INFO - Fetched 4000 records so far...
[2026-07-25T10:12:37.177+0000] {taskinstance.py:3337} ERROR - Task failed with exception
Traceback (most recent call last):
  File "/home/airflow/.local/lib/python3.12/site-packages/airflow/models/taskinstance.py", line 776, in _execute_task
    result = _execute_callable(context=context, **execute_callable_kwargs)
             ^^^^^^^^^^^^^^^^^^^^^^^^^^^^^^^^^^^^^^^^^^^^^^^^^^^^^^^^^^^^^
  File "/home/airflow/.local/lib/python3.12/site-packages/airflow/models/taskinstance.py", line 742, in _execute_callable
    return ExecutionCallableRunner(
           ^^^^^^^^^^^^^^^^^^^^^^^^
  File "/home/airflow/.local/lib/python3.12/site-packages/airflow/utils/operator_helpers.py", line 252, in run
    return self.func(*args, **kwargs)
           ^^^^^^^^^^^^^^^^^^^^^^^^^^
  File "/home/airflow/.local/lib/python3.12/site-packages/airflow/models/baseoperator.py", line 425, in wrapper
    return func(self, *args, **kwargs)
           ^^^^^^^^^^^^^^^^^^^^^^^^^^^
  File "/home/airflow/.local/lib/python3.12/site-packages/airflow/operators/python.py", line 238, in execute
    return_value = self.execute_callable()
                   ^^^^^^^^^^^^^^^^^^^^^^^
  File "/home/airflow/.local/lib/python3.12/site-packages/airflow/operators/python.py", line 256, in execute_callable
    return runner.run(*self.op_args, **self.op_kwargs)
           ^^^^^^^^^^^^^^^^^^^^^^^^^^^^^^^^^^^^^^^^^^^
  File "/home/airflow/.local/lib/python3.12/site-packages/airflow/utils/operator_helpers.py", line 252, in run
    return self.func(*args, **kwargs)
           ^^^^^^^^^^^^^^^^^^^^^^^^^^
  File "/opt/airflow/dags/hdb_pipeline.py", line 23, in fetch_hdb_data
    records = data["result"]["records"]
              ~~~~^^^^^^^^^^
KeyError: 'result'
[2026-07-25T10:12:37.187+0000] {taskinstance.py:1242} INFO - Marking task as FAILED. dag_id=hdb_resale_pipeline, task_id=fetch_hdb_data, run_id=manual__2026-07-25T10:12:34.898596+00:00, execution_date=20260725T101234, start_date=20260725T101236, end_date=20260725T101237
[2026-07-25T10:12:37.203+0000] {taskinstance.py:349} INFO - ::group::Post task execution logs
[2026-07-25T10:12:37.203+0000] {standard_task_runner.py:124} ERROR - Failed to execute job 6 for task fetch_hdb_data ('result'; 89)
Traceback (most recent call last):
  File "/home/airflow/.local/lib/python3.12/site-packages/airflow/task/task_runner/standard_task_runner.py", line 117, in _start_by_fork
    ret = args.func(args, dag=self.dag)
          ^^^^^^^^^^^^^^^^^^^^^^^^^^^^^
  File "/home/airflow/.local/lib/python3.12/site-packages/airflow/cli/cli_config.py", line 49, in command
    return func(*args, **kwargs)
           ^^^^^^^^^^^^^^^^^^^^^
  File "/home/airflow/.local/lib/python3.12/site-packages/airflow/utils/cli.py", line 116, in wrapper
    return f(*args, **kwargs)
           ^^^^^^^^^^^^^^^^^^
  File "/home/airflow/.local/lib/python3.12/site-packages/airflow/cli/commands/task_command.py", line 483, in task_run
    task_return_code = _run_task_by_selected_method(args, _dag, ti)
                       ^^^^^^^^^^^^^^^^^^^^^^^^^^^^^^^^^^^^^^^^^^^^
  File "/home/airflow/.local/lib/python3.12/site-packages/airflow/cli/commands/task_command.py", line 256, in _run_task_by_selected_method
    return _run_raw_task(args, ti)
           ^^^^^^^^^^^^^^^^^^^^^^^
  File "/home/airflow/.local/lib/python3.12/site-packages/airflow/cli/commands/task_command.py", line 341, in _run_raw_task
    return ti._run_raw_task(
           ^^^^^^^^^^^^^^^^^
  File "/home/airflow/.local/lib/python3.12/site-packages/airflow/utils/session.py", line 97, in wrapper
    return func(*args, session=session, **kwargs)
           ^^^^^^^^^^^^^^^^^^^^^^^^^^^^^^^^^^^^^^
  File "/home/airflow/.local/lib/python3.12/site-packages/airflow/models/taskinstance.py", line 3030, in _run_raw_task
    return _run_raw_task(
           ^^^^^^^^^^^^^^
  File "/home/airflow/.local/lib/python3.12/site-packages/airflow/models/taskinstance.py", line 282, in _run_raw_task
    TaskInstance._execute_task_with_callbacks(
  File "/home/airflow/.local/lib/python3.12/site-packages/airflow/models/taskinstance.py", line 3185, in _execute_task_with_callbacks
    result = self._execute_task(context, task_orig)
             ^^^^^^^^^^^^^^^^^^^^^^^^^^^^^^^^^^^^^^
  File "/home/airflow/.local/lib/python3.12/site-packages/airflow/models/taskinstance.py", line 3209, in _execute_task
    return _execute_task(self, context, task_orig)
           ^^^^^^^^^^^^^^^^^^^^^^^^^^^^^^^^^^^^^^^
  File "/home/airflow/.local/lib/python3.12/site-packages/airflow/models/taskinstance.py", line 776, in _execute_task
    result = _execute_callable(context=context, **execute_callable_kwargs)
             ^^^^^^^^^^^^^^^^^^^^^^^^^^^^^^^^^^^^^^^^^^^^^^^^^^^^^^^^^^^^^
  File "/home/airflow/.local/lib/python3.12/site-packages/airflow/models/taskinstance.py", line 742, in _execute_callable
    return ExecutionCallableRunner(
           ^^^^^^^^^^^^^^^^^^^^^^^^
  File "/home/airflow/.local/lib/python3.12/site-packages/airflow/utils/operator_helpers.py", line 252, in run
    return self.func(*args, **kwargs)
           ^^^^^^^^^^^^^^^^^^^^^^^^^^
  File "/home/airflow/.local/lib/python3.12/site-packages/airflow/models/baseoperator.py", line 425, in wrapper
    return func(self, *args, **kwargs)
           ^^^^^^^^^^^^^^^^^^^^^^^^^^^
  File "/home/airflow/.local/lib/python3.12/site-packages/airflow/operators/python.py", line 238, in execute
    return_value = self.execute_callable()
                   ^^^^^^^^^^^^^^^^^^^^^^^
  File "/home/airflow/.local/lib/python3.12/site-packages/airflow/operators/python.py", line 256, in execute_callable
    return runner.run(*self.op_args, **self.op_kwargs)
           ^^^^^^^^^^^^^^^^^^^^^^^^^^^^^^^^^^^^^^^^^^^
  File "/home/airflow/.local/lib/python3.12/site-packages/airflow/utils/operator_helpers.py", line 252, in run
    return self.func(*args, **kwargs)
           ^^^^^^^^^^^^^^^^^^^^^^^^^^
  File "/opt/airflow/dags/hdb_pipeline.py", line 23, in fetch_hdb_data
    records = data["result"]["records"]
              ~~~~^^^^^^^^^^
KeyError: 'result'
[2026-07-25T10:12:37.213+0000] {local_task_job_runner.py:266} INFO - Task exited with return code 1
[2026-07-25T10:12:37.227+0000] {taskinstance.py:3925} INFO - 0 downstream tasks scheduled from follow-on schedule check
[2026-07-25T10:12:37.231+0000] {local_task_job_runner.py:245} INFO - ::endgroup::
