[2026-07-25T10:18:40.205+0000] {local_task_job_runner.py:123} INFO - ::group::Pre task execution logs
[2026-07-25T10:18:40.217+0000] {taskinstance.py:2632} INFO - Dependencies all met for dep_context=non-requeueable deps ti=<TaskInstance: hdb_resale_pipeline.fetch_hdb_data manual__2026-07-25T10:18:39.253504+00:00 [queued]>
[2026-07-25T10:18:40.221+0000] {taskinstance.py:2632} INFO - Dependencies all met for dep_context=requeueable deps ti=<TaskInstance: hdb_resale_pipeline.fetch_hdb_data manual__2026-07-25T10:18:39.253504+00:00 [queued]>
[2026-07-25T10:18:40.222+0000] {taskinstance.py:2885} INFO - Starting attempt 1 of 1
[2026-07-25T10:18:40.229+0000] {taskinstance.py:2908} INFO - Executing <Task(PythonOperator): fetch_hdb_data> on 2026-07-25 10:18:39.253504+00:00
[2026-07-25T10:18:40.236+0000] {warnings.py:112} WARNING - /home/***/.local/lib/python3.12/site-packages/***/task/task_runner/standard_task_runner.py:70: DeprecationWarning: This process (pid=172) is multi-threaded, use of fork() may lead to deadlocks in the child.
  pid = os.fork()

[2026-07-25T10:18:40.237+0000] {standard_task_runner.py:72} INFO - Started process 174 to run task
[2026-07-25T10:18:40.237+0000] {standard_task_runner.py:104} INFO - Running: ['***', 'tasks', 'run', 'hdb_resale_pipeline', 'fetch_hdb_data', 'manual__2026-07-25T10:18:39.253504+00:00', '--job-id', '8', '--raw', '--subdir', 'DAGS_FOLDER/hdb_pipeline.py', '--cfg-path', '/tmp/tmpm1gtpjm5']
[2026-07-25T10:18:40.240+0000] {standard_task_runner.py:105} INFO - Job 8: Subtask fetch_hdb_data
[2026-07-25T10:18:40.272+0000] {task_command.py:467} INFO - Running <TaskInstance: hdb_resale_pipeline.fetch_hdb_data manual__2026-07-25T10:18:39.253504+00:00 [running]> on host 6b65813a5c3a
[2026-07-25T10:18:40.314+0000] {taskinstance.py:3158} INFO - Exporting env vars: AIRFLOW_CTX_DAG_OWNER='***' AIRFLOW_CTX_DAG_ID='hdb_resale_pipeline' AIRFLOW_CTX_TASK_ID='fetch_hdb_data' AIRFLOW_CTX_EXECUTION_DATE='2026-07-25T10:18:39.253504+00:00' AIRFLOW_CTX_TRY_NUMBER='1' AIRFLOW_CTX_DAG_RUN_ID='manual__2026-07-25T10:18:39.253504+00:00'
[2026-07-25T10:18:40.315+0000] {taskinstance.py:740} INFO - ::endgroup::
[2026-07-25T10:18:40.323+0000] {logging_mixin.py:190} INFO - Fetching HDB resale data from data.gov.sg...
[2026-07-25T10:18:40.499+0000] {logging_mixin.py:190} INFO - Fetched 1000 records so far...
[2026-07-25T10:18:41.677+0000] {logging_mixin.py:190} INFO - Fetched 2000 records so far...
[2026-07-25T10:18:42.914+0000] {logging_mixin.py:190} INFO - Fetched 3000 records so far...
[2026-07-25T10:18:44.101+0000] {logging_mixin.py:190} INFO - Fetched 4000 records so far...
[2026-07-25T10:18:45.280+0000] {logging_mixin.py:190} INFO - Fetched 5000 records so far...
[2026-07-25T10:18:46.492+0000] {logging_mixin.py:190} INFO - Fetched 6000 records so far...
[2026-07-25T10:18:47.662+0000] {logging_mixin.py:190} INFO - Fetched 7000 records so far...
[2026-07-25T10:18:48.839+0000] {logging_mixin.py:190} INFO - Fetched 8000 records so far...
[2026-07-25T10:18:51.499+0000] {logging_mixin.py:190} INFO - Fetched 9000 records so far...
[2026-07-25T10:18:54.283+0000] {logging_mixin.py:190} INFO - Fetched 10000 records so far...
[2026-07-25T10:18:55.363+0000] {logging_mixin.py:190} INFO - Saved 10000 records to /opt/***/dags/data/hdb_raw.csv
[2026-07-25T10:18:55.366+0000] {python.py:240} INFO - Done. Returned value was: None
[2026-07-25T10:18:55.373+0000] {taskinstance.py:349} INFO - ::group::Post task execution logs
[2026-07-25T10:18:55.374+0000] {taskinstance.py:361} INFO - Marking task as SUCCESS. dag_id=hdb_resale_pipeline, task_id=fetch_hdb_data, run_id=manual__2026-07-25T10:18:39.253504+00:00, execution_date=20260725T101839, start_date=20260725T101840, end_date=20260725T101855
[2026-07-25T10:18:55.398+0000] {local_task_job_runner.py:266} INFO - Task exited with return code 0
[2026-07-25T10:18:55.414+0000] {taskinstance.py:3925} INFO - 1 downstream tasks scheduled from follow-on schedule check
[2026-07-25T10:18:55.417+0000] {local_task_job_runner.py:245} INFO - ::endgroup::
