[2026-07-25T10:18:56.984+0000] {local_task_job_runner.py:123} INFO - ::group::Pre task execution logs
[2026-07-25T10:18:56.999+0000] {taskinstance.py:2632} INFO - Dependencies all met for dep_context=non-requeueable deps ti=<TaskInstance: hdb_resale_pipeline.save_data manual__2026-07-25T10:18:39.253504+00:00 [queued]>
[2026-07-25T10:18:57.004+0000] {taskinstance.py:2632} INFO - Dependencies all met for dep_context=requeueable deps ti=<TaskInstance: hdb_resale_pipeline.save_data manual__2026-07-25T10:18:39.253504+00:00 [queued]>
[2026-07-25T10:18:57.005+0000] {taskinstance.py:2885} INFO - Starting attempt 1 of 1
[2026-07-25T10:18:57.013+0000] {taskinstance.py:2908} INFO - Executing <Task(PythonOperator): save_data> on 2026-07-25 10:18:39.253504+00:00
[2026-07-25T10:18:57.020+0000] {warnings.py:112} WARNING - /home/***/.local/lib/python3.12/site-packages/***/task/task_runner/standard_task_runner.py:70: DeprecationWarning: This process (pid=187) is multi-threaded, use of fork() may lead to deadlocks in the child.
  pid = os.fork()

[2026-07-25T10:18:57.022+0000] {standard_task_runner.py:72} INFO - Started process 189 to run task
[2026-07-25T10:18:57.021+0000] {standard_task_runner.py:104} INFO - Running: ['***', 'tasks', 'run', 'hdb_resale_pipeline', 'save_data', 'manual__2026-07-25T10:18:39.253504+00:00', '--job-id', '10', '--raw', '--subdir', 'DAGS_FOLDER/hdb_pipeline.py', '--cfg-path', '/tmp/tmpvt2l7cog']
[2026-07-25T10:18:57.023+0000] {standard_task_runner.py:105} INFO - Job 10: Subtask save_data
[2026-07-25T10:18:57.056+0000] {task_command.py:467} INFO - Running <TaskInstance: hdb_resale_pipeline.save_data manual__2026-07-25T10:18:39.253504+00:00 [running]> on host 6b65813a5c3a
[2026-07-25T10:18:57.100+0000] {taskinstance.py:3158} INFO - Exporting env vars: AIRFLOW_CTX_DAG_OWNER='***' AIRFLOW_CTX_DAG_ID='hdb_resale_pipeline' AIRFLOW_CTX_TASK_ID='save_data' AIRFLOW_CTX_EXECUTION_DATE='2026-07-25T10:18:39.253504+00:00' AIRFLOW_CTX_TRY_NUMBER='1' AIRFLOW_CTX_DAG_RUN_ID='manual__2026-07-25T10:18:39.253504+00:00'
[2026-07-25T10:18:57.101+0000] {taskinstance.py:740} INFO - ::endgroup::
[2026-07-25T10:18:57.109+0000] {logging_mixin.py:190} INFO - Summarising cleaned HDB data...
[2026-07-25T10:18:57.133+0000] {logging_mixin.py:190} INFO - 
--- Top 5 Most Expensive Towns ---
[2026-07-25T10:18:57.141+0000] {logging_mixin.py:190} INFO -             town  avg_price  median_price  total_transactions
6    BUKIT TIMAH  731473.19      720000.0                  27
2         BISHAN  672043.48      680000.0                 256
7   CENTRAL AREA  634525.50      567500.0                  98
4    BUKIT MERAH  560382.33      570000.0                 385
18    QUEENSTOWN  555936.43      545000.0                 243
[2026-07-25T10:18:57.145+0000] {logging_mixin.py:190} INFO - Summary saved to /opt/***/dags/data/hdb_summary.csv
[2026-07-25T10:18:57.145+0000] {python.py:240} INFO - Done. Returned value was: None
[2026-07-25T10:18:57.153+0000] {taskinstance.py:349} INFO - ::group::Post task execution logs
[2026-07-25T10:18:57.154+0000] {taskinstance.py:361} INFO - Marking task as SUCCESS. dag_id=hdb_resale_pipeline, task_id=save_data, run_id=manual__2026-07-25T10:18:39.253504+00:00, execution_date=20260725T101839, start_date=20260725T101856, end_date=20260725T101857
[2026-07-25T10:18:57.177+0000] {local_task_job_runner.py:266} INFO - Task exited with return code 0
[2026-07-25T10:18:57.186+0000] {taskinstance.py:3925} INFO - 0 downstream tasks scheduled from follow-on schedule check
[2026-07-25T10:18:57.188+0000] {local_task_job_runner.py:245} INFO - ::endgroup::
