[2026-07-25T09:06:12.138+0000] {processor.py:186} INFO - Started process (PID=67) to work on /home/airflow/.local/lib/python3.12/site-packages/airflow/example_dags/example_latest_only.py
[2026-07-25T09:06:12.140+0000] {processor.py:914} INFO - Processing file /home/airflow/.local/lib/python3.12/site-packages/airflow/example_dags/example_latest_only.py for tasks to queue
[2026-07-25T09:06:12.142+0000] {logging_mixin.py:190} INFO - [2026-07-25T09:06:12.142+0000] {dagbag.py:588} INFO - Filling up the DagBag from /home/airflow/.local/lib/python3.12/site-packages/airflow/example_dags/example_latest_only.py
[2026-07-25T09:06:12.150+0000] {processor.py:925} INFO - DAG(s) 'latest_only' retrieved from /home/airflow/.local/lib/python3.12/site-packages/airflow/example_dags/example_latest_only.py
[2026-07-25T09:06:12.242+0000] {logging_mixin.py:190} INFO - [2026-07-25T09:06:12.241+0000] {override.py:1932} INFO - Created Permission View: can edit on DAG:latest_only
[2026-07-25T09:06:12.249+0000] {logging_mixin.py:190} INFO - [2026-07-25T09:06:12.249+0000] {override.py:1932} INFO - Created Permission View: can read on DAG:latest_only
[2026-07-25T09:06:12.256+0000] {logging_mixin.py:190} INFO - [2026-07-25T09:06:12.256+0000] {override.py:1932} INFO - Created Permission View: can delete on DAG:latest_only
[2026-07-25T09:06:12.265+0000] {logging_mixin.py:190} INFO - [2026-07-25T09:06:12.265+0000] {override.py:1932} INFO - Created Permission View: can create on DAG Run:latest_only
[2026-07-25T09:06:12.272+0000] {logging_mixin.py:190} INFO - [2026-07-25T09:06:12.272+0000] {override.py:1932} INFO - Created Permission View: can read on DAG Run:latest_only
[2026-07-25T09:06:12.282+0000] {logging_mixin.py:190} INFO - [2026-07-25T09:06:12.282+0000] {override.py:1932} INFO - Created Permission View: can delete on DAG Run:latest_only
[2026-07-25T09:06:12.289+0000] {logging_mixin.py:190} INFO - [2026-07-25T09:06:12.289+0000] {override.py:1932} INFO - Created Permission View: menu access on DAG Run:latest_only
[2026-07-25T09:06:12.289+0000] {logging_mixin.py:190} INFO - [2026-07-25T09:06:12.289+0000] {dag.py:3239} INFO - Sync 1 DAGs
[2026-07-25T09:06:12.300+0000] {logging_mixin.py:190} INFO - [2026-07-25T09:06:12.300+0000] {dag.py:3262} INFO - Creating ORM DAG for latest_only
[2026-07-25T09:06:12.308+0000] {logging_mixin.py:190} INFO - [2026-07-25T09:06:12.308+0000] {dag.py:4180} INFO - Setting next_dagrun for latest_only to 2026-07-25 04:00:00+00:00, run_after=2026-07-25 08:00:00+00:00
[2026-07-25T09:06:12.325+0000] {processor.py:208} INFO - Processing /home/airflow/.local/lib/python3.12/site-packages/airflow/example_dags/example_latest_only.py took 0.192 seconds
[2026-07-25T09:06:43.165+0000] {processor.py:186} INFO - Started process (PID=130) to work on /home/airflow/.local/lib/python3.12/site-packages/airflow/example_dags/example_latest_only.py
[2026-07-25T09:06:43.166+0000] {processor.py:914} INFO - Processing file /home/airflow/.local/lib/python3.12/site-packages/airflow/example_dags/example_latest_only.py for tasks to queue
[2026-07-25T09:06:43.168+0000] {logging_mixin.py:190} INFO - [2026-07-25T09:06:43.168+0000] {dagbag.py:588} INFO - Filling up the DagBag from /home/airflow/.local/lib/python3.12/site-packages/airflow/example_dags/example_latest_only.py
[2026-07-25T09:06:43.173+0000] {processor.py:925} INFO - DAG(s) 'latest_only' retrieved from /home/airflow/.local/lib/python3.12/site-packages/airflow/example_dags/example_latest_only.py
[2026-07-25T09:06:43.186+0000] {logging_mixin.py:190} INFO - [2026-07-25T09:06:43.185+0000] {dag.py:3239} INFO - Sync 1 DAGs
[2026-07-25T09:06:43.200+0000] {logging_mixin.py:190} INFO - [2026-07-25T09:06:43.199+0000] {dag.py:4180} INFO - Setting next_dagrun for latest_only to 2026-07-25 04:00:00+00:00, run_after=2026-07-25 08:00:00+00:00
[2026-07-25T09:06:43.211+0000] {processor.py:208} INFO - Processing /home/airflow/.local/lib/python3.12/site-packages/airflow/example_dags/example_latest_only.py took 0.049 seconds
[2026-07-25T09:07:13.250+0000] {processor.py:186} INFO - Started process (PID=193) to work on /home/airflow/.local/lib/python3.12/site-packages/airflow/example_dags/example_latest_only.py
[2026-07-25T09:07:13.251+0000] {processor.py:914} INFO - Processing file /home/airflow/.local/lib/python3.12/site-packages/airflow/example_dags/example_latest_only.py for tasks to queue
[2026-07-25T09:07:13.253+0000] {logging_mixin.py:190} INFO - [2026-07-25T09:07:13.253+0000] {dagbag.py:588} INFO - Filling up the DagBag from /home/airflow/.local/lib/python3.12/site-packages/airflow/example_dags/example_latest_only.py
[2026-07-25T09:07:13.257+0000] {processor.py:925} INFO - DAG(s) 'latest_only' retrieved from /home/airflow/.local/lib/python3.12/site-packages/airflow/example_dags/example_latest_only.py
[2026-07-25T09:07:13.270+0000] {logging_mixin.py:190} INFO - [2026-07-25T09:07:13.270+0000] {dag.py:3239} INFO - Sync 1 DAGs
[2026-07-25T09:07:13.284+0000] {logging_mixin.py:190} INFO - [2026-07-25T09:07:13.283+0000] {dag.py:4180} INFO - Setting next_dagrun for latest_only to 2026-07-25 04:00:00+00:00, run_after=2026-07-25 08:00:00+00:00
[2026-07-25T09:07:13.295+0000] {processor.py:208} INFO - Processing /home/airflow/.local/lib/python3.12/site-packages/airflow/example_dags/example_latest_only.py took 0.047 seconds
[2026-07-25T09:07:43.701+0000] {processor.py:186} INFO - Started process (PID=256) to work on /home/airflow/.local/lib/python3.12/site-packages/airflow/example_dags/example_latest_only.py
[2026-07-25T09:07:43.701+0000] {processor.py:914} INFO - Processing file /home/airflow/.local/lib/python3.12/site-packages/airflow/example_dags/example_latest_only.py for tasks to queue
[2026-07-25T09:07:43.703+0000] {logging_mixin.py:190} INFO - [2026-07-25T09:07:43.703+0000] {dagbag.py:588} INFO - Filling up the DagBag from /home/airflow/.local/lib/python3.12/site-packages/airflow/example_dags/example_latest_only.py
[2026-07-25T09:07:43.708+0000] {processor.py:925} INFO - DAG(s) 'latest_only' retrieved from /home/airflow/.local/lib/python3.12/site-packages/airflow/example_dags/example_latest_only.py
[2026-07-25T09:07:43.720+0000] {logging_mixin.py:190} INFO - [2026-07-25T09:07:43.720+0000] {dag.py:3239} INFO - Sync 1 DAGs
[2026-07-25T09:07:43.733+0000] {logging_mixin.py:190} INFO - [2026-07-25T09:07:43.733+0000] {dag.py:4180} INFO - Setting next_dagrun for latest_only to 2026-07-25 04:00:00+00:00, run_after=2026-07-25 08:00:00+00:00
[2026-07-25T09:07:43.744+0000] {processor.py:208} INFO - Processing /home/airflow/.local/lib/python3.12/site-packages/airflow/example_dags/example_latest_only.py took 0.047 seconds
[2026-07-25T09:08:14.149+0000] {processor.py:186} INFO - Started process (PID=319) to work on /home/airflow/.local/lib/python3.12/site-packages/airflow/example_dags/example_latest_only.py
[2026-07-25T09:08:14.150+0000] {processor.py:914} INFO - Processing file /home/airflow/.local/lib/python3.12/site-packages/airflow/example_dags/example_latest_only.py for tasks to queue
[2026-07-25T09:08:14.153+0000] {logging_mixin.py:190} INFO - [2026-07-25T09:08:14.152+0000] {dagbag.py:588} INFO - Filling up the DagBag from /home/airflow/.local/lib/python3.12/site-packages/airflow/example_dags/example_latest_only.py
[2026-07-25T09:08:14.158+0000] {processor.py:925} INFO - DAG(s) 'latest_only' retrieved from /home/airflow/.local/lib/python3.12/site-packages/airflow/example_dags/example_latest_only.py
[2026-07-25T09:08:14.172+0000] {logging_mixin.py:190} INFO - [2026-07-25T09:08:14.172+0000] {dag.py:3239} INFO - Sync 1 DAGs
[2026-07-25T09:08:14.186+0000] {logging_mixin.py:190} INFO - [2026-07-25T09:08:14.186+0000] {dag.py:4180} INFO - Setting next_dagrun for latest_only to 2026-07-25 04:00:00+00:00, run_after=2026-07-25 08:00:00+00:00
[2026-07-25T09:08:14.197+0000] {processor.py:208} INFO - Processing /home/airflow/.local/lib/python3.12/site-packages/airflow/example_dags/example_latest_only.py took 0.052 seconds
[2026-07-25T09:08:45.949+0000] {processor.py:186} INFO - Started process (PID=388) to work on /home/airflow/.local/lib/python3.12/site-packages/airflow/example_dags/example_latest_only.py
[2026-07-25T09:08:45.950+0000] {processor.py:914} INFO - Processing file /home/airflow/.local/lib/python3.12/site-packages/airflow/example_dags/example_latest_only.py for tasks to queue
[2026-07-25T09:08:45.952+0000] {logging_mixin.py:190} INFO - [2026-07-25T09:08:45.952+0000] {dagbag.py:588} INFO - Filling up the DagBag from /home/airflow/.local/lib/python3.12/site-packages/airflow/example_dags/example_latest_only.py
[2026-07-25T09:08:45.957+0000] {processor.py:925} INFO - DAG(s) 'latest_only' retrieved from /home/airflow/.local/lib/python3.12/site-packages/airflow/example_dags/example_latest_only.py
[2026-07-25T09:08:45.972+0000] {logging_mixin.py:190} INFO - [2026-07-25T09:08:45.971+0000] {dag.py:3239} INFO - Sync 1 DAGs
[2026-07-25T09:08:45.986+0000] {logging_mixin.py:190} INFO - [2026-07-25T09:08:45.986+0000] {dag.py:4180} INFO - Setting next_dagrun for latest_only to 2026-07-25 04:00:00+00:00, run_after=2026-07-25 08:00:00+00:00
[2026-07-25T09:08:45.997+0000] {processor.py:208} INFO - Processing /home/airflow/.local/lib/python3.12/site-packages/airflow/example_dags/example_latest_only.py took 0.051 seconds
[2026-07-25T09:09:19.729+0000] {processor.py:186} INFO - Started process (PID=451) to work on /home/airflow/.local/lib/python3.12/site-packages/airflow/example_dags/example_latest_only.py
[2026-07-25T09:09:19.730+0000] {processor.py:914} INFO - Processing file /home/airflow/.local/lib/python3.12/site-packages/airflow/example_dags/example_latest_only.py for tasks to queue
[2026-07-25T09:09:19.732+0000] {logging_mixin.py:190} INFO - [2026-07-25T09:09:19.732+0000] {dagbag.py:588} INFO - Filling up the DagBag from /home/airflow/.local/lib/python3.12/site-packages/airflow/example_dags/example_latest_only.py
[2026-07-25T09:09:19.738+0000] {processor.py:925} INFO - DAG(s) 'latest_only' retrieved from /home/airflow/.local/lib/python3.12/site-packages/airflow/example_dags/example_latest_only.py
[2026-07-25T09:09:19.753+0000] {logging_mixin.py:190} INFO - [2026-07-25T09:09:19.753+0000] {dag.py:3239} INFO - Sync 1 DAGs
[2026-07-25T09:09:19.768+0000] {logging_mixin.py:190} INFO - [2026-07-25T09:09:19.767+0000] {dag.py:4180} INFO - Setting next_dagrun for latest_only to 2026-07-25 04:00:00+00:00, run_after=2026-07-25 08:00:00+00:00
[2026-07-25T09:09:19.780+0000] {processor.py:208} INFO - Processing /home/airflow/.local/lib/python3.12/site-packages/airflow/example_dags/example_latest_only.py took 0.055 seconds
[2026-07-25T09:09:49.953+0000] {processor.py:186} INFO - Started process (PID=513) to work on /home/airflow/.local/lib/python3.12/site-packages/airflow/example_dags/example_latest_only.py
[2026-07-25T09:09:49.953+0000] {processor.py:914} INFO - Processing file /home/airflow/.local/lib/python3.12/site-packages/airflow/example_dags/example_latest_only.py for tasks to queue
[2026-07-25T09:09:49.956+0000] {logging_mixin.py:190} INFO - [2026-07-25T09:09:49.956+0000] {dagbag.py:588} INFO - Filling up the DagBag from /home/airflow/.local/lib/python3.12/site-packages/airflow/example_dags/example_latest_only.py
[2026-07-25T09:09:49.962+0000] {processor.py:925} INFO - DAG(s) 'latest_only' retrieved from /home/airflow/.local/lib/python3.12/site-packages/airflow/example_dags/example_latest_only.py
[2026-07-25T09:09:49.976+0000] {logging_mixin.py:190} INFO - [2026-07-25T09:09:49.976+0000] {dag.py:3239} INFO - Sync 1 DAGs
[2026-07-25T09:09:49.991+0000] {logging_mixin.py:190} INFO - [2026-07-25T09:09:49.991+0000] {dag.py:4180} INFO - Setting next_dagrun for latest_only to 2026-07-25 04:00:00+00:00, run_after=2026-07-25 08:00:00+00:00
[2026-07-25T09:09:50.002+0000] {processor.py:208} INFO - Processing /home/airflow/.local/lib/python3.12/site-packages/airflow/example_dags/example_latest_only.py took 0.053 seconds
[2026-07-25T09:10:20.408+0000] {processor.py:186} INFO - Started process (PID=575) to work on /home/airflow/.local/lib/python3.12/site-packages/airflow/example_dags/example_latest_only.py
[2026-07-25T09:10:20.409+0000] {processor.py:914} INFO - Processing file /home/airflow/.local/lib/python3.12/site-packages/airflow/example_dags/example_latest_only.py for tasks to queue
[2026-07-25T09:10:20.411+0000] {logging_mixin.py:190} INFO - [2026-07-25T09:10:20.410+0000] {dagbag.py:588} INFO - Filling up the DagBag from /home/airflow/.local/lib/python3.12/site-packages/airflow/example_dags/example_latest_only.py
[2026-07-25T09:10:20.415+0000] {processor.py:925} INFO - DAG(s) 'latest_only' retrieved from /home/airflow/.local/lib/python3.12/site-packages/airflow/example_dags/example_latest_only.py
[2026-07-25T09:10:20.428+0000] {logging_mixin.py:190} INFO - [2026-07-25T09:10:20.428+0000] {dag.py:3239} INFO - Sync 1 DAGs
[2026-07-25T09:10:20.440+0000] {logging_mixin.py:190} INFO - [2026-07-25T09:10:20.440+0000] {dag.py:4180} INFO - Setting next_dagrun for latest_only to 2026-07-25 04:00:00+00:00, run_after=2026-07-25 08:00:00+00:00
[2026-07-25T09:10:20.452+0000] {processor.py:208} INFO - Processing /home/airflow/.local/lib/python3.12/site-packages/airflow/example_dags/example_latest_only.py took 0.047 seconds
[2026-07-25T09:10:51.113+0000] {processor.py:186} INFO - Started process (PID=633) to work on /home/airflow/.local/lib/python3.12/site-packages/airflow/example_dags/example_latest_only.py
[2026-07-25T09:10:51.114+0000] {processor.py:914} INFO - Processing file /home/airflow/.local/lib/python3.12/site-packages/airflow/example_dags/example_latest_only.py for tasks to queue
[2026-07-25T09:10:51.116+0000] {logging_mixin.py:190} INFO - [2026-07-25T09:10:51.116+0000] {dagbag.py:588} INFO - Filling up the DagBag from /home/airflow/.local/lib/python3.12/site-packages/airflow/example_dags/example_latest_only.py
[2026-07-25T09:10:51.121+0000] {processor.py:925} INFO - DAG(s) 'latest_only' retrieved from /home/airflow/.local/lib/python3.12/site-packages/airflow/example_dags/example_latest_only.py
[2026-07-25T09:10:51.134+0000] {logging_mixin.py:190} INFO - [2026-07-25T09:10:51.134+0000] {dag.py:3239} INFO - Sync 1 DAGs
[2026-07-25T09:10:51.148+0000] {logging_mixin.py:190} INFO - [2026-07-25T09:10:51.148+0000] {dag.py:4180} INFO - Setting next_dagrun for latest_only to 2026-07-25 04:00:00+00:00, run_after=2026-07-25 08:00:00+00:00
[2026-07-25T09:10:51.159+0000] {processor.py:208} INFO - Processing /home/airflow/.local/lib/python3.12/site-packages/airflow/example_dags/example_latest_only.py took 0.049 seconds
[2026-07-25T09:11:21.195+0000] {processor.py:186} INFO - Started process (PID=696) to work on /home/airflow/.local/lib/python3.12/site-packages/airflow/example_dags/example_latest_only.py
[2026-07-25T09:11:21.196+0000] {processor.py:914} INFO - Processing file /home/airflow/.local/lib/python3.12/site-packages/airflow/example_dags/example_latest_only.py for tasks to queue
[2026-07-25T09:11:21.198+0000] {logging_mixin.py:190} INFO - [2026-07-25T09:11:21.197+0000] {dagbag.py:588} INFO - Filling up the DagBag from /home/airflow/.local/lib/python3.12/site-packages/airflow/example_dags/example_latest_only.py
[2026-07-25T09:11:21.202+0000] {processor.py:925} INFO - DAG(s) 'latest_only' retrieved from /home/airflow/.local/lib/python3.12/site-packages/airflow/example_dags/example_latest_only.py
[2026-07-25T09:11:21.215+0000] {logging_mixin.py:190} INFO - [2026-07-25T09:11:21.215+0000] {dag.py:3239} INFO - Sync 1 DAGs
[2026-07-25T09:11:21.228+0000] {logging_mixin.py:190} INFO - [2026-07-25T09:11:21.228+0000] {dag.py:4180} INFO - Setting next_dagrun for latest_only to 2026-07-25 04:00:00+00:00, run_after=2026-07-25 08:00:00+00:00
[2026-07-25T09:11:21.242+0000] {processor.py:208} INFO - Processing /home/airflow/.local/lib/python3.12/site-packages/airflow/example_dags/example_latest_only.py took 0.051 seconds
[2026-07-25T09:11:51.657+0000] {processor.py:186} INFO - Started process (PID=758) to work on /home/airflow/.local/lib/python3.12/site-packages/airflow/example_dags/example_latest_only.py
[2026-07-25T09:11:51.658+0000] {processor.py:914} INFO - Processing file /home/airflow/.local/lib/python3.12/site-packages/airflow/example_dags/example_latest_only.py for tasks to queue
[2026-07-25T09:11:51.660+0000] {logging_mixin.py:190} INFO - [2026-07-25T09:11:51.660+0000] {dagbag.py:588} INFO - Filling up the DagBag from /home/airflow/.local/lib/python3.12/site-packages/airflow/example_dags/example_latest_only.py
[2026-07-25T09:11:51.664+0000] {processor.py:925} INFO - DAG(s) 'latest_only' retrieved from /home/airflow/.local/lib/python3.12/site-packages/airflow/example_dags/example_latest_only.py
[2026-07-25T09:11:51.677+0000] {logging_mixin.py:190} INFO - [2026-07-25T09:11:51.677+0000] {dag.py:3239} INFO - Sync 1 DAGs
[2026-07-25T09:11:51.690+0000] {logging_mixin.py:190} INFO - [2026-07-25T09:11:51.690+0000] {dag.py:4180} INFO - Setting next_dagrun for latest_only to 2026-07-25 04:00:00+00:00, run_after=2026-07-25 08:00:00+00:00
[2026-07-25T09:11:51.702+0000] {processor.py:208} INFO - Processing /home/airflow/.local/lib/python3.12/site-packages/airflow/example_dags/example_latest_only.py took 0.048 seconds
[2026-07-25T09:12:22.376+0000] {processor.py:186} INFO - Started process (PID=821) to work on /home/airflow/.local/lib/python3.12/site-packages/airflow/example_dags/example_latest_only.py
[2026-07-25T09:12:22.377+0000] {processor.py:914} INFO - Processing file /home/airflow/.local/lib/python3.12/site-packages/airflow/example_dags/example_latest_only.py for tasks to queue
[2026-07-25T09:12:22.379+0000] {logging_mixin.py:190} INFO - [2026-07-25T09:12:22.379+0000] {dagbag.py:588} INFO - Filling up the DagBag from /home/airflow/.local/lib/python3.12/site-packages/airflow/example_dags/example_latest_only.py
[2026-07-25T09:12:22.383+0000] {processor.py:925} INFO - DAG(s) 'latest_only' retrieved from /home/airflow/.local/lib/python3.12/site-packages/airflow/example_dags/example_latest_only.py
[2026-07-25T09:12:22.396+0000] {logging_mixin.py:190} INFO - [2026-07-25T09:12:22.395+0000] {dag.py:3239} INFO - Sync 1 DAGs
[2026-07-25T09:12:22.409+0000] {logging_mixin.py:190} INFO - [2026-07-25T09:12:22.408+0000] {dag.py:4180} INFO - Setting next_dagrun for latest_only to 2026-07-25 04:00:00+00:00, run_after=2026-07-25 08:00:00+00:00
[2026-07-25T09:12:22.420+0000] {processor.py:208} INFO - Processing /home/airflow/.local/lib/python3.12/site-packages/airflow/example_dags/example_latest_only.py took 0.047 seconds
[2026-07-25T09:12:52.455+0000] {processor.py:186} INFO - Started process (PID=884) to work on /home/airflow/.local/lib/python3.12/site-packages/airflow/example_dags/example_latest_only.py
[2026-07-25T09:12:52.456+0000] {processor.py:914} INFO - Processing file /home/airflow/.local/lib/python3.12/site-packages/airflow/example_dags/example_latest_only.py for tasks to queue
[2026-07-25T09:12:52.458+0000] {logging_mixin.py:190} INFO - [2026-07-25T09:12:52.458+0000] {dagbag.py:588} INFO - Filling up the DagBag from /home/airflow/.local/lib/python3.12/site-packages/airflow/example_dags/example_latest_only.py
[2026-07-25T09:12:52.463+0000] {processor.py:925} INFO - DAG(s) 'latest_only' retrieved from /home/airflow/.local/lib/python3.12/site-packages/airflow/example_dags/example_latest_only.py
[2026-07-25T09:12:52.475+0000] {logging_mixin.py:190} INFO - [2026-07-25T09:12:52.475+0000] {dag.py:3239} INFO - Sync 1 DAGs
[2026-07-25T09:12:52.487+0000] {logging_mixin.py:190} INFO - [2026-07-25T09:12:52.487+0000] {dag.py:4180} INFO - Setting next_dagrun for latest_only to 2026-07-25 04:00:00+00:00, run_after=2026-07-25 08:00:00+00:00
[2026-07-25T09:12:52.499+0000] {processor.py:208} INFO - Processing /home/airflow/.local/lib/python3.12/site-packages/airflow/example_dags/example_latest_only.py took 0.047 seconds
[2026-07-25T09:13:25.133+0000] {processor.py:186} INFO - Started process (PID=947) to work on /home/airflow/.local/lib/python3.12/site-packages/airflow/example_dags/example_latest_only.py
[2026-07-25T09:13:25.134+0000] {processor.py:914} INFO - Processing file /home/airflow/.local/lib/python3.12/site-packages/airflow/example_dags/example_latest_only.py for tasks to queue
[2026-07-25T09:13:25.136+0000] {logging_mixin.py:190} INFO - [2026-07-25T09:13:25.135+0000] {dagbag.py:588} INFO - Filling up the DagBag from /home/airflow/.local/lib/python3.12/site-packages/airflow/example_dags/example_latest_only.py
[2026-07-25T09:13:25.141+0000] {processor.py:925} INFO - DAG(s) 'latest_only' retrieved from /home/airflow/.local/lib/python3.12/site-packages/airflow/example_dags/example_latest_only.py
[2026-07-25T09:13:25.154+0000] {logging_mixin.py:190} INFO - [2026-07-25T09:13:25.154+0000] {dag.py:3239} INFO - Sync 1 DAGs
[2026-07-25T09:13:25.167+0000] {logging_mixin.py:190} INFO - [2026-07-25T09:13:25.166+0000] {dag.py:4180} INFO - Setting next_dagrun for latest_only to 2026-07-25 04:00:00+00:00, run_after=2026-07-25 08:00:00+00:00
[2026-07-25T09:13:25.179+0000] {processor.py:208} INFO - Processing /home/airflow/.local/lib/python3.12/site-packages/airflow/example_dags/example_latest_only.py took 0.050 seconds
[2026-07-25T09:13:55.235+0000] {processor.py:186} INFO - Started process (PID=1009) to work on /home/airflow/.local/lib/python3.12/site-packages/airflow/example_dags/example_latest_only.py
[2026-07-25T09:13:55.236+0000] {processor.py:914} INFO - Processing file /home/airflow/.local/lib/python3.12/site-packages/airflow/example_dags/example_latest_only.py for tasks to queue
[2026-07-25T09:13:55.238+0000] {logging_mixin.py:190} INFO - [2026-07-25T09:13:55.238+0000] {dagbag.py:588} INFO - Filling up the DagBag from /home/airflow/.local/lib/python3.12/site-packages/airflow/example_dags/example_latest_only.py
[2026-07-25T09:13:55.243+0000] {processor.py:925} INFO - DAG(s) 'latest_only' retrieved from /home/airflow/.local/lib/python3.12/site-packages/airflow/example_dags/example_latest_only.py
[2026-07-25T09:13:55.255+0000] {logging_mixin.py:190} INFO - [2026-07-25T09:13:55.255+0000] {dag.py:3239} INFO - Sync 1 DAGs
[2026-07-25T09:13:55.269+0000] {logging_mixin.py:190} INFO - [2026-07-25T09:13:55.269+0000] {dag.py:4180} INFO - Setting next_dagrun for latest_only to 2026-07-25 04:00:00+00:00, run_after=2026-07-25 08:00:00+00:00
[2026-07-25T09:13:55.282+0000] {processor.py:208} INFO - Processing /home/airflow/.local/lib/python3.12/site-packages/airflow/example_dags/example_latest_only.py took 0.050 seconds
[2026-07-25T09:14:25.349+0000] {processor.py:186} INFO - Started process (PID=1071) to work on /home/airflow/.local/lib/python3.12/site-packages/airflow/example_dags/example_latest_only.py
[2026-07-25T09:14:25.350+0000] {processor.py:914} INFO - Processing file /home/airflow/.local/lib/python3.12/site-packages/airflow/example_dags/example_latest_only.py for tasks to queue
[2026-07-25T09:14:25.352+0000] {logging_mixin.py:190} INFO - [2026-07-25T09:14:25.352+0000] {dagbag.py:588} INFO - Filling up the DagBag from /home/airflow/.local/lib/python3.12/site-packages/airflow/example_dags/example_latest_only.py
[2026-07-25T09:14:25.357+0000] {processor.py:925} INFO - DAG(s) 'latest_only' retrieved from /home/airflow/.local/lib/python3.12/site-packages/airflow/example_dags/example_latest_only.py
[2026-07-25T09:14:25.369+0000] {logging_mixin.py:190} INFO - [2026-07-25T09:14:25.369+0000] {dag.py:3239} INFO - Sync 1 DAGs
[2026-07-25T09:14:25.383+0000] {logging_mixin.py:190} INFO - [2026-07-25T09:14:25.383+0000] {dag.py:4180} INFO - Setting next_dagrun for latest_only to 2026-07-25 04:00:00+00:00, run_after=2026-07-25 08:00:00+00:00
[2026-07-25T09:14:25.398+0000] {processor.py:208} INFO - Processing /home/airflow/.local/lib/python3.12/site-packages/airflow/example_dags/example_latest_only.py took 0.052 seconds
[2026-07-25T09:15:32.806+0000] {processor.py:186} INFO - Started process (PID=67) to work on /home/airflow/.local/lib/python3.12/site-packages/airflow/example_dags/example_latest_only.py
[2026-07-25T09:15:32.807+0000] {processor.py:914} INFO - Processing file /home/airflow/.local/lib/python3.12/site-packages/airflow/example_dags/example_latest_only.py for tasks to queue
[2026-07-25T09:15:32.813+0000] {logging_mixin.py:190} INFO - [2026-07-25T09:15:32.813+0000] {dagbag.py:588} INFO - Filling up the DagBag from /home/airflow/.local/lib/python3.12/site-packages/airflow/example_dags/example_latest_only.py
[2026-07-25T09:15:32.820+0000] {processor.py:925} INFO - DAG(s) 'latest_only' retrieved from /home/airflow/.local/lib/python3.12/site-packages/airflow/example_dags/example_latest_only.py
[2026-07-25T09:15:32.842+0000] {logging_mixin.py:190} INFO - [2026-07-25T09:15:32.842+0000] {dag.py:3239} INFO - Sync 1 DAGs
[2026-07-25T09:15:32.856+0000] {logging_mixin.py:190} INFO - [2026-07-25T09:15:32.856+0000] {dag.py:4180} INFO - Setting next_dagrun for latest_only to 2026-07-25 04:00:00+00:00, run_after=2026-07-25 08:00:00+00:00
[2026-07-25T09:15:32.868+0000] {processor.py:208} INFO - Processing /home/airflow/.local/lib/python3.12/site-packages/airflow/example_dags/example_latest_only.py took 0.066 seconds
[2026-07-25T09:16:03.105+0000] {processor.py:186} INFO - Started process (PID=130) to work on /home/airflow/.local/lib/python3.12/site-packages/airflow/example_dags/example_latest_only.py
[2026-07-25T09:16:03.106+0000] {processor.py:914} INFO - Processing file /home/airflow/.local/lib/python3.12/site-packages/airflow/example_dags/example_latest_only.py for tasks to queue
[2026-07-25T09:16:03.108+0000] {logging_mixin.py:190} INFO - [2026-07-25T09:16:03.108+0000] {dagbag.py:588} INFO - Filling up the DagBag from /home/airflow/.local/lib/python3.12/site-packages/airflow/example_dags/example_latest_only.py
[2026-07-25T09:16:03.113+0000] {processor.py:925} INFO - DAG(s) 'latest_only' retrieved from /home/airflow/.local/lib/python3.12/site-packages/airflow/example_dags/example_latest_only.py
[2026-07-25T09:16:03.130+0000] {logging_mixin.py:190} INFO - [2026-07-25T09:16:03.130+0000] {dag.py:3239} INFO - Sync 1 DAGs
[2026-07-25T09:16:03.150+0000] {logging_mixin.py:190} INFO - [2026-07-25T09:16:03.150+0000] {dag.py:4180} INFO - Setting next_dagrun for latest_only to 2026-07-25 04:00:00+00:00, run_after=2026-07-25 08:00:00+00:00
[2026-07-25T09:16:03.171+0000] {processor.py:208} INFO - Processing /home/airflow/.local/lib/python3.12/site-packages/airflow/example_dags/example_latest_only.py took 0.070 seconds
[2026-07-25T09:16:33.816+0000] {processor.py:186} INFO - Started process (PID=193) to work on /home/airflow/.local/lib/python3.12/site-packages/airflow/example_dags/example_latest_only.py
[2026-07-25T09:16:33.817+0000] {processor.py:914} INFO - Processing file /home/airflow/.local/lib/python3.12/site-packages/airflow/example_dags/example_latest_only.py for tasks to queue
[2026-07-25T09:16:33.819+0000] {logging_mixin.py:190} INFO - [2026-07-25T09:16:33.819+0000] {dagbag.py:588} INFO - Filling up the DagBag from /home/airflow/.local/lib/python3.12/site-packages/airflow/example_dags/example_latest_only.py
[2026-07-25T09:16:33.824+0000] {processor.py:925} INFO - DAG(s) 'latest_only' retrieved from /home/airflow/.local/lib/python3.12/site-packages/airflow/example_dags/example_latest_only.py
[2026-07-25T09:16:33.837+0000] {logging_mixin.py:190} INFO - [2026-07-25T09:16:33.837+0000] {dag.py:3239} INFO - Sync 1 DAGs
[2026-07-25T09:16:33.850+0000] {logging_mixin.py:190} INFO - [2026-07-25T09:16:33.850+0000] {dag.py:4180} INFO - Setting next_dagrun for latest_only to 2026-07-25 04:00:00+00:00, run_after=2026-07-25 08:00:00+00:00
[2026-07-25T09:16:33.861+0000] {processor.py:208} INFO - Processing /home/airflow/.local/lib/python3.12/site-packages/airflow/example_dags/example_latest_only.py took 0.049 seconds
[2026-07-25T09:17:04.558+0000] {processor.py:186} INFO - Started process (PID=256) to work on /home/airflow/.local/lib/python3.12/site-packages/airflow/example_dags/example_latest_only.py
[2026-07-25T09:17:04.559+0000] {processor.py:914} INFO - Processing file /home/airflow/.local/lib/python3.12/site-packages/airflow/example_dags/example_latest_only.py for tasks to queue
[2026-07-25T09:17:04.560+0000] {logging_mixin.py:190} INFO - [2026-07-25T09:17:04.560+0000] {dagbag.py:588} INFO - Filling up the DagBag from /home/airflow/.local/lib/python3.12/site-packages/airflow/example_dags/example_latest_only.py
[2026-07-25T09:17:04.565+0000] {processor.py:925} INFO - DAG(s) 'latest_only' retrieved from /home/airflow/.local/lib/python3.12/site-packages/airflow/example_dags/example_latest_only.py
[2026-07-25T09:17:04.579+0000] {logging_mixin.py:190} INFO - [2026-07-25T09:17:04.578+0000] {dag.py:3239} INFO - Sync 1 DAGs
[2026-07-25T09:17:04.593+0000] {logging_mixin.py:190} INFO - [2026-07-25T09:17:04.593+0000] {dag.py:4180} INFO - Setting next_dagrun for latest_only to 2026-07-25 04:00:00+00:00, run_after=2026-07-25 08:00:00+00:00
[2026-07-25T09:17:04.605+0000] {processor.py:208} INFO - Processing /home/airflow/.local/lib/python3.12/site-packages/airflow/example_dags/example_latest_only.py took 0.050 seconds
[2026-07-25T09:17:34.947+0000] {processor.py:186} INFO - Started process (PID=319) to work on /home/airflow/.local/lib/python3.12/site-packages/airflow/example_dags/example_latest_only.py
[2026-07-25T09:17:34.948+0000] {processor.py:914} INFO - Processing file /home/airflow/.local/lib/python3.12/site-packages/airflow/example_dags/example_latest_only.py for tasks to queue
[2026-07-25T09:17:34.950+0000] {logging_mixin.py:190} INFO - [2026-07-25T09:17:34.949+0000] {dagbag.py:588} INFO - Filling up the DagBag from /home/airflow/.local/lib/python3.12/site-packages/airflow/example_dags/example_latest_only.py
[2026-07-25T09:17:34.954+0000] {processor.py:925} INFO - DAG(s) 'latest_only' retrieved from /home/airflow/.local/lib/python3.12/site-packages/airflow/example_dags/example_latest_only.py
[2026-07-25T09:17:34.966+0000] {logging_mixin.py:190} INFO - [2026-07-25T09:17:34.966+0000] {dag.py:3239} INFO - Sync 1 DAGs
[2026-07-25T09:17:34.980+0000] {logging_mixin.py:190} INFO - [2026-07-25T09:17:34.980+0000] {dag.py:4180} INFO - Setting next_dagrun for latest_only to 2026-07-25 04:00:00+00:00, run_after=2026-07-25 08:00:00+00:00
[2026-07-25T09:17:34.991+0000] {processor.py:208} INFO - Processing /home/airflow/.local/lib/python3.12/site-packages/airflow/example_dags/example_latest_only.py took 0.047 seconds
[2026-07-25T09:18:05.198+0000] {processor.py:186} INFO - Started process (PID=382) to work on /home/airflow/.local/lib/python3.12/site-packages/airflow/example_dags/example_latest_only.py
[2026-07-25T09:18:05.199+0000] {processor.py:914} INFO - Processing file /home/airflow/.local/lib/python3.12/site-packages/airflow/example_dags/example_latest_only.py for tasks to queue
[2026-07-25T09:18:05.201+0000] {logging_mixin.py:190} INFO - [2026-07-25T09:18:05.201+0000] {dagbag.py:588} INFO - Filling up the DagBag from /home/airflow/.local/lib/python3.12/site-packages/airflow/example_dags/example_latest_only.py
[2026-07-25T09:18:05.207+0000] {processor.py:925} INFO - DAG(s) 'latest_only' retrieved from /home/airflow/.local/lib/python3.12/site-packages/airflow/example_dags/example_latest_only.py
[2026-07-25T09:18:05.221+0000] {logging_mixin.py:190} INFO - [2026-07-25T09:18:05.221+0000] {dag.py:3239} INFO - Sync 1 DAGs
[2026-07-25T09:18:05.236+0000] {logging_mixin.py:190} INFO - [2026-07-25T09:18:05.235+0000] {dag.py:4180} INFO - Setting next_dagrun for latest_only to 2026-07-25 04:00:00+00:00, run_after=2026-07-25 08:00:00+00:00
[2026-07-25T09:18:05.247+0000] {processor.py:208} INFO - Processing /home/airflow/.local/lib/python3.12/site-packages/airflow/example_dags/example_latest_only.py took 0.053 seconds
[2026-07-25T09:18:35.897+0000] {processor.py:186} INFO - Started process (PID=444) to work on /home/airflow/.local/lib/python3.12/site-packages/airflow/example_dags/example_latest_only.py
[2026-07-25T09:18:35.898+0000] {processor.py:914} INFO - Processing file /home/airflow/.local/lib/python3.12/site-packages/airflow/example_dags/example_latest_only.py for tasks to queue
[2026-07-25T09:18:35.900+0000] {logging_mixin.py:190} INFO - [2026-07-25T09:18:35.900+0000] {dagbag.py:588} INFO - Filling up the DagBag from /home/airflow/.local/lib/python3.12/site-packages/airflow/example_dags/example_latest_only.py
[2026-07-25T09:18:35.905+0000] {processor.py:925} INFO - DAG(s) 'latest_only' retrieved from /home/airflow/.local/lib/python3.12/site-packages/airflow/example_dags/example_latest_only.py
[2026-07-25T09:18:35.917+0000] {logging_mixin.py:190} INFO - [2026-07-25T09:18:35.917+0000] {dag.py:3239} INFO - Sync 1 DAGs
[2026-07-25T09:18:35.930+0000] {logging_mixin.py:190} INFO - [2026-07-25T09:18:35.930+0000] {dag.py:4180} INFO - Setting next_dagrun for latest_only to 2026-07-25 04:00:00+00:00, run_after=2026-07-25 08:00:00+00:00
[2026-07-25T09:18:35.940+0000] {processor.py:208} INFO - Processing /home/airflow/.local/lib/python3.12/site-packages/airflow/example_dags/example_latest_only.py took 0.047 seconds
[2026-07-25T09:19:06.158+0000] {processor.py:186} INFO - Started process (PID=506) to work on /home/airflow/.local/lib/python3.12/site-packages/airflow/example_dags/example_latest_only.py
[2026-07-25T09:19:06.159+0000] {processor.py:914} INFO - Processing file /home/airflow/.local/lib/python3.12/site-packages/airflow/example_dags/example_latest_only.py for tasks to queue
[2026-07-25T09:19:06.161+0000] {logging_mixin.py:190} INFO - [2026-07-25T09:19:06.161+0000] {dagbag.py:588} INFO - Filling up the DagBag from /home/airflow/.local/lib/python3.12/site-packages/airflow/example_dags/example_latest_only.py
[2026-07-25T09:19:06.165+0000] {processor.py:925} INFO - DAG(s) 'latest_only' retrieved from /home/airflow/.local/lib/python3.12/site-packages/airflow/example_dags/example_latest_only.py
[2026-07-25T09:19:06.180+0000] {logging_mixin.py:190} INFO - [2026-07-25T09:19:06.179+0000] {dag.py:3239} INFO - Sync 1 DAGs
[2026-07-25T09:19:06.197+0000] {logging_mixin.py:190} INFO - [2026-07-25T09:19:06.196+0000] {dag.py:4180} INFO - Setting next_dagrun for latest_only to 2026-07-25 04:00:00+00:00, run_after=2026-07-25 08:00:00+00:00
[2026-07-25T09:19:06.209+0000] {processor.py:208} INFO - Processing /home/airflow/.local/lib/python3.12/site-packages/airflow/example_dags/example_latest_only.py took 0.054 seconds
[2026-07-25T09:20:43.913+0000] {processor.py:186} INFO - Started process (PID=67) to work on /home/airflow/.local/lib/python3.12/site-packages/airflow/example_dags/example_latest_only.py
[2026-07-25T09:20:43.914+0000] {processor.py:914} INFO - Processing file /home/airflow/.local/lib/python3.12/site-packages/airflow/example_dags/example_latest_only.py for tasks to queue
[2026-07-25T09:20:43.923+0000] {logging_mixin.py:190} INFO - [2026-07-25T09:20:43.923+0000] {dagbag.py:588} INFO - Filling up the DagBag from /home/airflow/.local/lib/python3.12/site-packages/airflow/example_dags/example_latest_only.py
[2026-07-25T09:20:43.932+0000] {processor.py:925} INFO - DAG(s) 'latest_only' retrieved from /home/airflow/.local/lib/python3.12/site-packages/airflow/example_dags/example_latest_only.py
[2026-07-25T09:20:43.963+0000] {logging_mixin.py:190} INFO - [2026-07-25T09:20:43.962+0000] {dag.py:3239} INFO - Sync 1 DAGs
[2026-07-25T09:20:43.984+0000] {logging_mixin.py:190} INFO - [2026-07-25T09:20:43.984+0000] {dag.py:4180} INFO - Setting next_dagrun for latest_only to 2026-07-25 04:00:00+00:00, run_after=2026-07-25 08:00:00+00:00
[2026-07-25T09:20:44.008+0000] {processor.py:208} INFO - Processing /home/airflow/.local/lib/python3.12/site-packages/airflow/example_dags/example_latest_only.py took 0.100 seconds
[2026-07-25T09:21:14.135+0000] {processor.py:186} INFO - Started process (PID=130) to work on /home/airflow/.local/lib/python3.12/site-packages/airflow/example_dags/example_latest_only.py
[2026-07-25T09:21:14.136+0000] {processor.py:914} INFO - Processing file /home/airflow/.local/lib/python3.12/site-packages/airflow/example_dags/example_latest_only.py for tasks to queue
[2026-07-25T09:21:14.138+0000] {logging_mixin.py:190} INFO - [2026-07-25T09:21:14.138+0000] {dagbag.py:588} INFO - Filling up the DagBag from /home/airflow/.local/lib/python3.12/site-packages/airflow/example_dags/example_latest_only.py
[2026-07-25T09:21:14.144+0000] {processor.py:925} INFO - DAG(s) 'latest_only' retrieved from /home/airflow/.local/lib/python3.12/site-packages/airflow/example_dags/example_latest_only.py
[2026-07-25T09:21:14.157+0000] {logging_mixin.py:190} INFO - [2026-07-25T09:21:14.157+0000] {dag.py:3239} INFO - Sync 1 DAGs
[2026-07-25T09:21:14.170+0000] {logging_mixin.py:190} INFO - [2026-07-25T09:21:14.170+0000] {dag.py:4180} INFO - Setting next_dagrun for latest_only to 2026-07-25 04:00:00+00:00, run_after=2026-07-25 08:00:00+00:00
[2026-07-25T09:21:14.181+0000] {processor.py:208} INFO - Processing /home/airflow/.local/lib/python3.12/site-packages/airflow/example_dags/example_latest_only.py took 0.049 seconds
[2026-07-25T09:21:44.271+0000] {processor.py:186} INFO - Started process (PID=193) to work on /home/airflow/.local/lib/python3.12/site-packages/airflow/example_dags/example_latest_only.py
[2026-07-25T09:21:44.272+0000] {processor.py:914} INFO - Processing file /home/airflow/.local/lib/python3.12/site-packages/airflow/example_dags/example_latest_only.py for tasks to queue
[2026-07-25T09:21:44.274+0000] {logging_mixin.py:190} INFO - [2026-07-25T09:21:44.274+0000] {dagbag.py:588} INFO - Filling up the DagBag from /home/airflow/.local/lib/python3.12/site-packages/airflow/example_dags/example_latest_only.py
[2026-07-25T09:21:44.281+0000] {processor.py:925} INFO - DAG(s) 'latest_only' retrieved from /home/airflow/.local/lib/python3.12/site-packages/airflow/example_dags/example_latest_only.py
[2026-07-25T09:21:44.298+0000] {logging_mixin.py:190} INFO - [2026-07-25T09:21:44.298+0000] {dag.py:3239} INFO - Sync 1 DAGs
[2026-07-25T09:21:44.315+0000] {logging_mixin.py:190} INFO - [2026-07-25T09:21:44.315+0000] {dag.py:4180} INFO - Setting next_dagrun for latest_only to 2026-07-25 04:00:00+00:00, run_after=2026-07-25 08:00:00+00:00
[2026-07-25T09:21:44.329+0000] {processor.py:208} INFO - Processing /home/airflow/.local/lib/python3.12/site-packages/airflow/example_dags/example_latest_only.py took 0.064 seconds
[2026-07-25T09:22:14.772+0000] {processor.py:186} INFO - Started process (PID=256) to work on /home/airflow/.local/lib/python3.12/site-packages/airflow/example_dags/example_latest_only.py
[2026-07-25T09:22:14.773+0000] {processor.py:914} INFO - Processing file /home/airflow/.local/lib/python3.12/site-packages/airflow/example_dags/example_latest_only.py for tasks to queue
[2026-07-25T09:22:14.775+0000] {logging_mixin.py:190} INFO - [2026-07-25T09:22:14.774+0000] {dagbag.py:588} INFO - Filling up the DagBag from /home/airflow/.local/lib/python3.12/site-packages/airflow/example_dags/example_latest_only.py
[2026-07-25T09:22:14.779+0000] {processor.py:925} INFO - DAG(s) 'latest_only' retrieved from /home/airflow/.local/lib/python3.12/site-packages/airflow/example_dags/example_latest_only.py
[2026-07-25T09:22:14.793+0000] {logging_mixin.py:190} INFO - [2026-07-25T09:22:14.793+0000] {dag.py:3239} INFO - Sync 1 DAGs
[2026-07-25T09:22:14.806+0000] {logging_mixin.py:190} INFO - [2026-07-25T09:22:14.805+0000] {dag.py:4180} INFO - Setting next_dagrun for latest_only to 2026-07-25 04:00:00+00:00, run_after=2026-07-25 08:00:00+00:00
[2026-07-25T09:22:14.817+0000] {processor.py:208} INFO - Processing /home/airflow/.local/lib/python3.12/site-packages/airflow/example_dags/example_latest_only.py took 0.049 seconds
[2026-07-25T09:23:55.798+0000] {processor.py:186} INFO - Started process (PID=67) to work on /home/airflow/.local/lib/python3.12/site-packages/airflow/example_dags/example_latest_only.py
[2026-07-25T09:23:55.799+0000] {processor.py:914} INFO - Processing file /home/airflow/.local/lib/python3.12/site-packages/airflow/example_dags/example_latest_only.py for tasks to queue
[2026-07-25T09:23:55.805+0000] {logging_mixin.py:190} INFO - [2026-07-25T09:23:55.804+0000] {dagbag.py:588} INFO - Filling up the DagBag from /home/airflow/.local/lib/python3.12/site-packages/airflow/example_dags/example_latest_only.py
[2026-07-25T09:23:55.812+0000] {processor.py:925} INFO - DAG(s) 'latest_only' retrieved from /home/airflow/.local/lib/python3.12/site-packages/airflow/example_dags/example_latest_only.py
[2026-07-25T09:23:55.839+0000] {logging_mixin.py:190} INFO - [2026-07-25T09:23:55.838+0000] {dag.py:3239} INFO - Sync 1 DAGs
[2026-07-25T09:23:55.860+0000] {logging_mixin.py:190} INFO - [2026-07-25T09:23:55.859+0000] {dag.py:4180} INFO - Setting next_dagrun for latest_only to 2026-07-25 04:00:00+00:00, run_after=2026-07-25 08:00:00+00:00
[2026-07-25T09:23:55.876+0000] {processor.py:208} INFO - Processing /home/airflow/.local/lib/python3.12/site-packages/airflow/example_dags/example_latest_only.py took 0.082 seconds
[2026-07-25T09:24:27.610+0000] {processor.py:186} INFO - Started process (PID=130) to work on /home/airflow/.local/lib/python3.12/site-packages/airflow/example_dags/example_latest_only.py
[2026-07-25T09:24:27.611+0000] {processor.py:914} INFO - Processing file /home/airflow/.local/lib/python3.12/site-packages/airflow/example_dags/example_latest_only.py for tasks to queue
[2026-07-25T09:24:27.613+0000] {logging_mixin.py:190} INFO - [2026-07-25T09:24:27.613+0000] {dagbag.py:588} INFO - Filling up the DagBag from /home/airflow/.local/lib/python3.12/site-packages/airflow/example_dags/example_latest_only.py
[2026-07-25T09:24:27.619+0000] {processor.py:925} INFO - DAG(s) 'latest_only' retrieved from /home/airflow/.local/lib/python3.12/site-packages/airflow/example_dags/example_latest_only.py
[2026-07-25T09:24:27.632+0000] {logging_mixin.py:190} INFO - [2026-07-25T09:24:27.632+0000] {dag.py:3239} INFO - Sync 1 DAGs
[2026-07-25T09:24:27.645+0000] {logging_mixin.py:190} INFO - [2026-07-25T09:24:27.645+0000] {dag.py:4180} INFO - Setting next_dagrun for latest_only to 2026-07-25 04:00:00+00:00, run_after=2026-07-25 08:00:00+00:00
[2026-07-25T09:24:27.656+0000] {processor.py:208} INFO - Processing /home/airflow/.local/lib/python3.12/site-packages/airflow/example_dags/example_latest_only.py took 0.050 seconds
[2026-07-25T09:24:58.198+0000] {processor.py:186} INFO - Started process (PID=199) to work on /home/airflow/.local/lib/python3.12/site-packages/airflow/example_dags/example_latest_only.py
[2026-07-25T09:24:58.199+0000] {processor.py:914} INFO - Processing file /home/airflow/.local/lib/python3.12/site-packages/airflow/example_dags/example_latest_only.py for tasks to queue
[2026-07-25T09:24:58.202+0000] {logging_mixin.py:190} INFO - [2026-07-25T09:24:58.202+0000] {dagbag.py:588} INFO - Filling up the DagBag from /home/airflow/.local/lib/python3.12/site-packages/airflow/example_dags/example_latest_only.py
[2026-07-25T09:24:58.207+0000] {processor.py:925} INFO - DAG(s) 'latest_only' retrieved from /home/airflow/.local/lib/python3.12/site-packages/airflow/example_dags/example_latest_only.py
[2026-07-25T09:24:58.221+0000] {logging_mixin.py:190} INFO - [2026-07-25T09:24:58.221+0000] {dag.py:3239} INFO - Sync 1 DAGs
[2026-07-25T09:24:58.236+0000] {logging_mixin.py:190} INFO - [2026-07-25T09:24:58.236+0000] {dag.py:4180} INFO - Setting next_dagrun for latest_only to 2026-07-25 04:00:00+00:00, run_after=2026-07-25 08:00:00+00:00
[2026-07-25T09:24:58.261+0000] {processor.py:208} INFO - Processing /home/airflow/.local/lib/python3.12/site-packages/airflow/example_dags/example_latest_only.py took 0.066 seconds
[2026-07-25T09:25:29.058+0000] {processor.py:186} INFO - Started process (PID=262) to work on /home/airflow/.local/lib/python3.12/site-packages/airflow/example_dags/example_latest_only.py
[2026-07-25T09:25:29.059+0000] {processor.py:914} INFO - Processing file /home/airflow/.local/lib/python3.12/site-packages/airflow/example_dags/example_latest_only.py for tasks to queue
[2026-07-25T09:25:29.061+0000] {logging_mixin.py:190} INFO - [2026-07-25T09:25:29.061+0000] {dagbag.py:588} INFO - Filling up the DagBag from /home/airflow/.local/lib/python3.12/site-packages/airflow/example_dags/example_latest_only.py
[2026-07-25T09:25:29.066+0000] {processor.py:925} INFO - DAG(s) 'latest_only' retrieved from /home/airflow/.local/lib/python3.12/site-packages/airflow/example_dags/example_latest_only.py
[2026-07-25T09:25:29.082+0000] {logging_mixin.py:190} INFO - [2026-07-25T09:25:29.082+0000] {dag.py:3239} INFO - Sync 1 DAGs
[2026-07-25T09:25:29.099+0000] {logging_mixin.py:190} INFO - [2026-07-25T09:25:29.098+0000] {dag.py:4180} INFO - Setting next_dagrun for latest_only to 2026-07-25 04:00:00+00:00, run_after=2026-07-25 08:00:00+00:00
[2026-07-25T09:25:29.113+0000] {processor.py:208} INFO - Processing /home/airflow/.local/lib/python3.12/site-packages/airflow/example_dags/example_latest_only.py took 0.059 seconds
[2026-07-25T09:26:48.146+0000] {processor.py:186} INFO - Started process (PID=67) to work on /home/airflow/.local/lib/python3.12/site-packages/airflow/example_dags/example_latest_only.py
[2026-07-25T09:26:48.147+0000] {processor.py:914} INFO - Processing file /home/airflow/.local/lib/python3.12/site-packages/airflow/example_dags/example_latest_only.py for tasks to queue
[2026-07-25T09:26:48.152+0000] {logging_mixin.py:190} INFO - [2026-07-25T09:26:48.151+0000] {dagbag.py:588} INFO - Filling up the DagBag from /home/airflow/.local/lib/python3.12/site-packages/airflow/example_dags/example_latest_only.py
[2026-07-25T09:26:48.160+0000] {processor.py:925} INFO - DAG(s) 'latest_only' retrieved from /home/airflow/.local/lib/python3.12/site-packages/airflow/example_dags/example_latest_only.py
[2026-07-25T09:26:48.274+0000] {logging_mixin.py:190} INFO - [2026-07-25T09:26:48.274+0000] {override.py:1932} INFO - Created Permission View: can edit on DAG:latest_only
[2026-07-25T09:26:48.283+0000] {logging_mixin.py:190} INFO - [2026-07-25T09:26:48.283+0000] {override.py:1932} INFO - Created Permission View: can read on DAG:latest_only
[2026-07-25T09:26:48.288+0000] {logging_mixin.py:190} INFO - [2026-07-25T09:26:48.288+0000] {override.py:1932} INFO - Created Permission View: can delete on DAG:latest_only
[2026-07-25T09:26:48.295+0000] {logging_mixin.py:190} INFO - [2026-07-25T09:26:48.295+0000] {override.py:1932} INFO - Created Permission View: menu access on DAG Run:latest_only
[2026-07-25T09:26:48.300+0000] {logging_mixin.py:190} INFO - [2026-07-25T09:26:48.300+0000] {override.py:1932} INFO - Created Permission View: can read on DAG Run:latest_only
[2026-07-25T09:26:48.305+0000] {logging_mixin.py:190} INFO - [2026-07-25T09:26:48.305+0000] {override.py:1932} INFO - Created Permission View: can create on DAG Run:latest_only
[2026-07-25T09:26:48.311+0000] {logging_mixin.py:190} INFO - [2026-07-25T09:26:48.310+0000] {override.py:1932} INFO - Created Permission View: can delete on DAG Run:latest_only
[2026-07-25T09:26:48.311+0000] {logging_mixin.py:190} INFO - [2026-07-25T09:26:48.311+0000] {dag.py:3239} INFO - Sync 1 DAGs
[2026-07-25T09:26:48.321+0000] {logging_mixin.py:190} INFO - [2026-07-25T09:26:48.321+0000] {dag.py:3262} INFO - Creating ORM DAG for latest_only
[2026-07-25T09:26:48.329+0000] {logging_mixin.py:190} INFO - [2026-07-25T09:26:48.329+0000] {dag.py:4180} INFO - Setting next_dagrun for latest_only to 2026-07-25 04:00:00+00:00, run_after=2026-07-25 08:00:00+00:00
[2026-07-25T09:26:48.344+0000] {processor.py:208} INFO - Processing /home/airflow/.local/lib/python3.12/site-packages/airflow/example_dags/example_latest_only.py took 0.205 seconds
[2026-07-25T09:27:18.699+0000] {processor.py:186} INFO - Started process (PID=130) to work on /home/airflow/.local/lib/python3.12/site-packages/airflow/example_dags/example_latest_only.py
[2026-07-25T09:27:18.700+0000] {processor.py:914} INFO - Processing file /home/airflow/.local/lib/python3.12/site-packages/airflow/example_dags/example_latest_only.py for tasks to queue
[2026-07-25T09:27:18.702+0000] {logging_mixin.py:190} INFO - [2026-07-25T09:27:18.702+0000] {dagbag.py:588} INFO - Filling up the DagBag from /home/airflow/.local/lib/python3.12/site-packages/airflow/example_dags/example_latest_only.py
[2026-07-25T09:27:18.707+0000] {processor.py:925} INFO - DAG(s) 'latest_only' retrieved from /home/airflow/.local/lib/python3.12/site-packages/airflow/example_dags/example_latest_only.py
[2026-07-25T09:27:18.721+0000] {logging_mixin.py:190} INFO - [2026-07-25T09:27:18.721+0000] {dag.py:3239} INFO - Sync 1 DAGs
[2026-07-25T09:27:18.736+0000] {logging_mixin.py:190} INFO - [2026-07-25T09:27:18.735+0000] {dag.py:4180} INFO - Setting next_dagrun for latest_only to 2026-07-25 04:00:00+00:00, run_after=2026-07-25 08:00:00+00:00
[2026-07-25T09:27:18.752+0000] {processor.py:208} INFO - Processing /home/airflow/.local/lib/python3.12/site-packages/airflow/example_dags/example_latest_only.py took 0.056 seconds
[2026-07-25T09:27:49.011+0000] {processor.py:186} INFO - Started process (PID=193) to work on /home/airflow/.local/lib/python3.12/site-packages/airflow/example_dags/example_latest_only.py
[2026-07-25T09:27:49.011+0000] {processor.py:914} INFO - Processing file /home/airflow/.local/lib/python3.12/site-packages/airflow/example_dags/example_latest_only.py for tasks to queue
[2026-07-25T09:27:49.013+0000] {logging_mixin.py:190} INFO - [2026-07-25T09:27:49.013+0000] {dagbag.py:588} INFO - Filling up the DagBag from /home/airflow/.local/lib/python3.12/site-packages/airflow/example_dags/example_latest_only.py
[2026-07-25T09:27:49.019+0000] {processor.py:925} INFO - DAG(s) 'latest_only' retrieved from /home/airflow/.local/lib/python3.12/site-packages/airflow/example_dags/example_latest_only.py
[2026-07-25T09:27:49.033+0000] {logging_mixin.py:190} INFO - [2026-07-25T09:27:49.032+0000] {dag.py:3239} INFO - Sync 1 DAGs
[2026-07-25T09:27:49.046+0000] {logging_mixin.py:190} INFO - [2026-07-25T09:27:49.046+0000] {dag.py:4180} INFO - Setting next_dagrun for latest_only to 2026-07-25 04:00:00+00:00, run_after=2026-07-25 08:00:00+00:00
[2026-07-25T09:27:49.061+0000] {processor.py:208} INFO - Processing /home/airflow/.local/lib/python3.12/site-packages/airflow/example_dags/example_latest_only.py took 0.054 seconds
[2026-07-25T09:28:19.401+0000] {processor.py:186} INFO - Started process (PID=256) to work on /home/airflow/.local/lib/python3.12/site-packages/airflow/example_dags/example_latest_only.py
[2026-07-25T09:28:19.402+0000] {processor.py:914} INFO - Processing file /home/airflow/.local/lib/python3.12/site-packages/airflow/example_dags/example_latest_only.py for tasks to queue
[2026-07-25T09:28:19.404+0000] {logging_mixin.py:190} INFO - [2026-07-25T09:28:19.403+0000] {dagbag.py:588} INFO - Filling up the DagBag from /home/airflow/.local/lib/python3.12/site-packages/airflow/example_dags/example_latest_only.py
[2026-07-25T09:28:19.409+0000] {processor.py:925} INFO - DAG(s) 'latest_only' retrieved from /home/airflow/.local/lib/python3.12/site-packages/airflow/example_dags/example_latest_only.py
[2026-07-25T09:28:19.422+0000] {logging_mixin.py:190} INFO - [2026-07-25T09:28:19.422+0000] {dag.py:3239} INFO - Sync 1 DAGs
[2026-07-25T09:28:19.435+0000] {logging_mixin.py:190} INFO - [2026-07-25T09:28:19.435+0000] {dag.py:4180} INFO - Setting next_dagrun for latest_only to 2026-07-25 04:00:00+00:00, run_after=2026-07-25 08:00:00+00:00
[2026-07-25T09:28:19.455+0000] {processor.py:208} INFO - Processing /home/airflow/.local/lib/python3.12/site-packages/airflow/example_dags/example_latest_only.py took 0.058 seconds
[2026-07-25T09:28:49.998+0000] {processor.py:186} INFO - Started process (PID=319) to work on /home/airflow/.local/lib/python3.12/site-packages/airflow/example_dags/example_latest_only.py
[2026-07-25T09:28:49.999+0000] {processor.py:914} INFO - Processing file /home/airflow/.local/lib/python3.12/site-packages/airflow/example_dags/example_latest_only.py for tasks to queue
[2026-07-25T09:28:50.002+0000] {logging_mixin.py:190} INFO - [2026-07-25T09:28:50.002+0000] {dagbag.py:588} INFO - Filling up the DagBag from /home/airflow/.local/lib/python3.12/site-packages/airflow/example_dags/example_latest_only.py
[2026-07-25T09:28:50.008+0000] {processor.py:925} INFO - DAG(s) 'latest_only' retrieved from /home/airflow/.local/lib/python3.12/site-packages/airflow/example_dags/example_latest_only.py
[2026-07-25T09:28:50.022+0000] {logging_mixin.py:190} INFO - [2026-07-25T09:28:50.022+0000] {dag.py:3239} INFO - Sync 1 DAGs
[2026-07-25T09:28:50.037+0000] {logging_mixin.py:190} INFO - [2026-07-25T09:28:50.037+0000] {dag.py:4180} INFO - Setting next_dagrun for latest_only to 2026-07-25 04:00:00+00:00, run_after=2026-07-25 08:00:00+00:00
[2026-07-25T09:28:50.052+0000] {processor.py:208} INFO - Processing /home/airflow/.local/lib/python3.12/site-packages/airflow/example_dags/example_latest_only.py took 0.057 seconds
[2026-07-25T09:29:22.938+0000] {processor.py:186} INFO - Started process (PID=388) to work on /home/airflow/.local/lib/python3.12/site-packages/airflow/example_dags/example_latest_only.py
[2026-07-25T09:29:22.939+0000] {processor.py:914} INFO - Processing file /home/airflow/.local/lib/python3.12/site-packages/airflow/example_dags/example_latest_only.py for tasks to queue
[2026-07-25T09:29:22.942+0000] {logging_mixin.py:190} INFO - [2026-07-25T09:29:22.941+0000] {dagbag.py:588} INFO - Filling up the DagBag from /home/airflow/.local/lib/python3.12/site-packages/airflow/example_dags/example_latest_only.py
[2026-07-25T09:29:22.947+0000] {processor.py:925} INFO - DAG(s) 'latest_only' retrieved from /home/airflow/.local/lib/python3.12/site-packages/airflow/example_dags/example_latest_only.py
[2026-07-25T09:29:22.962+0000] {logging_mixin.py:190} INFO - [2026-07-25T09:29:22.962+0000] {dag.py:3239} INFO - Sync 1 DAGs
[2026-07-25T09:29:22.978+0000] {logging_mixin.py:190} INFO - [2026-07-25T09:29:22.978+0000] {dag.py:4180} INFO - Setting next_dagrun for latest_only to 2026-07-25 04:00:00+00:00, run_after=2026-07-25 08:00:00+00:00
[2026-07-25T09:29:22.998+0000] {processor.py:208} INFO - Processing /home/airflow/.local/lib/python3.12/site-packages/airflow/example_dags/example_latest_only.py took 0.064 seconds
[2026-07-25T09:29:53.109+0000] {processor.py:186} INFO - Started process (PID=450) to work on /home/airflow/.local/lib/python3.12/site-packages/airflow/example_dags/example_latest_only.py
[2026-07-25T09:29:53.109+0000] {processor.py:914} INFO - Processing file /home/airflow/.local/lib/python3.12/site-packages/airflow/example_dags/example_latest_only.py for tasks to queue
[2026-07-25T09:29:53.111+0000] {logging_mixin.py:190} INFO - [2026-07-25T09:29:53.111+0000] {dagbag.py:588} INFO - Filling up the DagBag from /home/airflow/.local/lib/python3.12/site-packages/airflow/example_dags/example_latest_only.py
[2026-07-25T09:29:53.116+0000] {processor.py:925} INFO - DAG(s) 'latest_only' retrieved from /home/airflow/.local/lib/python3.12/site-packages/airflow/example_dags/example_latest_only.py
[2026-07-25T09:29:53.128+0000] {logging_mixin.py:190} INFO - [2026-07-25T09:29:53.128+0000] {dag.py:3239} INFO - Sync 1 DAGs
[2026-07-25T09:29:53.142+0000] {logging_mixin.py:190} INFO - [2026-07-25T09:29:53.142+0000] {dag.py:4180} INFO - Setting next_dagrun for latest_only to 2026-07-25 04:00:00+00:00, run_after=2026-07-25 08:00:00+00:00
[2026-07-25T09:29:53.153+0000] {processor.py:208} INFO - Processing /home/airflow/.local/lib/python3.12/site-packages/airflow/example_dags/example_latest_only.py took 0.048 seconds
[2026-07-25T09:30:23.724+0000] {processor.py:186} INFO - Started process (PID=512) to work on /home/airflow/.local/lib/python3.12/site-packages/airflow/example_dags/example_latest_only.py
[2026-07-25T09:30:23.725+0000] {processor.py:914} INFO - Processing file /home/airflow/.local/lib/python3.12/site-packages/airflow/example_dags/example_latest_only.py for tasks to queue
[2026-07-25T09:30:23.727+0000] {logging_mixin.py:190} INFO - [2026-07-25T09:30:23.727+0000] {dagbag.py:588} INFO - Filling up the DagBag from /home/airflow/.local/lib/python3.12/site-packages/airflow/example_dags/example_latest_only.py
[2026-07-25T09:30:23.731+0000] {processor.py:925} INFO - DAG(s) 'latest_only' retrieved from /home/airflow/.local/lib/python3.12/site-packages/airflow/example_dags/example_latest_only.py
[2026-07-25T09:30:23.744+0000] {logging_mixin.py:190} INFO - [2026-07-25T09:30:23.744+0000] {dag.py:3239} INFO - Sync 1 DAGs
[2026-07-25T09:30:23.757+0000] {logging_mixin.py:190} INFO - [2026-07-25T09:30:23.757+0000] {dag.py:4180} INFO - Setting next_dagrun for latest_only to 2026-07-25 04:00:00+00:00, run_after=2026-07-25 08:00:00+00:00
[2026-07-25T09:30:23.771+0000] {processor.py:208} INFO - Processing /home/airflow/.local/lib/python3.12/site-packages/airflow/example_dags/example_latest_only.py took 0.050 seconds
[2026-07-25T09:30:54.713+0000] {processor.py:186} INFO - Started process (PID=574) to work on /home/airflow/.local/lib/python3.12/site-packages/airflow/example_dags/example_latest_only.py
[2026-07-25T09:30:54.714+0000] {processor.py:914} INFO - Processing file /home/airflow/.local/lib/python3.12/site-packages/airflow/example_dags/example_latest_only.py for tasks to queue
[2026-07-25T09:30:54.716+0000] {logging_mixin.py:190} INFO - [2026-07-25T09:30:54.716+0000] {dagbag.py:588} INFO - Filling up the DagBag from /home/airflow/.local/lib/python3.12/site-packages/airflow/example_dags/example_latest_only.py
[2026-07-25T09:30:54.721+0000] {processor.py:925} INFO - DAG(s) 'latest_only' retrieved from /home/airflow/.local/lib/python3.12/site-packages/airflow/example_dags/example_latest_only.py
[2026-07-25T09:30:54.733+0000] {logging_mixin.py:190} INFO - [2026-07-25T09:30:54.733+0000] {dag.py:3239} INFO - Sync 1 DAGs
[2026-07-25T09:30:54.746+0000] {logging_mixin.py:190} INFO - [2026-07-25T09:30:54.746+0000] {dag.py:4180} INFO - Setting next_dagrun for latest_only to 2026-07-25 04:00:00+00:00, run_after=2026-07-25 08:00:00+00:00
[2026-07-25T09:30:54.759+0000] {processor.py:208} INFO - Processing /home/airflow/.local/lib/python3.12/site-packages/airflow/example_dags/example_latest_only.py took 0.050 seconds
