[2026-07-25T09:06:11.742+0000] {processor.py:186} INFO - Started process (PID=65) to work on /home/airflow/.local/lib/python3.12/site-packages/airflow/example_dags/example_dynamic_task_mapping.py
[2026-07-25T09:06:11.743+0000] {processor.py:914} INFO - Processing file /home/airflow/.local/lib/python3.12/site-packages/airflow/example_dags/example_dynamic_task_mapping.py for tasks to queue
[2026-07-25T09:06:11.745+0000] {logging_mixin.py:190} INFO - [2026-07-25T09:06:11.745+0000] {dagbag.py:588} INFO - Filling up the DagBag from /home/airflow/.local/lib/python3.12/site-packages/airflow/example_dags/example_dynamic_task_mapping.py
[2026-07-25T09:06:11.758+0000] {processor.py:925} INFO - DAG(s) 'example_dynamic_task_mapping' retrieved from /home/airflow/.local/lib/python3.12/site-packages/airflow/example_dags/example_dynamic_task_mapping.py
[2026-07-25T09:06:11.846+0000] {logging_mixin.py:190} INFO - [2026-07-25T09:06:11.845+0000] {override.py:1932} INFO - Created Permission View: can edit on DAG:example_dynamic_task_mapping
[2026-07-25T09:06:11.853+0000] {logging_mixin.py:190} INFO - [2026-07-25T09:06:11.853+0000] {override.py:1932} INFO - Created Permission View: can read on DAG:example_dynamic_task_mapping
[2026-07-25T09:06:11.859+0000] {logging_mixin.py:190} INFO - [2026-07-25T09:06:11.859+0000] {override.py:1932} INFO - Created Permission View: can delete on DAG:example_dynamic_task_mapping
[2026-07-25T09:06:11.867+0000] {logging_mixin.py:190} INFO - [2026-07-25T09:06:11.867+0000] {override.py:1932} INFO - Created Permission View: can create on DAG Run:example_dynamic_task_mapping
[2026-07-25T09:06:11.873+0000] {logging_mixin.py:190} INFO - [2026-07-25T09:06:11.873+0000] {override.py:1932} INFO - Created Permission View: can read on DAG Run:example_dynamic_task_mapping
[2026-07-25T09:06:11.881+0000] {logging_mixin.py:190} INFO - [2026-07-25T09:06:11.881+0000] {override.py:1932} INFO - Created Permission View: can delete on DAG Run:example_dynamic_task_mapping
[2026-07-25T09:06:11.887+0000] {logging_mixin.py:190} INFO - [2026-07-25T09:06:11.886+0000] {override.py:1932} INFO - Created Permission View: menu access on DAG Run:example_dynamic_task_mapping
[2026-07-25T09:06:11.887+0000] {logging_mixin.py:190} INFO - [2026-07-25T09:06:11.887+0000] {dag.py:3239} INFO - Sync 1 DAGs
[2026-07-25T09:06:11.898+0000] {logging_mixin.py:190} INFO - [2026-07-25T09:06:11.898+0000] {dag.py:3262} INFO - Creating ORM DAG for example_dynamic_task_mapping
[2026-07-25T09:06:11.899+0000] {logging_mixin.py:190} INFO - [2026-07-25T09:06:11.899+0000] {dag.py:4180} INFO - Setting next_dagrun for example_dynamic_task_mapping to None, run_after=None
[2026-07-25T09:06:11.911+0000] {processor.py:208} INFO - Processing /home/airflow/.local/lib/python3.12/site-packages/airflow/example_dags/example_dynamic_task_mapping.py took 0.172 seconds
[2026-07-25T09:06:42.084+0000] {processor.py:186} INFO - Started process (PID=128) to work on /home/airflow/.local/lib/python3.12/site-packages/airflow/example_dags/example_dynamic_task_mapping.py
[2026-07-25T09:06:42.085+0000] {processor.py:914} INFO - Processing file /home/airflow/.local/lib/python3.12/site-packages/airflow/example_dags/example_dynamic_task_mapping.py for tasks to queue
[2026-07-25T09:06:42.087+0000] {logging_mixin.py:190} INFO - [2026-07-25T09:06:42.086+0000] {dagbag.py:588} INFO - Filling up the DagBag from /home/airflow/.local/lib/python3.12/site-packages/airflow/example_dags/example_dynamic_task_mapping.py
[2026-07-25T09:06:42.091+0000] {processor.py:925} INFO - DAG(s) 'example_dynamic_task_mapping' retrieved from /home/airflow/.local/lib/python3.12/site-packages/airflow/example_dags/example_dynamic_task_mapping.py
[2026-07-25T09:06:42.103+0000] {logging_mixin.py:190} INFO - [2026-07-25T09:06:42.103+0000] {dag.py:3239} INFO - Sync 1 DAGs
[2026-07-25T09:06:42.112+0000] {logging_mixin.py:190} INFO - [2026-07-25T09:06:42.112+0000] {dag.py:4180} INFO - Setting next_dagrun for example_dynamic_task_mapping to None, run_after=None
[2026-07-25T09:06:42.122+0000] {processor.py:208} INFO - Processing /home/airflow/.local/lib/python3.12/site-packages/airflow/example_dags/example_dynamic_task_mapping.py took 0.043 seconds
[2026-07-25T09:07:12.163+0000] {processor.py:186} INFO - Started process (PID=191) to work on /home/airflow/.local/lib/python3.12/site-packages/airflow/example_dags/example_dynamic_task_mapping.py
[2026-07-25T09:07:12.167+0000] {processor.py:914} INFO - Processing file /home/airflow/.local/lib/python3.12/site-packages/airflow/example_dags/example_dynamic_task_mapping.py for tasks to queue
[2026-07-25T09:07:12.169+0000] {logging_mixin.py:190} INFO - [2026-07-25T09:07:12.169+0000] {dagbag.py:588} INFO - Filling up the DagBag from /home/airflow/.local/lib/python3.12/site-packages/airflow/example_dags/example_dynamic_task_mapping.py
[2026-07-25T09:07:12.174+0000] {processor.py:925} INFO - DAG(s) 'example_dynamic_task_mapping' retrieved from /home/airflow/.local/lib/python3.12/site-packages/airflow/example_dags/example_dynamic_task_mapping.py
[2026-07-25T09:07:12.187+0000] {logging_mixin.py:190} INFO - [2026-07-25T09:07:12.187+0000] {dag.py:3239} INFO - Sync 1 DAGs
[2026-07-25T09:07:12.197+0000] {logging_mixin.py:190} INFO - [2026-07-25T09:07:12.197+0000] {dag.py:4180} INFO - Setting next_dagrun for example_dynamic_task_mapping to None, run_after=None
[2026-07-25T09:07:12.209+0000] {processor.py:208} INFO - Processing /home/airflow/.local/lib/python3.12/site-packages/airflow/example_dags/example_dynamic_task_mapping.py took 0.049 seconds
[2026-07-25T09:07:42.617+0000] {processor.py:186} INFO - Started process (PID=254) to work on /home/airflow/.local/lib/python3.12/site-packages/airflow/example_dags/example_dynamic_task_mapping.py
[2026-07-25T09:07:42.618+0000] {processor.py:914} INFO - Processing file /home/airflow/.local/lib/python3.12/site-packages/airflow/example_dags/example_dynamic_task_mapping.py for tasks to queue
[2026-07-25T09:07:42.620+0000] {logging_mixin.py:190} INFO - [2026-07-25T09:07:42.619+0000] {dagbag.py:588} INFO - Filling up the DagBag from /home/airflow/.local/lib/python3.12/site-packages/airflow/example_dags/example_dynamic_task_mapping.py
[2026-07-25T09:07:42.625+0000] {processor.py:925} INFO - DAG(s) 'example_dynamic_task_mapping' retrieved from /home/airflow/.local/lib/python3.12/site-packages/airflow/example_dags/example_dynamic_task_mapping.py
[2026-07-25T09:07:42.638+0000] {logging_mixin.py:190} INFO - [2026-07-25T09:07:42.638+0000] {dag.py:3239} INFO - Sync 1 DAGs
[2026-07-25T09:07:42.647+0000] {logging_mixin.py:190} INFO - [2026-07-25T09:07:42.647+0000] {dag.py:4180} INFO - Setting next_dagrun for example_dynamic_task_mapping to None, run_after=None
[2026-07-25T09:07:42.659+0000] {processor.py:208} INFO - Processing /home/airflow/.local/lib/python3.12/site-packages/airflow/example_dags/example_dynamic_task_mapping.py took 0.045 seconds
[2026-07-25T09:08:13.068+0000] {processor.py:186} INFO - Started process (PID=317) to work on /home/airflow/.local/lib/python3.12/site-packages/airflow/example_dags/example_dynamic_task_mapping.py
[2026-07-25T09:08:13.069+0000] {processor.py:914} INFO - Processing file /home/airflow/.local/lib/python3.12/site-packages/airflow/example_dags/example_dynamic_task_mapping.py for tasks to queue
[2026-07-25T09:08:13.071+0000] {logging_mixin.py:190} INFO - [2026-07-25T09:08:13.071+0000] {dagbag.py:588} INFO - Filling up the DagBag from /home/airflow/.local/lib/python3.12/site-packages/airflow/example_dags/example_dynamic_task_mapping.py
[2026-07-25T09:08:13.076+0000] {processor.py:925} INFO - DAG(s) 'example_dynamic_task_mapping' retrieved from /home/airflow/.local/lib/python3.12/site-packages/airflow/example_dags/example_dynamic_task_mapping.py
[2026-07-25T09:08:13.089+0000] {logging_mixin.py:190} INFO - [2026-07-25T09:08:13.089+0000] {dag.py:3239} INFO - Sync 1 DAGs
[2026-07-25T09:08:13.097+0000] {logging_mixin.py:190} INFO - [2026-07-25T09:08:13.097+0000] {dag.py:4180} INFO - Setting next_dagrun for example_dynamic_task_mapping to None, run_after=None
[2026-07-25T09:08:13.108+0000] {processor.py:208} INFO - Processing /home/airflow/.local/lib/python3.12/site-packages/airflow/example_dags/example_dynamic_task_mapping.py took 0.043 seconds
[2026-07-25T09:08:45.806+0000] {processor.py:186} INFO - Started process (PID=386) to work on /home/airflow/.local/lib/python3.12/site-packages/airflow/example_dags/example_dynamic_task_mapping.py
[2026-07-25T09:08:45.807+0000] {processor.py:914} INFO - Processing file /home/airflow/.local/lib/python3.12/site-packages/airflow/example_dags/example_dynamic_task_mapping.py for tasks to queue
[2026-07-25T09:08:45.809+0000] {logging_mixin.py:190} INFO - [2026-07-25T09:08:45.809+0000] {dagbag.py:588} INFO - Filling up the DagBag from /home/airflow/.local/lib/python3.12/site-packages/airflow/example_dags/example_dynamic_task_mapping.py
[2026-07-25T09:08:45.814+0000] {processor.py:925} INFO - DAG(s) 'example_dynamic_task_mapping' retrieved from /home/airflow/.local/lib/python3.12/site-packages/airflow/example_dags/example_dynamic_task_mapping.py
[2026-07-25T09:08:45.827+0000] {logging_mixin.py:190} INFO - [2026-07-25T09:08:45.827+0000] {dag.py:3239} INFO - Sync 1 DAGs
[2026-07-25T09:08:45.835+0000] {logging_mixin.py:190} INFO - [2026-07-25T09:08:45.835+0000] {dag.py:4180} INFO - Setting next_dagrun for example_dynamic_task_mapping to None, run_after=None
[2026-07-25T09:08:45.845+0000] {processor.py:208} INFO - Processing /home/airflow/.local/lib/python3.12/site-packages/airflow/example_dags/example_dynamic_task_mapping.py took 0.042 seconds
[2026-07-25T09:09:19.588+0000] {processor.py:186} INFO - Started process (PID=449) to work on /home/airflow/.local/lib/python3.12/site-packages/airflow/example_dags/example_dynamic_task_mapping.py
[2026-07-25T09:09:19.589+0000] {processor.py:914} INFO - Processing file /home/airflow/.local/lib/python3.12/site-packages/airflow/example_dags/example_dynamic_task_mapping.py for tasks to queue
[2026-07-25T09:09:19.591+0000] {logging_mixin.py:190} INFO - [2026-07-25T09:09:19.591+0000] {dagbag.py:588} INFO - Filling up the DagBag from /home/airflow/.local/lib/python3.12/site-packages/airflow/example_dags/example_dynamic_task_mapping.py
[2026-07-25T09:09:19.597+0000] {processor.py:925} INFO - DAG(s) 'example_dynamic_task_mapping' retrieved from /home/airflow/.local/lib/python3.12/site-packages/airflow/example_dags/example_dynamic_task_mapping.py
[2026-07-25T09:09:19.610+0000] {logging_mixin.py:190} INFO - [2026-07-25T09:09:19.609+0000] {dag.py:3239} INFO - Sync 1 DAGs
[2026-07-25T09:09:19.618+0000] {logging_mixin.py:190} INFO - [2026-07-25T09:09:19.618+0000] {dag.py:4180} INFO - Setting next_dagrun for example_dynamic_task_mapping to None, run_after=None
[2026-07-25T09:09:19.630+0000] {processor.py:208} INFO - Processing /home/airflow/.local/lib/python3.12/site-packages/airflow/example_dags/example_dynamic_task_mapping.py took 0.045 seconds
[2026-07-25T09:09:49.796+0000] {processor.py:186} INFO - Started process (PID=511) to work on /home/airflow/.local/lib/python3.12/site-packages/airflow/example_dags/example_dynamic_task_mapping.py
[2026-07-25T09:09:49.797+0000] {processor.py:914} INFO - Processing file /home/airflow/.local/lib/python3.12/site-packages/airflow/example_dags/example_dynamic_task_mapping.py for tasks to queue
[2026-07-25T09:09:49.799+0000] {logging_mixin.py:190} INFO - [2026-07-25T09:09:49.798+0000] {dagbag.py:588} INFO - Filling up the DagBag from /home/airflow/.local/lib/python3.12/site-packages/airflow/example_dags/example_dynamic_task_mapping.py
[2026-07-25T09:09:49.804+0000] {processor.py:925} INFO - DAG(s) 'example_dynamic_task_mapping' retrieved from /home/airflow/.local/lib/python3.12/site-packages/airflow/example_dags/example_dynamic_task_mapping.py
[2026-07-25T09:09:49.819+0000] {logging_mixin.py:190} INFO - [2026-07-25T09:09:49.818+0000] {dag.py:3239} INFO - Sync 1 DAGs
[2026-07-25T09:09:49.828+0000] {logging_mixin.py:190} INFO - [2026-07-25T09:09:49.828+0000] {dag.py:4180} INFO - Setting next_dagrun for example_dynamic_task_mapping to None, run_after=None
[2026-07-25T09:09:49.842+0000] {processor.py:208} INFO - Processing /home/airflow/.local/lib/python3.12/site-packages/airflow/example_dags/example_dynamic_task_mapping.py took 0.050 seconds
[2026-07-25T09:10:20.153+0000] {processor.py:186} INFO - Started process (PID=570) to work on /home/airflow/.local/lib/python3.12/site-packages/airflow/example_dags/example_dynamic_task_mapping.py
[2026-07-25T09:10:20.154+0000] {processor.py:914} INFO - Processing file /home/airflow/.local/lib/python3.12/site-packages/airflow/example_dags/example_dynamic_task_mapping.py for tasks to queue
[2026-07-25T09:10:20.156+0000] {logging_mixin.py:190} INFO - [2026-07-25T09:10:20.156+0000] {dagbag.py:588} INFO - Filling up the DagBag from /home/airflow/.local/lib/python3.12/site-packages/airflow/example_dags/example_dynamic_task_mapping.py
[2026-07-25T09:10:20.161+0000] {processor.py:925} INFO - DAG(s) 'example_dynamic_task_mapping' retrieved from /home/airflow/.local/lib/python3.12/site-packages/airflow/example_dags/example_dynamic_task_mapping.py
[2026-07-25T09:10:20.173+0000] {logging_mixin.py:190} INFO - [2026-07-25T09:10:20.173+0000] {dag.py:3239} INFO - Sync 1 DAGs
[2026-07-25T09:10:20.183+0000] {logging_mixin.py:190} INFO - [2026-07-25T09:10:20.182+0000] {dag.py:4180} INFO - Setting next_dagrun for example_dynamic_task_mapping to None, run_after=None
[2026-07-25T09:10:20.193+0000] {processor.py:208} INFO - Processing /home/airflow/.local/lib/python3.12/site-packages/airflow/example_dags/example_dynamic_task_mapping.py took 0.044 seconds
[2026-07-25T09:10:50.951+0000] {processor.py:186} INFO - Started process (PID=631) to work on /home/airflow/.local/lib/python3.12/site-packages/airflow/example_dags/example_dynamic_task_mapping.py
[2026-07-25T09:10:50.951+0000] {processor.py:914} INFO - Processing file /home/airflow/.local/lib/python3.12/site-packages/airflow/example_dags/example_dynamic_task_mapping.py for tasks to queue
[2026-07-25T09:10:50.953+0000] {logging_mixin.py:190} INFO - [2026-07-25T09:10:50.953+0000] {dagbag.py:588} INFO - Filling up the DagBag from /home/airflow/.local/lib/python3.12/site-packages/airflow/example_dags/example_dynamic_task_mapping.py
[2026-07-25T09:10:50.959+0000] {processor.py:925} INFO - DAG(s) 'example_dynamic_task_mapping' retrieved from /home/airflow/.local/lib/python3.12/site-packages/airflow/example_dags/example_dynamic_task_mapping.py
[2026-07-25T09:10:50.973+0000] {logging_mixin.py:190} INFO - [2026-07-25T09:10:50.973+0000] {dag.py:3239} INFO - Sync 1 DAGs
[2026-07-25T09:10:50.981+0000] {logging_mixin.py:190} INFO - [2026-07-25T09:10:50.981+0000] {dag.py:4180} INFO - Setting next_dagrun for example_dynamic_task_mapping to None, run_after=None
[2026-07-25T09:10:50.993+0000] {processor.py:208} INFO - Processing /home/airflow/.local/lib/python3.12/site-packages/airflow/example_dags/example_dynamic_task_mapping.py took 0.046 seconds
[2026-07-25T09:11:21.034+0000] {processor.py:186} INFO - Started process (PID=694) to work on /home/airflow/.local/lib/python3.12/site-packages/airflow/example_dags/example_dynamic_task_mapping.py
[2026-07-25T09:11:21.034+0000] {processor.py:914} INFO - Processing file /home/airflow/.local/lib/python3.12/site-packages/airflow/example_dags/example_dynamic_task_mapping.py for tasks to queue
[2026-07-25T09:11:21.036+0000] {logging_mixin.py:190} INFO - [2026-07-25T09:11:21.036+0000] {dagbag.py:588} INFO - Filling up the DagBag from /home/airflow/.local/lib/python3.12/site-packages/airflow/example_dags/example_dynamic_task_mapping.py
[2026-07-25T09:11:21.042+0000] {processor.py:925} INFO - DAG(s) 'example_dynamic_task_mapping' retrieved from /home/airflow/.local/lib/python3.12/site-packages/airflow/example_dags/example_dynamic_task_mapping.py
[2026-07-25T09:11:21.055+0000] {logging_mixin.py:190} INFO - [2026-07-25T09:11:21.054+0000] {dag.py:3239} INFO - Sync 1 DAGs
[2026-07-25T09:11:21.063+0000] {logging_mixin.py:190} INFO - [2026-07-25T09:11:21.063+0000] {dag.py:4180} INFO - Setting next_dagrun for example_dynamic_task_mapping to None, run_after=None
[2026-07-25T09:11:21.075+0000] {processor.py:208} INFO - Processing /home/airflow/.local/lib/python3.12/site-packages/airflow/example_dags/example_dynamic_task_mapping.py took 0.045 seconds
[2026-07-25T09:11:51.482+0000] {processor.py:186} INFO - Started process (PID=756) to work on /home/airflow/.local/lib/python3.12/site-packages/airflow/example_dags/example_dynamic_task_mapping.py
[2026-07-25T09:11:51.483+0000] {processor.py:914} INFO - Processing file /home/airflow/.local/lib/python3.12/site-packages/airflow/example_dags/example_dynamic_task_mapping.py for tasks to queue
[2026-07-25T09:11:51.485+0000] {logging_mixin.py:190} INFO - [2026-07-25T09:11:51.485+0000] {dagbag.py:588} INFO - Filling up the DagBag from /home/airflow/.local/lib/python3.12/site-packages/airflow/example_dags/example_dynamic_task_mapping.py
[2026-07-25T09:11:51.491+0000] {processor.py:925} INFO - DAG(s) 'example_dynamic_task_mapping' retrieved from /home/airflow/.local/lib/python3.12/site-packages/airflow/example_dags/example_dynamic_task_mapping.py
[2026-07-25T09:11:51.506+0000] {logging_mixin.py:190} INFO - [2026-07-25T09:11:51.505+0000] {dag.py:3239} INFO - Sync 1 DAGs
[2026-07-25T09:11:51.516+0000] {logging_mixin.py:190} INFO - [2026-07-25T09:11:51.516+0000] {dag.py:4180} INFO - Setting next_dagrun for example_dynamic_task_mapping to None, run_after=None
[2026-07-25T09:11:51.530+0000] {processor.py:208} INFO - Processing /home/airflow/.local/lib/python3.12/site-packages/airflow/example_dags/example_dynamic_task_mapping.py took 0.051 seconds
[2026-07-25T09:12:22.226+0000] {processor.py:186} INFO - Started process (PID=819) to work on /home/airflow/.local/lib/python3.12/site-packages/airflow/example_dags/example_dynamic_task_mapping.py
[2026-07-25T09:12:22.227+0000] {processor.py:914} INFO - Processing file /home/airflow/.local/lib/python3.12/site-packages/airflow/example_dags/example_dynamic_task_mapping.py for tasks to queue
[2026-07-25T09:12:22.229+0000] {logging_mixin.py:190} INFO - [2026-07-25T09:12:22.229+0000] {dagbag.py:588} INFO - Filling up the DagBag from /home/airflow/.local/lib/python3.12/site-packages/airflow/example_dags/example_dynamic_task_mapping.py
[2026-07-25T09:12:22.234+0000] {processor.py:925} INFO - DAG(s) 'example_dynamic_task_mapping' retrieved from /home/airflow/.local/lib/python3.12/site-packages/airflow/example_dags/example_dynamic_task_mapping.py
[2026-07-25T09:12:22.247+0000] {logging_mixin.py:190} INFO - [2026-07-25T09:12:22.247+0000] {dag.py:3239} INFO - Sync 1 DAGs
[2026-07-25T09:12:22.256+0000] {logging_mixin.py:190} INFO - [2026-07-25T09:12:22.256+0000] {dag.py:4180} INFO - Setting next_dagrun for example_dynamic_task_mapping to None, run_after=None
[2026-07-25T09:12:22.267+0000] {processor.py:208} INFO - Processing /home/airflow/.local/lib/python3.12/site-packages/airflow/example_dags/example_dynamic_task_mapping.py took 0.044 seconds
[2026-07-25T09:12:52.299+0000] {processor.py:186} INFO - Started process (PID=881) to work on /home/airflow/.local/lib/python3.12/site-packages/airflow/example_dags/example_dynamic_task_mapping.py
[2026-07-25T09:12:52.300+0000] {processor.py:914} INFO - Processing file /home/airflow/.local/lib/python3.12/site-packages/airflow/example_dags/example_dynamic_task_mapping.py for tasks to queue
[2026-07-25T09:12:52.302+0000] {logging_mixin.py:190} INFO - [2026-07-25T09:12:52.302+0000] {dagbag.py:588} INFO - Filling up the DagBag from /home/airflow/.local/lib/python3.12/site-packages/airflow/example_dags/example_dynamic_task_mapping.py
[2026-07-25T09:12:52.308+0000] {processor.py:925} INFO - DAG(s) 'example_dynamic_task_mapping' retrieved from /home/airflow/.local/lib/python3.12/site-packages/airflow/example_dags/example_dynamic_task_mapping.py
[2026-07-25T09:12:52.320+0000] {logging_mixin.py:190} INFO - [2026-07-25T09:12:52.320+0000] {dag.py:3239} INFO - Sync 1 DAGs
[2026-07-25T09:12:52.328+0000] {logging_mixin.py:190} INFO - [2026-07-25T09:12:52.328+0000] {dag.py:4180} INFO - Setting next_dagrun for example_dynamic_task_mapping to None, run_after=None
[2026-07-25T09:12:52.341+0000] {processor.py:208} INFO - Processing /home/airflow/.local/lib/python3.12/site-packages/airflow/example_dags/example_dynamic_task_mapping.py took 0.045 seconds
[2026-07-25T09:13:24.990+0000] {processor.py:186} INFO - Started process (PID=945) to work on /home/airflow/.local/lib/python3.12/site-packages/airflow/example_dags/example_dynamic_task_mapping.py
[2026-07-25T09:13:24.991+0000] {processor.py:914} INFO - Processing file /home/airflow/.local/lib/python3.12/site-packages/airflow/example_dags/example_dynamic_task_mapping.py for tasks to queue
[2026-07-25T09:13:24.992+0000] {logging_mixin.py:190} INFO - [2026-07-25T09:13:24.992+0000] {dagbag.py:588} INFO - Filling up the DagBag from /home/airflow/.local/lib/python3.12/site-packages/airflow/example_dags/example_dynamic_task_mapping.py
[2026-07-25T09:13:24.998+0000] {processor.py:925} INFO - DAG(s) 'example_dynamic_task_mapping' retrieved from /home/airflow/.local/lib/python3.12/site-packages/airflow/example_dags/example_dynamic_task_mapping.py
[2026-07-25T09:13:25.012+0000] {logging_mixin.py:190} INFO - [2026-07-25T09:13:25.012+0000] {dag.py:3239} INFO - Sync 1 DAGs
[2026-07-25T09:13:25.022+0000] {logging_mixin.py:190} INFO - [2026-07-25T09:13:25.022+0000] {dag.py:4180} INFO - Setting next_dagrun for example_dynamic_task_mapping to None, run_after=None
[2026-07-25T09:13:25.034+0000] {processor.py:208} INFO - Processing /home/airflow/.local/lib/python3.12/site-packages/airflow/example_dags/example_dynamic_task_mapping.py took 0.048 seconds
[2026-07-25T09:13:55.092+0000] {processor.py:186} INFO - Started process (PID=1007) to work on /home/airflow/.local/lib/python3.12/site-packages/airflow/example_dags/example_dynamic_task_mapping.py
[2026-07-25T09:13:55.092+0000] {processor.py:914} INFO - Processing file /home/airflow/.local/lib/python3.12/site-packages/airflow/example_dags/example_dynamic_task_mapping.py for tasks to queue
[2026-07-25T09:13:55.094+0000] {logging_mixin.py:190} INFO - [2026-07-25T09:13:55.094+0000] {dagbag.py:588} INFO - Filling up the DagBag from /home/airflow/.local/lib/python3.12/site-packages/airflow/example_dags/example_dynamic_task_mapping.py
[2026-07-25T09:13:55.100+0000] {processor.py:925} INFO - DAG(s) 'example_dynamic_task_mapping' retrieved from /home/airflow/.local/lib/python3.12/site-packages/airflow/example_dags/example_dynamic_task_mapping.py
[2026-07-25T09:13:55.113+0000] {logging_mixin.py:190} INFO - [2026-07-25T09:13:55.112+0000] {dag.py:3239} INFO - Sync 1 DAGs
[2026-07-25T09:13:55.122+0000] {logging_mixin.py:190} INFO - [2026-07-25T09:13:55.122+0000] {dag.py:4180} INFO - Setting next_dagrun for example_dynamic_task_mapping to None, run_after=None
[2026-07-25T09:13:55.135+0000] {processor.py:208} INFO - Processing /home/airflow/.local/lib/python3.12/site-packages/airflow/example_dags/example_dynamic_task_mapping.py took 0.047 seconds
[2026-07-25T09:14:25.203+0000] {processor.py:186} INFO - Started process (PID=1069) to work on /home/airflow/.local/lib/python3.12/site-packages/airflow/example_dags/example_dynamic_task_mapping.py
[2026-07-25T09:14:25.204+0000] {processor.py:914} INFO - Processing file /home/airflow/.local/lib/python3.12/site-packages/airflow/example_dags/example_dynamic_task_mapping.py for tasks to queue
[2026-07-25T09:14:25.206+0000] {logging_mixin.py:190} INFO - [2026-07-25T09:14:25.205+0000] {dagbag.py:588} INFO - Filling up the DagBag from /home/airflow/.local/lib/python3.12/site-packages/airflow/example_dags/example_dynamic_task_mapping.py
[2026-07-25T09:14:25.211+0000] {processor.py:925} INFO - DAG(s) 'example_dynamic_task_mapping' retrieved from /home/airflow/.local/lib/python3.12/site-packages/airflow/example_dags/example_dynamic_task_mapping.py
[2026-07-25T09:14:25.222+0000] {logging_mixin.py:190} INFO - [2026-07-25T09:14:25.222+0000] {dag.py:3239} INFO - Sync 1 DAGs
[2026-07-25T09:14:25.230+0000] {logging_mixin.py:190} INFO - [2026-07-25T09:14:25.230+0000] {dag.py:4180} INFO - Setting next_dagrun for example_dynamic_task_mapping to None, run_after=None
[2026-07-25T09:14:25.240+0000] {processor.py:208} INFO - Processing /home/airflow/.local/lib/python3.12/site-packages/airflow/example_dags/example_dynamic_task_mapping.py took 0.041 seconds
[2026-07-25T09:15:32.713+0000] {processor.py:186} INFO - Started process (PID=65) to work on /home/airflow/.local/lib/python3.12/site-packages/airflow/example_dags/example_dynamic_task_mapping.py
[2026-07-25T09:15:32.714+0000] {processor.py:914} INFO - Processing file /home/airflow/.local/lib/python3.12/site-packages/airflow/example_dags/example_dynamic_task_mapping.py for tasks to queue
[2026-07-25T09:15:32.716+0000] {logging_mixin.py:190} INFO - [2026-07-25T09:15:32.716+0000] {dagbag.py:588} INFO - Filling up the DagBag from /home/airflow/.local/lib/python3.12/site-packages/airflow/example_dags/example_dynamic_task_mapping.py
[2026-07-25T09:15:32.725+0000] {processor.py:925} INFO - DAG(s) 'example_dynamic_task_mapping' retrieved from /home/airflow/.local/lib/python3.12/site-packages/airflow/example_dags/example_dynamic_task_mapping.py
[2026-07-25T09:15:32.745+0000] {logging_mixin.py:190} INFO - [2026-07-25T09:15:32.745+0000] {dag.py:3239} INFO - Sync 1 DAGs
[2026-07-25T09:15:32.757+0000] {logging_mixin.py:190} INFO - [2026-07-25T09:15:32.757+0000] {dag.py:4180} INFO - Setting next_dagrun for example_dynamic_task_mapping to None, run_after=None
[2026-07-25T09:15:32.773+0000] {processor.py:208} INFO - Processing /home/airflow/.local/lib/python3.12/site-packages/airflow/example_dags/example_dynamic_task_mapping.py took 0.064 seconds
[2026-07-25T09:16:02.994+0000] {processor.py:186} INFO - Started process (PID=128) to work on /home/airflow/.local/lib/python3.12/site-packages/airflow/example_dags/example_dynamic_task_mapping.py
[2026-07-25T09:16:02.995+0000] {processor.py:914} INFO - Processing file /home/airflow/.local/lib/python3.12/site-packages/airflow/example_dags/example_dynamic_task_mapping.py for tasks to queue
[2026-07-25T09:16:02.998+0000] {logging_mixin.py:190} INFO - [2026-07-25T09:16:02.997+0000] {dagbag.py:588} INFO - Filling up the DagBag from /home/airflow/.local/lib/python3.12/site-packages/airflow/example_dags/example_dynamic_task_mapping.py
[2026-07-25T09:16:03.006+0000] {processor.py:925} INFO - DAG(s) 'example_dynamic_task_mapping' retrieved from /home/airflow/.local/lib/python3.12/site-packages/airflow/example_dags/example_dynamic_task_mapping.py
[2026-07-25T09:16:03.020+0000] {logging_mixin.py:190} INFO - [2026-07-25T09:16:03.020+0000] {dag.py:3239} INFO - Sync 1 DAGs
[2026-07-25T09:16:03.030+0000] {logging_mixin.py:190} INFO - [2026-07-25T09:16:03.030+0000] {dag.py:4180} INFO - Setting next_dagrun for example_dynamic_task_mapping to None, run_after=None
[2026-07-25T09:16:03.080+0000] {processor.py:208} INFO - Processing /home/airflow/.local/lib/python3.12/site-packages/airflow/example_dags/example_dynamic_task_mapping.py took 0.089 seconds
[2026-07-25T09:16:33.664+0000] {processor.py:186} INFO - Started process (PID=191) to work on /home/airflow/.local/lib/python3.12/site-packages/airflow/example_dags/example_dynamic_task_mapping.py
[2026-07-25T09:16:33.665+0000] {processor.py:914} INFO - Processing file /home/airflow/.local/lib/python3.12/site-packages/airflow/example_dags/example_dynamic_task_mapping.py for tasks to queue
[2026-07-25T09:16:33.666+0000] {logging_mixin.py:190} INFO - [2026-07-25T09:16:33.666+0000] {dagbag.py:588} INFO - Filling up the DagBag from /home/airflow/.local/lib/python3.12/site-packages/airflow/example_dags/example_dynamic_task_mapping.py
[2026-07-25T09:16:33.671+0000] {processor.py:925} INFO - DAG(s) 'example_dynamic_task_mapping' retrieved from /home/airflow/.local/lib/python3.12/site-packages/airflow/example_dags/example_dynamic_task_mapping.py
[2026-07-25T09:16:33.684+0000] {logging_mixin.py:190} INFO - [2026-07-25T09:16:33.684+0000] {dag.py:3239} INFO - Sync 1 DAGs
[2026-07-25T09:16:33.693+0000] {logging_mixin.py:190} INFO - [2026-07-25T09:16:33.692+0000] {dag.py:4180} INFO - Setting next_dagrun for example_dynamic_task_mapping to None, run_after=None
[2026-07-25T09:16:33.703+0000] {processor.py:208} INFO - Processing /home/airflow/.local/lib/python3.12/site-packages/airflow/example_dags/example_dynamic_task_mapping.py took 0.042 seconds
[2026-07-25T09:17:04.405+0000] {processor.py:186} INFO - Started process (PID=254) to work on /home/airflow/.local/lib/python3.12/site-packages/airflow/example_dags/example_dynamic_task_mapping.py
[2026-07-25T09:17:04.406+0000] {processor.py:914} INFO - Processing file /home/airflow/.local/lib/python3.12/site-packages/airflow/example_dags/example_dynamic_task_mapping.py for tasks to queue
[2026-07-25T09:17:04.408+0000] {logging_mixin.py:190} INFO - [2026-07-25T09:17:04.408+0000] {dagbag.py:588} INFO - Filling up the DagBag from /home/airflow/.local/lib/python3.12/site-packages/airflow/example_dags/example_dynamic_task_mapping.py
[2026-07-25T09:17:04.414+0000] {processor.py:925} INFO - DAG(s) 'example_dynamic_task_mapping' retrieved from /home/airflow/.local/lib/python3.12/site-packages/airflow/example_dags/example_dynamic_task_mapping.py
[2026-07-25T09:17:04.427+0000] {logging_mixin.py:190} INFO - [2026-07-25T09:17:04.427+0000] {dag.py:3239} INFO - Sync 1 DAGs
[2026-07-25T09:17:04.437+0000] {logging_mixin.py:190} INFO - [2026-07-25T09:17:04.437+0000] {dag.py:4180} INFO - Setting next_dagrun for example_dynamic_task_mapping to None, run_after=None
[2026-07-25T09:17:04.449+0000] {processor.py:208} INFO - Processing /home/airflow/.local/lib/python3.12/site-packages/airflow/example_dags/example_dynamic_task_mapping.py took 0.047 seconds
[2026-07-25T09:17:34.797+0000] {processor.py:186} INFO - Started process (PID=317) to work on /home/airflow/.local/lib/python3.12/site-packages/airflow/example_dags/example_dynamic_task_mapping.py
[2026-07-25T09:17:34.797+0000] {processor.py:914} INFO - Processing file /home/airflow/.local/lib/python3.12/site-packages/airflow/example_dags/example_dynamic_task_mapping.py for tasks to queue
[2026-07-25T09:17:34.799+0000] {logging_mixin.py:190} INFO - [2026-07-25T09:17:34.799+0000] {dagbag.py:588} INFO - Filling up the DagBag from /home/airflow/.local/lib/python3.12/site-packages/airflow/example_dags/example_dynamic_task_mapping.py
[2026-07-25T09:17:34.804+0000] {processor.py:925} INFO - DAG(s) 'example_dynamic_task_mapping' retrieved from /home/airflow/.local/lib/python3.12/site-packages/airflow/example_dags/example_dynamic_task_mapping.py
[2026-07-25T09:17:34.818+0000] {logging_mixin.py:190} INFO - [2026-07-25T09:17:34.818+0000] {dag.py:3239} INFO - Sync 1 DAGs
[2026-07-25T09:17:34.827+0000] {logging_mixin.py:190} INFO - [2026-07-25T09:17:34.827+0000] {dag.py:4180} INFO - Setting next_dagrun for example_dynamic_task_mapping to None, run_after=None
[2026-07-25T09:17:34.837+0000] {processor.py:208} INFO - Processing /home/airflow/.local/lib/python3.12/site-packages/airflow/example_dags/example_dynamic_task_mapping.py took 0.044 seconds
[2026-07-25T09:18:05.052+0000] {processor.py:186} INFO - Started process (PID=380) to work on /home/airflow/.local/lib/python3.12/site-packages/airflow/example_dags/example_dynamic_task_mapping.py
[2026-07-25T09:18:05.053+0000] {processor.py:914} INFO - Processing file /home/airflow/.local/lib/python3.12/site-packages/airflow/example_dags/example_dynamic_task_mapping.py for tasks to queue
[2026-07-25T09:18:05.055+0000] {logging_mixin.py:190} INFO - [2026-07-25T09:18:05.055+0000] {dagbag.py:588} INFO - Filling up the DagBag from /home/airflow/.local/lib/python3.12/site-packages/airflow/example_dags/example_dynamic_task_mapping.py
[2026-07-25T09:18:05.061+0000] {processor.py:925} INFO - DAG(s) 'example_dynamic_task_mapping' retrieved from /home/airflow/.local/lib/python3.12/site-packages/airflow/example_dags/example_dynamic_task_mapping.py
[2026-07-25T09:18:05.074+0000] {logging_mixin.py:190} INFO - [2026-07-25T09:18:05.074+0000] {dag.py:3239} INFO - Sync 1 DAGs
[2026-07-25T09:18:05.082+0000] {logging_mixin.py:190} INFO - [2026-07-25T09:18:05.082+0000] {dag.py:4180} INFO - Setting next_dagrun for example_dynamic_task_mapping to None, run_after=None
[2026-07-25T09:18:05.093+0000] {processor.py:208} INFO - Processing /home/airflow/.local/lib/python3.12/site-packages/airflow/example_dags/example_dynamic_task_mapping.py took 0.044 seconds
[2026-07-25T09:18:35.745+0000] {processor.py:186} INFO - Started process (PID=442) to work on /home/airflow/.local/lib/python3.12/site-packages/airflow/example_dags/example_dynamic_task_mapping.py
[2026-07-25T09:18:35.746+0000] {processor.py:914} INFO - Processing file /home/airflow/.local/lib/python3.12/site-packages/airflow/example_dags/example_dynamic_task_mapping.py for tasks to queue
[2026-07-25T09:18:35.748+0000] {logging_mixin.py:190} INFO - [2026-07-25T09:18:35.748+0000] {dagbag.py:588} INFO - Filling up the DagBag from /home/airflow/.local/lib/python3.12/site-packages/airflow/example_dags/example_dynamic_task_mapping.py
[2026-07-25T09:18:35.754+0000] {processor.py:925} INFO - DAG(s) 'example_dynamic_task_mapping' retrieved from /home/airflow/.local/lib/python3.12/site-packages/airflow/example_dags/example_dynamic_task_mapping.py
[2026-07-25T09:18:35.767+0000] {logging_mixin.py:190} INFO - [2026-07-25T09:18:35.767+0000] {dag.py:3239} INFO - Sync 1 DAGs
[2026-07-25T09:18:35.777+0000] {logging_mixin.py:190} INFO - [2026-07-25T09:18:35.777+0000] {dag.py:4180} INFO - Setting next_dagrun for example_dynamic_task_mapping to None, run_after=None
[2026-07-25T09:18:35.788+0000] {processor.py:208} INFO - Processing /home/airflow/.local/lib/python3.12/site-packages/airflow/example_dags/example_dynamic_task_mapping.py took 0.046 seconds
[2026-07-25T09:19:06.013+0000] {processor.py:186} INFO - Started process (PID=504) to work on /home/airflow/.local/lib/python3.12/site-packages/airflow/example_dags/example_dynamic_task_mapping.py
[2026-07-25T09:19:06.013+0000] {processor.py:914} INFO - Processing file /home/airflow/.local/lib/python3.12/site-packages/airflow/example_dags/example_dynamic_task_mapping.py for tasks to queue
[2026-07-25T09:19:06.016+0000] {logging_mixin.py:190} INFO - [2026-07-25T09:19:06.015+0000] {dagbag.py:588} INFO - Filling up the DagBag from /home/airflow/.local/lib/python3.12/site-packages/airflow/example_dags/example_dynamic_task_mapping.py
[2026-07-25T09:19:06.021+0000] {processor.py:925} INFO - DAG(s) 'example_dynamic_task_mapping' retrieved from /home/airflow/.local/lib/python3.12/site-packages/airflow/example_dags/example_dynamic_task_mapping.py
[2026-07-25T09:19:06.034+0000] {logging_mixin.py:190} INFO - [2026-07-25T09:19:06.034+0000] {dag.py:3239} INFO - Sync 1 DAGs
[2026-07-25T09:19:06.043+0000] {logging_mixin.py:190} INFO - [2026-07-25T09:19:06.043+0000] {dag.py:4180} INFO - Setting next_dagrun for example_dynamic_task_mapping to None, run_after=None
[2026-07-25T09:19:06.054+0000] {processor.py:208} INFO - Processing /home/airflow/.local/lib/python3.12/site-packages/airflow/example_dags/example_dynamic_task_mapping.py took 0.045 seconds
[2026-07-25T09:20:43.802+0000] {processor.py:186} INFO - Started process (PID=65) to work on /home/airflow/.local/lib/python3.12/site-packages/airflow/example_dags/example_dynamic_task_mapping.py
[2026-07-25T09:20:43.804+0000] {processor.py:914} INFO - Processing file /home/airflow/.local/lib/python3.12/site-packages/airflow/example_dags/example_dynamic_task_mapping.py for tasks to queue
[2026-07-25T09:20:43.807+0000] {logging_mixin.py:190} INFO - [2026-07-25T09:20:43.807+0000] {dagbag.py:588} INFO - Filling up the DagBag from /home/airflow/.local/lib/python3.12/site-packages/airflow/example_dags/example_dynamic_task_mapping.py
[2026-07-25T09:20:43.820+0000] {processor.py:925} INFO - DAG(s) 'example_dynamic_task_mapping' retrieved from /home/airflow/.local/lib/python3.12/site-packages/airflow/example_dags/example_dynamic_task_mapping.py
[2026-07-25T09:20:43.846+0000] {logging_mixin.py:190} INFO - [2026-07-25T09:20:43.846+0000] {dag.py:3239} INFO - Sync 1 DAGs
[2026-07-25T09:20:43.862+0000] {logging_mixin.py:190} INFO - [2026-07-25T09:20:43.862+0000] {dag.py:4180} INFO - Setting next_dagrun for example_dynamic_task_mapping to None, run_after=None
[2026-07-25T09:20:43.875+0000] {processor.py:208} INFO - Processing /home/airflow/.local/lib/python3.12/site-packages/airflow/example_dags/example_dynamic_task_mapping.py took 0.080 seconds
[2026-07-25T09:21:13.976+0000] {processor.py:186} INFO - Started process (PID=128) to work on /home/airflow/.local/lib/python3.12/site-packages/airflow/example_dags/example_dynamic_task_mapping.py
[2026-07-25T09:21:13.976+0000] {processor.py:914} INFO - Processing file /home/airflow/.local/lib/python3.12/site-packages/airflow/example_dags/example_dynamic_task_mapping.py for tasks to queue
[2026-07-25T09:21:13.979+0000] {logging_mixin.py:190} INFO - [2026-07-25T09:21:13.979+0000] {dagbag.py:588} INFO - Filling up the DagBag from /home/airflow/.local/lib/python3.12/site-packages/airflow/example_dags/example_dynamic_task_mapping.py
[2026-07-25T09:21:13.985+0000] {processor.py:925} INFO - DAG(s) 'example_dynamic_task_mapping' retrieved from /home/airflow/.local/lib/python3.12/site-packages/airflow/example_dags/example_dynamic_task_mapping.py
[2026-07-25T09:21:13.998+0000] {logging_mixin.py:190} INFO - [2026-07-25T09:21:13.998+0000] {dag.py:3239} INFO - Sync 1 DAGs
[2026-07-25T09:21:14.006+0000] {logging_mixin.py:190} INFO - [2026-07-25T09:21:14.006+0000] {dag.py:4180} INFO - Setting next_dagrun for example_dynamic_task_mapping to None, run_after=None
[2026-07-25T09:21:14.017+0000] {processor.py:208} INFO - Processing /home/airflow/.local/lib/python3.12/site-packages/airflow/example_dags/example_dynamic_task_mapping.py took 0.045 seconds
[2026-07-25T09:21:44.117+0000] {processor.py:186} INFO - Started process (PID=191) to work on /home/airflow/.local/lib/python3.12/site-packages/airflow/example_dags/example_dynamic_task_mapping.py
[2026-07-25T09:21:44.117+0000] {processor.py:914} INFO - Processing file /home/airflow/.local/lib/python3.12/site-packages/airflow/example_dags/example_dynamic_task_mapping.py for tasks to queue
[2026-07-25T09:21:44.119+0000] {logging_mixin.py:190} INFO - [2026-07-25T09:21:44.119+0000] {dagbag.py:588} INFO - Filling up the DagBag from /home/airflow/.local/lib/python3.12/site-packages/airflow/example_dags/example_dynamic_task_mapping.py
[2026-07-25T09:21:44.125+0000] {processor.py:925} INFO - DAG(s) 'example_dynamic_task_mapping' retrieved from /home/airflow/.local/lib/python3.12/site-packages/airflow/example_dags/example_dynamic_task_mapping.py
[2026-07-25T09:21:44.138+0000] {logging_mixin.py:190} INFO - [2026-07-25T09:21:44.137+0000] {dag.py:3239} INFO - Sync 1 DAGs
[2026-07-25T09:21:44.146+0000] {logging_mixin.py:190} INFO - [2026-07-25T09:21:44.146+0000] {dag.py:4180} INFO - Setting next_dagrun for example_dynamic_task_mapping to None, run_after=None
[2026-07-25T09:21:44.157+0000] {processor.py:208} INFO - Processing /home/airflow/.local/lib/python3.12/site-packages/airflow/example_dags/example_dynamic_task_mapping.py took 0.043 seconds
[2026-07-25T09:22:14.706+0000] {processor.py:186} INFO - Started process (PID=254) to work on /home/airflow/.local/lib/python3.12/site-packages/airflow/example_dags/example_dynamic_task_mapping.py
[2026-07-25T09:22:14.707+0000] {processor.py:914} INFO - Processing file /home/airflow/.local/lib/python3.12/site-packages/airflow/example_dags/example_dynamic_task_mapping.py for tasks to queue
[2026-07-25T09:22:14.709+0000] {logging_mixin.py:190} INFO - [2026-07-25T09:22:14.709+0000] {dagbag.py:588} INFO - Filling up the DagBag from /home/airflow/.local/lib/python3.12/site-packages/airflow/example_dags/example_dynamic_task_mapping.py
[2026-07-25T09:22:14.715+0000] {processor.py:925} INFO - DAG(s) 'example_dynamic_task_mapping' retrieved from /home/airflow/.local/lib/python3.12/site-packages/airflow/example_dags/example_dynamic_task_mapping.py
[2026-07-25T09:22:14.727+0000] {logging_mixin.py:190} INFO - [2026-07-25T09:22:14.727+0000] {dag.py:3239} INFO - Sync 1 DAGs
[2026-07-25T09:22:14.736+0000] {logging_mixin.py:190} INFO - [2026-07-25T09:22:14.736+0000] {dag.py:4180} INFO - Setting next_dagrun for example_dynamic_task_mapping to None, run_after=None
[2026-07-25T09:22:14.748+0000] {processor.py:208} INFO - Processing /home/airflow/.local/lib/python3.12/site-packages/airflow/example_dags/example_dynamic_task_mapping.py took 0.045 seconds
[2026-07-25T09:23:55.573+0000] {processor.py:186} INFO - Started process (PID=65) to work on /home/airflow/.local/lib/python3.12/site-packages/airflow/example_dags/example_dynamic_task_mapping.py
[2026-07-25T09:23:55.575+0000] {processor.py:914} INFO - Processing file /home/airflow/.local/lib/python3.12/site-packages/airflow/example_dags/example_dynamic_task_mapping.py for tasks to queue
[2026-07-25T09:23:55.578+0000] {logging_mixin.py:190} INFO - [2026-07-25T09:23:55.578+0000] {dagbag.py:588} INFO - Filling up the DagBag from /home/airflow/.local/lib/python3.12/site-packages/airflow/example_dags/example_dynamic_task_mapping.py
[2026-07-25T09:23:55.596+0000] {processor.py:925} INFO - DAG(s) 'example_dynamic_task_mapping' retrieved from /home/airflow/.local/lib/python3.12/site-packages/airflow/example_dags/example_dynamic_task_mapping.py
[2026-07-25T09:23:55.625+0000] {logging_mixin.py:190} INFO - [2026-07-25T09:23:55.625+0000] {dag.py:3239} INFO - Sync 1 DAGs
[2026-07-25T09:23:55.638+0000] {logging_mixin.py:190} INFO - [2026-07-25T09:23:55.638+0000] {dag.py:4180} INFO - Setting next_dagrun for example_dynamic_task_mapping to None, run_after=None
[2026-07-25T09:23:55.654+0000] {processor.py:208} INFO - Processing /home/airflow/.local/lib/python3.12/site-packages/airflow/example_dags/example_dynamic_task_mapping.py took 0.088 seconds
[2026-07-25T09:24:26.593+0000] {processor.py:186} INFO - Started process (PID=128) to work on /home/airflow/.local/lib/python3.12/site-packages/airflow/example_dags/example_dynamic_task_mapping.py
[2026-07-25T09:24:26.593+0000] {processor.py:914} INFO - Processing file /home/airflow/.local/lib/python3.12/site-packages/airflow/example_dags/example_dynamic_task_mapping.py for tasks to queue
[2026-07-25T09:24:26.596+0000] {logging_mixin.py:190} INFO - [2026-07-25T09:24:26.595+0000] {dagbag.py:588} INFO - Filling up the DagBag from /home/airflow/.local/lib/python3.12/site-packages/airflow/example_dags/example_dynamic_task_mapping.py
[2026-07-25T09:24:26.602+0000] {processor.py:925} INFO - DAG(s) 'example_dynamic_task_mapping' retrieved from /home/airflow/.local/lib/python3.12/site-packages/airflow/example_dags/example_dynamic_task_mapping.py
[2026-07-25T09:24:26.615+0000] {logging_mixin.py:190} INFO - [2026-07-25T09:24:26.614+0000] {dag.py:3239} INFO - Sync 1 DAGs
[2026-07-25T09:24:26.622+0000] {logging_mixin.py:190} INFO - [2026-07-25T09:24:26.622+0000] {dag.py:4180} INFO - Setting next_dagrun for example_dynamic_task_mapping to None, run_after=None
[2026-07-25T09:24:26.638+0000] {processor.py:208} INFO - Processing /home/airflow/.local/lib/python3.12/site-packages/airflow/example_dags/example_dynamic_task_mapping.py took 0.050 seconds
[2026-07-25T09:24:57.116+0000] {processor.py:186} INFO - Started process (PID=191) to work on /home/airflow/.local/lib/python3.12/site-packages/airflow/example_dags/example_dynamic_task_mapping.py
[2026-07-25T09:24:57.117+0000] {processor.py:914} INFO - Processing file /home/airflow/.local/lib/python3.12/site-packages/airflow/example_dags/example_dynamic_task_mapping.py for tasks to queue
[2026-07-25T09:24:57.119+0000] {logging_mixin.py:190} INFO - [2026-07-25T09:24:57.119+0000] {dagbag.py:588} INFO - Filling up the DagBag from /home/airflow/.local/lib/python3.12/site-packages/airflow/example_dags/example_dynamic_task_mapping.py
[2026-07-25T09:24:57.124+0000] {processor.py:925} INFO - DAG(s) 'example_dynamic_task_mapping' retrieved from /home/airflow/.local/lib/python3.12/site-packages/airflow/example_dags/example_dynamic_task_mapping.py
[2026-07-25T09:24:57.138+0000] {logging_mixin.py:190} INFO - [2026-07-25T09:24:57.138+0000] {dag.py:3239} INFO - Sync 1 DAGs
[2026-07-25T09:24:57.147+0000] {logging_mixin.py:190} INFO - [2026-07-25T09:24:57.147+0000] {dag.py:4180} INFO - Setting next_dagrun for example_dynamic_task_mapping to None, run_after=None
[2026-07-25T09:24:57.157+0000] {processor.py:208} INFO - Processing /home/airflow/.local/lib/python3.12/site-packages/airflow/example_dags/example_dynamic_task_mapping.py took 0.045 seconds
[2026-07-25T09:25:28.040+0000] {processor.py:186} INFO - Started process (PID=254) to work on /home/airflow/.local/lib/python3.12/site-packages/airflow/example_dags/example_dynamic_task_mapping.py
[2026-07-25T09:25:28.041+0000] {processor.py:914} INFO - Processing file /home/airflow/.local/lib/python3.12/site-packages/airflow/example_dags/example_dynamic_task_mapping.py for tasks to queue
[2026-07-25T09:25:28.043+0000] {logging_mixin.py:190} INFO - [2026-07-25T09:25:28.042+0000] {dagbag.py:588} INFO - Filling up the DagBag from /home/airflow/.local/lib/python3.12/site-packages/airflow/example_dags/example_dynamic_task_mapping.py
[2026-07-25T09:25:28.050+0000] {processor.py:925} INFO - DAG(s) 'example_dynamic_task_mapping' retrieved from /home/airflow/.local/lib/python3.12/site-packages/airflow/example_dags/example_dynamic_task_mapping.py
[2026-07-25T09:25:28.064+0000] {logging_mixin.py:190} INFO - [2026-07-25T09:25:28.064+0000] {dag.py:3239} INFO - Sync 1 DAGs
[2026-07-25T09:25:28.073+0000] {logging_mixin.py:190} INFO - [2026-07-25T09:25:28.073+0000] {dag.py:4180} INFO - Setting next_dagrun for example_dynamic_task_mapping to None, run_after=None
[2026-07-25T09:25:28.088+0000] {processor.py:208} INFO - Processing /home/airflow/.local/lib/python3.12/site-packages/airflow/example_dags/example_dynamic_task_mapping.py took 0.052 seconds
[2026-07-25T09:26:47.691+0000] {processor.py:186} INFO - Started process (PID=65) to work on /home/airflow/.local/lib/python3.12/site-packages/airflow/example_dags/example_dynamic_task_mapping.py
[2026-07-25T09:26:47.692+0000] {processor.py:914} INFO - Processing file /home/airflow/.local/lib/python3.12/site-packages/airflow/example_dags/example_dynamic_task_mapping.py for tasks to queue
[2026-07-25T09:26:47.694+0000] {logging_mixin.py:190} INFO - [2026-07-25T09:26:47.694+0000] {dagbag.py:588} INFO - Filling up the DagBag from /home/airflow/.local/lib/python3.12/site-packages/airflow/example_dags/example_dynamic_task_mapping.py
[2026-07-25T09:26:47.703+0000] {processor.py:925} INFO - DAG(s) 'example_dynamic_task_mapping' retrieved from /home/airflow/.local/lib/python3.12/site-packages/airflow/example_dags/example_dynamic_task_mapping.py
[2026-07-25T09:26:47.820+0000] {logging_mixin.py:190} INFO - [2026-07-25T09:26:47.819+0000] {override.py:1932} INFO - Created Permission View: can edit on DAG:example_dynamic_task_mapping
[2026-07-25T09:26:47.829+0000] {logging_mixin.py:190} INFO - [2026-07-25T09:26:47.829+0000] {override.py:1932} INFO - Created Permission View: can read on DAG:example_dynamic_task_mapping
[2026-07-25T09:26:47.836+0000] {logging_mixin.py:190} INFO - [2026-07-25T09:26:47.836+0000] {override.py:1932} INFO - Created Permission View: can delete on DAG:example_dynamic_task_mapping
[2026-07-25T09:26:47.843+0000] {logging_mixin.py:190} INFO - [2026-07-25T09:26:47.843+0000] {override.py:1932} INFO - Created Permission View: menu access on DAG Run:example_dynamic_task_mapping
[2026-07-25T09:26:47.849+0000] {logging_mixin.py:190} INFO - [2026-07-25T09:26:47.849+0000] {override.py:1932} INFO - Created Permission View: can read on DAG Run:example_dynamic_task_mapping
[2026-07-25T09:26:47.854+0000] {logging_mixin.py:190} INFO - [2026-07-25T09:26:47.854+0000] {override.py:1932} INFO - Created Permission View: can create on DAG Run:example_dynamic_task_mapping
[2026-07-25T09:26:47.859+0000] {logging_mixin.py:190} INFO - [2026-07-25T09:26:47.859+0000] {override.py:1932} INFO - Created Permission View: can delete on DAG Run:example_dynamic_task_mapping
[2026-07-25T09:26:47.860+0000] {logging_mixin.py:190} INFO - [2026-07-25T09:26:47.860+0000] {dag.py:3239} INFO - Sync 1 DAGs
[2026-07-25T09:26:47.869+0000] {logging_mixin.py:190} INFO - [2026-07-25T09:26:47.869+0000] {dag.py:3262} INFO - Creating ORM DAG for example_dynamic_task_mapping
[2026-07-25T09:26:47.870+0000] {logging_mixin.py:190} INFO - [2026-07-25T09:26:47.870+0000] {dag.py:4180} INFO - Setting next_dagrun for example_dynamic_task_mapping to None, run_after=None
[2026-07-25T09:26:47.881+0000] {processor.py:208} INFO - Processing /home/airflow/.local/lib/python3.12/site-packages/airflow/example_dags/example_dynamic_task_mapping.py took 0.194 seconds
[2026-07-25T09:27:18.610+0000] {processor.py:186} INFO - Started process (PID=128) to work on /home/airflow/.local/lib/python3.12/site-packages/airflow/example_dags/example_dynamic_task_mapping.py
[2026-07-25T09:27:18.611+0000] {processor.py:914} INFO - Processing file /home/airflow/.local/lib/python3.12/site-packages/airflow/example_dags/example_dynamic_task_mapping.py for tasks to queue
[2026-07-25T09:27:18.613+0000] {logging_mixin.py:190} INFO - [2026-07-25T09:27:18.613+0000] {dagbag.py:588} INFO - Filling up the DagBag from /home/airflow/.local/lib/python3.12/site-packages/airflow/example_dags/example_dynamic_task_mapping.py
[2026-07-25T09:27:18.619+0000] {processor.py:925} INFO - DAG(s) 'example_dynamic_task_mapping' retrieved from /home/airflow/.local/lib/python3.12/site-packages/airflow/example_dags/example_dynamic_task_mapping.py
[2026-07-25T09:27:18.633+0000] {logging_mixin.py:190} INFO - [2026-07-25T09:27:18.633+0000] {dag.py:3239} INFO - Sync 1 DAGs
[2026-07-25T09:27:18.642+0000] {logging_mixin.py:190} INFO - [2026-07-25T09:27:18.642+0000] {dag.py:4180} INFO - Setting next_dagrun for example_dynamic_task_mapping to None, run_after=None
[2026-07-25T09:27:18.664+0000] {processor.py:208} INFO - Processing /home/airflow/.local/lib/python3.12/site-packages/airflow/example_dags/example_dynamic_task_mapping.py took 0.058 seconds
[2026-07-25T09:27:48.925+0000] {processor.py:186} INFO - Started process (PID=191) to work on /home/airflow/.local/lib/python3.12/site-packages/airflow/example_dags/example_dynamic_task_mapping.py
[2026-07-25T09:27:48.926+0000] {processor.py:914} INFO - Processing file /home/airflow/.local/lib/python3.12/site-packages/airflow/example_dags/example_dynamic_task_mapping.py for tasks to queue
[2026-07-25T09:27:48.928+0000] {logging_mixin.py:190} INFO - [2026-07-25T09:27:48.928+0000] {dagbag.py:588} INFO - Filling up the DagBag from /home/airflow/.local/lib/python3.12/site-packages/airflow/example_dags/example_dynamic_task_mapping.py
[2026-07-25T09:27:48.933+0000] {processor.py:925} INFO - DAG(s) 'example_dynamic_task_mapping' retrieved from /home/airflow/.local/lib/python3.12/site-packages/airflow/example_dags/example_dynamic_task_mapping.py
[2026-07-25T09:27:48.947+0000] {logging_mixin.py:190} INFO - [2026-07-25T09:27:48.947+0000] {dag.py:3239} INFO - Sync 1 DAGs
[2026-07-25T09:27:48.956+0000] {logging_mixin.py:190} INFO - [2026-07-25T09:27:48.956+0000] {dag.py:4180} INFO - Setting next_dagrun for example_dynamic_task_mapping to None, run_after=None
[2026-07-25T09:27:48.977+0000] {processor.py:208} INFO - Processing /home/airflow/.local/lib/python3.12/site-packages/airflow/example_dags/example_dynamic_task_mapping.py took 0.055 seconds
[2026-07-25T09:28:19.314+0000] {processor.py:186} INFO - Started process (PID=254) to work on /home/airflow/.local/lib/python3.12/site-packages/airflow/example_dags/example_dynamic_task_mapping.py
[2026-07-25T09:28:19.315+0000] {processor.py:914} INFO - Processing file /home/airflow/.local/lib/python3.12/site-packages/airflow/example_dags/example_dynamic_task_mapping.py for tasks to queue
[2026-07-25T09:28:19.317+0000] {logging_mixin.py:190} INFO - [2026-07-25T09:28:19.317+0000] {dagbag.py:588} INFO - Filling up the DagBag from /home/airflow/.local/lib/python3.12/site-packages/airflow/example_dags/example_dynamic_task_mapping.py
[2026-07-25T09:28:19.323+0000] {processor.py:925} INFO - DAG(s) 'example_dynamic_task_mapping' retrieved from /home/airflow/.local/lib/python3.12/site-packages/airflow/example_dags/example_dynamic_task_mapping.py
[2026-07-25T09:28:19.336+0000] {logging_mixin.py:190} INFO - [2026-07-25T09:28:19.336+0000] {dag.py:3239} INFO - Sync 1 DAGs
[2026-07-25T09:28:19.344+0000] {logging_mixin.py:190} INFO - [2026-07-25T09:28:19.344+0000] {dag.py:4180} INFO - Setting next_dagrun for example_dynamic_task_mapping to None, run_after=None
[2026-07-25T09:28:19.369+0000] {processor.py:208} INFO - Processing /home/airflow/.local/lib/python3.12/site-packages/airflow/example_dags/example_dynamic_task_mapping.py took 0.058 seconds
[2026-07-25T09:28:49.920+0000] {processor.py:186} INFO - Started process (PID=317) to work on /home/airflow/.local/lib/python3.12/site-packages/airflow/example_dags/example_dynamic_task_mapping.py
[2026-07-25T09:28:49.921+0000] {processor.py:914} INFO - Processing file /home/airflow/.local/lib/python3.12/site-packages/airflow/example_dags/example_dynamic_task_mapping.py for tasks to queue
[2026-07-25T09:28:49.924+0000] {logging_mixin.py:190} INFO - [2026-07-25T09:28:49.923+0000] {dagbag.py:588} INFO - Filling up the DagBag from /home/airflow/.local/lib/python3.12/site-packages/airflow/example_dags/example_dynamic_task_mapping.py
[2026-07-25T09:28:49.931+0000] {processor.py:925} INFO - DAG(s) 'example_dynamic_task_mapping' retrieved from /home/airflow/.local/lib/python3.12/site-packages/airflow/example_dags/example_dynamic_task_mapping.py
[2026-07-25T09:28:49.944+0000] {logging_mixin.py:190} INFO - [2026-07-25T09:28:49.944+0000] {dag.py:3239} INFO - Sync 1 DAGs
[2026-07-25T09:28:49.954+0000] {logging_mixin.py:190} INFO - [2026-07-25T09:28:49.954+0000] {dag.py:4180} INFO - Setting next_dagrun for example_dynamic_task_mapping to None, run_after=None
[2026-07-25T09:28:49.966+0000] {processor.py:208} INFO - Processing /home/airflow/.local/lib/python3.12/site-packages/airflow/example_dags/example_dynamic_task_mapping.py took 0.051 seconds
[2026-07-25T09:29:22.777+0000] {processor.py:186} INFO - Started process (PID=386) to work on /home/airflow/.local/lib/python3.12/site-packages/airflow/example_dags/example_dynamic_task_mapping.py
[2026-07-25T09:29:22.778+0000] {processor.py:914} INFO - Processing file /home/airflow/.local/lib/python3.12/site-packages/airflow/example_dags/example_dynamic_task_mapping.py for tasks to queue
[2026-07-25T09:29:22.781+0000] {logging_mixin.py:190} INFO - [2026-07-25T09:29:22.781+0000] {dagbag.py:588} INFO - Filling up the DagBag from /home/airflow/.local/lib/python3.12/site-packages/airflow/example_dags/example_dynamic_task_mapping.py
[2026-07-25T09:29:22.787+0000] {processor.py:925} INFO - DAG(s) 'example_dynamic_task_mapping' retrieved from /home/airflow/.local/lib/python3.12/site-packages/airflow/example_dags/example_dynamic_task_mapping.py
[2026-07-25T09:29:22.802+0000] {logging_mixin.py:190} INFO - [2026-07-25T09:29:22.802+0000] {dag.py:3239} INFO - Sync 1 DAGs
[2026-07-25T09:29:22.813+0000] {logging_mixin.py:190} INFO - [2026-07-25T09:29:22.812+0000] {dag.py:4180} INFO - Setting next_dagrun for example_dynamic_task_mapping to None, run_after=None
[2026-07-25T09:29:22.835+0000] {processor.py:208} INFO - Processing /home/airflow/.local/lib/python3.12/site-packages/airflow/example_dags/example_dynamic_task_mapping.py took 0.062 seconds
[2026-07-25T09:29:52.954+0000] {processor.py:186} INFO - Started process (PID=448) to work on /home/airflow/.local/lib/python3.12/site-packages/airflow/example_dags/example_dynamic_task_mapping.py
[2026-07-25T09:29:52.955+0000] {processor.py:914} INFO - Processing file /home/airflow/.local/lib/python3.12/site-packages/airflow/example_dags/example_dynamic_task_mapping.py for tasks to queue
[2026-07-25T09:29:52.957+0000] {logging_mixin.py:190} INFO - [2026-07-25T09:29:52.957+0000] {dagbag.py:588} INFO - Filling up the DagBag from /home/airflow/.local/lib/python3.12/site-packages/airflow/example_dags/example_dynamic_task_mapping.py
[2026-07-25T09:29:52.963+0000] {processor.py:925} INFO - DAG(s) 'example_dynamic_task_mapping' retrieved from /home/airflow/.local/lib/python3.12/site-packages/airflow/example_dags/example_dynamic_task_mapping.py
[2026-07-25T09:29:52.975+0000] {logging_mixin.py:190} INFO - [2026-07-25T09:29:52.975+0000] {dag.py:3239} INFO - Sync 1 DAGs
[2026-07-25T09:29:52.984+0000] {logging_mixin.py:190} INFO - [2026-07-25T09:29:52.984+0000] {dag.py:4180} INFO - Setting next_dagrun for example_dynamic_task_mapping to None, run_after=None
[2026-07-25T09:29:52.997+0000] {processor.py:208} INFO - Processing /home/airflow/.local/lib/python3.12/site-packages/airflow/example_dags/example_dynamic_task_mapping.py took 0.047 seconds
[2026-07-25T09:30:23.562+0000] {processor.py:186} INFO - Started process (PID=510) to work on /home/airflow/.local/lib/python3.12/site-packages/airflow/example_dags/example_dynamic_task_mapping.py
[2026-07-25T09:30:23.563+0000] {processor.py:914} INFO - Processing file /home/airflow/.local/lib/python3.12/site-packages/airflow/example_dags/example_dynamic_task_mapping.py for tasks to queue
[2026-07-25T09:30:23.565+0000] {logging_mixin.py:190} INFO - [2026-07-25T09:30:23.565+0000] {dagbag.py:588} INFO - Filling up the DagBag from /home/airflow/.local/lib/python3.12/site-packages/airflow/example_dags/example_dynamic_task_mapping.py
[2026-07-25T09:30:23.570+0000] {processor.py:925} INFO - DAG(s) 'example_dynamic_task_mapping' retrieved from /home/airflow/.local/lib/python3.12/site-packages/airflow/example_dags/example_dynamic_task_mapping.py
[2026-07-25T09:30:23.582+0000] {logging_mixin.py:190} INFO - [2026-07-25T09:30:23.582+0000] {dag.py:3239} INFO - Sync 1 DAGs
[2026-07-25T09:30:23.590+0000] {logging_mixin.py:190} INFO - [2026-07-25T09:30:23.590+0000] {dag.py:4180} INFO - Setting next_dagrun for example_dynamic_task_mapping to None, run_after=None
[2026-07-25T09:30:23.610+0000] {processor.py:208} INFO - Processing /home/airflow/.local/lib/python3.12/site-packages/airflow/example_dags/example_dynamic_task_mapping.py took 0.050 seconds
[2026-07-25T09:30:54.576+0000] {processor.py:186} INFO - Started process (PID=572) to work on /home/airflow/.local/lib/python3.12/site-packages/airflow/example_dags/example_dynamic_task_mapping.py
[2026-07-25T09:30:54.577+0000] {processor.py:914} INFO - Processing file /home/airflow/.local/lib/python3.12/site-packages/airflow/example_dags/example_dynamic_task_mapping.py for tasks to queue
[2026-07-25T09:30:54.579+0000] {logging_mixin.py:190} INFO - [2026-07-25T09:30:54.578+0000] {dagbag.py:588} INFO - Filling up the DagBag from /home/airflow/.local/lib/python3.12/site-packages/airflow/example_dags/example_dynamic_task_mapping.py
[2026-07-25T09:30:54.584+0000] {processor.py:925} INFO - DAG(s) 'example_dynamic_task_mapping' retrieved from /home/airflow/.local/lib/python3.12/site-packages/airflow/example_dags/example_dynamic_task_mapping.py
[2026-07-25T09:30:54.596+0000] {logging_mixin.py:190} INFO - [2026-07-25T09:30:54.596+0000] {dag.py:3239} INFO - Sync 1 DAGs
[2026-07-25T09:30:54.604+0000] {logging_mixin.py:190} INFO - [2026-07-25T09:30:54.604+0000] {dag.py:4180} INFO - Setting next_dagrun for example_dynamic_task_mapping to None, run_after=None
[2026-07-25T09:30:54.620+0000] {processor.py:208} INFO - Processing /home/airflow/.local/lib/python3.12/site-packages/airflow/example_dags/example_dynamic_task_mapping.py took 0.048 seconds
