[2026-07-25T09:06:21.610+0000] {processor.py:186} INFO - Started process (PID=104) to work on /home/airflow/.local/lib/python3.12/site-packages/airflow/example_dags/example_trigger_target_dag.py
[2026-07-25T09:06:21.611+0000] {processor.py:914} INFO - Processing file /home/airflow/.local/lib/python3.12/site-packages/airflow/example_dags/example_trigger_target_dag.py for tasks to queue
[2026-07-25T09:06:21.614+0000] {logging_mixin.py:190} INFO - [2026-07-25T09:06:21.613+0000] {dagbag.py:588} INFO - Filling up the DagBag from /home/airflow/.local/lib/python3.12/site-packages/airflow/example_dags/example_trigger_target_dag.py
[2026-07-25T09:06:21.621+0000] {processor.py:925} INFO - DAG(s) 'example_trigger_target_dag' retrieved from /home/airflow/.local/lib/python3.12/site-packages/airflow/example_dags/example_trigger_target_dag.py
[2026-07-25T09:06:21.696+0000] {logging_mixin.py:190} INFO - [2026-07-25T09:06:21.696+0000] {override.py:1932} INFO - Created Permission View: can edit on DAG:example_trigger_target_dag
[2026-07-25T09:06:21.703+0000] {logging_mixin.py:190} INFO - [2026-07-25T09:06:21.702+0000] {override.py:1932} INFO - Created Permission View: can read on DAG:example_trigger_target_dag
[2026-07-25T09:06:21.709+0000] {logging_mixin.py:190} INFO - [2026-07-25T09:06:21.709+0000] {override.py:1932} INFO - Created Permission View: can delete on DAG:example_trigger_target_dag
[2026-07-25T09:06:21.717+0000] {logging_mixin.py:190} INFO - [2026-07-25T09:06:21.717+0000] {override.py:1932} INFO - Created Permission View: can create on DAG Run:example_trigger_target_dag
[2026-07-25T09:06:21.722+0000] {logging_mixin.py:190} INFO - [2026-07-25T09:06:21.722+0000] {override.py:1932} INFO - Created Permission View: can read on DAG Run:example_trigger_target_dag
[2026-07-25T09:06:21.727+0000] {logging_mixin.py:190} INFO - [2026-07-25T09:06:21.727+0000] {override.py:1932} INFO - Created Permission View: can delete on DAG Run:example_trigger_target_dag
[2026-07-25T09:06:21.733+0000] {logging_mixin.py:190} INFO - [2026-07-25T09:06:21.733+0000] {override.py:1932} INFO - Created Permission View: menu access on DAG Run:example_trigger_target_dag
[2026-07-25T09:06:21.734+0000] {logging_mixin.py:190} INFO - [2026-07-25T09:06:21.734+0000] {dag.py:3239} INFO - Sync 1 DAGs
[2026-07-25T09:06:21.743+0000] {logging_mixin.py:190} INFO - [2026-07-25T09:06:21.743+0000] {dag.py:3262} INFO - Creating ORM DAG for example_trigger_target_dag
[2026-07-25T09:06:21.743+0000] {logging_mixin.py:190} INFO - [2026-07-25T09:06:21.743+0000] {dag.py:4180} INFO - Setting next_dagrun for example_trigger_target_dag to None, run_after=None
[2026-07-25T09:06:21.753+0000] {processor.py:208} INFO - Processing /home/airflow/.local/lib/python3.12/site-packages/airflow/example_dags/example_trigger_target_dag.py took 0.147 seconds
[2026-07-25T09:06:54.638+0000] {processor.py:186} INFO - Started process (PID=167) to work on /home/airflow/.local/lib/python3.12/site-packages/airflow/example_dags/example_trigger_target_dag.py
[2026-07-25T09:06:54.639+0000] {processor.py:914} INFO - Processing file /home/airflow/.local/lib/python3.12/site-packages/airflow/example_dags/example_trigger_target_dag.py for tasks to queue
[2026-07-25T09:06:54.641+0000] {logging_mixin.py:190} INFO - [2026-07-25T09:06:54.641+0000] {dagbag.py:588} INFO - Filling up the DagBag from /home/airflow/.local/lib/python3.12/site-packages/airflow/example_dags/example_trigger_target_dag.py
[2026-07-25T09:06:54.645+0000] {processor.py:925} INFO - DAG(s) 'example_trigger_target_dag' retrieved from /home/airflow/.local/lib/python3.12/site-packages/airflow/example_dags/example_trigger_target_dag.py
[2026-07-25T09:06:54.659+0000] {logging_mixin.py:190} INFO - [2026-07-25T09:06:54.658+0000] {dag.py:3239} INFO - Sync 1 DAGs
[2026-07-25T09:06:54.667+0000] {logging_mixin.py:190} INFO - [2026-07-25T09:06:54.667+0000] {dag.py:4180} INFO - Setting next_dagrun for example_trigger_target_dag to None, run_after=None
[2026-07-25T09:06:54.679+0000] {processor.py:208} INFO - Processing /home/airflow/.local/lib/python3.12/site-packages/airflow/example_dags/example_trigger_target_dag.py took 0.044 seconds
[2026-07-25T09:07:29.160+0000] {processor.py:186} INFO - Started process (PID=230) to work on /home/airflow/.local/lib/python3.12/site-packages/airflow/example_dags/example_trigger_target_dag.py
[2026-07-25T09:07:29.161+0000] {processor.py:914} INFO - Processing file /home/airflow/.local/lib/python3.12/site-packages/airflow/example_dags/example_trigger_target_dag.py for tasks to queue
[2026-07-25T09:07:29.163+0000] {logging_mixin.py:190} INFO - [2026-07-25T09:07:29.163+0000] {dagbag.py:588} INFO - Filling up the DagBag from /home/airflow/.local/lib/python3.12/site-packages/airflow/example_dags/example_trigger_target_dag.py
[2026-07-25T09:07:29.168+0000] {processor.py:925} INFO - DAG(s) 'example_trigger_target_dag' retrieved from /home/airflow/.local/lib/python3.12/site-packages/airflow/example_dags/example_trigger_target_dag.py
[2026-07-25T09:07:29.181+0000] {logging_mixin.py:190} INFO - [2026-07-25T09:07:29.181+0000] {dag.py:3239} INFO - Sync 1 DAGs
[2026-07-25T09:07:29.190+0000] {logging_mixin.py:190} INFO - [2026-07-25T09:07:29.190+0000] {dag.py:4180} INFO - Setting next_dagrun for example_trigger_target_dag to None, run_after=None
[2026-07-25T09:07:29.201+0000] {processor.py:208} INFO - Processing /home/airflow/.local/lib/python3.12/site-packages/airflow/example_dags/example_trigger_target_dag.py took 0.044 seconds
[2026-07-25T09:08:00.145+0000] {processor.py:186} INFO - Started process (PID=292) to work on /home/airflow/.local/lib/python3.12/site-packages/airflow/example_dags/example_trigger_target_dag.py
[2026-07-25T09:08:00.146+0000] {processor.py:914} INFO - Processing file /home/airflow/.local/lib/python3.12/site-packages/airflow/example_dags/example_trigger_target_dag.py for tasks to queue
[2026-07-25T09:08:00.148+0000] {logging_mixin.py:190} INFO - [2026-07-25T09:08:00.148+0000] {dagbag.py:588} INFO - Filling up the DagBag from /home/airflow/.local/lib/python3.12/site-packages/airflow/example_dags/example_trigger_target_dag.py
[2026-07-25T09:08:00.153+0000] {processor.py:925} INFO - DAG(s) 'example_trigger_target_dag' retrieved from /home/airflow/.local/lib/python3.12/site-packages/airflow/example_dags/example_trigger_target_dag.py
[2026-07-25T09:08:00.165+0000] {logging_mixin.py:190} INFO - [2026-07-25T09:08:00.165+0000] {dag.py:3239} INFO - Sync 1 DAGs
[2026-07-25T09:08:00.173+0000] {logging_mixin.py:190} INFO - [2026-07-25T09:08:00.173+0000] {dag.py:4180} INFO - Setting next_dagrun for example_trigger_target_dag to None, run_after=None
[2026-07-25T09:08:00.183+0000] {processor.py:208} INFO - Processing /home/airflow/.local/lib/python3.12/site-packages/airflow/example_dags/example_trigger_target_dag.py took 0.042 seconds
[2026-07-25T09:08:30.453+0000] {processor.py:186} INFO - Started process (PID=354) to work on /home/airflow/.local/lib/python3.12/site-packages/airflow/example_dags/example_trigger_target_dag.py
[2026-07-25T09:08:30.454+0000] {processor.py:914} INFO - Processing file /home/airflow/.local/lib/python3.12/site-packages/airflow/example_dags/example_trigger_target_dag.py for tasks to queue
[2026-07-25T09:08:30.456+0000] {logging_mixin.py:190} INFO - [2026-07-25T09:08:30.456+0000] {dagbag.py:588} INFO - Filling up the DagBag from /home/airflow/.local/lib/python3.12/site-packages/airflow/example_dags/example_trigger_target_dag.py
[2026-07-25T09:08:30.460+0000] {processor.py:925} INFO - DAG(s) 'example_trigger_target_dag' retrieved from /home/airflow/.local/lib/python3.12/site-packages/airflow/example_dags/example_trigger_target_dag.py
[2026-07-25T09:08:30.473+0000] {logging_mixin.py:190} INFO - [2026-07-25T09:08:30.473+0000] {dag.py:3239} INFO - Sync 1 DAGs
[2026-07-25T09:08:30.481+0000] {logging_mixin.py:190} INFO - [2026-07-25T09:08:30.481+0000] {dag.py:4180} INFO - Setting next_dagrun for example_trigger_target_dag to None, run_after=None
[2026-07-25T09:08:30.492+0000] {processor.py:208} INFO - Processing /home/airflow/.local/lib/python3.12/site-packages/airflow/example_dags/example_trigger_target_dag.py took 0.042 seconds
[2026-07-25T09:09:01.268+0000] {processor.py:186} INFO - Started process (PID=416) to work on /home/airflow/.local/lib/python3.12/site-packages/airflow/example_dags/example_trigger_target_dag.py
[2026-07-25T09:09:01.269+0000] {processor.py:914} INFO - Processing file /home/airflow/.local/lib/python3.12/site-packages/airflow/example_dags/example_trigger_target_dag.py for tasks to queue
[2026-07-25T09:09:01.271+0000] {logging_mixin.py:190} INFO - [2026-07-25T09:09:01.271+0000] {dagbag.py:588} INFO - Filling up the DagBag from /home/airflow/.local/lib/python3.12/site-packages/airflow/example_dags/example_trigger_target_dag.py
[2026-07-25T09:09:01.276+0000] {processor.py:925} INFO - DAG(s) 'example_trigger_target_dag' retrieved from /home/airflow/.local/lib/python3.12/site-packages/airflow/example_dags/example_trigger_target_dag.py
[2026-07-25T09:09:01.288+0000] {logging_mixin.py:190} INFO - [2026-07-25T09:09:01.288+0000] {dag.py:3239} INFO - Sync 1 DAGs
[2026-07-25T09:09:01.297+0000] {logging_mixin.py:190} INFO - [2026-07-25T09:09:01.296+0000] {dag.py:4180} INFO - Setting next_dagrun for example_trigger_target_dag to None, run_after=None
[2026-07-25T09:09:01.308+0000] {processor.py:208} INFO - Processing /home/airflow/.local/lib/python3.12/site-packages/airflow/example_dags/example_trigger_target_dag.py took 0.044 seconds
[2026-07-25T09:09:32.208+0000] {processor.py:186} INFO - Started process (PID=479) to work on /home/airflow/.local/lib/python3.12/site-packages/airflow/example_dags/example_trigger_target_dag.py
[2026-07-25T09:09:32.209+0000] {processor.py:914} INFO - Processing file /home/airflow/.local/lib/python3.12/site-packages/airflow/example_dags/example_trigger_target_dag.py for tasks to queue
[2026-07-25T09:09:32.211+0000] {logging_mixin.py:190} INFO - [2026-07-25T09:09:32.211+0000] {dagbag.py:588} INFO - Filling up the DagBag from /home/airflow/.local/lib/python3.12/site-packages/airflow/example_dags/example_trigger_target_dag.py
[2026-07-25T09:09:32.216+0000] {processor.py:925} INFO - DAG(s) 'example_trigger_target_dag' retrieved from /home/airflow/.local/lib/python3.12/site-packages/airflow/example_dags/example_trigger_target_dag.py
[2026-07-25T09:09:32.229+0000] {logging_mixin.py:190} INFO - [2026-07-25T09:09:32.229+0000] {dag.py:3239} INFO - Sync 1 DAGs
[2026-07-25T09:09:32.239+0000] {logging_mixin.py:190} INFO - [2026-07-25T09:09:32.239+0000] {dag.py:4180} INFO - Setting next_dagrun for example_trigger_target_dag to None, run_after=None
[2026-07-25T09:09:32.250+0000] {processor.py:208} INFO - Processing /home/airflow/.local/lib/python3.12/site-packages/airflow/example_dags/example_trigger_target_dag.py took 0.045 seconds
[2026-07-25T09:10:02.483+0000] {processor.py:186} INFO - Started process (PID=542) to work on /home/airflow/.local/lib/python3.12/site-packages/airflow/example_dags/example_trigger_target_dag.py
[2026-07-25T09:10:02.484+0000] {processor.py:914} INFO - Processing file /home/airflow/.local/lib/python3.12/site-packages/airflow/example_dags/example_trigger_target_dag.py for tasks to queue
[2026-07-25T09:10:02.487+0000] {logging_mixin.py:190} INFO - [2026-07-25T09:10:02.486+0000] {dagbag.py:588} INFO - Filling up the DagBag from /home/airflow/.local/lib/python3.12/site-packages/airflow/example_dags/example_trigger_target_dag.py
[2026-07-25T09:10:02.493+0000] {processor.py:925} INFO - DAG(s) 'example_trigger_target_dag' retrieved from /home/airflow/.local/lib/python3.12/site-packages/airflow/example_dags/example_trigger_target_dag.py
[2026-07-25T09:10:02.506+0000] {logging_mixin.py:190} INFO - [2026-07-25T09:10:02.506+0000] {dag.py:3239} INFO - Sync 1 DAGs
[2026-07-25T09:10:02.515+0000] {logging_mixin.py:190} INFO - [2026-07-25T09:10:02.515+0000] {dag.py:4180} INFO - Setting next_dagrun for example_trigger_target_dag to None, run_after=None
[2026-07-25T09:10:02.527+0000] {processor.py:208} INFO - Processing /home/airflow/.local/lib/python3.12/site-packages/airflow/example_dags/example_trigger_target_dag.py took 0.049 seconds
[2026-07-25T09:10:33.094+0000] {processor.py:186} INFO - Started process (PID=605) to work on /home/airflow/.local/lib/python3.12/site-packages/airflow/example_dags/example_trigger_target_dag.py
[2026-07-25T09:10:33.095+0000] {processor.py:914} INFO - Processing file /home/airflow/.local/lib/python3.12/site-packages/airflow/example_dags/example_trigger_target_dag.py for tasks to queue
[2026-07-25T09:10:33.097+0000] {logging_mixin.py:190} INFO - [2026-07-25T09:10:33.097+0000] {dagbag.py:588} INFO - Filling up the DagBag from /home/airflow/.local/lib/python3.12/site-packages/airflow/example_dags/example_trigger_target_dag.py
[2026-07-25T09:10:33.102+0000] {processor.py:925} INFO - DAG(s) 'example_trigger_target_dag' retrieved from /home/airflow/.local/lib/python3.12/site-packages/airflow/example_dags/example_trigger_target_dag.py
[2026-07-25T09:10:33.115+0000] {logging_mixin.py:190} INFO - [2026-07-25T09:10:33.115+0000] {dag.py:3239} INFO - Sync 1 DAGs
[2026-07-25T09:10:33.123+0000] {logging_mixin.py:190} INFO - [2026-07-25T09:10:33.123+0000] {dag.py:4180} INFO - Setting next_dagrun for example_trigger_target_dag to None, run_after=None
[2026-07-25T09:10:33.134+0000] {processor.py:208} INFO - Processing /home/airflow/.local/lib/python3.12/site-packages/airflow/example_dags/example_trigger_target_dag.py took 0.044 seconds
[2026-07-25T09:11:05.328+0000] {processor.py:186} INFO - Started process (PID=668) to work on /home/airflow/.local/lib/python3.12/site-packages/airflow/example_dags/example_trigger_target_dag.py
[2026-07-25T09:11:05.329+0000] {processor.py:914} INFO - Processing file /home/airflow/.local/lib/python3.12/site-packages/airflow/example_dags/example_trigger_target_dag.py for tasks to queue
[2026-07-25T09:11:05.331+0000] {logging_mixin.py:190} INFO - [2026-07-25T09:11:05.331+0000] {dagbag.py:588} INFO - Filling up the DagBag from /home/airflow/.local/lib/python3.12/site-packages/airflow/example_dags/example_trigger_target_dag.py
[2026-07-25T09:11:05.337+0000] {processor.py:925} INFO - DAG(s) 'example_trigger_target_dag' retrieved from /home/airflow/.local/lib/python3.12/site-packages/airflow/example_dags/example_trigger_target_dag.py
[2026-07-25T09:11:05.349+0000] {logging_mixin.py:190} INFO - [2026-07-25T09:11:05.349+0000] {dag.py:3239} INFO - Sync 1 DAGs
[2026-07-25T09:11:05.358+0000] {logging_mixin.py:190} INFO - [2026-07-25T09:11:05.358+0000] {dag.py:4180} INFO - Setting next_dagrun for example_trigger_target_dag to None, run_after=None
[2026-07-25T09:11:05.369+0000] {processor.py:208} INFO - Processing /home/airflow/.local/lib/python3.12/site-packages/airflow/example_dags/example_trigger_target_dag.py took 0.044 seconds
[2026-07-25T09:11:35.608+0000] {processor.py:186} INFO - Started process (PID=729) to work on /home/airflow/.local/lib/python3.12/site-packages/airflow/example_dags/example_trigger_target_dag.py
[2026-07-25T09:11:35.609+0000] {processor.py:914} INFO - Processing file /home/airflow/.local/lib/python3.12/site-packages/airflow/example_dags/example_trigger_target_dag.py for tasks to queue
[2026-07-25T09:11:35.611+0000] {logging_mixin.py:190} INFO - [2026-07-25T09:11:35.611+0000] {dagbag.py:588} INFO - Filling up the DagBag from /home/airflow/.local/lib/python3.12/site-packages/airflow/example_dags/example_trigger_target_dag.py
[2026-07-25T09:11:35.617+0000] {processor.py:925} INFO - DAG(s) 'example_trigger_target_dag' retrieved from /home/airflow/.local/lib/python3.12/site-packages/airflow/example_dags/example_trigger_target_dag.py
[2026-07-25T09:11:35.634+0000] {logging_mixin.py:190} INFO - [2026-07-25T09:11:35.633+0000] {dag.py:3239} INFO - Sync 1 DAGs
[2026-07-25T09:11:35.643+0000] {logging_mixin.py:190} INFO - [2026-07-25T09:11:35.643+0000] {dag.py:4180} INFO - Setting next_dagrun for example_trigger_target_dag to None, run_after=None
[2026-07-25T09:11:35.655+0000] {processor.py:208} INFO - Processing /home/airflow/.local/lib/python3.12/site-packages/airflow/example_dags/example_trigger_target_dag.py took 0.052 seconds
[2026-07-25T09:12:06.221+0000] {processor.py:186} INFO - Started process (PID=792) to work on /home/airflow/.local/lib/python3.12/site-packages/airflow/example_dags/example_trigger_target_dag.py
[2026-07-25T09:12:06.223+0000] {processor.py:914} INFO - Processing file /home/airflow/.local/lib/python3.12/site-packages/airflow/example_dags/example_trigger_target_dag.py for tasks to queue
[2026-07-25T09:12:06.225+0000] {logging_mixin.py:190} INFO - [2026-07-25T09:12:06.225+0000] {dagbag.py:588} INFO - Filling up the DagBag from /home/airflow/.local/lib/python3.12/site-packages/airflow/example_dags/example_trigger_target_dag.py
[2026-07-25T09:12:06.234+0000] {processor.py:925} INFO - DAG(s) 'example_trigger_target_dag' retrieved from /home/airflow/.local/lib/python3.12/site-packages/airflow/example_dags/example_trigger_target_dag.py
[2026-07-25T09:12:06.251+0000] {logging_mixin.py:190} INFO - [2026-07-25T09:12:06.251+0000] {dag.py:3239} INFO - Sync 1 DAGs
[2026-07-25T09:12:06.262+0000] {logging_mixin.py:190} INFO - [2026-07-25T09:12:06.262+0000] {dag.py:4180} INFO - Setting next_dagrun for example_trigger_target_dag to None, run_after=None
[2026-07-25T09:12:06.274+0000] {processor.py:208} INFO - Processing /home/airflow/.local/lib/python3.12/site-packages/airflow/example_dags/example_trigger_target_dag.py took 0.058 seconds
[2026-07-25T09:12:39.140+0000] {processor.py:186} INFO - Started process (PID=855) to work on /home/airflow/.local/lib/python3.12/site-packages/airflow/example_dags/example_trigger_target_dag.py
[2026-07-25T09:12:39.140+0000] {processor.py:914} INFO - Processing file /home/airflow/.local/lib/python3.12/site-packages/airflow/example_dags/example_trigger_target_dag.py for tasks to queue
[2026-07-25T09:12:39.142+0000] {logging_mixin.py:190} INFO - [2026-07-25T09:12:39.142+0000] {dagbag.py:588} INFO - Filling up the DagBag from /home/airflow/.local/lib/python3.12/site-packages/airflow/example_dags/example_trigger_target_dag.py
[2026-07-25T09:12:39.148+0000] {processor.py:925} INFO - DAG(s) 'example_trigger_target_dag' retrieved from /home/airflow/.local/lib/python3.12/site-packages/airflow/example_dags/example_trigger_target_dag.py
[2026-07-25T09:12:39.160+0000] {logging_mixin.py:190} INFO - [2026-07-25T09:12:39.160+0000] {dag.py:3239} INFO - Sync 1 DAGs
[2026-07-25T09:12:39.169+0000] {logging_mixin.py:190} INFO - [2026-07-25T09:12:39.169+0000] {dag.py:4180} INFO - Setting next_dagrun for example_trigger_target_dag to None, run_after=None
[2026-07-25T09:12:39.180+0000] {processor.py:208} INFO - Processing /home/airflow/.local/lib/python3.12/site-packages/airflow/example_dags/example_trigger_target_dag.py took 0.044 seconds
[2026-07-25T09:13:09.266+0000] {processor.py:186} INFO - Started process (PID=917) to work on /home/airflow/.local/lib/python3.12/site-packages/airflow/example_dags/example_trigger_target_dag.py
[2026-07-25T09:13:09.267+0000] {processor.py:914} INFO - Processing file /home/airflow/.local/lib/python3.12/site-packages/airflow/example_dags/example_trigger_target_dag.py for tasks to queue
[2026-07-25T09:13:09.269+0000] {logging_mixin.py:190} INFO - [2026-07-25T09:13:09.269+0000] {dagbag.py:588} INFO - Filling up the DagBag from /home/airflow/.local/lib/python3.12/site-packages/airflow/example_dags/example_trigger_target_dag.py
[2026-07-25T09:13:09.276+0000] {processor.py:925} INFO - DAG(s) 'example_trigger_target_dag' retrieved from /home/airflow/.local/lib/python3.12/site-packages/airflow/example_dags/example_trigger_target_dag.py
[2026-07-25T09:13:09.292+0000] {logging_mixin.py:190} INFO - [2026-07-25T09:13:09.292+0000] {dag.py:3239} INFO - Sync 1 DAGs
[2026-07-25T09:13:09.303+0000] {logging_mixin.py:190} INFO - [2026-07-25T09:13:09.303+0000] {dag.py:4180} INFO - Setting next_dagrun for example_trigger_target_dag to None, run_after=None
[2026-07-25T09:13:09.315+0000] {processor.py:208} INFO - Processing /home/airflow/.local/lib/python3.12/site-packages/airflow/example_dags/example_trigger_target_dag.py took 0.052 seconds
[2026-07-25T09:13:39.746+0000] {processor.py:186} INFO - Started process (PID=979) to work on /home/airflow/.local/lib/python3.12/site-packages/airflow/example_dags/example_trigger_target_dag.py
[2026-07-25T09:13:39.747+0000] {processor.py:914} INFO - Processing file /home/airflow/.local/lib/python3.12/site-packages/airflow/example_dags/example_trigger_target_dag.py for tasks to queue
[2026-07-25T09:13:39.749+0000] {logging_mixin.py:190} INFO - [2026-07-25T09:13:39.749+0000] {dagbag.py:588} INFO - Filling up the DagBag from /home/airflow/.local/lib/python3.12/site-packages/airflow/example_dags/example_trigger_target_dag.py
[2026-07-25T09:13:39.755+0000] {processor.py:925} INFO - DAG(s) 'example_trigger_target_dag' retrieved from /home/airflow/.local/lib/python3.12/site-packages/airflow/example_dags/example_trigger_target_dag.py
[2026-07-25T09:13:39.767+0000] {logging_mixin.py:190} INFO - [2026-07-25T09:13:39.767+0000] {dag.py:3239} INFO - Sync 1 DAGs
[2026-07-25T09:13:39.776+0000] {logging_mixin.py:190} INFO - [2026-07-25T09:13:39.776+0000] {dag.py:4180} INFO - Setting next_dagrun for example_trigger_target_dag to None, run_after=None
[2026-07-25T09:13:39.786+0000] {processor.py:208} INFO - Processing /home/airflow/.local/lib/python3.12/site-packages/airflow/example_dags/example_trigger_target_dag.py took 0.044 seconds
[2026-07-25T09:14:10.264+0000] {processor.py:186} INFO - Started process (PID=1042) to work on /home/airflow/.local/lib/python3.12/site-packages/airflow/example_dags/example_trigger_target_dag.py
[2026-07-25T09:14:10.266+0000] {processor.py:914} INFO - Processing file /home/airflow/.local/lib/python3.12/site-packages/airflow/example_dags/example_trigger_target_dag.py for tasks to queue
[2026-07-25T09:14:10.268+0000] {logging_mixin.py:190} INFO - [2026-07-25T09:14:10.268+0000] {dagbag.py:588} INFO - Filling up the DagBag from /home/airflow/.local/lib/python3.12/site-packages/airflow/example_dags/example_trigger_target_dag.py
[2026-07-25T09:14:10.273+0000] {processor.py:925} INFO - DAG(s) 'example_trigger_target_dag' retrieved from /home/airflow/.local/lib/python3.12/site-packages/airflow/example_dags/example_trigger_target_dag.py
[2026-07-25T09:14:10.286+0000] {logging_mixin.py:190} INFO - [2026-07-25T09:14:10.286+0000] {dag.py:3239} INFO - Sync 1 DAGs
[2026-07-25T09:14:10.295+0000] {logging_mixin.py:190} INFO - [2026-07-25T09:14:10.295+0000] {dag.py:4180} INFO - Setting next_dagrun for example_trigger_target_dag to None, run_after=None
[2026-07-25T09:14:10.308+0000] {processor.py:208} INFO - Processing /home/airflow/.local/lib/python3.12/site-packages/airflow/example_dags/example_trigger_target_dag.py took 0.048 seconds
[2026-07-25T09:15:40.061+0000] {processor.py:186} INFO - Started process (PID=104) to work on /home/airflow/.local/lib/python3.12/site-packages/airflow/example_dags/example_trigger_target_dag.py
[2026-07-25T09:15:40.062+0000] {processor.py:914} INFO - Processing file /home/airflow/.local/lib/python3.12/site-packages/airflow/example_dags/example_trigger_target_dag.py for tasks to queue
[2026-07-25T09:15:40.064+0000] {logging_mixin.py:190} INFO - [2026-07-25T09:15:40.064+0000] {dagbag.py:588} INFO - Filling up the DagBag from /home/airflow/.local/lib/python3.12/site-packages/airflow/example_dags/example_trigger_target_dag.py
[2026-07-25T09:15:40.070+0000] {processor.py:925} INFO - DAG(s) 'example_trigger_target_dag' retrieved from /home/airflow/.local/lib/python3.12/site-packages/airflow/example_dags/example_trigger_target_dag.py
[2026-07-25T09:15:40.086+0000] {logging_mixin.py:190} INFO - [2026-07-25T09:15:40.086+0000] {dag.py:3239} INFO - Sync 1 DAGs
[2026-07-25T09:15:40.095+0000] {logging_mixin.py:190} INFO - [2026-07-25T09:15:40.095+0000] {dag.py:4180} INFO - Setting next_dagrun for example_trigger_target_dag to None, run_after=None
[2026-07-25T09:15:40.106+0000] {processor.py:208} INFO - Processing /home/airflow/.local/lib/python3.12/site-packages/airflow/example_dags/example_trigger_target_dag.py took 0.048 seconds
[2026-07-25T09:16:14.129+0000] {processor.py:186} INFO - Started process (PID=167) to work on /home/airflow/.local/lib/python3.12/site-packages/airflow/example_dags/example_trigger_target_dag.py
[2026-07-25T09:16:14.130+0000] {processor.py:914} INFO - Processing file /home/airflow/.local/lib/python3.12/site-packages/airflow/example_dags/example_trigger_target_dag.py for tasks to queue
[2026-07-25T09:16:14.132+0000] {logging_mixin.py:190} INFO - [2026-07-25T09:16:14.132+0000] {dagbag.py:588} INFO - Filling up the DagBag from /home/airflow/.local/lib/python3.12/site-packages/airflow/example_dags/example_trigger_target_dag.py
[2026-07-25T09:16:14.137+0000] {processor.py:925} INFO - DAG(s) 'example_trigger_target_dag' retrieved from /home/airflow/.local/lib/python3.12/site-packages/airflow/example_dags/example_trigger_target_dag.py
[2026-07-25T09:16:14.150+0000] {logging_mixin.py:190} INFO - [2026-07-25T09:16:14.149+0000] {dag.py:3239} INFO - Sync 1 DAGs
[2026-07-25T09:16:14.157+0000] {logging_mixin.py:190} INFO - [2026-07-25T09:16:14.157+0000] {dag.py:4180} INFO - Setting next_dagrun for example_trigger_target_dag to None, run_after=None
[2026-07-25T09:16:14.169+0000] {processor.py:208} INFO - Processing /home/airflow/.local/lib/python3.12/site-packages/airflow/example_dags/example_trigger_target_dag.py took 0.044 seconds
[2026-07-25T09:16:45.427+0000] {processor.py:186} INFO - Started process (PID=229) to work on /home/airflow/.local/lib/python3.12/site-packages/airflow/example_dags/example_trigger_target_dag.py
[2026-07-25T09:16:45.427+0000] {processor.py:914} INFO - Processing file /home/airflow/.local/lib/python3.12/site-packages/airflow/example_dags/example_trigger_target_dag.py for tasks to queue
[2026-07-25T09:16:45.429+0000] {logging_mixin.py:190} INFO - [2026-07-25T09:16:45.429+0000] {dagbag.py:588} INFO - Filling up the DagBag from /home/airflow/.local/lib/python3.12/site-packages/airflow/example_dags/example_trigger_target_dag.py
[2026-07-25T09:16:45.435+0000] {processor.py:925} INFO - DAG(s) 'example_trigger_target_dag' retrieved from /home/airflow/.local/lib/python3.12/site-packages/airflow/example_dags/example_trigger_target_dag.py
[2026-07-25T09:16:45.447+0000] {logging_mixin.py:190} INFO - [2026-07-25T09:16:45.447+0000] {dag.py:3239} INFO - Sync 1 DAGs
[2026-07-25T09:16:45.455+0000] {logging_mixin.py:190} INFO - [2026-07-25T09:16:45.455+0000] {dag.py:4180} INFO - Setting next_dagrun for example_trigger_target_dag to None, run_after=None
[2026-07-25T09:16:45.467+0000] {processor.py:208} INFO - Processing /home/airflow/.local/lib/python3.12/site-packages/airflow/example_dags/example_trigger_target_dag.py took 0.044 seconds
[2026-07-25T09:17:15.919+0000] {processor.py:186} INFO - Started process (PID=291) to work on /home/airflow/.local/lib/python3.12/site-packages/airflow/example_dags/example_trigger_target_dag.py
[2026-07-25T09:17:15.920+0000] {processor.py:914} INFO - Processing file /home/airflow/.local/lib/python3.12/site-packages/airflow/example_dags/example_trigger_target_dag.py for tasks to queue
[2026-07-25T09:17:15.922+0000] {logging_mixin.py:190} INFO - [2026-07-25T09:17:15.922+0000] {dagbag.py:588} INFO - Filling up the DagBag from /home/airflow/.local/lib/python3.12/site-packages/airflow/example_dags/example_trigger_target_dag.py
[2026-07-25T09:17:15.927+0000] {processor.py:925} INFO - DAG(s) 'example_trigger_target_dag' retrieved from /home/airflow/.local/lib/python3.12/site-packages/airflow/example_dags/example_trigger_target_dag.py
[2026-07-25T09:17:15.939+0000] {logging_mixin.py:190} INFO - [2026-07-25T09:17:15.939+0000] {dag.py:3239} INFO - Sync 1 DAGs
[2026-07-25T09:17:15.948+0000] {logging_mixin.py:190} INFO - [2026-07-25T09:17:15.948+0000] {dag.py:4180} INFO - Setting next_dagrun for example_trigger_target_dag to None, run_after=None
[2026-07-25T09:17:15.960+0000] {processor.py:208} INFO - Processing /home/airflow/.local/lib/python3.12/site-packages/airflow/example_dags/example_trigger_target_dag.py took 0.044 seconds
[2026-07-25T09:17:46.233+0000] {processor.py:186} INFO - Started process (PID=353) to work on /home/airflow/.local/lib/python3.12/site-packages/airflow/example_dags/example_trigger_target_dag.py
[2026-07-25T09:17:46.234+0000] {processor.py:914} INFO - Processing file /home/airflow/.local/lib/python3.12/site-packages/airflow/example_dags/example_trigger_target_dag.py for tasks to queue
[2026-07-25T09:17:46.236+0000] {logging_mixin.py:190} INFO - [2026-07-25T09:17:46.236+0000] {dagbag.py:588} INFO - Filling up the DagBag from /home/airflow/.local/lib/python3.12/site-packages/airflow/example_dags/example_trigger_target_dag.py
[2026-07-25T09:17:46.241+0000] {processor.py:925} INFO - DAG(s) 'example_trigger_target_dag' retrieved from /home/airflow/.local/lib/python3.12/site-packages/airflow/example_dags/example_trigger_target_dag.py
[2026-07-25T09:17:46.253+0000] {logging_mixin.py:190} INFO - [2026-07-25T09:17:46.252+0000] {dag.py:3239} INFO - Sync 1 DAGs
[2026-07-25T09:17:46.261+0000] {logging_mixin.py:190} INFO - [2026-07-25T09:17:46.260+0000] {dag.py:4180} INFO - Setting next_dagrun for example_trigger_target_dag to None, run_after=None
[2026-07-25T09:17:46.274+0000] {processor.py:208} INFO - Processing /home/airflow/.local/lib/python3.12/site-packages/airflow/example_dags/example_trigger_target_dag.py took 0.044 seconds
[2026-07-25T09:18:16.668+0000] {processor.py:186} INFO - Started process (PID=416) to work on /home/airflow/.local/lib/python3.12/site-packages/airflow/example_dags/example_trigger_target_dag.py
[2026-07-25T09:18:16.669+0000] {processor.py:914} INFO - Processing file /home/airflow/.local/lib/python3.12/site-packages/airflow/example_dags/example_trigger_target_dag.py for tasks to queue
[2026-07-25T09:18:16.672+0000] {logging_mixin.py:190} INFO - [2026-07-25T09:18:16.672+0000] {dagbag.py:588} INFO - Filling up the DagBag from /home/airflow/.local/lib/python3.12/site-packages/airflow/example_dags/example_trigger_target_dag.py
[2026-07-25T09:18:16.680+0000] {processor.py:925} INFO - DAG(s) 'example_trigger_target_dag' retrieved from /home/airflow/.local/lib/python3.12/site-packages/airflow/example_dags/example_trigger_target_dag.py
[2026-07-25T09:18:16.695+0000] {logging_mixin.py:190} INFO - [2026-07-25T09:18:16.695+0000] {dag.py:3239} INFO - Sync 1 DAGs
[2026-07-25T09:18:16.707+0000] {logging_mixin.py:190} INFO - [2026-07-25T09:18:16.706+0000] {dag.py:4180} INFO - Setting next_dagrun for example_trigger_target_dag to None, run_after=None
[2026-07-25T09:18:16.721+0000] {processor.py:208} INFO - Processing /home/airflow/.local/lib/python3.12/site-packages/airflow/example_dags/example_trigger_target_dag.py took 0.058 seconds
[2026-07-25T09:18:46.942+0000] {processor.py:186} INFO - Started process (PID=479) to work on /home/airflow/.local/lib/python3.12/site-packages/airflow/example_dags/example_trigger_target_dag.py
[2026-07-25T09:18:46.943+0000] {processor.py:914} INFO - Processing file /home/airflow/.local/lib/python3.12/site-packages/airflow/example_dags/example_trigger_target_dag.py for tasks to queue
[2026-07-25T09:18:46.945+0000] {logging_mixin.py:190} INFO - [2026-07-25T09:18:46.945+0000] {dagbag.py:588} INFO - Filling up the DagBag from /home/airflow/.local/lib/python3.12/site-packages/airflow/example_dags/example_trigger_target_dag.py
[2026-07-25T09:18:46.950+0000] {processor.py:925} INFO - DAG(s) 'example_trigger_target_dag' retrieved from /home/airflow/.local/lib/python3.12/site-packages/airflow/example_dags/example_trigger_target_dag.py
[2026-07-25T09:18:46.964+0000] {logging_mixin.py:190} INFO - [2026-07-25T09:18:46.963+0000] {dag.py:3239} INFO - Sync 1 DAGs
[2026-07-25T09:18:46.971+0000] {logging_mixin.py:190} INFO - [2026-07-25T09:18:46.971+0000] {dag.py:4180} INFO - Setting next_dagrun for example_trigger_target_dag to None, run_after=None
[2026-07-25T09:18:46.984+0000] {processor.py:208} INFO - Processing /home/airflow/.local/lib/python3.12/site-packages/airflow/example_dags/example_trigger_target_dag.py took 0.046 seconds
[2026-07-25T09:19:17.528+0000] {processor.py:186} INFO - Started process (PID=542) to work on /home/airflow/.local/lib/python3.12/site-packages/airflow/example_dags/example_trigger_target_dag.py
[2026-07-25T09:19:17.529+0000] {processor.py:914} INFO - Processing file /home/airflow/.local/lib/python3.12/site-packages/airflow/example_dags/example_trigger_target_dag.py for tasks to queue
[2026-07-25T09:19:17.531+0000] {logging_mixin.py:190} INFO - [2026-07-25T09:19:17.531+0000] {dagbag.py:588} INFO - Filling up the DagBag from /home/airflow/.local/lib/python3.12/site-packages/airflow/example_dags/example_trigger_target_dag.py
[2026-07-25T09:19:17.536+0000] {processor.py:925} INFO - DAG(s) 'example_trigger_target_dag' retrieved from /home/airflow/.local/lib/python3.12/site-packages/airflow/example_dags/example_trigger_target_dag.py
[2026-07-25T09:19:17.549+0000] {logging_mixin.py:190} INFO - [2026-07-25T09:19:17.549+0000] {dag.py:3239} INFO - Sync 1 DAGs
[2026-07-25T09:19:17.558+0000] {logging_mixin.py:190} INFO - [2026-07-25T09:19:17.558+0000] {dag.py:4180} INFO - Setting next_dagrun for example_trigger_target_dag to None, run_after=None
[2026-07-25T09:19:17.569+0000] {processor.py:208} INFO - Processing /home/airflow/.local/lib/python3.12/site-packages/airflow/example_dags/example_trigger_target_dag.py took 0.045 seconds
[2026-07-25T09:20:52.188+0000] {processor.py:186} INFO - Started process (PID=104) to work on /home/airflow/.local/lib/python3.12/site-packages/airflow/example_dags/example_trigger_target_dag.py
[2026-07-25T09:20:52.189+0000] {processor.py:914} INFO - Processing file /home/airflow/.local/lib/python3.12/site-packages/airflow/example_dags/example_trigger_target_dag.py for tasks to queue
[2026-07-25T09:20:52.191+0000] {logging_mixin.py:190} INFO - [2026-07-25T09:20:52.191+0000] {dagbag.py:588} INFO - Filling up the DagBag from /home/airflow/.local/lib/python3.12/site-packages/airflow/example_dags/example_trigger_target_dag.py
[2026-07-25T09:20:52.197+0000] {processor.py:925} INFO - DAG(s) 'example_trigger_target_dag' retrieved from /home/airflow/.local/lib/python3.12/site-packages/airflow/example_dags/example_trigger_target_dag.py
[2026-07-25T09:20:52.218+0000] {logging_mixin.py:190} INFO - [2026-07-25T09:20:52.218+0000] {dag.py:3239} INFO - Sync 1 DAGs
[2026-07-25T09:20:52.227+0000] {logging_mixin.py:190} INFO - [2026-07-25T09:20:52.227+0000] {dag.py:4180} INFO - Setting next_dagrun for example_trigger_target_dag to None, run_after=None
[2026-07-25T09:20:52.239+0000] {processor.py:208} INFO - Processing /home/airflow/.local/lib/python3.12/site-packages/airflow/example_dags/example_trigger_target_dag.py took 0.055 seconds
[2026-07-25T09:21:25.387+0000] {processor.py:186} INFO - Started process (PID=167) to work on /home/airflow/.local/lib/python3.12/site-packages/airflow/example_dags/example_trigger_target_dag.py
[2026-07-25T09:21:25.388+0000] {processor.py:914} INFO - Processing file /home/airflow/.local/lib/python3.12/site-packages/airflow/example_dags/example_trigger_target_dag.py for tasks to queue
[2026-07-25T09:21:25.390+0000] {logging_mixin.py:190} INFO - [2026-07-25T09:21:25.390+0000] {dagbag.py:588} INFO - Filling up the DagBag from /home/airflow/.local/lib/python3.12/site-packages/airflow/example_dags/example_trigger_target_dag.py
[2026-07-25T09:21:25.395+0000] {processor.py:925} INFO - DAG(s) 'example_trigger_target_dag' retrieved from /home/airflow/.local/lib/python3.12/site-packages/airflow/example_dags/example_trigger_target_dag.py
[2026-07-25T09:21:25.408+0000] {logging_mixin.py:190} INFO - [2026-07-25T09:21:25.408+0000] {dag.py:3239} INFO - Sync 1 DAGs
[2026-07-25T09:21:25.417+0000] {logging_mixin.py:190} INFO - [2026-07-25T09:21:25.417+0000] {dag.py:4180} INFO - Setting next_dagrun for example_trigger_target_dag to None, run_after=None
[2026-07-25T09:21:25.428+0000] {processor.py:208} INFO - Processing /home/airflow/.local/lib/python3.12/site-packages/airflow/example_dags/example_trigger_target_dag.py took 0.045 seconds
[2026-07-25T09:21:57.644+0000] {processor.py:186} INFO - Started process (PID=229) to work on /home/airflow/.local/lib/python3.12/site-packages/airflow/example_dags/example_trigger_target_dag.py
[2026-07-25T09:21:57.645+0000] {processor.py:914} INFO - Processing file /home/airflow/.local/lib/python3.12/site-packages/airflow/example_dags/example_trigger_target_dag.py for tasks to queue
[2026-07-25T09:21:57.647+0000] {logging_mixin.py:190} INFO - [2026-07-25T09:21:57.646+0000] {dagbag.py:588} INFO - Filling up the DagBag from /home/airflow/.local/lib/python3.12/site-packages/airflow/example_dags/example_trigger_target_dag.py
[2026-07-25T09:21:57.652+0000] {processor.py:925} INFO - DAG(s) 'example_trigger_target_dag' retrieved from /home/airflow/.local/lib/python3.12/site-packages/airflow/example_dags/example_trigger_target_dag.py
[2026-07-25T09:21:57.665+0000] {logging_mixin.py:190} INFO - [2026-07-25T09:21:57.665+0000] {dag.py:3239} INFO - Sync 1 DAGs
[2026-07-25T09:21:57.673+0000] {logging_mixin.py:190} INFO - [2026-07-25T09:21:57.673+0000] {dag.py:4180} INFO - Setting next_dagrun for example_trigger_target_dag to None, run_after=None
[2026-07-25T09:21:57.684+0000] {processor.py:208} INFO - Processing /home/airflow/.local/lib/python3.12/site-packages/airflow/example_dags/example_trigger_target_dag.py took 0.044 seconds
[2026-07-25T09:22:28.160+0000] {processor.py:186} INFO - Started process (PID=291) to work on /home/airflow/.local/lib/python3.12/site-packages/airflow/example_dags/example_trigger_target_dag.py
[2026-07-25T09:22:28.160+0000] {processor.py:914} INFO - Processing file /home/airflow/.local/lib/python3.12/site-packages/airflow/example_dags/example_trigger_target_dag.py for tasks to queue
[2026-07-25T09:22:28.163+0000] {logging_mixin.py:190} INFO - [2026-07-25T09:22:28.163+0000] {dagbag.py:588} INFO - Filling up the DagBag from /home/airflow/.local/lib/python3.12/site-packages/airflow/example_dags/example_trigger_target_dag.py
[2026-07-25T09:22:28.168+0000] {processor.py:925} INFO - DAG(s) 'example_trigger_target_dag' retrieved from /home/airflow/.local/lib/python3.12/site-packages/airflow/example_dags/example_trigger_target_dag.py
[2026-07-25T09:22:28.180+0000] {logging_mixin.py:190} INFO - [2026-07-25T09:22:28.180+0000] {dag.py:3239} INFO - Sync 1 DAGs
[2026-07-25T09:22:28.189+0000] {logging_mixin.py:190} INFO - [2026-07-25T09:22:28.189+0000] {dag.py:4180} INFO - Setting next_dagrun for example_trigger_target_dag to None, run_after=None
[2026-07-25T09:22:28.200+0000] {processor.py:208} INFO - Processing /home/airflow/.local/lib/python3.12/site-packages/airflow/example_dags/example_trigger_target_dag.py took 0.044 seconds
[2026-07-25T09:24:03.591+0000] {processor.py:186} INFO - Started process (PID=104) to work on /home/airflow/.local/lib/python3.12/site-packages/airflow/example_dags/example_trigger_target_dag.py
[2026-07-25T09:24:03.592+0000] {processor.py:914} INFO - Processing file /home/airflow/.local/lib/python3.12/site-packages/airflow/example_dags/example_trigger_target_dag.py for tasks to queue
[2026-07-25T09:24:03.594+0000] {logging_mixin.py:190} INFO - [2026-07-25T09:24:03.594+0000] {dagbag.py:588} INFO - Filling up the DagBag from /home/airflow/.local/lib/python3.12/site-packages/airflow/example_dags/example_trigger_target_dag.py
[2026-07-25T09:24:03.600+0000] {processor.py:925} INFO - DAG(s) 'example_trigger_target_dag' retrieved from /home/airflow/.local/lib/python3.12/site-packages/airflow/example_dags/example_trigger_target_dag.py
[2026-07-25T09:24:03.617+0000] {logging_mixin.py:190} INFO - [2026-07-25T09:24:03.617+0000] {dag.py:3239} INFO - Sync 1 DAGs
[2026-07-25T09:24:03.625+0000] {logging_mixin.py:190} INFO - [2026-07-25T09:24:03.625+0000] {dag.py:4180} INFO - Setting next_dagrun for example_trigger_target_dag to None, run_after=None
[2026-07-25T09:24:03.640+0000] {processor.py:208} INFO - Processing /home/airflow/.local/lib/python3.12/site-packages/airflow/example_dags/example_trigger_target_dag.py took 0.052 seconds
[2026-07-25T09:24:35.881+0000] {processor.py:186} INFO - Started process (PID=166) to work on /home/airflow/.local/lib/python3.12/site-packages/airflow/example_dags/example_trigger_target_dag.py
[2026-07-25T09:24:35.881+0000] {processor.py:914} INFO - Processing file /home/airflow/.local/lib/python3.12/site-packages/airflow/example_dags/example_trigger_target_dag.py for tasks to queue
[2026-07-25T09:24:35.883+0000] {logging_mixin.py:190} INFO - [2026-07-25T09:24:35.883+0000] {dagbag.py:588} INFO - Filling up the DagBag from /home/airflow/.local/lib/python3.12/site-packages/airflow/example_dags/example_trigger_target_dag.py
[2026-07-25T09:24:35.888+0000] {processor.py:925} INFO - DAG(s) 'example_trigger_target_dag' retrieved from /home/airflow/.local/lib/python3.12/site-packages/airflow/example_dags/example_trigger_target_dag.py
[2026-07-25T09:24:35.901+0000] {logging_mixin.py:190} INFO - [2026-07-25T09:24:35.900+0000] {dag.py:3239} INFO - Sync 1 DAGs
[2026-07-25T09:24:35.909+0000] {logging_mixin.py:190} INFO - [2026-07-25T09:24:35.909+0000] {dag.py:4180} INFO - Setting next_dagrun for example_trigger_target_dag to None, run_after=None
[2026-07-25T09:24:35.921+0000] {processor.py:208} INFO - Processing /home/airflow/.local/lib/python3.12/site-packages/airflow/example_dags/example_trigger_target_dag.py took 0.044 seconds
[2026-07-25T09:25:06.121+0000] {processor.py:186} INFO - Started process (PID=228) to work on /home/airflow/.local/lib/python3.12/site-packages/airflow/example_dags/example_trigger_target_dag.py
[2026-07-25T09:25:06.122+0000] {processor.py:914} INFO - Processing file /home/airflow/.local/lib/python3.12/site-packages/airflow/example_dags/example_trigger_target_dag.py for tasks to queue
[2026-07-25T09:25:06.124+0000] {logging_mixin.py:190} INFO - [2026-07-25T09:25:06.124+0000] {dagbag.py:588} INFO - Filling up the DagBag from /home/airflow/.local/lib/python3.12/site-packages/airflow/example_dags/example_trigger_target_dag.py
[2026-07-25T09:25:06.129+0000] {processor.py:925} INFO - DAG(s) 'example_trigger_target_dag' retrieved from /home/airflow/.local/lib/python3.12/site-packages/airflow/example_dags/example_trigger_target_dag.py
[2026-07-25T09:25:06.142+0000] {logging_mixin.py:190} INFO - [2026-07-25T09:25:06.142+0000] {dag.py:3239} INFO - Sync 1 DAGs
[2026-07-25T09:25:06.150+0000] {logging_mixin.py:190} INFO - [2026-07-25T09:25:06.150+0000] {dag.py:4180} INFO - Setting next_dagrun for example_trigger_target_dag to None, run_after=None
[2026-07-25T09:25:06.164+0000] {processor.py:208} INFO - Processing /home/airflow/.local/lib/python3.12/site-packages/airflow/example_dags/example_trigger_target_dag.py took 0.046 seconds
[2026-07-25T09:25:36.775+0000] {processor.py:186} INFO - Started process (PID=290) to work on /home/airflow/.local/lib/python3.12/site-packages/airflow/example_dags/example_trigger_target_dag.py
[2026-07-25T09:25:36.776+0000] {processor.py:914} INFO - Processing file /home/airflow/.local/lib/python3.12/site-packages/airflow/example_dags/example_trigger_target_dag.py for tasks to queue
[2026-07-25T09:25:36.778+0000] {logging_mixin.py:190} INFO - [2026-07-25T09:25:36.777+0000] {dagbag.py:588} INFO - Filling up the DagBag from /home/airflow/.local/lib/python3.12/site-packages/airflow/example_dags/example_trigger_target_dag.py
[2026-07-25T09:25:36.783+0000] {processor.py:925} INFO - DAG(s) 'example_trigger_target_dag' retrieved from /home/airflow/.local/lib/python3.12/site-packages/airflow/example_dags/example_trigger_target_dag.py
[2026-07-25T09:25:36.797+0000] {logging_mixin.py:190} INFO - [2026-07-25T09:25:36.797+0000] {dag.py:3239} INFO - Sync 1 DAGs
[2026-07-25T09:25:36.805+0000] {logging_mixin.py:190} INFO - [2026-07-25T09:25:36.805+0000] {dag.py:4180} INFO - Setting next_dagrun for example_trigger_target_dag to None, run_after=None
[2026-07-25T09:25:36.817+0000] {processor.py:208} INFO - Processing /home/airflow/.local/lib/python3.12/site-packages/airflow/example_dags/example_trigger_target_dag.py took 0.047 seconds
[2026-07-25T09:26:57.781+0000] {processor.py:186} INFO - Started process (PID=104) to work on /home/airflow/.local/lib/python3.12/site-packages/airflow/example_dags/example_trigger_target_dag.py
[2026-07-25T09:26:57.782+0000] {processor.py:914} INFO - Processing file /home/airflow/.local/lib/python3.12/site-packages/airflow/example_dags/example_trigger_target_dag.py for tasks to queue
[2026-07-25T09:26:57.784+0000] {logging_mixin.py:190} INFO - [2026-07-25T09:26:57.784+0000] {dagbag.py:588} INFO - Filling up the DagBag from /home/airflow/.local/lib/python3.12/site-packages/airflow/example_dags/example_trigger_target_dag.py
[2026-07-25T09:26:57.792+0000] {processor.py:925} INFO - DAG(s) 'example_trigger_target_dag' retrieved from /home/airflow/.local/lib/python3.12/site-packages/airflow/example_dags/example_trigger_target_dag.py
[2026-07-25T09:26:57.888+0000] {logging_mixin.py:190} INFO - [2026-07-25T09:26:57.887+0000] {override.py:1932} INFO - Created Permission View: can edit on DAG:example_trigger_target_dag
[2026-07-25T09:26:57.895+0000] {logging_mixin.py:190} INFO - [2026-07-25T09:26:57.895+0000] {override.py:1932} INFO - Created Permission View: can read on DAG:example_trigger_target_dag
[2026-07-25T09:26:57.900+0000] {logging_mixin.py:190} INFO - [2026-07-25T09:26:57.900+0000] {override.py:1932} INFO - Created Permission View: can delete on DAG:example_trigger_target_dag
[2026-07-25T09:26:57.907+0000] {logging_mixin.py:190} INFO - [2026-07-25T09:26:57.907+0000] {override.py:1932} INFO - Created Permission View: menu access on DAG Run:example_trigger_target_dag
[2026-07-25T09:26:57.912+0000] {logging_mixin.py:190} INFO - [2026-07-25T09:26:57.912+0000] {override.py:1932} INFO - Created Permission View: can read on DAG Run:example_trigger_target_dag
[2026-07-25T09:26:57.918+0000] {logging_mixin.py:190} INFO - [2026-07-25T09:26:57.917+0000] {override.py:1932} INFO - Created Permission View: can create on DAG Run:example_trigger_target_dag
[2026-07-25T09:26:57.922+0000] {logging_mixin.py:190} INFO - [2026-07-25T09:26:57.922+0000] {override.py:1932} INFO - Created Permission View: can delete on DAG Run:example_trigger_target_dag
[2026-07-25T09:26:57.923+0000] {logging_mixin.py:190} INFO - [2026-07-25T09:26:57.923+0000] {dag.py:3239} INFO - Sync 1 DAGs
[2026-07-25T09:26:57.931+0000] {logging_mixin.py:190} INFO - [2026-07-25T09:26:57.931+0000] {dag.py:3262} INFO - Creating ORM DAG for example_trigger_target_dag
[2026-07-25T09:26:57.932+0000] {logging_mixin.py:190} INFO - [2026-07-25T09:26:57.932+0000] {dag.py:4180} INFO - Setting next_dagrun for example_trigger_target_dag to None, run_after=None
[2026-07-25T09:26:57.942+0000] {processor.py:208} INFO - Processing /home/airflow/.local/lib/python3.12/site-packages/airflow/example_dags/example_trigger_target_dag.py took 0.165 seconds
[2026-07-25T09:27:28.871+0000] {processor.py:186} INFO - Started process (PID=166) to work on /home/airflow/.local/lib/python3.12/site-packages/airflow/example_dags/example_trigger_target_dag.py
[2026-07-25T09:27:28.872+0000] {processor.py:914} INFO - Processing file /home/airflow/.local/lib/python3.12/site-packages/airflow/example_dags/example_trigger_target_dag.py for tasks to queue
[2026-07-25T09:27:28.874+0000] {logging_mixin.py:190} INFO - [2026-07-25T09:27:28.874+0000] {dagbag.py:588} INFO - Filling up the DagBag from /home/airflow/.local/lib/python3.12/site-packages/airflow/example_dags/example_trigger_target_dag.py
[2026-07-25T09:27:28.879+0000] {processor.py:925} INFO - DAG(s) 'example_trigger_target_dag' retrieved from /home/airflow/.local/lib/python3.12/site-packages/airflow/example_dags/example_trigger_target_dag.py
[2026-07-25T09:27:28.891+0000] {logging_mixin.py:190} INFO - [2026-07-25T09:27:28.891+0000] {dag.py:3239} INFO - Sync 1 DAGs
[2026-07-25T09:27:28.900+0000] {logging_mixin.py:190} INFO - [2026-07-25T09:27:28.900+0000] {dag.py:4180} INFO - Setting next_dagrun for example_trigger_target_dag to None, run_after=None
[2026-07-25T09:27:28.913+0000] {processor.py:208} INFO - Processing /home/airflow/.local/lib/python3.12/site-packages/airflow/example_dags/example_trigger_target_dag.py took 0.045 seconds
[2026-07-25T09:27:59.058+0000] {processor.py:186} INFO - Started process (PID=228) to work on /home/airflow/.local/lib/python3.12/site-packages/airflow/example_dags/example_trigger_target_dag.py
[2026-07-25T09:27:59.059+0000] {processor.py:914} INFO - Processing file /home/airflow/.local/lib/python3.12/site-packages/airflow/example_dags/example_trigger_target_dag.py for tasks to queue
[2026-07-25T09:27:59.062+0000] {logging_mixin.py:190} INFO - [2026-07-25T09:27:59.061+0000] {dagbag.py:588} INFO - Filling up the DagBag from /home/airflow/.local/lib/python3.12/site-packages/airflow/example_dags/example_trigger_target_dag.py
[2026-07-25T09:27:59.068+0000] {processor.py:925} INFO - DAG(s) 'example_trigger_target_dag' retrieved from /home/airflow/.local/lib/python3.12/site-packages/airflow/example_dags/example_trigger_target_dag.py
[2026-07-25T09:27:59.083+0000] {logging_mixin.py:190} INFO - [2026-07-25T09:27:59.082+0000] {dag.py:3239} INFO - Sync 1 DAGs
[2026-07-25T09:27:59.091+0000] {logging_mixin.py:190} INFO - [2026-07-25T09:27:59.091+0000] {dag.py:4180} INFO - Setting next_dagrun for example_trigger_target_dag to None, run_after=None
[2026-07-25T09:27:59.103+0000] {processor.py:208} INFO - Processing /home/airflow/.local/lib/python3.12/site-packages/airflow/example_dags/example_trigger_target_dag.py took 0.048 seconds
[2026-07-25T09:28:30.076+0000] {processor.py:186} INFO - Started process (PID=290) to work on /home/airflow/.local/lib/python3.12/site-packages/airflow/example_dags/example_trigger_target_dag.py
[2026-07-25T09:28:30.077+0000] {processor.py:914} INFO - Processing file /home/airflow/.local/lib/python3.12/site-packages/airflow/example_dags/example_trigger_target_dag.py for tasks to queue
[2026-07-25T09:28:30.081+0000] {logging_mixin.py:190} INFO - [2026-07-25T09:28:30.080+0000] {dagbag.py:588} INFO - Filling up the DagBag from /home/airflow/.local/lib/python3.12/site-packages/airflow/example_dags/example_trigger_target_dag.py
[2026-07-25T09:28:30.089+0000] {processor.py:925} INFO - DAG(s) 'example_trigger_target_dag' retrieved from /home/airflow/.local/lib/python3.12/site-packages/airflow/example_dags/example_trigger_target_dag.py
[2026-07-25T09:28:30.107+0000] {logging_mixin.py:190} INFO - [2026-07-25T09:28:30.106+0000] {dag.py:3239} INFO - Sync 1 DAGs
[2026-07-25T09:28:30.116+0000] {logging_mixin.py:190} INFO - [2026-07-25T09:28:30.116+0000] {dag.py:4180} INFO - Setting next_dagrun for example_trigger_target_dag to None, run_after=None
[2026-07-25T09:28:30.130+0000] {processor.py:208} INFO - Processing /home/airflow/.local/lib/python3.12/site-packages/airflow/example_dags/example_trigger_target_dag.py took 0.060 seconds
[2026-07-25T09:29:00.618+0000] {processor.py:186} INFO - Started process (PID=353) to work on /home/airflow/.local/lib/python3.12/site-packages/airflow/example_dags/example_trigger_target_dag.py
[2026-07-25T09:29:00.619+0000] {processor.py:914} INFO - Processing file /home/airflow/.local/lib/python3.12/site-packages/airflow/example_dags/example_trigger_target_dag.py for tasks to queue
[2026-07-25T09:29:00.621+0000] {logging_mixin.py:190} INFO - [2026-07-25T09:29:00.621+0000] {dagbag.py:588} INFO - Filling up the DagBag from /home/airflow/.local/lib/python3.12/site-packages/airflow/example_dags/example_trigger_target_dag.py
[2026-07-25T09:29:00.627+0000] {processor.py:925} INFO - DAG(s) 'example_trigger_target_dag' retrieved from /home/airflow/.local/lib/python3.12/site-packages/airflow/example_dags/example_trigger_target_dag.py
[2026-07-25T09:29:00.640+0000] {logging_mixin.py:190} INFO - [2026-07-25T09:29:00.640+0000] {dag.py:3239} INFO - Sync 1 DAGs
[2026-07-25T09:29:00.651+0000] {logging_mixin.py:190} INFO - [2026-07-25T09:29:00.650+0000] {dag.py:4180} INFO - Setting next_dagrun for example_trigger_target_dag to None, run_after=None
[2026-07-25T09:29:00.669+0000] {processor.py:208} INFO - Processing /home/airflow/.local/lib/python3.12/site-packages/airflow/example_dags/example_trigger_target_dag.py took 0.055 seconds
[2026-07-25T09:29:30.786+0000] {processor.py:186} INFO - Started process (PID=416) to work on /home/airflow/.local/lib/python3.12/site-packages/airflow/example_dags/example_trigger_target_dag.py
[2026-07-25T09:29:30.787+0000] {processor.py:914} INFO - Processing file /home/airflow/.local/lib/python3.12/site-packages/airflow/example_dags/example_trigger_target_dag.py for tasks to queue
[2026-07-25T09:29:30.790+0000] {logging_mixin.py:190} INFO - [2026-07-25T09:29:30.789+0000] {dagbag.py:588} INFO - Filling up the DagBag from /home/airflow/.local/lib/python3.12/site-packages/airflow/example_dags/example_trigger_target_dag.py
[2026-07-25T09:29:30.795+0000] {processor.py:925} INFO - DAG(s) 'example_trigger_target_dag' retrieved from /home/airflow/.local/lib/python3.12/site-packages/airflow/example_dags/example_trigger_target_dag.py
[2026-07-25T09:29:30.809+0000] {logging_mixin.py:190} INFO - [2026-07-25T09:29:30.808+0000] {dag.py:3239} INFO - Sync 1 DAGs
[2026-07-25T09:29:30.817+0000] {logging_mixin.py:190} INFO - [2026-07-25T09:29:30.817+0000] {dag.py:4180} INFO - Setting next_dagrun for example_trigger_target_dag to None, run_after=None
[2026-07-25T09:29:30.829+0000] {processor.py:208} INFO - Processing /home/airflow/.local/lib/python3.12/site-packages/airflow/example_dags/example_trigger_target_dag.py took 0.046 seconds
[2026-07-25T09:30:01.454+0000] {processor.py:186} INFO - Started process (PID=479) to work on /home/airflow/.local/lib/python3.12/site-packages/airflow/example_dags/example_trigger_target_dag.py
[2026-07-25T09:30:01.455+0000] {processor.py:914} INFO - Processing file /home/airflow/.local/lib/python3.12/site-packages/airflow/example_dags/example_trigger_target_dag.py for tasks to queue
[2026-07-25T09:30:01.457+0000] {logging_mixin.py:190} INFO - [2026-07-25T09:30:01.457+0000] {dagbag.py:588} INFO - Filling up the DagBag from /home/airflow/.local/lib/python3.12/site-packages/airflow/example_dags/example_trigger_target_dag.py
[2026-07-25T09:30:01.462+0000] {processor.py:925} INFO - DAG(s) 'example_trigger_target_dag' retrieved from /home/airflow/.local/lib/python3.12/site-packages/airflow/example_dags/example_trigger_target_dag.py
[2026-07-25T09:30:01.474+0000] {logging_mixin.py:190} INFO - [2026-07-25T09:30:01.473+0000] {dag.py:3239} INFO - Sync 1 DAGs
[2026-07-25T09:30:01.482+0000] {logging_mixin.py:190} INFO - [2026-07-25T09:30:01.482+0000] {dag.py:4180} INFO - Setting next_dagrun for example_trigger_target_dag to None, run_after=None
[2026-07-25T09:30:01.510+0000] {processor.py:208} INFO - Processing /home/airflow/.local/lib/python3.12/site-packages/airflow/example_dags/example_trigger_target_dag.py took 0.059 seconds
[2026-07-25T09:30:32.670+0000] {processor.py:186} INFO - Started process (PID=542) to work on /home/airflow/.local/lib/python3.12/site-packages/airflow/example_dags/example_trigger_target_dag.py
[2026-07-25T09:30:32.670+0000] {processor.py:914} INFO - Processing file /home/airflow/.local/lib/python3.12/site-packages/airflow/example_dags/example_trigger_target_dag.py for tasks to queue
[2026-07-25T09:30:32.672+0000] {logging_mixin.py:190} INFO - [2026-07-25T09:30:32.672+0000] {dagbag.py:588} INFO - Filling up the DagBag from /home/airflow/.local/lib/python3.12/site-packages/airflow/example_dags/example_trigger_target_dag.py
[2026-07-25T09:30:32.677+0000] {processor.py:925} INFO - DAG(s) 'example_trigger_target_dag' retrieved from /home/airflow/.local/lib/python3.12/site-packages/airflow/example_dags/example_trigger_target_dag.py
[2026-07-25T09:30:32.690+0000] {logging_mixin.py:190} INFO - [2026-07-25T09:30:32.690+0000] {dag.py:3239} INFO - Sync 1 DAGs
[2026-07-25T09:30:32.699+0000] {logging_mixin.py:190} INFO - [2026-07-25T09:30:32.699+0000] {dag.py:4180} INFO - Setting next_dagrun for example_trigger_target_dag to None, run_after=None
[2026-07-25T09:30:32.713+0000] {processor.py:208} INFO - Processing /home/airflow/.local/lib/python3.12/site-packages/airflow/example_dags/example_trigger_target_dag.py took 0.047 seconds
