[2026-07-25T09:06:18.219+0000] {processor.py:186} INFO - Started process (PID=91) to work on /home/airflow/.local/lib/python3.12/site-packages/airflow/example_dags/example_latest_only_with_trigger.py
[2026-07-25T09:06:18.220+0000] {processor.py:914} INFO - Processing file /home/airflow/.local/lib/python3.12/site-packages/airflow/example_dags/example_latest_only_with_trigger.py for tasks to queue
[2026-07-25T09:06:18.222+0000] {logging_mixin.py:190} INFO - [2026-07-25T09:06:18.222+0000] {dagbag.py:588} INFO - Filling up the DagBag from /home/airflow/.local/lib/python3.12/site-packages/airflow/example_dags/example_latest_only_with_trigger.py
[2026-07-25T09:06:18.230+0000] {processor.py:925} INFO - DAG(s) 'latest_only_with_trigger' retrieved from /home/airflow/.local/lib/python3.12/site-packages/airflow/example_dags/example_latest_only_with_trigger.py
[2026-07-25T09:06:18.296+0000] {logging_mixin.py:190} INFO - [2026-07-25T09:06:18.296+0000] {override.py:1932} INFO - Created Permission View: can edit on DAG:latest_only_with_trigger
[2026-07-25T09:06:18.304+0000] {logging_mixin.py:190} INFO - [2026-07-25T09:06:18.304+0000] {override.py:1932} INFO - Created Permission View: can read on DAG:latest_only_with_trigger
[2026-07-25T09:06:18.309+0000] {logging_mixin.py:190} INFO - [2026-07-25T09:06:18.309+0000] {override.py:1932} INFO - Created Permission View: can delete on DAG:latest_only_with_trigger
[2026-07-25T09:06:18.315+0000] {logging_mixin.py:190} INFO - [2026-07-25T09:06:18.315+0000] {override.py:1932} INFO - Created Permission View: can create on DAG Run:latest_only_with_trigger
[2026-07-25T09:06:18.320+0000] {logging_mixin.py:190} INFO - [2026-07-25T09:06:18.320+0000] {override.py:1932} INFO - Created Permission View: can read on DAG Run:latest_only_with_trigger
[2026-07-25T09:06:18.324+0000] {logging_mixin.py:190} INFO - [2026-07-25T09:06:18.324+0000] {override.py:1932} INFO - Created Permission View: can delete on DAG Run:latest_only_with_trigger
[2026-07-25T09:06:18.329+0000] {logging_mixin.py:190} INFO - [2026-07-25T09:06:18.329+0000] {override.py:1932} INFO - Created Permission View: menu access on DAG Run:latest_only_with_trigger
[2026-07-25T09:06:18.330+0000] {logging_mixin.py:190} INFO - [2026-07-25T09:06:18.330+0000] {dag.py:3239} INFO - Sync 1 DAGs
[2026-07-25T09:06:18.336+0000] {logging_mixin.py:190} INFO - [2026-07-25T09:06:18.336+0000] {dag.py:3262} INFO - Creating ORM DAG for latest_only_with_trigger
[2026-07-25T09:06:18.343+0000] {logging_mixin.py:190} INFO - [2026-07-25T09:06:18.343+0000] {dag.py:4180} INFO - Setting next_dagrun for latest_only_with_trigger to 2026-07-25 04:00:00+00:00, run_after=2026-07-25 08:00:00+00:00
[2026-07-25T09:06:18.352+0000] {processor.py:208} INFO - Processing /home/airflow/.local/lib/python3.12/site-packages/airflow/example_dags/example_latest_only_with_trigger.py took 0.136 seconds
[2026-07-25T09:06:48.907+0000] {processor.py:186} INFO - Started process (PID=153) to work on /home/airflow/.local/lib/python3.12/site-packages/airflow/example_dags/example_latest_only_with_trigger.py
[2026-07-25T09:06:48.908+0000] {processor.py:914} INFO - Processing file /home/airflow/.local/lib/python3.12/site-packages/airflow/example_dags/example_latest_only_with_trigger.py for tasks to queue
[2026-07-25T09:06:48.911+0000] {logging_mixin.py:190} INFO - [2026-07-25T09:06:48.911+0000] {dagbag.py:588} INFO - Filling up the DagBag from /home/airflow/.local/lib/python3.12/site-packages/airflow/example_dags/example_latest_only_with_trigger.py
[2026-07-25T09:06:48.918+0000] {processor.py:925} INFO - DAG(s) 'latest_only_with_trigger' retrieved from /home/airflow/.local/lib/python3.12/site-packages/airflow/example_dags/example_latest_only_with_trigger.py
[2026-07-25T09:06:48.935+0000] {logging_mixin.py:190} INFO - [2026-07-25T09:06:48.935+0000] {dag.py:3239} INFO - Sync 1 DAGs
[2026-07-25T09:06:48.952+0000] {logging_mixin.py:190} INFO - [2026-07-25T09:06:48.952+0000] {dag.py:4180} INFO - Setting next_dagrun for latest_only_with_trigger to 2026-07-25 04:00:00+00:00, run_after=2026-07-25 08:00:00+00:00
[2026-07-25T09:06:48.965+0000] {processor.py:208} INFO - Processing /home/airflow/.local/lib/python3.12/site-packages/airflow/example_dags/example_latest_only_with_trigger.py took 0.062 seconds
[2026-07-25T09:07:19.050+0000] {processor.py:186} INFO - Started process (PID=215) to work on /home/airflow/.local/lib/python3.12/site-packages/airflow/example_dags/example_latest_only_with_trigger.py
[2026-07-25T09:07:19.051+0000] {processor.py:914} INFO - Processing file /home/airflow/.local/lib/python3.12/site-packages/airflow/example_dags/example_latest_only_with_trigger.py for tasks to queue
[2026-07-25T09:07:19.053+0000] {logging_mixin.py:190} INFO - [2026-07-25T09:07:19.053+0000] {dagbag.py:588} INFO - Filling up the DagBag from /home/airflow/.local/lib/python3.12/site-packages/airflow/example_dags/example_latest_only_with_trigger.py
[2026-07-25T09:07:19.058+0000] {processor.py:925} INFO - DAG(s) 'latest_only_with_trigger' retrieved from /home/airflow/.local/lib/python3.12/site-packages/airflow/example_dags/example_latest_only_with_trigger.py
[2026-07-25T09:07:19.073+0000] {logging_mixin.py:190} INFO - [2026-07-25T09:07:19.073+0000] {dag.py:3239} INFO - Sync 1 DAGs
[2026-07-25T09:07:19.087+0000] {logging_mixin.py:190} INFO - [2026-07-25T09:07:19.087+0000] {dag.py:4180} INFO - Setting next_dagrun for latest_only_with_trigger to 2026-07-25 04:00:00+00:00, run_after=2026-07-25 08:00:00+00:00
[2026-07-25T09:07:19.098+0000] {processor.py:208} INFO - Processing /home/airflow/.local/lib/python3.12/site-packages/airflow/example_dags/example_latest_only_with_trigger.py took 0.051 seconds
[2026-07-25T09:07:49.417+0000] {processor.py:186} INFO - Started process (PID=278) to work on /home/airflow/.local/lib/python3.12/site-packages/airflow/example_dags/example_latest_only_with_trigger.py
[2026-07-25T09:07:49.418+0000] {processor.py:914} INFO - Processing file /home/airflow/.local/lib/python3.12/site-packages/airflow/example_dags/example_latest_only_with_trigger.py for tasks to queue
[2026-07-25T09:07:49.420+0000] {logging_mixin.py:190} INFO - [2026-07-25T09:07:49.420+0000] {dagbag.py:588} INFO - Filling up the DagBag from /home/airflow/.local/lib/python3.12/site-packages/airflow/example_dags/example_latest_only_with_trigger.py
[2026-07-25T09:07:49.426+0000] {processor.py:925} INFO - DAG(s) 'latest_only_with_trigger' retrieved from /home/airflow/.local/lib/python3.12/site-packages/airflow/example_dags/example_latest_only_with_trigger.py
[2026-07-25T09:07:49.441+0000] {logging_mixin.py:190} INFO - [2026-07-25T09:07:49.441+0000] {dag.py:3239} INFO - Sync 1 DAGs
[2026-07-25T09:07:49.454+0000] {logging_mixin.py:190} INFO - [2026-07-25T09:07:49.454+0000] {dag.py:4180} INFO - Setting next_dagrun for latest_only_with_trigger to 2026-07-25 04:00:00+00:00, run_after=2026-07-25 08:00:00+00:00
[2026-07-25T09:07:49.469+0000] {processor.py:208} INFO - Processing /home/airflow/.local/lib/python3.12/site-packages/airflow/example_dags/example_latest_only_with_trigger.py took 0.056 seconds
[2026-07-25T09:08:19.822+0000] {processor.py:186} INFO - Started process (PID=341) to work on /home/airflow/.local/lib/python3.12/site-packages/airflow/example_dags/example_latest_only_with_trigger.py
[2026-07-25T09:08:19.823+0000] {processor.py:914} INFO - Processing file /home/airflow/.local/lib/python3.12/site-packages/airflow/example_dags/example_latest_only_with_trigger.py for tasks to queue
[2026-07-25T09:08:19.825+0000] {logging_mixin.py:190} INFO - [2026-07-25T09:08:19.825+0000] {dagbag.py:588} INFO - Filling up the DagBag from /home/airflow/.local/lib/python3.12/site-packages/airflow/example_dags/example_latest_only_with_trigger.py
[2026-07-25T09:08:19.831+0000] {processor.py:925} INFO - DAG(s) 'latest_only_with_trigger' retrieved from /home/airflow/.local/lib/python3.12/site-packages/airflow/example_dags/example_latest_only_with_trigger.py
[2026-07-25T09:08:19.844+0000] {logging_mixin.py:190} INFO - [2026-07-25T09:08:19.844+0000] {dag.py:3239} INFO - Sync 1 DAGs
[2026-07-25T09:08:19.858+0000] {logging_mixin.py:190} INFO - [2026-07-25T09:08:19.858+0000] {dag.py:4180} INFO - Setting next_dagrun for latest_only_with_trigger to 2026-07-25 04:00:00+00:00, run_after=2026-07-25 08:00:00+00:00
[2026-07-25T09:08:19.871+0000] {processor.py:208} INFO - Processing /home/airflow/.local/lib/python3.12/site-packages/airflow/example_dags/example_latest_only_with_trigger.py took 0.053 seconds
[2026-07-25T09:08:50.734+0000] {processor.py:186} INFO - Started process (PID=404) to work on /home/airflow/.local/lib/python3.12/site-packages/airflow/example_dags/example_latest_only_with_trigger.py
[2026-07-25T09:08:50.735+0000] {processor.py:914} INFO - Processing file /home/airflow/.local/lib/python3.12/site-packages/airflow/example_dags/example_latest_only_with_trigger.py for tasks to queue
[2026-07-25T09:08:50.738+0000] {logging_mixin.py:190} INFO - [2026-07-25T09:08:50.737+0000] {dagbag.py:588} INFO - Filling up the DagBag from /home/airflow/.local/lib/python3.12/site-packages/airflow/example_dags/example_latest_only_with_trigger.py
[2026-07-25T09:08:50.743+0000] {processor.py:925} INFO - DAG(s) 'latest_only_with_trigger' retrieved from /home/airflow/.local/lib/python3.12/site-packages/airflow/example_dags/example_latest_only_with_trigger.py
[2026-07-25T09:08:50.756+0000] {logging_mixin.py:190} INFO - [2026-07-25T09:08:50.755+0000] {dag.py:3239} INFO - Sync 1 DAGs
[2026-07-25T09:08:50.768+0000] {logging_mixin.py:190} INFO - [2026-07-25T09:08:50.768+0000] {dag.py:4180} INFO - Setting next_dagrun for latest_only_with_trigger to 2026-07-25 04:00:00+00:00, run_after=2026-07-25 08:00:00+00:00
[2026-07-25T09:08:50.779+0000] {processor.py:208} INFO - Processing /home/airflow/.local/lib/python3.12/site-packages/airflow/example_dags/example_latest_only_with_trigger.py took 0.048 seconds
[2026-07-25T09:09:21.721+0000] {processor.py:186} INFO - Started process (PID=467) to work on /home/airflow/.local/lib/python3.12/site-packages/airflow/example_dags/example_latest_only_with_trigger.py
[2026-07-25T09:09:21.722+0000] {processor.py:914} INFO - Processing file /home/airflow/.local/lib/python3.12/site-packages/airflow/example_dags/example_latest_only_with_trigger.py for tasks to queue
[2026-07-25T09:09:21.724+0000] {logging_mixin.py:190} INFO - [2026-07-25T09:09:21.724+0000] {dagbag.py:588} INFO - Filling up the DagBag from /home/airflow/.local/lib/python3.12/site-packages/airflow/example_dags/example_latest_only_with_trigger.py
[2026-07-25T09:09:21.729+0000] {processor.py:925} INFO - DAG(s) 'latest_only_with_trigger' retrieved from /home/airflow/.local/lib/python3.12/site-packages/airflow/example_dags/example_latest_only_with_trigger.py
[2026-07-25T09:09:21.742+0000] {logging_mixin.py:190} INFO - [2026-07-25T09:09:21.742+0000] {dag.py:3239} INFO - Sync 1 DAGs
[2026-07-25T09:09:21.756+0000] {logging_mixin.py:190} INFO - [2026-07-25T09:09:21.756+0000] {dag.py:4180} INFO - Setting next_dagrun for latest_only_with_trigger to 2026-07-25 04:00:00+00:00, run_after=2026-07-25 08:00:00+00:00
[2026-07-25T09:09:21.769+0000] {processor.py:208} INFO - Processing /home/airflow/.local/lib/python3.12/site-packages/airflow/example_dags/example_latest_only_with_trigger.py took 0.051 seconds
[2026-07-25T09:09:54.896+0000] {processor.py:186} INFO - Started process (PID=530) to work on /home/airflow/.local/lib/python3.12/site-packages/airflow/example_dags/example_latest_only_with_trigger.py
[2026-07-25T09:09:54.897+0000] {processor.py:914} INFO - Processing file /home/airflow/.local/lib/python3.12/site-packages/airflow/example_dags/example_latest_only_with_trigger.py for tasks to queue
[2026-07-25T09:09:54.900+0000] {logging_mixin.py:190} INFO - [2026-07-25T09:09:54.900+0000] {dagbag.py:588} INFO - Filling up the DagBag from /home/airflow/.local/lib/python3.12/site-packages/airflow/example_dags/example_latest_only_with_trigger.py
[2026-07-25T09:09:54.908+0000] {processor.py:925} INFO - DAG(s) 'latest_only_with_trigger' retrieved from /home/airflow/.local/lib/python3.12/site-packages/airflow/example_dags/example_latest_only_with_trigger.py
[2026-07-25T09:09:54.927+0000] {logging_mixin.py:190} INFO - [2026-07-25T09:09:54.927+0000] {dag.py:3239} INFO - Sync 1 DAGs
[2026-07-25T09:09:54.948+0000] {logging_mixin.py:190} INFO - [2026-07-25T09:09:54.948+0000] {dag.py:4180} INFO - Setting next_dagrun for latest_only_with_trigger to 2026-07-25 04:00:00+00:00, run_after=2026-07-25 08:00:00+00:00
[2026-07-25T09:09:54.965+0000] {processor.py:208} INFO - Processing /home/airflow/.local/lib/python3.12/site-packages/airflow/example_dags/example_latest_only_with_trigger.py took 0.074 seconds
[2026-07-25T09:10:26.032+0000] {processor.py:186} INFO - Started process (PID=592) to work on /home/airflow/.local/lib/python3.12/site-packages/airflow/example_dags/example_latest_only_with_trigger.py
[2026-07-25T09:10:26.033+0000] {processor.py:914} INFO - Processing file /home/airflow/.local/lib/python3.12/site-packages/airflow/example_dags/example_latest_only_with_trigger.py for tasks to queue
[2026-07-25T09:10:26.035+0000] {logging_mixin.py:190} INFO - [2026-07-25T09:10:26.035+0000] {dagbag.py:588} INFO - Filling up the DagBag from /home/airflow/.local/lib/python3.12/site-packages/airflow/example_dags/example_latest_only_with_trigger.py
[2026-07-25T09:10:26.041+0000] {processor.py:925} INFO - DAG(s) 'latest_only_with_trigger' retrieved from /home/airflow/.local/lib/python3.12/site-packages/airflow/example_dags/example_latest_only_with_trigger.py
[2026-07-25T09:10:26.054+0000] {logging_mixin.py:190} INFO - [2026-07-25T09:10:26.054+0000] {dag.py:3239} INFO - Sync 1 DAGs
[2026-07-25T09:10:26.067+0000] {logging_mixin.py:190} INFO - [2026-07-25T09:10:26.067+0000] {dag.py:4180} INFO - Setting next_dagrun for latest_only_with_trigger to 2026-07-25 04:00:00+00:00, run_after=2026-07-25 08:00:00+00:00
[2026-07-25T09:10:26.078+0000] {processor.py:208} INFO - Processing /home/airflow/.local/lib/python3.12/site-packages/airflow/example_dags/example_latest_only_with_trigger.py took 0.049 seconds
[2026-07-25T09:10:56.265+0000] {processor.py:186} INFO - Started process (PID=654) to work on /home/airflow/.local/lib/python3.12/site-packages/airflow/example_dags/example_latest_only_with_trigger.py
[2026-07-25T09:10:56.266+0000] {processor.py:914} INFO - Processing file /home/airflow/.local/lib/python3.12/site-packages/airflow/example_dags/example_latest_only_with_trigger.py for tasks to queue
[2026-07-25T09:10:56.268+0000] {logging_mixin.py:190} INFO - [2026-07-25T09:10:56.268+0000] {dagbag.py:588} INFO - Filling up the DagBag from /home/airflow/.local/lib/python3.12/site-packages/airflow/example_dags/example_latest_only_with_trigger.py
[2026-07-25T09:10:56.273+0000] {processor.py:925} INFO - DAG(s) 'latest_only_with_trigger' retrieved from /home/airflow/.local/lib/python3.12/site-packages/airflow/example_dags/example_latest_only_with_trigger.py
[2026-07-25T09:10:56.285+0000] {logging_mixin.py:190} INFO - [2026-07-25T09:10:56.285+0000] {dag.py:3239} INFO - Sync 1 DAGs
[2026-07-25T09:10:56.298+0000] {logging_mixin.py:190} INFO - [2026-07-25T09:10:56.298+0000] {dag.py:4180} INFO - Setting next_dagrun for latest_only_with_trigger to 2026-07-25 04:00:00+00:00, run_after=2026-07-25 08:00:00+00:00
[2026-07-25T09:10:56.312+0000] {processor.py:208} INFO - Processing /home/airflow/.local/lib/python3.12/site-packages/airflow/example_dags/example_latest_only_with_trigger.py took 0.049 seconds
[2026-07-25T09:11:29.876+0000] {processor.py:186} INFO - Started process (PID=717) to work on /home/airflow/.local/lib/python3.12/site-packages/airflow/example_dags/example_latest_only_with_trigger.py
[2026-07-25T09:11:29.877+0000] {processor.py:914} INFO - Processing file /home/airflow/.local/lib/python3.12/site-packages/airflow/example_dags/example_latest_only_with_trigger.py for tasks to queue
[2026-07-25T09:11:29.879+0000] {logging_mixin.py:190} INFO - [2026-07-25T09:11:29.879+0000] {dagbag.py:588} INFO - Filling up the DagBag from /home/airflow/.local/lib/python3.12/site-packages/airflow/example_dags/example_latest_only_with_trigger.py
[2026-07-25T09:11:29.884+0000] {processor.py:925} INFO - DAG(s) 'latest_only_with_trigger' retrieved from /home/airflow/.local/lib/python3.12/site-packages/airflow/example_dags/example_latest_only_with_trigger.py
[2026-07-25T09:11:29.899+0000] {logging_mixin.py:190} INFO - [2026-07-25T09:11:29.899+0000] {dag.py:3239} INFO - Sync 1 DAGs
[2026-07-25T09:11:29.913+0000] {logging_mixin.py:190} INFO - [2026-07-25T09:11:29.913+0000] {dag.py:4180} INFO - Setting next_dagrun for latest_only_with_trigger to 2026-07-25 04:00:00+00:00, run_after=2026-07-25 08:00:00+00:00
[2026-07-25T09:11:29.926+0000] {processor.py:208} INFO - Processing /home/airflow/.local/lib/python3.12/site-packages/airflow/example_dags/example_latest_only_with_trigger.py took 0.054 seconds
[2026-07-25T09:12:00.593+0000] {processor.py:186} INFO - Started process (PID=778) to work on /home/airflow/.local/lib/python3.12/site-packages/airflow/example_dags/example_latest_only_with_trigger.py
[2026-07-25T09:12:00.594+0000] {processor.py:914} INFO - Processing file /home/airflow/.local/lib/python3.12/site-packages/airflow/example_dags/example_latest_only_with_trigger.py for tasks to queue
[2026-07-25T09:12:00.596+0000] {logging_mixin.py:190} INFO - [2026-07-25T09:12:00.596+0000] {dagbag.py:588} INFO - Filling up the DagBag from /home/airflow/.local/lib/python3.12/site-packages/airflow/example_dags/example_latest_only_with_trigger.py
[2026-07-25T09:12:00.601+0000] {processor.py:925} INFO - DAG(s) 'latest_only_with_trigger' retrieved from /home/airflow/.local/lib/python3.12/site-packages/airflow/example_dags/example_latest_only_with_trigger.py
[2026-07-25T09:12:00.614+0000] {logging_mixin.py:190} INFO - [2026-07-25T09:12:00.614+0000] {dag.py:3239} INFO - Sync 1 DAGs
[2026-07-25T09:12:00.627+0000] {logging_mixin.py:190} INFO - [2026-07-25T09:12:00.627+0000] {dag.py:4180} INFO - Setting next_dagrun for latest_only_with_trigger to 2026-07-25 04:00:00+00:00, run_after=2026-07-25 08:00:00+00:00
[2026-07-25T09:12:00.638+0000] {processor.py:208} INFO - Processing /home/airflow/.local/lib/python3.12/site-packages/airflow/example_dags/example_latest_only_with_trigger.py took 0.048 seconds
[2026-07-25T09:12:31.164+0000] {processor.py:186} INFO - Started process (PID=841) to work on /home/airflow/.local/lib/python3.12/site-packages/airflow/example_dags/example_latest_only_with_trigger.py
[2026-07-25T09:12:31.165+0000] {processor.py:914} INFO - Processing file /home/airflow/.local/lib/python3.12/site-packages/airflow/example_dags/example_latest_only_with_trigger.py for tasks to queue
[2026-07-25T09:12:31.166+0000] {logging_mixin.py:190} INFO - [2026-07-25T09:12:31.166+0000] {dagbag.py:588} INFO - Filling up the DagBag from /home/airflow/.local/lib/python3.12/site-packages/airflow/example_dags/example_latest_only_with_trigger.py
[2026-07-25T09:12:31.171+0000] {processor.py:925} INFO - DAG(s) 'latest_only_with_trigger' retrieved from /home/airflow/.local/lib/python3.12/site-packages/airflow/example_dags/example_latest_only_with_trigger.py
[2026-07-25T09:12:31.184+0000] {logging_mixin.py:190} INFO - [2026-07-25T09:12:31.184+0000] {dag.py:3239} INFO - Sync 1 DAGs
[2026-07-25T09:12:31.196+0000] {logging_mixin.py:190} INFO - [2026-07-25T09:12:31.196+0000] {dag.py:4180} INFO - Setting next_dagrun for latest_only_with_trigger to 2026-07-25 04:00:00+00:00, run_after=2026-07-25 08:00:00+00:00
[2026-07-25T09:12:31.208+0000] {processor.py:208} INFO - Processing /home/airflow/.local/lib/python3.12/site-packages/airflow/example_dags/example_latest_only_with_trigger.py took 0.048 seconds
[2026-07-25T09:13:01.557+0000] {processor.py:186} INFO - Started process (PID=904) to work on /home/airflow/.local/lib/python3.12/site-packages/airflow/example_dags/example_latest_only_with_trigger.py
[2026-07-25T09:13:01.558+0000] {processor.py:914} INFO - Processing file /home/airflow/.local/lib/python3.12/site-packages/airflow/example_dags/example_latest_only_with_trigger.py for tasks to queue
[2026-07-25T09:13:01.560+0000] {logging_mixin.py:190} INFO - [2026-07-25T09:13:01.559+0000] {dagbag.py:588} INFO - Filling up the DagBag from /home/airflow/.local/lib/python3.12/site-packages/airflow/example_dags/example_latest_only_with_trigger.py
[2026-07-25T09:13:01.565+0000] {processor.py:925} INFO - DAG(s) 'latest_only_with_trigger' retrieved from /home/airflow/.local/lib/python3.12/site-packages/airflow/example_dags/example_latest_only_with_trigger.py
[2026-07-25T09:13:01.580+0000] {logging_mixin.py:190} INFO - [2026-07-25T09:13:01.579+0000] {dag.py:3239} INFO - Sync 1 DAGs
[2026-07-25T09:13:01.595+0000] {logging_mixin.py:190} INFO - [2026-07-25T09:13:01.595+0000] {dag.py:4180} INFO - Setting next_dagrun for latest_only_with_trigger to 2026-07-25 04:00:00+00:00, run_after=2026-07-25 08:00:00+00:00
[2026-07-25T09:13:01.606+0000] {processor.py:208} INFO - Processing /home/airflow/.local/lib/python3.12/site-packages/airflow/example_dags/example_latest_only_with_trigger.py took 0.054 seconds
[2026-07-25T09:13:32.111+0000] {processor.py:186} INFO - Started process (PID=966) to work on /home/airflow/.local/lib/python3.12/site-packages/airflow/example_dags/example_latest_only_with_trigger.py
[2026-07-25T09:13:32.112+0000] {processor.py:914} INFO - Processing file /home/airflow/.local/lib/python3.12/site-packages/airflow/example_dags/example_latest_only_with_trigger.py for tasks to queue
[2026-07-25T09:13:32.114+0000] {logging_mixin.py:190} INFO - [2026-07-25T09:13:32.114+0000] {dagbag.py:588} INFO - Filling up the DagBag from /home/airflow/.local/lib/python3.12/site-packages/airflow/example_dags/example_latest_only_with_trigger.py
[2026-07-25T09:13:32.119+0000] {processor.py:925} INFO - DAG(s) 'latest_only_with_trigger' retrieved from /home/airflow/.local/lib/python3.12/site-packages/airflow/example_dags/example_latest_only_with_trigger.py
[2026-07-25T09:13:32.132+0000] {logging_mixin.py:190} INFO - [2026-07-25T09:13:32.132+0000] {dag.py:3239} INFO - Sync 1 DAGs
[2026-07-25T09:13:32.145+0000] {logging_mixin.py:190} INFO - [2026-07-25T09:13:32.145+0000] {dag.py:4180} INFO - Setting next_dagrun for latest_only_with_trigger to 2026-07-25 04:00:00+00:00, run_after=2026-07-25 08:00:00+00:00
[2026-07-25T09:13:32.155+0000] {processor.py:208} INFO - Processing /home/airflow/.local/lib/python3.12/site-packages/airflow/example_dags/example_latest_only_with_trigger.py took 0.047 seconds
[2026-07-25T09:14:02.732+0000] {processor.py:186} INFO - Started process (PID=1029) to work on /home/airflow/.local/lib/python3.12/site-packages/airflow/example_dags/example_latest_only_with_trigger.py
[2026-07-25T09:14:02.732+0000] {processor.py:914} INFO - Processing file /home/airflow/.local/lib/python3.12/site-packages/airflow/example_dags/example_latest_only_with_trigger.py for tasks to queue
[2026-07-25T09:14:02.735+0000] {logging_mixin.py:190} INFO - [2026-07-25T09:14:02.735+0000] {dagbag.py:588} INFO - Filling up the DagBag from /home/airflow/.local/lib/python3.12/site-packages/airflow/example_dags/example_latest_only_with_trigger.py
[2026-07-25T09:14:02.740+0000] {processor.py:925} INFO - DAG(s) 'latest_only_with_trigger' retrieved from /home/airflow/.local/lib/python3.12/site-packages/airflow/example_dags/example_latest_only_with_trigger.py
[2026-07-25T09:14:02.755+0000] {logging_mixin.py:190} INFO - [2026-07-25T09:14:02.755+0000] {dag.py:3239} INFO - Sync 1 DAGs
[2026-07-25T09:14:02.769+0000] {logging_mixin.py:190} INFO - [2026-07-25T09:14:02.769+0000] {dag.py:4180} INFO - Setting next_dagrun for latest_only_with_trigger to 2026-07-25 04:00:00+00:00, run_after=2026-07-25 08:00:00+00:00
[2026-07-25T09:14:02.782+0000] {processor.py:208} INFO - Processing /home/airflow/.local/lib/python3.12/site-packages/airflow/example_dags/example_latest_only_with_trigger.py took 0.055 seconds
[2026-07-25T09:14:34.793+0000] {processor.py:186} INFO - Started process (PID=1092) to work on /home/airflow/.local/lib/python3.12/site-packages/airflow/example_dags/example_latest_only_with_trigger.py
[2026-07-25T09:14:34.794+0000] {processor.py:914} INFO - Processing file /home/airflow/.local/lib/python3.12/site-packages/airflow/example_dags/example_latest_only_with_trigger.py for tasks to queue
[2026-07-25T09:14:34.796+0000] {logging_mixin.py:190} INFO - [2026-07-25T09:14:34.796+0000] {dagbag.py:588} INFO - Filling up the DagBag from /home/airflow/.local/lib/python3.12/site-packages/airflow/example_dags/example_latest_only_with_trigger.py
[2026-07-25T09:14:34.801+0000] {processor.py:925} INFO - DAG(s) 'latest_only_with_trigger' retrieved from /home/airflow/.local/lib/python3.12/site-packages/airflow/example_dags/example_latest_only_with_trigger.py
[2026-07-25T09:14:34.814+0000] {logging_mixin.py:190} INFO - [2026-07-25T09:14:34.814+0000] {dag.py:3239} INFO - Sync 1 DAGs
[2026-07-25T09:14:34.828+0000] {logging_mixin.py:190} INFO - [2026-07-25T09:14:34.828+0000] {dag.py:4180} INFO - Setting next_dagrun for latest_only_with_trigger to 2026-07-25 04:00:00+00:00, run_after=2026-07-25 08:00:00+00:00
[2026-07-25T09:14:34.838+0000] {processor.py:208} INFO - Processing /home/airflow/.local/lib/python3.12/site-packages/airflow/example_dags/example_latest_only_with_trigger.py took 0.048 seconds
[2026-07-25T09:15:37.856+0000] {processor.py:186} INFO - Started process (PID=91) to work on /home/airflow/.local/lib/python3.12/site-packages/airflow/example_dags/example_latest_only_with_trigger.py
[2026-07-25T09:15:37.857+0000] {processor.py:914} INFO - Processing file /home/airflow/.local/lib/python3.12/site-packages/airflow/example_dags/example_latest_only_with_trigger.py for tasks to queue
[2026-07-25T09:15:37.859+0000] {logging_mixin.py:190} INFO - [2026-07-25T09:15:37.859+0000] {dagbag.py:588} INFO - Filling up the DagBag from /home/airflow/.local/lib/python3.12/site-packages/airflow/example_dags/example_latest_only_with_trigger.py
[2026-07-25T09:15:37.865+0000] {processor.py:925} INFO - DAG(s) 'latest_only_with_trigger' retrieved from /home/airflow/.local/lib/python3.12/site-packages/airflow/example_dags/example_latest_only_with_trigger.py
[2026-07-25T09:15:37.887+0000] {logging_mixin.py:190} INFO - [2026-07-25T09:15:37.887+0000] {dag.py:3239} INFO - Sync 1 DAGs
[2026-07-25T09:15:37.900+0000] {logging_mixin.py:190} INFO - [2026-07-25T09:15:37.900+0000] {dag.py:4180} INFO - Setting next_dagrun for latest_only_with_trigger to 2026-07-25 04:00:00+00:00, run_after=2026-07-25 08:00:00+00:00
[2026-07-25T09:15:37.912+0000] {processor.py:208} INFO - Processing /home/airflow/.local/lib/python3.12/site-packages/airflow/example_dags/example_latest_only_with_trigger.py took 0.060 seconds
[2026-07-25T09:16:08.816+0000] {processor.py:186} INFO - Started process (PID=153) to work on /home/airflow/.local/lib/python3.12/site-packages/airflow/example_dags/example_latest_only_with_trigger.py
[2026-07-25T09:16:08.817+0000] {processor.py:914} INFO - Processing file /home/airflow/.local/lib/python3.12/site-packages/airflow/example_dags/example_latest_only_with_trigger.py for tasks to queue
[2026-07-25T09:16:08.819+0000] {logging_mixin.py:190} INFO - [2026-07-25T09:16:08.819+0000] {dagbag.py:588} INFO - Filling up the DagBag from /home/airflow/.local/lib/python3.12/site-packages/airflow/example_dags/example_latest_only_with_trigger.py
[2026-07-25T09:16:08.824+0000] {processor.py:925} INFO - DAG(s) 'latest_only_with_trigger' retrieved from /home/airflow/.local/lib/python3.12/site-packages/airflow/example_dags/example_latest_only_with_trigger.py
[2026-07-25T09:16:08.841+0000] {logging_mixin.py:190} INFO - [2026-07-25T09:16:08.841+0000] {dag.py:3239} INFO - Sync 1 DAGs
[2026-07-25T09:16:08.856+0000] {logging_mixin.py:190} INFO - [2026-07-25T09:16:08.856+0000] {dag.py:4180} INFO - Setting next_dagrun for latest_only_with_trigger to 2026-07-25 04:00:00+00:00, run_after=2026-07-25 08:00:00+00:00
[2026-07-25T09:16:08.867+0000] {processor.py:208} INFO - Processing /home/airflow/.local/lib/python3.12/site-packages/airflow/example_dags/example_latest_only_with_trigger.py took 0.055 seconds
[2026-07-25T09:16:39.621+0000] {processor.py:186} INFO - Started process (PID=215) to work on /home/airflow/.local/lib/python3.12/site-packages/airflow/example_dags/example_latest_only_with_trigger.py
[2026-07-25T09:16:39.622+0000] {processor.py:914} INFO - Processing file /home/airflow/.local/lib/python3.12/site-packages/airflow/example_dags/example_latest_only_with_trigger.py for tasks to queue
[2026-07-25T09:16:39.624+0000] {logging_mixin.py:190} INFO - [2026-07-25T09:16:39.624+0000] {dagbag.py:588} INFO - Filling up the DagBag from /home/airflow/.local/lib/python3.12/site-packages/airflow/example_dags/example_latest_only_with_trigger.py
[2026-07-25T09:16:39.629+0000] {processor.py:925} INFO - DAG(s) 'latest_only_with_trigger' retrieved from /home/airflow/.local/lib/python3.12/site-packages/airflow/example_dags/example_latest_only_with_trigger.py
[2026-07-25T09:16:39.642+0000] {logging_mixin.py:190} INFO - [2026-07-25T09:16:39.642+0000] {dag.py:3239} INFO - Sync 1 DAGs
[2026-07-25T09:16:39.657+0000] {logging_mixin.py:190} INFO - [2026-07-25T09:16:39.657+0000] {dag.py:4180} INFO - Setting next_dagrun for latest_only_with_trigger to 2026-07-25 04:00:00+00:00, run_after=2026-07-25 08:00:00+00:00
[2026-07-25T09:16:39.669+0000] {processor.py:208} INFO - Processing /home/airflow/.local/lib/python3.12/site-packages/airflow/example_dags/example_latest_only_with_trigger.py took 0.051 seconds
[2026-07-25T09:17:10.265+0000] {processor.py:186} INFO - Started process (PID=278) to work on /home/airflow/.local/lib/python3.12/site-packages/airflow/example_dags/example_latest_only_with_trigger.py
[2026-07-25T09:17:10.266+0000] {processor.py:914} INFO - Processing file /home/airflow/.local/lib/python3.12/site-packages/airflow/example_dags/example_latest_only_with_trigger.py for tasks to queue
[2026-07-25T09:17:10.268+0000] {logging_mixin.py:190} INFO - [2026-07-25T09:17:10.267+0000] {dagbag.py:588} INFO - Filling up the DagBag from /home/airflow/.local/lib/python3.12/site-packages/airflow/example_dags/example_latest_only_with_trigger.py
[2026-07-25T09:17:10.272+0000] {processor.py:925} INFO - DAG(s) 'latest_only_with_trigger' retrieved from /home/airflow/.local/lib/python3.12/site-packages/airflow/example_dags/example_latest_only_with_trigger.py
[2026-07-25T09:17:10.285+0000] {logging_mixin.py:190} INFO - [2026-07-25T09:17:10.285+0000] {dag.py:3239} INFO - Sync 1 DAGs
[2026-07-25T09:17:10.298+0000] {logging_mixin.py:190} INFO - [2026-07-25T09:17:10.298+0000] {dag.py:4180} INFO - Setting next_dagrun for latest_only_with_trigger to 2026-07-25 04:00:00+00:00, run_after=2026-07-25 08:00:00+00:00
[2026-07-25T09:17:10.330+0000] {processor.py:208} INFO - Processing /home/airflow/.local/lib/python3.12/site-packages/airflow/example_dags/example_latest_only_with_trigger.py took 0.069 seconds
[2026-07-25T09:17:40.669+0000] {processor.py:186} INFO - Started process (PID=341) to work on /home/airflow/.local/lib/python3.12/site-packages/airflow/example_dags/example_latest_only_with_trigger.py
[2026-07-25T09:17:40.670+0000] {processor.py:914} INFO - Processing file /home/airflow/.local/lib/python3.12/site-packages/airflow/example_dags/example_latest_only_with_trigger.py for tasks to queue
[2026-07-25T09:17:40.672+0000] {logging_mixin.py:190} INFO - [2026-07-25T09:17:40.672+0000] {dagbag.py:588} INFO - Filling up the DagBag from /home/airflow/.local/lib/python3.12/site-packages/airflow/example_dags/example_latest_only_with_trigger.py
[2026-07-25T09:17:40.677+0000] {processor.py:925} INFO - DAG(s) 'latest_only_with_trigger' retrieved from /home/airflow/.local/lib/python3.12/site-packages/airflow/example_dags/example_latest_only_with_trigger.py
[2026-07-25T09:17:40.691+0000] {logging_mixin.py:190} INFO - [2026-07-25T09:17:40.691+0000] {dag.py:3239} INFO - Sync 1 DAGs
[2026-07-25T09:17:40.704+0000] {logging_mixin.py:190} INFO - [2026-07-25T09:17:40.704+0000] {dag.py:4180} INFO - Setting next_dagrun for latest_only_with_trigger to 2026-07-25 04:00:00+00:00, run_after=2026-07-25 08:00:00+00:00
[2026-07-25T09:17:40.715+0000] {processor.py:208} INFO - Processing /home/airflow/.local/lib/python3.12/site-packages/airflow/example_dags/example_latest_only_with_trigger.py took 0.050 seconds
[2026-07-25T09:18:11.076+0000] {processor.py:186} INFO - Started process (PID=404) to work on /home/airflow/.local/lib/python3.12/site-packages/airflow/example_dags/example_latest_only_with_trigger.py
[2026-07-25T09:18:11.077+0000] {processor.py:914} INFO - Processing file /home/airflow/.local/lib/python3.12/site-packages/airflow/example_dags/example_latest_only_with_trigger.py for tasks to queue
[2026-07-25T09:18:11.080+0000] {logging_mixin.py:190} INFO - [2026-07-25T09:18:11.079+0000] {dagbag.py:588} INFO - Filling up the DagBag from /home/airflow/.local/lib/python3.12/site-packages/airflow/example_dags/example_latest_only_with_trigger.py
[2026-07-25T09:18:11.086+0000] {processor.py:925} INFO - DAG(s) 'latest_only_with_trigger' retrieved from /home/airflow/.local/lib/python3.12/site-packages/airflow/example_dags/example_latest_only_with_trigger.py
[2026-07-25T09:18:11.102+0000] {logging_mixin.py:190} INFO - [2026-07-25T09:18:11.102+0000] {dag.py:3239} INFO - Sync 1 DAGs
[2026-07-25T09:18:11.118+0000] {logging_mixin.py:190} INFO - [2026-07-25T09:18:11.118+0000] {dag.py:4180} INFO - Setting next_dagrun for latest_only_with_trigger to 2026-07-25 04:00:00+00:00, run_after=2026-07-25 08:00:00+00:00
[2026-07-25T09:18:11.131+0000] {processor.py:208} INFO - Processing /home/airflow/.local/lib/python3.12/site-packages/airflow/example_dags/example_latest_only_with_trigger.py took 0.059 seconds
[2026-07-25T09:18:41.400+0000] {processor.py:186} INFO - Started process (PID=467) to work on /home/airflow/.local/lib/python3.12/site-packages/airflow/example_dags/example_latest_only_with_trigger.py
[2026-07-25T09:18:41.401+0000] {processor.py:914} INFO - Processing file /home/airflow/.local/lib/python3.12/site-packages/airflow/example_dags/example_latest_only_with_trigger.py for tasks to queue
[2026-07-25T09:18:41.403+0000] {logging_mixin.py:190} INFO - [2026-07-25T09:18:41.403+0000] {dagbag.py:588} INFO - Filling up the DagBag from /home/airflow/.local/lib/python3.12/site-packages/airflow/example_dags/example_latest_only_with_trigger.py
[2026-07-25T09:18:41.409+0000] {processor.py:925} INFO - DAG(s) 'latest_only_with_trigger' retrieved from /home/airflow/.local/lib/python3.12/site-packages/airflow/example_dags/example_latest_only_with_trigger.py
[2026-07-25T09:18:41.425+0000] {logging_mixin.py:190} INFO - [2026-07-25T09:18:41.425+0000] {dag.py:3239} INFO - Sync 1 DAGs
[2026-07-25T09:18:41.440+0000] {logging_mixin.py:190} INFO - [2026-07-25T09:18:41.440+0000] {dag.py:4180} INFO - Setting next_dagrun for latest_only_with_trigger to 2026-07-25 04:00:00+00:00, run_after=2026-07-25 08:00:00+00:00
[2026-07-25T09:18:41.452+0000] {processor.py:208} INFO - Processing /home/airflow/.local/lib/python3.12/site-packages/airflow/example_dags/example_latest_only_with_trigger.py took 0.056 seconds
[2026-07-25T09:19:12.031+0000] {processor.py:186} INFO - Started process (PID=529) to work on /home/airflow/.local/lib/python3.12/site-packages/airflow/example_dags/example_latest_only_with_trigger.py
[2026-07-25T09:19:12.032+0000] {processor.py:914} INFO - Processing file /home/airflow/.local/lib/python3.12/site-packages/airflow/example_dags/example_latest_only_with_trigger.py for tasks to queue
[2026-07-25T09:19:12.034+0000] {logging_mixin.py:190} INFO - [2026-07-25T09:19:12.034+0000] {dagbag.py:588} INFO - Filling up the DagBag from /home/airflow/.local/lib/python3.12/site-packages/airflow/example_dags/example_latest_only_with_trigger.py
[2026-07-25T09:19:12.040+0000] {processor.py:925} INFO - DAG(s) 'latest_only_with_trigger' retrieved from /home/airflow/.local/lib/python3.12/site-packages/airflow/example_dags/example_latest_only_with_trigger.py
[2026-07-25T09:19:12.053+0000] {logging_mixin.py:190} INFO - [2026-07-25T09:19:12.052+0000] {dag.py:3239} INFO - Sync 1 DAGs
[2026-07-25T09:19:12.066+0000] {logging_mixin.py:190} INFO - [2026-07-25T09:19:12.066+0000] {dag.py:4180} INFO - Setting next_dagrun for latest_only_with_trigger to 2026-07-25 04:00:00+00:00, run_after=2026-07-25 08:00:00+00:00
[2026-07-25T09:19:12.076+0000] {processor.py:208} INFO - Processing /home/airflow/.local/lib/python3.12/site-packages/airflow/example_dags/example_latest_only_with_trigger.py took 0.048 seconds
[2026-07-25T09:20:49.996+0000] {processor.py:186} INFO - Started process (PID=91) to work on /home/airflow/.local/lib/python3.12/site-packages/airflow/example_dags/example_latest_only_with_trigger.py
[2026-07-25T09:20:49.997+0000] {processor.py:914} INFO - Processing file /home/airflow/.local/lib/python3.12/site-packages/airflow/example_dags/example_latest_only_with_trigger.py for tasks to queue
[2026-07-25T09:20:50.002+0000] {logging_mixin.py:190} INFO - [2026-07-25T09:20:50.001+0000] {dagbag.py:588} INFO - Filling up the DagBag from /home/airflow/.local/lib/python3.12/site-packages/airflow/example_dags/example_latest_only_with_trigger.py
[2026-07-25T09:20:50.011+0000] {processor.py:925} INFO - DAG(s) 'latest_only_with_trigger' retrieved from /home/airflow/.local/lib/python3.12/site-packages/airflow/example_dags/example_latest_only_with_trigger.py
[2026-07-25T09:20:50.035+0000] {logging_mixin.py:190} INFO - [2026-07-25T09:20:50.035+0000] {dag.py:3239} INFO - Sync 1 DAGs
[2026-07-25T09:20:50.052+0000] {logging_mixin.py:190} INFO - [2026-07-25T09:20:50.052+0000] {dag.py:4180} INFO - Setting next_dagrun for latest_only_with_trigger to 2026-07-25 04:00:00+00:00, run_after=2026-07-25 08:00:00+00:00
[2026-07-25T09:20:50.067+0000] {processor.py:208} INFO - Processing /home/airflow/.local/lib/python3.12/site-packages/airflow/example_dags/example_latest_only_with_trigger.py took 0.075 seconds
[2026-07-25T09:21:21.015+0000] {processor.py:186} INFO - Started process (PID=153) to work on /home/airflow/.local/lib/python3.12/site-packages/airflow/example_dags/example_latest_only_with_trigger.py
[2026-07-25T09:21:21.016+0000] {processor.py:914} INFO - Processing file /home/airflow/.local/lib/python3.12/site-packages/airflow/example_dags/example_latest_only_with_trigger.py for tasks to queue
[2026-07-25T09:21:21.018+0000] {logging_mixin.py:190} INFO - [2026-07-25T09:21:21.018+0000] {dagbag.py:588} INFO - Filling up the DagBag from /home/airflow/.local/lib/python3.12/site-packages/airflow/example_dags/example_latest_only_with_trigger.py
[2026-07-25T09:21:21.024+0000] {processor.py:925} INFO - DAG(s) 'latest_only_with_trigger' retrieved from /home/airflow/.local/lib/python3.12/site-packages/airflow/example_dags/example_latest_only_with_trigger.py
[2026-07-25T09:21:21.039+0000] {logging_mixin.py:190} INFO - [2026-07-25T09:21:21.039+0000] {dag.py:3239} INFO - Sync 1 DAGs
[2026-07-25T09:21:21.054+0000] {logging_mixin.py:190} INFO - [2026-07-25T09:21:21.054+0000] {dag.py:4180} INFO - Setting next_dagrun for latest_only_with_trigger to 2026-07-25 04:00:00+00:00, run_after=2026-07-25 08:00:00+00:00
[2026-07-25T09:21:21.067+0000] {processor.py:208} INFO - Processing /home/airflow/.local/lib/python3.12/site-packages/airflow/example_dags/example_latest_only_with_trigger.py took 0.057 seconds
[2026-07-25T09:21:51.120+0000] {processor.py:186} INFO - Started process (PID=215) to work on /home/airflow/.local/lib/python3.12/site-packages/airflow/example_dags/example_latest_only_with_trigger.py
[2026-07-25T09:21:51.121+0000] {processor.py:914} INFO - Processing file /home/airflow/.local/lib/python3.12/site-packages/airflow/example_dags/example_latest_only_with_trigger.py for tasks to queue
[2026-07-25T09:21:51.123+0000] {logging_mixin.py:190} INFO - [2026-07-25T09:21:51.123+0000] {dagbag.py:588} INFO - Filling up the DagBag from /home/airflow/.local/lib/python3.12/site-packages/airflow/example_dags/example_latest_only_with_trigger.py
[2026-07-25T09:21:51.127+0000] {processor.py:925} INFO - DAG(s) 'latest_only_with_trigger' retrieved from /home/airflow/.local/lib/python3.12/site-packages/airflow/example_dags/example_latest_only_with_trigger.py
[2026-07-25T09:21:51.140+0000] {logging_mixin.py:190} INFO - [2026-07-25T09:21:51.140+0000] {dag.py:3239} INFO - Sync 1 DAGs
[2026-07-25T09:21:51.153+0000] {logging_mixin.py:190} INFO - [2026-07-25T09:21:51.153+0000] {dag.py:4180} INFO - Setting next_dagrun for latest_only_with_trigger to 2026-07-25 04:00:00+00:00, run_after=2026-07-25 08:00:00+00:00
[2026-07-25T09:21:51.163+0000] {processor.py:208} INFO - Processing /home/airflow/.local/lib/python3.12/site-packages/airflow/example_dags/example_latest_only_with_trigger.py took 0.047 seconds
[2026-07-25T09:22:21.492+0000] {processor.py:186} INFO - Started process (PID=278) to work on /home/airflow/.local/lib/python3.12/site-packages/airflow/example_dags/example_latest_only_with_trigger.py
[2026-07-25T09:22:21.493+0000] {processor.py:914} INFO - Processing file /home/airflow/.local/lib/python3.12/site-packages/airflow/example_dags/example_latest_only_with_trigger.py for tasks to queue
[2026-07-25T09:22:21.495+0000] {logging_mixin.py:190} INFO - [2026-07-25T09:22:21.495+0000] {dagbag.py:588} INFO - Filling up the DagBag from /home/airflow/.local/lib/python3.12/site-packages/airflow/example_dags/example_latest_only_with_trigger.py
[2026-07-25T09:22:21.500+0000] {processor.py:925} INFO - DAG(s) 'latest_only_with_trigger' retrieved from /home/airflow/.local/lib/python3.12/site-packages/airflow/example_dags/example_latest_only_with_trigger.py
[2026-07-25T09:22:21.513+0000] {logging_mixin.py:190} INFO - [2026-07-25T09:22:21.513+0000] {dag.py:3239} INFO - Sync 1 DAGs
[2026-07-25T09:22:21.527+0000] {logging_mixin.py:190} INFO - [2026-07-25T09:22:21.527+0000] {dag.py:4180} INFO - Setting next_dagrun for latest_only_with_trigger to 2026-07-25 04:00:00+00:00, run_after=2026-07-25 08:00:00+00:00
[2026-07-25T09:22:21.537+0000] {processor.py:208} INFO - Processing /home/airflow/.local/lib/python3.12/site-packages/airflow/example_dags/example_latest_only_with_trigger.py took 0.048 seconds
[2026-07-25T09:24:01.336+0000] {processor.py:186} INFO - Started process (PID=91) to work on /home/airflow/.local/lib/python3.12/site-packages/airflow/example_dags/example_latest_only_with_trigger.py
[2026-07-25T09:24:01.337+0000] {processor.py:914} INFO - Processing file /home/airflow/.local/lib/python3.12/site-packages/airflow/example_dags/example_latest_only_with_trigger.py for tasks to queue
[2026-07-25T09:24:01.339+0000] {logging_mixin.py:190} INFO - [2026-07-25T09:24:01.339+0000] {dagbag.py:588} INFO - Filling up the DagBag from /home/airflow/.local/lib/python3.12/site-packages/airflow/example_dags/example_latest_only_with_trigger.py
[2026-07-25T09:24:01.345+0000] {processor.py:925} INFO - DAG(s) 'latest_only_with_trigger' retrieved from /home/airflow/.local/lib/python3.12/site-packages/airflow/example_dags/example_latest_only_with_trigger.py
[2026-07-25T09:24:01.363+0000] {logging_mixin.py:190} INFO - [2026-07-25T09:24:01.363+0000] {dag.py:3239} INFO - Sync 1 DAGs
[2026-07-25T09:24:01.378+0000] {logging_mixin.py:190} INFO - [2026-07-25T09:24:01.378+0000] {dag.py:4180} INFO - Setting next_dagrun for latest_only_with_trigger to 2026-07-25 04:00:00+00:00, run_after=2026-07-25 08:00:00+00:00
[2026-07-25T09:24:01.391+0000] {processor.py:208} INFO - Processing /home/airflow/.local/lib/python3.12/site-packages/airflow/example_dags/example_latest_only_with_trigger.py took 0.059 seconds
[2026-07-25T09:24:31.491+0000] {processor.py:186} INFO - Started process (PID=153) to work on /home/airflow/.local/lib/python3.12/site-packages/airflow/example_dags/example_latest_only_with_trigger.py
[2026-07-25T09:24:31.492+0000] {processor.py:914} INFO - Processing file /home/airflow/.local/lib/python3.12/site-packages/airflow/example_dags/example_latest_only_with_trigger.py for tasks to queue
[2026-07-25T09:24:31.495+0000] {logging_mixin.py:190} INFO - [2026-07-25T09:24:31.494+0000] {dagbag.py:588} INFO - Filling up the DagBag from /home/airflow/.local/lib/python3.12/site-packages/airflow/example_dags/example_latest_only_with_trigger.py
[2026-07-25T09:24:31.502+0000] {processor.py:925} INFO - DAG(s) 'latest_only_with_trigger' retrieved from /home/airflow/.local/lib/python3.12/site-packages/airflow/example_dags/example_latest_only_with_trigger.py
[2026-07-25T09:24:31.517+0000] {logging_mixin.py:190} INFO - [2026-07-25T09:24:31.517+0000] {dag.py:3239} INFO - Sync 1 DAGs
[2026-07-25T09:24:31.531+0000] {logging_mixin.py:190} INFO - [2026-07-25T09:24:31.530+0000] {dag.py:4180} INFO - Setting next_dagrun for latest_only_with_trigger to 2026-07-25 04:00:00+00:00, run_after=2026-07-25 08:00:00+00:00
[2026-07-25T09:24:31.562+0000] {processor.py:208} INFO - Processing /home/airflow/.local/lib/python3.12/site-packages/airflow/example_dags/example_latest_only_with_trigger.py took 0.075 seconds
[2026-07-25T09:25:02.147+0000] {processor.py:186} INFO - Started process (PID=215) to work on /home/airflow/.local/lib/python3.12/site-packages/airflow/example_dags/example_latest_only_with_trigger.py
[2026-07-25T09:25:02.148+0000] {processor.py:914} INFO - Processing file /home/airflow/.local/lib/python3.12/site-packages/airflow/example_dags/example_latest_only_with_trigger.py for tasks to queue
[2026-07-25T09:25:02.151+0000] {logging_mixin.py:190} INFO - [2026-07-25T09:25:02.151+0000] {dagbag.py:588} INFO - Filling up the DagBag from /home/airflow/.local/lib/python3.12/site-packages/airflow/example_dags/example_latest_only_with_trigger.py
[2026-07-25T09:25:02.158+0000] {processor.py:925} INFO - DAG(s) 'latest_only_with_trigger' retrieved from /home/airflow/.local/lib/python3.12/site-packages/airflow/example_dags/example_latest_only_with_trigger.py
[2026-07-25T09:25:02.173+0000] {logging_mixin.py:190} INFO - [2026-07-25T09:25:02.173+0000] {dag.py:3239} INFO - Sync 1 DAGs
[2026-07-25T09:25:02.187+0000] {logging_mixin.py:190} INFO - [2026-07-25T09:25:02.187+0000] {dag.py:4180} INFO - Setting next_dagrun for latest_only_with_trigger to 2026-07-25 04:00:00+00:00, run_after=2026-07-25 08:00:00+00:00
[2026-07-25T09:25:02.217+0000] {processor.py:208} INFO - Processing /home/airflow/.local/lib/python3.12/site-packages/airflow/example_dags/example_latest_only_with_trigger.py took 0.074 seconds
[2026-07-25T09:25:33.070+0000] {processor.py:186} INFO - Started process (PID=278) to work on /home/airflow/.local/lib/python3.12/site-packages/airflow/example_dags/example_latest_only_with_trigger.py
[2026-07-25T09:25:33.071+0000] {processor.py:914} INFO - Processing file /home/airflow/.local/lib/python3.12/site-packages/airflow/example_dags/example_latest_only_with_trigger.py for tasks to queue
[2026-07-25T09:25:33.073+0000] {logging_mixin.py:190} INFO - [2026-07-25T09:25:33.073+0000] {dagbag.py:588} INFO - Filling up the DagBag from /home/airflow/.local/lib/python3.12/site-packages/airflow/example_dags/example_latest_only_with_trigger.py
[2026-07-25T09:25:33.078+0000] {processor.py:925} INFO - DAG(s) 'latest_only_with_trigger' retrieved from /home/airflow/.local/lib/python3.12/site-packages/airflow/example_dags/example_latest_only_with_trigger.py
[2026-07-25T09:25:33.092+0000] {logging_mixin.py:190} INFO - [2026-07-25T09:25:33.092+0000] {dag.py:3239} INFO - Sync 1 DAGs
[2026-07-25T09:25:33.106+0000] {logging_mixin.py:190} INFO - [2026-07-25T09:25:33.106+0000] {dag.py:4180} INFO - Setting next_dagrun for latest_only_with_trigger to 2026-07-25 04:00:00+00:00, run_after=2026-07-25 08:00:00+00:00
[2026-07-25T09:25:33.118+0000] {processor.py:208} INFO - Processing /home/airflow/.local/lib/python3.12/site-packages/airflow/example_dags/example_latest_only_with_trigger.py took 0.051 seconds
[2026-07-25T09:26:54.581+0000] {processor.py:186} INFO - Started process (PID=91) to work on /home/airflow/.local/lib/python3.12/site-packages/airflow/example_dags/example_latest_only_with_trigger.py
[2026-07-25T09:26:54.582+0000] {processor.py:914} INFO - Processing file /home/airflow/.local/lib/python3.12/site-packages/airflow/example_dags/example_latest_only_with_trigger.py for tasks to queue
[2026-07-25T09:26:54.584+0000] {logging_mixin.py:190} INFO - [2026-07-25T09:26:54.584+0000] {dagbag.py:588} INFO - Filling up the DagBag from /home/airflow/.local/lib/python3.12/site-packages/airflow/example_dags/example_latest_only_with_trigger.py
[2026-07-25T09:26:54.590+0000] {processor.py:925} INFO - DAG(s) 'latest_only_with_trigger' retrieved from /home/airflow/.local/lib/python3.12/site-packages/airflow/example_dags/example_latest_only_with_trigger.py
[2026-07-25T09:26:54.668+0000] {logging_mixin.py:190} INFO - [2026-07-25T09:26:54.668+0000] {override.py:1932} INFO - Created Permission View: can edit on DAG:latest_only_with_trigger
[2026-07-25T09:26:54.675+0000] {logging_mixin.py:190} INFO - [2026-07-25T09:26:54.675+0000] {override.py:1932} INFO - Created Permission View: can read on DAG:latest_only_with_trigger
[2026-07-25T09:26:54.680+0000] {logging_mixin.py:190} INFO - [2026-07-25T09:26:54.680+0000] {override.py:1932} INFO - Created Permission View: can delete on DAG:latest_only_with_trigger
[2026-07-25T09:26:54.686+0000] {logging_mixin.py:190} INFO - [2026-07-25T09:26:54.686+0000] {override.py:1932} INFO - Created Permission View: menu access on DAG Run:latest_only_with_trigger
[2026-07-25T09:26:54.692+0000] {logging_mixin.py:190} INFO - [2026-07-25T09:26:54.692+0000] {override.py:1932} INFO - Created Permission View: can read on DAG Run:latest_only_with_trigger
[2026-07-25T09:26:54.697+0000] {logging_mixin.py:190} INFO - [2026-07-25T09:26:54.696+0000] {override.py:1932} INFO - Created Permission View: can create on DAG Run:latest_only_with_trigger
[2026-07-25T09:26:54.701+0000] {logging_mixin.py:190} INFO - [2026-07-25T09:26:54.701+0000] {override.py:1932} INFO - Created Permission View: can delete on DAG Run:latest_only_with_trigger
[2026-07-25T09:26:54.702+0000] {logging_mixin.py:190} INFO - [2026-07-25T09:26:54.702+0000] {dag.py:3239} INFO - Sync 1 DAGs
[2026-07-25T09:26:54.710+0000] {logging_mixin.py:190} INFO - [2026-07-25T09:26:54.710+0000] {dag.py:3262} INFO - Creating ORM DAG for latest_only_with_trigger
[2026-07-25T09:26:54.716+0000] {logging_mixin.py:190} INFO - [2026-07-25T09:26:54.716+0000] {dag.py:4180} INFO - Setting next_dagrun for latest_only_with_trigger to 2026-07-25 04:00:00+00:00, run_after=2026-07-25 08:00:00+00:00
[2026-07-25T09:26:54.725+0000] {processor.py:208} INFO - Processing /home/airflow/.local/lib/python3.12/site-packages/airflow/example_dags/example_latest_only_with_trigger.py took 0.148 seconds
[2026-07-25T09:27:24.761+0000] {processor.py:186} INFO - Started process (PID=153) to work on /home/airflow/.local/lib/python3.12/site-packages/airflow/example_dags/example_latest_only_with_trigger.py
[2026-07-25T09:27:24.762+0000] {processor.py:914} INFO - Processing file /home/airflow/.local/lib/python3.12/site-packages/airflow/example_dags/example_latest_only_with_trigger.py for tasks to queue
[2026-07-25T09:27:24.764+0000] {logging_mixin.py:190} INFO - [2026-07-25T09:27:24.764+0000] {dagbag.py:588} INFO - Filling up the DagBag from /home/airflow/.local/lib/python3.12/site-packages/airflow/example_dags/example_latest_only_with_trigger.py
[2026-07-25T09:27:24.769+0000] {processor.py:925} INFO - DAG(s) 'latest_only_with_trigger' retrieved from /home/airflow/.local/lib/python3.12/site-packages/airflow/example_dags/example_latest_only_with_trigger.py
[2026-07-25T09:27:24.782+0000] {logging_mixin.py:190} INFO - [2026-07-25T09:27:24.782+0000] {dag.py:3239} INFO - Sync 1 DAGs
[2026-07-25T09:27:24.795+0000] {logging_mixin.py:190} INFO - [2026-07-25T09:27:24.795+0000] {dag.py:4180} INFO - Setting next_dagrun for latest_only_with_trigger to 2026-07-25 04:00:00+00:00, run_after=2026-07-25 08:00:00+00:00
[2026-07-25T09:27:24.807+0000] {processor.py:208} INFO - Processing /home/airflow/.local/lib/python3.12/site-packages/airflow/example_dags/example_latest_only_with_trigger.py took 0.050 seconds
[2026-07-25T09:27:54.901+0000] {processor.py:186} INFO - Started process (PID=215) to work on /home/airflow/.local/lib/python3.12/site-packages/airflow/example_dags/example_latest_only_with_trigger.py
[2026-07-25T09:27:54.902+0000] {processor.py:914} INFO - Processing file /home/airflow/.local/lib/python3.12/site-packages/airflow/example_dags/example_latest_only_with_trigger.py for tasks to queue
[2026-07-25T09:27:54.905+0000] {logging_mixin.py:190} INFO - [2026-07-25T09:27:54.905+0000] {dagbag.py:588} INFO - Filling up the DagBag from /home/airflow/.local/lib/python3.12/site-packages/airflow/example_dags/example_latest_only_with_trigger.py
[2026-07-25T09:27:54.911+0000] {processor.py:925} INFO - DAG(s) 'latest_only_with_trigger' retrieved from /home/airflow/.local/lib/python3.12/site-packages/airflow/example_dags/example_latest_only_with_trigger.py
[2026-07-25T09:27:54.927+0000] {logging_mixin.py:190} INFO - [2026-07-25T09:27:54.927+0000] {dag.py:3239} INFO - Sync 1 DAGs
[2026-07-25T09:27:54.944+0000] {logging_mixin.py:190} INFO - [2026-07-25T09:27:54.944+0000] {dag.py:4180} INFO - Setting next_dagrun for latest_only_with_trigger to 2026-07-25 04:00:00+00:00, run_after=2026-07-25 08:00:00+00:00
[2026-07-25T09:27:54.965+0000] {processor.py:208} INFO - Processing /home/airflow/.local/lib/python3.12/site-packages/airflow/example_dags/example_latest_only_with_trigger.py took 0.069 seconds
[2026-07-25T09:28:25.210+0000] {processor.py:186} INFO - Started process (PID=278) to work on /home/airflow/.local/lib/python3.12/site-packages/airflow/example_dags/example_latest_only_with_trigger.py
[2026-07-25T09:28:25.211+0000] {processor.py:914} INFO - Processing file /home/airflow/.local/lib/python3.12/site-packages/airflow/example_dags/example_latest_only_with_trigger.py for tasks to queue
[2026-07-25T09:28:25.213+0000] {logging_mixin.py:190} INFO - [2026-07-25T09:28:25.213+0000] {dagbag.py:588} INFO - Filling up the DagBag from /home/airflow/.local/lib/python3.12/site-packages/airflow/example_dags/example_latest_only_with_trigger.py
[2026-07-25T09:28:25.218+0000] {processor.py:925} INFO - DAG(s) 'latest_only_with_trigger' retrieved from /home/airflow/.local/lib/python3.12/site-packages/airflow/example_dags/example_latest_only_with_trigger.py
[2026-07-25T09:28:25.231+0000] {logging_mixin.py:190} INFO - [2026-07-25T09:28:25.231+0000] {dag.py:3239} INFO - Sync 1 DAGs
[2026-07-25T09:28:25.244+0000] {logging_mixin.py:190} INFO - [2026-07-25T09:28:25.244+0000] {dag.py:4180} INFO - Setting next_dagrun for latest_only_with_trigger to 2026-07-25 04:00:00+00:00, run_after=2026-07-25 08:00:00+00:00
[2026-07-25T09:28:25.272+0000] {processor.py:208} INFO - Processing /home/airflow/.local/lib/python3.12/site-packages/airflow/example_dags/example_latest_only_with_trigger.py took 0.066 seconds
[2026-07-25T09:28:55.851+0000] {processor.py:186} INFO - Started process (PID=341) to work on /home/airflow/.local/lib/python3.12/site-packages/airflow/example_dags/example_latest_only_with_trigger.py
[2026-07-25T09:28:55.852+0000] {processor.py:914} INFO - Processing file /home/airflow/.local/lib/python3.12/site-packages/airflow/example_dags/example_latest_only_with_trigger.py for tasks to queue
[2026-07-25T09:28:55.854+0000] {logging_mixin.py:190} INFO - [2026-07-25T09:28:55.854+0000] {dagbag.py:588} INFO - Filling up the DagBag from /home/airflow/.local/lib/python3.12/site-packages/airflow/example_dags/example_latest_only_with_trigger.py
[2026-07-25T09:28:55.860+0000] {processor.py:925} INFO - DAG(s) 'latest_only_with_trigger' retrieved from /home/airflow/.local/lib/python3.12/site-packages/airflow/example_dags/example_latest_only_with_trigger.py
[2026-07-25T09:28:55.874+0000] {logging_mixin.py:190} INFO - [2026-07-25T09:28:55.874+0000] {dag.py:3239} INFO - Sync 1 DAGs
[2026-07-25T09:28:55.887+0000] {logging_mixin.py:190} INFO - [2026-07-25T09:28:55.887+0000] {dag.py:4180} INFO - Setting next_dagrun for latest_only_with_trigger to 2026-07-25 04:00:00+00:00, run_after=2026-07-25 08:00:00+00:00
[2026-07-25T09:28:55.919+0000] {processor.py:208} INFO - Processing /home/airflow/.local/lib/python3.12/site-packages/airflow/example_dags/example_latest_only_with_trigger.py took 0.071 seconds
[2026-07-25T09:29:25.968+0000] {processor.py:186} INFO - Started process (PID=404) to work on /home/airflow/.local/lib/python3.12/site-packages/airflow/example_dags/example_latest_only_with_trigger.py
[2026-07-25T09:29:25.969+0000] {processor.py:914} INFO - Processing file /home/airflow/.local/lib/python3.12/site-packages/airflow/example_dags/example_latest_only_with_trigger.py for tasks to queue
[2026-07-25T09:29:25.971+0000] {logging_mixin.py:190} INFO - [2026-07-25T09:29:25.971+0000] {dagbag.py:588} INFO - Filling up the DagBag from /home/airflow/.local/lib/python3.12/site-packages/airflow/example_dags/example_latest_only_with_trigger.py
[2026-07-25T09:29:25.976+0000] {processor.py:925} INFO - DAG(s) 'latest_only_with_trigger' retrieved from /home/airflow/.local/lib/python3.12/site-packages/airflow/example_dags/example_latest_only_with_trigger.py
[2026-07-25T09:29:25.991+0000] {logging_mixin.py:190} INFO - [2026-07-25T09:29:25.991+0000] {dag.py:3239} INFO - Sync 1 DAGs
[2026-07-25T09:29:26.005+0000] {logging_mixin.py:190} INFO - [2026-07-25T09:29:26.005+0000] {dag.py:4180} INFO - Setting next_dagrun for latest_only_with_trigger to 2026-07-25 04:00:00+00:00, run_after=2026-07-25 08:00:00+00:00
[2026-07-25T09:29:26.017+0000] {processor.py:208} INFO - Processing /home/airflow/.local/lib/python3.12/site-packages/airflow/example_dags/example_latest_only_with_trigger.py took 0.052 seconds
[2026-07-25T09:29:57.871+0000] {processor.py:186} INFO - Started process (PID=467) to work on /home/airflow/.local/lib/python3.12/site-packages/airflow/example_dags/example_latest_only_with_trigger.py
[2026-07-25T09:29:57.872+0000] {processor.py:914} INFO - Processing file /home/airflow/.local/lib/python3.12/site-packages/airflow/example_dags/example_latest_only_with_trigger.py for tasks to queue
[2026-07-25T09:29:57.874+0000] {logging_mixin.py:190} INFO - [2026-07-25T09:29:57.874+0000] {dagbag.py:588} INFO - Filling up the DagBag from /home/airflow/.local/lib/python3.12/site-packages/airflow/example_dags/example_latest_only_with_trigger.py
[2026-07-25T09:29:57.879+0000] {processor.py:925} INFO - DAG(s) 'latest_only_with_trigger' retrieved from /home/airflow/.local/lib/python3.12/site-packages/airflow/example_dags/example_latest_only_with_trigger.py
[2026-07-25T09:29:57.891+0000] {logging_mixin.py:190} INFO - [2026-07-25T09:29:57.891+0000] {dag.py:3239} INFO - Sync 1 DAGs
[2026-07-25T09:29:57.903+0000] {logging_mixin.py:190} INFO - [2026-07-25T09:29:57.903+0000] {dag.py:4180} INFO - Setting next_dagrun for latest_only_with_trigger to 2026-07-25 04:00:00+00:00, run_after=2026-07-25 08:00:00+00:00
[2026-07-25T09:29:57.927+0000] {processor.py:208} INFO - Processing /home/airflow/.local/lib/python3.12/site-packages/airflow/example_dags/example_latest_only_with_trigger.py took 0.059 seconds
[2026-07-25T09:30:28.895+0000] {processor.py:186} INFO - Started process (PID=529) to work on /home/airflow/.local/lib/python3.12/site-packages/airflow/example_dags/example_latest_only_with_trigger.py
[2026-07-25T09:30:28.895+0000] {processor.py:914} INFO - Processing file /home/airflow/.local/lib/python3.12/site-packages/airflow/example_dags/example_latest_only_with_trigger.py for tasks to queue
[2026-07-25T09:30:28.897+0000] {logging_mixin.py:190} INFO - [2026-07-25T09:30:28.897+0000] {dagbag.py:588} INFO - Filling up the DagBag from /home/airflow/.local/lib/python3.12/site-packages/airflow/example_dags/example_latest_only_with_trigger.py
[2026-07-25T09:30:28.902+0000] {processor.py:925} INFO - DAG(s) 'latest_only_with_trigger' retrieved from /home/airflow/.local/lib/python3.12/site-packages/airflow/example_dags/example_latest_only_with_trigger.py
[2026-07-25T09:30:28.915+0000] {logging_mixin.py:190} INFO - [2026-07-25T09:30:28.915+0000] {dag.py:3239} INFO - Sync 1 DAGs
[2026-07-25T09:30:28.927+0000] {logging_mixin.py:190} INFO - [2026-07-25T09:30:28.927+0000] {dag.py:4180} INFO - Setting next_dagrun for latest_only_with_trigger to 2026-07-25 04:00:00+00:00, run_after=2026-07-25 08:00:00+00:00
[2026-07-25T09:30:28.953+0000] {processor.py:208} INFO - Processing /home/airflow/.local/lib/python3.12/site-packages/airflow/example_dags/example_latest_only_with_trigger.py took 0.062 seconds
