[2026-07-25T09:06:14.476+0000] {processor.py:186} INFO - Started process (PID=84) to work on /home/airflow/.local/lib/python3.12/site-packages/airflow/example_dags/example_outlet_event_extra.py
[2026-07-25T09:06:14.478+0000] {processor.py:914} INFO - Processing file /home/airflow/.local/lib/python3.12/site-packages/airflow/example_dags/example_outlet_event_extra.py for tasks to queue
[2026-07-25T09:06:14.480+0000] {logging_mixin.py:190} INFO - [2026-07-25T09:06:14.480+0000] {dagbag.py:588} INFO - Filling up the DagBag from /home/airflow/.local/lib/python3.12/site-packages/airflow/example_dags/example_outlet_event_extra.py
[2026-07-25T09:06:17.809+0000] {processor.py:925} INFO - DAG(s) 'dataset_with_extra_from_classic_operator', 'dataset_with_extra_by_context', 'dataset_with_extra_by_yield' retrieved from /home/airflow/.local/lib/python3.12/site-packages/airflow/example_dags/example_outlet_event_extra.py
[2026-07-25T09:06:18.029+0000] {logging_mixin.py:190} INFO - [2026-07-25T09:06:18.028+0000] {override.py:1932} INFO - Created Permission View: can edit on DAG:dataset_with_extra_from_classic_operator
[2026-07-25T09:06:18.037+0000] {logging_mixin.py:190} INFO - [2026-07-25T09:06:18.037+0000] {override.py:1932} INFO - Created Permission View: can read on DAG:dataset_with_extra_from_classic_operator
[2026-07-25T09:06:18.043+0000] {logging_mixin.py:190} INFO - [2026-07-25T09:06:18.042+0000] {override.py:1932} INFO - Created Permission View: can delete on DAG:dataset_with_extra_from_classic_operator
[2026-07-25T09:06:18.051+0000] {logging_mixin.py:190} INFO - [2026-07-25T09:06:18.050+0000] {override.py:1932} INFO - Created Permission View: can create on DAG Run:dataset_with_extra_from_classic_operator
[2026-07-25T09:06:18.056+0000] {logging_mixin.py:190} INFO - [2026-07-25T09:06:18.056+0000] {override.py:1932} INFO - Created Permission View: can read on DAG Run:dataset_with_extra_from_classic_operator
[2026-07-25T09:06:18.061+0000] {logging_mixin.py:190} INFO - [2026-07-25T09:06:18.060+0000] {override.py:1932} INFO - Created Permission View: can delete on DAG Run:dataset_with_extra_from_classic_operator
[2026-07-25T09:06:18.065+0000] {logging_mixin.py:190} INFO - [2026-07-25T09:06:18.065+0000] {override.py:1932} INFO - Created Permission View: menu access on DAG Run:dataset_with_extra_from_classic_operator
[2026-07-25T09:06:18.075+0000] {logging_mixin.py:190} INFO - [2026-07-25T09:06:18.074+0000] {override.py:1932} INFO - Created Permission View: can edit on DAG:dataset_with_extra_by_context
[2026-07-25T09:06:18.080+0000] {logging_mixin.py:190} INFO - [2026-07-25T09:06:18.080+0000] {override.py:1932} INFO - Created Permission View: can read on DAG:dataset_with_extra_by_context
[2026-07-25T09:06:18.085+0000] {logging_mixin.py:190} INFO - [2026-07-25T09:06:18.085+0000] {override.py:1932} INFO - Created Permission View: can delete on DAG:dataset_with_extra_by_context
[2026-07-25T09:06:18.092+0000] {logging_mixin.py:190} INFO - [2026-07-25T09:06:18.092+0000] {override.py:1932} INFO - Created Permission View: can create on DAG Run:dataset_with_extra_by_context
[2026-07-25T09:06:18.097+0000] {logging_mixin.py:190} INFO - [2026-07-25T09:06:18.097+0000] {override.py:1932} INFO - Created Permission View: can read on DAG Run:dataset_with_extra_by_context
[2026-07-25T09:06:18.105+0000] {logging_mixin.py:190} INFO - [2026-07-25T09:06:18.105+0000] {override.py:1932} INFO - Created Permission View: can delete on DAG Run:dataset_with_extra_by_context
[2026-07-25T09:06:18.112+0000] {logging_mixin.py:190} INFO - [2026-07-25T09:06:18.112+0000] {override.py:1932} INFO - Created Permission View: menu access on DAG Run:dataset_with_extra_by_context
[2026-07-25T09:06:18.122+0000] {logging_mixin.py:190} INFO - [2026-07-25T09:06:18.122+0000] {override.py:1932} INFO - Created Permission View: can edit on DAG:dataset_with_extra_by_yield
[2026-07-25T09:06:18.128+0000] {logging_mixin.py:190} INFO - [2026-07-25T09:06:18.128+0000] {override.py:1932} INFO - Created Permission View: can read on DAG:dataset_with_extra_by_yield
[2026-07-25T09:06:18.135+0000] {logging_mixin.py:190} INFO - [2026-07-25T09:06:18.135+0000] {override.py:1932} INFO - Created Permission View: can delete on DAG:dataset_with_extra_by_yield
[2026-07-25T09:06:18.141+0000] {logging_mixin.py:190} INFO - [2026-07-25T09:06:18.141+0000] {override.py:1932} INFO - Created Permission View: can create on DAG Run:dataset_with_extra_by_yield
[2026-07-25T09:06:18.146+0000] {logging_mixin.py:190} INFO - [2026-07-25T09:06:18.146+0000] {override.py:1932} INFO - Created Permission View: can read on DAG Run:dataset_with_extra_by_yield
[2026-07-25T09:06:18.152+0000] {logging_mixin.py:190} INFO - [2026-07-25T09:06:18.152+0000] {override.py:1932} INFO - Created Permission View: can delete on DAG Run:dataset_with_extra_by_yield
[2026-07-25T09:06:18.157+0000] {logging_mixin.py:190} INFO - [2026-07-25T09:06:18.156+0000] {override.py:1932} INFO - Created Permission View: menu access on DAG Run:dataset_with_extra_by_yield
[2026-07-25T09:06:18.157+0000] {logging_mixin.py:190} INFO - [2026-07-25T09:06:18.157+0000] {dag.py:3239} INFO - Sync 3 DAGs
[2026-07-25T09:06:18.165+0000] {logging_mixin.py:190} INFO - [2026-07-25T09:06:18.164+0000] {dag.py:3262} INFO - Creating ORM DAG for dataset_with_extra_by_context
[2026-07-25T09:06:18.165+0000] {logging_mixin.py:190} INFO - [2026-07-25T09:06:18.165+0000] {dag.py:3262} INFO - Creating ORM DAG for dataset_with_extra_by_yield
[2026-07-25T09:06:18.166+0000] {logging_mixin.py:190} INFO - [2026-07-25T09:06:18.166+0000] {dag.py:3262} INFO - Creating ORM DAG for dataset_with_extra_from_classic_operator
[2026-07-25T09:06:18.172+0000] {logging_mixin.py:190} INFO - [2026-07-25T09:06:18.171+0000] {dag.py:4180} INFO - Setting next_dagrun for dataset_with_extra_by_context to 2026-07-24 00:00:00+00:00, run_after=2026-07-25 00:00:00+00:00
[2026-07-25T09:06:18.173+0000] {logging_mixin.py:190} INFO - [2026-07-25T09:06:18.173+0000] {dag.py:4180} INFO - Setting next_dagrun for dataset_with_extra_by_yield to 2026-07-24 00:00:00+00:00, run_after=2026-07-25 00:00:00+00:00
[2026-07-25T09:06:18.174+0000] {logging_mixin.py:190} INFO - [2026-07-25T09:06:18.174+0000] {dag.py:4180} INFO - Setting next_dagrun for dataset_with_extra_from_classic_operator to 2026-07-24 00:00:00+00:00, run_after=2026-07-25 00:00:00+00:00
[2026-07-25T09:06:18.188+0000] {processor.py:208} INFO - Processing /home/airflow/.local/lib/python3.12/site-packages/airflow/example_dags/example_outlet_event_extra.py took 3.717 seconds
[2026-07-25T09:06:48.905+0000] {processor.py:186} INFO - Started process (PID=152) to work on /home/airflow/.local/lib/python3.12/site-packages/airflow/example_dags/example_outlet_event_extra.py
[2026-07-25T09:06:48.906+0000] {processor.py:914} INFO - Processing file /home/airflow/.local/lib/python3.12/site-packages/airflow/example_dags/example_outlet_event_extra.py for tasks to queue
[2026-07-25T09:06:48.908+0000] {logging_mixin.py:190} INFO - [2026-07-25T09:06:48.908+0000] {dagbag.py:588} INFO - Filling up the DagBag from /home/airflow/.local/lib/python3.12/site-packages/airflow/example_dags/example_outlet_event_extra.py
[2026-07-25T09:06:52.271+0000] {processor.py:925} INFO - DAG(s) 'dataset_with_extra_by_context', 'dataset_with_extra_by_yield', 'dataset_with_extra_from_classic_operator' retrieved from /home/airflow/.local/lib/python3.12/site-packages/airflow/example_dags/example_outlet_event_extra.py
[2026-07-25T09:06:52.287+0000] {logging_mixin.py:190} INFO - [2026-07-25T09:06:52.287+0000] {dag.py:3239} INFO - Sync 3 DAGs
[2026-07-25T09:06:52.302+0000] {logging_mixin.py:190} INFO - [2026-07-25T09:06:52.302+0000] {dag.py:4180} INFO - Setting next_dagrun for dataset_with_extra_by_context to 2026-07-24 00:00:00+00:00, run_after=2026-07-25 00:00:00+00:00
[2026-07-25T09:06:52.305+0000] {logging_mixin.py:190} INFO - [2026-07-25T09:06:52.304+0000] {dag.py:4180} INFO - Setting next_dagrun for dataset_with_extra_by_yield to 2026-07-24 00:00:00+00:00, run_after=2026-07-25 00:00:00+00:00
[2026-07-25T09:06:52.306+0000] {logging_mixin.py:190} INFO - [2026-07-25T09:06:52.306+0000] {dag.py:4180} INFO - Setting next_dagrun for dataset_with_extra_from_classic_operator to 2026-07-24 00:00:00+00:00, run_after=2026-07-25 00:00:00+00:00
[2026-07-25T09:06:52.320+0000] {processor.py:208} INFO - Processing /home/airflow/.local/lib/python3.12/site-packages/airflow/example_dags/example_outlet_event_extra.py took 3.420 seconds
[2026-07-25T09:07:23.127+0000] {processor.py:186} INFO - Started process (PID=216) to work on /home/airflow/.local/lib/python3.12/site-packages/airflow/example_dags/example_outlet_event_extra.py
[2026-07-25T09:07:23.128+0000] {processor.py:914} INFO - Processing file /home/airflow/.local/lib/python3.12/site-packages/airflow/example_dags/example_outlet_event_extra.py for tasks to queue
[2026-07-25T09:07:23.130+0000] {logging_mixin.py:190} INFO - [2026-07-25T09:07:23.130+0000] {dagbag.py:588} INFO - Filling up the DagBag from /home/airflow/.local/lib/python3.12/site-packages/airflow/example_dags/example_outlet_event_extra.py
[2026-07-25T09:07:26.463+0000] {processor.py:925} INFO - DAG(s) 'dataset_with_extra_by_yield', 'dataset_with_extra_by_context', 'dataset_with_extra_from_classic_operator' retrieved from /home/airflow/.local/lib/python3.12/site-packages/airflow/example_dags/example_outlet_event_extra.py
[2026-07-25T09:07:26.478+0000] {logging_mixin.py:190} INFO - [2026-07-25T09:07:26.477+0000] {dag.py:3239} INFO - Sync 3 DAGs
[2026-07-25T09:07:26.491+0000] {logging_mixin.py:190} INFO - [2026-07-25T09:07:26.491+0000] {dag.py:4180} INFO - Setting next_dagrun for dataset_with_extra_by_context to 2026-07-24 00:00:00+00:00, run_after=2026-07-25 00:00:00+00:00
[2026-07-25T09:07:26.493+0000] {logging_mixin.py:190} INFO - [2026-07-25T09:07:26.493+0000] {dag.py:4180} INFO - Setting next_dagrun for dataset_with_extra_by_yield to 2026-07-24 00:00:00+00:00, run_after=2026-07-25 00:00:00+00:00
[2026-07-25T09:07:26.495+0000] {logging_mixin.py:190} INFO - [2026-07-25T09:07:26.495+0000] {dag.py:4180} INFO - Setting next_dagrun for dataset_with_extra_from_classic_operator to 2026-07-24 00:00:00+00:00, run_after=2026-07-25 00:00:00+00:00
[2026-07-25T09:07:26.507+0000] {processor.py:208} INFO - Processing /home/airflow/.local/lib/python3.12/site-packages/airflow/example_dags/example_outlet_event_extra.py took 3.383 seconds
[2026-07-25T09:07:56.666+0000] {processor.py:186} INFO - Started process (PID=283) to work on /home/airflow/.local/lib/python3.12/site-packages/airflow/example_dags/example_outlet_event_extra.py
[2026-07-25T09:07:56.666+0000] {processor.py:914} INFO - Processing file /home/airflow/.local/lib/python3.12/site-packages/airflow/example_dags/example_outlet_event_extra.py for tasks to queue
[2026-07-25T09:07:56.668+0000] {logging_mixin.py:190} INFO - [2026-07-25T09:07:56.668+0000] {dagbag.py:588} INFO - Filling up the DagBag from /home/airflow/.local/lib/python3.12/site-packages/airflow/example_dags/example_outlet_event_extra.py
[2026-07-25T09:07:59.754+0000] {processor.py:925} INFO - DAG(s) 'dataset_with_extra_by_yield', 'dataset_with_extra_from_classic_operator', 'dataset_with_extra_by_context' retrieved from /home/airflow/.local/lib/python3.12/site-packages/airflow/example_dags/example_outlet_event_extra.py
[2026-07-25T09:07:59.769+0000] {logging_mixin.py:190} INFO - [2026-07-25T09:07:59.768+0000] {dag.py:3239} INFO - Sync 3 DAGs
[2026-07-25T09:07:59.781+0000] {logging_mixin.py:190} INFO - [2026-07-25T09:07:59.781+0000] {dag.py:4180} INFO - Setting next_dagrun for dataset_with_extra_by_context to 2026-07-24 00:00:00+00:00, run_after=2026-07-25 00:00:00+00:00
[2026-07-25T09:07:59.784+0000] {logging_mixin.py:190} INFO - [2026-07-25T09:07:59.784+0000] {dag.py:4180} INFO - Setting next_dagrun for dataset_with_extra_by_yield to 2026-07-24 00:00:00+00:00, run_after=2026-07-25 00:00:00+00:00
[2026-07-25T09:07:59.786+0000] {logging_mixin.py:190} INFO - [2026-07-25T09:07:59.786+0000] {dag.py:4180} INFO - Setting next_dagrun for dataset_with_extra_from_classic_operator to 2026-07-24 00:00:00+00:00, run_after=2026-07-25 00:00:00+00:00
[2026-07-25T09:07:59.797+0000] {processor.py:208} INFO - Processing /home/airflow/.local/lib/python3.12/site-packages/airflow/example_dags/example_outlet_event_extra.py took 3.135 seconds
[2026-07-25T09:08:30.143+0000] {processor.py:186} INFO - Started process (PID=349) to work on /home/airflow/.local/lib/python3.12/site-packages/airflow/example_dags/example_outlet_event_extra.py
[2026-07-25T09:08:30.144+0000] {processor.py:914} INFO - Processing file /home/airflow/.local/lib/python3.12/site-packages/airflow/example_dags/example_outlet_event_extra.py for tasks to queue
[2026-07-25T09:08:30.146+0000] {logging_mixin.py:190} INFO - [2026-07-25T09:08:30.146+0000] {dagbag.py:588} INFO - Filling up the DagBag from /home/airflow/.local/lib/python3.12/site-packages/airflow/example_dags/example_outlet_event_extra.py
[2026-07-25T09:08:33.575+0000] {processor.py:925} INFO - DAG(s) 'dataset_with_extra_from_classic_operator', 'dataset_with_extra_by_yield', 'dataset_with_extra_by_context' retrieved from /home/airflow/.local/lib/python3.12/site-packages/airflow/example_dags/example_outlet_event_extra.py
[2026-07-25T09:08:33.590+0000] {logging_mixin.py:190} INFO - [2026-07-25T09:08:33.590+0000] {dag.py:3239} INFO - Sync 3 DAGs
[2026-07-25T09:08:33.603+0000] {logging_mixin.py:190} INFO - [2026-07-25T09:08:33.603+0000] {dag.py:4180} INFO - Setting next_dagrun for dataset_with_extra_by_context to 2026-07-24 00:00:00+00:00, run_after=2026-07-25 00:00:00+00:00
[2026-07-25T09:08:33.607+0000] {logging_mixin.py:190} INFO - [2026-07-25T09:08:33.606+0000] {dag.py:4180} INFO - Setting next_dagrun for dataset_with_extra_by_yield to 2026-07-24 00:00:00+00:00, run_after=2026-07-25 00:00:00+00:00
[2026-07-25T09:08:33.608+0000] {logging_mixin.py:190} INFO - [2026-07-25T09:08:33.608+0000] {dag.py:4180} INFO - Setting next_dagrun for dataset_with_extra_from_classic_operator to 2026-07-24 00:00:00+00:00, run_after=2026-07-25 00:00:00+00:00
[2026-07-25T09:08:33.620+0000] {processor.py:208} INFO - Processing /home/airflow/.local/lib/python3.12/site-packages/airflow/example_dags/example_outlet_event_extra.py took 3.481 seconds
[2026-07-25T09:09:03.677+0000] {processor.py:186} INFO - Started process (PID=423) to work on /home/airflow/.local/lib/python3.12/site-packages/airflow/example_dags/example_outlet_event_extra.py
[2026-07-25T09:09:03.678+0000] {processor.py:914} INFO - Processing file /home/airflow/.local/lib/python3.12/site-packages/airflow/example_dags/example_outlet_event_extra.py for tasks to queue
[2026-07-25T09:09:03.681+0000] {logging_mixin.py:190} INFO - [2026-07-25T09:09:03.681+0000] {dagbag.py:588} INFO - Filling up the DagBag from /home/airflow/.local/lib/python3.12/site-packages/airflow/example_dags/example_outlet_event_extra.py
[2026-07-25T09:09:07.133+0000] {processor.py:925} INFO - DAG(s) 'dataset_with_extra_by_context', 'dataset_with_extra_from_classic_operator', 'dataset_with_extra_by_yield' retrieved from /home/airflow/.local/lib/python3.12/site-packages/airflow/example_dags/example_outlet_event_extra.py
[2026-07-25T09:09:07.148+0000] {logging_mixin.py:190} INFO - [2026-07-25T09:09:07.148+0000] {dag.py:3239} INFO - Sync 3 DAGs
[2026-07-25T09:09:07.161+0000] {logging_mixin.py:190} INFO - [2026-07-25T09:09:07.161+0000] {dag.py:4180} INFO - Setting next_dagrun for dataset_with_extra_by_context to 2026-07-24 00:00:00+00:00, run_after=2026-07-25 00:00:00+00:00
[2026-07-25T09:09:07.163+0000] {logging_mixin.py:190} INFO - [2026-07-25T09:09:07.163+0000] {dag.py:4180} INFO - Setting next_dagrun for dataset_with_extra_by_yield to 2026-07-24 00:00:00+00:00, run_after=2026-07-25 00:00:00+00:00
[2026-07-25T09:09:07.165+0000] {logging_mixin.py:190} INFO - [2026-07-25T09:09:07.165+0000] {dag.py:4180} INFO - Setting next_dagrun for dataset_with_extra_from_classic_operator to 2026-07-24 00:00:00+00:00, run_after=2026-07-25 00:00:00+00:00
[2026-07-25T09:09:07.177+0000] {processor.py:208} INFO - Processing /home/airflow/.local/lib/python3.12/site-packages/airflow/example_dags/example_outlet_event_extra.py took 3.505 seconds
[2026-07-25T09:09:37.617+0000] {processor.py:186} INFO - Started process (PID=488) to work on /home/airflow/.local/lib/python3.12/site-packages/airflow/example_dags/example_outlet_event_extra.py
[2026-07-25T09:09:37.618+0000] {processor.py:914} INFO - Processing file /home/airflow/.local/lib/python3.12/site-packages/airflow/example_dags/example_outlet_event_extra.py for tasks to queue
[2026-07-25T09:09:37.620+0000] {logging_mixin.py:190} INFO - [2026-07-25T09:09:37.619+0000] {dagbag.py:588} INFO - Filling up the DagBag from /home/airflow/.local/lib/python3.12/site-packages/airflow/example_dags/example_outlet_event_extra.py
[2026-07-25T09:09:40.747+0000] {processor.py:925} INFO - DAG(s) 'dataset_with_extra_from_classic_operator', 'dataset_with_extra_by_context', 'dataset_with_extra_by_yield' retrieved from /home/airflow/.local/lib/python3.12/site-packages/airflow/example_dags/example_outlet_event_extra.py
[2026-07-25T09:09:40.761+0000] {logging_mixin.py:190} INFO - [2026-07-25T09:09:40.761+0000] {dag.py:3239} INFO - Sync 3 DAGs
[2026-07-25T09:09:40.773+0000] {logging_mixin.py:190} INFO - [2026-07-25T09:09:40.773+0000] {dag.py:4180} INFO - Setting next_dagrun for dataset_with_extra_by_context to 2026-07-24 00:00:00+00:00, run_after=2026-07-25 00:00:00+00:00
[2026-07-25T09:09:40.776+0000] {logging_mixin.py:190} INFO - [2026-07-25T09:09:40.776+0000] {dag.py:4180} INFO - Setting next_dagrun for dataset_with_extra_by_yield to 2026-07-24 00:00:00+00:00, run_after=2026-07-25 00:00:00+00:00
[2026-07-25T09:09:40.778+0000] {logging_mixin.py:190} INFO - [2026-07-25T09:09:40.777+0000] {dag.py:4180} INFO - Setting next_dagrun for dataset_with_extra_from_classic_operator to 2026-07-24 00:00:00+00:00, run_after=2026-07-25 00:00:00+00:00
[2026-07-25T09:09:40.788+0000] {processor.py:208} INFO - Processing /home/airflow/.local/lib/python3.12/site-packages/airflow/example_dags/example_outlet_event_extra.py took 3.175 seconds
[2026-07-25T09:10:10.833+0000] {processor.py:186} INFO - Started process (PID=551) to work on /home/airflow/.local/lib/python3.12/site-packages/airflow/example_dags/example_outlet_event_extra.py
[2026-07-25T09:10:10.834+0000] {processor.py:914} INFO - Processing file /home/airflow/.local/lib/python3.12/site-packages/airflow/example_dags/example_outlet_event_extra.py for tasks to queue
[2026-07-25T09:10:10.836+0000] {logging_mixin.py:190} INFO - [2026-07-25T09:10:10.836+0000] {dagbag.py:588} INFO - Filling up the DagBag from /home/airflow/.local/lib/python3.12/site-packages/airflow/example_dags/example_outlet_event_extra.py
[2026-07-25T09:10:14.319+0000] {processor.py:925} INFO - DAG(s) 'dataset_with_extra_from_classic_operator', 'dataset_with_extra_by_context', 'dataset_with_extra_by_yield' retrieved from /home/airflow/.local/lib/python3.12/site-packages/airflow/example_dags/example_outlet_event_extra.py
[2026-07-25T09:10:14.334+0000] {logging_mixin.py:190} INFO - [2026-07-25T09:10:14.334+0000] {dag.py:3239} INFO - Sync 3 DAGs
[2026-07-25T09:10:14.347+0000] {logging_mixin.py:190} INFO - [2026-07-25T09:10:14.347+0000] {dag.py:4180} INFO - Setting next_dagrun for dataset_with_extra_by_context to 2026-07-24 00:00:00+00:00, run_after=2026-07-25 00:00:00+00:00
[2026-07-25T09:10:14.350+0000] {logging_mixin.py:190} INFO - [2026-07-25T09:10:14.350+0000] {dag.py:4180} INFO - Setting next_dagrun for dataset_with_extra_by_yield to 2026-07-24 00:00:00+00:00, run_after=2026-07-25 00:00:00+00:00
[2026-07-25T09:10:14.352+0000] {logging_mixin.py:190} INFO - [2026-07-25T09:10:14.351+0000] {dag.py:4180} INFO - Setting next_dagrun for dataset_with_extra_from_classic_operator to 2026-07-24 00:00:00+00:00, run_after=2026-07-25 00:00:00+00:00
[2026-07-25T09:10:14.364+0000] {processor.py:208} INFO - Processing /home/airflow/.local/lib/python3.12/site-packages/airflow/example_dags/example_outlet_event_extra.py took 3.536 seconds
[2026-07-25T09:10:44.418+0000] {processor.py:186} INFO - Started process (PID=614) to work on /home/airflow/.local/lib/python3.12/site-packages/airflow/example_dags/example_outlet_event_extra.py
[2026-07-25T09:10:44.419+0000] {processor.py:914} INFO - Processing file /home/airflow/.local/lib/python3.12/site-packages/airflow/example_dags/example_outlet_event_extra.py for tasks to queue
[2026-07-25T09:10:44.421+0000] {logging_mixin.py:190} INFO - [2026-07-25T09:10:44.421+0000] {dagbag.py:588} INFO - Filling up the DagBag from /home/airflow/.local/lib/python3.12/site-packages/airflow/example_dags/example_outlet_event_extra.py
[2026-07-25T09:10:47.727+0000] {processor.py:925} INFO - DAG(s) 'dataset_with_extra_from_classic_operator', 'dataset_with_extra_by_yield', 'dataset_with_extra_by_context' retrieved from /home/airflow/.local/lib/python3.12/site-packages/airflow/example_dags/example_outlet_event_extra.py
[2026-07-25T09:10:47.741+0000] {logging_mixin.py:190} INFO - [2026-07-25T09:10:47.741+0000] {dag.py:3239} INFO - Sync 3 DAGs
[2026-07-25T09:10:47.755+0000] {logging_mixin.py:190} INFO - [2026-07-25T09:10:47.754+0000] {dag.py:4180} INFO - Setting next_dagrun for dataset_with_extra_by_context to 2026-07-24 00:00:00+00:00, run_after=2026-07-25 00:00:00+00:00
[2026-07-25T09:10:47.757+0000] {logging_mixin.py:190} INFO - [2026-07-25T09:10:47.757+0000] {dag.py:4180} INFO - Setting next_dagrun for dataset_with_extra_by_yield to 2026-07-24 00:00:00+00:00, run_after=2026-07-25 00:00:00+00:00
[2026-07-25T09:10:47.759+0000] {logging_mixin.py:190} INFO - [2026-07-25T09:10:47.759+0000] {dag.py:4180} INFO - Setting next_dagrun for dataset_with_extra_from_classic_operator to 2026-07-24 00:00:00+00:00, run_after=2026-07-25 00:00:00+00:00
[2026-07-25T09:10:47.775+0000] {processor.py:208} INFO - Processing /home/airflow/.local/lib/python3.12/site-packages/airflow/example_dags/example_outlet_event_extra.py took 3.360 seconds
[2026-07-25T09:11:17.849+0000] {processor.py:186} INFO - Started process (PID=686) to work on /home/airflow/.local/lib/python3.12/site-packages/airflow/example_dags/example_outlet_event_extra.py
[2026-07-25T09:11:17.850+0000] {processor.py:914} INFO - Processing file /home/airflow/.local/lib/python3.12/site-packages/airflow/example_dags/example_outlet_event_extra.py for tasks to queue
[2026-07-25T09:11:17.851+0000] {logging_mixin.py:190} INFO - [2026-07-25T09:11:17.851+0000] {dagbag.py:588} INFO - Filling up the DagBag from /home/airflow/.local/lib/python3.12/site-packages/airflow/example_dags/example_outlet_event_extra.py
[2026-07-25T09:11:20.951+0000] {processor.py:925} INFO - DAG(s) 'dataset_with_extra_from_classic_operator', 'dataset_with_extra_by_context', 'dataset_with_extra_by_yield' retrieved from /home/airflow/.local/lib/python3.12/site-packages/airflow/example_dags/example_outlet_event_extra.py
[2026-07-25T09:11:20.965+0000] {logging_mixin.py:190} INFO - [2026-07-25T09:11:20.965+0000] {dag.py:3239} INFO - Sync 3 DAGs
[2026-07-25T09:11:20.977+0000] {logging_mixin.py:190} INFO - [2026-07-25T09:11:20.977+0000] {dag.py:4180} INFO - Setting next_dagrun for dataset_with_extra_by_context to 2026-07-24 00:00:00+00:00, run_after=2026-07-25 00:00:00+00:00
[2026-07-25T09:11:20.980+0000] {logging_mixin.py:190} INFO - [2026-07-25T09:11:20.980+0000] {dag.py:4180} INFO - Setting next_dagrun for dataset_with_extra_by_yield to 2026-07-24 00:00:00+00:00, run_after=2026-07-25 00:00:00+00:00
[2026-07-25T09:11:20.981+0000] {logging_mixin.py:190} INFO - [2026-07-25T09:11:20.981+0000] {dag.py:4180} INFO - Setting next_dagrun for dataset_with_extra_from_classic_operator to 2026-07-24 00:00:00+00:00, run_after=2026-07-25 00:00:00+00:00
[2026-07-25T09:11:20.995+0000] {processor.py:208} INFO - Processing /home/airflow/.local/lib/python3.12/site-packages/airflow/example_dags/example_outlet_event_extra.py took 3.150 seconds
[2026-07-25T09:11:51.816+0000] {processor.py:186} INFO - Started process (PID=762) to work on /home/airflow/.local/lib/python3.12/site-packages/airflow/example_dags/example_outlet_event_extra.py
[2026-07-25T09:11:51.817+0000] {processor.py:914} INFO - Processing file /home/airflow/.local/lib/python3.12/site-packages/airflow/example_dags/example_outlet_event_extra.py for tasks to queue
[2026-07-25T09:11:51.819+0000] {logging_mixin.py:190} INFO - [2026-07-25T09:11:51.819+0000] {dagbag.py:588} INFO - Filling up the DagBag from /home/airflow/.local/lib/python3.12/site-packages/airflow/example_dags/example_outlet_event_extra.py
[2026-07-25T09:11:55.086+0000] {processor.py:925} INFO - DAG(s) 'dataset_with_extra_from_classic_operator', 'dataset_with_extra_by_yield', 'dataset_with_extra_by_context' retrieved from /home/airflow/.local/lib/python3.12/site-packages/airflow/example_dags/example_outlet_event_extra.py
[2026-07-25T09:11:55.100+0000] {logging_mixin.py:190} INFO - [2026-07-25T09:11:55.100+0000] {dag.py:3239} INFO - Sync 3 DAGs
[2026-07-25T09:11:55.112+0000] {logging_mixin.py:190} INFO - [2026-07-25T09:11:55.112+0000] {dag.py:4180} INFO - Setting next_dagrun for dataset_with_extra_by_context to 2026-07-24 00:00:00+00:00, run_after=2026-07-25 00:00:00+00:00
[2026-07-25T09:11:55.115+0000] {logging_mixin.py:190} INFO - [2026-07-25T09:11:55.115+0000] {dag.py:4180} INFO - Setting next_dagrun for dataset_with_extra_by_yield to 2026-07-24 00:00:00+00:00, run_after=2026-07-25 00:00:00+00:00
[2026-07-25T09:11:55.117+0000] {logging_mixin.py:190} INFO - [2026-07-25T09:11:55.117+0000] {dag.py:4180} INFO - Setting next_dagrun for dataset_with_extra_from_classic_operator to 2026-07-24 00:00:00+00:00, run_after=2026-07-25 00:00:00+00:00
[2026-07-25T09:11:55.131+0000] {processor.py:208} INFO - Processing /home/airflow/.local/lib/python3.12/site-packages/airflow/example_dags/example_outlet_event_extra.py took 3.318 seconds
[2026-07-25T09:12:25.857+0000] {processor.py:186} INFO - Started process (PID=832) to work on /home/airflow/.local/lib/python3.12/site-packages/airflow/example_dags/example_outlet_event_extra.py
[2026-07-25T09:12:25.857+0000] {processor.py:914} INFO - Processing file /home/airflow/.local/lib/python3.12/site-packages/airflow/example_dags/example_outlet_event_extra.py for tasks to queue
[2026-07-25T09:12:25.859+0000] {logging_mixin.py:190} INFO - [2026-07-25T09:12:25.859+0000] {dagbag.py:588} INFO - Filling up the DagBag from /home/airflow/.local/lib/python3.12/site-packages/airflow/example_dags/example_outlet_event_extra.py
[2026-07-25T09:12:28.924+0000] {processor.py:925} INFO - DAG(s) 'dataset_with_extra_by_context', 'dataset_with_extra_from_classic_operator', 'dataset_with_extra_by_yield' retrieved from /home/airflow/.local/lib/python3.12/site-packages/airflow/example_dags/example_outlet_event_extra.py
[2026-07-25T09:12:28.937+0000] {logging_mixin.py:190} INFO - [2026-07-25T09:12:28.937+0000] {dag.py:3239} INFO - Sync 3 DAGs
[2026-07-25T09:12:28.949+0000] {logging_mixin.py:190} INFO - [2026-07-25T09:12:28.949+0000] {dag.py:4180} INFO - Setting next_dagrun for dataset_with_extra_by_context to 2026-07-24 00:00:00+00:00, run_after=2026-07-25 00:00:00+00:00
[2026-07-25T09:12:28.952+0000] {logging_mixin.py:190} INFO - [2026-07-25T09:12:28.952+0000] {dag.py:4180} INFO - Setting next_dagrun for dataset_with_extra_by_yield to 2026-07-24 00:00:00+00:00, run_after=2026-07-25 00:00:00+00:00
[2026-07-25T09:12:28.954+0000] {logging_mixin.py:190} INFO - [2026-07-25T09:12:28.954+0000] {dag.py:4180} INFO - Setting next_dagrun for dataset_with_extra_from_classic_operator to 2026-07-24 00:00:00+00:00, run_after=2026-07-25 00:00:00+00:00
[2026-07-25T09:12:28.967+0000] {processor.py:208} INFO - Processing /home/airflow/.local/lib/python3.12/site-packages/airflow/example_dags/example_outlet_event_extra.py took 3.114 seconds
[2026-07-25T09:12:59.266+0000] {processor.py:186} INFO - Started process (PID=900) to work on /home/airflow/.local/lib/python3.12/site-packages/airflow/example_dags/example_outlet_event_extra.py
[2026-07-25T09:12:59.266+0000] {processor.py:914} INFO - Processing file /home/airflow/.local/lib/python3.12/site-packages/airflow/example_dags/example_outlet_event_extra.py for tasks to queue
[2026-07-25T09:12:59.269+0000] {logging_mixin.py:190} INFO - [2026-07-25T09:12:59.268+0000] {dagbag.py:588} INFO - Filling up the DagBag from /home/airflow/.local/lib/python3.12/site-packages/airflow/example_dags/example_outlet_event_extra.py
[2026-07-25T09:13:02.492+0000] {processor.py:925} INFO - DAG(s) 'dataset_with_extra_by_yield', 'dataset_with_extra_from_classic_operator', 'dataset_with_extra_by_context' retrieved from /home/airflow/.local/lib/python3.12/site-packages/airflow/example_dags/example_outlet_event_extra.py
[2026-07-25T09:13:02.506+0000] {logging_mixin.py:190} INFO - [2026-07-25T09:13:02.505+0000] {dag.py:3239} INFO - Sync 3 DAGs
[2026-07-25T09:13:02.518+0000] {logging_mixin.py:190} INFO - [2026-07-25T09:13:02.518+0000] {dag.py:4180} INFO - Setting next_dagrun for dataset_with_extra_by_context to 2026-07-24 00:00:00+00:00, run_after=2026-07-25 00:00:00+00:00
[2026-07-25T09:13:02.521+0000] {logging_mixin.py:190} INFO - [2026-07-25T09:13:02.521+0000] {dag.py:4180} INFO - Setting next_dagrun for dataset_with_extra_by_yield to 2026-07-24 00:00:00+00:00, run_after=2026-07-25 00:00:00+00:00
[2026-07-25T09:13:02.522+0000] {logging_mixin.py:190} INFO - [2026-07-25T09:13:02.522+0000] {dag.py:4180} INFO - Setting next_dagrun for dataset_with_extra_from_classic_operator to 2026-07-24 00:00:00+00:00, run_after=2026-07-25 00:00:00+00:00
[2026-07-25T09:13:02.534+0000] {processor.py:208} INFO - Processing /home/airflow/.local/lib/python3.12/site-packages/airflow/example_dags/example_outlet_event_extra.py took 3.273 seconds
[2026-07-25T09:13:33.125+0000] {processor.py:186} INFO - Started process (PID=967) to work on /home/airflow/.local/lib/python3.12/site-packages/airflow/example_dags/example_outlet_event_extra.py
[2026-07-25T09:13:33.126+0000] {processor.py:914} INFO - Processing file /home/airflow/.local/lib/python3.12/site-packages/airflow/example_dags/example_outlet_event_extra.py for tasks to queue
[2026-07-25T09:13:33.128+0000] {logging_mixin.py:190} INFO - [2026-07-25T09:13:33.128+0000] {dagbag.py:588} INFO - Filling up the DagBag from /home/airflow/.local/lib/python3.12/site-packages/airflow/example_dags/example_outlet_event_extra.py
[2026-07-25T09:13:36.295+0000] {processor.py:925} INFO - DAG(s) 'dataset_with_extra_from_classic_operator', 'dataset_with_extra_by_yield', 'dataset_with_extra_by_context' retrieved from /home/airflow/.local/lib/python3.12/site-packages/airflow/example_dags/example_outlet_event_extra.py
[2026-07-25T09:13:36.308+0000] {logging_mixin.py:190} INFO - [2026-07-25T09:13:36.308+0000] {dag.py:3239} INFO - Sync 3 DAGs
[2026-07-25T09:13:36.321+0000] {logging_mixin.py:190} INFO - [2026-07-25T09:13:36.321+0000] {dag.py:4180} INFO - Setting next_dagrun for dataset_with_extra_by_context to 2026-07-24 00:00:00+00:00, run_after=2026-07-25 00:00:00+00:00
[2026-07-25T09:13:36.324+0000] {logging_mixin.py:190} INFO - [2026-07-25T09:13:36.324+0000] {dag.py:4180} INFO - Setting next_dagrun for dataset_with_extra_by_yield to 2026-07-24 00:00:00+00:00, run_after=2026-07-25 00:00:00+00:00
[2026-07-25T09:13:36.326+0000] {logging_mixin.py:190} INFO - [2026-07-25T09:13:36.326+0000] {dag.py:4180} INFO - Setting next_dagrun for dataset_with_extra_from_classic_operator to 2026-07-24 00:00:00+00:00, run_after=2026-07-25 00:00:00+00:00
[2026-07-25T09:13:36.337+0000] {processor.py:208} INFO - Processing /home/airflow/.local/lib/python3.12/site-packages/airflow/example_dags/example_outlet_event_extra.py took 3.215 seconds
[2026-07-25T09:14:06.757+0000] {processor.py:186} INFO - Started process (PID=1030) to work on /home/airflow/.local/lib/python3.12/site-packages/airflow/example_dags/example_outlet_event_extra.py
[2026-07-25T09:14:06.758+0000] {processor.py:914} INFO - Processing file /home/airflow/.local/lib/python3.12/site-packages/airflow/example_dags/example_outlet_event_extra.py for tasks to queue
[2026-07-25T09:14:06.760+0000] {logging_mixin.py:190} INFO - [2026-07-25T09:14:06.760+0000] {dagbag.py:588} INFO - Filling up the DagBag from /home/airflow/.local/lib/python3.12/site-packages/airflow/example_dags/example_outlet_event_extra.py
[2026-07-25T09:14:10.007+0000] {processor.py:925} INFO - DAG(s) 'dataset_with_extra_from_classic_operator', 'dataset_with_extra_by_context', 'dataset_with_extra_by_yield' retrieved from /home/airflow/.local/lib/python3.12/site-packages/airflow/example_dags/example_outlet_event_extra.py
[2026-07-25T09:14:10.023+0000] {logging_mixin.py:190} INFO - [2026-07-25T09:14:10.023+0000] {dag.py:3239} INFO - Sync 3 DAGs
[2026-07-25T09:14:10.036+0000] {logging_mixin.py:190} INFO - [2026-07-25T09:14:10.036+0000] {dag.py:4180} INFO - Setting next_dagrun for dataset_with_extra_by_context to 2026-07-24 00:00:00+00:00, run_after=2026-07-25 00:00:00+00:00
[2026-07-25T09:14:10.039+0000] {logging_mixin.py:190} INFO - [2026-07-25T09:14:10.039+0000] {dag.py:4180} INFO - Setting next_dagrun for dataset_with_extra_by_yield to 2026-07-24 00:00:00+00:00, run_after=2026-07-25 00:00:00+00:00
[2026-07-25T09:14:10.041+0000] {logging_mixin.py:190} INFO - [2026-07-25T09:14:10.041+0000] {dag.py:4180} INFO - Setting next_dagrun for dataset_with_extra_from_classic_operator to 2026-07-24 00:00:00+00:00, run_after=2026-07-25 00:00:00+00:00
[2026-07-25T09:14:10.053+0000] {processor.py:208} INFO - Processing /home/airflow/.local/lib/python3.12/site-packages/airflow/example_dags/example_outlet_event_extra.py took 3.300 seconds
[2026-07-25T09:15:34.216+0000] {processor.py:186} INFO - Started process (PID=84) to work on /home/airflow/.local/lib/python3.12/site-packages/airflow/example_dags/example_outlet_event_extra.py
[2026-07-25T09:15:34.217+0000] {processor.py:914} INFO - Processing file /home/airflow/.local/lib/python3.12/site-packages/airflow/example_dags/example_outlet_event_extra.py for tasks to queue
[2026-07-25T09:15:34.219+0000] {logging_mixin.py:190} INFO - [2026-07-25T09:15:34.219+0000] {dagbag.py:588} INFO - Filling up the DagBag from /home/airflow/.local/lib/python3.12/site-packages/airflow/example_dags/example_outlet_event_extra.py
[2026-07-25T09:15:37.777+0000] {processor.py:925} INFO - DAG(s) 'dataset_with_extra_by_context', 'dataset_with_extra_by_yield', 'dataset_with_extra_from_classic_operator' retrieved from /home/airflow/.local/lib/python3.12/site-packages/airflow/example_dags/example_outlet_event_extra.py
[2026-07-25T09:15:37.796+0000] {logging_mixin.py:190} INFO - [2026-07-25T09:15:37.796+0000] {dag.py:3239} INFO - Sync 3 DAGs
[2026-07-25T09:15:37.811+0000] {logging_mixin.py:190} INFO - [2026-07-25T09:15:37.811+0000] {dag.py:4180} INFO - Setting next_dagrun for dataset_with_extra_by_context to 2026-07-24 00:00:00+00:00, run_after=2026-07-25 00:00:00+00:00
[2026-07-25T09:15:37.814+0000] {logging_mixin.py:190} INFO - [2026-07-25T09:15:37.814+0000] {dag.py:4180} INFO - Setting next_dagrun for dataset_with_extra_by_yield to 2026-07-24 00:00:00+00:00, run_after=2026-07-25 00:00:00+00:00
[2026-07-25T09:15:37.816+0000] {logging_mixin.py:190} INFO - [2026-07-25T09:15:37.816+0000] {dag.py:4180} INFO - Setting next_dagrun for dataset_with_extra_from_classic_operator to 2026-07-24 00:00:00+00:00, run_after=2026-07-25 00:00:00+00:00
[2026-07-25T09:15:37.828+0000] {processor.py:208} INFO - Processing /home/airflow/.local/lib/python3.12/site-packages/airflow/example_dags/example_outlet_event_extra.py took 3.617 seconds
[2026-07-25T09:16:07.881+0000] {processor.py:186} INFO - Started process (PID=152) to work on /home/airflow/.local/lib/python3.12/site-packages/airflow/example_dags/example_outlet_event_extra.py
[2026-07-25T09:16:07.883+0000] {processor.py:914} INFO - Processing file /home/airflow/.local/lib/python3.12/site-packages/airflow/example_dags/example_outlet_event_extra.py for tasks to queue
[2026-07-25T09:16:07.886+0000] {logging_mixin.py:190} INFO - [2026-07-25T09:16:07.885+0000] {dagbag.py:588} INFO - Filling up the DagBag from /home/airflow/.local/lib/python3.12/site-packages/airflow/example_dags/example_outlet_event_extra.py
[2026-07-25T09:16:10.841+0000] {processor.py:925} INFO - DAG(s) 'dataset_with_extra_from_classic_operator', 'dataset_with_extra_by_yield', 'dataset_with_extra_by_context' retrieved from /home/airflow/.local/lib/python3.12/site-packages/airflow/example_dags/example_outlet_event_extra.py
[2026-07-25T09:16:10.858+0000] {logging_mixin.py:190} INFO - [2026-07-25T09:16:10.858+0000] {dag.py:3239} INFO - Sync 3 DAGs
[2026-07-25T09:16:10.874+0000] {logging_mixin.py:190} INFO - [2026-07-25T09:16:10.874+0000] {dag.py:4180} INFO - Setting next_dagrun for dataset_with_extra_by_context to 2026-07-24 00:00:00+00:00, run_after=2026-07-25 00:00:00+00:00
[2026-07-25T09:16:10.877+0000] {logging_mixin.py:190} INFO - [2026-07-25T09:16:10.877+0000] {dag.py:4180} INFO - Setting next_dagrun for dataset_with_extra_by_yield to 2026-07-24 00:00:00+00:00, run_after=2026-07-25 00:00:00+00:00
[2026-07-25T09:16:10.879+0000] {logging_mixin.py:190} INFO - [2026-07-25T09:16:10.879+0000] {dag.py:4180} INFO - Setting next_dagrun for dataset_with_extra_from_classic_operator to 2026-07-24 00:00:00+00:00, run_after=2026-07-25 00:00:00+00:00
[2026-07-25T09:16:10.895+0000] {processor.py:208} INFO - Processing /home/airflow/.local/lib/python3.12/site-packages/airflow/example_dags/example_outlet_event_extra.py took 3.019 seconds
[2026-07-25T09:16:41.698+0000] {processor.py:186} INFO - Started process (PID=216) to work on /home/airflow/.local/lib/python3.12/site-packages/airflow/example_dags/example_outlet_event_extra.py
[2026-07-25T09:16:41.699+0000] {processor.py:914} INFO - Processing file /home/airflow/.local/lib/python3.12/site-packages/airflow/example_dags/example_outlet_event_extra.py for tasks to queue
[2026-07-25T09:16:41.701+0000] {logging_mixin.py:190} INFO - [2026-07-25T09:16:41.701+0000] {dagbag.py:588} INFO - Filling up the DagBag from /home/airflow/.local/lib/python3.12/site-packages/airflow/example_dags/example_outlet_event_extra.py
[2026-07-25T09:16:45.189+0000] {processor.py:925} INFO - DAG(s) 'dataset_with_extra_from_classic_operator', 'dataset_with_extra_by_yield', 'dataset_with_extra_by_context' retrieved from /home/airflow/.local/lib/python3.12/site-packages/airflow/example_dags/example_outlet_event_extra.py
[2026-07-25T09:16:45.204+0000] {logging_mixin.py:190} INFO - [2026-07-25T09:16:45.203+0000] {dag.py:3239} INFO - Sync 3 DAGs
[2026-07-25T09:16:45.216+0000] {logging_mixin.py:190} INFO - [2026-07-25T09:16:45.216+0000] {dag.py:4180} INFO - Setting next_dagrun for dataset_with_extra_by_context to 2026-07-24 00:00:00+00:00, run_after=2026-07-25 00:00:00+00:00
[2026-07-25T09:16:45.219+0000] {logging_mixin.py:190} INFO - [2026-07-25T09:16:45.219+0000] {dag.py:4180} INFO - Setting next_dagrun for dataset_with_extra_by_yield to 2026-07-24 00:00:00+00:00, run_after=2026-07-25 00:00:00+00:00
[2026-07-25T09:16:45.220+0000] {logging_mixin.py:190} INFO - [2026-07-25T09:16:45.220+0000] {dag.py:4180} INFO - Setting next_dagrun for dataset_with_extra_from_classic_operator to 2026-07-24 00:00:00+00:00, run_after=2026-07-25 00:00:00+00:00
[2026-07-25T09:16:45.232+0000] {processor.py:208} INFO - Processing /home/airflow/.local/lib/python3.12/site-packages/airflow/example_dags/example_outlet_event_extra.py took 3.537 seconds
[2026-07-25T09:17:15.762+0000] {processor.py:186} INFO - Started process (PID=288) to work on /home/airflow/.local/lib/python3.12/site-packages/airflow/example_dags/example_outlet_event_extra.py
[2026-07-25T09:17:15.762+0000] {processor.py:914} INFO - Processing file /home/airflow/.local/lib/python3.12/site-packages/airflow/example_dags/example_outlet_event_extra.py for tasks to queue
[2026-07-25T09:17:15.764+0000] {logging_mixin.py:190} INFO - [2026-07-25T09:17:15.764+0000] {dagbag.py:588} INFO - Filling up the DagBag from /home/airflow/.local/lib/python3.12/site-packages/airflow/example_dags/example_outlet_event_extra.py
[2026-07-25T09:17:19.239+0000] {processor.py:925} INFO - DAG(s) 'dataset_with_extra_from_classic_operator', 'dataset_with_extra_by_yield', 'dataset_with_extra_by_context' retrieved from /home/airflow/.local/lib/python3.12/site-packages/airflow/example_dags/example_outlet_event_extra.py
[2026-07-25T09:17:19.254+0000] {logging_mixin.py:190} INFO - [2026-07-25T09:17:19.254+0000] {dag.py:3239} INFO - Sync 3 DAGs
[2026-07-25T09:17:19.266+0000] {logging_mixin.py:190} INFO - [2026-07-25T09:17:19.265+0000] {dag.py:4180} INFO - Setting next_dagrun for dataset_with_extra_by_context to 2026-07-24 00:00:00+00:00, run_after=2026-07-25 00:00:00+00:00
[2026-07-25T09:17:19.268+0000] {logging_mixin.py:190} INFO - [2026-07-25T09:17:19.268+0000] {dag.py:4180} INFO - Setting next_dagrun for dataset_with_extra_by_yield to 2026-07-24 00:00:00+00:00, run_after=2026-07-25 00:00:00+00:00
[2026-07-25T09:17:19.270+0000] {logging_mixin.py:190} INFO - [2026-07-25T09:17:19.270+0000] {dag.py:4180} INFO - Setting next_dagrun for dataset_with_extra_from_classic_operator to 2026-07-24 00:00:00+00:00, run_after=2026-07-25 00:00:00+00:00
[2026-07-25T09:17:19.282+0000] {processor.py:208} INFO - Processing /home/airflow/.local/lib/python3.12/site-packages/airflow/example_dags/example_outlet_event_extra.py took 3.524 seconds
[2026-07-25T09:17:49.342+0000] {processor.py:186} INFO - Started process (PID=355) to work on /home/airflow/.local/lib/python3.12/site-packages/airflow/example_dags/example_outlet_event_extra.py
[2026-07-25T09:17:49.343+0000] {processor.py:914} INFO - Processing file /home/airflow/.local/lib/python3.12/site-packages/airflow/example_dags/example_outlet_event_extra.py for tasks to queue
[2026-07-25T09:17:49.345+0000] {logging_mixin.py:190} INFO - [2026-07-25T09:17:49.345+0000] {dagbag.py:588} INFO - Filling up the DagBag from /home/airflow/.local/lib/python3.12/site-packages/airflow/example_dags/example_outlet_event_extra.py
[2026-07-25T09:17:52.651+0000] {processor.py:925} INFO - DAG(s) 'dataset_with_extra_by_context', 'dataset_with_extra_by_yield', 'dataset_with_extra_from_classic_operator' retrieved from /home/airflow/.local/lib/python3.12/site-packages/airflow/example_dags/example_outlet_event_extra.py
[2026-07-25T09:17:52.666+0000] {logging_mixin.py:190} INFO - [2026-07-25T09:17:52.666+0000] {dag.py:3239} INFO - Sync 3 DAGs
[2026-07-25T09:17:52.679+0000] {logging_mixin.py:190} INFO - [2026-07-25T09:17:52.679+0000] {dag.py:4180} INFO - Setting next_dagrun for dataset_with_extra_by_context to 2026-07-24 00:00:00+00:00, run_after=2026-07-25 00:00:00+00:00
[2026-07-25T09:17:52.682+0000] {logging_mixin.py:190} INFO - [2026-07-25T09:17:52.681+0000] {dag.py:4180} INFO - Setting next_dagrun for dataset_with_extra_by_yield to 2026-07-24 00:00:00+00:00, run_after=2026-07-25 00:00:00+00:00
[2026-07-25T09:17:52.683+0000] {logging_mixin.py:190} INFO - [2026-07-25T09:17:52.683+0000] {dag.py:4180} INFO - Setting next_dagrun for dataset_with_extra_from_classic_operator to 2026-07-24 00:00:00+00:00, run_after=2026-07-25 00:00:00+00:00
[2026-07-25T09:17:52.695+0000] {processor.py:208} INFO - Processing /home/airflow/.local/lib/python3.12/site-packages/airflow/example_dags/example_outlet_event_extra.py took 3.356 seconds
[2026-07-25T09:18:22.783+0000] {processor.py:186} INFO - Started process (PID=418) to work on /home/airflow/.local/lib/python3.12/site-packages/airflow/example_dags/example_outlet_event_extra.py
[2026-07-25T09:18:22.785+0000] {processor.py:914} INFO - Processing file /home/airflow/.local/lib/python3.12/site-packages/airflow/example_dags/example_outlet_event_extra.py for tasks to queue
[2026-07-25T09:18:22.787+0000] {logging_mixin.py:190} INFO - [2026-07-25T09:18:22.787+0000] {dagbag.py:588} INFO - Filling up the DagBag from /home/airflow/.local/lib/python3.12/site-packages/airflow/example_dags/example_outlet_event_extra.py
[2026-07-25T09:18:26.405+0000] {processor.py:925} INFO - DAG(s) 'dataset_with_extra_by_context', 'dataset_with_extra_from_classic_operator', 'dataset_with_extra_by_yield' retrieved from /home/airflow/.local/lib/python3.12/site-packages/airflow/example_dags/example_outlet_event_extra.py
[2026-07-25T09:18:26.420+0000] {logging_mixin.py:190} INFO - [2026-07-25T09:18:26.419+0000] {dag.py:3239} INFO - Sync 3 DAGs
[2026-07-25T09:18:26.431+0000] {logging_mixin.py:190} INFO - [2026-07-25T09:18:26.431+0000] {dag.py:4180} INFO - Setting next_dagrun for dataset_with_extra_by_context to 2026-07-24 00:00:00+00:00, run_after=2026-07-25 00:00:00+00:00
[2026-07-25T09:18:26.435+0000] {logging_mixin.py:190} INFO - [2026-07-25T09:18:26.435+0000] {dag.py:4180} INFO - Setting next_dagrun for dataset_with_extra_by_yield to 2026-07-24 00:00:00+00:00, run_after=2026-07-25 00:00:00+00:00
[2026-07-25T09:18:26.437+0000] {logging_mixin.py:190} INFO - [2026-07-25T09:18:26.436+0000] {dag.py:4180} INFO - Setting next_dagrun for dataset_with_extra_from_classic_operator to 2026-07-24 00:00:00+00:00, run_after=2026-07-25 00:00:00+00:00
[2026-07-25T09:18:26.449+0000] {processor.py:208} INFO - Processing /home/airflow/.local/lib/python3.12/site-packages/airflow/example_dags/example_outlet_event_extra.py took 3.670 seconds
[2026-07-25T09:18:57.063+0000] {processor.py:186} INFO - Started process (PID=481) to work on /home/airflow/.local/lib/python3.12/site-packages/airflow/example_dags/example_outlet_event_extra.py
[2026-07-25T09:18:57.065+0000] {processor.py:914} INFO - Processing file /home/airflow/.local/lib/python3.12/site-packages/airflow/example_dags/example_outlet_event_extra.py for tasks to queue
[2026-07-25T09:18:57.067+0000] {logging_mixin.py:190} INFO - [2026-07-25T09:18:57.067+0000] {dagbag.py:588} INFO - Filling up the DagBag from /home/airflow/.local/lib/python3.12/site-packages/airflow/example_dags/example_outlet_event_extra.py
[2026-07-25T09:19:00.258+0000] {processor.py:925} INFO - DAG(s) 'dataset_with_extra_from_classic_operator', 'dataset_with_extra_by_context', 'dataset_with_extra_by_yield' retrieved from /home/airflow/.local/lib/python3.12/site-packages/airflow/example_dags/example_outlet_event_extra.py
[2026-07-25T09:19:00.273+0000] {logging_mixin.py:190} INFO - [2026-07-25T09:19:00.272+0000] {dag.py:3239} INFO - Sync 3 DAGs
[2026-07-25T09:19:00.283+0000] {logging_mixin.py:190} INFO - [2026-07-25T09:19:00.283+0000] {dag.py:4180} INFO - Setting next_dagrun for dataset_with_extra_by_context to 2026-07-24 00:00:00+00:00, run_after=2026-07-25 00:00:00+00:00
[2026-07-25T09:19:00.286+0000] {logging_mixin.py:190} INFO - [2026-07-25T09:19:00.286+0000] {dag.py:4180} INFO - Setting next_dagrun for dataset_with_extra_by_yield to 2026-07-24 00:00:00+00:00, run_after=2026-07-25 00:00:00+00:00
[2026-07-25T09:19:00.287+0000] {logging_mixin.py:190} INFO - [2026-07-25T09:19:00.287+0000] {dag.py:4180} INFO - Setting next_dagrun for dataset_with_extra_from_classic_operator to 2026-07-24 00:00:00+00:00, run_after=2026-07-25 00:00:00+00:00
[2026-07-25T09:19:00.299+0000] {processor.py:208} INFO - Processing /home/airflow/.local/lib/python3.12/site-packages/airflow/example_dags/example_outlet_event_extra.py took 3.242 seconds
[2026-07-25T09:19:31.047+0000] {processor.py:186} INFO - Started process (PID=553) to work on /home/airflow/.local/lib/python3.12/site-packages/airflow/example_dags/example_outlet_event_extra.py
[2026-07-25T09:19:31.048+0000] {processor.py:914} INFO - Processing file /home/airflow/.local/lib/python3.12/site-packages/airflow/example_dags/example_outlet_event_extra.py for tasks to queue
[2026-07-25T09:19:31.050+0000] {logging_mixin.py:190} INFO - [2026-07-25T09:19:31.049+0000] {dagbag.py:588} INFO - Filling up the DagBag from /home/airflow/.local/lib/python3.12/site-packages/airflow/example_dags/example_outlet_event_extra.py
[2026-07-25T09:20:45.661+0000] {processor.py:186} INFO - Started process (PID=84) to work on /home/airflow/.local/lib/python3.12/site-packages/airflow/example_dags/example_outlet_event_extra.py
[2026-07-25T09:20:45.663+0000] {processor.py:914} INFO - Processing file /home/airflow/.local/lib/python3.12/site-packages/airflow/example_dags/example_outlet_event_extra.py for tasks to queue
[2026-07-25T09:20:45.668+0000] {logging_mixin.py:190} INFO - [2026-07-25T09:20:45.667+0000] {dagbag.py:588} INFO - Filling up the DagBag from /home/airflow/.local/lib/python3.12/site-packages/airflow/example_dags/example_outlet_event_extra.py
[2026-07-25T09:20:49.894+0000] {processor.py:925} INFO - DAG(s) 'dataset_with_extra_from_classic_operator', 'dataset_with_extra_by_yield', 'dataset_with_extra_by_context' retrieved from /home/airflow/.local/lib/python3.12/site-packages/airflow/example_dags/example_outlet_event_extra.py
[2026-07-25T09:20:49.918+0000] {logging_mixin.py:190} INFO - [2026-07-25T09:20:49.918+0000] {dag.py:3239} INFO - Sync 3 DAGs
[2026-07-25T09:20:49.937+0000] {logging_mixin.py:190} INFO - [2026-07-25T09:20:49.937+0000] {dag.py:4180} INFO - Setting next_dagrun for dataset_with_extra_by_context to 2026-07-24 00:00:00+00:00, run_after=2026-07-25 00:00:00+00:00
[2026-07-25T09:20:49.941+0000] {logging_mixin.py:190} INFO - [2026-07-25T09:20:49.941+0000] {dag.py:4180} INFO - Setting next_dagrun for dataset_with_extra_by_yield to 2026-07-24 00:00:00+00:00, run_after=2026-07-25 00:00:00+00:00
[2026-07-25T09:20:49.943+0000] {logging_mixin.py:190} INFO - [2026-07-25T09:20:49.943+0000] {dag.py:4180} INFO - Setting next_dagrun for dataset_with_extra_from_classic_operator to 2026-07-24 00:00:00+00:00, run_after=2026-07-25 00:00:00+00:00
[2026-07-25T09:20:49.958+0000] {processor.py:208} INFO - Processing /home/airflow/.local/lib/python3.12/site-packages/airflow/example_dags/example_outlet_event_extra.py took 4.304 seconds
[2026-07-25T09:21:20.009+0000] {processor.py:186} INFO - Started process (PID=152) to work on /home/airflow/.local/lib/python3.12/site-packages/airflow/example_dags/example_outlet_event_extra.py
[2026-07-25T09:21:20.010+0000] {processor.py:914} INFO - Processing file /home/airflow/.local/lib/python3.12/site-packages/airflow/example_dags/example_outlet_event_extra.py for tasks to queue
[2026-07-25T09:21:20.013+0000] {logging_mixin.py:190} INFO - [2026-07-25T09:21:20.012+0000] {dagbag.py:588} INFO - Filling up the DagBag from /home/airflow/.local/lib/python3.12/site-packages/airflow/example_dags/example_outlet_event_extra.py
[2026-07-25T09:21:23.590+0000] {processor.py:925} INFO - DAG(s) 'dataset_with_extra_by_context', 'dataset_with_extra_by_yield', 'dataset_with_extra_from_classic_operator' retrieved from /home/airflow/.local/lib/python3.12/site-packages/airflow/example_dags/example_outlet_event_extra.py
[2026-07-25T09:21:23.607+0000] {logging_mixin.py:190} INFO - [2026-07-25T09:21:23.607+0000] {dag.py:3239} INFO - Sync 3 DAGs
[2026-07-25T09:21:23.623+0000] {logging_mixin.py:190} INFO - [2026-07-25T09:21:23.623+0000] {dag.py:4180} INFO - Setting next_dagrun for dataset_with_extra_by_context to 2026-07-24 00:00:00+00:00, run_after=2026-07-25 00:00:00+00:00
[2026-07-25T09:21:23.627+0000] {logging_mixin.py:190} INFO - [2026-07-25T09:21:23.627+0000] {dag.py:4180} INFO - Setting next_dagrun for dataset_with_extra_by_yield to 2026-07-24 00:00:00+00:00, run_after=2026-07-25 00:00:00+00:00
[2026-07-25T09:21:23.628+0000] {logging_mixin.py:190} INFO - [2026-07-25T09:21:23.628+0000] {dag.py:4180} INFO - Setting next_dagrun for dataset_with_extra_from_classic_operator to 2026-07-24 00:00:00+00:00, run_after=2026-07-25 00:00:00+00:00
[2026-07-25T09:21:23.641+0000] {processor.py:208} INFO - Processing /home/airflow/.local/lib/python3.12/site-packages/airflow/example_dags/example_outlet_event_extra.py took 3.636 seconds
[2026-07-25T09:21:54.139+0000] {processor.py:186} INFO - Started process (PID=216) to work on /home/airflow/.local/lib/python3.12/site-packages/airflow/example_dags/example_outlet_event_extra.py
[2026-07-25T09:21:54.140+0000] {processor.py:914} INFO - Processing file /home/airflow/.local/lib/python3.12/site-packages/airflow/example_dags/example_outlet_event_extra.py for tasks to queue
[2026-07-25T09:21:54.142+0000] {logging_mixin.py:190} INFO - [2026-07-25T09:21:54.142+0000] {dagbag.py:588} INFO - Filling up the DagBag from /home/airflow/.local/lib/python3.12/site-packages/airflow/example_dags/example_outlet_event_extra.py
[2026-07-25T09:21:57.399+0000] {processor.py:925} INFO - DAG(s) 'dataset_with_extra_by_yield', 'dataset_with_extra_by_context', 'dataset_with_extra_from_classic_operator' retrieved from /home/airflow/.local/lib/python3.12/site-packages/airflow/example_dags/example_outlet_event_extra.py
[2026-07-25T09:21:57.414+0000] {logging_mixin.py:190} INFO - [2026-07-25T09:21:57.414+0000] {dag.py:3239} INFO - Sync 3 DAGs
[2026-07-25T09:21:57.426+0000] {logging_mixin.py:190} INFO - [2026-07-25T09:21:57.426+0000] {dag.py:4180} INFO - Setting next_dagrun for dataset_with_extra_by_context to 2026-07-24 00:00:00+00:00, run_after=2026-07-25 00:00:00+00:00
[2026-07-25T09:21:57.429+0000] {logging_mixin.py:190} INFO - [2026-07-25T09:21:57.429+0000] {dag.py:4180} INFO - Setting next_dagrun for dataset_with_extra_by_yield to 2026-07-24 00:00:00+00:00, run_after=2026-07-25 00:00:00+00:00
[2026-07-25T09:21:57.431+0000] {logging_mixin.py:190} INFO - [2026-07-25T09:21:57.431+0000] {dag.py:4180} INFO - Setting next_dagrun for dataset_with_extra_from_classic_operator to 2026-07-24 00:00:00+00:00, run_after=2026-07-25 00:00:00+00:00
[2026-07-25T09:21:57.443+0000] {processor.py:208} INFO - Processing /home/airflow/.local/lib/python3.12/site-packages/airflow/example_dags/example_outlet_event_extra.py took 3.307 seconds
[2026-07-25T09:22:27.998+0000] {processor.py:186} INFO - Started process (PID=288) to work on /home/airflow/.local/lib/python3.12/site-packages/airflow/example_dags/example_outlet_event_extra.py
[2026-07-25T09:22:27.999+0000] {processor.py:914} INFO - Processing file /home/airflow/.local/lib/python3.12/site-packages/airflow/example_dags/example_outlet_event_extra.py for tasks to queue
[2026-07-25T09:22:28.001+0000] {logging_mixin.py:190} INFO - [2026-07-25T09:22:28.001+0000] {dagbag.py:588} INFO - Filling up the DagBag from /home/airflow/.local/lib/python3.12/site-packages/airflow/example_dags/example_outlet_event_extra.py
[2026-07-25T09:22:31.352+0000] {processor.py:925} INFO - DAG(s) 'dataset_with_extra_by_yield', 'dataset_with_extra_by_context', 'dataset_with_extra_from_classic_operator' retrieved from /home/airflow/.local/lib/python3.12/site-packages/airflow/example_dags/example_outlet_event_extra.py
[2026-07-25T09:22:31.367+0000] {logging_mixin.py:190} INFO - [2026-07-25T09:22:31.367+0000] {dag.py:3239} INFO - Sync 3 DAGs
[2026-07-25T09:22:31.380+0000] {logging_mixin.py:190} INFO - [2026-07-25T09:22:31.380+0000] {dag.py:4180} INFO - Setting next_dagrun for dataset_with_extra_by_context to 2026-07-24 00:00:00+00:00, run_after=2026-07-25 00:00:00+00:00
[2026-07-25T09:22:31.383+0000] {logging_mixin.py:190} INFO - [2026-07-25T09:22:31.383+0000] {dag.py:4180} INFO - Setting next_dagrun for dataset_with_extra_by_yield to 2026-07-24 00:00:00+00:00, run_after=2026-07-25 00:00:00+00:00
[2026-07-25T09:22:31.384+0000] {logging_mixin.py:190} INFO - [2026-07-25T09:22:31.384+0000] {dag.py:4180} INFO - Setting next_dagrun for dataset_with_extra_from_classic_operator to 2026-07-24 00:00:00+00:00, run_after=2026-07-25 00:00:00+00:00
[2026-07-25T09:22:31.396+0000] {processor.py:208} INFO - Processing /home/airflow/.local/lib/python3.12/site-packages/airflow/example_dags/example_outlet_event_extra.py took 3.403 seconds
[2026-07-25T09:23:57.506+0000] {processor.py:186} INFO - Started process (PID=84) to work on /home/airflow/.local/lib/python3.12/site-packages/airflow/example_dags/example_outlet_event_extra.py
[2026-07-25T09:23:57.507+0000] {processor.py:914} INFO - Processing file /home/airflow/.local/lib/python3.12/site-packages/airflow/example_dags/example_outlet_event_extra.py for tasks to queue
[2026-07-25T09:23:57.509+0000] {logging_mixin.py:190} INFO - [2026-07-25T09:23:57.509+0000] {dagbag.py:588} INFO - Filling up the DagBag from /home/airflow/.local/lib/python3.12/site-packages/airflow/example_dags/example_outlet_event_extra.py
[2026-07-25T09:24:01.246+0000] {processor.py:925} INFO - DAG(s) 'dataset_with_extra_from_classic_operator', 'dataset_with_extra_by_context', 'dataset_with_extra_by_yield' retrieved from /home/airflow/.local/lib/python3.12/site-packages/airflow/example_dags/example_outlet_event_extra.py
[2026-07-25T09:24:01.269+0000] {logging_mixin.py:190} INFO - [2026-07-25T09:24:01.268+0000] {dag.py:3239} INFO - Sync 3 DAGs
[2026-07-25T09:24:01.287+0000] {logging_mixin.py:190} INFO - [2026-07-25T09:24:01.287+0000] {dag.py:4180} INFO - Setting next_dagrun for dataset_with_extra_by_context to 2026-07-24 00:00:00+00:00, run_after=2026-07-25 00:00:00+00:00
[2026-07-25T09:24:01.290+0000] {logging_mixin.py:190} INFO - [2026-07-25T09:24:01.290+0000] {dag.py:4180} INFO - Setting next_dagrun for dataset_with_extra_by_yield to 2026-07-24 00:00:00+00:00, run_after=2026-07-25 00:00:00+00:00
[2026-07-25T09:24:01.292+0000] {logging_mixin.py:190} INFO - [2026-07-25T09:24:01.292+0000] {dag.py:4180} INFO - Setting next_dagrun for dataset_with_extra_from_classic_operator to 2026-07-24 00:00:00+00:00, run_after=2026-07-25 00:00:00+00:00
[2026-07-25T09:24:01.306+0000] {processor.py:208} INFO - Processing /home/airflow/.local/lib/python3.12/site-packages/airflow/example_dags/example_outlet_event_extra.py took 3.804 seconds
[2026-07-25T09:24:31.491+0000] {processor.py:186} INFO - Started process (PID=152) to work on /home/airflow/.local/lib/python3.12/site-packages/airflow/example_dags/example_outlet_event_extra.py
[2026-07-25T09:24:31.492+0000] {processor.py:914} INFO - Processing file /home/airflow/.local/lib/python3.12/site-packages/airflow/example_dags/example_outlet_event_extra.py for tasks to queue
[2026-07-25T09:24:31.495+0000] {logging_mixin.py:190} INFO - [2026-07-25T09:24:31.495+0000] {dagbag.py:588} INFO - Filling up the DagBag from /home/airflow/.local/lib/python3.12/site-packages/airflow/example_dags/example_outlet_event_extra.py
[2026-07-25T09:24:34.802+0000] {processor.py:925} INFO - DAG(s) 'dataset_with_extra_by_yield', 'dataset_with_extra_from_classic_operator', 'dataset_with_extra_by_context' retrieved from /home/airflow/.local/lib/python3.12/site-packages/airflow/example_dags/example_outlet_event_extra.py
[2026-07-25T09:24:34.820+0000] {logging_mixin.py:190} INFO - [2026-07-25T09:24:34.819+0000] {dag.py:3239} INFO - Sync 3 DAGs
[2026-07-25T09:24:34.834+0000] {logging_mixin.py:190} INFO - [2026-07-25T09:24:34.834+0000] {dag.py:4180} INFO - Setting next_dagrun for dataset_with_extra_by_context to 2026-07-24 00:00:00+00:00, run_after=2026-07-25 00:00:00+00:00
[2026-07-25T09:24:34.837+0000] {logging_mixin.py:190} INFO - [2026-07-25T09:24:34.837+0000] {dag.py:4180} INFO - Setting next_dagrun for dataset_with_extra_by_yield to 2026-07-24 00:00:00+00:00, run_after=2026-07-25 00:00:00+00:00
[2026-07-25T09:24:34.839+0000] {logging_mixin.py:190} INFO - [2026-07-25T09:24:34.839+0000] {dag.py:4180} INFO - Setting next_dagrun for dataset_with_extra_from_classic_operator to 2026-07-24 00:00:00+00:00, run_after=2026-07-25 00:00:00+00:00
[2026-07-25T09:24:34.865+0000] {processor.py:208} INFO - Processing /home/airflow/.local/lib/python3.12/site-packages/airflow/example_dags/example_outlet_event_extra.py took 3.378 seconds
[2026-07-25T09:25:05.174+0000] {processor.py:186} INFO - Started process (PID=216) to work on /home/airflow/.local/lib/python3.12/site-packages/airflow/example_dags/example_outlet_event_extra.py
[2026-07-25T09:25:05.175+0000] {processor.py:914} INFO - Processing file /home/airflow/.local/lib/python3.12/site-packages/airflow/example_dags/example_outlet_event_extra.py for tasks to queue
[2026-07-25T09:25:05.178+0000] {logging_mixin.py:190} INFO - [2026-07-25T09:25:05.178+0000] {dagbag.py:588} INFO - Filling up the DagBag from /home/airflow/.local/lib/python3.12/site-packages/airflow/example_dags/example_outlet_event_extra.py
[2026-07-25T09:25:08.906+0000] {processor.py:925} INFO - DAG(s) 'dataset_with_extra_from_classic_operator', 'dataset_with_extra_by_context', 'dataset_with_extra_by_yield' retrieved from /home/airflow/.local/lib/python3.12/site-packages/airflow/example_dags/example_outlet_event_extra.py
[2026-07-25T09:25:08.923+0000] {logging_mixin.py:190} INFO - [2026-07-25T09:25:08.923+0000] {dag.py:3239} INFO - Sync 3 DAGs
[2026-07-25T09:25:08.936+0000] {logging_mixin.py:190} INFO - [2026-07-25T09:25:08.936+0000] {dag.py:4180} INFO - Setting next_dagrun for dataset_with_extra_by_context to 2026-07-24 00:00:00+00:00, run_after=2026-07-25 00:00:00+00:00
[2026-07-25T09:25:08.939+0000] {logging_mixin.py:190} INFO - [2026-07-25T09:25:08.939+0000] {dag.py:4180} INFO - Setting next_dagrun for dataset_with_extra_by_yield to 2026-07-24 00:00:00+00:00, run_after=2026-07-25 00:00:00+00:00
[2026-07-25T09:25:08.941+0000] {logging_mixin.py:190} INFO - [2026-07-25T09:25:08.941+0000] {dag.py:4180} INFO - Setting next_dagrun for dataset_with_extra_from_classic_operator to 2026-07-24 00:00:00+00:00, run_after=2026-07-25 00:00:00+00:00
[2026-07-25T09:25:08.970+0000] {processor.py:208} INFO - Processing /home/airflow/.local/lib/python3.12/site-packages/airflow/example_dags/example_outlet_event_extra.py took 3.800 seconds
[2026-07-25T09:25:39.896+0000] {processor.py:186} INFO - Started process (PID=293) to work on /home/airflow/.local/lib/python3.12/site-packages/airflow/example_dags/example_outlet_event_extra.py
[2026-07-25T09:25:39.897+0000] {processor.py:914} INFO - Processing file /home/airflow/.local/lib/python3.12/site-packages/airflow/example_dags/example_outlet_event_extra.py for tasks to queue
[2026-07-25T09:25:39.899+0000] {logging_mixin.py:190} INFO - [2026-07-25T09:25:39.899+0000] {dagbag.py:588} INFO - Filling up the DagBag from /home/airflow/.local/lib/python3.12/site-packages/airflow/example_dags/example_outlet_event_extra.py
[2026-07-25T09:25:43.048+0000] {processor.py:925} INFO - DAG(s) 'dataset_with_extra_from_classic_operator', 'dataset_with_extra_by_context', 'dataset_with_extra_by_yield' retrieved from /home/airflow/.local/lib/python3.12/site-packages/airflow/example_dags/example_outlet_event_extra.py
[2026-07-25T09:25:43.063+0000] {logging_mixin.py:190} INFO - [2026-07-25T09:25:43.062+0000] {dag.py:3239} INFO - Sync 3 DAGs
[2026-07-25T09:25:43.075+0000] {logging_mixin.py:190} INFO - [2026-07-25T09:25:43.075+0000] {dag.py:4180} INFO - Setting next_dagrun for dataset_with_extra_by_context to 2026-07-24 00:00:00+00:00, run_after=2026-07-25 00:00:00+00:00
[2026-07-25T09:25:43.078+0000] {logging_mixin.py:190} INFO - [2026-07-25T09:25:43.077+0000] {dag.py:4180} INFO - Setting next_dagrun for dataset_with_extra_by_yield to 2026-07-24 00:00:00+00:00, run_after=2026-07-25 00:00:00+00:00
[2026-07-25T09:25:43.079+0000] {logging_mixin.py:190} INFO - [2026-07-25T09:25:43.079+0000] {dag.py:4180} INFO - Setting next_dagrun for dataset_with_extra_from_classic_operator to 2026-07-24 00:00:00+00:00, run_after=2026-07-25 00:00:00+00:00
[2026-07-25T09:25:43.101+0000] {processor.py:208} INFO - Processing /home/airflow/.local/lib/python3.12/site-packages/airflow/example_dags/example_outlet_event_extra.py took 3.209 seconds
[2026-07-25T09:26:50.630+0000] {processor.py:186} INFO - Started process (PID=90) to work on /home/airflow/.local/lib/python3.12/site-packages/airflow/example_dags/example_outlet_event_extra.py
[2026-07-25T09:26:50.630+0000] {processor.py:914} INFO - Processing file /home/airflow/.local/lib/python3.12/site-packages/airflow/example_dags/example_outlet_event_extra.py for tasks to queue
[2026-07-25T09:26:50.633+0000] {logging_mixin.py:190} INFO - [2026-07-25T09:26:50.633+0000] {dagbag.py:588} INFO - Filling up the DagBag from /home/airflow/.local/lib/python3.12/site-packages/airflow/example_dags/example_outlet_event_extra.py
[2026-07-25T09:26:54.191+0000] {processor.py:925} INFO - DAG(s) 'dataset_with_extra_by_yield', 'dataset_with_extra_by_context', 'dataset_with_extra_from_classic_operator' retrieved from /home/airflow/.local/lib/python3.12/site-packages/airflow/example_dags/example_outlet_event_extra.py
[2026-07-25T09:26:54.407+0000] {logging_mixin.py:190} INFO - [2026-07-25T09:26:54.407+0000] {override.py:1932} INFO - Created Permission View: can edit on DAG:dataset_with_extra_by_yield
[2026-07-25T09:26:54.414+0000] {logging_mixin.py:190} INFO - [2026-07-25T09:26:54.413+0000] {override.py:1932} INFO - Created Permission View: can read on DAG:dataset_with_extra_by_yield
[2026-07-25T09:26:54.418+0000] {logging_mixin.py:190} INFO - [2026-07-25T09:26:54.418+0000] {override.py:1932} INFO - Created Permission View: can delete on DAG:dataset_with_extra_by_yield
[2026-07-25T09:26:54.424+0000] {logging_mixin.py:190} INFO - [2026-07-25T09:26:54.424+0000] {override.py:1932} INFO - Created Permission View: menu access on DAG Run:dataset_with_extra_by_yield
[2026-07-25T09:26:54.429+0000] {logging_mixin.py:190} INFO - [2026-07-25T09:26:54.429+0000] {override.py:1932} INFO - Created Permission View: can read on DAG Run:dataset_with_extra_by_yield
[2026-07-25T09:26:54.434+0000] {logging_mixin.py:190} INFO - [2026-07-25T09:26:54.434+0000] {override.py:1932} INFO - Created Permission View: can create on DAG Run:dataset_with_extra_by_yield
[2026-07-25T09:26:54.438+0000] {logging_mixin.py:190} INFO - [2026-07-25T09:26:54.438+0000] {override.py:1932} INFO - Created Permission View: can delete on DAG Run:dataset_with_extra_by_yield
[2026-07-25T09:26:54.447+0000] {logging_mixin.py:190} INFO - [2026-07-25T09:26:54.447+0000] {override.py:1932} INFO - Created Permission View: can edit on DAG:dataset_with_extra_by_context
[2026-07-25T09:26:54.452+0000] {logging_mixin.py:190} INFO - [2026-07-25T09:26:54.452+0000] {override.py:1932} INFO - Created Permission View: can read on DAG:dataset_with_extra_by_context
[2026-07-25T09:26:54.457+0000] {logging_mixin.py:190} INFO - [2026-07-25T09:26:54.457+0000] {override.py:1932} INFO - Created Permission View: can delete on DAG:dataset_with_extra_by_context
[2026-07-25T09:26:54.463+0000] {logging_mixin.py:190} INFO - [2026-07-25T09:26:54.462+0000] {override.py:1932} INFO - Created Permission View: menu access on DAG Run:dataset_with_extra_by_context
[2026-07-25T09:26:54.467+0000] {logging_mixin.py:190} INFO - [2026-07-25T09:26:54.467+0000] {override.py:1932} INFO - Created Permission View: can read on DAG Run:dataset_with_extra_by_context
[2026-07-25T09:26:54.472+0000] {logging_mixin.py:190} INFO - [2026-07-25T09:26:54.472+0000] {override.py:1932} INFO - Created Permission View: can create on DAG Run:dataset_with_extra_by_context
[2026-07-25T09:26:54.477+0000] {logging_mixin.py:190} INFO - [2026-07-25T09:26:54.476+0000] {override.py:1932} INFO - Created Permission View: can delete on DAG Run:dataset_with_extra_by_context
[2026-07-25T09:26:54.485+0000] {logging_mixin.py:190} INFO - [2026-07-25T09:26:54.485+0000] {override.py:1932} INFO - Created Permission View: can edit on DAG:dataset_with_extra_from_classic_operator
[2026-07-25T09:26:54.490+0000] {logging_mixin.py:190} INFO - [2026-07-25T09:26:54.490+0000] {override.py:1932} INFO - Created Permission View: can read on DAG:dataset_with_extra_from_classic_operator
[2026-07-25T09:26:54.496+0000] {logging_mixin.py:190} INFO - [2026-07-25T09:26:54.495+0000] {override.py:1932} INFO - Created Permission View: can delete on DAG:dataset_with_extra_from_classic_operator
[2026-07-25T09:26:54.502+0000] {logging_mixin.py:190} INFO - [2026-07-25T09:26:54.502+0000] {override.py:1932} INFO - Created Permission View: menu access on DAG Run:dataset_with_extra_from_classic_operator
[2026-07-25T09:26:54.507+0000] {logging_mixin.py:190} INFO - [2026-07-25T09:26:54.507+0000] {override.py:1932} INFO - Created Permission View: can read on DAG Run:dataset_with_extra_from_classic_operator
[2026-07-25T09:26:54.512+0000] {logging_mixin.py:190} INFO - [2026-07-25T09:26:54.512+0000] {override.py:1932} INFO - Created Permission View: can create on DAG Run:dataset_with_extra_from_classic_operator
[2026-07-25T09:26:54.517+0000] {logging_mixin.py:190} INFO - [2026-07-25T09:26:54.517+0000] {override.py:1932} INFO - Created Permission View: can delete on DAG Run:dataset_with_extra_from_classic_operator
[2026-07-25T09:26:54.518+0000] {logging_mixin.py:190} INFO - [2026-07-25T09:26:54.518+0000] {dag.py:3239} INFO - Sync 3 DAGs
[2026-07-25T09:26:54.526+0000] {logging_mixin.py:190} INFO - [2026-07-25T09:26:54.525+0000] {dag.py:3262} INFO - Creating ORM DAG for dataset_with_extra_from_classic_operator
[2026-07-25T09:26:54.527+0000] {logging_mixin.py:190} INFO - [2026-07-25T09:26:54.527+0000] {dag.py:3262} INFO - Creating ORM DAG for dataset_with_extra_by_yield
[2026-07-25T09:26:54.527+0000] {logging_mixin.py:190} INFO - [2026-07-25T09:26:54.527+0000] {dag.py:3262} INFO - Creating ORM DAG for dataset_with_extra_by_context
[2026-07-25T09:26:54.533+0000] {logging_mixin.py:190} INFO - [2026-07-25T09:26:54.533+0000] {dag.py:4180} INFO - Setting next_dagrun for dataset_with_extra_by_context to 2026-07-24 00:00:00+00:00, run_after=2026-07-25 00:00:00+00:00
[2026-07-25T09:26:54.535+0000] {logging_mixin.py:190} INFO - [2026-07-25T09:26:54.535+0000] {dag.py:4180} INFO - Setting next_dagrun for dataset_with_extra_by_yield to 2026-07-24 00:00:00+00:00, run_after=2026-07-25 00:00:00+00:00
[2026-07-25T09:26:54.536+0000] {logging_mixin.py:190} INFO - [2026-07-25T09:26:54.536+0000] {dag.py:4180} INFO - Setting next_dagrun for dataset_with_extra_from_classic_operator to 2026-07-24 00:00:00+00:00, run_after=2026-07-25 00:00:00+00:00
[2026-07-25T09:26:54.550+0000] {processor.py:208} INFO - Processing /home/airflow/.local/lib/python3.12/site-packages/airflow/example_dags/example_outlet_event_extra.py took 3.924 seconds
[2026-07-25T09:27:24.672+0000] {processor.py:186} INFO - Started process (PID=152) to work on /home/airflow/.local/lib/python3.12/site-packages/airflow/example_dags/example_outlet_event_extra.py
[2026-07-25T09:27:24.673+0000] {processor.py:914} INFO - Processing file /home/airflow/.local/lib/python3.12/site-packages/airflow/example_dags/example_outlet_event_extra.py for tasks to queue
[2026-07-25T09:27:24.675+0000] {logging_mixin.py:190} INFO - [2026-07-25T09:27:24.675+0000] {dagbag.py:588} INFO - Filling up the DagBag from /home/airflow/.local/lib/python3.12/site-packages/airflow/example_dags/example_outlet_event_extra.py
[2026-07-25T09:27:27.828+0000] {processor.py:925} INFO - DAG(s) 'dataset_with_extra_from_classic_operator', 'dataset_with_extra_by_context', 'dataset_with_extra_by_yield' retrieved from /home/airflow/.local/lib/python3.12/site-packages/airflow/example_dags/example_outlet_event_extra.py
[2026-07-25T09:27:27.845+0000] {logging_mixin.py:190} INFO - [2026-07-25T09:27:27.845+0000] {dag.py:3239} INFO - Sync 3 DAGs
[2026-07-25T09:27:27.860+0000] {logging_mixin.py:190} INFO - [2026-07-25T09:27:27.860+0000] {dag.py:4180} INFO - Setting next_dagrun for dataset_with_extra_by_context to 2026-07-24 00:00:00+00:00, run_after=2026-07-25 00:00:00+00:00
[2026-07-25T09:27:27.863+0000] {logging_mixin.py:190} INFO - [2026-07-25T09:27:27.863+0000] {dag.py:4180} INFO - Setting next_dagrun for dataset_with_extra_by_yield to 2026-07-24 00:00:00+00:00, run_after=2026-07-25 00:00:00+00:00
[2026-07-25T09:27:27.865+0000] {logging_mixin.py:190} INFO - [2026-07-25T09:27:27.865+0000] {dag.py:4180} INFO - Setting next_dagrun for dataset_with_extra_from_classic_operator to 2026-07-24 00:00:00+00:00, run_after=2026-07-25 00:00:00+00:00
[2026-07-25T09:27:27.878+0000] {processor.py:208} INFO - Processing /home/airflow/.local/lib/python3.12/site-packages/airflow/example_dags/example_outlet_event_extra.py took 3.210 seconds
[2026-07-25T09:27:57.989+0000] {processor.py:186} INFO - Started process (PID=216) to work on /home/airflow/.local/lib/python3.12/site-packages/airflow/example_dags/example_outlet_event_extra.py
[2026-07-25T09:27:57.990+0000] {processor.py:914} INFO - Processing file /home/airflow/.local/lib/python3.12/site-packages/airflow/example_dags/example_outlet_event_extra.py for tasks to queue
[2026-07-25T09:27:57.992+0000] {logging_mixin.py:190} INFO - [2026-07-25T09:27:57.992+0000] {dagbag.py:588} INFO - Filling up the DagBag from /home/airflow/.local/lib/python3.12/site-packages/airflow/example_dags/example_outlet_event_extra.py
[2026-07-25T09:28:01.527+0000] {processor.py:925} INFO - DAG(s) 'dataset_with_extra_from_classic_operator', 'dataset_with_extra_by_yield', 'dataset_with_extra_by_context' retrieved from /home/airflow/.local/lib/python3.12/site-packages/airflow/example_dags/example_outlet_event_extra.py
[2026-07-25T09:28:01.542+0000] {logging_mixin.py:190} INFO - [2026-07-25T09:28:01.542+0000] {dag.py:3239} INFO - Sync 3 DAGs
[2026-07-25T09:28:01.555+0000] {logging_mixin.py:190} INFO - [2026-07-25T09:28:01.555+0000] {dag.py:4180} INFO - Setting next_dagrun for dataset_with_extra_by_context to 2026-07-24 00:00:00+00:00, run_after=2026-07-25 00:00:00+00:00
[2026-07-25T09:28:01.558+0000] {logging_mixin.py:190} INFO - [2026-07-25T09:28:01.558+0000] {dag.py:4180} INFO - Setting next_dagrun for dataset_with_extra_by_yield to 2026-07-24 00:00:00+00:00, run_after=2026-07-25 00:00:00+00:00
[2026-07-25T09:28:01.559+0000] {logging_mixin.py:190} INFO - [2026-07-25T09:28:01.559+0000] {dag.py:4180} INFO - Setting next_dagrun for dataset_with_extra_from_classic_operator to 2026-07-24 00:00:00+00:00, run_after=2026-07-25 00:00:00+00:00
[2026-07-25T09:28:01.583+0000] {processor.py:208} INFO - Processing /home/airflow/.local/lib/python3.12/site-packages/airflow/example_dags/example_outlet_event_extra.py took 3.600 seconds
[2026-07-25T09:28:32.086+0000] {processor.py:186} INFO - Started process (PID=291) to work on /home/airflow/.local/lib/python3.12/site-packages/airflow/example_dags/example_outlet_event_extra.py
[2026-07-25T09:28:32.087+0000] {processor.py:914} INFO - Processing file /home/airflow/.local/lib/python3.12/site-packages/airflow/example_dags/example_outlet_event_extra.py for tasks to queue
[2026-07-25T09:28:32.089+0000] {logging_mixin.py:190} INFO - [2026-07-25T09:28:32.089+0000] {dagbag.py:588} INFO - Filling up the DagBag from /home/airflow/.local/lib/python3.12/site-packages/airflow/example_dags/example_outlet_event_extra.py
[2026-07-25T09:28:35.276+0000] {processor.py:925} INFO - DAG(s) 'dataset_with_extra_from_classic_operator', 'dataset_with_extra_by_context', 'dataset_with_extra_by_yield' retrieved from /home/airflow/.local/lib/python3.12/site-packages/airflow/example_dags/example_outlet_event_extra.py
[2026-07-25T09:28:35.290+0000] {logging_mixin.py:190} INFO - [2026-07-25T09:28:35.290+0000] {dag.py:3239} INFO - Sync 3 DAGs
[2026-07-25T09:28:35.303+0000] {logging_mixin.py:190} INFO - [2026-07-25T09:28:35.303+0000] {dag.py:4180} INFO - Setting next_dagrun for dataset_with_extra_by_context to 2026-07-24 00:00:00+00:00, run_after=2026-07-25 00:00:00+00:00
[2026-07-25T09:28:35.306+0000] {logging_mixin.py:190} INFO - [2026-07-25T09:28:35.305+0000] {dag.py:4180} INFO - Setting next_dagrun for dataset_with_extra_by_yield to 2026-07-24 00:00:00+00:00, run_after=2026-07-25 00:00:00+00:00
[2026-07-25T09:28:35.307+0000] {logging_mixin.py:190} INFO - [2026-07-25T09:28:35.307+0000] {dag.py:4180} INFO - Setting next_dagrun for dataset_with_extra_from_classic_operator to 2026-07-24 00:00:00+00:00, run_after=2026-07-25 00:00:00+00:00
[2026-07-25T09:28:35.319+0000] {processor.py:208} INFO - Processing /home/airflow/.local/lib/python3.12/site-packages/airflow/example_dags/example_outlet_event_extra.py took 3.236 seconds
[2026-07-25T09:29:05.827+0000] {processor.py:186} INFO - Started process (PID=360) to work on /home/airflow/.local/lib/python3.12/site-packages/airflow/example_dags/example_outlet_event_extra.py
[2026-07-25T09:29:05.828+0000] {processor.py:914} INFO - Processing file /home/airflow/.local/lib/python3.12/site-packages/airflow/example_dags/example_outlet_event_extra.py for tasks to queue
[2026-07-25T09:29:05.830+0000] {logging_mixin.py:190} INFO - [2026-07-25T09:29:05.830+0000] {dagbag.py:588} INFO - Filling up the DagBag from /home/airflow/.local/lib/python3.12/site-packages/airflow/example_dags/example_outlet_event_extra.py
[2026-07-25T09:29:09.031+0000] {processor.py:925} INFO - DAG(s) 'dataset_with_extra_by_yield', 'dataset_with_extra_from_classic_operator', 'dataset_with_extra_by_context' retrieved from /home/airflow/.local/lib/python3.12/site-packages/airflow/example_dags/example_outlet_event_extra.py
[2026-07-25T09:29:09.046+0000] {logging_mixin.py:190} INFO - [2026-07-25T09:29:09.046+0000] {dag.py:3239} INFO - Sync 3 DAGs
[2026-07-25T09:29:09.059+0000] {logging_mixin.py:190} INFO - [2026-07-25T09:29:09.059+0000] {dag.py:4180} INFO - Setting next_dagrun for dataset_with_extra_by_context to 2026-07-24 00:00:00+00:00, run_after=2026-07-25 00:00:00+00:00
[2026-07-25T09:29:09.062+0000] {logging_mixin.py:190} INFO - [2026-07-25T09:29:09.062+0000] {dag.py:4180} INFO - Setting next_dagrun for dataset_with_extra_by_yield to 2026-07-24 00:00:00+00:00, run_after=2026-07-25 00:00:00+00:00
[2026-07-25T09:29:09.064+0000] {logging_mixin.py:190} INFO - [2026-07-25T09:29:09.064+0000] {dag.py:4180} INFO - Setting next_dagrun for dataset_with_extra_from_classic_operator to 2026-07-24 00:00:00+00:00, run_after=2026-07-25 00:00:00+00:00
[2026-07-25T09:29:09.075+0000] {processor.py:208} INFO - Processing /home/airflow/.local/lib/python3.12/site-packages/airflow/example_dags/example_outlet_event_extra.py took 3.252 seconds
[2026-07-25T09:29:39.154+0000] {processor.py:186} INFO - Started process (PID=425) to work on /home/airflow/.local/lib/python3.12/site-packages/airflow/example_dags/example_outlet_event_extra.py
[2026-07-25T09:29:39.155+0000] {processor.py:914} INFO - Processing file /home/airflow/.local/lib/python3.12/site-packages/airflow/example_dags/example_outlet_event_extra.py for tasks to queue
[2026-07-25T09:29:39.158+0000] {logging_mixin.py:190} INFO - [2026-07-25T09:29:39.157+0000] {dagbag.py:588} INFO - Filling up the DagBag from /home/airflow/.local/lib/python3.12/site-packages/airflow/example_dags/example_outlet_event_extra.py
[2026-07-25T09:29:42.469+0000] {processor.py:925} INFO - DAG(s) 'dataset_with_extra_by_yield', 'dataset_with_extra_from_classic_operator', 'dataset_with_extra_by_context' retrieved from /home/airflow/.local/lib/python3.12/site-packages/airflow/example_dags/example_outlet_event_extra.py
[2026-07-25T09:29:42.484+0000] {logging_mixin.py:190} INFO - [2026-07-25T09:29:42.484+0000] {dag.py:3239} INFO - Sync 3 DAGs
[2026-07-25T09:29:42.498+0000] {logging_mixin.py:190} INFO - [2026-07-25T09:29:42.498+0000] {dag.py:4180} INFO - Setting next_dagrun for dataset_with_extra_by_context to 2026-07-24 00:00:00+00:00, run_after=2026-07-25 00:00:00+00:00
[2026-07-25T09:29:42.501+0000] {logging_mixin.py:190} INFO - [2026-07-25T09:29:42.501+0000] {dag.py:4180} INFO - Setting next_dagrun for dataset_with_extra_by_yield to 2026-07-24 00:00:00+00:00, run_after=2026-07-25 00:00:00+00:00
[2026-07-25T09:29:42.503+0000] {logging_mixin.py:190} INFO - [2026-07-25T09:29:42.503+0000] {dag.py:4180} INFO - Setting next_dagrun for dataset_with_extra_from_classic_operator to 2026-07-24 00:00:00+00:00, run_after=2026-07-25 00:00:00+00:00
[2026-07-25T09:29:42.515+0000] {processor.py:208} INFO - Processing /home/airflow/.local/lib/python3.12/site-packages/airflow/example_dags/example_outlet_event_extra.py took 3.364 seconds
[2026-07-25T09:30:12.778+0000] {processor.py:186} INFO - Started process (PID=488) to work on /home/airflow/.local/lib/python3.12/site-packages/airflow/example_dags/example_outlet_event_extra.py
[2026-07-25T09:30:12.779+0000] {processor.py:914} INFO - Processing file /home/airflow/.local/lib/python3.12/site-packages/airflow/example_dags/example_outlet_event_extra.py for tasks to queue
[2026-07-25T09:30:12.781+0000] {logging_mixin.py:190} INFO - [2026-07-25T09:30:12.780+0000] {dagbag.py:588} INFO - Filling up the DagBag from /home/airflow/.local/lib/python3.12/site-packages/airflow/example_dags/example_outlet_event_extra.py
[2026-07-25T09:30:16.078+0000] {processor.py:925} INFO - DAG(s) 'dataset_with_extra_by_context', 'dataset_with_extra_by_yield', 'dataset_with_extra_from_classic_operator' retrieved from /home/airflow/.local/lib/python3.12/site-packages/airflow/example_dags/example_outlet_event_extra.py
[2026-07-25T09:30:16.242+0000] {logging_mixin.py:190} INFO - [2026-07-25T09:30:16.241+0000] {dag.py:3239} INFO - Sync 3 DAGs
[2026-07-25T09:30:16.253+0000] {logging_mixin.py:190} INFO - [2026-07-25T09:30:16.253+0000] {dag.py:4180} INFO - Setting next_dagrun for dataset_with_extra_by_context to 2026-07-24 00:00:00+00:00, run_after=2026-07-25 00:00:00+00:00
[2026-07-25T09:30:16.256+0000] {logging_mixin.py:190} INFO - [2026-07-25T09:30:16.256+0000] {dag.py:4180} INFO - Setting next_dagrun for dataset_with_extra_by_yield to 2026-07-24 00:00:00+00:00, run_after=2026-07-25 00:00:00+00:00
[2026-07-25T09:30:16.258+0000] {logging_mixin.py:190} INFO - [2026-07-25T09:30:16.258+0000] {dag.py:4180} INFO - Setting next_dagrun for dataset_with_extra_from_classic_operator to 2026-07-24 00:00:00+00:00, run_after=2026-07-25 00:00:00+00:00
[2026-07-25T09:30:16.273+0000] {processor.py:208} INFO - Processing /home/airflow/.local/lib/python3.12/site-packages/airflow/example_dags/example_outlet_event_extra.py took 3.499 seconds
[2026-07-25T09:30:46.342+0000] {processor.py:186} INFO - Started process (PID=558) to work on /home/airflow/.local/lib/python3.12/site-packages/airflow/example_dags/example_outlet_event_extra.py
[2026-07-25T09:30:46.343+0000] {processor.py:914} INFO - Processing file /home/airflow/.local/lib/python3.12/site-packages/airflow/example_dags/example_outlet_event_extra.py for tasks to queue
[2026-07-25T09:30:46.344+0000] {logging_mixin.py:190} INFO - [2026-07-25T09:30:46.344+0000] {dagbag.py:588} INFO - Filling up the DagBag from /home/airflow/.local/lib/python3.12/site-packages/airflow/example_dags/example_outlet_event_extra.py
[2026-07-25T09:30:49.348+0000] {processor.py:925} INFO - DAG(s) 'dataset_with_extra_from_classic_operator', 'dataset_with_extra_by_context', 'dataset_with_extra_by_yield' retrieved from /home/airflow/.local/lib/python3.12/site-packages/airflow/example_dags/example_outlet_event_extra.py
[2026-07-25T09:30:49.479+0000] {logging_mixin.py:190} INFO - [2026-07-25T09:30:49.479+0000] {dag.py:3239} INFO - Sync 3 DAGs
[2026-07-25T09:30:49.492+0000] {logging_mixin.py:190} INFO - [2026-07-25T09:30:49.492+0000] {dag.py:4180} INFO - Setting next_dagrun for dataset_with_extra_by_context to 2026-07-24 00:00:00+00:00, run_after=2026-07-25 00:00:00+00:00
[2026-07-25T09:30:49.495+0000] {logging_mixin.py:190} INFO - [2026-07-25T09:30:49.495+0000] {dag.py:4180} INFO - Setting next_dagrun for dataset_with_extra_by_yield to 2026-07-24 00:00:00+00:00, run_after=2026-07-25 00:00:00+00:00
[2026-07-25T09:30:49.497+0000] {logging_mixin.py:190} INFO - [2026-07-25T09:30:49.496+0000] {dag.py:4180} INFO - Setting next_dagrun for dataset_with_extra_from_classic_operator to 2026-07-24 00:00:00+00:00, run_after=2026-07-25 00:00:00+00:00
[2026-07-25T09:30:49.524+0000] {processor.py:208} INFO - Processing /home/airflow/.local/lib/python3.12/site-packages/airflow/example_dags/example_outlet_event_extra.py took 3.186 seconds
