[2026-07-25T09:06:12.959+0000] {processor.py:186} INFO - Started process (PID=73) to work on /home/airflow/.local/lib/python3.12/site-packages/airflow/example_dags/example_sensor_decorator.py
[2026-07-25T09:06:12.961+0000] {processor.py:914} INFO - Processing file /home/airflow/.local/lib/python3.12/site-packages/airflow/example_dags/example_sensor_decorator.py for tasks to queue
[2026-07-25T09:06:12.964+0000] {logging_mixin.py:190} INFO - [2026-07-25T09:06:12.964+0000] {dagbag.py:588} INFO - Filling up the DagBag from /home/airflow/.local/lib/python3.12/site-packages/airflow/example_dags/example_sensor_decorator.py
[2026-07-25T09:06:12.980+0000] {processor.py:925} INFO - DAG(s) 'example_sensor_decorator' retrieved from /home/airflow/.local/lib/python3.12/site-packages/airflow/example_dags/example_sensor_decorator.py
[2026-07-25T09:06:13.066+0000] {logging_mixin.py:190} INFO - [2026-07-25T09:06:13.065+0000] {override.py:1932} INFO - Created Permission View: can edit on DAG:example_sensor_decorator
[2026-07-25T09:06:13.074+0000] {logging_mixin.py:190} INFO - [2026-07-25T09:06:13.074+0000] {override.py:1932} INFO - Created Permission View: can read on DAG:example_sensor_decorator
[2026-07-25T09:06:13.080+0000] {logging_mixin.py:190} INFO - [2026-07-25T09:06:13.080+0000] {override.py:1932} INFO - Created Permission View: can delete on DAG:example_sensor_decorator
[2026-07-25T09:06:13.089+0000] {logging_mixin.py:190} INFO - [2026-07-25T09:06:13.089+0000] {override.py:1932} INFO - Created Permission View: can create on DAG Run:example_sensor_decorator
[2026-07-25T09:06:13.096+0000] {logging_mixin.py:190} INFO - [2026-07-25T09:06:13.096+0000] {override.py:1932} INFO - Created Permission View: can read on DAG Run:example_sensor_decorator
[2026-07-25T09:06:13.104+0000] {logging_mixin.py:190} INFO - [2026-07-25T09:06:13.104+0000] {override.py:1932} INFO - Created Permission View: can delete on DAG Run:example_sensor_decorator
[2026-07-25T09:06:13.112+0000] {logging_mixin.py:190} INFO - [2026-07-25T09:06:13.112+0000] {override.py:1932} INFO - Created Permission View: menu access on DAG Run:example_sensor_decorator
[2026-07-25T09:06:13.113+0000] {logging_mixin.py:190} INFO - [2026-07-25T09:06:13.113+0000] {dag.py:3239} INFO - Sync 1 DAGs
[2026-07-25T09:06:13.122+0000] {logging_mixin.py:190} INFO - [2026-07-25T09:06:13.122+0000] {dag.py:3262} INFO - Creating ORM DAG for example_sensor_decorator
[2026-07-25T09:06:13.123+0000] {logging_mixin.py:190} INFO - [2026-07-25T09:06:13.123+0000] {dag.py:4180} INFO - Setting next_dagrun for example_sensor_decorator to None, run_after=None
[2026-07-25T09:06:13.134+0000] {processor.py:208} INFO - Processing /home/airflow/.local/lib/python3.12/site-packages/airflow/example_dags/example_sensor_decorator.py took 0.181 seconds
[2026-07-25T09:06:43.485+0000] {processor.py:186} INFO - Started process (PID=136) to work on /home/airflow/.local/lib/python3.12/site-packages/airflow/example_dags/example_sensor_decorator.py
[2026-07-25T09:06:43.486+0000] {processor.py:914} INFO - Processing file /home/airflow/.local/lib/python3.12/site-packages/airflow/example_dags/example_sensor_decorator.py for tasks to queue
[2026-07-25T09:06:43.488+0000] {logging_mixin.py:190} INFO - [2026-07-25T09:06:43.488+0000] {dagbag.py:588} INFO - Filling up the DagBag from /home/airflow/.local/lib/python3.12/site-packages/airflow/example_dags/example_sensor_decorator.py
[2026-07-25T09:06:43.493+0000] {processor.py:925} INFO - DAG(s) 'example_sensor_decorator' retrieved from /home/airflow/.local/lib/python3.12/site-packages/airflow/example_dags/example_sensor_decorator.py
[2026-07-25T09:06:43.506+0000] {logging_mixin.py:190} INFO - [2026-07-25T09:06:43.506+0000] {dag.py:3239} INFO - Sync 1 DAGs
[2026-07-25T09:06:43.515+0000] {logging_mixin.py:190} INFO - [2026-07-25T09:06:43.515+0000] {dag.py:4180} INFO - Setting next_dagrun for example_sensor_decorator to None, run_after=None
[2026-07-25T09:06:43.527+0000] {processor.py:208} INFO - Processing /home/airflow/.local/lib/python3.12/site-packages/airflow/example_dags/example_sensor_decorator.py took 0.045 seconds
[2026-07-25T09:07:14.429+0000] {processor.py:186} INFO - Started process (PID=199) to work on /home/airflow/.local/lib/python3.12/site-packages/airflow/example_dags/example_sensor_decorator.py
[2026-07-25T09:07:14.430+0000] {processor.py:914} INFO - Processing file /home/airflow/.local/lib/python3.12/site-packages/airflow/example_dags/example_sensor_decorator.py for tasks to queue
[2026-07-25T09:07:14.432+0000] {logging_mixin.py:190} INFO - [2026-07-25T09:07:14.432+0000] {dagbag.py:588} INFO - Filling up the DagBag from /home/airflow/.local/lib/python3.12/site-packages/airflow/example_dags/example_sensor_decorator.py
[2026-07-25T09:07:14.438+0000] {processor.py:925} INFO - DAG(s) 'example_sensor_decorator' retrieved from /home/airflow/.local/lib/python3.12/site-packages/airflow/example_dags/example_sensor_decorator.py
[2026-07-25T09:07:14.454+0000] {logging_mixin.py:190} INFO - [2026-07-25T09:07:14.454+0000] {dag.py:3239} INFO - Sync 1 DAGs
[2026-07-25T09:07:14.463+0000] {logging_mixin.py:190} INFO - [2026-07-25T09:07:14.463+0000] {dag.py:4180} INFO - Setting next_dagrun for example_sensor_decorator to None, run_after=None
[2026-07-25T09:07:14.474+0000] {processor.py:208} INFO - Processing /home/airflow/.local/lib/python3.12/site-packages/airflow/example_dags/example_sensor_decorator.py took 0.049 seconds
[2026-07-25T09:07:44.934+0000] {processor.py:186} INFO - Started process (PID=262) to work on /home/airflow/.local/lib/python3.12/site-packages/airflow/example_dags/example_sensor_decorator.py
[2026-07-25T09:07:44.935+0000] {processor.py:914} INFO - Processing file /home/airflow/.local/lib/python3.12/site-packages/airflow/example_dags/example_sensor_decorator.py for tasks to queue
[2026-07-25T09:07:44.937+0000] {logging_mixin.py:190} INFO - [2026-07-25T09:07:44.937+0000] {dagbag.py:588} INFO - Filling up the DagBag from /home/airflow/.local/lib/python3.12/site-packages/airflow/example_dags/example_sensor_decorator.py
[2026-07-25T09:07:44.942+0000] {processor.py:925} INFO - DAG(s) 'example_sensor_decorator' retrieved from /home/airflow/.local/lib/python3.12/site-packages/airflow/example_dags/example_sensor_decorator.py
[2026-07-25T09:07:44.955+0000] {logging_mixin.py:190} INFO - [2026-07-25T09:07:44.955+0000] {dag.py:3239} INFO - Sync 1 DAGs
[2026-07-25T09:07:44.964+0000] {logging_mixin.py:190} INFO - [2026-07-25T09:07:44.964+0000] {dag.py:4180} INFO - Setting next_dagrun for example_sensor_decorator to None, run_after=None
[2026-07-25T09:07:44.975+0000] {processor.py:208} INFO - Processing /home/airflow/.local/lib/python3.12/site-packages/airflow/example_dags/example_sensor_decorator.py took 0.044 seconds
[2026-07-25T09:08:15.389+0000] {processor.py:186} INFO - Started process (PID=331) to work on /home/airflow/.local/lib/python3.12/site-packages/airflow/example_dags/example_sensor_decorator.py
[2026-07-25T09:08:15.389+0000] {processor.py:914} INFO - Processing file /home/airflow/.local/lib/python3.12/site-packages/airflow/example_dags/example_sensor_decorator.py for tasks to queue
[2026-07-25T09:08:15.392+0000] {logging_mixin.py:190} INFO - [2026-07-25T09:08:15.392+0000] {dagbag.py:588} INFO - Filling up the DagBag from /home/airflow/.local/lib/python3.12/site-packages/airflow/example_dags/example_sensor_decorator.py
[2026-07-25T09:08:15.398+0000] {processor.py:925} INFO - DAG(s) 'example_sensor_decorator' retrieved from /home/airflow/.local/lib/python3.12/site-packages/airflow/example_dags/example_sensor_decorator.py
[2026-07-25T09:08:15.411+0000] {logging_mixin.py:190} INFO - [2026-07-25T09:08:15.411+0000] {dag.py:3239} INFO - Sync 1 DAGs
[2026-07-25T09:08:15.420+0000] {logging_mixin.py:190} INFO - [2026-07-25T09:08:15.420+0000] {dag.py:4180} INFO - Setting next_dagrun for example_sensor_decorator to None, run_after=None
[2026-07-25T09:08:15.432+0000] {processor.py:208} INFO - Processing /home/airflow/.local/lib/python3.12/site-packages/airflow/example_dags/example_sensor_decorator.py took 0.047 seconds
[2026-07-25T09:08:46.256+0000] {processor.py:186} INFO - Started process (PID=394) to work on /home/airflow/.local/lib/python3.12/site-packages/airflow/example_dags/example_sensor_decorator.py
[2026-07-25T09:08:46.257+0000] {processor.py:914} INFO - Processing file /home/airflow/.local/lib/python3.12/site-packages/airflow/example_dags/example_sensor_decorator.py for tasks to queue
[2026-07-25T09:08:46.259+0000] {logging_mixin.py:190} INFO - [2026-07-25T09:08:46.259+0000] {dagbag.py:588} INFO - Filling up the DagBag from /home/airflow/.local/lib/python3.12/site-packages/airflow/example_dags/example_sensor_decorator.py
[2026-07-25T09:08:46.264+0000] {processor.py:925} INFO - DAG(s) 'example_sensor_decorator' retrieved from /home/airflow/.local/lib/python3.12/site-packages/airflow/example_dags/example_sensor_decorator.py
[2026-07-25T09:08:46.276+0000] {logging_mixin.py:190} INFO - [2026-07-25T09:08:46.276+0000] {dag.py:3239} INFO - Sync 1 DAGs
[2026-07-25T09:08:46.284+0000] {logging_mixin.py:190} INFO - [2026-07-25T09:08:46.284+0000] {dag.py:4180} INFO - Setting next_dagrun for example_sensor_decorator to None, run_after=None
[2026-07-25T09:08:46.295+0000] {processor.py:208} INFO - Processing /home/airflow/.local/lib/python3.12/site-packages/airflow/example_dags/example_sensor_decorator.py took 0.042 seconds
[2026-07-25T09:09:20.107+0000] {processor.py:186} INFO - Started process (PID=457) to work on /home/airflow/.local/lib/python3.12/site-packages/airflow/example_dags/example_sensor_decorator.py
[2026-07-25T09:09:20.108+0000] {processor.py:914} INFO - Processing file /home/airflow/.local/lib/python3.12/site-packages/airflow/example_dags/example_sensor_decorator.py for tasks to queue
[2026-07-25T09:09:20.110+0000] {logging_mixin.py:190} INFO - [2026-07-25T09:09:20.110+0000] {dagbag.py:588} INFO - Filling up the DagBag from /home/airflow/.local/lib/python3.12/site-packages/airflow/example_dags/example_sensor_decorator.py
[2026-07-25T09:09:20.117+0000] {processor.py:925} INFO - DAG(s) 'example_sensor_decorator' retrieved from /home/airflow/.local/lib/python3.12/site-packages/airflow/example_dags/example_sensor_decorator.py
[2026-07-25T09:09:20.131+0000] {logging_mixin.py:190} INFO - [2026-07-25T09:09:20.131+0000] {dag.py:3239} INFO - Sync 1 DAGs
[2026-07-25T09:09:20.140+0000] {logging_mixin.py:190} INFO - [2026-07-25T09:09:20.140+0000] {dag.py:4180} INFO - Setting next_dagrun for example_sensor_decorator to None, run_after=None
[2026-07-25T09:09:20.153+0000] {processor.py:208} INFO - Processing /home/airflow/.local/lib/python3.12/site-packages/airflow/example_dags/example_sensor_decorator.py took 0.051 seconds
[2026-07-25T09:09:50.409+0000] {processor.py:186} INFO - Started process (PID=519) to work on /home/airflow/.local/lib/python3.12/site-packages/airflow/example_dags/example_sensor_decorator.py
[2026-07-25T09:09:50.410+0000] {processor.py:914} INFO - Processing file /home/airflow/.local/lib/python3.12/site-packages/airflow/example_dags/example_sensor_decorator.py for tasks to queue
[2026-07-25T09:09:50.412+0000] {logging_mixin.py:190} INFO - [2026-07-25T09:09:50.412+0000] {dagbag.py:588} INFO - Filling up the DagBag from /home/airflow/.local/lib/python3.12/site-packages/airflow/example_dags/example_sensor_decorator.py
[2026-07-25T09:09:50.417+0000] {processor.py:925} INFO - DAG(s) 'example_sensor_decorator' retrieved from /home/airflow/.local/lib/python3.12/site-packages/airflow/example_dags/example_sensor_decorator.py
[2026-07-25T09:09:50.430+0000] {logging_mixin.py:190} INFO - [2026-07-25T09:09:50.430+0000] {dag.py:3239} INFO - Sync 1 DAGs
[2026-07-25T09:09:50.439+0000] {logging_mixin.py:190} INFO - [2026-07-25T09:09:50.439+0000] {dag.py:4180} INFO - Setting next_dagrun for example_sensor_decorator to None, run_after=None
[2026-07-25T09:09:50.451+0000] {processor.py:208} INFO - Processing /home/airflow/.local/lib/python3.12/site-packages/airflow/example_dags/example_sensor_decorator.py took 0.044 seconds
[2026-07-25T09:10:20.864+0000] {processor.py:186} INFO - Started process (PID=581) to work on /home/airflow/.local/lib/python3.12/site-packages/airflow/example_dags/example_sensor_decorator.py
[2026-07-25T09:10:20.864+0000] {processor.py:914} INFO - Processing file /home/airflow/.local/lib/python3.12/site-packages/airflow/example_dags/example_sensor_decorator.py for tasks to queue
[2026-07-25T09:10:20.866+0000] {logging_mixin.py:190} INFO - [2026-07-25T09:10:20.866+0000] {dagbag.py:588} INFO - Filling up the DagBag from /home/airflow/.local/lib/python3.12/site-packages/airflow/example_dags/example_sensor_decorator.py
[2026-07-25T09:10:20.872+0000] {processor.py:925} INFO - DAG(s) 'example_sensor_decorator' retrieved from /home/airflow/.local/lib/python3.12/site-packages/airflow/example_dags/example_sensor_decorator.py
[2026-07-25T09:10:20.885+0000] {logging_mixin.py:190} INFO - [2026-07-25T09:10:20.885+0000] {dag.py:3239} INFO - Sync 1 DAGs
[2026-07-25T09:10:20.894+0000] {logging_mixin.py:190} INFO - [2026-07-25T09:10:20.894+0000] {dag.py:4180} INFO - Setting next_dagrun for example_sensor_decorator to None, run_after=None
[2026-07-25T09:10:20.908+0000] {processor.py:208} INFO - Processing /home/airflow/.local/lib/python3.12/site-packages/airflow/example_dags/example_sensor_decorator.py took 0.048 seconds
[2026-07-25T09:10:51.427+0000] {processor.py:186} INFO - Started process (PID=639) to work on /home/airflow/.local/lib/python3.12/site-packages/airflow/example_dags/example_sensor_decorator.py
[2026-07-25T09:10:51.428+0000] {processor.py:914} INFO - Processing file /home/airflow/.local/lib/python3.12/site-packages/airflow/example_dags/example_sensor_decorator.py for tasks to queue
[2026-07-25T09:10:51.430+0000] {logging_mixin.py:190} INFO - [2026-07-25T09:10:51.430+0000] {dagbag.py:588} INFO - Filling up the DagBag from /home/airflow/.local/lib/python3.12/site-packages/airflow/example_dags/example_sensor_decorator.py
[2026-07-25T09:10:51.436+0000] {processor.py:925} INFO - DAG(s) 'example_sensor_decorator' retrieved from /home/airflow/.local/lib/python3.12/site-packages/airflow/example_dags/example_sensor_decorator.py
[2026-07-25T09:10:51.452+0000] {logging_mixin.py:190} INFO - [2026-07-25T09:10:51.452+0000] {dag.py:3239} INFO - Sync 1 DAGs
[2026-07-25T09:10:51.462+0000] {logging_mixin.py:190} INFO - [2026-07-25T09:10:51.462+0000] {dag.py:4180} INFO - Setting next_dagrun for example_sensor_decorator to None, run_after=None
[2026-07-25T09:10:51.476+0000] {processor.py:208} INFO - Processing /home/airflow/.local/lib/python3.12/site-packages/airflow/example_dags/example_sensor_decorator.py took 0.053 seconds
[2026-07-25T09:11:21.514+0000] {processor.py:186} INFO - Started process (PID=702) to work on /home/airflow/.local/lib/python3.12/site-packages/airflow/example_dags/example_sensor_decorator.py
[2026-07-25T09:11:21.515+0000] {processor.py:914} INFO - Processing file /home/airflow/.local/lib/python3.12/site-packages/airflow/example_dags/example_sensor_decorator.py for tasks to queue
[2026-07-25T09:11:21.518+0000] {logging_mixin.py:190} INFO - [2026-07-25T09:11:21.517+0000] {dagbag.py:588} INFO - Filling up the DagBag from /home/airflow/.local/lib/python3.12/site-packages/airflow/example_dags/example_sensor_decorator.py
[2026-07-25T09:11:21.525+0000] {processor.py:925} INFO - DAG(s) 'example_sensor_decorator' retrieved from /home/airflow/.local/lib/python3.12/site-packages/airflow/example_dags/example_sensor_decorator.py
[2026-07-25T09:11:21.543+0000] {logging_mixin.py:190} INFO - [2026-07-25T09:11:21.543+0000] {dag.py:3239} INFO - Sync 1 DAGs
[2026-07-25T09:11:21.554+0000] {logging_mixin.py:190} INFO - [2026-07-25T09:11:21.553+0000] {dag.py:4180} INFO - Setting next_dagrun for example_sensor_decorator to None, run_after=None
[2026-07-25T09:11:21.566+0000] {processor.py:208} INFO - Processing /home/airflow/.local/lib/python3.12/site-packages/airflow/example_dags/example_sensor_decorator.py took 0.058 seconds
[2026-07-25T09:11:52.032+0000] {processor.py:186} INFO - Started process (PID=765) to work on /home/airflow/.local/lib/python3.12/site-packages/airflow/example_dags/example_sensor_decorator.py
[2026-07-25T09:11:52.032+0000] {processor.py:914} INFO - Processing file /home/airflow/.local/lib/python3.12/site-packages/airflow/example_dags/example_sensor_decorator.py for tasks to queue
[2026-07-25T09:11:52.034+0000] {logging_mixin.py:190} INFO - [2026-07-25T09:11:52.034+0000] {dagbag.py:588} INFO - Filling up the DagBag from /home/airflow/.local/lib/python3.12/site-packages/airflow/example_dags/example_sensor_decorator.py
[2026-07-25T09:11:52.040+0000] {processor.py:925} INFO - DAG(s) 'example_sensor_decorator' retrieved from /home/airflow/.local/lib/python3.12/site-packages/airflow/example_dags/example_sensor_decorator.py
[2026-07-25T09:11:52.052+0000] {logging_mixin.py:190} INFO - [2026-07-25T09:11:52.052+0000] {dag.py:3239} INFO - Sync 1 DAGs
[2026-07-25T09:11:52.060+0000] {logging_mixin.py:190} INFO - [2026-07-25T09:11:52.060+0000] {dag.py:4180} INFO - Setting next_dagrun for example_sensor_decorator to None, run_after=None
[2026-07-25T09:11:52.073+0000] {processor.py:208} INFO - Processing /home/airflow/.local/lib/python3.12/site-packages/airflow/example_dags/example_sensor_decorator.py took 0.045 seconds
[2026-07-25T09:12:22.710+0000] {processor.py:186} INFO - Started process (PID=827) to work on /home/airflow/.local/lib/python3.12/site-packages/airflow/example_dags/example_sensor_decorator.py
[2026-07-25T09:12:22.711+0000] {processor.py:914} INFO - Processing file /home/airflow/.local/lib/python3.12/site-packages/airflow/example_dags/example_sensor_decorator.py for tasks to queue
[2026-07-25T09:12:22.713+0000] {logging_mixin.py:190} INFO - [2026-07-25T09:12:22.712+0000] {dagbag.py:588} INFO - Filling up the DagBag from /home/airflow/.local/lib/python3.12/site-packages/airflow/example_dags/example_sensor_decorator.py
[2026-07-25T09:12:22.718+0000] {processor.py:925} INFO - DAG(s) 'example_sensor_decorator' retrieved from /home/airflow/.local/lib/python3.12/site-packages/airflow/example_dags/example_sensor_decorator.py
[2026-07-25T09:12:22.731+0000] {logging_mixin.py:190} INFO - [2026-07-25T09:12:22.731+0000] {dag.py:3239} INFO - Sync 1 DAGs
[2026-07-25T09:12:22.740+0000] {logging_mixin.py:190} INFO - [2026-07-25T09:12:22.740+0000] {dag.py:4180} INFO - Setting next_dagrun for example_sensor_decorator to None, run_after=None
[2026-07-25T09:12:22.753+0000] {processor.py:208} INFO - Processing /home/airflow/.local/lib/python3.12/site-packages/airflow/example_dags/example_sensor_decorator.py took 0.048 seconds
[2026-07-25T09:12:52.840+0000] {processor.py:186} INFO - Started process (PID=890) to work on /home/airflow/.local/lib/python3.12/site-packages/airflow/example_dags/example_sensor_decorator.py
[2026-07-25T09:12:52.841+0000] {processor.py:914} INFO - Processing file /home/airflow/.local/lib/python3.12/site-packages/airflow/example_dags/example_sensor_decorator.py for tasks to queue
[2026-07-25T09:12:52.843+0000] {logging_mixin.py:190} INFO - [2026-07-25T09:12:52.843+0000] {dagbag.py:588} INFO - Filling up the DagBag from /home/airflow/.local/lib/python3.12/site-packages/airflow/example_dags/example_sensor_decorator.py
[2026-07-25T09:12:52.848+0000] {processor.py:925} INFO - DAG(s) 'example_sensor_decorator' retrieved from /home/airflow/.local/lib/python3.12/site-packages/airflow/example_dags/example_sensor_decorator.py
[2026-07-25T09:12:52.862+0000] {logging_mixin.py:190} INFO - [2026-07-25T09:12:52.862+0000] {dag.py:3239} INFO - Sync 1 DAGs
[2026-07-25T09:12:52.871+0000] {logging_mixin.py:190} INFO - [2026-07-25T09:12:52.871+0000] {dag.py:4180} INFO - Setting next_dagrun for example_sensor_decorator to None, run_after=None
[2026-07-25T09:12:52.883+0000] {processor.py:208} INFO - Processing /home/airflow/.local/lib/python3.12/site-packages/airflow/example_dags/example_sensor_decorator.py took 0.046 seconds
[2026-07-25T09:13:25.587+0000] {processor.py:186} INFO - Started process (PID=953) to work on /home/airflow/.local/lib/python3.12/site-packages/airflow/example_dags/example_sensor_decorator.py
[2026-07-25T09:13:25.588+0000] {processor.py:914} INFO - Processing file /home/airflow/.local/lib/python3.12/site-packages/airflow/example_dags/example_sensor_decorator.py for tasks to queue
[2026-07-25T09:13:25.590+0000] {logging_mixin.py:190} INFO - [2026-07-25T09:13:25.590+0000] {dagbag.py:588} INFO - Filling up the DagBag from /home/airflow/.local/lib/python3.12/site-packages/airflow/example_dags/example_sensor_decorator.py
[2026-07-25T09:13:25.595+0000] {processor.py:925} INFO - DAG(s) 'example_sensor_decorator' retrieved from /home/airflow/.local/lib/python3.12/site-packages/airflow/example_dags/example_sensor_decorator.py
[2026-07-25T09:13:25.608+0000] {logging_mixin.py:190} INFO - [2026-07-25T09:13:25.608+0000] {dag.py:3239} INFO - Sync 1 DAGs
[2026-07-25T09:13:25.617+0000] {logging_mixin.py:190} INFO - [2026-07-25T09:13:25.617+0000] {dag.py:4180} INFO - Setting next_dagrun for example_sensor_decorator to None, run_after=None
[2026-07-25T09:13:25.627+0000] {processor.py:208} INFO - Processing /home/airflow/.local/lib/python3.12/site-packages/airflow/example_dags/example_sensor_decorator.py took 0.044 seconds
[2026-07-25T09:13:58.941+0000] {processor.py:186} INFO - Started process (PID=1016) to work on /home/airflow/.local/lib/python3.12/site-packages/airflow/example_dags/example_sensor_decorator.py
[2026-07-25T09:13:58.941+0000] {processor.py:914} INFO - Processing file /home/airflow/.local/lib/python3.12/site-packages/airflow/example_dags/example_sensor_decorator.py for tasks to queue
[2026-07-25T09:13:58.943+0000] {logging_mixin.py:190} INFO - [2026-07-25T09:13:58.943+0000] {dagbag.py:588} INFO - Filling up the DagBag from /home/airflow/.local/lib/python3.12/site-packages/airflow/example_dags/example_sensor_decorator.py
[2026-07-25T09:13:58.949+0000] {processor.py:925} INFO - DAG(s) 'example_sensor_decorator' retrieved from /home/airflow/.local/lib/python3.12/site-packages/airflow/example_dags/example_sensor_decorator.py
[2026-07-25T09:13:58.963+0000] {logging_mixin.py:190} INFO - [2026-07-25T09:13:58.963+0000] {dag.py:3239} INFO - Sync 1 DAGs
[2026-07-25T09:13:58.973+0000] {logging_mixin.py:190} INFO - [2026-07-25T09:13:58.973+0000] {dag.py:4180} INFO - Setting next_dagrun for example_sensor_decorator to None, run_after=None
[2026-07-25T09:13:58.985+0000] {processor.py:208} INFO - Processing /home/airflow/.local/lib/python3.12/site-packages/airflow/example_dags/example_sensor_decorator.py took 0.048 seconds
[2026-07-25T09:14:29.706+0000] {processor.py:186} INFO - Started process (PID=1077) to work on /home/airflow/.local/lib/python3.12/site-packages/airflow/example_dags/example_sensor_decorator.py
[2026-07-25T09:14:29.707+0000] {processor.py:914} INFO - Processing file /home/airflow/.local/lib/python3.12/site-packages/airflow/example_dags/example_sensor_decorator.py for tasks to queue
[2026-07-25T09:14:29.709+0000] {logging_mixin.py:190} INFO - [2026-07-25T09:14:29.709+0000] {dagbag.py:588} INFO - Filling up the DagBag from /home/airflow/.local/lib/python3.12/site-packages/airflow/example_dags/example_sensor_decorator.py
[2026-07-25T09:14:29.714+0000] {processor.py:925} INFO - DAG(s) 'example_sensor_decorator' retrieved from /home/airflow/.local/lib/python3.12/site-packages/airflow/example_dags/example_sensor_decorator.py
[2026-07-25T09:14:29.727+0000] {logging_mixin.py:190} INFO - [2026-07-25T09:14:29.727+0000] {dag.py:3239} INFO - Sync 1 DAGs
[2026-07-25T09:14:29.735+0000] {logging_mixin.py:190} INFO - [2026-07-25T09:14:29.735+0000] {dag.py:4180} INFO - Setting next_dagrun for example_sensor_decorator to None, run_after=None
[2026-07-25T09:14:29.747+0000] {processor.py:208} INFO - Processing /home/airflow/.local/lib/python3.12/site-packages/airflow/example_dags/example_sensor_decorator.py took 0.043 seconds
[2026-07-25T09:15:33.066+0000] {processor.py:186} INFO - Started process (PID=73) to work on /home/airflow/.local/lib/python3.12/site-packages/airflow/example_dags/example_sensor_decorator.py
[2026-07-25T09:15:33.067+0000] {processor.py:914} INFO - Processing file /home/airflow/.local/lib/python3.12/site-packages/airflow/example_dags/example_sensor_decorator.py for tasks to queue
[2026-07-25T09:15:33.069+0000] {logging_mixin.py:190} INFO - [2026-07-25T09:15:33.069+0000] {dagbag.py:588} INFO - Filling up the DagBag from /home/airflow/.local/lib/python3.12/site-packages/airflow/example_dags/example_sensor_decorator.py
[2026-07-25T09:15:33.075+0000] {processor.py:925} INFO - DAG(s) 'example_sensor_decorator' retrieved from /home/airflow/.local/lib/python3.12/site-packages/airflow/example_dags/example_sensor_decorator.py
[2026-07-25T09:15:33.093+0000] {logging_mixin.py:190} INFO - [2026-07-25T09:15:33.092+0000] {dag.py:3239} INFO - Sync 1 DAGs
[2026-07-25T09:15:33.102+0000] {logging_mixin.py:190} INFO - [2026-07-25T09:15:33.101+0000] {dag.py:4180} INFO - Setting next_dagrun for example_sensor_decorator to None, run_after=None
[2026-07-25T09:15:33.115+0000] {processor.py:208} INFO - Processing /home/airflow/.local/lib/python3.12/site-packages/airflow/example_dags/example_sensor_decorator.py took 0.052 seconds
[2026-07-25T09:16:03.348+0000] {processor.py:186} INFO - Started process (PID=135) to work on /home/airflow/.local/lib/python3.12/site-packages/airflow/example_dags/example_sensor_decorator.py
[2026-07-25T09:16:03.349+0000] {processor.py:914} INFO - Processing file /home/airflow/.local/lib/python3.12/site-packages/airflow/example_dags/example_sensor_decorator.py for tasks to queue
[2026-07-25T09:16:03.351+0000] {logging_mixin.py:190} INFO - [2026-07-25T09:16:03.351+0000] {dagbag.py:588} INFO - Filling up the DagBag from /home/airflow/.local/lib/python3.12/site-packages/airflow/example_dags/example_sensor_decorator.py
[2026-07-25T09:16:03.357+0000] {processor.py:925} INFO - DAG(s) 'example_sensor_decorator' retrieved from /home/airflow/.local/lib/python3.12/site-packages/airflow/example_dags/example_sensor_decorator.py
[2026-07-25T09:16:03.370+0000] {logging_mixin.py:190} INFO - [2026-07-25T09:16:03.370+0000] {dag.py:3239} INFO - Sync 1 DAGs
[2026-07-25T09:16:03.379+0000] {logging_mixin.py:190} INFO - [2026-07-25T09:16:03.379+0000] {dag.py:4180} INFO - Setting next_dagrun for example_sensor_decorator to None, run_after=None
[2026-07-25T09:16:03.402+0000] {processor.py:208} INFO - Processing /home/airflow/.local/lib/python3.12/site-packages/airflow/example_dags/example_sensor_decorator.py took 0.057 seconds
[2026-07-25T09:16:34.091+0000] {processor.py:186} INFO - Started process (PID=199) to work on /home/airflow/.local/lib/python3.12/site-packages/airflow/example_dags/example_sensor_decorator.py
[2026-07-25T09:16:34.092+0000] {processor.py:914} INFO - Processing file /home/airflow/.local/lib/python3.12/site-packages/airflow/example_dags/example_sensor_decorator.py for tasks to queue
[2026-07-25T09:16:34.094+0000] {logging_mixin.py:190} INFO - [2026-07-25T09:16:34.094+0000] {dagbag.py:588} INFO - Filling up the DagBag from /home/airflow/.local/lib/python3.12/site-packages/airflow/example_dags/example_sensor_decorator.py
[2026-07-25T09:16:34.100+0000] {processor.py:925} INFO - DAG(s) 'example_sensor_decorator' retrieved from /home/airflow/.local/lib/python3.12/site-packages/airflow/example_dags/example_sensor_decorator.py
[2026-07-25T09:16:34.119+0000] {logging_mixin.py:190} INFO - [2026-07-25T09:16:34.119+0000] {dag.py:3239} INFO - Sync 1 DAGs
[2026-07-25T09:16:34.131+0000] {logging_mixin.py:190} INFO - [2026-07-25T09:16:34.131+0000] {dag.py:4180} INFO - Setting next_dagrun for example_sensor_decorator to None, run_after=None
[2026-07-25T09:16:34.145+0000] {processor.py:208} INFO - Processing /home/airflow/.local/lib/python3.12/site-packages/airflow/example_dags/example_sensor_decorator.py took 0.058 seconds
[2026-07-25T09:17:04.866+0000] {processor.py:186} INFO - Started process (PID=262) to work on /home/airflow/.local/lib/python3.12/site-packages/airflow/example_dags/example_sensor_decorator.py
[2026-07-25T09:17:04.866+0000] {processor.py:914} INFO - Processing file /home/airflow/.local/lib/python3.12/site-packages/airflow/example_dags/example_sensor_decorator.py for tasks to queue
[2026-07-25T09:17:04.868+0000] {logging_mixin.py:190} INFO - [2026-07-25T09:17:04.868+0000] {dagbag.py:588} INFO - Filling up the DagBag from /home/airflow/.local/lib/python3.12/site-packages/airflow/example_dags/example_sensor_decorator.py
[2026-07-25T09:17:04.874+0000] {processor.py:925} INFO - DAG(s) 'example_sensor_decorator' retrieved from /home/airflow/.local/lib/python3.12/site-packages/airflow/example_dags/example_sensor_decorator.py
[2026-07-25T09:17:04.886+0000] {logging_mixin.py:190} INFO - [2026-07-25T09:17:04.886+0000] {dag.py:3239} INFO - Sync 1 DAGs
[2026-07-25T09:17:04.895+0000] {logging_mixin.py:190} INFO - [2026-07-25T09:17:04.895+0000] {dag.py:4180} INFO - Setting next_dagrun for example_sensor_decorator to None, run_after=None
[2026-07-25T09:17:04.906+0000] {processor.py:208} INFO - Processing /home/airflow/.local/lib/python3.12/site-packages/airflow/example_dags/example_sensor_decorator.py took 0.044 seconds
[2026-07-25T09:17:35.259+0000] {processor.py:186} INFO - Started process (PID=325) to work on /home/airflow/.local/lib/python3.12/site-packages/airflow/example_dags/example_sensor_decorator.py
[2026-07-25T09:17:35.260+0000] {processor.py:914} INFO - Processing file /home/airflow/.local/lib/python3.12/site-packages/airflow/example_dags/example_sensor_decorator.py for tasks to queue
[2026-07-25T09:17:35.262+0000] {logging_mixin.py:190} INFO - [2026-07-25T09:17:35.261+0000] {dagbag.py:588} INFO - Filling up the DagBag from /home/airflow/.local/lib/python3.12/site-packages/airflow/example_dags/example_sensor_decorator.py
[2026-07-25T09:17:35.267+0000] {processor.py:925} INFO - DAG(s) 'example_sensor_decorator' retrieved from /home/airflow/.local/lib/python3.12/site-packages/airflow/example_dags/example_sensor_decorator.py
[2026-07-25T09:17:35.279+0000] {logging_mixin.py:190} INFO - [2026-07-25T09:17:35.279+0000] {dag.py:3239} INFO - Sync 1 DAGs
[2026-07-25T09:17:35.288+0000] {logging_mixin.py:190} INFO - [2026-07-25T09:17:35.287+0000] {dag.py:4180} INFO - Setting next_dagrun for example_sensor_decorator to None, run_after=None
[2026-07-25T09:17:35.300+0000] {processor.py:208} INFO - Processing /home/airflow/.local/lib/python3.12/site-packages/airflow/example_dags/example_sensor_decorator.py took 0.044 seconds
[2026-07-25T09:18:05.636+0000] {processor.py:186} INFO - Started process (PID=388) to work on /home/airflow/.local/lib/python3.12/site-packages/airflow/example_dags/example_sensor_decorator.py
[2026-07-25T09:18:05.637+0000] {processor.py:914} INFO - Processing file /home/airflow/.local/lib/python3.12/site-packages/airflow/example_dags/example_sensor_decorator.py for tasks to queue
[2026-07-25T09:18:05.639+0000] {logging_mixin.py:190} INFO - [2026-07-25T09:18:05.639+0000] {dagbag.py:588} INFO - Filling up the DagBag from /home/airflow/.local/lib/python3.12/site-packages/airflow/example_dags/example_sensor_decorator.py
[2026-07-25T09:18:05.644+0000] {processor.py:925} INFO - DAG(s) 'example_sensor_decorator' retrieved from /home/airflow/.local/lib/python3.12/site-packages/airflow/example_dags/example_sensor_decorator.py
[2026-07-25T09:18:05.657+0000] {logging_mixin.py:190} INFO - [2026-07-25T09:18:05.657+0000] {dag.py:3239} INFO - Sync 1 DAGs
[2026-07-25T09:18:05.666+0000] {logging_mixin.py:190} INFO - [2026-07-25T09:18:05.666+0000] {dag.py:4180} INFO - Setting next_dagrun for example_sensor_decorator to None, run_after=None
[2026-07-25T09:18:05.677+0000] {processor.py:208} INFO - Processing /home/airflow/.local/lib/python3.12/site-packages/airflow/example_dags/example_sensor_decorator.py took 0.044 seconds
[2026-07-25T09:18:36.324+0000] {processor.py:186} INFO - Started process (PID=450) to work on /home/airflow/.local/lib/python3.12/site-packages/airflow/example_dags/example_sensor_decorator.py
[2026-07-25T09:18:36.325+0000] {processor.py:914} INFO - Processing file /home/airflow/.local/lib/python3.12/site-packages/airflow/example_dags/example_sensor_decorator.py for tasks to queue
[2026-07-25T09:18:36.327+0000] {logging_mixin.py:190} INFO - [2026-07-25T09:18:36.327+0000] {dagbag.py:588} INFO - Filling up the DagBag from /home/airflow/.local/lib/python3.12/site-packages/airflow/example_dags/example_sensor_decorator.py
[2026-07-25T09:18:36.332+0000] {processor.py:925} INFO - DAG(s) 'example_sensor_decorator' retrieved from /home/airflow/.local/lib/python3.12/site-packages/airflow/example_dags/example_sensor_decorator.py
[2026-07-25T09:18:36.344+0000] {logging_mixin.py:190} INFO - [2026-07-25T09:18:36.344+0000] {dag.py:3239} INFO - Sync 1 DAGs
[2026-07-25T09:18:36.353+0000] {logging_mixin.py:190} INFO - [2026-07-25T09:18:36.353+0000] {dag.py:4180} INFO - Setting next_dagrun for example_sensor_decorator to None, run_after=None
[2026-07-25T09:18:36.366+0000] {processor.py:208} INFO - Processing /home/airflow/.local/lib/python3.12/site-packages/airflow/example_dags/example_sensor_decorator.py took 0.045 seconds
[2026-07-25T09:19:06.610+0000] {processor.py:186} INFO - Started process (PID=512) to work on /home/airflow/.local/lib/python3.12/site-packages/airflow/example_dags/example_sensor_decorator.py
[2026-07-25T09:19:06.610+0000] {processor.py:914} INFO - Processing file /home/airflow/.local/lib/python3.12/site-packages/airflow/example_dags/example_sensor_decorator.py for tasks to queue
[2026-07-25T09:19:06.612+0000] {logging_mixin.py:190} INFO - [2026-07-25T09:19:06.612+0000] {dagbag.py:588} INFO - Filling up the DagBag from /home/airflow/.local/lib/python3.12/site-packages/airflow/example_dags/example_sensor_decorator.py
[2026-07-25T09:19:06.618+0000] {processor.py:925} INFO - DAG(s) 'example_sensor_decorator' retrieved from /home/airflow/.local/lib/python3.12/site-packages/airflow/example_dags/example_sensor_decorator.py
[2026-07-25T09:19:06.631+0000] {logging_mixin.py:190} INFO - [2026-07-25T09:19:06.631+0000] {dag.py:3239} INFO - Sync 1 DAGs
[2026-07-25T09:19:06.640+0000] {logging_mixin.py:190} INFO - [2026-07-25T09:19:06.640+0000] {dag.py:4180} INFO - Setting next_dagrun for example_sensor_decorator to None, run_after=None
[2026-07-25T09:19:06.652+0000] {processor.py:208} INFO - Processing /home/airflow/.local/lib/python3.12/site-packages/airflow/example_dags/example_sensor_decorator.py took 0.046 seconds
[2026-07-25T09:20:44.309+0000] {processor.py:186} INFO - Started process (PID=73) to work on /home/airflow/.local/lib/python3.12/site-packages/airflow/example_dags/example_sensor_decorator.py
[2026-07-25T09:20:44.311+0000] {processor.py:914} INFO - Processing file /home/airflow/.local/lib/python3.12/site-packages/airflow/example_dags/example_sensor_decorator.py for tasks to queue
[2026-07-25T09:20:44.316+0000] {logging_mixin.py:190} INFO - [2026-07-25T09:20:44.315+0000] {dagbag.py:588} INFO - Filling up the DagBag from /home/airflow/.local/lib/python3.12/site-packages/airflow/example_dags/example_sensor_decorator.py
[2026-07-25T09:20:44.330+0000] {processor.py:925} INFO - DAG(s) 'example_sensor_decorator' retrieved from /home/airflow/.local/lib/python3.12/site-packages/airflow/example_dags/example_sensor_decorator.py
[2026-07-25T09:20:44.370+0000] {logging_mixin.py:190} INFO - [2026-07-25T09:20:44.370+0000] {dag.py:3239} INFO - Sync 1 DAGs
[2026-07-25T09:20:44.388+0000] {logging_mixin.py:190} INFO - [2026-07-25T09:20:44.388+0000] {dag.py:4180} INFO - Setting next_dagrun for example_sensor_decorator to None, run_after=None
[2026-07-25T09:20:44.405+0000] {processor.py:208} INFO - Processing /home/airflow/.local/lib/python3.12/site-packages/airflow/example_dags/example_sensor_decorator.py took 0.107 seconds
[2026-07-25T09:21:15.390+0000] {processor.py:186} INFO - Started process (PID=136) to work on /home/airflow/.local/lib/python3.12/site-packages/airflow/example_dags/example_sensor_decorator.py
[2026-07-25T09:21:15.391+0000] {processor.py:914} INFO - Processing file /home/airflow/.local/lib/python3.12/site-packages/airflow/example_dags/example_sensor_decorator.py for tasks to queue
[2026-07-25T09:21:15.392+0000] {logging_mixin.py:190} INFO - [2026-07-25T09:21:15.392+0000] {dagbag.py:588} INFO - Filling up the DagBag from /home/airflow/.local/lib/python3.12/site-packages/airflow/example_dags/example_sensor_decorator.py
[2026-07-25T09:21:15.399+0000] {processor.py:925} INFO - DAG(s) 'example_sensor_decorator' retrieved from /home/airflow/.local/lib/python3.12/site-packages/airflow/example_dags/example_sensor_decorator.py
[2026-07-25T09:21:15.412+0000] {logging_mixin.py:190} INFO - [2026-07-25T09:21:15.412+0000] {dag.py:3239} INFO - Sync 1 DAGs
[2026-07-25T09:21:15.422+0000] {logging_mixin.py:190} INFO - [2026-07-25T09:21:15.422+0000] {dag.py:4180} INFO - Setting next_dagrun for example_sensor_decorator to None, run_after=None
[2026-07-25T09:21:15.433+0000] {processor.py:208} INFO - Processing /home/airflow/.local/lib/python3.12/site-packages/airflow/example_dags/example_sensor_decorator.py took 0.046 seconds
[2026-07-25T09:21:45.531+0000] {processor.py:186} INFO - Started process (PID=199) to work on /home/airflow/.local/lib/python3.12/site-packages/airflow/example_dags/example_sensor_decorator.py
[2026-07-25T09:21:45.532+0000] {processor.py:914} INFO - Processing file /home/airflow/.local/lib/python3.12/site-packages/airflow/example_dags/example_sensor_decorator.py for tasks to queue
[2026-07-25T09:21:45.534+0000] {logging_mixin.py:190} INFO - [2026-07-25T09:21:45.534+0000] {dagbag.py:588} INFO - Filling up the DagBag from /home/airflow/.local/lib/python3.12/site-packages/airflow/example_dags/example_sensor_decorator.py
[2026-07-25T09:21:45.540+0000] {processor.py:925} INFO - DAG(s) 'example_sensor_decorator' retrieved from /home/airflow/.local/lib/python3.12/site-packages/airflow/example_dags/example_sensor_decorator.py
[2026-07-25T09:21:45.557+0000] {logging_mixin.py:190} INFO - [2026-07-25T09:21:45.557+0000] {dag.py:3239} INFO - Sync 1 DAGs
[2026-07-25T09:21:45.568+0000] {logging_mixin.py:190} INFO - [2026-07-25T09:21:45.568+0000] {dag.py:4180} INFO - Setting next_dagrun for example_sensor_decorator to None, run_after=None
[2026-07-25T09:21:45.580+0000] {processor.py:208} INFO - Processing /home/airflow/.local/lib/python3.12/site-packages/airflow/example_dags/example_sensor_decorator.py took 0.053 seconds
[2026-07-25T09:22:15.972+0000] {processor.py:186} INFO - Started process (PID=262) to work on /home/airflow/.local/lib/python3.12/site-packages/airflow/example_dags/example_sensor_decorator.py
[2026-07-25T09:22:15.973+0000] {processor.py:914} INFO - Processing file /home/airflow/.local/lib/python3.12/site-packages/airflow/example_dags/example_sensor_decorator.py for tasks to queue
[2026-07-25T09:22:15.975+0000] {logging_mixin.py:190} INFO - [2026-07-25T09:22:15.975+0000] {dagbag.py:588} INFO - Filling up the DagBag from /home/airflow/.local/lib/python3.12/site-packages/airflow/example_dags/example_sensor_decorator.py
[2026-07-25T09:22:15.980+0000] {processor.py:925} INFO - DAG(s) 'example_sensor_decorator' retrieved from /home/airflow/.local/lib/python3.12/site-packages/airflow/example_dags/example_sensor_decorator.py
[2026-07-25T09:22:15.993+0000] {logging_mixin.py:190} INFO - [2026-07-25T09:22:15.993+0000] {dag.py:3239} INFO - Sync 1 DAGs
[2026-07-25T09:22:16.002+0000] {logging_mixin.py:190} INFO - [2026-07-25T09:22:16.002+0000] {dag.py:4180} INFO - Setting next_dagrun for example_sensor_decorator to None, run_after=None
[2026-07-25T09:22:16.014+0000] {processor.py:208} INFO - Processing /home/airflow/.local/lib/python3.12/site-packages/airflow/example_dags/example_sensor_decorator.py took 0.045 seconds
[2026-07-25T09:23:56.154+0000] {processor.py:186} INFO - Started process (PID=73) to work on /home/airflow/.local/lib/python3.12/site-packages/airflow/example_dags/example_sensor_decorator.py
[2026-07-25T09:23:56.155+0000] {processor.py:914} INFO - Processing file /home/airflow/.local/lib/python3.12/site-packages/airflow/example_dags/example_sensor_decorator.py for tasks to queue
[2026-07-25T09:23:56.158+0000] {logging_mixin.py:190} INFO - [2026-07-25T09:23:56.157+0000] {dagbag.py:588} INFO - Filling up the DagBag from /home/airflow/.local/lib/python3.12/site-packages/airflow/example_dags/example_sensor_decorator.py
[2026-07-25T09:23:56.168+0000] {processor.py:925} INFO - DAG(s) 'example_sensor_decorator' retrieved from /home/airflow/.local/lib/python3.12/site-packages/airflow/example_dags/example_sensor_decorator.py
[2026-07-25T09:23:56.193+0000] {logging_mixin.py:190} INFO - [2026-07-25T09:23:56.193+0000] {dag.py:3239} INFO - Sync 1 DAGs
[2026-07-25T09:23:56.205+0000] {logging_mixin.py:190} INFO - [2026-07-25T09:23:56.205+0000] {dag.py:4180} INFO - Setting next_dagrun for example_sensor_decorator to None, run_after=None
[2026-07-25T09:23:56.220+0000] {processor.py:208} INFO - Processing /home/airflow/.local/lib/python3.12/site-packages/airflow/example_dags/example_sensor_decorator.py took 0.071 seconds
[2026-07-25T09:24:27.970+0000] {processor.py:186} INFO - Started process (PID=136) to work on /home/airflow/.local/lib/python3.12/site-packages/airflow/example_dags/example_sensor_decorator.py
[2026-07-25T09:24:27.971+0000] {processor.py:914} INFO - Processing file /home/airflow/.local/lib/python3.12/site-packages/airflow/example_dags/example_sensor_decorator.py for tasks to queue
[2026-07-25T09:24:27.973+0000] {logging_mixin.py:190} INFO - [2026-07-25T09:24:27.972+0000] {dagbag.py:588} INFO - Filling up the DagBag from /home/airflow/.local/lib/python3.12/site-packages/airflow/example_dags/example_sensor_decorator.py
[2026-07-25T09:24:27.978+0000] {processor.py:925} INFO - DAG(s) 'example_sensor_decorator' retrieved from /home/airflow/.local/lib/python3.12/site-packages/airflow/example_dags/example_sensor_decorator.py
[2026-07-25T09:24:27.994+0000] {logging_mixin.py:190} INFO - [2026-07-25T09:24:27.993+0000] {dag.py:3239} INFO - Sync 1 DAGs
[2026-07-25T09:24:28.003+0000] {logging_mixin.py:190} INFO - [2026-07-25T09:24:28.003+0000] {dag.py:4180} INFO - Setting next_dagrun for example_sensor_decorator to None, run_after=None
[2026-07-25T09:24:28.017+0000] {processor.py:208} INFO - Processing /home/airflow/.local/lib/python3.12/site-packages/airflow/example_dags/example_sensor_decorator.py took 0.050 seconds
[2026-07-25T09:24:58.549+0000] {processor.py:186} INFO - Started process (PID=205) to work on /home/airflow/.local/lib/python3.12/site-packages/airflow/example_dags/example_sensor_decorator.py
[2026-07-25T09:24:58.549+0000] {processor.py:914} INFO - Processing file /home/airflow/.local/lib/python3.12/site-packages/airflow/example_dags/example_sensor_decorator.py for tasks to queue
[2026-07-25T09:24:58.551+0000] {logging_mixin.py:190} INFO - [2026-07-25T09:24:58.551+0000] {dagbag.py:588} INFO - Filling up the DagBag from /home/airflow/.local/lib/python3.12/site-packages/airflow/example_dags/example_sensor_decorator.py
[2026-07-25T09:24:58.556+0000] {processor.py:925} INFO - DAG(s) 'example_sensor_decorator' retrieved from /home/airflow/.local/lib/python3.12/site-packages/airflow/example_dags/example_sensor_decorator.py
[2026-07-25T09:24:58.570+0000] {logging_mixin.py:190} INFO - [2026-07-25T09:24:58.570+0000] {dag.py:3239} INFO - Sync 1 DAGs
[2026-07-25T09:24:58.578+0000] {logging_mixin.py:190} INFO - [2026-07-25T09:24:58.578+0000] {dag.py:4180} INFO - Setting next_dagrun for example_sensor_decorator to None, run_after=None
[2026-07-25T09:24:58.598+0000] {processor.py:208} INFO - Processing /home/airflow/.local/lib/python3.12/site-packages/airflow/example_dags/example_sensor_decorator.py took 0.053 seconds
[2026-07-25T09:25:29.443+0000] {processor.py:186} INFO - Started process (PID=268) to work on /home/airflow/.local/lib/python3.12/site-packages/airflow/example_dags/example_sensor_decorator.py
[2026-07-25T09:25:29.444+0000] {processor.py:914} INFO - Processing file /home/airflow/.local/lib/python3.12/site-packages/airflow/example_dags/example_sensor_decorator.py for tasks to queue
[2026-07-25T09:25:29.446+0000] {logging_mixin.py:190} INFO - [2026-07-25T09:25:29.446+0000] {dagbag.py:588} INFO - Filling up the DagBag from /home/airflow/.local/lib/python3.12/site-packages/airflow/example_dags/example_sensor_decorator.py
[2026-07-25T09:25:29.453+0000] {processor.py:925} INFO - DAG(s) 'example_sensor_decorator' retrieved from /home/airflow/.local/lib/python3.12/site-packages/airflow/example_dags/example_sensor_decorator.py
[2026-07-25T09:25:29.472+0000] {logging_mixin.py:190} INFO - [2026-07-25T09:25:29.472+0000] {dag.py:3239} INFO - Sync 1 DAGs
[2026-07-25T09:25:29.483+0000] {logging_mixin.py:190} INFO - [2026-07-25T09:25:29.483+0000] {dag.py:4180} INFO - Setting next_dagrun for example_sensor_decorator to None, run_after=None
[2026-07-25T09:25:29.508+0000] {processor.py:208} INFO - Processing /home/airflow/.local/lib/python3.12/site-packages/airflow/example_dags/example_sensor_decorator.py took 0.069 seconds
[2026-07-25T09:26:48.836+0000] {processor.py:186} INFO - Started process (PID=73) to work on /home/airflow/.local/lib/python3.12/site-packages/airflow/example_dags/example_sensor_decorator.py
[2026-07-25T09:26:48.837+0000] {processor.py:914} INFO - Processing file /home/airflow/.local/lib/python3.12/site-packages/airflow/example_dags/example_sensor_decorator.py for tasks to queue
[2026-07-25T09:26:48.840+0000] {logging_mixin.py:190} INFO - [2026-07-25T09:26:48.840+0000] {dagbag.py:588} INFO - Filling up the DagBag from /home/airflow/.local/lib/python3.12/site-packages/airflow/example_dags/example_sensor_decorator.py
[2026-07-25T09:26:48.853+0000] {processor.py:925} INFO - DAG(s) 'example_sensor_decorator' retrieved from /home/airflow/.local/lib/python3.12/site-packages/airflow/example_dags/example_sensor_decorator.py
[2026-07-25T09:26:48.935+0000] {logging_mixin.py:190} INFO - [2026-07-25T09:26:48.934+0000] {override.py:1932} INFO - Created Permission View: can edit on DAG:example_sensor_decorator
[2026-07-25T09:26:48.941+0000] {logging_mixin.py:190} INFO - [2026-07-25T09:26:48.941+0000] {override.py:1932} INFO - Created Permission View: can read on DAG:example_sensor_decorator
[2026-07-25T09:26:48.946+0000] {logging_mixin.py:190} INFO - [2026-07-25T09:26:48.946+0000] {override.py:1932} INFO - Created Permission View: can delete on DAG:example_sensor_decorator
[2026-07-25T09:26:48.952+0000] {logging_mixin.py:190} INFO - [2026-07-25T09:26:48.952+0000] {override.py:1932} INFO - Created Permission View: menu access on DAG Run:example_sensor_decorator
[2026-07-25T09:26:48.957+0000] {logging_mixin.py:190} INFO - [2026-07-25T09:26:48.957+0000] {override.py:1932} INFO - Created Permission View: can read on DAG Run:example_sensor_decorator
[2026-07-25T09:26:48.963+0000] {logging_mixin.py:190} INFO - [2026-07-25T09:26:48.962+0000] {override.py:1932} INFO - Created Permission View: can create on DAG Run:example_sensor_decorator
[2026-07-25T09:26:48.968+0000] {logging_mixin.py:190} INFO - [2026-07-25T09:26:48.968+0000] {override.py:1932} INFO - Created Permission View: can delete on DAG Run:example_sensor_decorator
[2026-07-25T09:26:48.969+0000] {logging_mixin.py:190} INFO - [2026-07-25T09:26:48.968+0000] {dag.py:3239} INFO - Sync 1 DAGs
[2026-07-25T09:26:48.977+0000] {logging_mixin.py:190} INFO - [2026-07-25T09:26:48.977+0000] {dag.py:3262} INFO - Creating ORM DAG for example_sensor_decorator
[2026-07-25T09:26:48.978+0000] {logging_mixin.py:190} INFO - [2026-07-25T09:26:48.978+0000] {dag.py:4180} INFO - Setting next_dagrun for example_sensor_decorator to None, run_after=None
[2026-07-25T09:26:48.990+0000] {processor.py:208} INFO - Processing /home/airflow/.local/lib/python3.12/site-packages/airflow/example_dags/example_sensor_decorator.py took 0.161 seconds
[2026-07-25T09:27:19.032+0000] {processor.py:186} INFO - Started process (PID=136) to work on /home/airflow/.local/lib/python3.12/site-packages/airflow/example_dags/example_sensor_decorator.py
[2026-07-25T09:27:19.033+0000] {processor.py:914} INFO - Processing file /home/airflow/.local/lib/python3.12/site-packages/airflow/example_dags/example_sensor_decorator.py for tasks to queue
[2026-07-25T09:27:19.035+0000] {logging_mixin.py:190} INFO - [2026-07-25T09:27:19.035+0000] {dagbag.py:588} INFO - Filling up the DagBag from /home/airflow/.local/lib/python3.12/site-packages/airflow/example_dags/example_sensor_decorator.py
[2026-07-25T09:27:19.040+0000] {processor.py:925} INFO - DAG(s) 'example_sensor_decorator' retrieved from /home/airflow/.local/lib/python3.12/site-packages/airflow/example_dags/example_sensor_decorator.py
[2026-07-25T09:27:19.053+0000] {logging_mixin.py:190} INFO - [2026-07-25T09:27:19.053+0000] {dag.py:3239} INFO - Sync 1 DAGs
[2026-07-25T09:27:19.062+0000] {logging_mixin.py:190} INFO - [2026-07-25T09:27:19.062+0000] {dag.py:4180} INFO - Setting next_dagrun for example_sensor_decorator to None, run_after=None
[2026-07-25T09:27:19.085+0000] {processor.py:208} INFO - Processing /home/airflow/.local/lib/python3.12/site-packages/airflow/example_dags/example_sensor_decorator.py took 0.056 seconds
[2026-07-25T09:27:49.364+0000] {processor.py:186} INFO - Started process (PID=199) to work on /home/airflow/.local/lib/python3.12/site-packages/airflow/example_dags/example_sensor_decorator.py
[2026-07-25T09:27:49.365+0000] {processor.py:914} INFO - Processing file /home/airflow/.local/lib/python3.12/site-packages/airflow/example_dags/example_sensor_decorator.py for tasks to queue
[2026-07-25T09:27:49.367+0000] {logging_mixin.py:190} INFO - [2026-07-25T09:27:49.367+0000] {dagbag.py:588} INFO - Filling up the DagBag from /home/airflow/.local/lib/python3.12/site-packages/airflow/example_dags/example_sensor_decorator.py
[2026-07-25T09:27:49.372+0000] {processor.py:925} INFO - DAG(s) 'example_sensor_decorator' retrieved from /home/airflow/.local/lib/python3.12/site-packages/airflow/example_dags/example_sensor_decorator.py
[2026-07-25T09:27:49.387+0000] {logging_mixin.py:190} INFO - [2026-07-25T09:27:49.387+0000] {dag.py:3239} INFO - Sync 1 DAGs
[2026-07-25T09:27:49.397+0000] {logging_mixin.py:190} INFO - [2026-07-25T09:27:49.397+0000] {dag.py:4180} INFO - Setting next_dagrun for example_sensor_decorator to None, run_after=None
[2026-07-25T09:27:49.414+0000] {processor.py:208} INFO - Processing /home/airflow/.local/lib/python3.12/site-packages/airflow/example_dags/example_sensor_decorator.py took 0.053 seconds
[2026-07-25T09:28:19.771+0000] {processor.py:186} INFO - Started process (PID=262) to work on /home/airflow/.local/lib/python3.12/site-packages/airflow/example_dags/example_sensor_decorator.py
[2026-07-25T09:28:19.772+0000] {processor.py:914} INFO - Processing file /home/airflow/.local/lib/python3.12/site-packages/airflow/example_dags/example_sensor_decorator.py for tasks to queue
[2026-07-25T09:28:19.774+0000] {logging_mixin.py:190} INFO - [2026-07-25T09:28:19.774+0000] {dagbag.py:588} INFO - Filling up the DagBag from /home/airflow/.local/lib/python3.12/site-packages/airflow/example_dags/example_sensor_decorator.py
[2026-07-25T09:28:19.779+0000] {processor.py:925} INFO - DAG(s) 'example_sensor_decorator' retrieved from /home/airflow/.local/lib/python3.12/site-packages/airflow/example_dags/example_sensor_decorator.py
[2026-07-25T09:28:19.795+0000] {logging_mixin.py:190} INFO - [2026-07-25T09:28:19.795+0000] {dag.py:3239} INFO - Sync 1 DAGs
[2026-07-25T09:28:19.805+0000] {logging_mixin.py:190} INFO - [2026-07-25T09:28:19.805+0000] {dag.py:4180} INFO - Setting next_dagrun for example_sensor_decorator to None, run_after=None
[2026-07-25T09:28:19.818+0000] {processor.py:208} INFO - Processing /home/airflow/.local/lib/python3.12/site-packages/airflow/example_dags/example_sensor_decorator.py took 0.052 seconds
[2026-07-25T09:28:50.385+0000] {processor.py:186} INFO - Started process (PID=331) to work on /home/airflow/.local/lib/python3.12/site-packages/airflow/example_dags/example_sensor_decorator.py
[2026-07-25T09:28:50.386+0000] {processor.py:914} INFO - Processing file /home/airflow/.local/lib/python3.12/site-packages/airflow/example_dags/example_sensor_decorator.py for tasks to queue
[2026-07-25T09:28:50.388+0000] {logging_mixin.py:190} INFO - [2026-07-25T09:28:50.388+0000] {dagbag.py:588} INFO - Filling up the DagBag from /home/airflow/.local/lib/python3.12/site-packages/airflow/example_dags/example_sensor_decorator.py
[2026-07-25T09:28:50.394+0000] {processor.py:925} INFO - DAG(s) 'example_sensor_decorator' retrieved from /home/airflow/.local/lib/python3.12/site-packages/airflow/example_dags/example_sensor_decorator.py
[2026-07-25T09:28:50.408+0000] {logging_mixin.py:190} INFO - [2026-07-25T09:28:50.408+0000] {dag.py:3239} INFO - Sync 1 DAGs
[2026-07-25T09:28:50.417+0000] {logging_mixin.py:190} INFO - [2026-07-25T09:28:50.417+0000] {dag.py:4180} INFO - Setting next_dagrun for example_sensor_decorator to None, run_after=None
[2026-07-25T09:28:50.429+0000] {processor.py:208} INFO - Processing /home/airflow/.local/lib/python3.12/site-packages/airflow/example_dags/example_sensor_decorator.py took 0.048 seconds
[2026-07-25T09:29:23.453+0000] {processor.py:186} INFO - Started process (PID=394) to work on /home/airflow/.local/lib/python3.12/site-packages/airflow/example_dags/example_sensor_decorator.py
[2026-07-25T09:29:23.454+0000] {processor.py:914} INFO - Processing file /home/airflow/.local/lib/python3.12/site-packages/airflow/example_dags/example_sensor_decorator.py for tasks to queue
[2026-07-25T09:29:23.456+0000] {logging_mixin.py:190} INFO - [2026-07-25T09:29:23.456+0000] {dagbag.py:588} INFO - Filling up the DagBag from /home/airflow/.local/lib/python3.12/site-packages/airflow/example_dags/example_sensor_decorator.py
[2026-07-25T09:29:23.463+0000] {processor.py:925} INFO - DAG(s) 'example_sensor_decorator' retrieved from /home/airflow/.local/lib/python3.12/site-packages/airflow/example_dags/example_sensor_decorator.py
[2026-07-25T09:29:23.477+0000] {logging_mixin.py:190} INFO - [2026-07-25T09:29:23.477+0000] {dag.py:3239} INFO - Sync 1 DAGs
[2026-07-25T09:29:23.487+0000] {logging_mixin.py:190} INFO - [2026-07-25T09:29:23.487+0000] {dag.py:4180} INFO - Setting next_dagrun for example_sensor_decorator to None, run_after=None
[2026-07-25T09:29:23.500+0000] {processor.py:208} INFO - Processing /home/airflow/.local/lib/python3.12/site-packages/airflow/example_dags/example_sensor_decorator.py took 0.052 seconds
[2026-07-25T09:29:53.610+0000] {processor.py:186} INFO - Started process (PID=456) to work on /home/airflow/.local/lib/python3.12/site-packages/airflow/example_dags/example_sensor_decorator.py
[2026-07-25T09:29:53.612+0000] {processor.py:914} INFO - Processing file /home/airflow/.local/lib/python3.12/site-packages/airflow/example_dags/example_sensor_decorator.py for tasks to queue
[2026-07-25T09:29:53.614+0000] {logging_mixin.py:190} INFO - [2026-07-25T09:29:53.614+0000] {dagbag.py:588} INFO - Filling up the DagBag from /home/airflow/.local/lib/python3.12/site-packages/airflow/example_dags/example_sensor_decorator.py
[2026-07-25T09:29:53.620+0000] {processor.py:925} INFO - DAG(s) 'example_sensor_decorator' retrieved from /home/airflow/.local/lib/python3.12/site-packages/airflow/example_dags/example_sensor_decorator.py
[2026-07-25T09:29:53.634+0000] {logging_mixin.py:190} INFO - [2026-07-25T09:29:53.634+0000] {dag.py:3239} INFO - Sync 1 DAGs
[2026-07-25T09:29:53.644+0000] {logging_mixin.py:190} INFO - [2026-07-25T09:29:53.644+0000] {dag.py:4180} INFO - Setting next_dagrun for example_sensor_decorator to None, run_after=None
[2026-07-25T09:29:53.656+0000] {processor.py:208} INFO - Processing /home/airflow/.local/lib/python3.12/site-packages/airflow/example_dags/example_sensor_decorator.py took 0.050 seconds
[2026-07-25T09:30:24.187+0000] {processor.py:186} INFO - Started process (PID=518) to work on /home/airflow/.local/lib/python3.12/site-packages/airflow/example_dags/example_sensor_decorator.py
[2026-07-25T09:30:24.187+0000] {processor.py:914} INFO - Processing file /home/airflow/.local/lib/python3.12/site-packages/airflow/example_dags/example_sensor_decorator.py for tasks to queue
[2026-07-25T09:30:24.189+0000] {logging_mixin.py:190} INFO - [2026-07-25T09:30:24.189+0000] {dagbag.py:588} INFO - Filling up the DagBag from /home/airflow/.local/lib/python3.12/site-packages/airflow/example_dags/example_sensor_decorator.py
[2026-07-25T09:30:24.194+0000] {processor.py:925} INFO - DAG(s) 'example_sensor_decorator' retrieved from /home/airflow/.local/lib/python3.12/site-packages/airflow/example_dags/example_sensor_decorator.py
[2026-07-25T09:30:24.206+0000] {logging_mixin.py:190} INFO - [2026-07-25T09:30:24.206+0000] {dag.py:3239} INFO - Sync 1 DAGs
[2026-07-25T09:30:24.215+0000] {logging_mixin.py:190} INFO - [2026-07-25T09:30:24.215+0000] {dag.py:4180} INFO - Setting next_dagrun for example_sensor_decorator to None, run_after=None
[2026-07-25T09:30:24.232+0000] {processor.py:208} INFO - Processing /home/airflow/.local/lib/python3.12/site-packages/airflow/example_dags/example_sensor_decorator.py took 0.049 seconds
[2026-07-25T09:30:55.254+0000] {processor.py:186} INFO - Started process (PID=580) to work on /home/airflow/.local/lib/python3.12/site-packages/airflow/example_dags/example_sensor_decorator.py
[2026-07-25T09:30:55.255+0000] {processor.py:914} INFO - Processing file /home/airflow/.local/lib/python3.12/site-packages/airflow/example_dags/example_sensor_decorator.py for tasks to queue
[2026-07-25T09:30:55.257+0000] {logging_mixin.py:190} INFO - [2026-07-25T09:30:55.256+0000] {dagbag.py:588} INFO - Filling up the DagBag from /home/airflow/.local/lib/python3.12/site-packages/airflow/example_dags/example_sensor_decorator.py
[2026-07-25T09:30:55.263+0000] {processor.py:925} INFO - DAG(s) 'example_sensor_decorator' retrieved from /home/airflow/.local/lib/python3.12/site-packages/airflow/example_dags/example_sensor_decorator.py
[2026-07-25T09:30:55.277+0000] {logging_mixin.py:190} INFO - [2026-07-25T09:30:55.277+0000] {dag.py:3239} INFO - Sync 1 DAGs
[2026-07-25T09:30:55.286+0000] {logging_mixin.py:190} INFO - [2026-07-25T09:30:55.286+0000] {dag.py:4180} INFO - Setting next_dagrun for example_sensor_decorator to None, run_after=None
[2026-07-25T09:30:55.312+0000] {processor.py:208} INFO - Processing /home/airflow/.local/lib/python3.12/site-packages/airflow/example_dags/example_sensor_decorator.py took 0.062 seconds
