[2026-07-25T09:06:13.697+0000] {processor.py:186} INFO - Started process (PID=80) to work on /home/airflow/.local/lib/python3.12/site-packages/airflow/example_dags/example_time_delta_sensor_async.py
[2026-07-25T09:06:13.698+0000] {processor.py:914} INFO - Processing file /home/airflow/.local/lib/python3.12/site-packages/airflow/example_dags/example_time_delta_sensor_async.py for tasks to queue
[2026-07-25T09:06:13.701+0000] {logging_mixin.py:190} INFO - [2026-07-25T09:06:13.701+0000] {dagbag.py:588} INFO - Filling up the DagBag from /home/airflow/.local/lib/python3.12/site-packages/airflow/example_dags/example_time_delta_sensor_async.py
[2026-07-25T09:06:13.710+0000] {processor.py:925} INFO - DAG(s) 'example_time_delta_sensor_async' retrieved from /home/airflow/.local/lib/python3.12/site-packages/airflow/example_dags/example_time_delta_sensor_async.py
[2026-07-25T09:06:13.792+0000] {logging_mixin.py:190} INFO - [2026-07-25T09:06:13.791+0000] {override.py:1932} INFO - Created Permission View: can edit on DAG:example_time_delta_sensor_async
[2026-07-25T09:06:13.799+0000] {logging_mixin.py:190} INFO - [2026-07-25T09:06:13.799+0000] {override.py:1932} INFO - Created Permission View: can read on DAG:example_time_delta_sensor_async
[2026-07-25T09:06:13.804+0000] {logging_mixin.py:190} INFO - [2026-07-25T09:06:13.804+0000] {override.py:1932} INFO - Created Permission View: can delete on DAG:example_time_delta_sensor_async
[2026-07-25T09:06:13.811+0000] {logging_mixin.py:190} INFO - [2026-07-25T09:06:13.811+0000] {override.py:1932} INFO - Created Permission View: can create on DAG Run:example_time_delta_sensor_async
[2026-07-25T09:06:13.821+0000] {logging_mixin.py:190} INFO - [2026-07-25T09:06:13.821+0000] {override.py:1932} INFO - Created Permission View: can read on DAG Run:example_time_delta_sensor_async
[2026-07-25T09:06:13.833+0000] {logging_mixin.py:190} INFO - [2026-07-25T09:06:13.833+0000] {override.py:1932} INFO - Created Permission View: can delete on DAG Run:example_time_delta_sensor_async
[2026-07-25T09:06:13.839+0000] {logging_mixin.py:190} INFO - [2026-07-25T09:06:13.839+0000] {override.py:1932} INFO - Created Permission View: menu access on DAG Run:example_time_delta_sensor_async
[2026-07-25T09:06:13.840+0000] {logging_mixin.py:190} INFO - [2026-07-25T09:06:13.840+0000] {dag.py:3239} INFO - Sync 1 DAGs
[2026-07-25T09:06:13.848+0000] {logging_mixin.py:190} INFO - [2026-07-25T09:06:13.848+0000] {dag.py:3262} INFO - Creating ORM DAG for example_time_delta_sensor_async
[2026-07-25T09:06:13.849+0000] {logging_mixin.py:190} INFO - [2026-07-25T09:06:13.849+0000] {dag.py:4180} INFO - Setting next_dagrun for example_time_delta_sensor_async to None, run_after=None
[2026-07-25T09:06:13.860+0000] {processor.py:208} INFO - Processing /home/airflow/.local/lib/python3.12/site-packages/airflow/example_dags/example_time_delta_sensor_async.py took 0.169 seconds
[2026-07-25T09:06:44.731+0000] {processor.py:186} INFO - Started process (PID=142) to work on /home/airflow/.local/lib/python3.12/site-packages/airflow/example_dags/example_time_delta_sensor_async.py
[2026-07-25T09:06:44.732+0000] {processor.py:914} INFO - Processing file /home/airflow/.local/lib/python3.12/site-packages/airflow/example_dags/example_time_delta_sensor_async.py for tasks to queue
[2026-07-25T09:06:44.734+0000] {logging_mixin.py:190} INFO - [2026-07-25T09:06:44.733+0000] {dagbag.py:588} INFO - Filling up the DagBag from /home/airflow/.local/lib/python3.12/site-packages/airflow/example_dags/example_time_delta_sensor_async.py
[2026-07-25T09:06:44.739+0000] {processor.py:925} INFO - DAG(s) 'example_time_delta_sensor_async' retrieved from /home/airflow/.local/lib/python3.12/site-packages/airflow/example_dags/example_time_delta_sensor_async.py
[2026-07-25T09:06:44.751+0000] {logging_mixin.py:190} INFO - [2026-07-25T09:06:44.751+0000] {dag.py:3239} INFO - Sync 1 DAGs
[2026-07-25T09:06:44.761+0000] {logging_mixin.py:190} INFO - [2026-07-25T09:06:44.760+0000] {dag.py:4180} INFO - Setting next_dagrun for example_time_delta_sensor_async to None, run_after=None
[2026-07-25T09:06:44.776+0000] {processor.py:208} INFO - Processing /home/airflow/.local/lib/python3.12/site-packages/airflow/example_dags/example_time_delta_sensor_async.py took 0.048 seconds
[2026-07-25T09:07:14.807+0000] {processor.py:186} INFO - Started process (PID=205) to work on /home/airflow/.local/lib/python3.12/site-packages/airflow/example_dags/example_time_delta_sensor_async.py
[2026-07-25T09:07:14.807+0000] {processor.py:914} INFO - Processing file /home/airflow/.local/lib/python3.12/site-packages/airflow/example_dags/example_time_delta_sensor_async.py for tasks to queue
[2026-07-25T09:07:14.809+0000] {logging_mixin.py:190} INFO - [2026-07-25T09:07:14.809+0000] {dagbag.py:588} INFO - Filling up the DagBag from /home/airflow/.local/lib/python3.12/site-packages/airflow/example_dags/example_time_delta_sensor_async.py
[2026-07-25T09:07:14.814+0000] {processor.py:925} INFO - DAG(s) 'example_time_delta_sensor_async' retrieved from /home/airflow/.local/lib/python3.12/site-packages/airflow/example_dags/example_time_delta_sensor_async.py
[2026-07-25T09:07:14.826+0000] {logging_mixin.py:190} INFO - [2026-07-25T09:07:14.826+0000] {dag.py:3239} INFO - Sync 1 DAGs
[2026-07-25T09:07:14.835+0000] {logging_mixin.py:190} INFO - [2026-07-25T09:07:14.835+0000] {dag.py:4180} INFO - Setting next_dagrun for example_time_delta_sensor_async to None, run_after=None
[2026-07-25T09:07:14.849+0000] {processor.py:208} INFO - Processing /home/airflow/.local/lib/python3.12/site-packages/airflow/example_dags/example_time_delta_sensor_async.py took 0.046 seconds
[2026-07-25T09:07:45.243+0000] {processor.py:186} INFO - Started process (PID=274) to work on /home/airflow/.local/lib/python3.12/site-packages/airflow/example_dags/example_time_delta_sensor_async.py
[2026-07-25T09:07:45.244+0000] {processor.py:914} INFO - Processing file /home/airflow/.local/lib/python3.12/site-packages/airflow/example_dags/example_time_delta_sensor_async.py for tasks to queue
[2026-07-25T09:07:45.246+0000] {logging_mixin.py:190} INFO - [2026-07-25T09:07:45.246+0000] {dagbag.py:588} INFO - Filling up the DagBag from /home/airflow/.local/lib/python3.12/site-packages/airflow/example_dags/example_time_delta_sensor_async.py
[2026-07-25T09:07:45.252+0000] {processor.py:925} INFO - DAG(s) 'example_time_delta_sensor_async' retrieved from /home/airflow/.local/lib/python3.12/site-packages/airflow/example_dags/example_time_delta_sensor_async.py
[2026-07-25T09:07:45.267+0000] {logging_mixin.py:190} INFO - [2026-07-25T09:07:45.266+0000] {dag.py:3239} INFO - Sync 1 DAGs
[2026-07-25T09:07:45.277+0000] {logging_mixin.py:190} INFO - [2026-07-25T09:07:45.277+0000] {dag.py:4180} INFO - Setting next_dagrun for example_time_delta_sensor_async to None, run_after=None
[2026-07-25T09:07:45.289+0000] {processor.py:208} INFO - Processing /home/airflow/.local/lib/python3.12/site-packages/airflow/example_dags/example_time_delta_sensor_async.py took 0.051 seconds
[2026-07-25T09:08:15.616+0000] {processor.py:186} INFO - Started process (PID=337) to work on /home/airflow/.local/lib/python3.12/site-packages/airflow/example_dags/example_time_delta_sensor_async.py
[2026-07-25T09:08:15.617+0000] {processor.py:914} INFO - Processing file /home/airflow/.local/lib/python3.12/site-packages/airflow/example_dags/example_time_delta_sensor_async.py for tasks to queue
[2026-07-25T09:08:15.619+0000] {logging_mixin.py:190} INFO - [2026-07-25T09:08:15.619+0000] {dagbag.py:588} INFO - Filling up the DagBag from /home/airflow/.local/lib/python3.12/site-packages/airflow/example_dags/example_time_delta_sensor_async.py
[2026-07-25T09:08:15.623+0000] {processor.py:925} INFO - DAG(s) 'example_time_delta_sensor_async' retrieved from /home/airflow/.local/lib/python3.12/site-packages/airflow/example_dags/example_time_delta_sensor_async.py
[2026-07-25T09:08:15.635+0000] {logging_mixin.py:190} INFO - [2026-07-25T09:08:15.635+0000] {dag.py:3239} INFO - Sync 1 DAGs
[2026-07-25T09:08:15.643+0000] {logging_mixin.py:190} INFO - [2026-07-25T09:08:15.643+0000] {dag.py:4180} INFO - Setting next_dagrun for example_time_delta_sensor_async to None, run_after=None
[2026-07-25T09:08:15.655+0000] {processor.py:208} INFO - Processing /home/airflow/.local/lib/python3.12/site-packages/airflow/example_dags/example_time_delta_sensor_async.py took 0.042 seconds
[2026-07-25T09:08:46.563+0000] {processor.py:186} INFO - Started process (PID=400) to work on /home/airflow/.local/lib/python3.12/site-packages/airflow/example_dags/example_time_delta_sensor_async.py
[2026-07-25T09:08:46.564+0000] {processor.py:914} INFO - Processing file /home/airflow/.local/lib/python3.12/site-packages/airflow/example_dags/example_time_delta_sensor_async.py for tasks to queue
[2026-07-25T09:08:46.566+0000] {logging_mixin.py:190} INFO - [2026-07-25T09:08:46.566+0000] {dagbag.py:588} INFO - Filling up the DagBag from /home/airflow/.local/lib/python3.12/site-packages/airflow/example_dags/example_time_delta_sensor_async.py
[2026-07-25T09:08:46.572+0000] {processor.py:925} INFO - DAG(s) 'example_time_delta_sensor_async' retrieved from /home/airflow/.local/lib/python3.12/site-packages/airflow/example_dags/example_time_delta_sensor_async.py
[2026-07-25T09:08:46.586+0000] {logging_mixin.py:190} INFO - [2026-07-25T09:08:46.585+0000] {dag.py:3239} INFO - Sync 1 DAGs
[2026-07-25T09:08:46.596+0000] {logging_mixin.py:190} INFO - [2026-07-25T09:08:46.595+0000] {dag.py:4180} INFO - Setting next_dagrun for example_time_delta_sensor_async to None, run_after=None
[2026-07-25T09:08:46.607+0000] {processor.py:208} INFO - Processing /home/airflow/.local/lib/python3.12/site-packages/airflow/example_dags/example_time_delta_sensor_async.py took 0.049 seconds
[2026-07-25T09:09:20.422+0000] {processor.py:186} INFO - Started process (PID=463) to work on /home/airflow/.local/lib/python3.12/site-packages/airflow/example_dags/example_time_delta_sensor_async.py
[2026-07-25T09:09:20.423+0000] {processor.py:914} INFO - Processing file /home/airflow/.local/lib/python3.12/site-packages/airflow/example_dags/example_time_delta_sensor_async.py for tasks to queue
[2026-07-25T09:09:20.424+0000] {logging_mixin.py:190} INFO - [2026-07-25T09:09:20.424+0000] {dagbag.py:588} INFO - Filling up the DagBag from /home/airflow/.local/lib/python3.12/site-packages/airflow/example_dags/example_time_delta_sensor_async.py
[2026-07-25T09:09:20.429+0000] {processor.py:925} INFO - DAG(s) 'example_time_delta_sensor_async' retrieved from /home/airflow/.local/lib/python3.12/site-packages/airflow/example_dags/example_time_delta_sensor_async.py
[2026-07-25T09:09:20.442+0000] {logging_mixin.py:190} INFO - [2026-07-25T09:09:20.442+0000] {dag.py:3239} INFO - Sync 1 DAGs
[2026-07-25T09:09:20.450+0000] {logging_mixin.py:190} INFO - [2026-07-25T09:09:20.450+0000] {dag.py:4180} INFO - Setting next_dagrun for example_time_delta_sensor_async to None, run_after=None
[2026-07-25T09:09:20.461+0000] {processor.py:208} INFO - Processing /home/airflow/.local/lib/python3.12/site-packages/airflow/example_dags/example_time_delta_sensor_async.py took 0.043 seconds
[2026-07-25T09:09:54.464+0000] {processor.py:186} INFO - Started process (PID=526) to work on /home/airflow/.local/lib/python3.12/site-packages/airflow/example_dags/example_time_delta_sensor_async.py
[2026-07-25T09:09:54.465+0000] {processor.py:914} INFO - Processing file /home/airflow/.local/lib/python3.12/site-packages/airflow/example_dags/example_time_delta_sensor_async.py for tasks to queue
[2026-07-25T09:09:54.466+0000] {logging_mixin.py:190} INFO - [2026-07-25T09:09:54.466+0000] {dagbag.py:588} INFO - Filling up the DagBag from /home/airflow/.local/lib/python3.12/site-packages/airflow/example_dags/example_time_delta_sensor_async.py
[2026-07-25T09:09:54.471+0000] {processor.py:925} INFO - DAG(s) 'example_time_delta_sensor_async' retrieved from /home/airflow/.local/lib/python3.12/site-packages/airflow/example_dags/example_time_delta_sensor_async.py
[2026-07-25T09:09:54.484+0000] {logging_mixin.py:190} INFO - [2026-07-25T09:09:54.484+0000] {dag.py:3239} INFO - Sync 1 DAGs
[2026-07-25T09:09:54.493+0000] {logging_mixin.py:190} INFO - [2026-07-25T09:09:54.493+0000] {dag.py:4180} INFO - Setting next_dagrun for example_time_delta_sensor_async to None, run_after=None
[2026-07-25T09:09:54.504+0000] {processor.py:208} INFO - Processing /home/airflow/.local/lib/python3.12/site-packages/airflow/example_dags/example_time_delta_sensor_async.py took 0.044 seconds
[2026-07-25T09:10:24.705+0000] {processor.py:186} INFO - Started process (PID=587) to work on /home/airflow/.local/lib/python3.12/site-packages/airflow/example_dags/example_time_delta_sensor_async.py
[2026-07-25T09:10:24.706+0000] {processor.py:914} INFO - Processing file /home/airflow/.local/lib/python3.12/site-packages/airflow/example_dags/example_time_delta_sensor_async.py for tasks to queue
[2026-07-25T09:10:24.708+0000] {logging_mixin.py:190} INFO - [2026-07-25T09:10:24.708+0000] {dagbag.py:588} INFO - Filling up the DagBag from /home/airflow/.local/lib/python3.12/site-packages/airflow/example_dags/example_time_delta_sensor_async.py
[2026-07-25T09:10:24.713+0000] {processor.py:925} INFO - DAG(s) 'example_time_delta_sensor_async' retrieved from /home/airflow/.local/lib/python3.12/site-packages/airflow/example_dags/example_time_delta_sensor_async.py
[2026-07-25T09:10:24.726+0000] {logging_mixin.py:190} INFO - [2026-07-25T09:10:24.725+0000] {dag.py:3239} INFO - Sync 1 DAGs
[2026-07-25T09:10:24.734+0000] {logging_mixin.py:190} INFO - [2026-07-25T09:10:24.734+0000] {dag.py:4180} INFO - Setting next_dagrun for example_time_delta_sensor_async to None, run_after=None
[2026-07-25T09:10:24.746+0000] {processor.py:208} INFO - Processing /home/airflow/.local/lib/python3.12/site-packages/airflow/example_dags/example_time_delta_sensor_async.py took 0.045 seconds
[2026-07-25T09:10:55.471+0000] {processor.py:186} INFO - Started process (PID=650) to work on /home/airflow/.local/lib/python3.12/site-packages/airflow/example_dags/example_time_delta_sensor_async.py
[2026-07-25T09:10:55.472+0000] {processor.py:914} INFO - Processing file /home/airflow/.local/lib/python3.12/site-packages/airflow/example_dags/example_time_delta_sensor_async.py for tasks to queue
[2026-07-25T09:10:55.475+0000] {logging_mixin.py:190} INFO - [2026-07-25T09:10:55.475+0000] {dagbag.py:588} INFO - Filling up the DagBag from /home/airflow/.local/lib/python3.12/site-packages/airflow/example_dags/example_time_delta_sensor_async.py
[2026-07-25T09:10:55.480+0000] {processor.py:925} INFO - DAG(s) 'example_time_delta_sensor_async' retrieved from /home/airflow/.local/lib/python3.12/site-packages/airflow/example_dags/example_time_delta_sensor_async.py
[2026-07-25T09:10:55.492+0000] {logging_mixin.py:190} INFO - [2026-07-25T09:10:55.492+0000] {dag.py:3239} INFO - Sync 1 DAGs
[2026-07-25T09:10:55.501+0000] {logging_mixin.py:190} INFO - [2026-07-25T09:10:55.501+0000] {dag.py:4180} INFO - Setting next_dagrun for example_time_delta_sensor_async to None, run_after=None
[2026-07-25T09:10:55.513+0000] {processor.py:208} INFO - Processing /home/airflow/.local/lib/python3.12/site-packages/airflow/example_dags/example_time_delta_sensor_async.py took 0.046 seconds
[2026-07-25T09:11:25.925+0000] {processor.py:186} INFO - Started process (PID=711) to work on /home/airflow/.local/lib/python3.12/site-packages/airflow/example_dags/example_time_delta_sensor_async.py
[2026-07-25T09:11:25.926+0000] {processor.py:914} INFO - Processing file /home/airflow/.local/lib/python3.12/site-packages/airflow/example_dags/example_time_delta_sensor_async.py for tasks to queue
[2026-07-25T09:11:25.928+0000] {logging_mixin.py:190} INFO - [2026-07-25T09:11:25.928+0000] {dagbag.py:588} INFO - Filling up the DagBag from /home/airflow/.local/lib/python3.12/site-packages/airflow/example_dags/example_time_delta_sensor_async.py
[2026-07-25T09:11:25.932+0000] {processor.py:925} INFO - DAG(s) 'example_time_delta_sensor_async' retrieved from /home/airflow/.local/lib/python3.12/site-packages/airflow/example_dags/example_time_delta_sensor_async.py
[2026-07-25T09:11:25.944+0000] {logging_mixin.py:190} INFO - [2026-07-25T09:11:25.944+0000] {dag.py:3239} INFO - Sync 1 DAGs
[2026-07-25T09:11:25.952+0000] {logging_mixin.py:190} INFO - [2026-07-25T09:11:25.952+0000] {dag.py:4180} INFO - Setting next_dagrun for example_time_delta_sensor_async to None, run_after=None
[2026-07-25T09:11:25.964+0000] {processor.py:208} INFO - Processing /home/airflow/.local/lib/python3.12/site-packages/airflow/example_dags/example_time_delta_sensor_async.py took 0.042 seconds
[2026-07-25T09:11:56.353+0000] {processor.py:186} INFO - Started process (PID=774) to work on /home/airflow/.local/lib/python3.12/site-packages/airflow/example_dags/example_time_delta_sensor_async.py
[2026-07-25T09:11:56.354+0000] {processor.py:914} INFO - Processing file /home/airflow/.local/lib/python3.12/site-packages/airflow/example_dags/example_time_delta_sensor_async.py for tasks to queue
[2026-07-25T09:11:56.356+0000] {logging_mixin.py:190} INFO - [2026-07-25T09:11:56.356+0000] {dagbag.py:588} INFO - Filling up the DagBag from /home/airflow/.local/lib/python3.12/site-packages/airflow/example_dags/example_time_delta_sensor_async.py
[2026-07-25T09:11:56.360+0000] {processor.py:925} INFO - DAG(s) 'example_time_delta_sensor_async' retrieved from /home/airflow/.local/lib/python3.12/site-packages/airflow/example_dags/example_time_delta_sensor_async.py
[2026-07-25T09:11:56.375+0000] {logging_mixin.py:190} INFO - [2026-07-25T09:11:56.375+0000] {dag.py:3239} INFO - Sync 1 DAGs
[2026-07-25T09:11:56.386+0000] {logging_mixin.py:190} INFO - [2026-07-25T09:11:56.386+0000] {dag.py:4180} INFO - Setting next_dagrun for example_time_delta_sensor_async to None, run_after=None
[2026-07-25T09:11:56.398+0000] {processor.py:208} INFO - Processing /home/airflow/.local/lib/python3.12/site-packages/airflow/example_dags/example_time_delta_sensor_async.py took 0.049 seconds
[2026-07-25T09:12:27.145+0000] {processor.py:186} INFO - Started process (PID=837) to work on /home/airflow/.local/lib/python3.12/site-packages/airflow/example_dags/example_time_delta_sensor_async.py
[2026-07-25T09:12:27.146+0000] {processor.py:914} INFO - Processing file /home/airflow/.local/lib/python3.12/site-packages/airflow/example_dags/example_time_delta_sensor_async.py for tasks to queue
[2026-07-25T09:12:27.148+0000] {logging_mixin.py:190} INFO - [2026-07-25T09:12:27.148+0000] {dagbag.py:588} INFO - Filling up the DagBag from /home/airflow/.local/lib/python3.12/site-packages/airflow/example_dags/example_time_delta_sensor_async.py
[2026-07-25T09:12:27.152+0000] {processor.py:925} INFO - DAG(s) 'example_time_delta_sensor_async' retrieved from /home/airflow/.local/lib/python3.12/site-packages/airflow/example_dags/example_time_delta_sensor_async.py
[2026-07-25T09:12:27.166+0000] {logging_mixin.py:190} INFO - [2026-07-25T09:12:27.166+0000] {dag.py:3239} INFO - Sync 1 DAGs
[2026-07-25T09:12:27.175+0000] {logging_mixin.py:190} INFO - [2026-07-25T09:12:27.175+0000] {dag.py:4180} INFO - Setting next_dagrun for example_time_delta_sensor_async to None, run_after=None
[2026-07-25T09:12:27.188+0000] {processor.py:208} INFO - Processing /home/airflow/.local/lib/python3.12/site-packages/airflow/example_dags/example_time_delta_sensor_async.py took 0.046 seconds
[2026-07-25T09:12:57.252+0000] {processor.py:186} INFO - Started process (PID=899) to work on /home/airflow/.local/lib/python3.12/site-packages/airflow/example_dags/example_time_delta_sensor_async.py
[2026-07-25T09:12:57.252+0000] {processor.py:914} INFO - Processing file /home/airflow/.local/lib/python3.12/site-packages/airflow/example_dags/example_time_delta_sensor_async.py for tasks to queue
[2026-07-25T09:12:57.254+0000] {logging_mixin.py:190} INFO - [2026-07-25T09:12:57.254+0000] {dagbag.py:588} INFO - Filling up the DagBag from /home/airflow/.local/lib/python3.12/site-packages/airflow/example_dags/example_time_delta_sensor_async.py
[2026-07-25T09:12:57.259+0000] {processor.py:925} INFO - DAG(s) 'example_time_delta_sensor_async' retrieved from /home/airflow/.local/lib/python3.12/site-packages/airflow/example_dags/example_time_delta_sensor_async.py
[2026-07-25T09:12:57.272+0000] {logging_mixin.py:190} INFO - [2026-07-25T09:12:57.272+0000] {dag.py:3239} INFO - Sync 1 DAGs
[2026-07-25T09:12:57.280+0000] {logging_mixin.py:190} INFO - [2026-07-25T09:12:57.280+0000] {dag.py:4180} INFO - Setting next_dagrun for example_time_delta_sensor_async to None, run_after=None
[2026-07-25T09:12:57.292+0000] {processor.py:208} INFO - Processing /home/airflow/.local/lib/python3.12/site-packages/airflow/example_dags/example_time_delta_sensor_async.py took 0.044 seconds
[2026-07-25T09:13:27.880+0000] {processor.py:186} INFO - Started process (PID=962) to work on /home/airflow/.local/lib/python3.12/site-packages/airflow/example_dags/example_time_delta_sensor_async.py
[2026-07-25T09:13:27.881+0000] {processor.py:914} INFO - Processing file /home/airflow/.local/lib/python3.12/site-packages/airflow/example_dags/example_time_delta_sensor_async.py for tasks to queue
[2026-07-25T09:13:27.882+0000] {logging_mixin.py:190} INFO - [2026-07-25T09:13:27.882+0000] {dagbag.py:588} INFO - Filling up the DagBag from /home/airflow/.local/lib/python3.12/site-packages/airflow/example_dags/example_time_delta_sensor_async.py
[2026-07-25T09:13:27.887+0000] {processor.py:925} INFO - DAG(s) 'example_time_delta_sensor_async' retrieved from /home/airflow/.local/lib/python3.12/site-packages/airflow/example_dags/example_time_delta_sensor_async.py
[2026-07-25T09:13:27.899+0000] {logging_mixin.py:190} INFO - [2026-07-25T09:13:27.899+0000] {dag.py:3239} INFO - Sync 1 DAGs
[2026-07-25T09:13:27.907+0000] {logging_mixin.py:190} INFO - [2026-07-25T09:13:27.907+0000] {dag.py:4180} INFO - Setting next_dagrun for example_time_delta_sensor_async to None, run_after=None
[2026-07-25T09:13:27.919+0000] {processor.py:208} INFO - Processing /home/airflow/.local/lib/python3.12/site-packages/airflow/example_dags/example_time_delta_sensor_async.py took 0.042 seconds
[2026-07-25T09:13:59.496+0000] {processor.py:186} INFO - Started process (PID=1025) to work on /home/airflow/.local/lib/python3.12/site-packages/airflow/example_dags/example_time_delta_sensor_async.py
[2026-07-25T09:13:59.497+0000] {processor.py:914} INFO - Processing file /home/airflow/.local/lib/python3.12/site-packages/airflow/example_dags/example_time_delta_sensor_async.py for tasks to queue
[2026-07-25T09:13:59.499+0000] {logging_mixin.py:190} INFO - [2026-07-25T09:13:59.498+0000] {dagbag.py:588} INFO - Filling up the DagBag from /home/airflow/.local/lib/python3.12/site-packages/airflow/example_dags/example_time_delta_sensor_async.py
[2026-07-25T09:13:59.504+0000] {processor.py:925} INFO - DAG(s) 'example_time_delta_sensor_async' retrieved from /home/airflow/.local/lib/python3.12/site-packages/airflow/example_dags/example_time_delta_sensor_async.py
[2026-07-25T09:13:59.519+0000] {logging_mixin.py:190} INFO - [2026-07-25T09:13:59.519+0000] {dag.py:3239} INFO - Sync 1 DAGs
[2026-07-25T09:13:59.528+0000] {logging_mixin.py:190} INFO - [2026-07-25T09:13:59.527+0000] {dag.py:4180} INFO - Setting next_dagrun for example_time_delta_sensor_async to None, run_after=None
[2026-07-25T09:13:59.539+0000] {processor.py:208} INFO - Processing /home/airflow/.local/lib/python3.12/site-packages/airflow/example_dags/example_time_delta_sensor_async.py took 0.047 seconds
[2026-07-25T09:14:29.932+0000] {processor.py:186} INFO - Started process (PID=1083) to work on /home/airflow/.local/lib/python3.12/site-packages/airflow/example_dags/example_time_delta_sensor_async.py
[2026-07-25T09:14:29.933+0000] {processor.py:914} INFO - Processing file /home/airflow/.local/lib/python3.12/site-packages/airflow/example_dags/example_time_delta_sensor_async.py for tasks to queue
[2026-07-25T09:14:29.935+0000] {logging_mixin.py:190} INFO - [2026-07-25T09:14:29.935+0000] {dagbag.py:588} INFO - Filling up the DagBag from /home/airflow/.local/lib/python3.12/site-packages/airflow/example_dags/example_time_delta_sensor_async.py
[2026-07-25T09:14:29.939+0000] {processor.py:925} INFO - DAG(s) 'example_time_delta_sensor_async' retrieved from /home/airflow/.local/lib/python3.12/site-packages/airflow/example_dags/example_time_delta_sensor_async.py
[2026-07-25T09:14:29.952+0000] {logging_mixin.py:190} INFO - [2026-07-25T09:14:29.951+0000] {dag.py:3239} INFO - Sync 1 DAGs
[2026-07-25T09:14:29.960+0000] {logging_mixin.py:190} INFO - [2026-07-25T09:14:29.960+0000] {dag.py:4180} INFO - Setting next_dagrun for example_time_delta_sensor_async to None, run_after=None
[2026-07-25T09:14:29.971+0000] {processor.py:208} INFO - Processing /home/airflow/.local/lib/python3.12/site-packages/airflow/example_dags/example_time_delta_sensor_async.py took 0.042 seconds
[2026-07-25T09:15:33.576+0000] {processor.py:186} INFO - Started process (PID=80) to work on /home/airflow/.local/lib/python3.12/site-packages/airflow/example_dags/example_time_delta_sensor_async.py
[2026-07-25T09:15:33.578+0000] {processor.py:914} INFO - Processing file /home/airflow/.local/lib/python3.12/site-packages/airflow/example_dags/example_time_delta_sensor_async.py for tasks to queue
[2026-07-25T09:15:33.582+0000] {logging_mixin.py:190} INFO - [2026-07-25T09:15:33.581+0000] {dagbag.py:588} INFO - Filling up the DagBag from /home/airflow/.local/lib/python3.12/site-packages/airflow/example_dags/example_time_delta_sensor_async.py
[2026-07-25T09:15:33.590+0000] {processor.py:925} INFO - DAG(s) 'example_time_delta_sensor_async' retrieved from /home/airflow/.local/lib/python3.12/site-packages/airflow/example_dags/example_time_delta_sensor_async.py
[2026-07-25T09:15:33.620+0000] {logging_mixin.py:190} INFO - [2026-07-25T09:15:33.619+0000] {dag.py:3239} INFO - Sync 1 DAGs
[2026-07-25T09:15:33.636+0000] {logging_mixin.py:190} INFO - [2026-07-25T09:15:33.636+0000] {dag.py:4180} INFO - Setting next_dagrun for example_time_delta_sensor_async to None, run_after=None
[2026-07-25T09:15:33.652+0000] {processor.py:208} INFO - Processing /home/airflow/.local/lib/python3.12/site-packages/airflow/example_dags/example_time_delta_sensor_async.py took 0.084 seconds
[2026-07-25T09:16:04.645+0000] {processor.py:186} INFO - Started process (PID=142) to work on /home/airflow/.local/lib/python3.12/site-packages/airflow/example_dags/example_time_delta_sensor_async.py
[2026-07-25T09:16:04.646+0000] {processor.py:914} INFO - Processing file /home/airflow/.local/lib/python3.12/site-packages/airflow/example_dags/example_time_delta_sensor_async.py for tasks to queue
[2026-07-25T09:16:04.648+0000] {logging_mixin.py:190} INFO - [2026-07-25T09:16:04.648+0000] {dagbag.py:588} INFO - Filling up the DagBag from /home/airflow/.local/lib/python3.12/site-packages/airflow/example_dags/example_time_delta_sensor_async.py
[2026-07-25T09:16:04.653+0000] {processor.py:925} INFO - DAG(s) 'example_time_delta_sensor_async' retrieved from /home/airflow/.local/lib/python3.12/site-packages/airflow/example_dags/example_time_delta_sensor_async.py
[2026-07-25T09:16:04.666+0000] {logging_mixin.py:190} INFO - [2026-07-25T09:16:04.665+0000] {dag.py:3239} INFO - Sync 1 DAGs
[2026-07-25T09:16:04.674+0000] {logging_mixin.py:190} INFO - [2026-07-25T09:16:04.674+0000] {dag.py:4180} INFO - Setting next_dagrun for example_time_delta_sensor_async to None, run_after=None
[2026-07-25T09:16:04.685+0000] {processor.py:208} INFO - Processing /home/airflow/.local/lib/python3.12/site-packages/airflow/example_dags/example_time_delta_sensor_async.py took 0.043 seconds
[2026-07-25T09:16:35.439+0000] {processor.py:186} INFO - Started process (PID=205) to work on /home/airflow/.local/lib/python3.12/site-packages/airflow/example_dags/example_time_delta_sensor_async.py
[2026-07-25T09:16:35.440+0000] {processor.py:914} INFO - Processing file /home/airflow/.local/lib/python3.12/site-packages/airflow/example_dags/example_time_delta_sensor_async.py for tasks to queue
[2026-07-25T09:16:35.442+0000] {logging_mixin.py:190} INFO - [2026-07-25T09:16:35.442+0000] {dagbag.py:588} INFO - Filling up the DagBag from /home/airflow/.local/lib/python3.12/site-packages/airflow/example_dags/example_time_delta_sensor_async.py
[2026-07-25T09:16:35.446+0000] {processor.py:925} INFO - DAG(s) 'example_time_delta_sensor_async' retrieved from /home/airflow/.local/lib/python3.12/site-packages/airflow/example_dags/example_time_delta_sensor_async.py
[2026-07-25T09:16:35.460+0000] {logging_mixin.py:190} INFO - [2026-07-25T09:16:35.460+0000] {dag.py:3239} INFO - Sync 1 DAGs
[2026-07-25T09:16:35.470+0000] {logging_mixin.py:190} INFO - [2026-07-25T09:16:35.470+0000] {dag.py:4180} INFO - Setting next_dagrun for example_time_delta_sensor_async to None, run_after=None
[2026-07-25T09:16:35.482+0000] {processor.py:208} INFO - Processing /home/airflow/.local/lib/python3.12/site-packages/airflow/example_dags/example_time_delta_sensor_async.py took 0.046 seconds
[2026-07-25T09:17:06.099+0000] {processor.py:186} INFO - Started process (PID=268) to work on /home/airflow/.local/lib/python3.12/site-packages/airflow/example_dags/example_time_delta_sensor_async.py
[2026-07-25T09:17:06.100+0000] {processor.py:914} INFO - Processing file /home/airflow/.local/lib/python3.12/site-packages/airflow/example_dags/example_time_delta_sensor_async.py for tasks to queue
[2026-07-25T09:17:06.101+0000] {logging_mixin.py:190} INFO - [2026-07-25T09:17:06.101+0000] {dagbag.py:588} INFO - Filling up the DagBag from /home/airflow/.local/lib/python3.12/site-packages/airflow/example_dags/example_time_delta_sensor_async.py
[2026-07-25T09:17:06.106+0000] {processor.py:925} INFO - DAG(s) 'example_time_delta_sensor_async' retrieved from /home/airflow/.local/lib/python3.12/site-packages/airflow/example_dags/example_time_delta_sensor_async.py
[2026-07-25T09:17:06.122+0000] {logging_mixin.py:190} INFO - [2026-07-25T09:17:06.122+0000] {dag.py:3239} INFO - Sync 1 DAGs
[2026-07-25T09:17:06.132+0000] {logging_mixin.py:190} INFO - [2026-07-25T09:17:06.132+0000] {dag.py:4180} INFO - Setting next_dagrun for example_time_delta_sensor_async to None, run_after=None
[2026-07-25T09:17:06.144+0000] {processor.py:208} INFO - Processing /home/airflow/.local/lib/python3.12/site-packages/airflow/example_dags/example_time_delta_sensor_async.py took 0.049 seconds
[2026-07-25T09:17:36.499+0000] {processor.py:186} INFO - Started process (PID=331) to work on /home/airflow/.local/lib/python3.12/site-packages/airflow/example_dags/example_time_delta_sensor_async.py
[2026-07-25T09:17:36.500+0000] {processor.py:914} INFO - Processing file /home/airflow/.local/lib/python3.12/site-packages/airflow/example_dags/example_time_delta_sensor_async.py for tasks to queue
[2026-07-25T09:17:36.502+0000] {logging_mixin.py:190} INFO - [2026-07-25T09:17:36.502+0000] {dagbag.py:588} INFO - Filling up the DagBag from /home/airflow/.local/lib/python3.12/site-packages/airflow/example_dags/example_time_delta_sensor_async.py
[2026-07-25T09:17:36.506+0000] {processor.py:925} INFO - DAG(s) 'example_time_delta_sensor_async' retrieved from /home/airflow/.local/lib/python3.12/site-packages/airflow/example_dags/example_time_delta_sensor_async.py
[2026-07-25T09:17:36.519+0000] {logging_mixin.py:190} INFO - [2026-07-25T09:17:36.519+0000] {dag.py:3239} INFO - Sync 1 DAGs
[2026-07-25T09:17:36.528+0000] {logging_mixin.py:190} INFO - [2026-07-25T09:17:36.528+0000] {dag.py:4180} INFO - Setting next_dagrun for example_time_delta_sensor_async to None, run_after=None
[2026-07-25T09:17:36.539+0000] {processor.py:208} INFO - Processing /home/airflow/.local/lib/python3.12/site-packages/airflow/example_dags/example_time_delta_sensor_async.py took 0.044 seconds
[2026-07-25T09:18:06.906+0000] {processor.py:186} INFO - Started process (PID=400) to work on /home/airflow/.local/lib/python3.12/site-packages/airflow/example_dags/example_time_delta_sensor_async.py
[2026-07-25T09:18:06.907+0000] {processor.py:914} INFO - Processing file /home/airflow/.local/lib/python3.12/site-packages/airflow/example_dags/example_time_delta_sensor_async.py for tasks to queue
[2026-07-25T09:18:06.909+0000] {logging_mixin.py:190} INFO - [2026-07-25T09:18:06.909+0000] {dagbag.py:588} INFO - Filling up the DagBag from /home/airflow/.local/lib/python3.12/site-packages/airflow/example_dags/example_time_delta_sensor_async.py
[2026-07-25T09:18:06.915+0000] {processor.py:925} INFO - DAG(s) 'example_time_delta_sensor_async' retrieved from /home/airflow/.local/lib/python3.12/site-packages/airflow/example_dags/example_time_delta_sensor_async.py
[2026-07-25T09:18:06.929+0000] {logging_mixin.py:190} INFO - [2026-07-25T09:18:06.929+0000] {dag.py:3239} INFO - Sync 1 DAGs
[2026-07-25T09:18:06.939+0000] {logging_mixin.py:190} INFO - [2026-07-25T09:18:06.939+0000] {dag.py:4180} INFO - Setting next_dagrun for example_time_delta_sensor_async to None, run_after=None
[2026-07-25T09:18:06.951+0000] {processor.py:208} INFO - Processing /home/airflow/.local/lib/python3.12/site-packages/airflow/example_dags/example_time_delta_sensor_async.py took 0.049 seconds
[2026-07-25T09:18:37.973+0000] {processor.py:186} INFO - Started process (PID=463) to work on /home/airflow/.local/lib/python3.12/site-packages/airflow/example_dags/example_time_delta_sensor_async.py
[2026-07-25T09:18:37.974+0000] {processor.py:914} INFO - Processing file /home/airflow/.local/lib/python3.12/site-packages/airflow/example_dags/example_time_delta_sensor_async.py for tasks to queue
[2026-07-25T09:18:37.977+0000] {logging_mixin.py:190} INFO - [2026-07-25T09:18:37.977+0000] {dagbag.py:588} INFO - Filling up the DagBag from /home/airflow/.local/lib/python3.12/site-packages/airflow/example_dags/example_time_delta_sensor_async.py
[2026-07-25T09:18:37.983+0000] {processor.py:925} INFO - DAG(s) 'example_time_delta_sensor_async' retrieved from /home/airflow/.local/lib/python3.12/site-packages/airflow/example_dags/example_time_delta_sensor_async.py
[2026-07-25T09:18:37.999+0000] {logging_mixin.py:190} INFO - [2026-07-25T09:18:37.999+0000] {dag.py:3239} INFO - Sync 1 DAGs
[2026-07-25T09:18:38.010+0000] {logging_mixin.py:190} INFO - [2026-07-25T09:18:38.010+0000] {dag.py:4180} INFO - Setting next_dagrun for example_time_delta_sensor_async to None, run_after=None
[2026-07-25T09:18:38.024+0000] {processor.py:208} INFO - Processing /home/airflow/.local/lib/python3.12/site-packages/airflow/example_dags/example_time_delta_sensor_async.py took 0.055 seconds
[2026-07-25T09:19:08.859+0000] {processor.py:186} INFO - Started process (PID=524) to work on /home/airflow/.local/lib/python3.12/site-packages/airflow/example_dags/example_time_delta_sensor_async.py
[2026-07-25T09:19:08.860+0000] {processor.py:914} INFO - Processing file /home/airflow/.local/lib/python3.12/site-packages/airflow/example_dags/example_time_delta_sensor_async.py for tasks to queue
[2026-07-25T09:19:08.863+0000] {logging_mixin.py:190} INFO - [2026-07-25T09:19:08.862+0000] {dagbag.py:588} INFO - Filling up the DagBag from /home/airflow/.local/lib/python3.12/site-packages/airflow/example_dags/example_time_delta_sensor_async.py
[2026-07-25T09:19:08.869+0000] {processor.py:925} INFO - DAG(s) 'example_time_delta_sensor_async' retrieved from /home/airflow/.local/lib/python3.12/site-packages/airflow/example_dags/example_time_delta_sensor_async.py
[2026-07-25T09:19:08.885+0000] {logging_mixin.py:190} INFO - [2026-07-25T09:19:08.885+0000] {dag.py:3239} INFO - Sync 1 DAGs
[2026-07-25T09:19:08.895+0000] {logging_mixin.py:190} INFO - [2026-07-25T09:19:08.895+0000] {dag.py:4180} INFO - Setting next_dagrun for example_time_delta_sensor_async to None, run_after=None
[2026-07-25T09:19:08.909+0000] {processor.py:208} INFO - Processing /home/airflow/.local/lib/python3.12/site-packages/airflow/example_dags/example_time_delta_sensor_async.py took 0.054 seconds
[2026-07-25T09:20:44.954+0000] {processor.py:186} INFO - Started process (PID=80) to work on /home/airflow/.local/lib/python3.12/site-packages/airflow/example_dags/example_time_delta_sensor_async.py
[2026-07-25T09:20:44.956+0000] {processor.py:914} INFO - Processing file /home/airflow/.local/lib/python3.12/site-packages/airflow/example_dags/example_time_delta_sensor_async.py for tasks to queue
[2026-07-25T09:20:44.959+0000] {logging_mixin.py:190} INFO - [2026-07-25T09:20:44.959+0000] {dagbag.py:588} INFO - Filling up the DagBag from /home/airflow/.local/lib/python3.12/site-packages/airflow/example_dags/example_time_delta_sensor_async.py
[2026-07-25T09:20:44.967+0000] {processor.py:925} INFO - DAG(s) 'example_time_delta_sensor_async' retrieved from /home/airflow/.local/lib/python3.12/site-packages/airflow/example_dags/example_time_delta_sensor_async.py
[2026-07-25T09:20:45.000+0000] {logging_mixin.py:190} INFO - [2026-07-25T09:20:44.999+0000] {dag.py:3239} INFO - Sync 1 DAGs
[2026-07-25T09:20:45.018+0000] {logging_mixin.py:190} INFO - [2026-07-25T09:20:45.018+0000] {dag.py:4180} INFO - Setting next_dagrun for example_time_delta_sensor_async to None, run_after=None
[2026-07-25T09:20:45.035+0000] {processor.py:208} INFO - Processing /home/airflow/.local/lib/python3.12/site-packages/airflow/example_dags/example_time_delta_sensor_async.py took 0.086 seconds
[2026-07-25T09:21:15.722+0000] {processor.py:186} INFO - Started process (PID=142) to work on /home/airflow/.local/lib/python3.12/site-packages/airflow/example_dags/example_time_delta_sensor_async.py
[2026-07-25T09:21:15.723+0000] {processor.py:914} INFO - Processing file /home/airflow/.local/lib/python3.12/site-packages/airflow/example_dags/example_time_delta_sensor_async.py for tasks to queue
[2026-07-25T09:21:15.726+0000] {logging_mixin.py:190} INFO - [2026-07-25T09:21:15.725+0000] {dagbag.py:588} INFO - Filling up the DagBag from /home/airflow/.local/lib/python3.12/site-packages/airflow/example_dags/example_time_delta_sensor_async.py
[2026-07-25T09:21:15.731+0000] {processor.py:925} INFO - DAG(s) 'example_time_delta_sensor_async' retrieved from /home/airflow/.local/lib/python3.12/site-packages/airflow/example_dags/example_time_delta_sensor_async.py
[2026-07-25T09:21:15.746+0000] {logging_mixin.py:190} INFO - [2026-07-25T09:21:15.746+0000] {dag.py:3239} INFO - Sync 1 DAGs
[2026-07-25T09:21:15.754+0000] {logging_mixin.py:190} INFO - [2026-07-25T09:21:15.754+0000] {dag.py:4180} INFO - Setting next_dagrun for example_time_delta_sensor_async to None, run_after=None
[2026-07-25T09:21:15.766+0000] {processor.py:208} INFO - Processing /home/airflow/.local/lib/python3.12/site-packages/airflow/example_dags/example_time_delta_sensor_async.py took 0.049 seconds
[2026-07-25T09:21:45.863+0000] {processor.py:186} INFO - Started process (PID=205) to work on /home/airflow/.local/lib/python3.12/site-packages/airflow/example_dags/example_time_delta_sensor_async.py
[2026-07-25T09:21:45.865+0000] {processor.py:914} INFO - Processing file /home/airflow/.local/lib/python3.12/site-packages/airflow/example_dags/example_time_delta_sensor_async.py for tasks to queue
[2026-07-25T09:21:45.868+0000] {logging_mixin.py:190} INFO - [2026-07-25T09:21:45.868+0000] {dagbag.py:588} INFO - Filling up the DagBag from /home/airflow/.local/lib/python3.12/site-packages/airflow/example_dags/example_time_delta_sensor_async.py
[2026-07-25T09:21:45.876+0000] {processor.py:925} INFO - DAG(s) 'example_time_delta_sensor_async' retrieved from /home/airflow/.local/lib/python3.12/site-packages/airflow/example_dags/example_time_delta_sensor_async.py
[2026-07-25T09:21:45.893+0000] {logging_mixin.py:190} INFO - [2026-07-25T09:21:45.893+0000] {dag.py:3239} INFO - Sync 1 DAGs
[2026-07-25T09:21:45.905+0000] {logging_mixin.py:190} INFO - [2026-07-25T09:21:45.905+0000] {dag.py:4180} INFO - Setting next_dagrun for example_time_delta_sensor_async to None, run_after=None
[2026-07-25T09:21:45.918+0000] {processor.py:208} INFO - Processing /home/airflow/.local/lib/python3.12/site-packages/airflow/example_dags/example_time_delta_sensor_async.py took 0.061 seconds
[2026-07-25T09:22:16.311+0000] {processor.py:186} INFO - Started process (PID=274) to work on /home/airflow/.local/lib/python3.12/site-packages/airflow/example_dags/example_time_delta_sensor_async.py
[2026-07-25T09:22:16.312+0000] {processor.py:914} INFO - Processing file /home/airflow/.local/lib/python3.12/site-packages/airflow/example_dags/example_time_delta_sensor_async.py for tasks to queue
[2026-07-25T09:22:16.314+0000] {logging_mixin.py:190} INFO - [2026-07-25T09:22:16.314+0000] {dagbag.py:588} INFO - Filling up the DagBag from /home/airflow/.local/lib/python3.12/site-packages/airflow/example_dags/example_time_delta_sensor_async.py
[2026-07-25T09:22:16.318+0000] {processor.py:925} INFO - DAG(s) 'example_time_delta_sensor_async' retrieved from /home/airflow/.local/lib/python3.12/site-packages/airflow/example_dags/example_time_delta_sensor_async.py
[2026-07-25T09:22:16.331+0000] {logging_mixin.py:190} INFO - [2026-07-25T09:22:16.331+0000] {dag.py:3239} INFO - Sync 1 DAGs
[2026-07-25T09:22:16.340+0000] {logging_mixin.py:190} INFO - [2026-07-25T09:22:16.339+0000] {dag.py:4180} INFO - Setting next_dagrun for example_time_delta_sensor_async to None, run_after=None
[2026-07-25T09:22:16.351+0000] {processor.py:208} INFO - Processing /home/airflow/.local/lib/python3.12/site-packages/airflow/example_dags/example_time_delta_sensor_async.py took 0.043 seconds
[2026-07-25T09:23:56.849+0000] {processor.py:186} INFO - Started process (PID=80) to work on /home/airflow/.local/lib/python3.12/site-packages/airflow/example_dags/example_time_delta_sensor_async.py
[2026-07-25T09:23:56.850+0000] {processor.py:914} INFO - Processing file /home/airflow/.local/lib/python3.12/site-packages/airflow/example_dags/example_time_delta_sensor_async.py for tasks to queue
[2026-07-25T09:23:56.854+0000] {logging_mixin.py:190} INFO - [2026-07-25T09:23:56.854+0000] {dagbag.py:588} INFO - Filling up the DagBag from /home/airflow/.local/lib/python3.12/site-packages/airflow/example_dags/example_time_delta_sensor_async.py
[2026-07-25T09:23:56.862+0000] {processor.py:925} INFO - DAG(s) 'example_time_delta_sensor_async' retrieved from /home/airflow/.local/lib/python3.12/site-packages/airflow/example_dags/example_time_delta_sensor_async.py
[2026-07-25T09:23:56.885+0000] {logging_mixin.py:190} INFO - [2026-07-25T09:23:56.885+0000] {dag.py:3239} INFO - Sync 1 DAGs
[2026-07-25T09:23:56.898+0000] {logging_mixin.py:190} INFO - [2026-07-25T09:23:56.897+0000] {dag.py:4180} INFO - Setting next_dagrun for example_time_delta_sensor_async to None, run_after=None
[2026-07-25T09:23:56.921+0000] {processor.py:208} INFO - Processing /home/airflow/.local/lib/python3.12/site-packages/airflow/example_dags/example_time_delta_sensor_async.py took 0.076 seconds
[2026-07-25T09:24:28.289+0000] {processor.py:186} INFO - Started process (PID=148) to work on /home/airflow/.local/lib/python3.12/site-packages/airflow/example_dags/example_time_delta_sensor_async.py
[2026-07-25T09:24:28.290+0000] {processor.py:914} INFO - Processing file /home/airflow/.local/lib/python3.12/site-packages/airflow/example_dags/example_time_delta_sensor_async.py for tasks to queue
[2026-07-25T09:24:28.292+0000] {logging_mixin.py:190} INFO - [2026-07-25T09:24:28.292+0000] {dagbag.py:588} INFO - Filling up the DagBag from /home/airflow/.local/lib/python3.12/site-packages/airflow/example_dags/example_time_delta_sensor_async.py
[2026-07-25T09:24:28.296+0000] {processor.py:925} INFO - DAG(s) 'example_time_delta_sensor_async' retrieved from /home/airflow/.local/lib/python3.12/site-packages/airflow/example_dags/example_time_delta_sensor_async.py
[2026-07-25T09:24:28.308+0000] {logging_mixin.py:190} INFO - [2026-07-25T09:24:28.308+0000] {dag.py:3239} INFO - Sync 1 DAGs
[2026-07-25T09:24:28.316+0000] {logging_mixin.py:190} INFO - [2026-07-25T09:24:28.316+0000] {dag.py:4180} INFO - Setting next_dagrun for example_time_delta_sensor_async to None, run_after=None
[2026-07-25T09:24:28.335+0000] {processor.py:208} INFO - Processing /home/airflow/.local/lib/python3.12/site-packages/airflow/example_dags/example_time_delta_sensor_async.py took 0.049 seconds
[2026-07-25T09:24:58.966+0000] {processor.py:186} INFO - Started process (PID=211) to work on /home/airflow/.local/lib/python3.12/site-packages/airflow/example_dags/example_time_delta_sensor_async.py
[2026-07-25T09:24:58.967+0000] {processor.py:914} INFO - Processing file /home/airflow/.local/lib/python3.12/site-packages/airflow/example_dags/example_time_delta_sensor_async.py for tasks to queue
[2026-07-25T09:24:58.969+0000] {logging_mixin.py:190} INFO - [2026-07-25T09:24:58.969+0000] {dagbag.py:588} INFO - Filling up the DagBag from /home/airflow/.local/lib/python3.12/site-packages/airflow/example_dags/example_time_delta_sensor_async.py
[2026-07-25T09:24:58.974+0000] {processor.py:925} INFO - DAG(s) 'example_time_delta_sensor_async' retrieved from /home/airflow/.local/lib/python3.12/site-packages/airflow/example_dags/example_time_delta_sensor_async.py
[2026-07-25T09:24:58.987+0000] {logging_mixin.py:190} INFO - [2026-07-25T09:24:58.987+0000] {dag.py:3239} INFO - Sync 1 DAGs
[2026-07-25T09:24:58.996+0000] {logging_mixin.py:190} INFO - [2026-07-25T09:24:58.995+0000] {dag.py:4180} INFO - Setting next_dagrun for example_time_delta_sensor_async to None, run_after=None
[2026-07-25T09:24:59.007+0000] {processor.py:208} INFO - Processing /home/airflow/.local/lib/python3.12/site-packages/airflow/example_dags/example_time_delta_sensor_async.py took 0.045 seconds
[2026-07-25T09:25:29.862+0000] {processor.py:186} INFO - Started process (PID=274) to work on /home/airflow/.local/lib/python3.12/site-packages/airflow/example_dags/example_time_delta_sensor_async.py
[2026-07-25T09:25:29.863+0000] {processor.py:914} INFO - Processing file /home/airflow/.local/lib/python3.12/site-packages/airflow/example_dags/example_time_delta_sensor_async.py for tasks to queue
[2026-07-25T09:25:29.865+0000] {logging_mixin.py:190} INFO - [2026-07-25T09:25:29.865+0000] {dagbag.py:588} INFO - Filling up the DagBag from /home/airflow/.local/lib/python3.12/site-packages/airflow/example_dags/example_time_delta_sensor_async.py
[2026-07-25T09:25:29.870+0000] {processor.py:925} INFO - DAG(s) 'example_time_delta_sensor_async' retrieved from /home/airflow/.local/lib/python3.12/site-packages/airflow/example_dags/example_time_delta_sensor_async.py
[2026-07-25T09:25:29.885+0000] {logging_mixin.py:190} INFO - [2026-07-25T09:25:29.885+0000] {dag.py:3239} INFO - Sync 1 DAGs
[2026-07-25T09:25:29.895+0000] {logging_mixin.py:190} INFO - [2026-07-25T09:25:29.895+0000] {dag.py:4180} INFO - Setting next_dagrun for example_time_delta_sensor_async to None, run_after=None
[2026-07-25T09:25:29.907+0000] {processor.py:208} INFO - Processing /home/airflow/.local/lib/python3.12/site-packages/airflow/example_dags/example_time_delta_sensor_async.py took 0.048 seconds
[2026-07-25T09:26:49.817+0000] {processor.py:186} INFO - Started process (PID=80) to work on /home/airflow/.local/lib/python3.12/site-packages/airflow/example_dags/example_time_delta_sensor_async.py
[2026-07-25T09:26:49.818+0000] {processor.py:914} INFO - Processing file /home/airflow/.local/lib/python3.12/site-packages/airflow/example_dags/example_time_delta_sensor_async.py for tasks to queue
[2026-07-25T09:26:49.820+0000] {logging_mixin.py:190} INFO - [2026-07-25T09:26:49.820+0000] {dagbag.py:588} INFO - Filling up the DagBag from /home/airflow/.local/lib/python3.12/site-packages/airflow/example_dags/example_time_delta_sensor_async.py
[2026-07-25T09:26:49.826+0000] {processor.py:925} INFO - DAG(s) 'example_time_delta_sensor_async' retrieved from /home/airflow/.local/lib/python3.12/site-packages/airflow/example_dags/example_time_delta_sensor_async.py
[2026-07-25T09:26:49.891+0000] {logging_mixin.py:190} INFO - [2026-07-25T09:26:49.891+0000] {override.py:1932} INFO - Created Permission View: can edit on DAG:example_time_delta_sensor_async
[2026-07-25T09:26:49.898+0000] {logging_mixin.py:190} INFO - [2026-07-25T09:26:49.898+0000] {override.py:1932} INFO - Created Permission View: can read on DAG:example_time_delta_sensor_async
[2026-07-25T09:26:49.903+0000] {logging_mixin.py:190} INFO - [2026-07-25T09:26:49.903+0000] {override.py:1932} INFO - Created Permission View: can delete on DAG:example_time_delta_sensor_async
[2026-07-25T09:26:49.910+0000] {logging_mixin.py:190} INFO - [2026-07-25T09:26:49.910+0000] {override.py:1932} INFO - Created Permission View: menu access on DAG Run:example_time_delta_sensor_async
[2026-07-25T09:26:49.915+0000] {logging_mixin.py:190} INFO - [2026-07-25T09:26:49.915+0000] {override.py:1932} INFO - Created Permission View: can read on DAG Run:example_time_delta_sensor_async
[2026-07-25T09:26:49.920+0000] {logging_mixin.py:190} INFO - [2026-07-25T09:26:49.920+0000] {override.py:1932} INFO - Created Permission View: can create on DAG Run:example_time_delta_sensor_async
[2026-07-25T09:26:49.925+0000] {logging_mixin.py:190} INFO - [2026-07-25T09:26:49.924+0000] {override.py:1932} INFO - Created Permission View: can delete on DAG Run:example_time_delta_sensor_async
[2026-07-25T09:26:49.925+0000] {logging_mixin.py:190} INFO - [2026-07-25T09:26:49.925+0000] {dag.py:3239} INFO - Sync 1 DAGs
[2026-07-25T09:26:49.933+0000] {logging_mixin.py:190} INFO - [2026-07-25T09:26:49.933+0000] {dag.py:3262} INFO - Creating ORM DAG for example_time_delta_sensor_async
[2026-07-25T09:26:49.934+0000] {logging_mixin.py:190} INFO - [2026-07-25T09:26:49.934+0000] {dag.py:4180} INFO - Setting next_dagrun for example_time_delta_sensor_async to None, run_after=None
[2026-07-25T09:26:49.944+0000] {processor.py:208} INFO - Processing /home/airflow/.local/lib/python3.12/site-packages/airflow/example_dags/example_time_delta_sensor_async.py took 0.131 seconds
[2026-07-25T09:27:20.332+0000] {processor.py:186} INFO - Started process (PID=148) to work on /home/airflow/.local/lib/python3.12/site-packages/airflow/example_dags/example_time_delta_sensor_async.py
[2026-07-25T09:27:20.333+0000] {processor.py:914} INFO - Processing file /home/airflow/.local/lib/python3.12/site-packages/airflow/example_dags/example_time_delta_sensor_async.py for tasks to queue
[2026-07-25T09:27:20.335+0000] {logging_mixin.py:190} INFO - [2026-07-25T09:27:20.335+0000] {dagbag.py:588} INFO - Filling up the DagBag from /home/airflow/.local/lib/python3.12/site-packages/airflow/example_dags/example_time_delta_sensor_async.py
[2026-07-25T09:27:20.340+0000] {processor.py:925} INFO - DAG(s) 'example_time_delta_sensor_async' retrieved from /home/airflow/.local/lib/python3.12/site-packages/airflow/example_dags/example_time_delta_sensor_async.py
[2026-07-25T09:27:20.353+0000] {logging_mixin.py:190} INFO - [2026-07-25T09:27:20.353+0000] {dag.py:3239} INFO - Sync 1 DAGs
[2026-07-25T09:27:20.362+0000] {logging_mixin.py:190} INFO - [2026-07-25T09:27:20.362+0000] {dag.py:4180} INFO - Setting next_dagrun for example_time_delta_sensor_async to None, run_after=None
[2026-07-25T09:27:20.374+0000] {processor.py:208} INFO - Processing /home/airflow/.local/lib/python3.12/site-packages/airflow/example_dags/example_time_delta_sensor_async.py took 0.045 seconds
[2026-07-25T09:27:50.635+0000] {processor.py:186} INFO - Started process (PID=211) to work on /home/airflow/.local/lib/python3.12/site-packages/airflow/example_dags/example_time_delta_sensor_async.py
[2026-07-25T09:27:50.636+0000] {processor.py:914} INFO - Processing file /home/airflow/.local/lib/python3.12/site-packages/airflow/example_dags/example_time_delta_sensor_async.py for tasks to queue
[2026-07-25T09:27:50.638+0000] {logging_mixin.py:190} INFO - [2026-07-25T09:27:50.637+0000] {dagbag.py:588} INFO - Filling up the DagBag from /home/airflow/.local/lib/python3.12/site-packages/airflow/example_dags/example_time_delta_sensor_async.py
[2026-07-25T09:27:50.642+0000] {processor.py:925} INFO - DAG(s) 'example_time_delta_sensor_async' retrieved from /home/airflow/.local/lib/python3.12/site-packages/airflow/example_dags/example_time_delta_sensor_async.py
[2026-07-25T09:27:50.656+0000] {logging_mixin.py:190} INFO - [2026-07-25T09:27:50.656+0000] {dag.py:3239} INFO - Sync 1 DAGs
[2026-07-25T09:27:50.665+0000] {logging_mixin.py:190} INFO - [2026-07-25T09:27:50.665+0000] {dag.py:4180} INFO - Setting next_dagrun for example_time_delta_sensor_async to None, run_after=None
[2026-07-25T09:27:50.677+0000] {processor.py:208} INFO - Processing /home/airflow/.local/lib/python3.12/site-packages/airflow/example_dags/example_time_delta_sensor_async.py took 0.046 seconds
[2026-07-25T09:28:20.974+0000] {processor.py:186} INFO - Started process (PID=274) to work on /home/airflow/.local/lib/python3.12/site-packages/airflow/example_dags/example_time_delta_sensor_async.py
[2026-07-25T09:28:20.975+0000] {processor.py:914} INFO - Processing file /home/airflow/.local/lib/python3.12/site-packages/airflow/example_dags/example_time_delta_sensor_async.py for tasks to queue
[2026-07-25T09:28:20.978+0000] {logging_mixin.py:190} INFO - [2026-07-25T09:28:20.978+0000] {dagbag.py:588} INFO - Filling up the DagBag from /home/airflow/.local/lib/python3.12/site-packages/airflow/example_dags/example_time_delta_sensor_async.py
[2026-07-25T09:28:20.985+0000] {processor.py:925} INFO - DAG(s) 'example_time_delta_sensor_async' retrieved from /home/airflow/.local/lib/python3.12/site-packages/airflow/example_dags/example_time_delta_sensor_async.py
[2026-07-25T09:28:21.002+0000] {logging_mixin.py:190} INFO - [2026-07-25T09:28:21.002+0000] {dag.py:3239} INFO - Sync 1 DAGs
[2026-07-25T09:28:21.014+0000] {logging_mixin.py:190} INFO - [2026-07-25T09:28:21.014+0000] {dag.py:4180} INFO - Setting next_dagrun for example_time_delta_sensor_async to None, run_after=None
[2026-07-25T09:28:21.027+0000] {processor.py:208} INFO - Processing /home/airflow/.local/lib/python3.12/site-packages/airflow/example_dags/example_time_delta_sensor_async.py took 0.057 seconds
[2026-07-25T09:28:51.663+0000] {processor.py:186} INFO - Started process (PID=337) to work on /home/airflow/.local/lib/python3.12/site-packages/airflow/example_dags/example_time_delta_sensor_async.py
[2026-07-25T09:28:51.664+0000] {processor.py:914} INFO - Processing file /home/airflow/.local/lib/python3.12/site-packages/airflow/example_dags/example_time_delta_sensor_async.py for tasks to queue
[2026-07-25T09:28:51.666+0000] {logging_mixin.py:190} INFO - [2026-07-25T09:28:51.666+0000] {dagbag.py:588} INFO - Filling up the DagBag from /home/airflow/.local/lib/python3.12/site-packages/airflow/example_dags/example_time_delta_sensor_async.py
[2026-07-25T09:28:51.671+0000] {processor.py:925} INFO - DAG(s) 'example_time_delta_sensor_async' retrieved from /home/airflow/.local/lib/python3.12/site-packages/airflow/example_dags/example_time_delta_sensor_async.py
[2026-07-25T09:28:51.686+0000] {logging_mixin.py:190} INFO - [2026-07-25T09:28:51.686+0000] {dag.py:3239} INFO - Sync 1 DAGs
[2026-07-25T09:28:51.695+0000] {logging_mixin.py:190} INFO - [2026-07-25T09:28:51.695+0000] {dag.py:4180} INFO - Setting next_dagrun for example_time_delta_sensor_async to None, run_after=None
[2026-07-25T09:28:51.716+0000] {processor.py:208} INFO - Processing /home/airflow/.local/lib/python3.12/site-packages/airflow/example_dags/example_time_delta_sensor_async.py took 0.057 seconds
[2026-07-25T09:29:23.780+0000] {processor.py:186} INFO - Started process (PID=400) to work on /home/airflow/.local/lib/python3.12/site-packages/airflow/example_dags/example_time_delta_sensor_async.py
[2026-07-25T09:29:23.781+0000] {processor.py:914} INFO - Processing file /home/airflow/.local/lib/python3.12/site-packages/airflow/example_dags/example_time_delta_sensor_async.py for tasks to queue
[2026-07-25T09:29:23.783+0000] {logging_mixin.py:190} INFO - [2026-07-25T09:29:23.783+0000] {dagbag.py:588} INFO - Filling up the DagBag from /home/airflow/.local/lib/python3.12/site-packages/airflow/example_dags/example_time_delta_sensor_async.py
[2026-07-25T09:29:23.788+0000] {processor.py:925} INFO - DAG(s) 'example_time_delta_sensor_async' retrieved from /home/airflow/.local/lib/python3.12/site-packages/airflow/example_dags/example_time_delta_sensor_async.py
[2026-07-25T09:29:23.800+0000] {logging_mixin.py:190} INFO - [2026-07-25T09:29:23.800+0000] {dag.py:3239} INFO - Sync 1 DAGs
[2026-07-25T09:29:23.808+0000] {logging_mixin.py:190} INFO - [2026-07-25T09:29:23.808+0000] {dag.py:4180} INFO - Setting next_dagrun for example_time_delta_sensor_async to None, run_after=None
[2026-07-25T09:29:23.819+0000] {processor.py:208} INFO - Processing /home/airflow/.local/lib/python3.12/site-packages/airflow/example_dags/example_time_delta_sensor_async.py took 0.044 seconds
[2026-07-25T09:29:57.450+0000] {processor.py:186} INFO - Started process (PID=463) to work on /home/airflow/.local/lib/python3.12/site-packages/airflow/example_dags/example_time_delta_sensor_async.py
[2026-07-25T09:29:57.451+0000] {processor.py:914} INFO - Processing file /home/airflow/.local/lib/python3.12/site-packages/airflow/example_dags/example_time_delta_sensor_async.py for tasks to queue
[2026-07-25T09:29:57.453+0000] {logging_mixin.py:190} INFO - [2026-07-25T09:29:57.453+0000] {dagbag.py:588} INFO - Filling up the DagBag from /home/airflow/.local/lib/python3.12/site-packages/airflow/example_dags/example_time_delta_sensor_async.py
[2026-07-25T09:29:57.460+0000] {processor.py:925} INFO - DAG(s) 'example_time_delta_sensor_async' retrieved from /home/airflow/.local/lib/python3.12/site-packages/airflow/example_dags/example_time_delta_sensor_async.py
[2026-07-25T09:29:57.474+0000] {logging_mixin.py:190} INFO - [2026-07-25T09:29:57.473+0000] {dag.py:3239} INFO - Sync 1 DAGs
[2026-07-25T09:29:57.482+0000] {logging_mixin.py:190} INFO - [2026-07-25T09:29:57.482+0000] {dag.py:4180} INFO - Setting next_dagrun for example_time_delta_sensor_async to None, run_after=None
[2026-07-25T09:29:57.510+0000] {processor.py:208} INFO - Processing /home/airflow/.local/lib/python3.12/site-packages/airflow/example_dags/example_time_delta_sensor_async.py took 0.065 seconds
[2026-07-25T09:30:28.514+0000] {processor.py:186} INFO - Started process (PID=525) to work on /home/airflow/.local/lib/python3.12/site-packages/airflow/example_dags/example_time_delta_sensor_async.py
[2026-07-25T09:30:28.515+0000] {processor.py:914} INFO - Processing file /home/airflow/.local/lib/python3.12/site-packages/airflow/example_dags/example_time_delta_sensor_async.py for tasks to queue
[2026-07-25T09:30:28.518+0000] {logging_mixin.py:190} INFO - [2026-07-25T09:30:28.518+0000] {dagbag.py:588} INFO - Filling up the DagBag from /home/airflow/.local/lib/python3.12/site-packages/airflow/example_dags/example_time_delta_sensor_async.py
[2026-07-25T09:30:28.523+0000] {processor.py:925} INFO - DAG(s) 'example_time_delta_sensor_async' retrieved from /home/airflow/.local/lib/python3.12/site-packages/airflow/example_dags/example_time_delta_sensor_async.py
[2026-07-25T09:30:28.538+0000] {logging_mixin.py:190} INFO - [2026-07-25T09:30:28.538+0000] {dag.py:3239} INFO - Sync 1 DAGs
[2026-07-25T09:30:28.548+0000] {logging_mixin.py:190} INFO - [2026-07-25T09:30:28.548+0000] {dag.py:4180} INFO - Setting next_dagrun for example_time_delta_sensor_async to None, run_after=None
[2026-07-25T09:30:28.565+0000] {processor.py:208} INFO - Processing /home/airflow/.local/lib/python3.12/site-packages/airflow/example_dags/example_time_delta_sensor_async.py took 0.055 seconds
