[2026-07-25T09:06:13.176+0000] {processor.py:186} INFO - Started process (PID=76) to work on /home/airflow/.local/lib/python3.12/site-packages/airflow/example_dags/example_skip_dag.py
[2026-07-25T09:06:13.177+0000] {processor.py:914} INFO - Processing file /home/airflow/.local/lib/python3.12/site-packages/airflow/example_dags/example_skip_dag.py for tasks to queue
[2026-07-25T09:06:13.179+0000] {logging_mixin.py:190} INFO - [2026-07-25T09:06:13.179+0000] {dagbag.py:588} INFO - Filling up the DagBag from /home/airflow/.local/lib/python3.12/site-packages/airflow/example_dags/example_skip_dag.py
[2026-07-25T09:06:13.186+0000] {processor.py:925} INFO - DAG(s) 'example_skip_dag' retrieved from /home/airflow/.local/lib/python3.12/site-packages/airflow/example_dags/example_skip_dag.py
[2026-07-25T09:06:13.255+0000] {logging_mixin.py:190} INFO - [2026-07-25T09:06:13.255+0000] {override.py:1932} INFO - Created Permission View: can edit on DAG:example_skip_dag
[2026-07-25T09:06:13.263+0000] {logging_mixin.py:190} INFO - [2026-07-25T09:06:13.263+0000] {override.py:1932} INFO - Created Permission View: can read on DAG:example_skip_dag
[2026-07-25T09:06:13.268+0000] {logging_mixin.py:190} INFO - [2026-07-25T09:06:13.268+0000] {override.py:1932} INFO - Created Permission View: can delete on DAG:example_skip_dag
[2026-07-25T09:06:13.275+0000] {logging_mixin.py:190} INFO - [2026-07-25T09:06:13.275+0000] {override.py:1932} INFO - Created Permission View: can create on DAG Run:example_skip_dag
[2026-07-25T09:06:13.280+0000] {logging_mixin.py:190} INFO - [2026-07-25T09:06:13.280+0000] {override.py:1932} INFO - Created Permission View: can read on DAG Run:example_skip_dag
[2026-07-25T09:06:13.288+0000] {logging_mixin.py:190} INFO - [2026-07-25T09:06:13.287+0000] {override.py:1932} INFO - Created Permission View: can delete on DAG Run:example_skip_dag
[2026-07-25T09:06:13.293+0000] {logging_mixin.py:190} INFO - [2026-07-25T09:06:13.292+0000] {override.py:1932} INFO - Created Permission View: menu access on DAG Run:example_skip_dag
[2026-07-25T09:06:13.293+0000] {logging_mixin.py:190} INFO - [2026-07-25T09:06:13.293+0000] {dag.py:3239} INFO - Sync 1 DAGs
[2026-07-25T09:06:13.300+0000] {logging_mixin.py:190} INFO - [2026-07-25T09:06:13.300+0000] {dag.py:3262} INFO - Creating ORM DAG for example_skip_dag
[2026-07-25T09:06:13.306+0000] {logging_mixin.py:190} INFO - [2026-07-25T09:06:13.306+0000] {dag.py:4180} INFO - Setting next_dagrun for example_skip_dag to 2026-07-24 00:00:00+00:00, run_after=2026-07-25 00:00:00+00:00
[2026-07-25T09:06:13.319+0000] {processor.py:208} INFO - Processing /home/airflow/.local/lib/python3.12/site-packages/airflow/example_dags/example_skip_dag.py took 0.146 seconds
[2026-07-25T09:06:43.636+0000] {processor.py:186} INFO - Started process (PID=139) to work on /home/airflow/.local/lib/python3.12/site-packages/airflow/example_dags/example_skip_dag.py
[2026-07-25T09:06:43.637+0000] {processor.py:914} INFO - Processing file /home/airflow/.local/lib/python3.12/site-packages/airflow/example_dags/example_skip_dag.py for tasks to queue
[2026-07-25T09:06:43.639+0000] {logging_mixin.py:190} INFO - [2026-07-25T09:06:43.639+0000] {dagbag.py:588} INFO - Filling up the DagBag from /home/airflow/.local/lib/python3.12/site-packages/airflow/example_dags/example_skip_dag.py
[2026-07-25T09:06:43.644+0000] {processor.py:925} INFO - DAG(s) 'example_skip_dag' retrieved from /home/airflow/.local/lib/python3.12/site-packages/airflow/example_dags/example_skip_dag.py
[2026-07-25T09:06:43.658+0000] {logging_mixin.py:190} INFO - [2026-07-25T09:06:43.657+0000] {dag.py:3239} INFO - Sync 1 DAGs
[2026-07-25T09:06:43.670+0000] {logging_mixin.py:190} INFO - [2026-07-25T09:06:43.670+0000] {dag.py:4180} INFO - Setting next_dagrun for example_skip_dag to 2026-07-24 00:00:00+00:00, run_after=2026-07-25 00:00:00+00:00
[2026-07-25T09:06:43.682+0000] {processor.py:208} INFO - Processing /home/airflow/.local/lib/python3.12/site-packages/airflow/example_dags/example_skip_dag.py took 0.049 seconds
[2026-07-25T09:07:14.580+0000] {processor.py:186} INFO - Started process (PID=202) to work on /home/airflow/.local/lib/python3.12/site-packages/airflow/example_dags/example_skip_dag.py
[2026-07-25T09:07:14.580+0000] {processor.py:914} INFO - Processing file /home/airflow/.local/lib/python3.12/site-packages/airflow/example_dags/example_skip_dag.py for tasks to queue
[2026-07-25T09:07:14.582+0000] {logging_mixin.py:190} INFO - [2026-07-25T09:07:14.582+0000] {dagbag.py:588} INFO - Filling up the DagBag from /home/airflow/.local/lib/python3.12/site-packages/airflow/example_dags/example_skip_dag.py
[2026-07-25T09:07:14.587+0000] {processor.py:925} INFO - DAG(s) 'example_skip_dag' retrieved from /home/airflow/.local/lib/python3.12/site-packages/airflow/example_dags/example_skip_dag.py
[2026-07-25T09:07:14.600+0000] {logging_mixin.py:190} INFO - [2026-07-25T09:07:14.600+0000] {dag.py:3239} INFO - Sync 1 DAGs
[2026-07-25T09:07:14.613+0000] {logging_mixin.py:190} INFO - [2026-07-25T09:07:14.613+0000] {dag.py:4180} INFO - Setting next_dagrun for example_skip_dag to 2026-07-24 00:00:00+00:00, run_after=2026-07-25 00:00:00+00:00
[2026-07-25T09:07:14.624+0000] {processor.py:208} INFO - Processing /home/airflow/.local/lib/python3.12/site-packages/airflow/example_dags/example_skip_dag.py took 0.048 seconds
[2026-07-25T09:07:45.084+0000] {processor.py:186} INFO - Started process (PID=265) to work on /home/airflow/.local/lib/python3.12/site-packages/airflow/example_dags/example_skip_dag.py
[2026-07-25T09:07:45.085+0000] {processor.py:914} INFO - Processing file /home/airflow/.local/lib/python3.12/site-packages/airflow/example_dags/example_skip_dag.py for tasks to queue
[2026-07-25T09:07:45.087+0000] {logging_mixin.py:190} INFO - [2026-07-25T09:07:45.087+0000] {dagbag.py:588} INFO - Filling up the DagBag from /home/airflow/.local/lib/python3.12/site-packages/airflow/example_dags/example_skip_dag.py
[2026-07-25T09:07:45.092+0000] {processor.py:925} INFO - DAG(s) 'example_skip_dag' retrieved from /home/airflow/.local/lib/python3.12/site-packages/airflow/example_dags/example_skip_dag.py
[2026-07-25T09:07:45.106+0000] {logging_mixin.py:190} INFO - [2026-07-25T09:07:45.106+0000] {dag.py:3239} INFO - Sync 1 DAGs
[2026-07-25T09:07:45.120+0000] {logging_mixin.py:190} INFO - [2026-07-25T09:07:45.120+0000] {dag.py:4180} INFO - Setting next_dagrun for example_skip_dag to 2026-07-24 00:00:00+00:00, run_after=2026-07-25 00:00:00+00:00
[2026-07-25T09:07:45.133+0000] {processor.py:208} INFO - Processing /home/airflow/.local/lib/python3.12/site-packages/airflow/example_dags/example_skip_dag.py took 0.052 seconds
[2026-07-25T09:08:15.527+0000] {processor.py:186} INFO - Started process (PID=334) to work on /home/airflow/.local/lib/python3.12/site-packages/airflow/example_dags/example_skip_dag.py
[2026-07-25T09:08:15.528+0000] {processor.py:914} INFO - Processing file /home/airflow/.local/lib/python3.12/site-packages/airflow/example_dags/example_skip_dag.py for tasks to queue
[2026-07-25T09:08:15.530+0000] {logging_mixin.py:190} INFO - [2026-07-25T09:08:15.530+0000] {dagbag.py:588} INFO - Filling up the DagBag from /home/airflow/.local/lib/python3.12/site-packages/airflow/example_dags/example_skip_dag.py
[2026-07-25T09:08:15.535+0000] {processor.py:925} INFO - DAG(s) 'example_skip_dag' retrieved from /home/airflow/.local/lib/python3.12/site-packages/airflow/example_dags/example_skip_dag.py
[2026-07-25T09:08:15.548+0000] {logging_mixin.py:190} INFO - [2026-07-25T09:08:15.548+0000] {dag.py:3239} INFO - Sync 1 DAGs
[2026-07-25T09:08:15.561+0000] {logging_mixin.py:190} INFO - [2026-07-25T09:08:15.561+0000] {dag.py:4180} INFO - Setting next_dagrun for example_skip_dag to 2026-07-24 00:00:00+00:00, run_after=2026-07-25 00:00:00+00:00
[2026-07-25T09:08:15.575+0000] {processor.py:208} INFO - Processing /home/airflow/.local/lib/python3.12/site-packages/airflow/example_dags/example_skip_dag.py took 0.051 seconds
[2026-07-25T09:08:46.406+0000] {processor.py:186} INFO - Started process (PID=397) to work on /home/airflow/.local/lib/python3.12/site-packages/airflow/example_dags/example_skip_dag.py
[2026-07-25T09:08:46.407+0000] {processor.py:914} INFO - Processing file /home/airflow/.local/lib/python3.12/site-packages/airflow/example_dags/example_skip_dag.py for tasks to queue
[2026-07-25T09:08:46.409+0000] {logging_mixin.py:190} INFO - [2026-07-25T09:08:46.409+0000] {dagbag.py:588} INFO - Filling up the DagBag from /home/airflow/.local/lib/python3.12/site-packages/airflow/example_dags/example_skip_dag.py
[2026-07-25T09:08:46.414+0000] {processor.py:925} INFO - DAG(s) 'example_skip_dag' retrieved from /home/airflow/.local/lib/python3.12/site-packages/airflow/example_dags/example_skip_dag.py
[2026-07-25T09:08:46.428+0000] {logging_mixin.py:190} INFO - [2026-07-25T09:08:46.428+0000] {dag.py:3239} INFO - Sync 1 DAGs
[2026-07-25T09:08:46.441+0000] {logging_mixin.py:190} INFO - [2026-07-25T09:08:46.441+0000] {dag.py:4180} INFO - Setting next_dagrun for example_skip_dag to 2026-07-24 00:00:00+00:00, run_after=2026-07-25 00:00:00+00:00
[2026-07-25T09:08:46.452+0000] {processor.py:208} INFO - Processing /home/airflow/.local/lib/python3.12/site-packages/airflow/example_dags/example_skip_dag.py took 0.049 seconds
[2026-07-25T09:09:20.264+0000] {processor.py:186} INFO - Started process (PID=460) to work on /home/airflow/.local/lib/python3.12/site-packages/airflow/example_dags/example_skip_dag.py
[2026-07-25T09:09:20.265+0000] {processor.py:914} INFO - Processing file /home/airflow/.local/lib/python3.12/site-packages/airflow/example_dags/example_skip_dag.py for tasks to queue
[2026-07-25T09:09:20.267+0000] {logging_mixin.py:190} INFO - [2026-07-25T09:09:20.267+0000] {dagbag.py:588} INFO - Filling up the DagBag from /home/airflow/.local/lib/python3.12/site-packages/airflow/example_dags/example_skip_dag.py
[2026-07-25T09:09:20.272+0000] {processor.py:925} INFO - DAG(s) 'example_skip_dag' retrieved from /home/airflow/.local/lib/python3.12/site-packages/airflow/example_dags/example_skip_dag.py
[2026-07-25T09:09:20.287+0000] {logging_mixin.py:190} INFO - [2026-07-25T09:09:20.287+0000] {dag.py:3239} INFO - Sync 1 DAGs
[2026-07-25T09:09:20.301+0000] {logging_mixin.py:190} INFO - [2026-07-25T09:09:20.301+0000] {dag.py:4180} INFO - Setting next_dagrun for example_skip_dag to 2026-07-24 00:00:00+00:00, run_after=2026-07-25 00:00:00+00:00
[2026-07-25T09:09:20.312+0000] {processor.py:208} INFO - Processing /home/airflow/.local/lib/python3.12/site-packages/airflow/example_dags/example_skip_dag.py took 0.051 seconds
[2026-07-25T09:09:54.237+0000] {processor.py:186} INFO - Started process (PID=523) to work on /home/airflow/.local/lib/python3.12/site-packages/airflow/example_dags/example_skip_dag.py
[2026-07-25T09:09:54.238+0000] {processor.py:914} INFO - Processing file /home/airflow/.local/lib/python3.12/site-packages/airflow/example_dags/example_skip_dag.py for tasks to queue
[2026-07-25T09:09:54.240+0000] {logging_mixin.py:190} INFO - [2026-07-25T09:09:54.240+0000] {dagbag.py:588} INFO - Filling up the DagBag from /home/airflow/.local/lib/python3.12/site-packages/airflow/example_dags/example_skip_dag.py
[2026-07-25T09:09:54.246+0000] {processor.py:925} INFO - DAG(s) 'example_skip_dag' retrieved from /home/airflow/.local/lib/python3.12/site-packages/airflow/example_dags/example_skip_dag.py
[2026-07-25T09:09:54.260+0000] {logging_mixin.py:190} INFO - [2026-07-25T09:09:54.260+0000] {dag.py:3239} INFO - Sync 1 DAGs
[2026-07-25T09:09:54.275+0000] {logging_mixin.py:190} INFO - [2026-07-25T09:09:54.275+0000] {dag.py:4180} INFO - Setting next_dagrun for example_skip_dag to 2026-07-24 00:00:00+00:00, run_after=2026-07-25 00:00:00+00:00
[2026-07-25T09:09:54.286+0000] {processor.py:208} INFO - Processing /home/airflow/.local/lib/python3.12/site-packages/airflow/example_dags/example_skip_dag.py took 0.053 seconds
[2026-07-25T09:10:24.540+0000] {processor.py:186} INFO - Started process (PID=584) to work on /home/airflow/.local/lib/python3.12/site-packages/airflow/example_dags/example_skip_dag.py
[2026-07-25T09:10:24.541+0000] {processor.py:914} INFO - Processing file /home/airflow/.local/lib/python3.12/site-packages/airflow/example_dags/example_skip_dag.py for tasks to queue
[2026-07-25T09:10:24.544+0000] {logging_mixin.py:190} INFO - [2026-07-25T09:10:24.543+0000] {dagbag.py:588} INFO - Filling up the DagBag from /home/airflow/.local/lib/python3.12/site-packages/airflow/example_dags/example_skip_dag.py
[2026-07-25T09:10:24.550+0000] {processor.py:925} INFO - DAG(s) 'example_skip_dag' retrieved from /home/airflow/.local/lib/python3.12/site-packages/airflow/example_dags/example_skip_dag.py
[2026-07-25T09:10:24.566+0000] {logging_mixin.py:190} INFO - [2026-07-25T09:10:24.566+0000] {dag.py:3239} INFO - Sync 1 DAGs
[2026-07-25T09:10:24.579+0000] {logging_mixin.py:190} INFO - [2026-07-25T09:10:24.579+0000] {dag.py:4180} INFO - Setting next_dagrun for example_skip_dag to 2026-07-24 00:00:00+00:00, run_after=2026-07-25 00:00:00+00:00
[2026-07-25T09:10:24.592+0000] {processor.py:208} INFO - Processing /home/airflow/.local/lib/python3.12/site-packages/airflow/example_dags/example_skip_dag.py took 0.056 seconds
[2026-07-25T09:10:55.246+0000] {processor.py:186} INFO - Started process (PID=647) to work on /home/airflow/.local/lib/python3.12/site-packages/airflow/example_dags/example_skip_dag.py
[2026-07-25T09:10:55.247+0000] {processor.py:914} INFO - Processing file /home/airflow/.local/lib/python3.12/site-packages/airflow/example_dags/example_skip_dag.py for tasks to queue
[2026-07-25T09:10:55.249+0000] {logging_mixin.py:190} INFO - [2026-07-25T09:10:55.249+0000] {dagbag.py:588} INFO - Filling up the DagBag from /home/airflow/.local/lib/python3.12/site-packages/airflow/example_dags/example_skip_dag.py
[2026-07-25T09:10:55.255+0000] {processor.py:925} INFO - DAG(s) 'example_skip_dag' retrieved from /home/airflow/.local/lib/python3.12/site-packages/airflow/example_dags/example_skip_dag.py
[2026-07-25T09:10:55.269+0000] {logging_mixin.py:190} INFO - [2026-07-25T09:10:55.269+0000] {dag.py:3239} INFO - Sync 1 DAGs
[2026-07-25T09:10:55.283+0000] {logging_mixin.py:190} INFO - [2026-07-25T09:10:55.283+0000] {dag.py:4180} INFO - Setting next_dagrun for example_skip_dag to 2026-07-24 00:00:00+00:00, run_after=2026-07-25 00:00:00+00:00
[2026-07-25T09:10:55.294+0000] {processor.py:208} INFO - Processing /home/airflow/.local/lib/python3.12/site-packages/airflow/example_dags/example_skip_dag.py took 0.051 seconds
[2026-07-25T09:11:25.771+0000] {processor.py:186} INFO - Started process (PID=708) to work on /home/airflow/.local/lib/python3.12/site-packages/airflow/example_dags/example_skip_dag.py
[2026-07-25T09:11:25.772+0000] {processor.py:914} INFO - Processing file /home/airflow/.local/lib/python3.12/site-packages/airflow/example_dags/example_skip_dag.py for tasks to queue
[2026-07-25T09:11:25.774+0000] {logging_mixin.py:190} INFO - [2026-07-25T09:11:25.774+0000] {dagbag.py:588} INFO - Filling up the DagBag from /home/airflow/.local/lib/python3.12/site-packages/airflow/example_dags/example_skip_dag.py
[2026-07-25T09:11:25.779+0000] {processor.py:925} INFO - DAG(s) 'example_skip_dag' retrieved from /home/airflow/.local/lib/python3.12/site-packages/airflow/example_dags/example_skip_dag.py
[2026-07-25T09:11:25.794+0000] {logging_mixin.py:190} INFO - [2026-07-25T09:11:25.794+0000] {dag.py:3239} INFO - Sync 1 DAGs
[2026-07-25T09:11:25.807+0000] {logging_mixin.py:190} INFO - [2026-07-25T09:11:25.807+0000] {dag.py:4180} INFO - Setting next_dagrun for example_skip_dag to 2026-07-24 00:00:00+00:00, run_after=2026-07-25 00:00:00+00:00
[2026-07-25T09:11:25.819+0000] {processor.py:208} INFO - Processing /home/airflow/.local/lib/python3.12/site-packages/airflow/example_dags/example_skip_dag.py took 0.052 seconds
[2026-07-25T09:11:56.176+0000] {processor.py:186} INFO - Started process (PID=771) to work on /home/airflow/.local/lib/python3.12/site-packages/airflow/example_dags/example_skip_dag.py
[2026-07-25T09:11:56.177+0000] {processor.py:914} INFO - Processing file /home/airflow/.local/lib/python3.12/site-packages/airflow/example_dags/example_skip_dag.py for tasks to queue
[2026-07-25T09:11:56.179+0000] {logging_mixin.py:190} INFO - [2026-07-25T09:11:56.179+0000] {dagbag.py:588} INFO - Filling up the DagBag from /home/airflow/.local/lib/python3.12/site-packages/airflow/example_dags/example_skip_dag.py
[2026-07-25T09:11:56.185+0000] {processor.py:925} INFO - DAG(s) 'example_skip_dag' retrieved from /home/airflow/.local/lib/python3.12/site-packages/airflow/example_dags/example_skip_dag.py
[2026-07-25T09:11:56.203+0000] {logging_mixin.py:190} INFO - [2026-07-25T09:11:56.203+0000] {dag.py:3239} INFO - Sync 1 DAGs
[2026-07-25T09:11:56.218+0000] {logging_mixin.py:190} INFO - [2026-07-25T09:11:56.218+0000] {dag.py:4180} INFO - Setting next_dagrun for example_skip_dag to 2026-07-24 00:00:00+00:00, run_after=2026-07-25 00:00:00+00:00
[2026-07-25T09:11:56.230+0000] {processor.py:208} INFO - Processing /home/airflow/.local/lib/python3.12/site-packages/airflow/example_dags/example_skip_dag.py took 0.058 seconds
[2026-07-25T09:12:26.934+0000] {processor.py:186} INFO - Started process (PID=834) to work on /home/airflow/.local/lib/python3.12/site-packages/airflow/example_dags/example_skip_dag.py
[2026-07-25T09:12:26.935+0000] {processor.py:914} INFO - Processing file /home/airflow/.local/lib/python3.12/site-packages/airflow/example_dags/example_skip_dag.py for tasks to queue
[2026-07-25T09:12:26.937+0000] {logging_mixin.py:190} INFO - [2026-07-25T09:12:26.937+0000] {dagbag.py:588} INFO - Filling up the DagBag from /home/airflow/.local/lib/python3.12/site-packages/airflow/example_dags/example_skip_dag.py
[2026-07-25T09:12:26.942+0000] {processor.py:925} INFO - DAG(s) 'example_skip_dag' retrieved from /home/airflow/.local/lib/python3.12/site-packages/airflow/example_dags/example_skip_dag.py
[2026-07-25T09:12:26.955+0000] {logging_mixin.py:190} INFO - [2026-07-25T09:12:26.955+0000] {dag.py:3239} INFO - Sync 1 DAGs
[2026-07-25T09:12:26.968+0000] {logging_mixin.py:190} INFO - [2026-07-25T09:12:26.967+0000] {dag.py:4180} INFO - Setting next_dagrun for example_skip_dag to 2026-07-24 00:00:00+00:00, run_after=2026-07-25 00:00:00+00:00
[2026-07-25T09:12:26.979+0000] {processor.py:208} INFO - Processing /home/airflow/.local/lib/python3.12/site-packages/airflow/example_dags/example_skip_dag.py took 0.048 seconds
[2026-07-25T09:12:57.013+0000] {processor.py:186} INFO - Started process (PID=896) to work on /home/airflow/.local/lib/python3.12/site-packages/airflow/example_dags/example_skip_dag.py
[2026-07-25T09:12:57.014+0000] {processor.py:914} INFO - Processing file /home/airflow/.local/lib/python3.12/site-packages/airflow/example_dags/example_skip_dag.py for tasks to queue
[2026-07-25T09:12:57.016+0000] {logging_mixin.py:190} INFO - [2026-07-25T09:12:57.016+0000] {dagbag.py:588} INFO - Filling up the DagBag from /home/airflow/.local/lib/python3.12/site-packages/airflow/example_dags/example_skip_dag.py
[2026-07-25T09:12:57.021+0000] {processor.py:925} INFO - DAG(s) 'example_skip_dag' retrieved from /home/airflow/.local/lib/python3.12/site-packages/airflow/example_dags/example_skip_dag.py
[2026-07-25T09:12:57.034+0000] {logging_mixin.py:190} INFO - [2026-07-25T09:12:57.034+0000] {dag.py:3239} INFO - Sync 1 DAGs
[2026-07-25T09:12:57.047+0000] {logging_mixin.py:190} INFO - [2026-07-25T09:12:57.047+0000] {dag.py:4180} INFO - Setting next_dagrun for example_skip_dag to 2026-07-24 00:00:00+00:00, run_after=2026-07-25 00:00:00+00:00
[2026-07-25T09:12:57.059+0000] {processor.py:208} INFO - Processing /home/airflow/.local/lib/python3.12/site-packages/airflow/example_dags/example_skip_dag.py took 0.049 seconds
[2026-07-25T09:13:27.730+0000] {processor.py:186} INFO - Started process (PID=959) to work on /home/airflow/.local/lib/python3.12/site-packages/airflow/example_dags/example_skip_dag.py
[2026-07-25T09:13:27.731+0000] {processor.py:914} INFO - Processing file /home/airflow/.local/lib/python3.12/site-packages/airflow/example_dags/example_skip_dag.py for tasks to queue
[2026-07-25T09:13:27.733+0000] {logging_mixin.py:190} INFO - [2026-07-25T09:13:27.732+0000] {dagbag.py:588} INFO - Filling up the DagBag from /home/airflow/.local/lib/python3.12/site-packages/airflow/example_dags/example_skip_dag.py
[2026-07-25T09:13:27.738+0000] {processor.py:925} INFO - DAG(s) 'example_skip_dag' retrieved from /home/airflow/.local/lib/python3.12/site-packages/airflow/example_dags/example_skip_dag.py
[2026-07-25T09:13:27.752+0000] {logging_mixin.py:190} INFO - [2026-07-25T09:13:27.752+0000] {dag.py:3239} INFO - Sync 1 DAGs
[2026-07-25T09:13:27.765+0000] {logging_mixin.py:190} INFO - [2026-07-25T09:13:27.765+0000] {dag.py:4180} INFO - Setting next_dagrun for example_skip_dag to 2026-07-24 00:00:00+00:00, run_after=2026-07-25 00:00:00+00:00
[2026-07-25T09:13:27.777+0000] {processor.py:208} INFO - Processing /home/airflow/.local/lib/python3.12/site-packages/airflow/example_dags/example_skip_dag.py took 0.050 seconds
[2026-07-25T09:13:59.273+0000] {processor.py:186} INFO - Started process (PID=1022) to work on /home/airflow/.local/lib/python3.12/site-packages/airflow/example_dags/example_skip_dag.py
[2026-07-25T09:13:59.274+0000] {processor.py:914} INFO - Processing file /home/airflow/.local/lib/python3.12/site-packages/airflow/example_dags/example_skip_dag.py for tasks to queue
[2026-07-25T09:13:59.276+0000] {logging_mixin.py:190} INFO - [2026-07-25T09:13:59.276+0000] {dagbag.py:588} INFO - Filling up the DagBag from /home/airflow/.local/lib/python3.12/site-packages/airflow/example_dags/example_skip_dag.py
[2026-07-25T09:13:59.281+0000] {processor.py:925} INFO - DAG(s) 'example_skip_dag' retrieved from /home/airflow/.local/lib/python3.12/site-packages/airflow/example_dags/example_skip_dag.py
[2026-07-25T09:13:59.298+0000] {logging_mixin.py:190} INFO - [2026-07-25T09:13:59.297+0000] {dag.py:3239} INFO - Sync 1 DAGs
[2026-07-25T09:13:59.313+0000] {logging_mixin.py:190} INFO - [2026-07-25T09:13:59.313+0000] {dag.py:4180} INFO - Setting next_dagrun for example_skip_dag to 2026-07-24 00:00:00+00:00, run_after=2026-07-25 00:00:00+00:00
[2026-07-25T09:13:59.324+0000] {processor.py:208} INFO - Processing /home/airflow/.local/lib/python3.12/site-packages/airflow/example_dags/example_skip_dag.py took 0.054 seconds
[2026-07-25T09:14:29.843+0000] {processor.py:186} INFO - Started process (PID=1080) to work on /home/airflow/.local/lib/python3.12/site-packages/airflow/example_dags/example_skip_dag.py
[2026-07-25T09:14:29.844+0000] {processor.py:914} INFO - Processing file /home/airflow/.local/lib/python3.12/site-packages/airflow/example_dags/example_skip_dag.py for tasks to queue
[2026-07-25T09:14:29.846+0000] {logging_mixin.py:190} INFO - [2026-07-25T09:14:29.846+0000] {dagbag.py:588} INFO - Filling up the DagBag from /home/airflow/.local/lib/python3.12/site-packages/airflow/example_dags/example_skip_dag.py
[2026-07-25T09:14:29.851+0000] {processor.py:925} INFO - DAG(s) 'example_skip_dag' retrieved from /home/airflow/.local/lib/python3.12/site-packages/airflow/example_dags/example_skip_dag.py
[2026-07-25T09:14:29.866+0000] {logging_mixin.py:190} INFO - [2026-07-25T09:14:29.866+0000] {dag.py:3239} INFO - Sync 1 DAGs
[2026-07-25T09:14:29.880+0000] {logging_mixin.py:190} INFO - [2026-07-25T09:14:29.880+0000] {dag.py:4180} INFO - Setting next_dagrun for example_skip_dag to 2026-07-24 00:00:00+00:00, run_after=2026-07-25 00:00:00+00:00
[2026-07-25T09:14:29.894+0000] {processor.py:208} INFO - Processing /home/airflow/.local/lib/python3.12/site-packages/airflow/example_dags/example_skip_dag.py took 0.054 seconds
[2026-07-25T09:15:33.352+0000] {processor.py:186} INFO - Started process (PID=76) to work on /home/airflow/.local/lib/python3.12/site-packages/airflow/example_dags/example_skip_dag.py
[2026-07-25T09:15:33.353+0000] {processor.py:914} INFO - Processing file /home/airflow/.local/lib/python3.12/site-packages/airflow/example_dags/example_skip_dag.py for tasks to queue
[2026-07-25T09:15:33.356+0000] {logging_mixin.py:190} INFO - [2026-07-25T09:15:33.356+0000] {dagbag.py:588} INFO - Filling up the DagBag from /home/airflow/.local/lib/python3.12/site-packages/airflow/example_dags/example_skip_dag.py
[2026-07-25T09:15:33.367+0000] {processor.py:925} INFO - DAG(s) 'example_skip_dag' retrieved from /home/airflow/.local/lib/python3.12/site-packages/airflow/example_dags/example_skip_dag.py
[2026-07-25T09:15:33.393+0000] {logging_mixin.py:190} INFO - [2026-07-25T09:15:33.393+0000] {dag.py:3239} INFO - Sync 1 DAGs
[2026-07-25T09:15:33.412+0000] {logging_mixin.py:190} INFO - [2026-07-25T09:15:33.412+0000] {dag.py:4180} INFO - Setting next_dagrun for example_skip_dag to 2026-07-24 00:00:00+00:00, run_after=2026-07-25 00:00:00+00:00
[2026-07-25T09:15:33.426+0000] {processor.py:208} INFO - Processing /home/airflow/.local/lib/python3.12/site-packages/airflow/example_dags/example_skip_dag.py took 0.080 seconds
[2026-07-25T09:16:03.507+0000] {processor.py:186} INFO - Started process (PID=139) to work on /home/airflow/.local/lib/python3.12/site-packages/airflow/example_dags/example_skip_dag.py
[2026-07-25T09:16:03.508+0000] {processor.py:914} INFO - Processing file /home/airflow/.local/lib/python3.12/site-packages/airflow/example_dags/example_skip_dag.py for tasks to queue
[2026-07-25T09:16:03.510+0000] {logging_mixin.py:190} INFO - [2026-07-25T09:16:03.510+0000] {dagbag.py:588} INFO - Filling up the DagBag from /home/airflow/.local/lib/python3.12/site-packages/airflow/example_dags/example_skip_dag.py
[2026-07-25T09:16:03.515+0000] {processor.py:925} INFO - DAG(s) 'example_skip_dag' retrieved from /home/airflow/.local/lib/python3.12/site-packages/airflow/example_dags/example_skip_dag.py
[2026-07-25T09:16:03.528+0000] {logging_mixin.py:190} INFO - [2026-07-25T09:16:03.528+0000] {dag.py:3239} INFO - Sync 1 DAGs
[2026-07-25T09:16:03.541+0000] {logging_mixin.py:190} INFO - [2026-07-25T09:16:03.540+0000] {dag.py:4180} INFO - Setting next_dagrun for example_skip_dag to 2026-07-24 00:00:00+00:00, run_after=2026-07-25 00:00:00+00:00
[2026-07-25T09:16:03.551+0000] {processor.py:208} INFO - Processing /home/airflow/.local/lib/python3.12/site-packages/airflow/example_dags/example_skip_dag.py took 0.047 seconds
[2026-07-25T09:16:34.259+0000] {processor.py:186} INFO - Started process (PID=202) to work on /home/airflow/.local/lib/python3.12/site-packages/airflow/example_dags/example_skip_dag.py
[2026-07-25T09:16:34.261+0000] {processor.py:914} INFO - Processing file /home/airflow/.local/lib/python3.12/site-packages/airflow/example_dags/example_skip_dag.py for tasks to queue
[2026-07-25T09:16:34.264+0000] {logging_mixin.py:190} INFO - [2026-07-25T09:16:34.264+0000] {dagbag.py:588} INFO - Filling up the DagBag from /home/airflow/.local/lib/python3.12/site-packages/airflow/example_dags/example_skip_dag.py
[2026-07-25T09:16:34.272+0000] {processor.py:925} INFO - DAG(s) 'example_skip_dag' retrieved from /home/airflow/.local/lib/python3.12/site-packages/airflow/example_dags/example_skip_dag.py
[2026-07-25T09:16:34.286+0000] {logging_mixin.py:190} INFO - [2026-07-25T09:16:34.286+0000] {dag.py:3239} INFO - Sync 1 DAGs
[2026-07-25T09:16:34.299+0000] {logging_mixin.py:190} INFO - [2026-07-25T09:16:34.299+0000] {dag.py:4180} INFO - Setting next_dagrun for example_skip_dag to 2026-07-24 00:00:00+00:00, run_after=2026-07-25 00:00:00+00:00
[2026-07-25T09:16:34.313+0000] {processor.py:208} INFO - Processing /home/airflow/.local/lib/python3.12/site-packages/airflow/example_dags/example_skip_dag.py took 0.058 seconds
[2026-07-25T09:17:05.006+0000] {processor.py:186} INFO - Started process (PID=265) to work on /home/airflow/.local/lib/python3.12/site-packages/airflow/example_dags/example_skip_dag.py
[2026-07-25T09:17:05.007+0000] {processor.py:914} INFO - Processing file /home/airflow/.local/lib/python3.12/site-packages/airflow/example_dags/example_skip_dag.py for tasks to queue
[2026-07-25T09:17:05.009+0000] {logging_mixin.py:190} INFO - [2026-07-25T09:17:05.008+0000] {dagbag.py:588} INFO - Filling up the DagBag from /home/airflow/.local/lib/python3.12/site-packages/airflow/example_dags/example_skip_dag.py
[2026-07-25T09:17:05.014+0000] {processor.py:925} INFO - DAG(s) 'example_skip_dag' retrieved from /home/airflow/.local/lib/python3.12/site-packages/airflow/example_dags/example_skip_dag.py
[2026-07-25T09:17:05.027+0000] {logging_mixin.py:190} INFO - [2026-07-25T09:17:05.027+0000] {dag.py:3239} INFO - Sync 1 DAGs
[2026-07-25T09:17:05.040+0000] {logging_mixin.py:190} INFO - [2026-07-25T09:17:05.040+0000] {dag.py:4180} INFO - Setting next_dagrun for example_skip_dag to 2026-07-24 00:00:00+00:00, run_after=2026-07-25 00:00:00+00:00
[2026-07-25T09:17:05.051+0000] {processor.py:208} INFO - Processing /home/airflow/.local/lib/python3.12/site-packages/airflow/example_dags/example_skip_dag.py took 0.048 seconds
[2026-07-25T09:17:35.403+0000] {processor.py:186} INFO - Started process (PID=328) to work on /home/airflow/.local/lib/python3.12/site-packages/airflow/example_dags/example_skip_dag.py
[2026-07-25T09:17:35.404+0000] {processor.py:914} INFO - Processing file /home/airflow/.local/lib/python3.12/site-packages/airflow/example_dags/example_skip_dag.py for tasks to queue
[2026-07-25T09:17:35.406+0000] {logging_mixin.py:190} INFO - [2026-07-25T09:17:35.406+0000] {dagbag.py:588} INFO - Filling up the DagBag from /home/airflow/.local/lib/python3.12/site-packages/airflow/example_dags/example_skip_dag.py
[2026-07-25T09:17:35.411+0000] {processor.py:925} INFO - DAG(s) 'example_skip_dag' retrieved from /home/airflow/.local/lib/python3.12/site-packages/airflow/example_dags/example_skip_dag.py
[2026-07-25T09:17:35.426+0000] {logging_mixin.py:190} INFO - [2026-07-25T09:17:35.426+0000] {dag.py:3239} INFO - Sync 1 DAGs
[2026-07-25T09:17:35.441+0000] {logging_mixin.py:190} INFO - [2026-07-25T09:17:35.440+0000] {dag.py:4180} INFO - Setting next_dagrun for example_skip_dag to 2026-07-24 00:00:00+00:00, run_after=2026-07-25 00:00:00+00:00
[2026-07-25T09:17:35.452+0000] {processor.py:208} INFO - Processing /home/airflow/.local/lib/python3.12/site-packages/airflow/example_dags/example_skip_dag.py took 0.053 seconds
[2026-07-25T09:18:05.772+0000] {processor.py:186} INFO - Started process (PID=391) to work on /home/airflow/.local/lib/python3.12/site-packages/airflow/example_dags/example_skip_dag.py
[2026-07-25T09:18:05.773+0000] {processor.py:914} INFO - Processing file /home/airflow/.local/lib/python3.12/site-packages/airflow/example_dags/example_skip_dag.py for tasks to queue
[2026-07-25T09:18:05.775+0000] {logging_mixin.py:190} INFO - [2026-07-25T09:18:05.775+0000] {dagbag.py:588} INFO - Filling up the DagBag from /home/airflow/.local/lib/python3.12/site-packages/airflow/example_dags/example_skip_dag.py
[2026-07-25T09:18:05.780+0000] {processor.py:925} INFO - DAG(s) 'example_skip_dag' retrieved from /home/airflow/.local/lib/python3.12/site-packages/airflow/example_dags/example_skip_dag.py
[2026-07-25T09:18:05.793+0000] {logging_mixin.py:190} INFO - [2026-07-25T09:18:05.793+0000] {dag.py:3239} INFO - Sync 1 DAGs
[2026-07-25T09:18:05.806+0000] {logging_mixin.py:190} INFO - [2026-07-25T09:18:05.806+0000] {dag.py:4180} INFO - Setting next_dagrun for example_skip_dag to 2026-07-24 00:00:00+00:00, run_after=2026-07-25 00:00:00+00:00
[2026-07-25T09:18:05.817+0000] {processor.py:208} INFO - Processing /home/airflow/.local/lib/python3.12/site-packages/airflow/example_dags/example_skip_dag.py took 0.048 seconds
[2026-07-25T09:18:36.533+0000] {processor.py:186} INFO - Started process (PID=453) to work on /home/airflow/.local/lib/python3.12/site-packages/airflow/example_dags/example_skip_dag.py
[2026-07-25T09:18:36.534+0000] {processor.py:914} INFO - Processing file /home/airflow/.local/lib/python3.12/site-packages/airflow/example_dags/example_skip_dag.py for tasks to queue
[2026-07-25T09:18:36.536+0000] {logging_mixin.py:190} INFO - [2026-07-25T09:18:36.536+0000] {dagbag.py:588} INFO - Filling up the DagBag from /home/airflow/.local/lib/python3.12/site-packages/airflow/example_dags/example_skip_dag.py
[2026-07-25T09:18:36.542+0000] {processor.py:925} INFO - DAG(s) 'example_skip_dag' retrieved from /home/airflow/.local/lib/python3.12/site-packages/airflow/example_dags/example_skip_dag.py
[2026-07-25T09:18:36.556+0000] {logging_mixin.py:190} INFO - [2026-07-25T09:18:36.556+0000] {dag.py:3239} INFO - Sync 1 DAGs
[2026-07-25T09:18:36.569+0000] {logging_mixin.py:190} INFO - [2026-07-25T09:18:36.569+0000] {dag.py:4180} INFO - Setting next_dagrun for example_skip_dag to 2026-07-24 00:00:00+00:00, run_after=2026-07-25 00:00:00+00:00
[2026-07-25T09:18:36.580+0000] {processor.py:208} INFO - Processing /home/airflow/.local/lib/python3.12/site-packages/airflow/example_dags/example_skip_dag.py took 0.051 seconds
[2026-07-25T09:19:06.735+0000] {processor.py:186} INFO - Started process (PID=515) to work on /home/airflow/.local/lib/python3.12/site-packages/airflow/example_dags/example_skip_dag.py
[2026-07-25T09:19:06.736+0000] {processor.py:914} INFO - Processing file /home/airflow/.local/lib/python3.12/site-packages/airflow/example_dags/example_skip_dag.py for tasks to queue
[2026-07-25T09:19:06.738+0000] {logging_mixin.py:190} INFO - [2026-07-25T09:19:06.738+0000] {dagbag.py:588} INFO - Filling up the DagBag from /home/airflow/.local/lib/python3.12/site-packages/airflow/example_dags/example_skip_dag.py
[2026-07-25T09:19:06.743+0000] {processor.py:925} INFO - DAG(s) 'example_skip_dag' retrieved from /home/airflow/.local/lib/python3.12/site-packages/airflow/example_dags/example_skip_dag.py
[2026-07-25T09:19:06.758+0000] {logging_mixin.py:190} INFO - [2026-07-25T09:19:06.757+0000] {dag.py:3239} INFO - Sync 1 DAGs
[2026-07-25T09:19:06.772+0000] {logging_mixin.py:190} INFO - [2026-07-25T09:19:06.772+0000] {dag.py:4180} INFO - Setting next_dagrun for example_skip_dag to 2026-07-24 00:00:00+00:00, run_after=2026-07-25 00:00:00+00:00
[2026-07-25T09:19:06.783+0000] {processor.py:208} INFO - Processing /home/airflow/.local/lib/python3.12/site-packages/airflow/example_dags/example_skip_dag.py took 0.051 seconds
[2026-07-25T09:20:44.652+0000] {processor.py:186} INFO - Started process (PID=76) to work on /home/airflow/.local/lib/python3.12/site-packages/airflow/example_dags/example_skip_dag.py
[2026-07-25T09:20:44.653+0000] {processor.py:914} INFO - Processing file /home/airflow/.local/lib/python3.12/site-packages/airflow/example_dags/example_skip_dag.py for tasks to queue
[2026-07-25T09:20:44.656+0000] {logging_mixin.py:190} INFO - [2026-07-25T09:20:44.656+0000] {dagbag.py:588} INFO - Filling up the DagBag from /home/airflow/.local/lib/python3.12/site-packages/airflow/example_dags/example_skip_dag.py
[2026-07-25T09:20:44.665+0000] {processor.py:925} INFO - DAG(s) 'example_skip_dag' retrieved from /home/airflow/.local/lib/python3.12/site-packages/airflow/example_dags/example_skip_dag.py
[2026-07-25T09:20:44.696+0000] {logging_mixin.py:190} INFO - [2026-07-25T09:20:44.695+0000] {dag.py:3239} INFO - Sync 1 DAGs
[2026-07-25T09:20:44.719+0000] {logging_mixin.py:190} INFO - [2026-07-25T09:20:44.719+0000] {dag.py:4180} INFO - Setting next_dagrun for example_skip_dag to 2026-07-24 00:00:00+00:00, run_after=2026-07-25 00:00:00+00:00
[2026-07-25T09:20:44.734+0000] {processor.py:208} INFO - Processing /home/airflow/.local/lib/python3.12/site-packages/airflow/example_dags/example_skip_dag.py took 0.090 seconds
[2026-07-25T09:21:15.552+0000] {processor.py:186} INFO - Started process (PID=139) to work on /home/airflow/.local/lib/python3.12/site-packages/airflow/example_dags/example_skip_dag.py
[2026-07-25T09:21:15.553+0000] {processor.py:914} INFO - Processing file /home/airflow/.local/lib/python3.12/site-packages/airflow/example_dags/example_skip_dag.py for tasks to queue
[2026-07-25T09:21:15.555+0000] {logging_mixin.py:190} INFO - [2026-07-25T09:21:15.555+0000] {dagbag.py:588} INFO - Filling up the DagBag from /home/airflow/.local/lib/python3.12/site-packages/airflow/example_dags/example_skip_dag.py
[2026-07-25T09:21:15.560+0000] {processor.py:925} INFO - DAG(s) 'example_skip_dag' retrieved from /home/airflow/.local/lib/python3.12/site-packages/airflow/example_dags/example_skip_dag.py
[2026-07-25T09:21:15.576+0000] {logging_mixin.py:190} INFO - [2026-07-25T09:21:15.576+0000] {dag.py:3239} INFO - Sync 1 DAGs
[2026-07-25T09:21:15.591+0000] {logging_mixin.py:190} INFO - [2026-07-25T09:21:15.591+0000] {dag.py:4180} INFO - Setting next_dagrun for example_skip_dag to 2026-07-24 00:00:00+00:00, run_after=2026-07-25 00:00:00+00:00
[2026-07-25T09:21:15.603+0000] {processor.py:208} INFO - Processing /home/airflow/.local/lib/python3.12/site-packages/airflow/example_dags/example_skip_dag.py took 0.055 seconds
[2026-07-25T09:21:45.701+0000] {processor.py:186} INFO - Started process (PID=202) to work on /home/airflow/.local/lib/python3.12/site-packages/airflow/example_dags/example_skip_dag.py
[2026-07-25T09:21:45.702+0000] {processor.py:914} INFO - Processing file /home/airflow/.local/lib/python3.12/site-packages/airflow/example_dags/example_skip_dag.py for tasks to queue
[2026-07-25T09:21:45.703+0000] {logging_mixin.py:190} INFO - [2026-07-25T09:21:45.703+0000] {dagbag.py:588} INFO - Filling up the DagBag from /home/airflow/.local/lib/python3.12/site-packages/airflow/example_dags/example_skip_dag.py
[2026-07-25T09:21:45.708+0000] {processor.py:925} INFO - DAG(s) 'example_skip_dag' retrieved from /home/airflow/.local/lib/python3.12/site-packages/airflow/example_dags/example_skip_dag.py
[2026-07-25T09:21:45.722+0000] {logging_mixin.py:190} INFO - [2026-07-25T09:21:45.722+0000] {dag.py:3239} INFO - Sync 1 DAGs
[2026-07-25T09:21:45.735+0000] {logging_mixin.py:190} INFO - [2026-07-25T09:21:45.735+0000] {dag.py:4180} INFO - Setting next_dagrun for example_skip_dag to 2026-07-24 00:00:00+00:00, run_after=2026-07-25 00:00:00+00:00
[2026-07-25T09:21:45.747+0000] {processor.py:208} INFO - Processing /home/airflow/.local/lib/python3.12/site-packages/airflow/example_dags/example_skip_dag.py took 0.050 seconds
[2026-07-25T09:22:16.141+0000] {processor.py:186} INFO - Started process (PID=271) to work on /home/airflow/.local/lib/python3.12/site-packages/airflow/example_dags/example_skip_dag.py
[2026-07-25T09:22:16.142+0000] {processor.py:914} INFO - Processing file /home/airflow/.local/lib/python3.12/site-packages/airflow/example_dags/example_skip_dag.py for tasks to queue
[2026-07-25T09:22:16.145+0000] {logging_mixin.py:190} INFO - [2026-07-25T09:22:16.144+0000] {dagbag.py:588} INFO - Filling up the DagBag from /home/airflow/.local/lib/python3.12/site-packages/airflow/example_dags/example_skip_dag.py
[2026-07-25T09:22:16.151+0000] {processor.py:925} INFO - DAG(s) 'example_skip_dag' retrieved from /home/airflow/.local/lib/python3.12/site-packages/airflow/example_dags/example_skip_dag.py
[2026-07-25T09:22:16.166+0000] {logging_mixin.py:190} INFO - [2026-07-25T09:22:16.166+0000] {dag.py:3239} INFO - Sync 1 DAGs
[2026-07-25T09:22:16.181+0000] {logging_mixin.py:190} INFO - [2026-07-25T09:22:16.181+0000] {dag.py:4180} INFO - Setting next_dagrun for example_skip_dag to 2026-07-24 00:00:00+00:00, run_after=2026-07-25 00:00:00+00:00
[2026-07-25T09:22:16.194+0000] {processor.py:208} INFO - Processing /home/airflow/.local/lib/python3.12/site-packages/airflow/example_dags/example_skip_dag.py took 0.057 seconds
[2026-07-25T09:23:56.371+0000] {processor.py:186} INFO - Started process (PID=76) to work on /home/airflow/.local/lib/python3.12/site-packages/airflow/example_dags/example_skip_dag.py
[2026-07-25T09:23:56.373+0000] {processor.py:914} INFO - Processing file /home/airflow/.local/lib/python3.12/site-packages/airflow/example_dags/example_skip_dag.py for tasks to queue
[2026-07-25T09:23:56.375+0000] {logging_mixin.py:190} INFO - [2026-07-25T09:23:56.375+0000] {dagbag.py:588} INFO - Filling up the DagBag from /home/airflow/.local/lib/python3.12/site-packages/airflow/example_dags/example_skip_dag.py
[2026-07-25T09:23:56.385+0000] {processor.py:925} INFO - DAG(s) 'example_skip_dag' retrieved from /home/airflow/.local/lib/python3.12/site-packages/airflow/example_dags/example_skip_dag.py
[2026-07-25T09:23:56.410+0000] {logging_mixin.py:190} INFO - [2026-07-25T09:23:56.410+0000] {dag.py:3239} INFO - Sync 1 DAGs
[2026-07-25T09:23:56.430+0000] {logging_mixin.py:190} INFO - [2026-07-25T09:23:56.429+0000] {dag.py:4180} INFO - Setting next_dagrun for example_skip_dag to 2026-07-24 00:00:00+00:00, run_after=2026-07-25 00:00:00+00:00
[2026-07-25T09:23:56.443+0000] {processor.py:208} INFO - Processing /home/airflow/.local/lib/python3.12/site-packages/airflow/example_dags/example_skip_dag.py took 0.077 seconds
[2026-07-25T09:24:28.134+0000] {processor.py:186} INFO - Started process (PID=145) to work on /home/airflow/.local/lib/python3.12/site-packages/airflow/example_dags/example_skip_dag.py
[2026-07-25T09:24:28.135+0000] {processor.py:914} INFO - Processing file /home/airflow/.local/lib/python3.12/site-packages/airflow/example_dags/example_skip_dag.py for tasks to queue
[2026-07-25T09:24:28.137+0000] {logging_mixin.py:190} INFO - [2026-07-25T09:24:28.137+0000] {dagbag.py:588} INFO - Filling up the DagBag from /home/airflow/.local/lib/python3.12/site-packages/airflow/example_dags/example_skip_dag.py
[2026-07-25T09:24:28.142+0000] {processor.py:925} INFO - DAG(s) 'example_skip_dag' retrieved from /home/airflow/.local/lib/python3.12/site-packages/airflow/example_dags/example_skip_dag.py
[2026-07-25T09:24:28.155+0000] {logging_mixin.py:190} INFO - [2026-07-25T09:24:28.155+0000] {dag.py:3239} INFO - Sync 1 DAGs
[2026-07-25T09:24:28.167+0000] {logging_mixin.py:190} INFO - [2026-07-25T09:24:28.167+0000] {dag.py:4180} INFO - Setting next_dagrun for example_skip_dag to 2026-07-24 00:00:00+00:00, run_after=2026-07-25 00:00:00+00:00
[2026-07-25T09:24:28.185+0000] {processor.py:208} INFO - Processing /home/airflow/.local/lib/python3.12/site-packages/airflow/example_dags/example_skip_dag.py took 0.054 seconds
[2026-07-25T09:24:58.802+0000] {processor.py:186} INFO - Started process (PID=208) to work on /home/airflow/.local/lib/python3.12/site-packages/airflow/example_dags/example_skip_dag.py
[2026-07-25T09:24:58.803+0000] {processor.py:914} INFO - Processing file /home/airflow/.local/lib/python3.12/site-packages/airflow/example_dags/example_skip_dag.py for tasks to queue
[2026-07-25T09:24:58.805+0000] {logging_mixin.py:190} INFO - [2026-07-25T09:24:58.805+0000] {dagbag.py:588} INFO - Filling up the DagBag from /home/airflow/.local/lib/python3.12/site-packages/airflow/example_dags/example_skip_dag.py
[2026-07-25T09:24:58.811+0000] {processor.py:925} INFO - DAG(s) 'example_skip_dag' retrieved from /home/airflow/.local/lib/python3.12/site-packages/airflow/example_dags/example_skip_dag.py
[2026-07-25T09:24:58.826+0000] {logging_mixin.py:190} INFO - [2026-07-25T09:24:58.825+0000] {dag.py:3239} INFO - Sync 1 DAGs
[2026-07-25T09:24:58.838+0000] {logging_mixin.py:190} INFO - [2026-07-25T09:24:58.838+0000] {dag.py:4180} INFO - Setting next_dagrun for example_skip_dag to 2026-07-24 00:00:00+00:00, run_after=2026-07-25 00:00:00+00:00
[2026-07-25T09:24:58.849+0000] {processor.py:208} INFO - Processing /home/airflow/.local/lib/python3.12/site-packages/airflow/example_dags/example_skip_dag.py took 0.051 seconds
[2026-07-25T09:25:29.666+0000] {processor.py:186} INFO - Started process (PID=271) to work on /home/airflow/.local/lib/python3.12/site-packages/airflow/example_dags/example_skip_dag.py
[2026-07-25T09:25:29.666+0000] {processor.py:914} INFO - Processing file /home/airflow/.local/lib/python3.12/site-packages/airflow/example_dags/example_skip_dag.py for tasks to queue
[2026-07-25T09:25:29.668+0000] {logging_mixin.py:190} INFO - [2026-07-25T09:25:29.668+0000] {dagbag.py:588} INFO - Filling up the DagBag from /home/airflow/.local/lib/python3.12/site-packages/airflow/example_dags/example_skip_dag.py
[2026-07-25T09:25:29.674+0000] {processor.py:925} INFO - DAG(s) 'example_skip_dag' retrieved from /home/airflow/.local/lib/python3.12/site-packages/airflow/example_dags/example_skip_dag.py
[2026-07-25T09:25:29.690+0000] {logging_mixin.py:190} INFO - [2026-07-25T09:25:29.690+0000] {dag.py:3239} INFO - Sync 1 DAGs
[2026-07-25T09:25:29.706+0000] {logging_mixin.py:190} INFO - [2026-07-25T09:25:29.705+0000] {dag.py:4180} INFO - Setting next_dagrun for example_skip_dag to 2026-07-24 00:00:00+00:00, run_after=2026-07-25 00:00:00+00:00
[2026-07-25T09:25:29.733+0000] {processor.py:208} INFO - Processing /home/airflow/.local/lib/python3.12/site-packages/airflow/example_dags/example_skip_dag.py took 0.072 seconds
[2026-07-25T09:26:49.250+0000] {processor.py:186} INFO - Started process (PID=76) to work on /home/airflow/.local/lib/python3.12/site-packages/airflow/example_dags/example_skip_dag.py
[2026-07-25T09:26:49.251+0000] {processor.py:914} INFO - Processing file /home/airflow/.local/lib/python3.12/site-packages/airflow/example_dags/example_skip_dag.py for tasks to queue
[2026-07-25T09:26:49.254+0000] {logging_mixin.py:190} INFO - [2026-07-25T09:26:49.253+0000] {dagbag.py:588} INFO - Filling up the DagBag from /home/airflow/.local/lib/python3.12/site-packages/airflow/example_dags/example_skip_dag.py
[2026-07-25T09:26:49.265+0000] {processor.py:925} INFO - DAG(s) 'example_skip_dag' retrieved from /home/airflow/.local/lib/python3.12/site-packages/airflow/example_dags/example_skip_dag.py
[2026-07-25T09:26:49.354+0000] {logging_mixin.py:190} INFO - [2026-07-25T09:26:49.354+0000] {override.py:1932} INFO - Created Permission View: can edit on DAG:example_skip_dag
[2026-07-25T09:26:49.362+0000] {logging_mixin.py:190} INFO - [2026-07-25T09:26:49.361+0000] {override.py:1932} INFO - Created Permission View: can read on DAG:example_skip_dag
[2026-07-25T09:26:49.367+0000] {logging_mixin.py:190} INFO - [2026-07-25T09:26:49.367+0000] {override.py:1932} INFO - Created Permission View: can delete on DAG:example_skip_dag
[2026-07-25T09:26:49.374+0000] {logging_mixin.py:190} INFO - [2026-07-25T09:26:49.373+0000] {override.py:1932} INFO - Created Permission View: menu access on DAG Run:example_skip_dag
[2026-07-25T09:26:49.380+0000] {logging_mixin.py:190} INFO - [2026-07-25T09:26:49.380+0000] {override.py:1932} INFO - Created Permission View: can read on DAG Run:example_skip_dag
[2026-07-25T09:26:49.387+0000] {logging_mixin.py:190} INFO - [2026-07-25T09:26:49.386+0000] {override.py:1932} INFO - Created Permission View: can create on DAG Run:example_skip_dag
[2026-07-25T09:26:49.393+0000] {logging_mixin.py:190} INFO - [2026-07-25T09:26:49.393+0000] {override.py:1932} INFO - Created Permission View: can delete on DAG Run:example_skip_dag
[2026-07-25T09:26:49.394+0000] {logging_mixin.py:190} INFO - [2026-07-25T09:26:49.394+0000] {dag.py:3239} INFO - Sync 1 DAGs
[2026-07-25T09:26:49.405+0000] {logging_mixin.py:190} INFO - [2026-07-25T09:26:49.405+0000] {dag.py:3262} INFO - Creating ORM DAG for example_skip_dag
[2026-07-25T09:26:49.414+0000] {logging_mixin.py:190} INFO - [2026-07-25T09:26:49.414+0000] {dag.py:4180} INFO - Setting next_dagrun for example_skip_dag to 2026-07-24 00:00:00+00:00, run_after=2026-07-25 00:00:00+00:00
[2026-07-25T09:26:49.428+0000] {processor.py:208} INFO - Processing /home/airflow/.local/lib/python3.12/site-packages/airflow/example_dags/example_skip_dag.py took 0.182 seconds
[2026-07-25T09:27:20.160+0000] {processor.py:186} INFO - Started process (PID=145) to work on /home/airflow/.local/lib/python3.12/site-packages/airflow/example_dags/example_skip_dag.py
[2026-07-25T09:27:20.161+0000] {processor.py:914} INFO - Processing file /home/airflow/.local/lib/python3.12/site-packages/airflow/example_dags/example_skip_dag.py for tasks to queue
[2026-07-25T09:27:20.163+0000] {logging_mixin.py:190} INFO - [2026-07-25T09:27:20.163+0000] {dagbag.py:588} INFO - Filling up the DagBag from /home/airflow/.local/lib/python3.12/site-packages/airflow/example_dags/example_skip_dag.py
[2026-07-25T09:27:20.170+0000] {processor.py:925} INFO - DAG(s) 'example_skip_dag' retrieved from /home/airflow/.local/lib/python3.12/site-packages/airflow/example_dags/example_skip_dag.py
[2026-07-25T09:27:20.187+0000] {logging_mixin.py:190} INFO - [2026-07-25T09:27:20.186+0000] {dag.py:3239} INFO - Sync 1 DAGs
[2026-07-25T09:27:20.201+0000] {logging_mixin.py:190} INFO - [2026-07-25T09:27:20.201+0000] {dag.py:4180} INFO - Setting next_dagrun for example_skip_dag to 2026-07-24 00:00:00+00:00, run_after=2026-07-25 00:00:00+00:00
[2026-07-25T09:27:20.213+0000] {processor.py:208} INFO - Processing /home/airflow/.local/lib/python3.12/site-packages/airflow/example_dags/example_skip_dag.py took 0.059 seconds
[2026-07-25T09:27:50.459+0000] {processor.py:186} INFO - Started process (PID=208) to work on /home/airflow/.local/lib/python3.12/site-packages/airflow/example_dags/example_skip_dag.py
[2026-07-25T09:27:50.460+0000] {processor.py:914} INFO - Processing file /home/airflow/.local/lib/python3.12/site-packages/airflow/example_dags/example_skip_dag.py for tasks to queue
[2026-07-25T09:27:50.462+0000] {logging_mixin.py:190} INFO - [2026-07-25T09:27:50.462+0000] {dagbag.py:588} INFO - Filling up the DagBag from /home/airflow/.local/lib/python3.12/site-packages/airflow/example_dags/example_skip_dag.py
[2026-07-25T09:27:50.468+0000] {processor.py:925} INFO - DAG(s) 'example_skip_dag' retrieved from /home/airflow/.local/lib/python3.12/site-packages/airflow/example_dags/example_skip_dag.py
[2026-07-25T09:27:50.482+0000] {logging_mixin.py:190} INFO - [2026-07-25T09:27:50.482+0000] {dag.py:3239} INFO - Sync 1 DAGs
[2026-07-25T09:27:50.497+0000] {logging_mixin.py:190} INFO - [2026-07-25T09:27:50.497+0000] {dag.py:4180} INFO - Setting next_dagrun for example_skip_dag to 2026-07-24 00:00:00+00:00, run_after=2026-07-25 00:00:00+00:00
[2026-07-25T09:27:50.508+0000] {processor.py:208} INFO - Processing /home/airflow/.local/lib/python3.12/site-packages/airflow/example_dags/example_skip_dag.py took 0.053 seconds
[2026-07-25T09:28:20.880+0000] {processor.py:186} INFO - Started process (PID=271) to work on /home/airflow/.local/lib/python3.12/site-packages/airflow/example_dags/example_skip_dag.py
[2026-07-25T09:28:20.881+0000] {processor.py:914} INFO - Processing file /home/airflow/.local/lib/python3.12/site-packages/airflow/example_dags/example_skip_dag.py for tasks to queue
[2026-07-25T09:28:20.883+0000] {logging_mixin.py:190} INFO - [2026-07-25T09:28:20.883+0000] {dagbag.py:588} INFO - Filling up the DagBag from /home/airflow/.local/lib/python3.12/site-packages/airflow/example_dags/example_skip_dag.py
[2026-07-25T09:28:20.888+0000] {processor.py:925} INFO - DAG(s) 'example_skip_dag' retrieved from /home/airflow/.local/lib/python3.12/site-packages/airflow/example_dags/example_skip_dag.py
[2026-07-25T09:28:20.902+0000] {logging_mixin.py:190} INFO - [2026-07-25T09:28:20.902+0000] {dag.py:3239} INFO - Sync 1 DAGs
[2026-07-25T09:28:20.916+0000] {logging_mixin.py:190} INFO - [2026-07-25T09:28:20.916+0000] {dag.py:4180} INFO - Setting next_dagrun for example_skip_dag to 2026-07-24 00:00:00+00:00, run_after=2026-07-25 00:00:00+00:00
[2026-07-25T09:28:20.927+0000] {processor.py:208} INFO - Processing /home/airflow/.local/lib/python3.12/site-packages/airflow/example_dags/example_skip_dag.py took 0.051 seconds
[2026-07-25T09:28:51.500+0000] {processor.py:186} INFO - Started process (PID=334) to work on /home/airflow/.local/lib/python3.12/site-packages/airflow/example_dags/example_skip_dag.py
[2026-07-25T09:28:51.501+0000] {processor.py:914} INFO - Processing file /home/airflow/.local/lib/python3.12/site-packages/airflow/example_dags/example_skip_dag.py for tasks to queue
[2026-07-25T09:28:51.503+0000] {logging_mixin.py:190} INFO - [2026-07-25T09:28:51.502+0000] {dagbag.py:588} INFO - Filling up the DagBag from /home/airflow/.local/lib/python3.12/site-packages/airflow/example_dags/example_skip_dag.py
[2026-07-25T09:28:51.508+0000] {processor.py:925} INFO - DAG(s) 'example_skip_dag' retrieved from /home/airflow/.local/lib/python3.12/site-packages/airflow/example_dags/example_skip_dag.py
[2026-07-25T09:28:51.525+0000] {logging_mixin.py:190} INFO - [2026-07-25T09:28:51.525+0000] {dag.py:3239} INFO - Sync 1 DAGs
[2026-07-25T09:28:51.544+0000] {logging_mixin.py:190} INFO - [2026-07-25T09:28:51.544+0000] {dag.py:4180} INFO - Setting next_dagrun for example_skip_dag to 2026-07-24 00:00:00+00:00, run_after=2026-07-25 00:00:00+00:00
[2026-07-25T09:28:51.557+0000] {processor.py:208} INFO - Processing /home/airflow/.local/lib/python3.12/site-packages/airflow/example_dags/example_skip_dag.py took 0.062 seconds
[2026-07-25T09:29:23.644+0000] {processor.py:186} INFO - Started process (PID=397) to work on /home/airflow/.local/lib/python3.12/site-packages/airflow/example_dags/example_skip_dag.py
[2026-07-25T09:29:23.645+0000] {processor.py:914} INFO - Processing file /home/airflow/.local/lib/python3.12/site-packages/airflow/example_dags/example_skip_dag.py for tasks to queue
[2026-07-25T09:29:23.647+0000] {logging_mixin.py:190} INFO - [2026-07-25T09:29:23.646+0000] {dagbag.py:588} INFO - Filling up the DagBag from /home/airflow/.local/lib/python3.12/site-packages/airflow/example_dags/example_skip_dag.py
[2026-07-25T09:29:23.653+0000] {processor.py:925} INFO - DAG(s) 'example_skip_dag' retrieved from /home/airflow/.local/lib/python3.12/site-packages/airflow/example_dags/example_skip_dag.py
[2026-07-25T09:29:23.668+0000] {logging_mixin.py:190} INFO - [2026-07-25T09:29:23.668+0000] {dag.py:3239} INFO - Sync 1 DAGs
[2026-07-25T09:29:23.682+0000] {logging_mixin.py:190} INFO - [2026-07-25T09:29:23.681+0000] {dag.py:4180} INFO - Setting next_dagrun for example_skip_dag to 2026-07-24 00:00:00+00:00, run_after=2026-07-25 00:00:00+00:00
[2026-07-25T09:29:23.694+0000] {processor.py:208} INFO - Processing /home/airflow/.local/lib/python3.12/site-packages/airflow/example_dags/example_skip_dag.py took 0.055 seconds
[2026-07-25T09:29:57.224+0000] {processor.py:186} INFO - Started process (PID=460) to work on /home/airflow/.local/lib/python3.12/site-packages/airflow/example_dags/example_skip_dag.py
[2026-07-25T09:29:57.225+0000] {processor.py:914} INFO - Processing file /home/airflow/.local/lib/python3.12/site-packages/airflow/example_dags/example_skip_dag.py for tasks to queue
[2026-07-25T09:29:57.228+0000] {logging_mixin.py:190} INFO - [2026-07-25T09:29:57.227+0000] {dagbag.py:588} INFO - Filling up the DagBag from /home/airflow/.local/lib/python3.12/site-packages/airflow/example_dags/example_skip_dag.py
[2026-07-25T09:29:57.237+0000] {processor.py:925} INFO - DAG(s) 'example_skip_dag' retrieved from /home/airflow/.local/lib/python3.12/site-packages/airflow/example_dags/example_skip_dag.py
[2026-07-25T09:29:57.253+0000] {logging_mixin.py:190} INFO - [2026-07-25T09:29:57.253+0000] {dag.py:3239} INFO - Sync 1 DAGs
[2026-07-25T09:29:57.267+0000] {logging_mixin.py:190} INFO - [2026-07-25T09:29:57.267+0000] {dag.py:4180} INFO - Setting next_dagrun for example_skip_dag to 2026-07-24 00:00:00+00:00, run_after=2026-07-25 00:00:00+00:00
[2026-07-25T09:29:57.279+0000] {processor.py:208} INFO - Processing /home/airflow/.local/lib/python3.12/site-packages/airflow/example_dags/example_skip_dag.py took 0.060 seconds
[2026-07-25T09:30:27.352+0000] {processor.py:186} INFO - Started process (PID=521) to work on /home/airflow/.local/lib/python3.12/site-packages/airflow/example_dags/example_skip_dag.py
[2026-07-25T09:30:27.353+0000] {processor.py:914} INFO - Processing file /home/airflow/.local/lib/python3.12/site-packages/airflow/example_dags/example_skip_dag.py for tasks to queue
[2026-07-25T09:30:27.355+0000] {logging_mixin.py:190} INFO - [2026-07-25T09:30:27.354+0000] {dagbag.py:588} INFO - Filling up the DagBag from /home/airflow/.local/lib/python3.12/site-packages/airflow/example_dags/example_skip_dag.py
[2026-07-25T09:30:27.360+0000] {processor.py:925} INFO - DAG(s) 'example_skip_dag' retrieved from /home/airflow/.local/lib/python3.12/site-packages/airflow/example_dags/example_skip_dag.py
[2026-07-25T09:30:27.373+0000] {logging_mixin.py:190} INFO - [2026-07-25T09:30:27.373+0000] {dag.py:3239} INFO - Sync 1 DAGs
[2026-07-25T09:30:27.387+0000] {logging_mixin.py:190} INFO - [2026-07-25T09:30:27.387+0000] {dag.py:4180} INFO - Setting next_dagrun for example_skip_dag to 2026-07-24 00:00:00+00:00, run_after=2026-07-25 00:00:00+00:00
[2026-07-25T09:30:27.398+0000] {processor.py:208} INFO - Processing /home/airflow/.local/lib/python3.12/site-packages/airflow/example_dags/example_skip_dag.py took 0.050 seconds
