[2026-07-25T09:06:12.960+0000] {processor.py:186} INFO - Started process (PID=74) to work on /home/airflow/.local/lib/python3.12/site-packages/airflow/example_dags/example_short_circuit_decorator.py
[2026-07-25T09:06:12.962+0000] {processor.py:914} INFO - Processing file /home/airflow/.local/lib/python3.12/site-packages/airflow/example_dags/example_short_circuit_decorator.py for tasks to queue
[2026-07-25T09:06:12.964+0000] {logging_mixin.py:190} INFO - [2026-07-25T09:06:12.964+0000] {dagbag.py:588} INFO - Filling up the DagBag from /home/airflow/.local/lib/python3.12/site-packages/airflow/example_dags/example_short_circuit_decorator.py
[2026-07-25T09:06:12.981+0000] {processor.py:925} INFO - DAG(s) 'example_short_circuit_decorator' retrieved from /home/airflow/.local/lib/python3.12/site-packages/airflow/example_dags/example_short_circuit_decorator.py
[2026-07-25T09:06:13.068+0000] {logging_mixin.py:190} INFO - [2026-07-25T09:06:13.068+0000] {override.py:1932} INFO - Created Permission View: can edit on DAG:example_short_circuit_decorator
[2026-07-25T09:06:13.077+0000] {logging_mixin.py:190} INFO - [2026-07-25T09:06:13.076+0000] {override.py:1932} INFO - Created Permission View: can read on DAG:example_short_circuit_decorator
[2026-07-25T09:06:13.082+0000] {logging_mixin.py:190} INFO - [2026-07-25T09:06:13.082+0000] {override.py:1932} INFO - Created Permission View: can delete on DAG:example_short_circuit_decorator
[2026-07-25T09:06:13.090+0000] {logging_mixin.py:190} INFO - [2026-07-25T09:06:13.090+0000] {override.py:1932} INFO - Created Permission View: can create on DAG Run:example_short_circuit_decorator
[2026-07-25T09:06:13.097+0000] {logging_mixin.py:190} INFO - [2026-07-25T09:06:13.097+0000] {override.py:1932} INFO - Created Permission View: can read on DAG Run:example_short_circuit_decorator
[2026-07-25T09:06:13.106+0000] {logging_mixin.py:190} INFO - [2026-07-25T09:06:13.106+0000] {override.py:1932} INFO - Created Permission View: can delete on DAG Run:example_short_circuit_decorator
[2026-07-25T09:06:13.114+0000] {logging_mixin.py:190} INFO - [2026-07-25T09:06:13.114+0000] {override.py:1932} INFO - Created Permission View: menu access on DAG Run:example_short_circuit_decorator
[2026-07-25T09:06:13.115+0000] {logging_mixin.py:190} INFO - [2026-07-25T09:06:13.115+0000] {dag.py:3239} INFO - Sync 1 DAGs
[2026-07-25T09:06:13.124+0000] {logging_mixin.py:190} INFO - [2026-07-25T09:06:13.124+0000] {dag.py:3262} INFO - Creating ORM DAG for example_short_circuit_decorator
[2026-07-25T09:06:13.125+0000] {logging_mixin.py:190} INFO - [2026-07-25T09:06:13.125+0000] {dag.py:4180} INFO - Setting next_dagrun for example_short_circuit_decorator to None, run_after=None
[2026-07-25T09:06:13.136+0000] {processor.py:208} INFO - Processing /home/airflow/.local/lib/python3.12/site-packages/airflow/example_dags/example_short_circuit_decorator.py took 0.182 seconds
[2026-07-25T09:06:43.485+0000] {processor.py:186} INFO - Started process (PID=137) to work on /home/airflow/.local/lib/python3.12/site-packages/airflow/example_dags/example_short_circuit_decorator.py
[2026-07-25T09:06:43.486+0000] {processor.py:914} INFO - Processing file /home/airflow/.local/lib/python3.12/site-packages/airflow/example_dags/example_short_circuit_decorator.py for tasks to queue
[2026-07-25T09:06:43.488+0000] {logging_mixin.py:190} INFO - [2026-07-25T09:06:43.488+0000] {dagbag.py:588} INFO - Filling up the DagBag from /home/airflow/.local/lib/python3.12/site-packages/airflow/example_dags/example_short_circuit_decorator.py
[2026-07-25T09:06:43.495+0000] {processor.py:925} INFO - DAG(s) 'example_short_circuit_decorator' retrieved from /home/airflow/.local/lib/python3.12/site-packages/airflow/example_dags/example_short_circuit_decorator.py
[2026-07-25T09:06:43.510+0000] {logging_mixin.py:190} INFO - [2026-07-25T09:06:43.510+0000] {dag.py:3239} INFO - Sync 1 DAGs
[2026-07-25T09:06:43.519+0000] {logging_mixin.py:190} INFO - [2026-07-25T09:06:43.519+0000] {dag.py:4180} INFO - Setting next_dagrun for example_short_circuit_decorator to None, run_after=None
[2026-07-25T09:06:43.531+0000] {processor.py:208} INFO - Processing /home/airflow/.local/lib/python3.12/site-packages/airflow/example_dags/example_short_circuit_decorator.py took 0.048 seconds
[2026-07-25T09:07:14.504+0000] {processor.py:186} INFO - Started process (PID=200) to work on /home/airflow/.local/lib/python3.12/site-packages/airflow/example_dags/example_short_circuit_decorator.py
[2026-07-25T09:07:14.505+0000] {processor.py:914} INFO - Processing file /home/airflow/.local/lib/python3.12/site-packages/airflow/example_dags/example_short_circuit_decorator.py for tasks to queue
[2026-07-25T09:07:14.507+0000] {logging_mixin.py:190} INFO - [2026-07-25T09:07:14.507+0000] {dagbag.py:588} INFO - Filling up the DagBag from /home/airflow/.local/lib/python3.12/site-packages/airflow/example_dags/example_short_circuit_decorator.py
[2026-07-25T09:07:14.514+0000] {processor.py:925} INFO - DAG(s) 'example_short_circuit_decorator' retrieved from /home/airflow/.local/lib/python3.12/site-packages/airflow/example_dags/example_short_circuit_decorator.py
[2026-07-25T09:07:14.528+0000] {logging_mixin.py:190} INFO - [2026-07-25T09:07:14.528+0000] {dag.py:3239} INFO - Sync 1 DAGs
[2026-07-25T09:07:14.536+0000] {logging_mixin.py:190} INFO - [2026-07-25T09:07:14.536+0000] {dag.py:4180} INFO - Setting next_dagrun for example_short_circuit_decorator to None, run_after=None
[2026-07-25T09:07:14.548+0000] {processor.py:208} INFO - Processing /home/airflow/.local/lib/python3.12/site-packages/airflow/example_dags/example_short_circuit_decorator.py took 0.047 seconds
[2026-07-25T09:07:45.006+0000] {processor.py:186} INFO - Started process (PID=263) to work on /home/airflow/.local/lib/python3.12/site-packages/airflow/example_dags/example_short_circuit_decorator.py
[2026-07-25T09:07:45.007+0000] {processor.py:914} INFO - Processing file /home/airflow/.local/lib/python3.12/site-packages/airflow/example_dags/example_short_circuit_decorator.py for tasks to queue
[2026-07-25T09:07:45.009+0000] {logging_mixin.py:190} INFO - [2026-07-25T09:07:45.009+0000] {dagbag.py:588} INFO - Filling up the DagBag from /home/airflow/.local/lib/python3.12/site-packages/airflow/example_dags/example_short_circuit_decorator.py
[2026-07-25T09:07:45.015+0000] {processor.py:925} INFO - DAG(s) 'example_short_circuit_decorator' retrieved from /home/airflow/.local/lib/python3.12/site-packages/airflow/example_dags/example_short_circuit_decorator.py
[2026-07-25T09:07:45.030+0000] {logging_mixin.py:190} INFO - [2026-07-25T09:07:45.030+0000] {dag.py:3239} INFO - Sync 1 DAGs
[2026-07-25T09:07:45.039+0000] {logging_mixin.py:190} INFO - [2026-07-25T09:07:45.039+0000] {dag.py:4180} INFO - Setting next_dagrun for example_short_circuit_decorator to None, run_after=None
[2026-07-25T09:07:45.052+0000] {processor.py:208} INFO - Processing /home/airflow/.local/lib/python3.12/site-packages/airflow/example_dags/example_short_circuit_decorator.py took 0.050 seconds
[2026-07-25T09:08:15.457+0000] {processor.py:186} INFO - Started process (PID=332) to work on /home/airflow/.local/lib/python3.12/site-packages/airflow/example_dags/example_short_circuit_decorator.py
[2026-07-25T09:08:15.458+0000] {processor.py:914} INFO - Processing file /home/airflow/.local/lib/python3.12/site-packages/airflow/example_dags/example_short_circuit_decorator.py for tasks to queue
[2026-07-25T09:08:15.459+0000] {logging_mixin.py:190} INFO - [2026-07-25T09:08:15.459+0000] {dagbag.py:588} INFO - Filling up the DagBag from /home/airflow/.local/lib/python3.12/site-packages/airflow/example_dags/example_short_circuit_decorator.py
[2026-07-25T09:08:15.466+0000] {processor.py:925} INFO - DAG(s) 'example_short_circuit_decorator' retrieved from /home/airflow/.local/lib/python3.12/site-packages/airflow/example_dags/example_short_circuit_decorator.py
[2026-07-25T09:08:15.480+0000] {logging_mixin.py:190} INFO - [2026-07-25T09:08:15.480+0000] {dag.py:3239} INFO - Sync 1 DAGs
[2026-07-25T09:08:15.488+0000] {logging_mixin.py:190} INFO - [2026-07-25T09:08:15.488+0000] {dag.py:4180} INFO - Setting next_dagrun for example_short_circuit_decorator to None, run_after=None
[2026-07-25T09:08:15.501+0000] {processor.py:208} INFO - Processing /home/airflow/.local/lib/python3.12/site-packages/airflow/example_dags/example_short_circuit_decorator.py took 0.048 seconds
[2026-07-25T09:08:46.258+0000] {processor.py:186} INFO - Started process (PID=395) to work on /home/airflow/.local/lib/python3.12/site-packages/airflow/example_dags/example_short_circuit_decorator.py
[2026-07-25T09:08:46.258+0000] {processor.py:914} INFO - Processing file /home/airflow/.local/lib/python3.12/site-packages/airflow/example_dags/example_short_circuit_decorator.py for tasks to queue
[2026-07-25T09:08:46.260+0000] {logging_mixin.py:190} INFO - [2026-07-25T09:08:46.260+0000] {dagbag.py:588} INFO - Filling up the DagBag from /home/airflow/.local/lib/python3.12/site-packages/airflow/example_dags/example_short_circuit_decorator.py
[2026-07-25T09:08:46.266+0000] {processor.py:925} INFO - DAG(s) 'example_short_circuit_decorator' retrieved from /home/airflow/.local/lib/python3.12/site-packages/airflow/example_dags/example_short_circuit_decorator.py
[2026-07-25T09:08:46.280+0000] {logging_mixin.py:190} INFO - [2026-07-25T09:08:46.280+0000] {dag.py:3239} INFO - Sync 1 DAGs
[2026-07-25T09:08:46.288+0000] {logging_mixin.py:190} INFO - [2026-07-25T09:08:46.288+0000] {dag.py:4180} INFO - Setting next_dagrun for example_short_circuit_decorator to None, run_after=None
[2026-07-25T09:08:46.298+0000] {processor.py:208} INFO - Processing /home/airflow/.local/lib/python3.12/site-packages/airflow/example_dags/example_short_circuit_decorator.py took 0.044 seconds
[2026-07-25T09:09:20.184+0000] {processor.py:186} INFO - Started process (PID=458) to work on /home/airflow/.local/lib/python3.12/site-packages/airflow/example_dags/example_short_circuit_decorator.py
[2026-07-25T09:09:20.185+0000] {processor.py:914} INFO - Processing file /home/airflow/.local/lib/python3.12/site-packages/airflow/example_dags/example_short_circuit_decorator.py for tasks to queue
[2026-07-25T09:09:20.186+0000] {logging_mixin.py:190} INFO - [2026-07-25T09:09:20.186+0000] {dagbag.py:588} INFO - Filling up the DagBag from /home/airflow/.local/lib/python3.12/site-packages/airflow/example_dags/example_short_circuit_decorator.py
[2026-07-25T09:09:20.193+0000] {processor.py:925} INFO - DAG(s) 'example_short_circuit_decorator' retrieved from /home/airflow/.local/lib/python3.12/site-packages/airflow/example_dags/example_short_circuit_decorator.py
[2026-07-25T09:09:20.207+0000] {logging_mixin.py:190} INFO - [2026-07-25T09:09:20.207+0000] {dag.py:3239} INFO - Sync 1 DAGs
[2026-07-25T09:09:20.217+0000] {logging_mixin.py:190} INFO - [2026-07-25T09:09:20.217+0000] {dag.py:4180} INFO - Setting next_dagrun for example_short_circuit_decorator to None, run_after=None
[2026-07-25T09:09:20.231+0000] {processor.py:208} INFO - Processing /home/airflow/.local/lib/python3.12/site-packages/airflow/example_dags/example_short_circuit_decorator.py took 0.051 seconds
[2026-07-25T09:09:50.478+0000] {processor.py:186} INFO - Started process (PID=520) to work on /home/airflow/.local/lib/python3.12/site-packages/airflow/example_dags/example_short_circuit_decorator.py
[2026-07-25T09:09:50.479+0000] {processor.py:914} INFO - Processing file /home/airflow/.local/lib/python3.12/site-packages/airflow/example_dags/example_short_circuit_decorator.py for tasks to queue
[2026-07-25T09:09:50.481+0000] {logging_mixin.py:190} INFO - [2026-07-25T09:09:50.481+0000] {dagbag.py:588} INFO - Filling up the DagBag from /home/airflow/.local/lib/python3.12/site-packages/airflow/example_dags/example_short_circuit_decorator.py
[2026-07-25T09:09:50.488+0000] {processor.py:925} INFO - DAG(s) 'example_short_circuit_decorator' retrieved from /home/airflow/.local/lib/python3.12/site-packages/airflow/example_dags/example_short_circuit_decorator.py
[2026-07-25T09:09:50.504+0000] {logging_mixin.py:190} INFO - [2026-07-25T09:09:50.504+0000] {dag.py:3239} INFO - Sync 1 DAGs
[2026-07-25T09:09:50.514+0000] {logging_mixin.py:190} INFO - [2026-07-25T09:09:50.514+0000] {dag.py:4180} INFO - Setting next_dagrun for example_short_circuit_decorator to None, run_after=None
[2026-07-25T09:09:50.527+0000] {processor.py:208} INFO - Processing /home/airflow/.local/lib/python3.12/site-packages/airflow/example_dags/example_short_circuit_decorator.py took 0.052 seconds
[2026-07-25T09:10:20.933+0000] {processor.py:186} INFO - Started process (PID=582) to work on /home/airflow/.local/lib/python3.12/site-packages/airflow/example_dags/example_short_circuit_decorator.py
[2026-07-25T09:10:20.934+0000] {processor.py:914} INFO - Processing file /home/airflow/.local/lib/python3.12/site-packages/airflow/example_dags/example_short_circuit_decorator.py for tasks to queue
[2026-07-25T09:10:20.936+0000] {logging_mixin.py:190} INFO - [2026-07-25T09:10:20.936+0000] {dagbag.py:588} INFO - Filling up the DagBag from /home/airflow/.local/lib/python3.12/site-packages/airflow/example_dags/example_short_circuit_decorator.py
[2026-07-25T09:10:20.944+0000] {processor.py:925} INFO - DAG(s) 'example_short_circuit_decorator' retrieved from /home/airflow/.local/lib/python3.12/site-packages/airflow/example_dags/example_short_circuit_decorator.py
[2026-07-25T09:10:20.958+0000] {logging_mixin.py:190} INFO - [2026-07-25T09:10:20.958+0000] {dag.py:3239} INFO - Sync 1 DAGs
[2026-07-25T09:10:20.966+0000] {logging_mixin.py:190} INFO - [2026-07-25T09:10:20.966+0000] {dag.py:4180} INFO - Setting next_dagrun for example_short_circuit_decorator to None, run_after=None
[2026-07-25T09:10:20.977+0000] {processor.py:208} INFO - Processing /home/airflow/.local/lib/python3.12/site-packages/airflow/example_dags/example_short_circuit_decorator.py took 0.047 seconds
[2026-07-25T09:10:51.658+0000] {processor.py:186} INFO - Started process (PID=644) to work on /home/airflow/.local/lib/python3.12/site-packages/airflow/example_dags/example_short_circuit_decorator.py
[2026-07-25T09:10:51.659+0000] {processor.py:914} INFO - Processing file /home/airflow/.local/lib/python3.12/site-packages/airflow/example_dags/example_short_circuit_decorator.py for tasks to queue
[2026-07-25T09:10:51.661+0000] {logging_mixin.py:190} INFO - [2026-07-25T09:10:51.661+0000] {dagbag.py:588} INFO - Filling up the DagBag from /home/airflow/.local/lib/python3.12/site-packages/airflow/example_dags/example_short_circuit_decorator.py
[2026-07-25T09:10:51.667+0000] {processor.py:925} INFO - DAG(s) 'example_short_circuit_decorator' retrieved from /home/airflow/.local/lib/python3.12/site-packages/airflow/example_dags/example_short_circuit_decorator.py
[2026-07-25T09:10:51.685+0000] {logging_mixin.py:190} INFO - [2026-07-25T09:10:51.685+0000] {dag.py:3239} INFO - Sync 1 DAGs
[2026-07-25T09:10:51.696+0000] {logging_mixin.py:190} INFO - [2026-07-25T09:10:51.696+0000] {dag.py:4180} INFO - Setting next_dagrun for example_short_circuit_decorator to None, run_after=None
[2026-07-25T09:10:51.709+0000] {processor.py:208} INFO - Processing /home/airflow/.local/lib/python3.12/site-packages/airflow/example_dags/example_short_circuit_decorator.py took 0.055 seconds
[2026-07-25T09:11:21.742+0000] {processor.py:186} INFO - Started process (PID=706) to work on /home/airflow/.local/lib/python3.12/site-packages/airflow/example_dags/example_short_circuit_decorator.py
[2026-07-25T09:11:21.743+0000] {processor.py:914} INFO - Processing file /home/airflow/.local/lib/python3.12/site-packages/airflow/example_dags/example_short_circuit_decorator.py for tasks to queue
[2026-07-25T09:11:21.746+0000] {logging_mixin.py:190} INFO - [2026-07-25T09:11:21.746+0000] {dagbag.py:588} INFO - Filling up the DagBag from /home/airflow/.local/lib/python3.12/site-packages/airflow/example_dags/example_short_circuit_decorator.py
[2026-07-25T09:11:21.752+0000] {processor.py:925} INFO - DAG(s) 'example_short_circuit_decorator' retrieved from /home/airflow/.local/lib/python3.12/site-packages/airflow/example_dags/example_short_circuit_decorator.py
[2026-07-25T09:11:21.768+0000] {logging_mixin.py:190} INFO - [2026-07-25T09:11:21.768+0000] {dag.py:3239} INFO - Sync 1 DAGs
[2026-07-25T09:11:21.777+0000] {logging_mixin.py:190} INFO - [2026-07-25T09:11:21.777+0000] {dag.py:4180} INFO - Setting next_dagrun for example_short_circuit_decorator to None, run_after=None
[2026-07-25T09:11:21.789+0000] {processor.py:208} INFO - Processing /home/airflow/.local/lib/python3.12/site-packages/airflow/example_dags/example_short_circuit_decorator.py took 0.050 seconds
[2026-07-25T09:11:52.097+0000] {processor.py:186} INFO - Started process (PID=766) to work on /home/airflow/.local/lib/python3.12/site-packages/airflow/example_dags/example_short_circuit_decorator.py
[2026-07-25T09:11:52.098+0000] {processor.py:914} INFO - Processing file /home/airflow/.local/lib/python3.12/site-packages/airflow/example_dags/example_short_circuit_decorator.py for tasks to queue
[2026-07-25T09:11:52.100+0000] {logging_mixin.py:190} INFO - [2026-07-25T09:11:52.100+0000] {dagbag.py:588} INFO - Filling up the DagBag from /home/airflow/.local/lib/python3.12/site-packages/airflow/example_dags/example_short_circuit_decorator.py
[2026-07-25T09:11:52.106+0000] {processor.py:925} INFO - DAG(s) 'example_short_circuit_decorator' retrieved from /home/airflow/.local/lib/python3.12/site-packages/airflow/example_dags/example_short_circuit_decorator.py
[2026-07-25T09:11:52.121+0000] {logging_mixin.py:190} INFO - [2026-07-25T09:11:52.120+0000] {dag.py:3239} INFO - Sync 1 DAGs
[2026-07-25T09:11:52.129+0000] {logging_mixin.py:190} INFO - [2026-07-25T09:11:52.129+0000] {dag.py:4180} INFO - Setting next_dagrun for example_short_circuit_decorator to None, run_after=None
[2026-07-25T09:11:52.142+0000] {processor.py:208} INFO - Processing /home/airflow/.local/lib/python3.12/site-packages/airflow/example_dags/example_short_circuit_decorator.py took 0.048 seconds
[2026-07-25T09:12:22.710+0000] {processor.py:186} INFO - Started process (PID=828) to work on /home/airflow/.local/lib/python3.12/site-packages/airflow/example_dags/example_short_circuit_decorator.py
[2026-07-25T09:12:22.711+0000] {processor.py:914} INFO - Processing file /home/airflow/.local/lib/python3.12/site-packages/airflow/example_dags/example_short_circuit_decorator.py for tasks to queue
[2026-07-25T09:12:22.713+0000] {logging_mixin.py:190} INFO - [2026-07-25T09:12:22.712+0000] {dagbag.py:588} INFO - Filling up the DagBag from /home/airflow/.local/lib/python3.12/site-packages/airflow/example_dags/example_short_circuit_decorator.py
[2026-07-25T09:12:22.719+0000] {processor.py:925} INFO - DAG(s) 'example_short_circuit_decorator' retrieved from /home/airflow/.local/lib/python3.12/site-packages/airflow/example_dags/example_short_circuit_decorator.py
[2026-07-25T09:12:22.736+0000] {logging_mixin.py:190} INFO - [2026-07-25T09:12:22.736+0000] {dag.py:3239} INFO - Sync 1 DAGs
[2026-07-25T09:12:22.745+0000] {logging_mixin.py:190} INFO - [2026-07-25T09:12:22.745+0000] {dag.py:4180} INFO - Setting next_dagrun for example_short_circuit_decorator to None, run_after=None
[2026-07-25T09:12:22.766+0000] {processor.py:208} INFO - Processing /home/airflow/.local/lib/python3.12/site-packages/airflow/example_dags/example_short_circuit_decorator.py took 0.060 seconds
[2026-07-25T09:12:52.841+0000] {processor.py:186} INFO - Started process (PID=891) to work on /home/airflow/.local/lib/python3.12/site-packages/airflow/example_dags/example_short_circuit_decorator.py
[2026-07-25T09:12:52.842+0000] {processor.py:914} INFO - Processing file /home/airflow/.local/lib/python3.12/site-packages/airflow/example_dags/example_short_circuit_decorator.py for tasks to queue
[2026-07-25T09:12:52.844+0000] {logging_mixin.py:190} INFO - [2026-07-25T09:12:52.844+0000] {dagbag.py:588} INFO - Filling up the DagBag from /home/airflow/.local/lib/python3.12/site-packages/airflow/example_dags/example_short_circuit_decorator.py
[2026-07-25T09:12:52.849+0000] {processor.py:925} INFO - DAG(s) 'example_short_circuit_decorator' retrieved from /home/airflow/.local/lib/python3.12/site-packages/airflow/example_dags/example_short_circuit_decorator.py
[2026-07-25T09:12:52.863+0000] {logging_mixin.py:190} INFO - [2026-07-25T09:12:52.863+0000] {dag.py:3239} INFO - Sync 1 DAGs
[2026-07-25T09:12:52.872+0000] {logging_mixin.py:190} INFO - [2026-07-25T09:12:52.872+0000] {dag.py:4180} INFO - Setting next_dagrun for example_short_circuit_decorator to None, run_after=None
[2026-07-25T09:12:52.884+0000] {processor.py:208} INFO - Processing /home/airflow/.local/lib/python3.12/site-packages/airflow/example_dags/example_short_circuit_decorator.py took 0.046 seconds
[2026-07-25T09:13:25.587+0000] {processor.py:186} INFO - Started process (PID=954) to work on /home/airflow/.local/lib/python3.12/site-packages/airflow/example_dags/example_short_circuit_decorator.py
[2026-07-25T09:13:25.588+0000] {processor.py:914} INFO - Processing file /home/airflow/.local/lib/python3.12/site-packages/airflow/example_dags/example_short_circuit_decorator.py for tasks to queue
[2026-07-25T09:13:25.590+0000] {logging_mixin.py:190} INFO - [2026-07-25T09:13:25.590+0000] {dagbag.py:588} INFO - Filling up the DagBag from /home/airflow/.local/lib/python3.12/site-packages/airflow/example_dags/example_short_circuit_decorator.py
[2026-07-25T09:13:25.596+0000] {processor.py:925} INFO - DAG(s) 'example_short_circuit_decorator' retrieved from /home/airflow/.local/lib/python3.12/site-packages/airflow/example_dags/example_short_circuit_decorator.py
[2026-07-25T09:13:25.610+0000] {logging_mixin.py:190} INFO - [2026-07-25T09:13:25.610+0000] {dag.py:3239} INFO - Sync 1 DAGs
[2026-07-25T09:13:25.618+0000] {logging_mixin.py:190} INFO - [2026-07-25T09:13:25.618+0000] {dag.py:4180} INFO - Setting next_dagrun for example_short_circuit_decorator to None, run_after=None
[2026-07-25T09:13:25.629+0000] {processor.py:208} INFO - Processing /home/airflow/.local/lib/python3.12/site-packages/airflow/example_dags/example_short_circuit_decorator.py took 0.046 seconds
[2026-07-25T09:13:59.010+0000] {processor.py:186} INFO - Started process (PID=1017) to work on /home/airflow/.local/lib/python3.12/site-packages/airflow/example_dags/example_short_circuit_decorator.py
[2026-07-25T09:13:59.011+0000] {processor.py:914} INFO - Processing file /home/airflow/.local/lib/python3.12/site-packages/airflow/example_dags/example_short_circuit_decorator.py for tasks to queue
[2026-07-25T09:13:59.013+0000] {logging_mixin.py:190} INFO - [2026-07-25T09:13:59.013+0000] {dagbag.py:588} INFO - Filling up the DagBag from /home/airflow/.local/lib/python3.12/site-packages/airflow/example_dags/example_short_circuit_decorator.py
[2026-07-25T09:13:59.019+0000] {processor.py:925} INFO - DAG(s) 'example_short_circuit_decorator' retrieved from /home/airflow/.local/lib/python3.12/site-packages/airflow/example_dags/example_short_circuit_decorator.py
[2026-07-25T09:13:59.034+0000] {logging_mixin.py:190} INFO - [2026-07-25T09:13:59.034+0000] {dag.py:3239} INFO - Sync 1 DAGs
[2026-07-25T09:13:59.044+0000] {logging_mixin.py:190} INFO - [2026-07-25T09:13:59.044+0000] {dag.py:4180} INFO - Setting next_dagrun for example_short_circuit_decorator to None, run_after=None
[2026-07-25T09:13:59.055+0000] {processor.py:208} INFO - Processing /home/airflow/.local/lib/python3.12/site-packages/airflow/example_dags/example_short_circuit_decorator.py took 0.049 seconds
[2026-07-25T09:14:29.773+0000] {processor.py:186} INFO - Started process (PID=1078) to work on /home/airflow/.local/lib/python3.12/site-packages/airflow/example_dags/example_short_circuit_decorator.py
[2026-07-25T09:14:29.774+0000] {processor.py:914} INFO - Processing file /home/airflow/.local/lib/python3.12/site-packages/airflow/example_dags/example_short_circuit_decorator.py for tasks to queue
[2026-07-25T09:14:29.776+0000] {logging_mixin.py:190} INFO - [2026-07-25T09:14:29.776+0000] {dagbag.py:588} INFO - Filling up the DagBag from /home/airflow/.local/lib/python3.12/site-packages/airflow/example_dags/example_short_circuit_decorator.py
[2026-07-25T09:14:29.782+0000] {processor.py:925} INFO - DAG(s) 'example_short_circuit_decorator' retrieved from /home/airflow/.local/lib/python3.12/site-packages/airflow/example_dags/example_short_circuit_decorator.py
[2026-07-25T09:14:29.797+0000] {logging_mixin.py:190} INFO - [2026-07-25T09:14:29.796+0000] {dag.py:3239} INFO - Sync 1 DAGs
[2026-07-25T09:14:29.805+0000] {logging_mixin.py:190} INFO - [2026-07-25T09:14:29.805+0000] {dag.py:4180} INFO - Setting next_dagrun for example_short_circuit_decorator to None, run_after=None
[2026-07-25T09:14:29.818+0000] {processor.py:208} INFO - Processing /home/airflow/.local/lib/python3.12/site-packages/airflow/example_dags/example_short_circuit_decorator.py took 0.049 seconds
[2026-07-25T09:15:33.145+0000] {processor.py:186} INFO - Started process (PID=74) to work on /home/airflow/.local/lib/python3.12/site-packages/airflow/example_dags/example_short_circuit_decorator.py
[2026-07-25T09:15:33.147+0000] {processor.py:914} INFO - Processing file /home/airflow/.local/lib/python3.12/site-packages/airflow/example_dags/example_short_circuit_decorator.py for tasks to queue
[2026-07-25T09:15:33.150+0000] {logging_mixin.py:190} INFO - [2026-07-25T09:15:33.149+0000] {dagbag.py:588} INFO - Filling up the DagBag from /home/airflow/.local/lib/python3.12/site-packages/airflow/example_dags/example_short_circuit_decorator.py
[2026-07-25T09:15:33.162+0000] {processor.py:925} INFO - DAG(s) 'example_short_circuit_decorator' retrieved from /home/airflow/.local/lib/python3.12/site-packages/airflow/example_dags/example_short_circuit_decorator.py
[2026-07-25T09:15:33.193+0000] {logging_mixin.py:190} INFO - [2026-07-25T09:15:33.192+0000] {dag.py:3239} INFO - Sync 1 DAGs
[2026-07-25T09:15:33.206+0000] {logging_mixin.py:190} INFO - [2026-07-25T09:15:33.206+0000] {dag.py:4180} INFO - Setting next_dagrun for example_short_circuit_decorator to None, run_after=None
[2026-07-25T09:15:33.222+0000] {processor.py:208} INFO - Processing /home/airflow/.local/lib/python3.12/site-packages/airflow/example_dags/example_short_circuit_decorator.py took 0.082 seconds
[2026-07-25T09:16:03.430+0000] {processor.py:186} INFO - Started process (PID=137) to work on /home/airflow/.local/lib/python3.12/site-packages/airflow/example_dags/example_short_circuit_decorator.py
[2026-07-25T09:16:03.432+0000] {processor.py:914} INFO - Processing file /home/airflow/.local/lib/python3.12/site-packages/airflow/example_dags/example_short_circuit_decorator.py for tasks to queue
[2026-07-25T09:16:03.435+0000] {logging_mixin.py:190} INFO - [2026-07-25T09:16:03.434+0000] {dagbag.py:588} INFO - Filling up the DagBag from /home/airflow/.local/lib/python3.12/site-packages/airflow/example_dags/example_short_circuit_decorator.py
[2026-07-25T09:16:03.442+0000] {processor.py:925} INFO - DAG(s) 'example_short_circuit_decorator' retrieved from /home/airflow/.local/lib/python3.12/site-packages/airflow/example_dags/example_short_circuit_decorator.py
[2026-07-25T09:16:03.459+0000] {logging_mixin.py:190} INFO - [2026-07-25T09:16:03.459+0000] {dag.py:3239} INFO - Sync 1 DAGs
[2026-07-25T09:16:03.469+0000] {logging_mixin.py:190} INFO - [2026-07-25T09:16:03.469+0000] {dag.py:4180} INFO - Setting next_dagrun for example_short_circuit_decorator to None, run_after=None
[2026-07-25T09:16:03.481+0000] {processor.py:208} INFO - Processing /home/airflow/.local/lib/python3.12/site-packages/airflow/example_dags/example_short_circuit_decorator.py took 0.055 seconds
[2026-07-25T09:16:34.177+0000] {processor.py:186} INFO - Started process (PID=200) to work on /home/airflow/.local/lib/python3.12/site-packages/airflow/example_dags/example_short_circuit_decorator.py
[2026-07-25T09:16:34.178+0000] {processor.py:914} INFO - Processing file /home/airflow/.local/lib/python3.12/site-packages/airflow/example_dags/example_short_circuit_decorator.py for tasks to queue
[2026-07-25T09:16:34.180+0000] {logging_mixin.py:190} INFO - [2026-07-25T09:16:34.180+0000] {dagbag.py:588} INFO - Filling up the DagBag from /home/airflow/.local/lib/python3.12/site-packages/airflow/example_dags/example_short_circuit_decorator.py
[2026-07-25T09:16:34.187+0000] {processor.py:925} INFO - DAG(s) 'example_short_circuit_decorator' retrieved from /home/airflow/.local/lib/python3.12/site-packages/airflow/example_dags/example_short_circuit_decorator.py
[2026-07-25T09:16:34.202+0000] {logging_mixin.py:190} INFO - [2026-07-25T09:16:34.202+0000] {dag.py:3239} INFO - Sync 1 DAGs
[2026-07-25T09:16:34.211+0000] {logging_mixin.py:190} INFO - [2026-07-25T09:16:34.211+0000] {dag.py:4180} INFO - Setting next_dagrun for example_short_circuit_decorator to None, run_after=None
[2026-07-25T09:16:34.222+0000] {processor.py:208} INFO - Processing /home/airflow/.local/lib/python3.12/site-packages/airflow/example_dags/example_short_circuit_decorator.py took 0.049 seconds
[2026-07-25T09:17:04.936+0000] {processor.py:186} INFO - Started process (PID=263) to work on /home/airflow/.local/lib/python3.12/site-packages/airflow/example_dags/example_short_circuit_decorator.py
[2026-07-25T09:17:04.937+0000] {processor.py:914} INFO - Processing file /home/airflow/.local/lib/python3.12/site-packages/airflow/example_dags/example_short_circuit_decorator.py for tasks to queue
[2026-07-25T09:17:04.938+0000] {logging_mixin.py:190} INFO - [2026-07-25T09:17:04.938+0000] {dagbag.py:588} INFO - Filling up the DagBag from /home/airflow/.local/lib/python3.12/site-packages/airflow/example_dags/example_short_circuit_decorator.py
[2026-07-25T09:17:04.944+0000] {processor.py:925} INFO - DAG(s) 'example_short_circuit_decorator' retrieved from /home/airflow/.local/lib/python3.12/site-packages/airflow/example_dags/example_short_circuit_decorator.py
[2026-07-25T09:17:04.958+0000] {logging_mixin.py:190} INFO - [2026-07-25T09:17:04.958+0000] {dag.py:3239} INFO - Sync 1 DAGs
[2026-07-25T09:17:04.966+0000] {logging_mixin.py:190} INFO - [2026-07-25T09:17:04.966+0000] {dag.py:4180} INFO - Setting next_dagrun for example_short_circuit_decorator to None, run_after=None
[2026-07-25T09:17:04.977+0000] {processor.py:208} INFO - Processing /home/airflow/.local/lib/python3.12/site-packages/airflow/example_dags/example_short_circuit_decorator.py took 0.044 seconds
[2026-07-25T09:17:35.330+0000] {processor.py:186} INFO - Started process (PID=326) to work on /home/airflow/.local/lib/python3.12/site-packages/airflow/example_dags/example_short_circuit_decorator.py
[2026-07-25T09:17:35.331+0000] {processor.py:914} INFO - Processing file /home/airflow/.local/lib/python3.12/site-packages/airflow/example_dags/example_short_circuit_decorator.py for tasks to queue
[2026-07-25T09:17:35.333+0000] {logging_mixin.py:190} INFO - [2026-07-25T09:17:35.333+0000] {dagbag.py:588} INFO - Filling up the DagBag from /home/airflow/.local/lib/python3.12/site-packages/airflow/example_dags/example_short_circuit_decorator.py
[2026-07-25T09:17:35.339+0000] {processor.py:925} INFO - DAG(s) 'example_short_circuit_decorator' retrieved from /home/airflow/.local/lib/python3.12/site-packages/airflow/example_dags/example_short_circuit_decorator.py
[2026-07-25T09:17:35.353+0000] {logging_mixin.py:190} INFO - [2026-07-25T09:17:35.353+0000] {dag.py:3239} INFO - Sync 1 DAGs
[2026-07-25T09:17:35.361+0000] {logging_mixin.py:190} INFO - [2026-07-25T09:17:35.361+0000] {dag.py:4180} INFO - Setting next_dagrun for example_short_circuit_decorator to None, run_after=None
[2026-07-25T09:17:35.373+0000] {processor.py:208} INFO - Processing /home/airflow/.local/lib/python3.12/site-packages/airflow/example_dags/example_short_circuit_decorator.py took 0.045 seconds
[2026-07-25T09:18:05.703+0000] {processor.py:186} INFO - Started process (PID=389) to work on /home/airflow/.local/lib/python3.12/site-packages/airflow/example_dags/example_short_circuit_decorator.py
[2026-07-25T09:18:05.704+0000] {processor.py:914} INFO - Processing file /home/airflow/.local/lib/python3.12/site-packages/airflow/example_dags/example_short_circuit_decorator.py for tasks to queue
[2026-07-25T09:18:05.705+0000] {logging_mixin.py:190} INFO - [2026-07-25T09:18:05.705+0000] {dagbag.py:588} INFO - Filling up the DagBag from /home/airflow/.local/lib/python3.12/site-packages/airflow/example_dags/example_short_circuit_decorator.py
[2026-07-25T09:18:05.712+0000] {processor.py:925} INFO - DAG(s) 'example_short_circuit_decorator' retrieved from /home/airflow/.local/lib/python3.12/site-packages/airflow/example_dags/example_short_circuit_decorator.py
[2026-07-25T09:18:05.726+0000] {logging_mixin.py:190} INFO - [2026-07-25T09:18:05.726+0000] {dag.py:3239} INFO - Sync 1 DAGs
[2026-07-25T09:18:05.734+0000] {logging_mixin.py:190} INFO - [2026-07-25T09:18:05.734+0000] {dag.py:4180} INFO - Setting next_dagrun for example_short_circuit_decorator to None, run_after=None
[2026-07-25T09:18:05.745+0000] {processor.py:208} INFO - Processing /home/airflow/.local/lib/python3.12/site-packages/airflow/example_dags/example_short_circuit_decorator.py took 0.046 seconds
[2026-07-25T09:18:36.390+0000] {processor.py:186} INFO - Started process (PID=451) to work on /home/airflow/.local/lib/python3.12/site-packages/airflow/example_dags/example_short_circuit_decorator.py
[2026-07-25T09:18:36.391+0000] {processor.py:914} INFO - Processing file /home/airflow/.local/lib/python3.12/site-packages/airflow/example_dags/example_short_circuit_decorator.py for tasks to queue
[2026-07-25T09:18:36.393+0000] {logging_mixin.py:190} INFO - [2026-07-25T09:18:36.393+0000] {dagbag.py:588} INFO - Filling up the DagBag from /home/airflow/.local/lib/python3.12/site-packages/airflow/example_dags/example_short_circuit_decorator.py
[2026-07-25T09:18:36.401+0000] {processor.py:925} INFO - DAG(s) 'example_short_circuit_decorator' retrieved from /home/airflow/.local/lib/python3.12/site-packages/airflow/example_dags/example_short_circuit_decorator.py
[2026-07-25T09:18:36.415+0000] {logging_mixin.py:190} INFO - [2026-07-25T09:18:36.415+0000] {dag.py:3239} INFO - Sync 1 DAGs
[2026-07-25T09:18:36.423+0000] {logging_mixin.py:190} INFO - [2026-07-25T09:18:36.423+0000] {dag.py:4180} INFO - Setting next_dagrun for example_short_circuit_decorator to None, run_after=None
[2026-07-25T09:18:36.435+0000] {processor.py:208} INFO - Processing /home/airflow/.local/lib/python3.12/site-packages/airflow/example_dags/example_short_circuit_decorator.py took 0.048 seconds
[2026-07-25T09:19:06.656+0000] {processor.py:186} INFO - Started process (PID=513) to work on /home/airflow/.local/lib/python3.12/site-packages/airflow/example_dags/example_short_circuit_decorator.py
[2026-07-25T09:19:06.657+0000] {processor.py:914} INFO - Processing file /home/airflow/.local/lib/python3.12/site-packages/airflow/example_dags/example_short_circuit_decorator.py for tasks to queue
[2026-07-25T09:19:06.659+0000] {logging_mixin.py:190} INFO - [2026-07-25T09:19:06.659+0000] {dagbag.py:588} INFO - Filling up the DagBag from /home/airflow/.local/lib/python3.12/site-packages/airflow/example_dags/example_short_circuit_decorator.py
[2026-07-25T09:19:06.666+0000] {processor.py:925} INFO - DAG(s) 'example_short_circuit_decorator' retrieved from /home/airflow/.local/lib/python3.12/site-packages/airflow/example_dags/example_short_circuit_decorator.py
[2026-07-25T09:19:06.682+0000] {logging_mixin.py:190} INFO - [2026-07-25T09:19:06.682+0000] {dag.py:3239} INFO - Sync 1 DAGs
[2026-07-25T09:19:06.692+0000] {logging_mixin.py:190} INFO - [2026-07-25T09:19:06.691+0000] {dag.py:4180} INFO - Setting next_dagrun for example_short_circuit_decorator to None, run_after=None
[2026-07-25T09:19:06.706+0000] {processor.py:208} INFO - Processing /home/airflow/.local/lib/python3.12/site-packages/airflow/example_dags/example_short_circuit_decorator.py took 0.053 seconds
[2026-07-25T09:20:44.443+0000] {processor.py:186} INFO - Started process (PID=74) to work on /home/airflow/.local/lib/python3.12/site-packages/airflow/example_dags/example_short_circuit_decorator.py
[2026-07-25T09:20:44.444+0000] {processor.py:914} INFO - Processing file /home/airflow/.local/lib/python3.12/site-packages/airflow/example_dags/example_short_circuit_decorator.py for tasks to queue
[2026-07-25T09:20:44.447+0000] {logging_mixin.py:190} INFO - [2026-07-25T09:20:44.446+0000] {dagbag.py:588} INFO - Filling up the DagBag from /home/airflow/.local/lib/python3.12/site-packages/airflow/example_dags/example_short_circuit_decorator.py
[2026-07-25T09:20:44.457+0000] {processor.py:925} INFO - DAG(s) 'example_short_circuit_decorator' retrieved from /home/airflow/.local/lib/python3.12/site-packages/airflow/example_dags/example_short_circuit_decorator.py
[2026-07-25T09:20:44.483+0000] {logging_mixin.py:190} INFO - [2026-07-25T09:20:44.483+0000] {dag.py:3239} INFO - Sync 1 DAGs
[2026-07-25T09:20:44.496+0000] {logging_mixin.py:190} INFO - [2026-07-25T09:20:44.495+0000] {dag.py:4180} INFO - Setting next_dagrun for example_short_circuit_decorator to None, run_after=None
[2026-07-25T09:20:44.512+0000] {processor.py:208} INFO - Processing /home/airflow/.local/lib/python3.12/site-packages/airflow/example_dags/example_short_circuit_decorator.py took 0.074 seconds
[2026-07-25T09:21:15.465+0000] {processor.py:186} INFO - Started process (PID=137) to work on /home/airflow/.local/lib/python3.12/site-packages/airflow/example_dags/example_short_circuit_decorator.py
[2026-07-25T09:21:15.466+0000] {processor.py:914} INFO - Processing file /home/airflow/.local/lib/python3.12/site-packages/airflow/example_dags/example_short_circuit_decorator.py for tasks to queue
[2026-07-25T09:21:15.470+0000] {logging_mixin.py:190} INFO - [2026-07-25T09:21:15.470+0000] {dagbag.py:588} INFO - Filling up the DagBag from /home/airflow/.local/lib/python3.12/site-packages/airflow/example_dags/example_short_circuit_decorator.py
[2026-07-25T09:21:15.476+0000] {processor.py:925} INFO - DAG(s) 'example_short_circuit_decorator' retrieved from /home/airflow/.local/lib/python3.12/site-packages/airflow/example_dags/example_short_circuit_decorator.py
[2026-07-25T09:21:15.493+0000] {logging_mixin.py:190} INFO - [2026-07-25T09:21:15.493+0000] {dag.py:3239} INFO - Sync 1 DAGs
[2026-07-25T09:21:15.502+0000] {logging_mixin.py:190} INFO - [2026-07-25T09:21:15.502+0000] {dag.py:4180} INFO - Setting next_dagrun for example_short_circuit_decorator to None, run_after=None
[2026-07-25T09:21:15.515+0000] {processor.py:208} INFO - Processing /home/airflow/.local/lib/python3.12/site-packages/airflow/example_dags/example_short_circuit_decorator.py took 0.053 seconds
[2026-07-25T09:21:45.615+0000] {processor.py:186} INFO - Started process (PID=200) to work on /home/airflow/.local/lib/python3.12/site-packages/airflow/example_dags/example_short_circuit_decorator.py
[2026-07-25T09:21:45.616+0000] {processor.py:914} INFO - Processing file /home/airflow/.local/lib/python3.12/site-packages/airflow/example_dags/example_short_circuit_decorator.py for tasks to queue
[2026-07-25T09:21:45.619+0000] {logging_mixin.py:190} INFO - [2026-07-25T09:21:45.619+0000] {dagbag.py:588} INFO - Filling up the DagBag from /home/airflow/.local/lib/python3.12/site-packages/airflow/example_dags/example_short_circuit_decorator.py
[2026-07-25T09:21:45.629+0000] {processor.py:925} INFO - DAG(s) 'example_short_circuit_decorator' retrieved from /home/airflow/.local/lib/python3.12/site-packages/airflow/example_dags/example_short_circuit_decorator.py
[2026-07-25T09:21:45.646+0000] {logging_mixin.py:190} INFO - [2026-07-25T09:21:45.646+0000] {dag.py:3239} INFO - Sync 1 DAGs
[2026-07-25T09:21:45.656+0000] {logging_mixin.py:190} INFO - [2026-07-25T09:21:45.656+0000] {dag.py:4180} INFO - Setting next_dagrun for example_short_circuit_decorator to None, run_after=None
[2026-07-25T09:21:45.667+0000] {processor.py:208} INFO - Processing /home/airflow/.local/lib/python3.12/site-packages/airflow/example_dags/example_short_circuit_decorator.py took 0.058 seconds
[2026-07-25T09:22:16.049+0000] {processor.py:186} INFO - Started process (PID=269) to work on /home/airflow/.local/lib/python3.12/site-packages/airflow/example_dags/example_short_circuit_decorator.py
[2026-07-25T09:22:16.050+0000] {processor.py:914} INFO - Processing file /home/airflow/.local/lib/python3.12/site-packages/airflow/example_dags/example_short_circuit_decorator.py for tasks to queue
[2026-07-25T09:22:16.054+0000] {logging_mixin.py:190} INFO - [2026-07-25T09:22:16.054+0000] {dagbag.py:588} INFO - Filling up the DagBag from /home/airflow/.local/lib/python3.12/site-packages/airflow/example_dags/example_short_circuit_decorator.py
[2026-07-25T09:22:16.063+0000] {processor.py:925} INFO - DAG(s) 'example_short_circuit_decorator' retrieved from /home/airflow/.local/lib/python3.12/site-packages/airflow/example_dags/example_short_circuit_decorator.py
[2026-07-25T09:22:16.081+0000] {logging_mixin.py:190} INFO - [2026-07-25T09:22:16.081+0000] {dag.py:3239} INFO - Sync 1 DAGs
[2026-07-25T09:22:16.092+0000] {logging_mixin.py:190} INFO - [2026-07-25T09:22:16.092+0000] {dag.py:4180} INFO - Setting next_dagrun for example_short_circuit_decorator to None, run_after=None
[2026-07-25T09:22:16.105+0000] {processor.py:208} INFO - Processing /home/airflow/.local/lib/python3.12/site-packages/airflow/example_dags/example_short_circuit_decorator.py took 0.062 seconds
[2026-07-25T09:23:56.257+0000] {processor.py:186} INFO - Started process (PID=74) to work on /home/airflow/.local/lib/python3.12/site-packages/airflow/example_dags/example_short_circuit_decorator.py
[2026-07-25T09:23:56.258+0000] {processor.py:914} INFO - Processing file /home/airflow/.local/lib/python3.12/site-packages/airflow/example_dags/example_short_circuit_decorator.py for tasks to queue
[2026-07-25T09:23:56.261+0000] {logging_mixin.py:190} INFO - [2026-07-25T09:23:56.261+0000] {dagbag.py:588} INFO - Filling up the DagBag from /home/airflow/.local/lib/python3.12/site-packages/airflow/example_dags/example_short_circuit_decorator.py
[2026-07-25T09:23:56.270+0000] {processor.py:925} INFO - DAG(s) 'example_short_circuit_decorator' retrieved from /home/airflow/.local/lib/python3.12/site-packages/airflow/example_dags/example_short_circuit_decorator.py
[2026-07-25T09:23:56.299+0000] {logging_mixin.py:190} INFO - [2026-07-25T09:23:56.298+0000] {dag.py:3239} INFO - Sync 1 DAGs
[2026-07-25T09:23:56.312+0000] {logging_mixin.py:190} INFO - [2026-07-25T09:23:56.312+0000] {dag.py:4180} INFO - Setting next_dagrun for example_short_circuit_decorator to None, run_after=None
[2026-07-25T09:23:56.328+0000] {processor.py:208} INFO - Processing /home/airflow/.local/lib/python3.12/site-packages/airflow/example_dags/example_short_circuit_decorator.py took 0.077 seconds
[2026-07-25T09:24:28.055+0000] {processor.py:186} INFO - Started process (PID=143) to work on /home/airflow/.local/lib/python3.12/site-packages/airflow/example_dags/example_short_circuit_decorator.py
[2026-07-25T09:24:28.056+0000] {processor.py:914} INFO - Processing file /home/airflow/.local/lib/python3.12/site-packages/airflow/example_dags/example_short_circuit_decorator.py for tasks to queue
[2026-07-25T09:24:28.059+0000] {logging_mixin.py:190} INFO - [2026-07-25T09:24:28.059+0000] {dagbag.py:588} INFO - Filling up the DagBag from /home/airflow/.local/lib/python3.12/site-packages/airflow/example_dags/example_short_circuit_decorator.py
[2026-07-25T09:24:28.067+0000] {processor.py:925} INFO - DAG(s) 'example_short_circuit_decorator' retrieved from /home/airflow/.local/lib/python3.12/site-packages/airflow/example_dags/example_short_circuit_decorator.py
[2026-07-25T09:24:28.083+0000] {logging_mixin.py:190} INFO - [2026-07-25T09:24:28.082+0000] {dag.py:3239} INFO - Sync 1 DAGs
[2026-07-25T09:24:28.092+0000] {logging_mixin.py:190} INFO - [2026-07-25T09:24:28.092+0000] {dag.py:4180} INFO - Setting next_dagrun for example_short_circuit_decorator to None, run_after=None
[2026-07-25T09:24:28.103+0000] {processor.py:208} INFO - Processing /home/airflow/.local/lib/python3.12/site-packages/airflow/example_dags/example_short_circuit_decorator.py took 0.053 seconds
[2026-07-25T09:24:58.630+0000] {processor.py:186} INFO - Started process (PID=206) to work on /home/airflow/.local/lib/python3.12/site-packages/airflow/example_dags/example_short_circuit_decorator.py
[2026-07-25T09:24:58.631+0000] {processor.py:914} INFO - Processing file /home/airflow/.local/lib/python3.12/site-packages/airflow/example_dags/example_short_circuit_decorator.py for tasks to queue
[2026-07-25T09:24:58.633+0000] {logging_mixin.py:190} INFO - [2026-07-25T09:24:58.633+0000] {dagbag.py:588} INFO - Filling up the DagBag from /home/airflow/.local/lib/python3.12/site-packages/airflow/example_dags/example_short_circuit_decorator.py
[2026-07-25T09:24:58.639+0000] {processor.py:925} INFO - DAG(s) 'example_short_circuit_decorator' retrieved from /home/airflow/.local/lib/python3.12/site-packages/airflow/example_dags/example_short_circuit_decorator.py
[2026-07-25T09:24:58.654+0000] {logging_mixin.py:190} INFO - [2026-07-25T09:24:58.653+0000] {dag.py:3239} INFO - Sync 1 DAGs
[2026-07-25T09:24:58.662+0000] {logging_mixin.py:190} INFO - [2026-07-25T09:24:58.662+0000] {dag.py:4180} INFO - Setting next_dagrun for example_short_circuit_decorator to None, run_after=None
[2026-07-25T09:24:58.682+0000] {processor.py:208} INFO - Processing /home/airflow/.local/lib/python3.12/site-packages/airflow/example_dags/example_short_circuit_decorator.py took 0.056 seconds
[2026-07-25T09:25:29.556+0000] {processor.py:186} INFO - Started process (PID=269) to work on /home/airflow/.local/lib/python3.12/site-packages/airflow/example_dags/example_short_circuit_decorator.py
[2026-07-25T09:25:29.557+0000] {processor.py:914} INFO - Processing file /home/airflow/.local/lib/python3.12/site-packages/airflow/example_dags/example_short_circuit_decorator.py for tasks to queue
[2026-07-25T09:25:29.560+0000] {logging_mixin.py:190} INFO - [2026-07-25T09:25:29.560+0000] {dagbag.py:588} INFO - Filling up the DagBag from /home/airflow/.local/lib/python3.12/site-packages/airflow/example_dags/example_short_circuit_decorator.py
[2026-07-25T09:25:29.568+0000] {processor.py:925} INFO - DAG(s) 'example_short_circuit_decorator' retrieved from /home/airflow/.local/lib/python3.12/site-packages/airflow/example_dags/example_short_circuit_decorator.py
[2026-07-25T09:25:29.586+0000] {logging_mixin.py:190} INFO - [2026-07-25T09:25:29.586+0000] {dag.py:3239} INFO - Sync 1 DAGs
[2026-07-25T09:25:29.598+0000] {logging_mixin.py:190} INFO - [2026-07-25T09:25:29.597+0000] {dag.py:4180} INFO - Setting next_dagrun for example_short_circuit_decorator to None, run_after=None
[2026-07-25T09:25:29.625+0000] {processor.py:208} INFO - Processing /home/airflow/.local/lib/python3.12/site-packages/airflow/example_dags/example_short_circuit_decorator.py took 0.076 seconds
[2026-07-25T09:26:49.027+0000] {processor.py:186} INFO - Started process (PID=74) to work on /home/airflow/.local/lib/python3.12/site-packages/airflow/example_dags/example_short_circuit_decorator.py
[2026-07-25T09:26:49.028+0000] {processor.py:914} INFO - Processing file /home/airflow/.local/lib/python3.12/site-packages/airflow/example_dags/example_short_circuit_decorator.py for tasks to queue
[2026-07-25T09:26:49.031+0000] {logging_mixin.py:190} INFO - [2026-07-25T09:26:49.030+0000] {dagbag.py:588} INFO - Filling up the DagBag from /home/airflow/.local/lib/python3.12/site-packages/airflow/example_dags/example_short_circuit_decorator.py
[2026-07-25T09:26:49.043+0000] {processor.py:925} INFO - DAG(s) 'example_short_circuit_decorator' retrieved from /home/airflow/.local/lib/python3.12/site-packages/airflow/example_dags/example_short_circuit_decorator.py
[2026-07-25T09:26:49.142+0000] {logging_mixin.py:190} INFO - [2026-07-25T09:26:49.141+0000] {override.py:1932} INFO - Created Permission View: can edit on DAG:example_short_circuit_decorator
[2026-07-25T09:26:49.149+0000] {logging_mixin.py:190} INFO - [2026-07-25T09:26:49.149+0000] {override.py:1932} INFO - Created Permission View: can read on DAG:example_short_circuit_decorator
[2026-07-25T09:26:49.155+0000] {logging_mixin.py:190} INFO - [2026-07-25T09:26:49.155+0000] {override.py:1932} INFO - Created Permission View: can delete on DAG:example_short_circuit_decorator
[2026-07-25T09:26:49.162+0000] {logging_mixin.py:190} INFO - [2026-07-25T09:26:49.162+0000] {override.py:1932} INFO - Created Permission View: menu access on DAG Run:example_short_circuit_decorator
[2026-07-25T09:26:49.167+0000] {logging_mixin.py:190} INFO - [2026-07-25T09:26:49.167+0000] {override.py:1932} INFO - Created Permission View: can read on DAG Run:example_short_circuit_decorator
[2026-07-25T09:26:49.173+0000] {logging_mixin.py:190} INFO - [2026-07-25T09:26:49.172+0000] {override.py:1932} INFO - Created Permission View: can create on DAG Run:example_short_circuit_decorator
[2026-07-25T09:26:49.178+0000] {logging_mixin.py:190} INFO - [2026-07-25T09:26:49.178+0000] {override.py:1932} INFO - Created Permission View: can delete on DAG Run:example_short_circuit_decorator
[2026-07-25T09:26:49.179+0000] {logging_mixin.py:190} INFO - [2026-07-25T09:26:49.179+0000] {dag.py:3239} INFO - Sync 1 DAGs
[2026-07-25T09:26:49.189+0000] {logging_mixin.py:190} INFO - [2026-07-25T09:26:49.189+0000] {dag.py:3262} INFO - Creating ORM DAG for example_short_circuit_decorator
[2026-07-25T09:26:49.190+0000] {logging_mixin.py:190} INFO - [2026-07-25T09:26:49.190+0000] {dag.py:4180} INFO - Setting next_dagrun for example_short_circuit_decorator to None, run_after=None
[2026-07-25T09:26:49.201+0000] {processor.py:208} INFO - Processing /home/airflow/.local/lib/python3.12/site-packages/airflow/example_dags/example_short_circuit_decorator.py took 0.180 seconds
[2026-07-25T09:27:20.051+0000] {processor.py:186} INFO - Started process (PID=137) to work on /home/airflow/.local/lib/python3.12/site-packages/airflow/example_dags/example_short_circuit_decorator.py
[2026-07-25T09:27:20.052+0000] {processor.py:914} INFO - Processing file /home/airflow/.local/lib/python3.12/site-packages/airflow/example_dags/example_short_circuit_decorator.py for tasks to queue
[2026-07-25T09:27:20.055+0000] {logging_mixin.py:190} INFO - [2026-07-25T09:27:20.054+0000] {dagbag.py:588} INFO - Filling up the DagBag from /home/airflow/.local/lib/python3.12/site-packages/airflow/example_dags/example_short_circuit_decorator.py
[2026-07-25T09:27:20.063+0000] {processor.py:925} INFO - DAG(s) 'example_short_circuit_decorator' retrieved from /home/airflow/.local/lib/python3.12/site-packages/airflow/example_dags/example_short_circuit_decorator.py
[2026-07-25T09:27:20.082+0000] {logging_mixin.py:190} INFO - [2026-07-25T09:27:20.082+0000] {dag.py:3239} INFO - Sync 1 DAGs
[2026-07-25T09:27:20.092+0000] {logging_mixin.py:190} INFO - [2026-07-25T09:27:20.092+0000] {dag.py:4180} INFO - Setting next_dagrun for example_short_circuit_decorator to None, run_after=None
[2026-07-25T09:27:20.124+0000] {processor.py:208} INFO - Processing /home/airflow/.local/lib/python3.12/site-packages/airflow/example_dags/example_short_circuit_decorator.py took 0.078 seconds
[2026-07-25T09:27:50.382+0000] {processor.py:186} INFO - Started process (PID=206) to work on /home/airflow/.local/lib/python3.12/site-packages/airflow/example_dags/example_short_circuit_decorator.py
[2026-07-25T09:27:50.383+0000] {processor.py:914} INFO - Processing file /home/airflow/.local/lib/python3.12/site-packages/airflow/example_dags/example_short_circuit_decorator.py for tasks to queue
[2026-07-25T09:27:50.385+0000] {logging_mixin.py:190} INFO - [2026-07-25T09:27:50.384+0000] {dagbag.py:588} INFO - Filling up the DagBag from /home/airflow/.local/lib/python3.12/site-packages/airflow/example_dags/example_short_circuit_decorator.py
[2026-07-25T09:27:50.391+0000] {processor.py:925} INFO - DAG(s) 'example_short_circuit_decorator' retrieved from /home/airflow/.local/lib/python3.12/site-packages/airflow/example_dags/example_short_circuit_decorator.py
[2026-07-25T09:27:50.407+0000] {logging_mixin.py:190} INFO - [2026-07-25T09:27:50.407+0000] {dag.py:3239} INFO - Sync 1 DAGs
[2026-07-25T09:27:50.416+0000] {logging_mixin.py:190} INFO - [2026-07-25T09:27:50.416+0000] {dag.py:4180} INFO - Setting next_dagrun for example_short_circuit_decorator to None, run_after=None
[2026-07-25T09:27:50.427+0000] {processor.py:208} INFO - Processing /home/airflow/.local/lib/python3.12/site-packages/airflow/example_dags/example_short_circuit_decorator.py took 0.050 seconds
[2026-07-25T09:28:20.786+0000] {processor.py:186} INFO - Started process (PID=269) to work on /home/airflow/.local/lib/python3.12/site-packages/airflow/example_dags/example_short_circuit_decorator.py
[2026-07-25T09:28:20.787+0000] {processor.py:914} INFO - Processing file /home/airflow/.local/lib/python3.12/site-packages/airflow/example_dags/example_short_circuit_decorator.py for tasks to queue
[2026-07-25T09:28:20.789+0000] {logging_mixin.py:190} INFO - [2026-07-25T09:28:20.789+0000] {dagbag.py:588} INFO - Filling up the DagBag from /home/airflow/.local/lib/python3.12/site-packages/airflow/example_dags/example_short_circuit_decorator.py
[2026-07-25T09:28:20.796+0000] {processor.py:925} INFO - DAG(s) 'example_short_circuit_decorator' retrieved from /home/airflow/.local/lib/python3.12/site-packages/airflow/example_dags/example_short_circuit_decorator.py
[2026-07-25T09:28:20.814+0000] {logging_mixin.py:190} INFO - [2026-07-25T09:28:20.814+0000] {dag.py:3239} INFO - Sync 1 DAGs
[2026-07-25T09:28:20.823+0000] {logging_mixin.py:190} INFO - [2026-07-25T09:28:20.823+0000] {dag.py:4180} INFO - Setting next_dagrun for example_short_circuit_decorator to None, run_after=None
[2026-07-25T09:28:20.849+0000] {processor.py:208} INFO - Processing /home/airflow/.local/lib/python3.12/site-packages/airflow/example_dags/example_short_circuit_decorator.py took 0.066 seconds
[2026-07-25T09:28:51.403+0000] {processor.py:186} INFO - Started process (PID=332) to work on /home/airflow/.local/lib/python3.12/site-packages/airflow/example_dags/example_short_circuit_decorator.py
[2026-07-25T09:28:51.404+0000] {processor.py:914} INFO - Processing file /home/airflow/.local/lib/python3.12/site-packages/airflow/example_dags/example_short_circuit_decorator.py for tasks to queue
[2026-07-25T09:28:51.406+0000] {logging_mixin.py:190} INFO - [2026-07-25T09:28:51.405+0000] {dagbag.py:588} INFO - Filling up the DagBag from /home/airflow/.local/lib/python3.12/site-packages/airflow/example_dags/example_short_circuit_decorator.py
[2026-07-25T09:28:51.412+0000] {processor.py:925} INFO - DAG(s) 'example_short_circuit_decorator' retrieved from /home/airflow/.local/lib/python3.12/site-packages/airflow/example_dags/example_short_circuit_decorator.py
[2026-07-25T09:28:51.429+0000] {logging_mixin.py:190} INFO - [2026-07-25T09:28:51.429+0000] {dag.py:3239} INFO - Sync 1 DAGs
[2026-07-25T09:28:51.438+0000] {logging_mixin.py:190} INFO - [2026-07-25T09:28:51.438+0000] {dag.py:4180} INFO - Setting next_dagrun for example_short_circuit_decorator to None, run_after=None
[2026-07-25T09:28:51.466+0000] {processor.py:208} INFO - Processing /home/airflow/.local/lib/python3.12/site-packages/airflow/example_dags/example_short_circuit_decorator.py took 0.067 seconds
[2026-07-25T09:29:23.526+0000] {processor.py:186} INFO - Started process (PID=395) to work on /home/airflow/.local/lib/python3.12/site-packages/airflow/example_dags/example_short_circuit_decorator.py
[2026-07-25T09:29:23.527+0000] {processor.py:914} INFO - Processing file /home/airflow/.local/lib/python3.12/site-packages/airflow/example_dags/example_short_circuit_decorator.py for tasks to queue
[2026-07-25T09:29:23.529+0000] {logging_mixin.py:190} INFO - [2026-07-25T09:29:23.528+0000] {dagbag.py:588} INFO - Filling up the DagBag from /home/airflow/.local/lib/python3.12/site-packages/airflow/example_dags/example_short_circuit_decorator.py
[2026-07-25T09:29:23.535+0000] {processor.py:925} INFO - DAG(s) 'example_short_circuit_decorator' retrieved from /home/airflow/.local/lib/python3.12/site-packages/airflow/example_dags/example_short_circuit_decorator.py
[2026-07-25T09:29:23.550+0000] {logging_mixin.py:190} INFO - [2026-07-25T09:29:23.550+0000] {dag.py:3239} INFO - Sync 1 DAGs
[2026-07-25T09:29:23.559+0000] {logging_mixin.py:190} INFO - [2026-07-25T09:29:23.559+0000] {dag.py:4180} INFO - Setting next_dagrun for example_short_circuit_decorator to None, run_after=None
[2026-07-25T09:29:23.586+0000] {processor.py:208} INFO - Processing /home/airflow/.local/lib/python3.12/site-packages/airflow/example_dags/example_short_circuit_decorator.py took 0.063 seconds
[2026-07-25T09:29:53.683+0000] {processor.py:186} INFO - Started process (PID=457) to work on /home/airflow/.local/lib/python3.12/site-packages/airflow/example_dags/example_short_circuit_decorator.py
[2026-07-25T09:29:53.684+0000] {processor.py:914} INFO - Processing file /home/airflow/.local/lib/python3.12/site-packages/airflow/example_dags/example_short_circuit_decorator.py for tasks to queue
[2026-07-25T09:29:53.687+0000] {logging_mixin.py:190} INFO - [2026-07-25T09:29:53.687+0000] {dagbag.py:588} INFO - Filling up the DagBag from /home/airflow/.local/lib/python3.12/site-packages/airflow/example_dags/example_short_circuit_decorator.py
[2026-07-25T09:29:53.695+0000] {processor.py:925} INFO - DAG(s) 'example_short_circuit_decorator' retrieved from /home/airflow/.local/lib/python3.12/site-packages/airflow/example_dags/example_short_circuit_decorator.py
[2026-07-25T09:29:53.714+0000] {logging_mixin.py:190} INFO - [2026-07-25T09:29:53.714+0000] {dag.py:3239} INFO - Sync 1 DAGs
[2026-07-25T09:29:53.725+0000] {logging_mixin.py:190} INFO - [2026-07-25T09:29:53.725+0000] {dag.py:4180} INFO - Setting next_dagrun for example_short_circuit_decorator to None, run_after=None
[2026-07-25T09:29:53.737+0000] {processor.py:208} INFO - Processing /home/airflow/.local/lib/python3.12/site-packages/airflow/example_dags/example_short_circuit_decorator.py took 0.059 seconds
[2026-07-25T09:30:24.259+0000] {processor.py:186} INFO - Started process (PID=519) to work on /home/airflow/.local/lib/python3.12/site-packages/airflow/example_dags/example_short_circuit_decorator.py
[2026-07-25T09:30:24.260+0000] {processor.py:914} INFO - Processing file /home/airflow/.local/lib/python3.12/site-packages/airflow/example_dags/example_short_circuit_decorator.py for tasks to queue
[2026-07-25T09:30:24.262+0000] {logging_mixin.py:190} INFO - [2026-07-25T09:30:24.262+0000] {dagbag.py:588} INFO - Filling up the DagBag from /home/airflow/.local/lib/python3.12/site-packages/airflow/example_dags/example_short_circuit_decorator.py
[2026-07-25T09:30:24.269+0000] {processor.py:925} INFO - DAG(s) 'example_short_circuit_decorator' retrieved from /home/airflow/.local/lib/python3.12/site-packages/airflow/example_dags/example_short_circuit_decorator.py
[2026-07-25T09:30:24.285+0000] {logging_mixin.py:190} INFO - [2026-07-25T09:30:24.285+0000] {dag.py:3239} INFO - Sync 1 DAGs
[2026-07-25T09:30:24.294+0000] {logging_mixin.py:190} INFO - [2026-07-25T09:30:24.294+0000] {dag.py:4180} INFO - Setting next_dagrun for example_short_circuit_decorator to None, run_after=None
[2026-07-25T09:30:24.306+0000] {processor.py:208} INFO - Processing /home/airflow/.local/lib/python3.12/site-packages/airflow/example_dags/example_short_circuit_decorator.py took 0.051 seconds
[2026-07-25T09:30:55.336+0000] {processor.py:186} INFO - Started process (PID=581) to work on /home/airflow/.local/lib/python3.12/site-packages/airflow/example_dags/example_short_circuit_decorator.py
[2026-07-25T09:30:55.337+0000] {processor.py:914} INFO - Processing file /home/airflow/.local/lib/python3.12/site-packages/airflow/example_dags/example_short_circuit_decorator.py for tasks to queue
[2026-07-25T09:30:55.339+0000] {logging_mixin.py:190} INFO - [2026-07-25T09:30:55.338+0000] {dagbag.py:588} INFO - Filling up the DagBag from /home/airflow/.local/lib/python3.12/site-packages/airflow/example_dags/example_short_circuit_decorator.py
[2026-07-25T09:30:55.345+0000] {processor.py:925} INFO - DAG(s) 'example_short_circuit_decorator' retrieved from /home/airflow/.local/lib/python3.12/site-packages/airflow/example_dags/example_short_circuit_decorator.py
[2026-07-25T09:30:55.359+0000] {logging_mixin.py:190} INFO - [2026-07-25T09:30:55.359+0000] {dag.py:3239} INFO - Sync 1 DAGs
[2026-07-25T09:30:55.367+0000] {logging_mixin.py:190} INFO - [2026-07-25T09:30:55.367+0000] {dag.py:4180} INFO - Setting next_dagrun for example_short_circuit_decorator to None, run_after=None
[2026-07-25T09:30:55.378+0000] {processor.py:208} INFO - Processing /home/airflow/.local/lib/python3.12/site-packages/airflow/example_dags/example_short_circuit_decorator.py took 0.046 seconds
