[2026-07-25T09:06:21.783+0000] {processor.py:186} INFO - Started process (PID=105) to work on /home/airflow/.local/lib/python3.12/site-packages/airflow/example_dags/example_external_task_marker_dag.py
[2026-07-25T09:06:21.784+0000] {processor.py:914} INFO - Processing file /home/airflow/.local/lib/python3.12/site-packages/airflow/example_dags/example_external_task_marker_dag.py for tasks to queue
[2026-07-25T09:06:21.786+0000] {logging_mixin.py:190} INFO - [2026-07-25T09:06:21.785+0000] {dagbag.py:588} INFO - Filling up the DagBag from /home/airflow/.local/lib/python3.12/site-packages/airflow/example_dags/example_external_task_marker_dag.py
[2026-07-25T09:06:21.792+0000] {processor.py:925} INFO - DAG(s) 'example_external_task_marker_child', 'example_external_task_marker_parent' retrieved from /home/airflow/.local/lib/python3.12/site-packages/airflow/example_dags/example_external_task_marker_dag.py
[2026-07-25T09:06:21.865+0000] {logging_mixin.py:190} INFO - [2026-07-25T09:06:21.865+0000] {override.py:1932} INFO - Created Permission View: can edit on DAG:example_external_task_marker_child
[2026-07-25T09:06:21.872+0000] {logging_mixin.py:190} INFO - [2026-07-25T09:06:21.872+0000] {override.py:1932} INFO - Created Permission View: can read on DAG:example_external_task_marker_child
[2026-07-25T09:06:21.877+0000] {logging_mixin.py:190} INFO - [2026-07-25T09:06:21.877+0000] {override.py:1932} INFO - Created Permission View: can delete on DAG:example_external_task_marker_child
[2026-07-25T09:06:21.885+0000] {logging_mixin.py:190} INFO - [2026-07-25T09:06:21.885+0000] {override.py:1932} INFO - Created Permission View: can create on DAG Run:example_external_task_marker_child
[2026-07-25T09:06:21.893+0000] {logging_mixin.py:190} INFO - [2026-07-25T09:06:21.892+0000] {override.py:1932} INFO - Created Permission View: can read on DAG Run:example_external_task_marker_child
[2026-07-25T09:06:21.897+0000] {logging_mixin.py:190} INFO - [2026-07-25T09:06:21.897+0000] {override.py:1932} INFO - Created Permission View: can delete on DAG Run:example_external_task_marker_child
[2026-07-25T09:06:21.902+0000] {logging_mixin.py:190} INFO - [2026-07-25T09:06:21.902+0000] {override.py:1932} INFO - Created Permission View: menu access on DAG Run:example_external_task_marker_child
[2026-07-25T09:06:21.911+0000] {logging_mixin.py:190} INFO - [2026-07-25T09:06:21.911+0000] {override.py:1932} INFO - Created Permission View: can edit on DAG:example_external_task_marker_parent
[2026-07-25T09:06:21.926+0000] {logging_mixin.py:190} INFO - [2026-07-25T09:06:21.926+0000] {override.py:1932} INFO - Created Permission View: can read on DAG:example_external_task_marker_parent
[2026-07-25T09:06:21.933+0000] {logging_mixin.py:190} INFO - [2026-07-25T09:06:21.933+0000] {override.py:1932} INFO - Created Permission View: can delete on DAG:example_external_task_marker_parent
[2026-07-25T09:06:21.943+0000] {logging_mixin.py:190} INFO - [2026-07-25T09:06:21.943+0000] {override.py:1932} INFO - Created Permission View: can create on DAG Run:example_external_task_marker_parent
[2026-07-25T09:06:21.948+0000] {logging_mixin.py:190} INFO - [2026-07-25T09:06:21.948+0000] {override.py:1932} INFO - Created Permission View: can read on DAG Run:example_external_task_marker_parent
[2026-07-25T09:06:21.953+0000] {logging_mixin.py:190} INFO - [2026-07-25T09:06:21.953+0000] {override.py:1932} INFO - Created Permission View: can delete on DAG Run:example_external_task_marker_parent
[2026-07-25T09:06:21.958+0000] {logging_mixin.py:190} INFO - [2026-07-25T09:06:21.957+0000] {override.py:1932} INFO - Created Permission View: menu access on DAG Run:example_external_task_marker_parent
[2026-07-25T09:06:21.958+0000] {logging_mixin.py:190} INFO - [2026-07-25T09:06:21.958+0000] {dag.py:3239} INFO - Sync 2 DAGs
[2026-07-25T09:06:21.967+0000] {logging_mixin.py:190} INFO - [2026-07-25T09:06:21.967+0000] {dag.py:3262} INFO - Creating ORM DAG for example_external_task_marker_child
[2026-07-25T09:06:21.968+0000] {logging_mixin.py:190} INFO - [2026-07-25T09:06:21.968+0000] {dag.py:3262} INFO - Creating ORM DAG for example_external_task_marker_parent
[2026-07-25T09:06:21.969+0000] {logging_mixin.py:190} INFO - [2026-07-25T09:06:21.968+0000] {dag.py:4180} INFO - Setting next_dagrun for example_external_task_marker_child to None, run_after=None
[2026-07-25T09:06:21.969+0000] {logging_mixin.py:190} INFO - [2026-07-25T09:06:21.969+0000] {dag.py:4180} INFO - Setting next_dagrun for example_external_task_marker_parent to None, run_after=None
[2026-07-25T09:06:21.980+0000] {processor.py:208} INFO - Processing /home/airflow/.local/lib/python3.12/site-packages/airflow/example_dags/example_external_task_marker_dag.py took 0.200 seconds
[2026-07-25T09:06:54.704+0000] {processor.py:186} INFO - Started process (PID=168) to work on /home/airflow/.local/lib/python3.12/site-packages/airflow/example_dags/example_external_task_marker_dag.py
[2026-07-25T09:06:54.705+0000] {processor.py:914} INFO - Processing file /home/airflow/.local/lib/python3.12/site-packages/airflow/example_dags/example_external_task_marker_dag.py for tasks to queue
[2026-07-25T09:06:54.707+0000] {logging_mixin.py:190} INFO - [2026-07-25T09:06:54.707+0000] {dagbag.py:588} INFO - Filling up the DagBag from /home/airflow/.local/lib/python3.12/site-packages/airflow/example_dags/example_external_task_marker_dag.py
[2026-07-25T09:06:54.712+0000] {processor.py:925} INFO - DAG(s) 'example_external_task_marker_child', 'example_external_task_marker_parent' retrieved from /home/airflow/.local/lib/python3.12/site-packages/airflow/example_dags/example_external_task_marker_dag.py
[2026-07-25T09:06:54.727+0000] {logging_mixin.py:190} INFO - [2026-07-25T09:06:54.726+0000] {dag.py:3239} INFO - Sync 2 DAGs
[2026-07-25T09:06:54.736+0000] {logging_mixin.py:190} INFO - [2026-07-25T09:06:54.735+0000] {dag.py:4180} INFO - Setting next_dagrun for example_external_task_marker_child to None, run_after=None
[2026-07-25T09:06:54.738+0000] {logging_mixin.py:190} INFO - [2026-07-25T09:06:54.738+0000] {dag.py:4180} INFO - Setting next_dagrun for example_external_task_marker_parent to None, run_after=None
[2026-07-25T09:06:54.747+0000] {processor.py:208} INFO - Processing /home/airflow/.local/lib/python3.12/site-packages/airflow/example_dags/example_external_task_marker_dag.py took 0.047 seconds
[2026-07-25T09:07:29.226+0000] {processor.py:186} INFO - Started process (PID=231) to work on /home/airflow/.local/lib/python3.12/site-packages/airflow/example_dags/example_external_task_marker_dag.py
[2026-07-25T09:07:29.227+0000] {processor.py:914} INFO - Processing file /home/airflow/.local/lib/python3.12/site-packages/airflow/example_dags/example_external_task_marker_dag.py for tasks to queue
[2026-07-25T09:07:29.229+0000] {logging_mixin.py:190} INFO - [2026-07-25T09:07:29.229+0000] {dagbag.py:588} INFO - Filling up the DagBag from /home/airflow/.local/lib/python3.12/site-packages/airflow/example_dags/example_external_task_marker_dag.py
[2026-07-25T09:07:29.234+0000] {processor.py:925} INFO - DAG(s) 'example_external_task_marker_child', 'example_external_task_marker_parent' retrieved from /home/airflow/.local/lib/python3.12/site-packages/airflow/example_dags/example_external_task_marker_dag.py
[2026-07-25T09:07:29.248+0000] {logging_mixin.py:190} INFO - [2026-07-25T09:07:29.248+0000] {dag.py:3239} INFO - Sync 2 DAGs
[2026-07-25T09:07:29.257+0000] {logging_mixin.py:190} INFO - [2026-07-25T09:07:29.257+0000] {dag.py:4180} INFO - Setting next_dagrun for example_external_task_marker_child to None, run_after=None
[2026-07-25T09:07:29.260+0000] {logging_mixin.py:190} INFO - [2026-07-25T09:07:29.260+0000] {dag.py:4180} INFO - Setting next_dagrun for example_external_task_marker_parent to None, run_after=None
[2026-07-25T09:07:29.269+0000] {processor.py:208} INFO - Processing /home/airflow/.local/lib/python3.12/site-packages/airflow/example_dags/example_external_task_marker_dag.py took 0.047 seconds
[2026-07-25T09:08:00.208+0000] {processor.py:186} INFO - Started process (PID=293) to work on /home/airflow/.local/lib/python3.12/site-packages/airflow/example_dags/example_external_task_marker_dag.py
[2026-07-25T09:08:00.209+0000] {processor.py:914} INFO - Processing file /home/airflow/.local/lib/python3.12/site-packages/airflow/example_dags/example_external_task_marker_dag.py for tasks to queue
[2026-07-25T09:08:00.211+0000] {logging_mixin.py:190} INFO - [2026-07-25T09:08:00.211+0000] {dagbag.py:588} INFO - Filling up the DagBag from /home/airflow/.local/lib/python3.12/site-packages/airflow/example_dags/example_external_task_marker_dag.py
[2026-07-25T09:08:00.217+0000] {processor.py:925} INFO - DAG(s) 'example_external_task_marker_child', 'example_external_task_marker_parent' retrieved from /home/airflow/.local/lib/python3.12/site-packages/airflow/example_dags/example_external_task_marker_dag.py
[2026-07-25T09:08:00.234+0000] {logging_mixin.py:190} INFO - [2026-07-25T09:08:00.233+0000] {dag.py:3239} INFO - Sync 2 DAGs
[2026-07-25T09:08:00.244+0000] {logging_mixin.py:190} INFO - [2026-07-25T09:08:00.243+0000] {dag.py:4180} INFO - Setting next_dagrun for example_external_task_marker_child to None, run_after=None
[2026-07-25T09:08:00.246+0000] {logging_mixin.py:190} INFO - [2026-07-25T09:08:00.246+0000] {dag.py:4180} INFO - Setting next_dagrun for example_external_task_marker_parent to None, run_after=None
[2026-07-25T09:08:00.256+0000] {processor.py:208} INFO - Processing /home/airflow/.local/lib/python3.12/site-packages/airflow/example_dags/example_external_task_marker_dag.py took 0.053 seconds
[2026-07-25T09:08:30.515+0000] {processor.py:186} INFO - Started process (PID=355) to work on /home/airflow/.local/lib/python3.12/site-packages/airflow/example_dags/example_external_task_marker_dag.py
[2026-07-25T09:08:30.516+0000] {processor.py:914} INFO - Processing file /home/airflow/.local/lib/python3.12/site-packages/airflow/example_dags/example_external_task_marker_dag.py for tasks to queue
[2026-07-25T09:08:30.518+0000] {logging_mixin.py:190} INFO - [2026-07-25T09:08:30.518+0000] {dagbag.py:588} INFO - Filling up the DagBag from /home/airflow/.local/lib/python3.12/site-packages/airflow/example_dags/example_external_task_marker_dag.py
[2026-07-25T09:08:30.524+0000] {processor.py:925} INFO - DAG(s) 'example_external_task_marker_parent', 'example_external_task_marker_child' retrieved from /home/airflow/.local/lib/python3.12/site-packages/airflow/example_dags/example_external_task_marker_dag.py
[2026-07-25T09:08:30.538+0000] {logging_mixin.py:190} INFO - [2026-07-25T09:08:30.538+0000] {dag.py:3239} INFO - Sync 2 DAGs
[2026-07-25T09:08:30.548+0000] {logging_mixin.py:190} INFO - [2026-07-25T09:08:30.548+0000] {dag.py:4180} INFO - Setting next_dagrun for example_external_task_marker_child to None, run_after=None
[2026-07-25T09:08:30.551+0000] {logging_mixin.py:190} INFO - [2026-07-25T09:08:30.551+0000] {dag.py:4180} INFO - Setting next_dagrun for example_external_task_marker_parent to None, run_after=None
[2026-07-25T09:08:30.561+0000] {processor.py:208} INFO - Processing /home/airflow/.local/lib/python3.12/site-packages/airflow/example_dags/example_external_task_marker_dag.py took 0.049 seconds
[2026-07-25T09:09:01.345+0000] {processor.py:186} INFO - Started process (PID=417) to work on /home/airflow/.local/lib/python3.12/site-packages/airflow/example_dags/example_external_task_marker_dag.py
[2026-07-25T09:09:01.346+0000] {processor.py:914} INFO - Processing file /home/airflow/.local/lib/python3.12/site-packages/airflow/example_dags/example_external_task_marker_dag.py for tasks to queue
[2026-07-25T09:09:01.349+0000] {logging_mixin.py:190} INFO - [2026-07-25T09:09:01.349+0000] {dagbag.py:588} INFO - Filling up the DagBag from /home/airflow/.local/lib/python3.12/site-packages/airflow/example_dags/example_external_task_marker_dag.py
[2026-07-25T09:09:01.356+0000] {processor.py:925} INFO - DAG(s) 'example_external_task_marker_child', 'example_external_task_marker_parent' retrieved from /home/airflow/.local/lib/python3.12/site-packages/airflow/example_dags/example_external_task_marker_dag.py
[2026-07-25T09:09:01.376+0000] {logging_mixin.py:190} INFO - [2026-07-25T09:09:01.376+0000] {dag.py:3239} INFO - Sync 2 DAGs
[2026-07-25T09:09:01.386+0000] {logging_mixin.py:190} INFO - [2026-07-25T09:09:01.386+0000] {dag.py:4180} INFO - Setting next_dagrun for example_external_task_marker_child to None, run_after=None
[2026-07-25T09:09:01.388+0000] {logging_mixin.py:190} INFO - [2026-07-25T09:09:01.388+0000] {dag.py:4180} INFO - Setting next_dagrun for example_external_task_marker_parent to None, run_after=None
[2026-07-25T09:09:01.401+0000] {processor.py:208} INFO - Processing /home/airflow/.local/lib/python3.12/site-packages/airflow/example_dags/example_external_task_marker_dag.py took 0.061 seconds
[2026-07-25T09:09:32.280+0000] {processor.py:186} INFO - Started process (PID=480) to work on /home/airflow/.local/lib/python3.12/site-packages/airflow/example_dags/example_external_task_marker_dag.py
[2026-07-25T09:09:32.281+0000] {processor.py:914} INFO - Processing file /home/airflow/.local/lib/python3.12/site-packages/airflow/example_dags/example_external_task_marker_dag.py for tasks to queue
[2026-07-25T09:09:32.283+0000] {logging_mixin.py:190} INFO - [2026-07-25T09:09:32.282+0000] {dagbag.py:588} INFO - Filling up the DagBag from /home/airflow/.local/lib/python3.12/site-packages/airflow/example_dags/example_external_task_marker_dag.py
[2026-07-25T09:09:32.288+0000] {processor.py:925} INFO - DAG(s) 'example_external_task_marker_child', 'example_external_task_marker_parent' retrieved from /home/airflow/.local/lib/python3.12/site-packages/airflow/example_dags/example_external_task_marker_dag.py
[2026-07-25T09:09:32.301+0000] {logging_mixin.py:190} INFO - [2026-07-25T09:09:32.301+0000] {dag.py:3239} INFO - Sync 2 DAGs
[2026-07-25T09:09:32.311+0000] {logging_mixin.py:190} INFO - [2026-07-25T09:09:32.311+0000] {dag.py:4180} INFO - Setting next_dagrun for example_external_task_marker_child to None, run_after=None
[2026-07-25T09:09:32.313+0000] {logging_mixin.py:190} INFO - [2026-07-25T09:09:32.313+0000] {dag.py:4180} INFO - Setting next_dagrun for example_external_task_marker_parent to None, run_after=None
[2026-07-25T09:09:32.324+0000] {processor.py:208} INFO - Processing /home/airflow/.local/lib/python3.12/site-packages/airflow/example_dags/example_external_task_marker_dag.py took 0.047 seconds
[2026-07-25T09:10:02.496+0000] {processor.py:186} INFO - Started process (PID=543) to work on /home/airflow/.local/lib/python3.12/site-packages/airflow/example_dags/example_external_task_marker_dag.py
[2026-07-25T09:10:02.497+0000] {processor.py:914} INFO - Processing file /home/airflow/.local/lib/python3.12/site-packages/airflow/example_dags/example_external_task_marker_dag.py for tasks to queue
[2026-07-25T09:10:02.500+0000] {logging_mixin.py:190} INFO - [2026-07-25T09:10:02.499+0000] {dagbag.py:588} INFO - Filling up the DagBag from /home/airflow/.local/lib/python3.12/site-packages/airflow/example_dags/example_external_task_marker_dag.py
[2026-07-25T09:10:02.506+0000] {processor.py:925} INFO - DAG(s) 'example_external_task_marker_child', 'example_external_task_marker_parent' retrieved from /home/airflow/.local/lib/python3.12/site-packages/airflow/example_dags/example_external_task_marker_dag.py
[2026-07-25T09:10:02.521+0000] {logging_mixin.py:190} INFO - [2026-07-25T09:10:02.521+0000] {dag.py:3239} INFO - Sync 2 DAGs
[2026-07-25T09:10:02.530+0000] {logging_mixin.py:190} INFO - [2026-07-25T09:10:02.530+0000] {dag.py:4180} INFO - Setting next_dagrun for example_external_task_marker_child to None, run_after=None
[2026-07-25T09:10:02.533+0000] {logging_mixin.py:190} INFO - [2026-07-25T09:10:02.533+0000] {dag.py:4180} INFO - Setting next_dagrun for example_external_task_marker_parent to None, run_after=None
[2026-07-25T09:10:02.543+0000] {processor.py:208} INFO - Processing /home/airflow/.local/lib/python3.12/site-packages/airflow/example_dags/example_external_task_marker_dag.py took 0.052 seconds
[2026-07-25T09:10:33.113+0000] {processor.py:186} INFO - Started process (PID=606) to work on /home/airflow/.local/lib/python3.12/site-packages/airflow/example_dags/example_external_task_marker_dag.py
[2026-07-25T09:10:33.114+0000] {processor.py:914} INFO - Processing file /home/airflow/.local/lib/python3.12/site-packages/airflow/example_dags/example_external_task_marker_dag.py for tasks to queue
[2026-07-25T09:10:33.116+0000] {logging_mixin.py:190} INFO - [2026-07-25T09:10:33.116+0000] {dagbag.py:588} INFO - Filling up the DagBag from /home/airflow/.local/lib/python3.12/site-packages/airflow/example_dags/example_external_task_marker_dag.py
[2026-07-25T09:10:33.121+0000] {processor.py:925} INFO - DAG(s) 'example_external_task_marker_parent', 'example_external_task_marker_child' retrieved from /home/airflow/.local/lib/python3.12/site-packages/airflow/example_dags/example_external_task_marker_dag.py
[2026-07-25T09:10:33.135+0000] {logging_mixin.py:190} INFO - [2026-07-25T09:10:33.135+0000] {dag.py:3239} INFO - Sync 2 DAGs
[2026-07-25T09:10:33.144+0000] {logging_mixin.py:190} INFO - [2026-07-25T09:10:33.144+0000] {dag.py:4180} INFO - Setting next_dagrun for example_external_task_marker_child to None, run_after=None
[2026-07-25T09:10:33.146+0000] {logging_mixin.py:190} INFO - [2026-07-25T09:10:33.146+0000] {dag.py:4180} INFO - Setting next_dagrun for example_external_task_marker_parent to None, run_after=None
[2026-07-25T09:10:33.156+0000] {processor.py:208} INFO - Processing /home/airflow/.local/lib/python3.12/site-packages/airflow/example_dags/example_external_task_marker_dag.py took 0.046 seconds
[2026-07-25T09:11:05.356+0000] {processor.py:186} INFO - Started process (PID=669) to work on /home/airflow/.local/lib/python3.12/site-packages/airflow/example_dags/example_external_task_marker_dag.py
[2026-07-25T09:11:05.356+0000] {processor.py:914} INFO - Processing file /home/airflow/.local/lib/python3.12/site-packages/airflow/example_dags/example_external_task_marker_dag.py for tasks to queue
[2026-07-25T09:11:05.359+0000] {logging_mixin.py:190} INFO - [2026-07-25T09:11:05.359+0000] {dagbag.py:588} INFO - Filling up the DagBag from /home/airflow/.local/lib/python3.12/site-packages/airflow/example_dags/example_external_task_marker_dag.py
[2026-07-25T09:11:05.364+0000] {processor.py:925} INFO - DAG(s) 'example_external_task_marker_child', 'example_external_task_marker_parent' retrieved from /home/airflow/.local/lib/python3.12/site-packages/airflow/example_dags/example_external_task_marker_dag.py
[2026-07-25T09:11:05.379+0000] {logging_mixin.py:190} INFO - [2026-07-25T09:11:05.379+0000] {dag.py:3239} INFO - Sync 2 DAGs
[2026-07-25T09:11:05.389+0000] {logging_mixin.py:190} INFO - [2026-07-25T09:11:05.389+0000] {dag.py:4180} INFO - Setting next_dagrun for example_external_task_marker_child to None, run_after=None
[2026-07-25T09:11:05.392+0000] {logging_mixin.py:190} INFO - [2026-07-25T09:11:05.392+0000] {dag.py:4180} INFO - Setting next_dagrun for example_external_task_marker_parent to None, run_after=None
[2026-07-25T09:11:05.404+0000] {processor.py:208} INFO - Processing /home/airflow/.local/lib/python3.12/site-packages/airflow/example_dags/example_external_task_marker_dag.py took 0.052 seconds
[2026-07-25T09:11:39.729+0000] {processor.py:186} INFO - Started process (PID=732) to work on /home/airflow/.local/lib/python3.12/site-packages/airflow/example_dags/example_external_task_marker_dag.py
[2026-07-25T09:11:39.730+0000] {processor.py:914} INFO - Processing file /home/airflow/.local/lib/python3.12/site-packages/airflow/example_dags/example_external_task_marker_dag.py for tasks to queue
[2026-07-25T09:11:39.732+0000] {logging_mixin.py:190} INFO - [2026-07-25T09:11:39.731+0000] {dagbag.py:588} INFO - Filling up the DagBag from /home/airflow/.local/lib/python3.12/site-packages/airflow/example_dags/example_external_task_marker_dag.py
[2026-07-25T09:11:39.737+0000] {processor.py:925} INFO - DAG(s) 'example_external_task_marker_parent', 'example_external_task_marker_child' retrieved from /home/airflow/.local/lib/python3.12/site-packages/airflow/example_dags/example_external_task_marker_dag.py
[2026-07-25T09:11:39.752+0000] {logging_mixin.py:190} INFO - [2026-07-25T09:11:39.752+0000] {dag.py:3239} INFO - Sync 2 DAGs
[2026-07-25T09:11:39.761+0000] {logging_mixin.py:190} INFO - [2026-07-25T09:11:39.761+0000] {dag.py:4180} INFO - Setting next_dagrun for example_external_task_marker_child to None, run_after=None
[2026-07-25T09:11:39.764+0000] {logging_mixin.py:190} INFO - [2026-07-25T09:11:39.764+0000] {dag.py:4180} INFO - Setting next_dagrun for example_external_task_marker_parent to None, run_after=None
[2026-07-25T09:11:39.775+0000] {processor.py:208} INFO - Processing /home/airflow/.local/lib/python3.12/site-packages/airflow/example_dags/example_external_task_marker_dag.py took 0.050 seconds
[2026-07-25T09:12:10.257+0000] {processor.py:186} INFO - Started process (PID=793) to work on /home/airflow/.local/lib/python3.12/site-packages/airflow/example_dags/example_external_task_marker_dag.py
[2026-07-25T09:12:10.258+0000] {processor.py:914} INFO - Processing file /home/airflow/.local/lib/python3.12/site-packages/airflow/example_dags/example_external_task_marker_dag.py for tasks to queue
[2026-07-25T09:12:10.260+0000] {logging_mixin.py:190} INFO - [2026-07-25T09:12:10.260+0000] {dagbag.py:588} INFO - Filling up the DagBag from /home/airflow/.local/lib/python3.12/site-packages/airflow/example_dags/example_external_task_marker_dag.py
[2026-07-25T09:12:10.265+0000] {processor.py:925} INFO - DAG(s) 'example_external_task_marker_parent', 'example_external_task_marker_child' retrieved from /home/airflow/.local/lib/python3.12/site-packages/airflow/example_dags/example_external_task_marker_dag.py
[2026-07-25T09:12:10.280+0000] {logging_mixin.py:190} INFO - [2026-07-25T09:12:10.280+0000] {dag.py:3239} INFO - Sync 2 DAGs
[2026-07-25T09:12:10.289+0000] {logging_mixin.py:190} INFO - [2026-07-25T09:12:10.289+0000] {dag.py:4180} INFO - Setting next_dagrun for example_external_task_marker_child to None, run_after=None
[2026-07-25T09:12:10.291+0000] {logging_mixin.py:190} INFO - [2026-07-25T09:12:10.291+0000] {dag.py:4180} INFO - Setting next_dagrun for example_external_task_marker_parent to None, run_after=None
[2026-07-25T09:12:10.303+0000] {processor.py:208} INFO - Processing /home/airflow/.local/lib/python3.12/site-packages/airflow/example_dags/example_external_task_marker_dag.py took 0.050 seconds
[2026-07-25T09:12:41.146+0000] {processor.py:186} INFO - Started process (PID=856) to work on /home/airflow/.local/lib/python3.12/site-packages/airflow/example_dags/example_external_task_marker_dag.py
[2026-07-25T09:12:41.147+0000] {processor.py:914} INFO - Processing file /home/airflow/.local/lib/python3.12/site-packages/airflow/example_dags/example_external_task_marker_dag.py for tasks to queue
[2026-07-25T09:12:41.149+0000] {logging_mixin.py:190} INFO - [2026-07-25T09:12:41.149+0000] {dagbag.py:588} INFO - Filling up the DagBag from /home/airflow/.local/lib/python3.12/site-packages/airflow/example_dags/example_external_task_marker_dag.py
[2026-07-25T09:12:41.154+0000] {processor.py:925} INFO - DAG(s) 'example_external_task_marker_child', 'example_external_task_marker_parent' retrieved from /home/airflow/.local/lib/python3.12/site-packages/airflow/example_dags/example_external_task_marker_dag.py
[2026-07-25T09:12:41.168+0000] {logging_mixin.py:190} INFO - [2026-07-25T09:12:41.167+0000] {dag.py:3239} INFO - Sync 2 DAGs
[2026-07-25T09:12:41.177+0000] {logging_mixin.py:190} INFO - [2026-07-25T09:12:41.177+0000] {dag.py:4180} INFO - Setting next_dagrun for example_external_task_marker_child to None, run_after=None
[2026-07-25T09:12:41.179+0000] {logging_mixin.py:190} INFO - [2026-07-25T09:12:41.179+0000] {dag.py:4180} INFO - Setting next_dagrun for example_external_task_marker_parent to None, run_after=None
[2026-07-25T09:12:41.189+0000] {processor.py:208} INFO - Processing /home/airflow/.local/lib/python3.12/site-packages/airflow/example_dags/example_external_task_marker_dag.py took 0.046 seconds
[2026-07-25T09:13:12.710+0000] {processor.py:186} INFO - Started process (PID=919) to work on /home/airflow/.local/lib/python3.12/site-packages/airflow/example_dags/example_external_task_marker_dag.py
[2026-07-25T09:13:12.711+0000] {processor.py:914} INFO - Processing file /home/airflow/.local/lib/python3.12/site-packages/airflow/example_dags/example_external_task_marker_dag.py for tasks to queue
[2026-07-25T09:13:12.713+0000] {logging_mixin.py:190} INFO - [2026-07-25T09:13:12.713+0000] {dagbag.py:588} INFO - Filling up the DagBag from /home/airflow/.local/lib/python3.12/site-packages/airflow/example_dags/example_external_task_marker_dag.py
[2026-07-25T09:13:12.719+0000] {processor.py:925} INFO - DAG(s) 'example_external_task_marker_parent', 'example_external_task_marker_child' retrieved from /home/airflow/.local/lib/python3.12/site-packages/airflow/example_dags/example_external_task_marker_dag.py
[2026-07-25T09:13:12.734+0000] {logging_mixin.py:190} INFO - [2026-07-25T09:13:12.734+0000] {dag.py:3239} INFO - Sync 2 DAGs
[2026-07-25T09:13:12.744+0000] {logging_mixin.py:190} INFO - [2026-07-25T09:13:12.744+0000] {dag.py:4180} INFO - Setting next_dagrun for example_external_task_marker_child to None, run_after=None
[2026-07-25T09:13:12.746+0000] {logging_mixin.py:190} INFO - [2026-07-25T09:13:12.746+0000] {dag.py:4180} INFO - Setting next_dagrun for example_external_task_marker_parent to None, run_after=None
[2026-07-25T09:13:12.757+0000] {processor.py:208} INFO - Processing /home/airflow/.local/lib/python3.12/site-packages/airflow/example_dags/example_external_task_marker_dag.py took 0.051 seconds
[2026-07-25T09:13:42.827+0000] {processor.py:186} INFO - Started process (PID=981) to work on /home/airflow/.local/lib/python3.12/site-packages/airflow/example_dags/example_external_task_marker_dag.py
[2026-07-25T09:13:42.828+0000] {processor.py:914} INFO - Processing file /home/airflow/.local/lib/python3.12/site-packages/airflow/example_dags/example_external_task_marker_dag.py for tasks to queue
[2026-07-25T09:13:42.830+0000] {logging_mixin.py:190} INFO - [2026-07-25T09:13:42.830+0000] {dagbag.py:588} INFO - Filling up the DagBag from /home/airflow/.local/lib/python3.12/site-packages/airflow/example_dags/example_external_task_marker_dag.py
[2026-07-25T09:13:42.835+0000] {processor.py:925} INFO - DAG(s) 'example_external_task_marker_parent', 'example_external_task_marker_child' retrieved from /home/airflow/.local/lib/python3.12/site-packages/airflow/example_dags/example_external_task_marker_dag.py
[2026-07-25T09:13:42.851+0000] {logging_mixin.py:190} INFO - [2026-07-25T09:13:42.851+0000] {dag.py:3239} INFO - Sync 2 DAGs
[2026-07-25T09:13:42.859+0000] {logging_mixin.py:190} INFO - [2026-07-25T09:13:42.859+0000] {dag.py:4180} INFO - Setting next_dagrun for example_external_task_marker_child to None, run_after=None
[2026-07-25T09:13:42.862+0000] {logging_mixin.py:190} INFO - [2026-07-25T09:13:42.862+0000] {dag.py:4180} INFO - Setting next_dagrun for example_external_task_marker_parent to None, run_after=None
[2026-07-25T09:13:42.871+0000] {processor.py:208} INFO - Processing /home/airflow/.local/lib/python3.12/site-packages/airflow/example_dags/example_external_task_marker_dag.py took 0.048 seconds
[2026-07-25T09:14:13.283+0000] {processor.py:186} INFO - Started process (PID=1043) to work on /home/airflow/.local/lib/python3.12/site-packages/airflow/example_dags/example_external_task_marker_dag.py
[2026-07-25T09:14:13.284+0000] {processor.py:914} INFO - Processing file /home/airflow/.local/lib/python3.12/site-packages/airflow/example_dags/example_external_task_marker_dag.py for tasks to queue
[2026-07-25T09:14:13.286+0000] {logging_mixin.py:190} INFO - [2026-07-25T09:14:13.286+0000] {dagbag.py:588} INFO - Filling up the DagBag from /home/airflow/.local/lib/python3.12/site-packages/airflow/example_dags/example_external_task_marker_dag.py
[2026-07-25T09:14:13.291+0000] {processor.py:925} INFO - DAG(s) 'example_external_task_marker_parent', 'example_external_task_marker_child' retrieved from /home/airflow/.local/lib/python3.12/site-packages/airflow/example_dags/example_external_task_marker_dag.py
[2026-07-25T09:14:13.306+0000] {logging_mixin.py:190} INFO - [2026-07-25T09:14:13.305+0000] {dag.py:3239} INFO - Sync 2 DAGs
[2026-07-25T09:14:13.314+0000] {logging_mixin.py:190} INFO - [2026-07-25T09:14:13.314+0000] {dag.py:4180} INFO - Setting next_dagrun for example_external_task_marker_child to None, run_after=None
[2026-07-25T09:14:13.316+0000] {logging_mixin.py:190} INFO - [2026-07-25T09:14:13.316+0000] {dag.py:4180} INFO - Setting next_dagrun for example_external_task_marker_parent to None, run_after=None
[2026-07-25T09:14:13.327+0000] {processor.py:208} INFO - Processing /home/airflow/.local/lib/python3.12/site-packages/airflow/example_dags/example_external_task_marker_dag.py took 0.047 seconds
[2026-07-25T09:15:40.134+0000] {processor.py:186} INFO - Started process (PID=105) to work on /home/airflow/.local/lib/python3.12/site-packages/airflow/example_dags/example_external_task_marker_dag.py
[2026-07-25T09:15:40.135+0000] {processor.py:914} INFO - Processing file /home/airflow/.local/lib/python3.12/site-packages/airflow/example_dags/example_external_task_marker_dag.py for tasks to queue
[2026-07-25T09:15:40.136+0000] {logging_mixin.py:190} INFO - [2026-07-25T09:15:40.136+0000] {dagbag.py:588} INFO - Filling up the DagBag from /home/airflow/.local/lib/python3.12/site-packages/airflow/example_dags/example_external_task_marker_dag.py
[2026-07-25T09:15:40.144+0000] {processor.py:925} INFO - DAG(s) 'example_external_task_marker_child', 'example_external_task_marker_parent' retrieved from /home/airflow/.local/lib/python3.12/site-packages/airflow/example_dags/example_external_task_marker_dag.py
[2026-07-25T09:15:40.160+0000] {logging_mixin.py:190} INFO - [2026-07-25T09:15:40.160+0000] {dag.py:3239} INFO - Sync 2 DAGs
[2026-07-25T09:15:40.170+0000] {logging_mixin.py:190} INFO - [2026-07-25T09:15:40.170+0000] {dag.py:4180} INFO - Setting next_dagrun for example_external_task_marker_child to None, run_after=None
[2026-07-25T09:15:40.173+0000] {logging_mixin.py:190} INFO - [2026-07-25T09:15:40.172+0000] {dag.py:4180} INFO - Setting next_dagrun for example_external_task_marker_parent to None, run_after=None
[2026-07-25T09:15:40.184+0000] {processor.py:208} INFO - Processing /home/airflow/.local/lib/python3.12/site-packages/airflow/example_dags/example_external_task_marker_dag.py took 0.054 seconds
[2026-07-25T09:16:14.194+0000] {processor.py:186} INFO - Started process (PID=168) to work on /home/airflow/.local/lib/python3.12/site-packages/airflow/example_dags/example_external_task_marker_dag.py
[2026-07-25T09:16:14.195+0000] {processor.py:914} INFO - Processing file /home/airflow/.local/lib/python3.12/site-packages/airflow/example_dags/example_external_task_marker_dag.py for tasks to queue
[2026-07-25T09:16:14.198+0000] {logging_mixin.py:190} INFO - [2026-07-25T09:16:14.198+0000] {dagbag.py:588} INFO - Filling up the DagBag from /home/airflow/.local/lib/python3.12/site-packages/airflow/example_dags/example_external_task_marker_dag.py
[2026-07-25T09:16:14.204+0000] {processor.py:925} INFO - DAG(s) 'example_external_task_marker_child', 'example_external_task_marker_parent' retrieved from /home/airflow/.local/lib/python3.12/site-packages/airflow/example_dags/example_external_task_marker_dag.py
[2026-07-25T09:16:14.221+0000] {logging_mixin.py:190} INFO - [2026-07-25T09:16:14.221+0000] {dag.py:3239} INFO - Sync 2 DAGs
[2026-07-25T09:16:14.231+0000] {logging_mixin.py:190} INFO - [2026-07-25T09:16:14.231+0000] {dag.py:4180} INFO - Setting next_dagrun for example_external_task_marker_child to None, run_after=None
[2026-07-25T09:16:14.234+0000] {logging_mixin.py:190} INFO - [2026-07-25T09:16:14.234+0000] {dag.py:4180} INFO - Setting next_dagrun for example_external_task_marker_parent to None, run_after=None
[2026-07-25T09:16:14.245+0000] {processor.py:208} INFO - Processing /home/airflow/.local/lib/python3.12/site-packages/airflow/example_dags/example_external_task_marker_dag.py took 0.055 seconds
[2026-07-25T09:16:45.491+0000] {processor.py:186} INFO - Started process (PID=230) to work on /home/airflow/.local/lib/python3.12/site-packages/airflow/example_dags/example_external_task_marker_dag.py
[2026-07-25T09:16:45.492+0000] {processor.py:914} INFO - Processing file /home/airflow/.local/lib/python3.12/site-packages/airflow/example_dags/example_external_task_marker_dag.py for tasks to queue
[2026-07-25T09:16:45.494+0000] {logging_mixin.py:190} INFO - [2026-07-25T09:16:45.494+0000] {dagbag.py:588} INFO - Filling up the DagBag from /home/airflow/.local/lib/python3.12/site-packages/airflow/example_dags/example_external_task_marker_dag.py
[2026-07-25T09:16:45.499+0000] {processor.py:925} INFO - DAG(s) 'example_external_task_marker_child', 'example_external_task_marker_parent' retrieved from /home/airflow/.local/lib/python3.12/site-packages/airflow/example_dags/example_external_task_marker_dag.py
[2026-07-25T09:16:45.513+0000] {logging_mixin.py:190} INFO - [2026-07-25T09:16:45.513+0000] {dag.py:3239} INFO - Sync 2 DAGs
[2026-07-25T09:16:45.521+0000] {logging_mixin.py:190} INFO - [2026-07-25T09:16:45.521+0000] {dag.py:4180} INFO - Setting next_dagrun for example_external_task_marker_child to None, run_after=None
[2026-07-25T09:16:45.524+0000] {logging_mixin.py:190} INFO - [2026-07-25T09:16:45.523+0000] {dag.py:4180} INFO - Setting next_dagrun for example_external_task_marker_parent to None, run_after=None
[2026-07-25T09:16:45.534+0000] {processor.py:208} INFO - Processing /home/airflow/.local/lib/python3.12/site-packages/airflow/example_dags/example_external_task_marker_dag.py took 0.046 seconds
[2026-07-25T09:17:15.983+0000] {processor.py:186} INFO - Started process (PID=292) to work on /home/airflow/.local/lib/python3.12/site-packages/airflow/example_dags/example_external_task_marker_dag.py
[2026-07-25T09:17:15.983+0000] {processor.py:914} INFO - Processing file /home/airflow/.local/lib/python3.12/site-packages/airflow/example_dags/example_external_task_marker_dag.py for tasks to queue
[2026-07-25T09:17:15.985+0000] {logging_mixin.py:190} INFO - [2026-07-25T09:17:15.985+0000] {dagbag.py:588} INFO - Filling up the DagBag from /home/airflow/.local/lib/python3.12/site-packages/airflow/example_dags/example_external_task_marker_dag.py
[2026-07-25T09:17:15.990+0000] {processor.py:925} INFO - DAG(s) 'example_external_task_marker_child', 'example_external_task_marker_parent' retrieved from /home/airflow/.local/lib/python3.12/site-packages/airflow/example_dags/example_external_task_marker_dag.py
[2026-07-25T09:17:16.006+0000] {logging_mixin.py:190} INFO - [2026-07-25T09:17:16.006+0000] {dag.py:3239} INFO - Sync 2 DAGs
[2026-07-25T09:17:16.015+0000] {logging_mixin.py:190} INFO - [2026-07-25T09:17:16.015+0000] {dag.py:4180} INFO - Setting next_dagrun for example_external_task_marker_child to None, run_after=None
[2026-07-25T09:17:16.018+0000] {logging_mixin.py:190} INFO - [2026-07-25T09:17:16.018+0000] {dag.py:4180} INFO - Setting next_dagrun for example_external_task_marker_parent to None, run_after=None
[2026-07-25T09:17:16.028+0000] {processor.py:208} INFO - Processing /home/airflow/.local/lib/python3.12/site-packages/airflow/example_dags/example_external_task_marker_dag.py took 0.049 seconds
[2026-07-25T09:17:46.259+0000] {processor.py:186} INFO - Started process (PID=354) to work on /home/airflow/.local/lib/python3.12/site-packages/airflow/example_dags/example_external_task_marker_dag.py
[2026-07-25T09:17:46.260+0000] {processor.py:914} INFO - Processing file /home/airflow/.local/lib/python3.12/site-packages/airflow/example_dags/example_external_task_marker_dag.py for tasks to queue
[2026-07-25T09:17:46.262+0000] {logging_mixin.py:190} INFO - [2026-07-25T09:17:46.262+0000] {dagbag.py:588} INFO - Filling up the DagBag from /home/airflow/.local/lib/python3.12/site-packages/airflow/example_dags/example_external_task_marker_dag.py
[2026-07-25T09:17:46.267+0000] {processor.py:925} INFO - DAG(s) 'example_external_task_marker_parent', 'example_external_task_marker_child' retrieved from /home/airflow/.local/lib/python3.12/site-packages/airflow/example_dags/example_external_task_marker_dag.py
[2026-07-25T09:17:46.281+0000] {logging_mixin.py:190} INFO - [2026-07-25T09:17:46.281+0000] {dag.py:3239} INFO - Sync 2 DAGs
[2026-07-25T09:17:46.289+0000] {logging_mixin.py:190} INFO - [2026-07-25T09:17:46.289+0000] {dag.py:4180} INFO - Setting next_dagrun for example_external_task_marker_child to None, run_after=None
[2026-07-25T09:17:46.292+0000] {logging_mixin.py:190} INFO - [2026-07-25T09:17:46.292+0000] {dag.py:4180} INFO - Setting next_dagrun for example_external_task_marker_parent to None, run_after=None
[2026-07-25T09:17:46.303+0000] {processor.py:208} INFO - Processing /home/airflow/.local/lib/python3.12/site-packages/airflow/example_dags/example_external_task_marker_dag.py took 0.047 seconds
[2026-07-25T09:18:16.693+0000] {processor.py:186} INFO - Started process (PID=417) to work on /home/airflow/.local/lib/python3.12/site-packages/airflow/example_dags/example_external_task_marker_dag.py
[2026-07-25T09:18:16.694+0000] {processor.py:914} INFO - Processing file /home/airflow/.local/lib/python3.12/site-packages/airflow/example_dags/example_external_task_marker_dag.py for tasks to queue
[2026-07-25T09:18:16.697+0000] {logging_mixin.py:190} INFO - [2026-07-25T09:18:16.696+0000] {dagbag.py:588} INFO - Filling up the DagBag from /home/airflow/.local/lib/python3.12/site-packages/airflow/example_dags/example_external_task_marker_dag.py
[2026-07-25T09:18:16.703+0000] {processor.py:925} INFO - DAG(s) 'example_external_task_marker_child', 'example_external_task_marker_parent' retrieved from /home/airflow/.local/lib/python3.12/site-packages/airflow/example_dags/example_external_task_marker_dag.py
[2026-07-25T09:18:16.723+0000] {logging_mixin.py:190} INFO - [2026-07-25T09:18:16.723+0000] {dag.py:3239} INFO - Sync 2 DAGs
[2026-07-25T09:18:16.734+0000] {logging_mixin.py:190} INFO - [2026-07-25T09:18:16.734+0000] {dag.py:4180} INFO - Setting next_dagrun for example_external_task_marker_child to None, run_after=None
[2026-07-25T09:18:16.737+0000] {logging_mixin.py:190} INFO - [2026-07-25T09:18:16.737+0000] {dag.py:4180} INFO - Setting next_dagrun for example_external_task_marker_parent to None, run_after=None
[2026-07-25T09:18:16.748+0000] {processor.py:208} INFO - Processing /home/airflow/.local/lib/python3.12/site-packages/airflow/example_dags/example_external_task_marker_dag.py took 0.060 seconds
[2026-07-25T09:18:46.972+0000] {processor.py:186} INFO - Started process (PID=480) to work on /home/airflow/.local/lib/python3.12/site-packages/airflow/example_dags/example_external_task_marker_dag.py
[2026-07-25T09:18:46.973+0000] {processor.py:914} INFO - Processing file /home/airflow/.local/lib/python3.12/site-packages/airflow/example_dags/example_external_task_marker_dag.py for tasks to queue
[2026-07-25T09:18:46.975+0000] {logging_mixin.py:190} INFO - [2026-07-25T09:18:46.975+0000] {dagbag.py:588} INFO - Filling up the DagBag from /home/airflow/.local/lib/python3.12/site-packages/airflow/example_dags/example_external_task_marker_dag.py
[2026-07-25T09:18:46.980+0000] {processor.py:925} INFO - DAG(s) 'example_external_task_marker_parent', 'example_external_task_marker_child' retrieved from /home/airflow/.local/lib/python3.12/site-packages/airflow/example_dags/example_external_task_marker_dag.py
[2026-07-25T09:18:46.995+0000] {logging_mixin.py:190} INFO - [2026-07-25T09:18:46.995+0000] {dag.py:3239} INFO - Sync 2 DAGs
[2026-07-25T09:18:47.004+0000] {logging_mixin.py:190} INFO - [2026-07-25T09:18:47.004+0000] {dag.py:4180} INFO - Setting next_dagrun for example_external_task_marker_child to None, run_after=None
[2026-07-25T09:18:47.006+0000] {logging_mixin.py:190} INFO - [2026-07-25T09:18:47.006+0000] {dag.py:4180} INFO - Setting next_dagrun for example_external_task_marker_parent to None, run_after=None
[2026-07-25T09:18:47.015+0000] {processor.py:208} INFO - Processing /home/airflow/.local/lib/python3.12/site-packages/airflow/example_dags/example_external_task_marker_dag.py took 0.047 seconds
[2026-07-25T09:19:17.557+0000] {processor.py:186} INFO - Started process (PID=543) to work on /home/airflow/.local/lib/python3.12/site-packages/airflow/example_dags/example_external_task_marker_dag.py
[2026-07-25T09:19:17.557+0000] {processor.py:914} INFO - Processing file /home/airflow/.local/lib/python3.12/site-packages/airflow/example_dags/example_external_task_marker_dag.py for tasks to queue
[2026-07-25T09:19:17.559+0000] {logging_mixin.py:190} INFO - [2026-07-25T09:19:17.559+0000] {dagbag.py:588} INFO - Filling up the DagBag from /home/airflow/.local/lib/python3.12/site-packages/airflow/example_dags/example_external_task_marker_dag.py
[2026-07-25T09:19:17.564+0000] {processor.py:925} INFO - DAG(s) 'example_external_task_marker_child', 'example_external_task_marker_parent' retrieved from /home/airflow/.local/lib/python3.12/site-packages/airflow/example_dags/example_external_task_marker_dag.py
[2026-07-25T09:19:17.580+0000] {logging_mixin.py:190} INFO - [2026-07-25T09:19:17.580+0000] {dag.py:3239} INFO - Sync 2 DAGs
[2026-07-25T09:19:17.590+0000] {logging_mixin.py:190} INFO - [2026-07-25T09:19:17.590+0000] {dag.py:4180} INFO - Setting next_dagrun for example_external_task_marker_child to None, run_after=None
[2026-07-25T09:19:17.592+0000] {logging_mixin.py:190} INFO - [2026-07-25T09:19:17.592+0000] {dag.py:4180} INFO - Setting next_dagrun for example_external_task_marker_parent to None, run_after=None
[2026-07-25T09:19:17.603+0000] {processor.py:208} INFO - Processing /home/airflow/.local/lib/python3.12/site-packages/airflow/example_dags/example_external_task_marker_dag.py took 0.050 seconds
[2026-07-25T09:20:52.272+0000] {processor.py:186} INFO - Started process (PID=105) to work on /home/airflow/.local/lib/python3.12/site-packages/airflow/example_dags/example_external_task_marker_dag.py
[2026-07-25T09:20:52.273+0000] {processor.py:914} INFO - Processing file /home/airflow/.local/lib/python3.12/site-packages/airflow/example_dags/example_external_task_marker_dag.py for tasks to queue
[2026-07-25T09:20:52.276+0000] {logging_mixin.py:190} INFO - [2026-07-25T09:20:52.275+0000] {dagbag.py:588} INFO - Filling up the DagBag from /home/airflow/.local/lib/python3.12/site-packages/airflow/example_dags/example_external_task_marker_dag.py
[2026-07-25T09:20:52.283+0000] {processor.py:925} INFO - DAG(s) 'example_external_task_marker_parent', 'example_external_task_marker_child' retrieved from /home/airflow/.local/lib/python3.12/site-packages/airflow/example_dags/example_external_task_marker_dag.py
[2026-07-25T09:20:52.301+0000] {logging_mixin.py:190} INFO - [2026-07-25T09:20:52.301+0000] {dag.py:3239} INFO - Sync 2 DAGs
[2026-07-25T09:20:52.312+0000] {logging_mixin.py:190} INFO - [2026-07-25T09:20:52.312+0000] {dag.py:4180} INFO - Setting next_dagrun for example_external_task_marker_child to None, run_after=None
[2026-07-25T09:20:52.315+0000] {logging_mixin.py:190} INFO - [2026-07-25T09:20:52.315+0000] {dag.py:4180} INFO - Setting next_dagrun for example_external_task_marker_parent to None, run_after=None
[2026-07-25T09:20:52.326+0000] {processor.py:208} INFO - Processing /home/airflow/.local/lib/python3.12/site-packages/airflow/example_dags/example_external_task_marker_dag.py took 0.059 seconds
[2026-07-25T09:21:25.455+0000] {processor.py:186} INFO - Started process (PID=168) to work on /home/airflow/.local/lib/python3.12/site-packages/airflow/example_dags/example_external_task_marker_dag.py
[2026-07-25T09:21:25.455+0000] {processor.py:914} INFO - Processing file /home/airflow/.local/lib/python3.12/site-packages/airflow/example_dags/example_external_task_marker_dag.py for tasks to queue
[2026-07-25T09:21:25.458+0000] {logging_mixin.py:190} INFO - [2026-07-25T09:21:25.457+0000] {dagbag.py:588} INFO - Filling up the DagBag from /home/airflow/.local/lib/python3.12/site-packages/airflow/example_dags/example_external_task_marker_dag.py
[2026-07-25T09:21:25.463+0000] {processor.py:925} INFO - DAG(s) 'example_external_task_marker_parent', 'example_external_task_marker_child' retrieved from /home/airflow/.local/lib/python3.12/site-packages/airflow/example_dags/example_external_task_marker_dag.py
[2026-07-25T09:21:25.480+0000] {logging_mixin.py:190} INFO - [2026-07-25T09:21:25.479+0000] {dag.py:3239} INFO - Sync 2 DAGs
[2026-07-25T09:21:25.489+0000] {logging_mixin.py:190} INFO - [2026-07-25T09:21:25.489+0000] {dag.py:4180} INFO - Setting next_dagrun for example_external_task_marker_child to None, run_after=None
[2026-07-25T09:21:25.491+0000] {logging_mixin.py:190} INFO - [2026-07-25T09:21:25.491+0000] {dag.py:4180} INFO - Setting next_dagrun for example_external_task_marker_parent to None, run_after=None
[2026-07-25T09:21:25.502+0000] {processor.py:208} INFO - Processing /home/airflow/.local/lib/python3.12/site-packages/airflow/example_dags/example_external_task_marker_dag.py took 0.051 seconds
[2026-07-25T09:21:57.708+0000] {processor.py:186} INFO - Started process (PID=230) to work on /home/airflow/.local/lib/python3.12/site-packages/airflow/example_dags/example_external_task_marker_dag.py
[2026-07-25T09:21:57.709+0000] {processor.py:914} INFO - Processing file /home/airflow/.local/lib/python3.12/site-packages/airflow/example_dags/example_external_task_marker_dag.py for tasks to queue
[2026-07-25T09:21:57.711+0000] {logging_mixin.py:190} INFO - [2026-07-25T09:21:57.711+0000] {dagbag.py:588} INFO - Filling up the DagBag from /home/airflow/.local/lib/python3.12/site-packages/airflow/example_dags/example_external_task_marker_dag.py
[2026-07-25T09:21:57.716+0000] {processor.py:925} INFO - DAG(s) 'example_external_task_marker_child', 'example_external_task_marker_parent' retrieved from /home/airflow/.local/lib/python3.12/site-packages/airflow/example_dags/example_external_task_marker_dag.py
[2026-07-25T09:21:57.730+0000] {logging_mixin.py:190} INFO - [2026-07-25T09:21:57.730+0000] {dag.py:3239} INFO - Sync 2 DAGs
[2026-07-25T09:21:57.739+0000] {logging_mixin.py:190} INFO - [2026-07-25T09:21:57.739+0000] {dag.py:4180} INFO - Setting next_dagrun for example_external_task_marker_child to None, run_after=None
[2026-07-25T09:21:57.741+0000] {logging_mixin.py:190} INFO - [2026-07-25T09:21:57.741+0000] {dag.py:4180} INFO - Setting next_dagrun for example_external_task_marker_parent to None, run_after=None
[2026-07-25T09:21:57.751+0000] {processor.py:208} INFO - Processing /home/airflow/.local/lib/python3.12/site-packages/airflow/example_dags/example_external_task_marker_dag.py took 0.047 seconds
[2026-07-25T09:22:28.224+0000] {processor.py:186} INFO - Started process (PID=292) to work on /home/airflow/.local/lib/python3.12/site-packages/airflow/example_dags/example_external_task_marker_dag.py
[2026-07-25T09:22:28.225+0000] {processor.py:914} INFO - Processing file /home/airflow/.local/lib/python3.12/site-packages/airflow/example_dags/example_external_task_marker_dag.py for tasks to queue
[2026-07-25T09:22:28.227+0000] {logging_mixin.py:190} INFO - [2026-07-25T09:22:28.227+0000] {dagbag.py:588} INFO - Filling up the DagBag from /home/airflow/.local/lib/python3.12/site-packages/airflow/example_dags/example_external_task_marker_dag.py
[2026-07-25T09:22:28.234+0000] {processor.py:925} INFO - DAG(s) 'example_external_task_marker_child', 'example_external_task_marker_parent' retrieved from /home/airflow/.local/lib/python3.12/site-packages/airflow/example_dags/example_external_task_marker_dag.py
[2026-07-25T09:22:28.249+0000] {logging_mixin.py:190} INFO - [2026-07-25T09:22:28.249+0000] {dag.py:3239} INFO - Sync 2 DAGs
[2026-07-25T09:22:28.258+0000] {logging_mixin.py:190} INFO - [2026-07-25T09:22:28.258+0000] {dag.py:4180} INFO - Setting next_dagrun for example_external_task_marker_child to None, run_after=None
[2026-07-25T09:22:28.261+0000] {logging_mixin.py:190} INFO - [2026-07-25T09:22:28.260+0000] {dag.py:4180} INFO - Setting next_dagrun for example_external_task_marker_parent to None, run_after=None
[2026-07-25T09:22:28.270+0000] {processor.py:208} INFO - Processing /home/airflow/.local/lib/python3.12/site-packages/airflow/example_dags/example_external_task_marker_dag.py took 0.049 seconds
[2026-07-25T09:24:03.670+0000] {processor.py:186} INFO - Started process (PID=105) to work on /home/airflow/.local/lib/python3.12/site-packages/airflow/example_dags/example_external_task_marker_dag.py
[2026-07-25T09:24:03.671+0000] {processor.py:914} INFO - Processing file /home/airflow/.local/lib/python3.12/site-packages/airflow/example_dags/example_external_task_marker_dag.py for tasks to queue
[2026-07-25T09:24:03.673+0000] {logging_mixin.py:190} INFO - [2026-07-25T09:24:03.673+0000] {dagbag.py:588} INFO - Filling up the DagBag from /home/airflow/.local/lib/python3.12/site-packages/airflow/example_dags/example_external_task_marker_dag.py
[2026-07-25T09:24:03.684+0000] {processor.py:925} INFO - DAG(s) 'example_external_task_marker_child', 'example_external_task_marker_parent' retrieved from /home/airflow/.local/lib/python3.12/site-packages/airflow/example_dags/example_external_task_marker_dag.py
[2026-07-25T09:24:03.705+0000] {logging_mixin.py:190} INFO - [2026-07-25T09:24:03.705+0000] {dag.py:3239} INFO - Sync 2 DAGs
[2026-07-25T09:24:03.718+0000] {logging_mixin.py:190} INFO - [2026-07-25T09:24:03.718+0000] {dag.py:4180} INFO - Setting next_dagrun for example_external_task_marker_child to None, run_after=None
[2026-07-25T09:24:03.721+0000] {logging_mixin.py:190} INFO - [2026-07-25T09:24:03.721+0000] {dag.py:4180} INFO - Setting next_dagrun for example_external_task_marker_parent to None, run_after=None
[2026-07-25T09:24:03.739+0000] {processor.py:208} INFO - Processing /home/airflow/.local/lib/python3.12/site-packages/airflow/example_dags/example_external_task_marker_dag.py took 0.073 seconds
[2026-07-25T09:24:35.947+0000] {processor.py:186} INFO - Started process (PID=167) to work on /home/airflow/.local/lib/python3.12/site-packages/airflow/example_dags/example_external_task_marker_dag.py
[2026-07-25T09:24:35.948+0000] {processor.py:914} INFO - Processing file /home/airflow/.local/lib/python3.12/site-packages/airflow/example_dags/example_external_task_marker_dag.py for tasks to queue
[2026-07-25T09:24:35.950+0000] {logging_mixin.py:190} INFO - [2026-07-25T09:24:35.950+0000] {dagbag.py:588} INFO - Filling up the DagBag from /home/airflow/.local/lib/python3.12/site-packages/airflow/example_dags/example_external_task_marker_dag.py
[2026-07-25T09:24:35.955+0000] {processor.py:925} INFO - DAG(s) 'example_external_task_marker_child', 'example_external_task_marker_parent' retrieved from /home/airflow/.local/lib/python3.12/site-packages/airflow/example_dags/example_external_task_marker_dag.py
[2026-07-25T09:24:35.969+0000] {logging_mixin.py:190} INFO - [2026-07-25T09:24:35.969+0000] {dag.py:3239} INFO - Sync 2 DAGs
[2026-07-25T09:24:35.978+0000] {logging_mixin.py:190} INFO - [2026-07-25T09:24:35.978+0000] {dag.py:4180} INFO - Setting next_dagrun for example_external_task_marker_child to None, run_after=None
[2026-07-25T09:24:35.981+0000] {logging_mixin.py:190} INFO - [2026-07-25T09:24:35.980+0000] {dag.py:4180} INFO - Setting next_dagrun for example_external_task_marker_parent to None, run_after=None
[2026-07-25T09:24:36.003+0000] {processor.py:208} INFO - Processing /home/airflow/.local/lib/python3.12/site-packages/airflow/example_dags/example_external_task_marker_dag.py took 0.060 seconds
[2026-07-25T09:25:06.189+0000] {processor.py:186} INFO - Started process (PID=229) to work on /home/airflow/.local/lib/python3.12/site-packages/airflow/example_dags/example_external_task_marker_dag.py
[2026-07-25T09:25:06.190+0000] {processor.py:914} INFO - Processing file /home/airflow/.local/lib/python3.12/site-packages/airflow/example_dags/example_external_task_marker_dag.py for tasks to queue
[2026-07-25T09:25:06.192+0000] {logging_mixin.py:190} INFO - [2026-07-25T09:25:06.192+0000] {dagbag.py:588} INFO - Filling up the DagBag from /home/airflow/.local/lib/python3.12/site-packages/airflow/example_dags/example_external_task_marker_dag.py
[2026-07-25T09:25:06.197+0000] {processor.py:925} INFO - DAG(s) 'example_external_task_marker_child', 'example_external_task_marker_parent' retrieved from /home/airflow/.local/lib/python3.12/site-packages/airflow/example_dags/example_external_task_marker_dag.py
[2026-07-25T09:25:06.211+0000] {logging_mixin.py:190} INFO - [2026-07-25T09:25:06.211+0000] {dag.py:3239} INFO - Sync 2 DAGs
[2026-07-25T09:25:06.220+0000] {logging_mixin.py:190} INFO - [2026-07-25T09:25:06.220+0000] {dag.py:4180} INFO - Setting next_dagrun for example_external_task_marker_child to None, run_after=None
[2026-07-25T09:25:06.222+0000] {logging_mixin.py:190} INFO - [2026-07-25T09:25:06.222+0000] {dag.py:4180} INFO - Setting next_dagrun for example_external_task_marker_parent to None, run_after=None
[2026-07-25T09:25:06.246+0000] {processor.py:208} INFO - Processing /home/airflow/.local/lib/python3.12/site-packages/airflow/example_dags/example_external_task_marker_dag.py took 0.061 seconds
[2026-07-25T09:25:36.805+0000] {processor.py:186} INFO - Started process (PID=291) to work on /home/airflow/.local/lib/python3.12/site-packages/airflow/example_dags/example_external_task_marker_dag.py
[2026-07-25T09:25:36.806+0000] {processor.py:914} INFO - Processing file /home/airflow/.local/lib/python3.12/site-packages/airflow/example_dags/example_external_task_marker_dag.py for tasks to queue
[2026-07-25T09:25:36.808+0000] {logging_mixin.py:190} INFO - [2026-07-25T09:25:36.808+0000] {dagbag.py:588} INFO - Filling up the DagBag from /home/airflow/.local/lib/python3.12/site-packages/airflow/example_dags/example_external_task_marker_dag.py
[2026-07-25T09:25:36.813+0000] {processor.py:925} INFO - DAG(s) 'example_external_task_marker_parent', 'example_external_task_marker_child' retrieved from /home/airflow/.local/lib/python3.12/site-packages/airflow/example_dags/example_external_task_marker_dag.py
[2026-07-25T09:25:36.828+0000] {logging_mixin.py:190} INFO - [2026-07-25T09:25:36.828+0000] {dag.py:3239} INFO - Sync 2 DAGs
[2026-07-25T09:25:36.837+0000] {logging_mixin.py:190} INFO - [2026-07-25T09:25:36.837+0000] {dag.py:4180} INFO - Setting next_dagrun for example_external_task_marker_child to None, run_after=None
[2026-07-25T09:25:36.840+0000] {logging_mixin.py:190} INFO - [2026-07-25T09:25:36.840+0000] {dag.py:4180} INFO - Setting next_dagrun for example_external_task_marker_parent to None, run_after=None
[2026-07-25T09:25:36.851+0000] {processor.py:208} INFO - Processing /home/airflow/.local/lib/python3.12/site-packages/airflow/example_dags/example_external_task_marker_dag.py took 0.050 seconds
[2026-07-25T09:26:57.972+0000] {processor.py:186} INFO - Started process (PID=105) to work on /home/airflow/.local/lib/python3.12/site-packages/airflow/example_dags/example_external_task_marker_dag.py
[2026-07-25T09:26:57.973+0000] {processor.py:914} INFO - Processing file /home/airflow/.local/lib/python3.12/site-packages/airflow/example_dags/example_external_task_marker_dag.py for tasks to queue
[2026-07-25T09:26:57.975+0000] {logging_mixin.py:190} INFO - [2026-07-25T09:26:57.975+0000] {dagbag.py:588} INFO - Filling up the DagBag from /home/airflow/.local/lib/python3.12/site-packages/airflow/example_dags/example_external_task_marker_dag.py
[2026-07-25T09:26:57.981+0000] {processor.py:925} INFO - DAG(s) 'example_external_task_marker_parent', 'example_external_task_marker_child' retrieved from /home/airflow/.local/lib/python3.12/site-packages/airflow/example_dags/example_external_task_marker_dag.py
[2026-07-25T09:26:58.061+0000] {logging_mixin.py:190} INFO - [2026-07-25T09:26:58.061+0000] {override.py:1932} INFO - Created Permission View: can edit on DAG:example_external_task_marker_parent
[2026-07-25T09:26:58.068+0000] {logging_mixin.py:190} INFO - [2026-07-25T09:26:58.068+0000] {override.py:1932} INFO - Created Permission View: can read on DAG:example_external_task_marker_parent
[2026-07-25T09:26:58.073+0000] {logging_mixin.py:190} INFO - [2026-07-25T09:26:58.073+0000] {override.py:1932} INFO - Created Permission View: can delete on DAG:example_external_task_marker_parent
[2026-07-25T09:26:58.080+0000] {logging_mixin.py:190} INFO - [2026-07-25T09:26:58.080+0000] {override.py:1932} INFO - Created Permission View: menu access on DAG Run:example_external_task_marker_parent
[2026-07-25T09:26:58.085+0000] {logging_mixin.py:190} INFO - [2026-07-25T09:26:58.085+0000] {override.py:1932} INFO - Created Permission View: can read on DAG Run:example_external_task_marker_parent
[2026-07-25T09:26:58.090+0000] {logging_mixin.py:190} INFO - [2026-07-25T09:26:58.090+0000] {override.py:1932} INFO - Created Permission View: can create on DAG Run:example_external_task_marker_parent
[2026-07-25T09:26:58.095+0000] {logging_mixin.py:190} INFO - [2026-07-25T09:26:58.095+0000] {override.py:1932} INFO - Created Permission View: can delete on DAG Run:example_external_task_marker_parent
[2026-07-25T09:26:58.106+0000] {logging_mixin.py:190} INFO - [2026-07-25T09:26:58.106+0000] {override.py:1932} INFO - Created Permission View: can edit on DAG:example_external_task_marker_child
[2026-07-25T09:26:58.112+0000] {logging_mixin.py:190} INFO - [2026-07-25T09:26:58.111+0000] {override.py:1932} INFO - Created Permission View: can read on DAG:example_external_task_marker_child
[2026-07-25T09:26:58.117+0000] {logging_mixin.py:190} INFO - [2026-07-25T09:26:58.116+0000] {override.py:1932} INFO - Created Permission View: can delete on DAG:example_external_task_marker_child
[2026-07-25T09:26:58.123+0000] {logging_mixin.py:190} INFO - [2026-07-25T09:26:58.123+0000] {override.py:1932} INFO - Created Permission View: menu access on DAG Run:example_external_task_marker_child
[2026-07-25T09:26:58.128+0000] {logging_mixin.py:190} INFO - [2026-07-25T09:26:58.128+0000] {override.py:1932} INFO - Created Permission View: can read on DAG Run:example_external_task_marker_child
[2026-07-25T09:26:58.133+0000] {logging_mixin.py:190} INFO - [2026-07-25T09:26:58.133+0000] {override.py:1932} INFO - Created Permission View: can create on DAG Run:example_external_task_marker_child
[2026-07-25T09:26:58.138+0000] {logging_mixin.py:190} INFO - [2026-07-25T09:26:58.138+0000] {override.py:1932} INFO - Created Permission View: can delete on DAG Run:example_external_task_marker_child
[2026-07-25T09:26:58.139+0000] {logging_mixin.py:190} INFO - [2026-07-25T09:26:58.139+0000] {dag.py:3239} INFO - Sync 2 DAGs
[2026-07-25T09:26:58.147+0000] {logging_mixin.py:190} INFO - [2026-07-25T09:26:58.147+0000] {dag.py:3262} INFO - Creating ORM DAG for example_external_task_marker_child
[2026-07-25T09:26:58.148+0000] {logging_mixin.py:190} INFO - [2026-07-25T09:26:58.148+0000] {dag.py:3262} INFO - Creating ORM DAG for example_external_task_marker_parent
[2026-07-25T09:26:58.149+0000] {logging_mixin.py:190} INFO - [2026-07-25T09:26:58.149+0000] {dag.py:4180} INFO - Setting next_dagrun for example_external_task_marker_child to None, run_after=None
[2026-07-25T09:26:58.149+0000] {logging_mixin.py:190} INFO - [2026-07-25T09:26:58.149+0000] {dag.py:4180} INFO - Setting next_dagrun for example_external_task_marker_parent to None, run_after=None
[2026-07-25T09:26:58.160+0000] {processor.py:208} INFO - Processing /home/airflow/.local/lib/python3.12/site-packages/airflow/example_dags/example_external_task_marker_dag.py took 0.191 seconds
[2026-07-25T09:27:30.291+0000] {processor.py:186} INFO - Started process (PID=168) to work on /home/airflow/.local/lib/python3.12/site-packages/airflow/example_dags/example_external_task_marker_dag.py
[2026-07-25T09:27:30.293+0000] {processor.py:914} INFO - Processing file /home/airflow/.local/lib/python3.12/site-packages/airflow/example_dags/example_external_task_marker_dag.py for tasks to queue
[2026-07-25T09:27:30.295+0000] {logging_mixin.py:190} INFO - [2026-07-25T09:27:30.295+0000] {dagbag.py:588} INFO - Filling up the DagBag from /home/airflow/.local/lib/python3.12/site-packages/airflow/example_dags/example_external_task_marker_dag.py
[2026-07-25T09:27:30.302+0000] {processor.py:925} INFO - DAG(s) 'example_external_task_marker_child', 'example_external_task_marker_parent' retrieved from /home/airflow/.local/lib/python3.12/site-packages/airflow/example_dags/example_external_task_marker_dag.py
[2026-07-25T09:27:30.319+0000] {logging_mixin.py:190} INFO - [2026-07-25T09:27:30.319+0000] {dag.py:3239} INFO - Sync 2 DAGs
[2026-07-25T09:27:30.329+0000] {logging_mixin.py:190} INFO - [2026-07-25T09:27:30.329+0000] {dag.py:4180} INFO - Setting next_dagrun for example_external_task_marker_child to None, run_after=None
[2026-07-25T09:27:30.332+0000] {logging_mixin.py:190} INFO - [2026-07-25T09:27:30.332+0000] {dag.py:4180} INFO - Setting next_dagrun for example_external_task_marker_parent to None, run_after=None
[2026-07-25T09:27:30.362+0000] {processor.py:208} INFO - Processing /home/airflow/.local/lib/python3.12/site-packages/airflow/example_dags/example_external_task_marker_dag.py took 0.075 seconds
[2026-07-25T09:28:01.616+0000] {processor.py:186} INFO - Started process (PID=230) to work on /home/airflow/.local/lib/python3.12/site-packages/airflow/example_dags/example_external_task_marker_dag.py
[2026-07-25T09:28:01.617+0000] {processor.py:914} INFO - Processing file /home/airflow/.local/lib/python3.12/site-packages/airflow/example_dags/example_external_task_marker_dag.py for tasks to queue
[2026-07-25T09:28:01.620+0000] {logging_mixin.py:190} INFO - [2026-07-25T09:28:01.619+0000] {dagbag.py:588} INFO - Filling up the DagBag from /home/airflow/.local/lib/python3.12/site-packages/airflow/example_dags/example_external_task_marker_dag.py
[2026-07-25T09:28:01.625+0000] {processor.py:925} INFO - DAG(s) 'example_external_task_marker_parent', 'example_external_task_marker_child' retrieved from /home/airflow/.local/lib/python3.12/site-packages/airflow/example_dags/example_external_task_marker_dag.py
[2026-07-25T09:28:01.643+0000] {logging_mixin.py:190} INFO - [2026-07-25T09:28:01.643+0000] {dag.py:3239} INFO - Sync 2 DAGs
[2026-07-25T09:28:01.653+0000] {logging_mixin.py:190} INFO - [2026-07-25T09:28:01.653+0000] {dag.py:4180} INFO - Setting next_dagrun for example_external_task_marker_child to None, run_after=None
[2026-07-25T09:28:01.656+0000] {logging_mixin.py:190} INFO - [2026-07-25T09:28:01.656+0000] {dag.py:4180} INFO - Setting next_dagrun for example_external_task_marker_parent to None, run_after=None
[2026-07-25T09:28:01.666+0000] {processor.py:208} INFO - Processing /home/airflow/.local/lib/python3.12/site-packages/airflow/example_dags/example_external_task_marker_dag.py took 0.053 seconds
[2026-07-25T09:28:32.089+0000] {processor.py:186} INFO - Started process (PID=292) to work on /home/airflow/.local/lib/python3.12/site-packages/airflow/example_dags/example_external_task_marker_dag.py
[2026-07-25T09:28:32.090+0000] {processor.py:914} INFO - Processing file /home/airflow/.local/lib/python3.12/site-packages/airflow/example_dags/example_external_task_marker_dag.py for tasks to queue
[2026-07-25T09:28:32.092+0000] {logging_mixin.py:190} INFO - [2026-07-25T09:28:32.092+0000] {dagbag.py:588} INFO - Filling up the DagBag from /home/airflow/.local/lib/python3.12/site-packages/airflow/example_dags/example_external_task_marker_dag.py
[2026-07-25T09:28:32.097+0000] {processor.py:925} INFO - DAG(s) 'example_external_task_marker_child', 'example_external_task_marker_parent' retrieved from /home/airflow/.local/lib/python3.12/site-packages/airflow/example_dags/example_external_task_marker_dag.py
[2026-07-25T09:28:32.113+0000] {logging_mixin.py:190} INFO - [2026-07-25T09:28:32.113+0000] {dag.py:3239} INFO - Sync 2 DAGs
[2026-07-25T09:28:32.122+0000] {logging_mixin.py:190} INFO - [2026-07-25T09:28:32.122+0000] {dag.py:4180} INFO - Setting next_dagrun for example_external_task_marker_child to None, run_after=None
[2026-07-25T09:28:32.125+0000] {logging_mixin.py:190} INFO - [2026-07-25T09:28:32.124+0000] {dag.py:4180} INFO - Setting next_dagrun for example_external_task_marker_parent to None, run_after=None
[2026-07-25T09:28:32.152+0000] {processor.py:208} INFO - Processing /home/airflow/.local/lib/python3.12/site-packages/airflow/example_dags/example_external_task_marker_dag.py took 0.069 seconds
[2026-07-25T09:29:02.631+0000] {processor.py:186} INFO - Started process (PID=354) to work on /home/airflow/.local/lib/python3.12/site-packages/airflow/example_dags/example_external_task_marker_dag.py
[2026-07-25T09:29:02.632+0000] {processor.py:914} INFO - Processing file /home/airflow/.local/lib/python3.12/site-packages/airflow/example_dags/example_external_task_marker_dag.py for tasks to queue
[2026-07-25T09:29:02.634+0000] {logging_mixin.py:190} INFO - [2026-07-25T09:29:02.634+0000] {dagbag.py:588} INFO - Filling up the DagBag from /home/airflow/.local/lib/python3.12/site-packages/airflow/example_dags/example_external_task_marker_dag.py
[2026-07-25T09:29:02.640+0000] {processor.py:925} INFO - DAG(s) 'example_external_task_marker_parent', 'example_external_task_marker_child' retrieved from /home/airflow/.local/lib/python3.12/site-packages/airflow/example_dags/example_external_task_marker_dag.py
[2026-07-25T09:29:02.654+0000] {logging_mixin.py:190} INFO - [2026-07-25T09:29:02.653+0000] {dag.py:3239} INFO - Sync 2 DAGs
[2026-07-25T09:29:02.662+0000] {logging_mixin.py:190} INFO - [2026-07-25T09:29:02.662+0000] {dag.py:4180} INFO - Setting next_dagrun for example_external_task_marker_child to None, run_after=None
[2026-07-25T09:29:02.665+0000] {logging_mixin.py:190} INFO - [2026-07-25T09:29:02.665+0000] {dag.py:4180} INFO - Setting next_dagrun for example_external_task_marker_parent to None, run_after=None
[2026-07-25T09:29:02.679+0000] {processor.py:208} INFO - Processing /home/airflow/.local/lib/python3.12/site-packages/airflow/example_dags/example_external_task_marker_dag.py took 0.051 seconds
[2026-07-25T09:29:32.802+0000] {processor.py:186} INFO - Started process (PID=417) to work on /home/airflow/.local/lib/python3.12/site-packages/airflow/example_dags/example_external_task_marker_dag.py
[2026-07-25T09:29:32.803+0000] {processor.py:914} INFO - Processing file /home/airflow/.local/lib/python3.12/site-packages/airflow/example_dags/example_external_task_marker_dag.py for tasks to queue
[2026-07-25T09:29:32.805+0000] {logging_mixin.py:190} INFO - [2026-07-25T09:29:32.805+0000] {dagbag.py:588} INFO - Filling up the DagBag from /home/airflow/.local/lib/python3.12/site-packages/airflow/example_dags/example_external_task_marker_dag.py
[2026-07-25T09:29:32.811+0000] {processor.py:925} INFO - DAG(s) 'example_external_task_marker_parent', 'example_external_task_marker_child' retrieved from /home/airflow/.local/lib/python3.12/site-packages/airflow/example_dags/example_external_task_marker_dag.py
[2026-07-25T09:29:32.827+0000] {logging_mixin.py:190} INFO - [2026-07-25T09:29:32.827+0000] {dag.py:3239} INFO - Sync 2 DAGs
[2026-07-25T09:29:32.838+0000] {logging_mixin.py:190} INFO - [2026-07-25T09:29:32.838+0000] {dag.py:4180} INFO - Setting next_dagrun for example_external_task_marker_child to None, run_after=None
[2026-07-25T09:29:32.841+0000] {logging_mixin.py:190} INFO - [2026-07-25T09:29:32.841+0000] {dag.py:4180} INFO - Setting next_dagrun for example_external_task_marker_parent to None, run_after=None
[2026-07-25T09:29:32.865+0000] {processor.py:208} INFO - Processing /home/airflow/.local/lib/python3.12/site-packages/airflow/example_dags/example_external_task_marker_dag.py took 0.067 seconds
[2026-07-25T09:30:03.474+0000] {processor.py:186} INFO - Started process (PID=480) to work on /home/airflow/.local/lib/python3.12/site-packages/airflow/example_dags/example_external_task_marker_dag.py
[2026-07-25T09:30:03.475+0000] {processor.py:914} INFO - Processing file /home/airflow/.local/lib/python3.12/site-packages/airflow/example_dags/example_external_task_marker_dag.py for tasks to queue
[2026-07-25T09:30:03.477+0000] {logging_mixin.py:190} INFO - [2026-07-25T09:30:03.477+0000] {dagbag.py:588} INFO - Filling up the DagBag from /home/airflow/.local/lib/python3.12/site-packages/airflow/example_dags/example_external_task_marker_dag.py
[2026-07-25T09:30:03.483+0000] {processor.py:925} INFO - DAG(s) 'example_external_task_marker_child', 'example_external_task_marker_parent' retrieved from /home/airflow/.local/lib/python3.12/site-packages/airflow/example_dags/example_external_task_marker_dag.py
[2026-07-25T09:30:03.500+0000] {logging_mixin.py:190} INFO - [2026-07-25T09:30:03.500+0000] {dag.py:3239} INFO - Sync 2 DAGs
[2026-07-25T09:30:03.511+0000] {logging_mixin.py:190} INFO - [2026-07-25T09:30:03.511+0000] {dag.py:4180} INFO - Setting next_dagrun for example_external_task_marker_child to None, run_after=None
[2026-07-25T09:30:03.513+0000] {logging_mixin.py:190} INFO - [2026-07-25T09:30:03.513+0000] {dag.py:4180} INFO - Setting next_dagrun for example_external_task_marker_parent to None, run_after=None
[2026-07-25T09:30:03.532+0000] {processor.py:208} INFO - Processing /home/airflow/.local/lib/python3.12/site-packages/airflow/example_dags/example_external_task_marker_dag.py took 0.063 seconds
[2026-07-25T09:30:33.749+0000] {processor.py:186} INFO - Started process (PID=543) to work on /home/airflow/.local/lib/python3.12/site-packages/airflow/example_dags/example_external_task_marker_dag.py
[2026-07-25T09:30:33.750+0000] {processor.py:914} INFO - Processing file /home/airflow/.local/lib/python3.12/site-packages/airflow/example_dags/example_external_task_marker_dag.py for tasks to queue
[2026-07-25T09:30:33.753+0000] {logging_mixin.py:190} INFO - [2026-07-25T09:30:33.753+0000] {dagbag.py:588} INFO - Filling up the DagBag from /home/airflow/.local/lib/python3.12/site-packages/airflow/example_dags/example_external_task_marker_dag.py
[2026-07-25T09:30:33.759+0000] {processor.py:925} INFO - DAG(s) 'example_external_task_marker_parent', 'example_external_task_marker_child' retrieved from /home/airflow/.local/lib/python3.12/site-packages/airflow/example_dags/example_external_task_marker_dag.py
[2026-07-25T09:30:33.775+0000] {logging_mixin.py:190} INFO - [2026-07-25T09:30:33.775+0000] {dag.py:3239} INFO - Sync 2 DAGs
[2026-07-25T09:30:33.786+0000] {logging_mixin.py:190} INFO - [2026-07-25T09:30:33.785+0000] {dag.py:4180} INFO - Setting next_dagrun for example_external_task_marker_child to None, run_after=None
[2026-07-25T09:30:33.788+0000] {logging_mixin.py:190} INFO - [2026-07-25T09:30:33.788+0000] {dag.py:4180} INFO - Setting next_dagrun for example_external_task_marker_parent to None, run_after=None
[2026-07-25T09:30:33.798+0000] {processor.py:208} INFO - Processing /home/airflow/.local/lib/python3.12/site-packages/airflow/example_dags/example_external_task_marker_dag.py took 0.053 seconds
