[2026-07-25T09:06:12.763+0000] {processor.py:186} INFO - Started process (PID=72) to work on /home/airflow/.local/lib/python3.12/site-packages/airflow/example_dags/example_python_decorator.py
[2026-07-25T09:06:12.764+0000] {processor.py:914} INFO - Processing file /home/airflow/.local/lib/python3.12/site-packages/airflow/example_dags/example_python_decorator.py for tasks to queue
[2026-07-25T09:06:12.766+0000] {logging_mixin.py:190} INFO - [2026-07-25T09:06:12.766+0000] {dagbag.py:588} INFO - Filling up the DagBag from /home/airflow/.local/lib/python3.12/site-packages/airflow/example_dags/example_python_decorator.py
[2026-07-25T09:06:12.787+0000] {processor.py:925} INFO - DAG(s) 'example_python_decorator' retrieved from /home/airflow/.local/lib/python3.12/site-packages/airflow/example_dags/example_python_decorator.py
[2026-07-25T09:06:12.857+0000] {logging_mixin.py:190} INFO - [2026-07-25T09:06:12.856+0000] {override.py:1932} INFO - Created Permission View: can edit on DAG:example_python_decorator
[2026-07-25T09:06:12.864+0000] {logging_mixin.py:190} INFO - [2026-07-25T09:06:12.864+0000] {override.py:1932} INFO - Created Permission View: can read on DAG:example_python_decorator
[2026-07-25T09:06:12.871+0000] {logging_mixin.py:190} INFO - [2026-07-25T09:06:12.871+0000] {override.py:1932} INFO - Created Permission View: can delete on DAG:example_python_decorator
[2026-07-25T09:06:12.879+0000] {logging_mixin.py:190} INFO - [2026-07-25T09:06:12.879+0000] {override.py:1932} INFO - Created Permission View: can create on DAG Run:example_python_decorator
[2026-07-25T09:06:12.885+0000] {logging_mixin.py:190} INFO - [2026-07-25T09:06:12.885+0000] {override.py:1932} INFO - Created Permission View: can read on DAG Run:example_python_decorator
[2026-07-25T09:06:12.890+0000] {logging_mixin.py:190} INFO - [2026-07-25T09:06:12.889+0000] {override.py:1932} INFO - Created Permission View: can delete on DAG Run:example_python_decorator
[2026-07-25T09:06:12.896+0000] {logging_mixin.py:190} INFO - [2026-07-25T09:06:12.896+0000] {override.py:1932} INFO - Created Permission View: menu access on DAG Run:example_python_decorator
[2026-07-25T09:06:12.897+0000] {logging_mixin.py:190} INFO - [2026-07-25T09:06:12.897+0000] {dag.py:3239} INFO - Sync 1 DAGs
[2026-07-25T09:06:12.905+0000] {logging_mixin.py:190} INFO - [2026-07-25T09:06:12.905+0000] {dag.py:3262} INFO - Creating ORM DAG for example_python_decorator
[2026-07-25T09:06:12.906+0000] {logging_mixin.py:190} INFO - [2026-07-25T09:06:12.906+0000] {dag.py:4180} INFO - Setting next_dagrun for example_python_decorator to None, run_after=None
[2026-07-25T09:06:12.918+0000] {processor.py:208} INFO - Processing /home/airflow/.local/lib/python3.12/site-packages/airflow/example_dags/example_python_decorator.py took 0.159 seconds
[2026-07-25T09:06:43.410+0000] {processor.py:186} INFO - Started process (PID=135) to work on /home/airflow/.local/lib/python3.12/site-packages/airflow/example_dags/example_python_decorator.py
[2026-07-25T09:06:43.410+0000] {processor.py:914} INFO - Processing file /home/airflow/.local/lib/python3.12/site-packages/airflow/example_dags/example_python_decorator.py for tasks to queue
[2026-07-25T09:06:43.412+0000] {logging_mixin.py:190} INFO - [2026-07-25T09:06:43.412+0000] {dagbag.py:588} INFO - Filling up the DagBag from /home/airflow/.local/lib/python3.12/site-packages/airflow/example_dags/example_python_decorator.py
[2026-07-25T09:06:43.422+0000] {processor.py:925} INFO - DAG(s) 'example_python_decorator' retrieved from /home/airflow/.local/lib/python3.12/site-packages/airflow/example_dags/example_python_decorator.py
[2026-07-25T09:06:43.435+0000] {logging_mixin.py:190} INFO - [2026-07-25T09:06:43.435+0000] {dag.py:3239} INFO - Sync 1 DAGs
[2026-07-25T09:06:43.444+0000] {logging_mixin.py:190} INFO - [2026-07-25T09:06:43.444+0000] {dag.py:4180} INFO - Setting next_dagrun for example_python_decorator to None, run_after=None
[2026-07-25T09:06:43.454+0000] {processor.py:208} INFO - Processing /home/airflow/.local/lib/python3.12/site-packages/airflow/example_dags/example_python_decorator.py took 0.048 seconds
[2026-07-25T09:07:14.427+0000] {processor.py:186} INFO - Started process (PID=198) to work on /home/airflow/.local/lib/python3.12/site-packages/airflow/example_dags/example_python_decorator.py
[2026-07-25T09:07:14.428+0000] {processor.py:914} INFO - Processing file /home/airflow/.local/lib/python3.12/site-packages/airflow/example_dags/example_python_decorator.py for tasks to queue
[2026-07-25T09:07:14.430+0000] {logging_mixin.py:190} INFO - [2026-07-25T09:07:14.429+0000] {dagbag.py:588} INFO - Filling up the DagBag from /home/airflow/.local/lib/python3.12/site-packages/airflow/example_dags/example_python_decorator.py
[2026-07-25T09:07:14.439+0000] {processor.py:925} INFO - DAG(s) 'example_python_decorator' retrieved from /home/airflow/.local/lib/python3.12/site-packages/airflow/example_dags/example_python_decorator.py
[2026-07-25T09:07:14.453+0000] {logging_mixin.py:190} INFO - [2026-07-25T09:07:14.453+0000] {dag.py:3239} INFO - Sync 1 DAGs
[2026-07-25T09:07:14.461+0000] {logging_mixin.py:190} INFO - [2026-07-25T09:07:14.461+0000] {dag.py:4180} INFO - Setting next_dagrun for example_python_decorator to None, run_after=None
[2026-07-25T09:07:14.473+0000] {processor.py:208} INFO - Processing /home/airflow/.local/lib/python3.12/site-packages/airflow/example_dags/example_python_decorator.py took 0.050 seconds
[2026-07-25T09:07:44.864+0000] {processor.py:186} INFO - Started process (PID=261) to work on /home/airflow/.local/lib/python3.12/site-packages/airflow/example_dags/example_python_decorator.py
[2026-07-25T09:07:44.865+0000] {processor.py:914} INFO - Processing file /home/airflow/.local/lib/python3.12/site-packages/airflow/example_dags/example_python_decorator.py for tasks to queue
[2026-07-25T09:07:44.866+0000] {logging_mixin.py:190} INFO - [2026-07-25T09:07:44.866+0000] {dagbag.py:588} INFO - Filling up the DagBag from /home/airflow/.local/lib/python3.12/site-packages/airflow/example_dags/example_python_decorator.py
[2026-07-25T09:07:44.875+0000] {processor.py:925} INFO - DAG(s) 'example_python_decorator' retrieved from /home/airflow/.local/lib/python3.12/site-packages/airflow/example_dags/example_python_decorator.py
[2026-07-25T09:07:44.889+0000] {logging_mixin.py:190} INFO - [2026-07-25T09:07:44.889+0000] {dag.py:3239} INFO - Sync 1 DAGs
[2026-07-25T09:07:44.897+0000] {logging_mixin.py:190} INFO - [2026-07-25T09:07:44.897+0000] {dag.py:4180} INFO - Setting next_dagrun for example_python_decorator to None, run_after=None
[2026-07-25T09:07:44.909+0000] {processor.py:208} INFO - Processing /home/airflow/.local/lib/python3.12/site-packages/airflow/example_dags/example_python_decorator.py took 0.048 seconds
[2026-07-25T09:08:15.389+0000] {processor.py:186} INFO - Started process (PID=330) to work on /home/airflow/.local/lib/python3.12/site-packages/airflow/example_dags/example_python_decorator.py
[2026-07-25T09:08:15.390+0000] {processor.py:914} INFO - Processing file /home/airflow/.local/lib/python3.12/site-packages/airflow/example_dags/example_python_decorator.py for tasks to queue
[2026-07-25T09:08:15.392+0000] {logging_mixin.py:190} INFO - [2026-07-25T09:08:15.392+0000] {dagbag.py:588} INFO - Filling up the DagBag from /home/airflow/.local/lib/python3.12/site-packages/airflow/example_dags/example_python_decorator.py
[2026-07-25T09:08:15.403+0000] {processor.py:925} INFO - DAG(s) 'example_python_decorator' retrieved from /home/airflow/.local/lib/python3.12/site-packages/airflow/example_dags/example_python_decorator.py
[2026-07-25T09:08:15.421+0000] {logging_mixin.py:190} INFO - [2026-07-25T09:08:15.421+0000] {dag.py:3239} INFO - Sync 1 DAGs
[2026-07-25T09:08:15.431+0000] {logging_mixin.py:190} INFO - [2026-07-25T09:08:15.431+0000] {dag.py:4180} INFO - Setting next_dagrun for example_python_decorator to None, run_after=None
[2026-07-25T09:08:15.444+0000] {processor.py:208} INFO - Processing /home/airflow/.local/lib/python3.12/site-packages/airflow/example_dags/example_python_decorator.py took 0.060 seconds
[2026-07-25T09:08:46.180+0000] {processor.py:186} INFO - Started process (PID=393) to work on /home/airflow/.local/lib/python3.12/site-packages/airflow/example_dags/example_python_decorator.py
[2026-07-25T09:08:46.181+0000] {processor.py:914} INFO - Processing file /home/airflow/.local/lib/python3.12/site-packages/airflow/example_dags/example_python_decorator.py for tasks to queue
[2026-07-25T09:08:46.182+0000] {logging_mixin.py:190} INFO - [2026-07-25T09:08:46.182+0000] {dagbag.py:588} INFO - Filling up the DagBag from /home/airflow/.local/lib/python3.12/site-packages/airflow/example_dags/example_python_decorator.py
[2026-07-25T09:08:46.192+0000] {processor.py:925} INFO - DAG(s) 'example_python_decorator' retrieved from /home/airflow/.local/lib/python3.12/site-packages/airflow/example_dags/example_python_decorator.py
[2026-07-25T09:08:46.206+0000] {logging_mixin.py:190} INFO - [2026-07-25T09:08:46.206+0000] {dag.py:3239} INFO - Sync 1 DAGs
[2026-07-25T09:08:46.215+0000] {logging_mixin.py:190} INFO - [2026-07-25T09:08:46.215+0000] {dag.py:4180} INFO - Setting next_dagrun for example_python_decorator to None, run_after=None
[2026-07-25T09:08:46.225+0000] {processor.py:208} INFO - Processing /home/airflow/.local/lib/python3.12/site-packages/airflow/example_dags/example_python_decorator.py took 0.049 seconds
[2026-07-25T09:09:20.107+0000] {processor.py:186} INFO - Started process (PID=456) to work on /home/airflow/.local/lib/python3.12/site-packages/airflow/example_dags/example_python_decorator.py
[2026-07-25T09:09:20.108+0000] {processor.py:914} INFO - Processing file /home/airflow/.local/lib/python3.12/site-packages/airflow/example_dags/example_python_decorator.py for tasks to queue
[2026-07-25T09:09:20.110+0000] {logging_mixin.py:190} INFO - [2026-07-25T09:09:20.110+0000] {dagbag.py:588} INFO - Filling up the DagBag from /home/airflow/.local/lib/python3.12/site-packages/airflow/example_dags/example_python_decorator.py
[2026-07-25T09:09:20.121+0000] {processor.py:925} INFO - DAG(s) 'example_python_decorator' retrieved from /home/airflow/.local/lib/python3.12/site-packages/airflow/example_dags/example_python_decorator.py
[2026-07-25T09:09:20.135+0000] {logging_mixin.py:190} INFO - [2026-07-25T09:09:20.135+0000] {dag.py:3239} INFO - Sync 1 DAGs
[2026-07-25T09:09:20.145+0000] {logging_mixin.py:190} INFO - [2026-07-25T09:09:20.145+0000] {dag.py:4180} INFO - Setting next_dagrun for example_python_decorator to None, run_after=None
[2026-07-25T09:09:20.157+0000] {processor.py:208} INFO - Processing /home/airflow/.local/lib/python3.12/site-packages/airflow/example_dags/example_python_decorator.py took 0.055 seconds
[2026-07-25T09:09:50.338+0000] {processor.py:186} INFO - Started process (PID=518) to work on /home/airflow/.local/lib/python3.12/site-packages/airflow/example_dags/example_python_decorator.py
[2026-07-25T09:09:50.339+0000] {processor.py:914} INFO - Processing file /home/airflow/.local/lib/python3.12/site-packages/airflow/example_dags/example_python_decorator.py for tasks to queue
[2026-07-25T09:09:50.341+0000] {logging_mixin.py:190} INFO - [2026-07-25T09:09:50.340+0000] {dagbag.py:588} INFO - Filling up the DagBag from /home/airflow/.local/lib/python3.12/site-packages/airflow/example_dags/example_python_decorator.py
[2026-07-25T09:09:50.350+0000] {processor.py:925} INFO - DAG(s) 'example_python_decorator' retrieved from /home/airflow/.local/lib/python3.12/site-packages/airflow/example_dags/example_python_decorator.py
[2026-07-25T09:09:50.364+0000] {logging_mixin.py:190} INFO - [2026-07-25T09:09:50.364+0000] {dag.py:3239} INFO - Sync 1 DAGs
[2026-07-25T09:09:50.373+0000] {logging_mixin.py:190} INFO - [2026-07-25T09:09:50.373+0000] {dag.py:4180} INFO - Setting next_dagrun for example_python_decorator to None, run_after=None
[2026-07-25T09:09:50.384+0000] {processor.py:208} INFO - Processing /home/airflow/.local/lib/python3.12/site-packages/airflow/example_dags/example_python_decorator.py took 0.050 seconds
[2026-07-25T09:10:20.790+0000] {processor.py:186} INFO - Started process (PID=580) to work on /home/airflow/.local/lib/python3.12/site-packages/airflow/example_dags/example_python_decorator.py
[2026-07-25T09:10:20.791+0000] {processor.py:914} INFO - Processing file /home/airflow/.local/lib/python3.12/site-packages/airflow/example_dags/example_python_decorator.py for tasks to queue
[2026-07-25T09:10:20.793+0000] {logging_mixin.py:190} INFO - [2026-07-25T09:10:20.793+0000] {dagbag.py:588} INFO - Filling up the DagBag from /home/airflow/.local/lib/python3.12/site-packages/airflow/example_dags/example_python_decorator.py
[2026-07-25T09:10:20.802+0000] {processor.py:925} INFO - DAG(s) 'example_python_decorator' retrieved from /home/airflow/.local/lib/python3.12/site-packages/airflow/example_dags/example_python_decorator.py
[2026-07-25T09:10:20.816+0000] {logging_mixin.py:190} INFO - [2026-07-25T09:10:20.816+0000] {dag.py:3239} INFO - Sync 1 DAGs
[2026-07-25T09:10:20.826+0000] {logging_mixin.py:190} INFO - [2026-07-25T09:10:20.826+0000] {dag.py:4180} INFO - Setting next_dagrun for example_python_decorator to None, run_after=None
[2026-07-25T09:10:20.839+0000] {processor.py:208} INFO - Processing /home/airflow/.local/lib/python3.12/site-packages/airflow/example_dags/example_python_decorator.py took 0.052 seconds
[2026-07-25T09:10:51.348+0000] {processor.py:186} INFO - Started process (PID=638) to work on /home/airflow/.local/lib/python3.12/site-packages/airflow/example_dags/example_python_decorator.py
[2026-07-25T09:10:51.349+0000] {processor.py:914} INFO - Processing file /home/airflow/.local/lib/python3.12/site-packages/airflow/example_dags/example_python_decorator.py for tasks to queue
[2026-07-25T09:10:51.351+0000] {logging_mixin.py:190} INFO - [2026-07-25T09:10:51.351+0000] {dagbag.py:588} INFO - Filling up the DagBag from /home/airflow/.local/lib/python3.12/site-packages/airflow/example_dags/example_python_decorator.py
[2026-07-25T09:10:51.360+0000] {processor.py:925} INFO - DAG(s) 'example_python_decorator' retrieved from /home/airflow/.local/lib/python3.12/site-packages/airflow/example_dags/example_python_decorator.py
[2026-07-25T09:10:51.374+0000] {logging_mixin.py:190} INFO - [2026-07-25T09:10:51.374+0000] {dag.py:3239} INFO - Sync 1 DAGs
[2026-07-25T09:10:51.383+0000] {logging_mixin.py:190} INFO - [2026-07-25T09:10:51.383+0000] {dag.py:4180} INFO - Setting next_dagrun for example_python_decorator to None, run_after=None
[2026-07-25T09:10:51.394+0000] {processor.py:208} INFO - Processing /home/airflow/.local/lib/python3.12/site-packages/airflow/example_dags/example_python_decorator.py took 0.050 seconds
[2026-07-25T09:11:21.425+0000] {processor.py:186} INFO - Started process (PID=701) to work on /home/airflow/.local/lib/python3.12/site-packages/airflow/example_dags/example_python_decorator.py
[2026-07-25T09:11:21.425+0000] {processor.py:914} INFO - Processing file /home/airflow/.local/lib/python3.12/site-packages/airflow/example_dags/example_python_decorator.py for tasks to queue
[2026-07-25T09:11:21.427+0000] {logging_mixin.py:190} INFO - [2026-07-25T09:11:21.427+0000] {dagbag.py:588} INFO - Filling up the DagBag from /home/airflow/.local/lib/python3.12/site-packages/airflow/example_dags/example_python_decorator.py
[2026-07-25T09:11:21.436+0000] {processor.py:925} INFO - DAG(s) 'example_python_decorator' retrieved from /home/airflow/.local/lib/python3.12/site-packages/airflow/example_dags/example_python_decorator.py
[2026-07-25T09:11:21.451+0000] {logging_mixin.py:190} INFO - [2026-07-25T09:11:21.451+0000] {dag.py:3239} INFO - Sync 1 DAGs
[2026-07-25T09:11:21.461+0000] {logging_mixin.py:190} INFO - [2026-07-25T09:11:21.461+0000] {dag.py:4180} INFO - Setting next_dagrun for example_python_decorator to None, run_after=None
[2026-07-25T09:11:21.474+0000] {processor.py:208} INFO - Processing /home/airflow/.local/lib/python3.12/site-packages/airflow/example_dags/example_python_decorator.py took 0.053 seconds
[2026-07-25T09:11:51.961+0000] {processor.py:186} INFO - Started process (PID=764) to work on /home/airflow/.local/lib/python3.12/site-packages/airflow/example_dags/example_python_decorator.py
[2026-07-25T09:11:51.962+0000] {processor.py:914} INFO - Processing file /home/airflow/.local/lib/python3.12/site-packages/airflow/example_dags/example_python_decorator.py for tasks to queue
[2026-07-25T09:11:51.964+0000] {logging_mixin.py:190} INFO - [2026-07-25T09:11:51.964+0000] {dagbag.py:588} INFO - Filling up the DagBag from /home/airflow/.local/lib/python3.12/site-packages/airflow/example_dags/example_python_decorator.py
[2026-07-25T09:11:51.973+0000] {processor.py:925} INFO - DAG(s) 'example_python_decorator' retrieved from /home/airflow/.local/lib/python3.12/site-packages/airflow/example_dags/example_python_decorator.py
[2026-07-25T09:11:51.987+0000] {logging_mixin.py:190} INFO - [2026-07-25T09:11:51.987+0000] {dag.py:3239} INFO - Sync 1 DAGs
[2026-07-25T09:11:51.996+0000] {logging_mixin.py:190} INFO - [2026-07-25T09:11:51.996+0000] {dag.py:4180} INFO - Setting next_dagrun for example_python_decorator to None, run_after=None
[2026-07-25T09:11:52.007+0000] {processor.py:208} INFO - Processing /home/airflow/.local/lib/python3.12/site-packages/airflow/example_dags/example_python_decorator.py took 0.049 seconds
[2026-07-25T09:12:22.629+0000] {processor.py:186} INFO - Started process (PID=826) to work on /home/airflow/.local/lib/python3.12/site-packages/airflow/example_dags/example_python_decorator.py
[2026-07-25T09:12:22.630+0000] {processor.py:914} INFO - Processing file /home/airflow/.local/lib/python3.12/site-packages/airflow/example_dags/example_python_decorator.py for tasks to queue
[2026-07-25T09:12:22.632+0000] {logging_mixin.py:190} INFO - [2026-07-25T09:12:22.632+0000] {dagbag.py:588} INFO - Filling up the DagBag from /home/airflow/.local/lib/python3.12/site-packages/airflow/example_dags/example_python_decorator.py
[2026-07-25T09:12:22.642+0000] {processor.py:925} INFO - DAG(s) 'example_python_decorator' retrieved from /home/airflow/.local/lib/python3.12/site-packages/airflow/example_dags/example_python_decorator.py
[2026-07-25T09:12:22.656+0000] {logging_mixin.py:190} INFO - [2026-07-25T09:12:22.656+0000] {dag.py:3239} INFO - Sync 1 DAGs
[2026-07-25T09:12:22.664+0000] {logging_mixin.py:190} INFO - [2026-07-25T09:12:22.664+0000] {dag.py:4180} INFO - Setting next_dagrun for example_python_decorator to None, run_after=None
[2026-07-25T09:12:22.675+0000] {processor.py:208} INFO - Processing /home/airflow/.local/lib/python3.12/site-packages/airflow/example_dags/example_python_decorator.py took 0.050 seconds
[2026-07-25T09:12:52.766+0000] {processor.py:186} INFO - Started process (PID=889) to work on /home/airflow/.local/lib/python3.12/site-packages/airflow/example_dags/example_python_decorator.py
[2026-07-25T09:12:52.767+0000] {processor.py:914} INFO - Processing file /home/airflow/.local/lib/python3.12/site-packages/airflow/example_dags/example_python_decorator.py for tasks to queue
[2026-07-25T09:12:52.769+0000] {logging_mixin.py:190} INFO - [2026-07-25T09:12:52.769+0000] {dagbag.py:588} INFO - Filling up the DagBag from /home/airflow/.local/lib/python3.12/site-packages/airflow/example_dags/example_python_decorator.py
[2026-07-25T09:12:52.778+0000] {processor.py:925} INFO - DAG(s) 'example_python_decorator' retrieved from /home/airflow/.local/lib/python3.12/site-packages/airflow/example_dags/example_python_decorator.py
[2026-07-25T09:12:52.791+0000] {logging_mixin.py:190} INFO - [2026-07-25T09:12:52.791+0000] {dag.py:3239} INFO - Sync 1 DAGs
[2026-07-25T09:12:52.799+0000] {logging_mixin.py:190} INFO - [2026-07-25T09:12:52.799+0000] {dag.py:4180} INFO - Setting next_dagrun for example_python_decorator to None, run_after=None
[2026-07-25T09:12:52.810+0000] {processor.py:208} INFO - Processing /home/airflow/.local/lib/python3.12/site-packages/airflow/example_dags/example_python_decorator.py took 0.047 seconds
[2026-07-25T09:13:25.505+0000] {processor.py:186} INFO - Started process (PID=952) to work on /home/airflow/.local/lib/python3.12/site-packages/airflow/example_dags/example_python_decorator.py
[2026-07-25T09:13:25.506+0000] {processor.py:914} INFO - Processing file /home/airflow/.local/lib/python3.12/site-packages/airflow/example_dags/example_python_decorator.py for tasks to queue
[2026-07-25T09:13:25.508+0000] {logging_mixin.py:190} INFO - [2026-07-25T09:13:25.508+0000] {dagbag.py:588} INFO - Filling up the DagBag from /home/airflow/.local/lib/python3.12/site-packages/airflow/example_dags/example_python_decorator.py
[2026-07-25T09:13:25.517+0000] {processor.py:925} INFO - DAG(s) 'example_python_decorator' retrieved from /home/airflow/.local/lib/python3.12/site-packages/airflow/example_dags/example_python_decorator.py
[2026-07-25T09:13:25.533+0000] {logging_mixin.py:190} INFO - [2026-07-25T09:13:25.533+0000] {dag.py:3239} INFO - Sync 1 DAGs
[2026-07-25T09:13:25.543+0000] {logging_mixin.py:190} INFO - [2026-07-25T09:13:25.542+0000] {dag.py:4180} INFO - Setting next_dagrun for example_python_decorator to None, run_after=None
[2026-07-25T09:13:25.554+0000] {processor.py:208} INFO - Processing /home/airflow/.local/lib/python3.12/site-packages/airflow/example_dags/example_python_decorator.py took 0.053 seconds
[2026-07-25T09:13:58.866+0000] {processor.py:186} INFO - Started process (PID=1015) to work on /home/airflow/.local/lib/python3.12/site-packages/airflow/example_dags/example_python_decorator.py
[2026-07-25T09:13:58.866+0000] {processor.py:914} INFO - Processing file /home/airflow/.local/lib/python3.12/site-packages/airflow/example_dags/example_python_decorator.py for tasks to queue
[2026-07-25T09:13:58.868+0000] {logging_mixin.py:190} INFO - [2026-07-25T09:13:58.868+0000] {dagbag.py:588} INFO - Filling up the DagBag from /home/airflow/.local/lib/python3.12/site-packages/airflow/example_dags/example_python_decorator.py
[2026-07-25T09:13:58.879+0000] {processor.py:925} INFO - DAG(s) 'example_python_decorator' retrieved from /home/airflow/.local/lib/python3.12/site-packages/airflow/example_dags/example_python_decorator.py
[2026-07-25T09:13:58.895+0000] {logging_mixin.py:190} INFO - [2026-07-25T09:13:58.895+0000] {dag.py:3239} INFO - Sync 1 DAGs
[2026-07-25T09:13:58.903+0000] {logging_mixin.py:190} INFO - [2026-07-25T09:13:58.903+0000] {dag.py:4180} INFO - Setting next_dagrun for example_python_decorator to None, run_after=None
[2026-07-25T09:13:58.914+0000] {processor.py:208} INFO - Processing /home/airflow/.local/lib/python3.12/site-packages/airflow/example_dags/example_python_decorator.py took 0.052 seconds
[2026-07-25T09:14:29.707+0000] {processor.py:186} INFO - Started process (PID=1076) to work on /home/airflow/.local/lib/python3.12/site-packages/airflow/example_dags/example_python_decorator.py
[2026-07-25T09:14:29.707+0000] {processor.py:914} INFO - Processing file /home/airflow/.local/lib/python3.12/site-packages/airflow/example_dags/example_python_decorator.py for tasks to queue
[2026-07-25T09:14:29.710+0000] {logging_mixin.py:190} INFO - [2026-07-25T09:14:29.709+0000] {dagbag.py:588} INFO - Filling up the DagBag from /home/airflow/.local/lib/python3.12/site-packages/airflow/example_dags/example_python_decorator.py
[2026-07-25T09:14:29.720+0000] {processor.py:925} INFO - DAG(s) 'example_python_decorator' retrieved from /home/airflow/.local/lib/python3.12/site-packages/airflow/example_dags/example_python_decorator.py
[2026-07-25T09:14:29.735+0000] {logging_mixin.py:190} INFO - [2026-07-25T09:14:29.735+0000] {dag.py:3239} INFO - Sync 1 DAGs
[2026-07-25T09:14:29.744+0000] {logging_mixin.py:190} INFO - [2026-07-25T09:14:29.744+0000] {dag.py:4180} INFO - Setting next_dagrun for example_python_decorator to None, run_after=None
[2026-07-25T09:14:29.757+0000] {processor.py:208} INFO - Processing /home/airflow/.local/lib/python3.12/site-packages/airflow/example_dags/example_python_decorator.py took 0.054 seconds
[2026-07-25T09:15:33.011+0000] {processor.py:186} INFO - Started process (PID=72) to work on /home/airflow/.local/lib/python3.12/site-packages/airflow/example_dags/example_python_decorator.py
[2026-07-25T09:15:33.012+0000] {processor.py:914} INFO - Processing file /home/airflow/.local/lib/python3.12/site-packages/airflow/example_dags/example_python_decorator.py for tasks to queue
[2026-07-25T09:15:33.015+0000] {logging_mixin.py:190} INFO - [2026-07-25T09:15:33.015+0000] {dagbag.py:588} INFO - Filling up the DagBag from /home/airflow/.local/lib/python3.12/site-packages/airflow/example_dags/example_python_decorator.py
[2026-07-25T09:15:33.038+0000] {processor.py:925} INFO - DAG(s) 'example_python_decorator' retrieved from /home/airflow/.local/lib/python3.12/site-packages/airflow/example_dags/example_python_decorator.py
[2026-07-25T09:15:33.199+0000] {logging_mixin.py:190} INFO - [2026-07-25T09:15:33.199+0000] {dag.py:3239} INFO - Sync 1 DAGs
[2026-07-25T09:15:33.207+0000] {logging_mixin.py:190} INFO - [2026-07-25T09:15:33.207+0000] {dag.py:4180} INFO - Setting next_dagrun for example_python_decorator to None, run_after=None
[2026-07-25T09:15:33.222+0000] {processor.py:208} INFO - Processing /home/airflow/.local/lib/python3.12/site-packages/airflow/example_dags/example_python_decorator.py took 0.217 seconds
[2026-07-25T09:16:03.404+0000] {processor.py:186} INFO - Started process (PID=136) to work on /home/airflow/.local/lib/python3.12/site-packages/airflow/example_dags/example_python_decorator.py
[2026-07-25T09:16:03.405+0000] {processor.py:914} INFO - Processing file /home/airflow/.local/lib/python3.12/site-packages/airflow/example_dags/example_python_decorator.py for tasks to queue
[2026-07-25T09:16:03.407+0000] {logging_mixin.py:190} INFO - [2026-07-25T09:16:03.407+0000] {dagbag.py:588} INFO - Filling up the DagBag from /home/airflow/.local/lib/python3.12/site-packages/airflow/example_dags/example_python_decorator.py
[2026-07-25T09:16:03.420+0000] {processor.py:925} INFO - DAG(s) 'example_python_decorator' retrieved from /home/airflow/.local/lib/python3.12/site-packages/airflow/example_dags/example_python_decorator.py
[2026-07-25T09:16:03.437+0000] {logging_mixin.py:190} INFO - [2026-07-25T09:16:03.437+0000] {dag.py:3239} INFO - Sync 1 DAGs
[2026-07-25T09:16:03.448+0000] {logging_mixin.py:190} INFO - [2026-07-25T09:16:03.448+0000] {dag.py:4180} INFO - Setting next_dagrun for example_python_decorator to None, run_after=None
[2026-07-25T09:16:03.460+0000] {processor.py:208} INFO - Processing /home/airflow/.local/lib/python3.12/site-packages/airflow/example_dags/example_python_decorator.py took 0.060 seconds
[2026-07-25T09:16:34.090+0000] {processor.py:186} INFO - Started process (PID=198) to work on /home/airflow/.local/lib/python3.12/site-packages/airflow/example_dags/example_python_decorator.py
[2026-07-25T09:16:34.091+0000] {processor.py:914} INFO - Processing file /home/airflow/.local/lib/python3.12/site-packages/airflow/example_dags/example_python_decorator.py for tasks to queue
[2026-07-25T09:16:34.093+0000] {logging_mixin.py:190} INFO - [2026-07-25T09:16:34.093+0000] {dagbag.py:588} INFO - Filling up the DagBag from /home/airflow/.local/lib/python3.12/site-packages/airflow/example_dags/example_python_decorator.py
[2026-07-25T09:16:34.107+0000] {processor.py:925} INFO - DAG(s) 'example_python_decorator' retrieved from /home/airflow/.local/lib/python3.12/site-packages/airflow/example_dags/example_python_decorator.py
[2026-07-25T09:16:34.124+0000] {logging_mixin.py:190} INFO - [2026-07-25T09:16:34.124+0000] {dag.py:3239} INFO - Sync 1 DAGs
[2026-07-25T09:16:34.135+0000] {logging_mixin.py:190} INFO - [2026-07-25T09:16:34.135+0000] {dag.py:4180} INFO - Setting next_dagrun for example_python_decorator to None, run_after=None
[2026-07-25T09:16:34.149+0000] {processor.py:208} INFO - Processing /home/airflow/.local/lib/python3.12/site-packages/airflow/example_dags/example_python_decorator.py took 0.063 seconds
[2026-07-25T09:17:04.790+0000] {processor.py:186} INFO - Started process (PID=261) to work on /home/airflow/.local/lib/python3.12/site-packages/airflow/example_dags/example_python_decorator.py
[2026-07-25T09:17:04.791+0000] {processor.py:914} INFO - Processing file /home/airflow/.local/lib/python3.12/site-packages/airflow/example_dags/example_python_decorator.py for tasks to queue
[2026-07-25T09:17:04.793+0000] {logging_mixin.py:190} INFO - [2026-07-25T09:17:04.793+0000] {dagbag.py:588} INFO - Filling up the DagBag from /home/airflow/.local/lib/python3.12/site-packages/airflow/example_dags/example_python_decorator.py
[2026-07-25T09:17:04.802+0000] {processor.py:925} INFO - DAG(s) 'example_python_decorator' retrieved from /home/airflow/.local/lib/python3.12/site-packages/airflow/example_dags/example_python_decorator.py
[2026-07-25T09:17:04.815+0000] {logging_mixin.py:190} INFO - [2026-07-25T09:17:04.815+0000] {dag.py:3239} INFO - Sync 1 DAGs
[2026-07-25T09:17:04.825+0000] {logging_mixin.py:190} INFO - [2026-07-25T09:17:04.825+0000] {dag.py:4180} INFO - Setting next_dagrun for example_python_decorator to None, run_after=None
[2026-07-25T09:17:04.836+0000] {processor.py:208} INFO - Processing /home/airflow/.local/lib/python3.12/site-packages/airflow/example_dags/example_python_decorator.py took 0.049 seconds
[2026-07-25T09:17:35.185+0000] {processor.py:186} INFO - Started process (PID=324) to work on /home/airflow/.local/lib/python3.12/site-packages/airflow/example_dags/example_python_decorator.py
[2026-07-25T09:17:35.186+0000] {processor.py:914} INFO - Processing file /home/airflow/.local/lib/python3.12/site-packages/airflow/example_dags/example_python_decorator.py for tasks to queue
[2026-07-25T09:17:35.187+0000] {logging_mixin.py:190} INFO - [2026-07-25T09:17:35.187+0000] {dagbag.py:588} INFO - Filling up the DagBag from /home/airflow/.local/lib/python3.12/site-packages/airflow/example_dags/example_python_decorator.py
[2026-07-25T09:17:35.197+0000] {processor.py:925} INFO - DAG(s) 'example_python_decorator' retrieved from /home/airflow/.local/lib/python3.12/site-packages/airflow/example_dags/example_python_decorator.py
[2026-07-25T09:17:35.210+0000] {logging_mixin.py:190} INFO - [2026-07-25T09:17:35.210+0000] {dag.py:3239} INFO - Sync 1 DAGs
[2026-07-25T09:17:35.218+0000] {logging_mixin.py:190} INFO - [2026-07-25T09:17:35.218+0000] {dag.py:4180} INFO - Setting next_dagrun for example_python_decorator to None, run_after=None
[2026-07-25T09:17:35.232+0000] {processor.py:208} INFO - Processing /home/airflow/.local/lib/python3.12/site-packages/airflow/example_dags/example_python_decorator.py took 0.051 seconds
[2026-07-25T09:18:05.563+0000] {processor.py:186} INFO - Started process (PID=387) to work on /home/airflow/.local/lib/python3.12/site-packages/airflow/example_dags/example_python_decorator.py
[2026-07-25T09:18:05.564+0000] {processor.py:914} INFO - Processing file /home/airflow/.local/lib/python3.12/site-packages/airflow/example_dags/example_python_decorator.py for tasks to queue
[2026-07-25T09:18:05.566+0000] {logging_mixin.py:190} INFO - [2026-07-25T09:18:05.566+0000] {dagbag.py:588} INFO - Filling up the DagBag from /home/airflow/.local/lib/python3.12/site-packages/airflow/example_dags/example_python_decorator.py
[2026-07-25T09:18:05.575+0000] {processor.py:925} INFO - DAG(s) 'example_python_decorator' retrieved from /home/airflow/.local/lib/python3.12/site-packages/airflow/example_dags/example_python_decorator.py
[2026-07-25T09:18:05.590+0000] {logging_mixin.py:190} INFO - [2026-07-25T09:18:05.590+0000] {dag.py:3239} INFO - Sync 1 DAGs
[2026-07-25T09:18:05.599+0000] {logging_mixin.py:190} INFO - [2026-07-25T09:18:05.599+0000] {dag.py:4180} INFO - Setting next_dagrun for example_python_decorator to None, run_after=None
[2026-07-25T09:18:05.611+0000] {processor.py:208} INFO - Processing /home/airflow/.local/lib/python3.12/site-packages/airflow/example_dags/example_python_decorator.py took 0.051 seconds
[2026-07-25T09:18:36.254+0000] {processor.py:186} INFO - Started process (PID=449) to work on /home/airflow/.local/lib/python3.12/site-packages/airflow/example_dags/example_python_decorator.py
[2026-07-25T09:18:36.255+0000] {processor.py:914} INFO - Processing file /home/airflow/.local/lib/python3.12/site-packages/airflow/example_dags/example_python_decorator.py for tasks to queue
[2026-07-25T09:18:36.257+0000] {logging_mixin.py:190} INFO - [2026-07-25T09:18:36.257+0000] {dagbag.py:588} INFO - Filling up the DagBag from /home/airflow/.local/lib/python3.12/site-packages/airflow/example_dags/example_python_decorator.py
[2026-07-25T09:18:36.266+0000] {processor.py:925} INFO - DAG(s) 'example_python_decorator' retrieved from /home/airflow/.local/lib/python3.12/site-packages/airflow/example_dags/example_python_decorator.py
[2026-07-25T09:18:36.280+0000] {logging_mixin.py:190} INFO - [2026-07-25T09:18:36.280+0000] {dag.py:3239} INFO - Sync 1 DAGs
[2026-07-25T09:18:36.289+0000] {logging_mixin.py:190} INFO - [2026-07-25T09:18:36.288+0000] {dag.py:4180} INFO - Setting next_dagrun for example_python_decorator to None, run_after=None
[2026-07-25T09:18:36.299+0000] {processor.py:208} INFO - Processing /home/airflow/.local/lib/python3.12/site-packages/airflow/example_dags/example_python_decorator.py took 0.049 seconds
[2026-07-25T09:19:06.535+0000] {processor.py:186} INFO - Started process (PID=511) to work on /home/airflow/.local/lib/python3.12/site-packages/airflow/example_dags/example_python_decorator.py
[2026-07-25T09:19:06.536+0000] {processor.py:914} INFO - Processing file /home/airflow/.local/lib/python3.12/site-packages/airflow/example_dags/example_python_decorator.py for tasks to queue
[2026-07-25T09:19:06.538+0000] {logging_mixin.py:190} INFO - [2026-07-25T09:19:06.537+0000] {dagbag.py:588} INFO - Filling up the DagBag from /home/airflow/.local/lib/python3.12/site-packages/airflow/example_dags/example_python_decorator.py
[2026-07-25T09:19:06.547+0000] {processor.py:925} INFO - DAG(s) 'example_python_decorator' retrieved from /home/airflow/.local/lib/python3.12/site-packages/airflow/example_dags/example_python_decorator.py
[2026-07-25T09:19:06.561+0000] {logging_mixin.py:190} INFO - [2026-07-25T09:19:06.561+0000] {dag.py:3239} INFO - Sync 1 DAGs
[2026-07-25T09:19:06.570+0000] {logging_mixin.py:190} INFO - [2026-07-25T09:19:06.570+0000] {dag.py:4180} INFO - Setting next_dagrun for example_python_decorator to None, run_after=None
[2026-07-25T09:19:06.584+0000] {processor.py:208} INFO - Processing /home/airflow/.local/lib/python3.12/site-packages/airflow/example_dags/example_python_decorator.py took 0.053 seconds
[2026-07-25T09:20:44.257+0000] {processor.py:186} INFO - Started process (PID=72) to work on /home/airflow/.local/lib/python3.12/site-packages/airflow/example_dags/example_python_decorator.py
[2026-07-25T09:20:44.258+0000] {processor.py:914} INFO - Processing file /home/airflow/.local/lib/python3.12/site-packages/airflow/example_dags/example_python_decorator.py for tasks to queue
[2026-07-25T09:20:44.262+0000] {logging_mixin.py:190} INFO - [2026-07-25T09:20:44.261+0000] {dagbag.py:588} INFO - Filling up the DagBag from /home/airflow/.local/lib/python3.12/site-packages/airflow/example_dags/example_python_decorator.py
[2026-07-25T09:20:44.297+0000] {processor.py:925} INFO - DAG(s) 'example_python_decorator' retrieved from /home/airflow/.local/lib/python3.12/site-packages/airflow/example_dags/example_python_decorator.py
[2026-07-25T09:20:44.561+0000] {logging_mixin.py:190} INFO - [2026-07-25T09:20:44.561+0000] {dag.py:3239} INFO - Sync 1 DAGs
[2026-07-25T09:20:44.586+0000] {logging_mixin.py:190} INFO - [2026-07-25T09:20:44.585+0000] {dag.py:4180} INFO - Setting next_dagrun for example_python_decorator to None, run_after=None
[2026-07-25T09:20:44.608+0000] {processor.py:208} INFO - Processing /home/airflow/.local/lib/python3.12/site-packages/airflow/example_dags/example_python_decorator.py took 0.359 seconds
[2026-07-25T09:21:15.390+0000] {processor.py:186} INFO - Started process (PID=135) to work on /home/airflow/.local/lib/python3.12/site-packages/airflow/example_dags/example_python_decorator.py
[2026-07-25T09:21:15.390+0000] {processor.py:914} INFO - Processing file /home/airflow/.local/lib/python3.12/site-packages/airflow/example_dags/example_python_decorator.py for tasks to queue
[2026-07-25T09:21:15.392+0000] {logging_mixin.py:190} INFO - [2026-07-25T09:21:15.392+0000] {dagbag.py:588} INFO - Filling up the DagBag from /home/airflow/.local/lib/python3.12/site-packages/airflow/example_dags/example_python_decorator.py
[2026-07-25T09:21:15.404+0000] {processor.py:925} INFO - DAG(s) 'example_python_decorator' retrieved from /home/airflow/.local/lib/python3.12/site-packages/airflow/example_dags/example_python_decorator.py
[2026-07-25T09:21:15.419+0000] {logging_mixin.py:190} INFO - [2026-07-25T09:21:15.418+0000] {dag.py:3239} INFO - Sync 1 DAGs
[2026-07-25T09:21:15.428+0000] {logging_mixin.py:190} INFO - [2026-07-25T09:21:15.428+0000] {dag.py:4180} INFO - Setting next_dagrun for example_python_decorator to None, run_after=None
[2026-07-25T09:21:15.441+0000] {processor.py:208} INFO - Processing /home/airflow/.local/lib/python3.12/site-packages/airflow/example_dags/example_python_decorator.py took 0.055 seconds
[2026-07-25T09:21:45.530+0000] {processor.py:186} INFO - Started process (PID=198) to work on /home/airflow/.local/lib/python3.12/site-packages/airflow/example_dags/example_python_decorator.py
[2026-07-25T09:21:45.531+0000] {processor.py:914} INFO - Processing file /home/airflow/.local/lib/python3.12/site-packages/airflow/example_dags/example_python_decorator.py for tasks to queue
[2026-07-25T09:21:45.533+0000] {logging_mixin.py:190} INFO - [2026-07-25T09:21:45.533+0000] {dagbag.py:588} INFO - Filling up the DagBag from /home/airflow/.local/lib/python3.12/site-packages/airflow/example_dags/example_python_decorator.py
[2026-07-25T09:21:45.544+0000] {processor.py:925} INFO - DAG(s) 'example_python_decorator' retrieved from /home/airflow/.local/lib/python3.12/site-packages/airflow/example_dags/example_python_decorator.py
[2026-07-25T09:21:45.561+0000] {logging_mixin.py:190} INFO - [2026-07-25T09:21:45.561+0000] {dag.py:3239} INFO - Sync 1 DAGs
[2026-07-25T09:21:45.574+0000] {logging_mixin.py:190} INFO - [2026-07-25T09:21:45.573+0000] {dag.py:4180} INFO - Setting next_dagrun for example_python_decorator to None, run_after=None
[2026-07-25T09:21:45.587+0000] {processor.py:208} INFO - Processing /home/airflow/.local/lib/python3.12/site-packages/airflow/example_dags/example_python_decorator.py took 0.062 seconds
[2026-07-25T09:22:15.971+0000] {processor.py:186} INFO - Started process (PID=261) to work on /home/airflow/.local/lib/python3.12/site-packages/airflow/example_dags/example_python_decorator.py
[2026-07-25T09:22:15.972+0000] {processor.py:914} INFO - Processing file /home/airflow/.local/lib/python3.12/site-packages/airflow/example_dags/example_python_decorator.py for tasks to queue
[2026-07-25T09:22:15.975+0000] {logging_mixin.py:190} INFO - [2026-07-25T09:22:15.975+0000] {dagbag.py:588} INFO - Filling up the DagBag from /home/airflow/.local/lib/python3.12/site-packages/airflow/example_dags/example_python_decorator.py
[2026-07-25T09:22:15.983+0000] {processor.py:925} INFO - DAG(s) 'example_python_decorator' retrieved from /home/airflow/.local/lib/python3.12/site-packages/airflow/example_dags/example_python_decorator.py
[2026-07-25T09:22:15.998+0000] {logging_mixin.py:190} INFO - [2026-07-25T09:22:15.998+0000] {dag.py:3239} INFO - Sync 1 DAGs
[2026-07-25T09:22:16.007+0000] {logging_mixin.py:190} INFO - [2026-07-25T09:22:16.007+0000] {dag.py:4180} INFO - Setting next_dagrun for example_python_decorator to None, run_after=None
[2026-07-25T09:22:16.021+0000] {processor.py:208} INFO - Processing /home/airflow/.local/lib/python3.12/site-packages/airflow/example_dags/example_python_decorator.py took 0.053 seconds
[2026-07-25T09:23:56.054+0000] {processor.py:186} INFO - Started process (PID=72) to work on /home/airflow/.local/lib/python3.12/site-packages/airflow/example_dags/example_python_decorator.py
[2026-07-25T09:23:56.055+0000] {processor.py:914} INFO - Processing file /home/airflow/.local/lib/python3.12/site-packages/airflow/example_dags/example_python_decorator.py for tasks to queue
[2026-07-25T09:23:56.058+0000] {logging_mixin.py:190} INFO - [2026-07-25T09:23:56.057+0000] {dagbag.py:588} INFO - Filling up the DagBag from /home/airflow/.local/lib/python3.12/site-packages/airflow/example_dags/example_python_decorator.py
[2026-07-25T09:23:56.079+0000] {processor.py:925} INFO - DAG(s) 'example_python_decorator' retrieved from /home/airflow/.local/lib/python3.12/site-packages/airflow/example_dags/example_python_decorator.py
[2026-07-25T09:23:56.276+0000] {logging_mixin.py:190} INFO - [2026-07-25T09:23:56.275+0000] {dag.py:3239} INFO - Sync 1 DAGs
[2026-07-25T09:23:56.289+0000] {logging_mixin.py:190} INFO - [2026-07-25T09:23:56.289+0000] {dag.py:4180} INFO - Setting next_dagrun for example_python_decorator to None, run_after=None
[2026-07-25T09:23:56.307+0000] {processor.py:208} INFO - Processing /home/airflow/.local/lib/python3.12/site-packages/airflow/example_dags/example_python_decorator.py took 0.258 seconds
[2026-07-25T09:24:27.876+0000] {processor.py:186} INFO - Started process (PID=135) to work on /home/airflow/.local/lib/python3.12/site-packages/airflow/example_dags/example_python_decorator.py
[2026-07-25T09:24:27.876+0000] {processor.py:914} INFO - Processing file /home/airflow/.local/lib/python3.12/site-packages/airflow/example_dags/example_python_decorator.py for tasks to queue
[2026-07-25T09:24:27.878+0000] {logging_mixin.py:190} INFO - [2026-07-25T09:24:27.878+0000] {dagbag.py:588} INFO - Filling up the DagBag from /home/airflow/.local/lib/python3.12/site-packages/airflow/example_dags/example_python_decorator.py
[2026-07-25T09:24:27.887+0000] {processor.py:925} INFO - DAG(s) 'example_python_decorator' retrieved from /home/airflow/.local/lib/python3.12/site-packages/airflow/example_dags/example_python_decorator.py
[2026-07-25T09:24:27.900+0000] {logging_mixin.py:190} INFO - [2026-07-25T09:24:27.900+0000] {dag.py:3239} INFO - Sync 1 DAGs
[2026-07-25T09:24:27.908+0000] {logging_mixin.py:190} INFO - [2026-07-25T09:24:27.908+0000] {dag.py:4180} INFO - Setting next_dagrun for example_python_decorator to None, run_after=None
[2026-07-25T09:24:27.940+0000] {processor.py:208} INFO - Processing /home/airflow/.local/lib/python3.12/site-packages/airflow/example_dags/example_python_decorator.py took 0.068 seconds
[2026-07-25T09:24:58.547+0000] {processor.py:186} INFO - Started process (PID=204) to work on /home/airflow/.local/lib/python3.12/site-packages/airflow/example_dags/example_python_decorator.py
[2026-07-25T09:24:58.548+0000] {processor.py:914} INFO - Processing file /home/airflow/.local/lib/python3.12/site-packages/airflow/example_dags/example_python_decorator.py for tasks to queue
[2026-07-25T09:24:58.550+0000] {logging_mixin.py:190} INFO - [2026-07-25T09:24:58.550+0000] {dagbag.py:588} INFO - Filling up the DagBag from /home/airflow/.local/lib/python3.12/site-packages/airflow/example_dags/example_python_decorator.py
[2026-07-25T09:24:58.559+0000] {processor.py:925} INFO - DAG(s) 'example_python_decorator' retrieved from /home/airflow/.local/lib/python3.12/site-packages/airflow/example_dags/example_python_decorator.py
[2026-07-25T09:24:58.572+0000] {logging_mixin.py:190} INFO - [2026-07-25T09:24:58.572+0000] {dag.py:3239} INFO - Sync 1 DAGs
[2026-07-25T09:24:58.580+0000] {logging_mixin.py:190} INFO - [2026-07-25T09:24:58.580+0000] {dag.py:4180} INFO - Setting next_dagrun for example_python_decorator to None, run_after=None
[2026-07-25T09:24:58.599+0000] {processor.py:208} INFO - Processing /home/airflow/.local/lib/python3.12/site-packages/airflow/example_dags/example_python_decorator.py took 0.055 seconds
[2026-07-25T09:25:29.443+0000] {processor.py:186} INFO - Started process (PID=267) to work on /home/airflow/.local/lib/python3.12/site-packages/airflow/example_dags/example_python_decorator.py
[2026-07-25T09:25:29.444+0000] {processor.py:914} INFO - Processing file /home/airflow/.local/lib/python3.12/site-packages/airflow/example_dags/example_python_decorator.py for tasks to queue
[2026-07-25T09:25:29.446+0000] {logging_mixin.py:190} INFO - [2026-07-25T09:25:29.446+0000] {dagbag.py:588} INFO - Filling up the DagBag from /home/airflow/.local/lib/python3.12/site-packages/airflow/example_dags/example_python_decorator.py
[2026-07-25T09:25:29.459+0000] {processor.py:925} INFO - DAG(s) 'example_python_decorator' retrieved from /home/airflow/.local/lib/python3.12/site-packages/airflow/example_dags/example_python_decorator.py
[2026-07-25T09:25:29.479+0000] {logging_mixin.py:190} INFO - [2026-07-25T09:25:29.479+0000] {dag.py:3239} INFO - Sync 1 DAGs
[2026-07-25T09:25:29.491+0000] {logging_mixin.py:190} INFO - [2026-07-25T09:25:29.491+0000] {dag.py:4180} INFO - Setting next_dagrun for example_python_decorator to None, run_after=None
[2026-07-25T09:25:29.509+0000] {processor.py:208} INFO - Processing /home/airflow/.local/lib/python3.12/site-packages/airflow/example_dags/example_python_decorator.py took 0.071 seconds
[2026-07-25T09:26:48.831+0000] {processor.py:186} INFO - Started process (PID=72) to work on /home/airflow/.local/lib/python3.12/site-packages/airflow/example_dags/example_python_decorator.py
[2026-07-25T09:26:48.832+0000] {processor.py:914} INFO - Processing file /home/airflow/.local/lib/python3.12/site-packages/airflow/example_dags/example_python_decorator.py for tasks to queue
[2026-07-25T09:26:48.834+0000] {logging_mixin.py:190} INFO - [2026-07-25T09:26:48.834+0000] {dagbag.py:588} INFO - Filling up the DagBag from /home/airflow/.local/lib/python3.12/site-packages/airflow/example_dags/example_python_decorator.py
[2026-07-25T09:26:48.855+0000] {processor.py:925} INFO - DAG(s) 'example_python_decorator' retrieved from /home/airflow/.local/lib/python3.12/site-packages/airflow/example_dags/example_python_decorator.py
[2026-07-25T09:26:48.933+0000] {logging_mixin.py:190} INFO - [2026-07-25T09:26:48.932+0000] {override.py:1932} INFO - Created Permission View: can edit on DAG:example_python_decorator
[2026-07-25T09:26:48.940+0000] {logging_mixin.py:190} INFO - [2026-07-25T09:26:48.939+0000] {override.py:1932} INFO - Created Permission View: can read on DAG:example_python_decorator
[2026-07-25T09:26:48.944+0000] {logging_mixin.py:190} INFO - [2026-07-25T09:26:48.944+0000] {override.py:1932} INFO - Created Permission View: can delete on DAG:example_python_decorator
[2026-07-25T09:26:48.951+0000] {logging_mixin.py:190} INFO - [2026-07-25T09:26:48.951+0000] {override.py:1932} INFO - Created Permission View: menu access on DAG Run:example_python_decorator
[2026-07-25T09:26:48.956+0000] {logging_mixin.py:190} INFO - [2026-07-25T09:26:48.956+0000] {override.py:1932} INFO - Created Permission View: can read on DAG Run:example_python_decorator
[2026-07-25T09:26:48.961+0000] {logging_mixin.py:190} INFO - [2026-07-25T09:26:48.961+0000] {override.py:1932} INFO - Created Permission View: can create on DAG Run:example_python_decorator
[2026-07-25T09:26:48.966+0000] {logging_mixin.py:190} INFO - [2026-07-25T09:26:48.966+0000] {override.py:1932} INFO - Created Permission View: can delete on DAG Run:example_python_decorator
[2026-07-25T09:26:48.967+0000] {logging_mixin.py:190} INFO - [2026-07-25T09:26:48.967+0000] {dag.py:3239} INFO - Sync 1 DAGs
[2026-07-25T09:26:48.974+0000] {logging_mixin.py:190} INFO - [2026-07-25T09:26:48.974+0000] {dag.py:3262} INFO - Creating ORM DAG for example_python_decorator
[2026-07-25T09:26:48.975+0000] {logging_mixin.py:190} INFO - [2026-07-25T09:26:48.975+0000] {dag.py:4180} INFO - Setting next_dagrun for example_python_decorator to None, run_after=None
[2026-07-25T09:26:48.988+0000] {processor.py:208} INFO - Processing /home/airflow/.local/lib/python3.12/site-packages/airflow/example_dags/example_python_decorator.py took 0.161 seconds
[2026-07-25T09:27:19.031+0000] {processor.py:186} INFO - Started process (PID=135) to work on /home/airflow/.local/lib/python3.12/site-packages/airflow/example_dags/example_python_decorator.py
[2026-07-25T09:27:19.032+0000] {processor.py:914} INFO - Processing file /home/airflow/.local/lib/python3.12/site-packages/airflow/example_dags/example_python_decorator.py for tasks to queue
[2026-07-25T09:27:19.034+0000] {logging_mixin.py:190} INFO - [2026-07-25T09:27:19.034+0000] {dagbag.py:588} INFO - Filling up the DagBag from /home/airflow/.local/lib/python3.12/site-packages/airflow/example_dags/example_python_decorator.py
[2026-07-25T09:27:19.043+0000] {processor.py:925} INFO - DAG(s) 'example_python_decorator' retrieved from /home/airflow/.local/lib/python3.12/site-packages/airflow/example_dags/example_python_decorator.py
[2026-07-25T09:27:19.057+0000] {logging_mixin.py:190} INFO - [2026-07-25T09:27:19.057+0000] {dag.py:3239} INFO - Sync 1 DAGs
[2026-07-25T09:27:19.066+0000] {logging_mixin.py:190} INFO - [2026-07-25T09:27:19.066+0000] {dag.py:4180} INFO - Setting next_dagrun for example_python_decorator to None, run_after=None
[2026-07-25T09:27:19.086+0000] {processor.py:208} INFO - Processing /home/airflow/.local/lib/python3.12/site-packages/airflow/example_dags/example_python_decorator.py took 0.059 seconds
[2026-07-25T09:27:49.364+0000] {processor.py:186} INFO - Started process (PID=198) to work on /home/airflow/.local/lib/python3.12/site-packages/airflow/example_dags/example_python_decorator.py
[2026-07-25T09:27:49.365+0000] {processor.py:914} INFO - Processing file /home/airflow/.local/lib/python3.12/site-packages/airflow/example_dags/example_python_decorator.py for tasks to queue
[2026-07-25T09:27:49.367+0000] {logging_mixin.py:190} INFO - [2026-07-25T09:27:49.367+0000] {dagbag.py:588} INFO - Filling up the DagBag from /home/airflow/.local/lib/python3.12/site-packages/airflow/example_dags/example_python_decorator.py
[2026-07-25T09:27:49.376+0000] {processor.py:925} INFO - DAG(s) 'example_python_decorator' retrieved from /home/airflow/.local/lib/python3.12/site-packages/airflow/example_dags/example_python_decorator.py
[2026-07-25T09:27:49.390+0000] {logging_mixin.py:190} INFO - [2026-07-25T09:27:49.390+0000] {dag.py:3239} INFO - Sync 1 DAGs
[2026-07-25T09:27:49.400+0000] {logging_mixin.py:190} INFO - [2026-07-25T09:27:49.400+0000] {dag.py:4180} INFO - Setting next_dagrun for example_python_decorator to None, run_after=None
[2026-07-25T09:27:49.415+0000] {processor.py:208} INFO - Processing /home/airflow/.local/lib/python3.12/site-packages/airflow/example_dags/example_python_decorator.py took 0.054 seconds
[2026-07-25T09:28:19.768+0000] {processor.py:186} INFO - Started process (PID=261) to work on /home/airflow/.local/lib/python3.12/site-packages/airflow/example_dags/example_python_decorator.py
[2026-07-25T09:28:19.769+0000] {processor.py:914} INFO - Processing file /home/airflow/.local/lib/python3.12/site-packages/airflow/example_dags/example_python_decorator.py for tasks to queue
[2026-07-25T09:28:19.772+0000] {logging_mixin.py:190} INFO - [2026-07-25T09:28:19.772+0000] {dagbag.py:588} INFO - Filling up the DagBag from /home/airflow/.local/lib/python3.12/site-packages/airflow/example_dags/example_python_decorator.py
[2026-07-25T09:28:19.784+0000] {processor.py:925} INFO - DAG(s) 'example_python_decorator' retrieved from /home/airflow/.local/lib/python3.12/site-packages/airflow/example_dags/example_python_decorator.py
[2026-07-25T09:28:19.800+0000] {logging_mixin.py:190} INFO - [2026-07-25T09:28:19.800+0000] {dag.py:3239} INFO - Sync 1 DAGs
[2026-07-25T09:28:19.809+0000] {logging_mixin.py:190} INFO - [2026-07-25T09:28:19.809+0000] {dag.py:4180} INFO - Setting next_dagrun for example_python_decorator to None, run_after=None
[2026-07-25T09:28:19.821+0000] {processor.py:208} INFO - Processing /home/airflow/.local/lib/python3.12/site-packages/airflow/example_dags/example_python_decorator.py took 0.057 seconds
[2026-07-25T09:28:50.381+0000] {processor.py:186} INFO - Started process (PID=330) to work on /home/airflow/.local/lib/python3.12/site-packages/airflow/example_dags/example_python_decorator.py
[2026-07-25T09:28:50.382+0000] {processor.py:914} INFO - Processing file /home/airflow/.local/lib/python3.12/site-packages/airflow/example_dags/example_python_decorator.py for tasks to queue
[2026-07-25T09:28:50.385+0000] {logging_mixin.py:190} INFO - [2026-07-25T09:28:50.385+0000] {dagbag.py:588} INFO - Filling up the DagBag from /home/airflow/.local/lib/python3.12/site-packages/airflow/example_dags/example_python_decorator.py
[2026-07-25T09:28:50.396+0000] {processor.py:925} INFO - DAG(s) 'example_python_decorator' retrieved from /home/airflow/.local/lib/python3.12/site-packages/airflow/example_dags/example_python_decorator.py
[2026-07-25T09:28:50.411+0000] {logging_mixin.py:190} INFO - [2026-07-25T09:28:50.411+0000] {dag.py:3239} INFO - Sync 1 DAGs
[2026-07-25T09:28:50.420+0000] {logging_mixin.py:190} INFO - [2026-07-25T09:28:50.420+0000] {dag.py:4180} INFO - Setting next_dagrun for example_python_decorator to None, run_after=None
[2026-07-25T09:28:50.432+0000] {processor.py:208} INFO - Processing /home/airflow/.local/lib/python3.12/site-packages/airflow/example_dags/example_python_decorator.py took 0.055 seconds
[2026-07-25T09:29:23.367+0000] {processor.py:186} INFO - Started process (PID=393) to work on /home/airflow/.local/lib/python3.12/site-packages/airflow/example_dags/example_python_decorator.py
[2026-07-25T09:29:23.367+0000] {processor.py:914} INFO - Processing file /home/airflow/.local/lib/python3.12/site-packages/airflow/example_dags/example_python_decorator.py for tasks to queue
[2026-07-25T09:29:23.369+0000] {logging_mixin.py:190} INFO - [2026-07-25T09:29:23.369+0000] {dagbag.py:588} INFO - Filling up the DagBag from /home/airflow/.local/lib/python3.12/site-packages/airflow/example_dags/example_python_decorator.py
[2026-07-25T09:29:23.380+0000] {processor.py:925} INFO - DAG(s) 'example_python_decorator' retrieved from /home/airflow/.local/lib/python3.12/site-packages/airflow/example_dags/example_python_decorator.py
[2026-07-25T09:29:23.395+0000] {logging_mixin.py:190} INFO - [2026-07-25T09:29:23.395+0000] {dag.py:3239} INFO - Sync 1 DAGs
[2026-07-25T09:29:23.404+0000] {logging_mixin.py:190} INFO - [2026-07-25T09:29:23.404+0000] {dag.py:4180} INFO - Setting next_dagrun for example_python_decorator to None, run_after=None
[2026-07-25T09:29:23.426+0000] {processor.py:208} INFO - Processing /home/airflow/.local/lib/python3.12/site-packages/airflow/example_dags/example_python_decorator.py took 0.064 seconds
[2026-07-25T09:29:53.521+0000] {processor.py:186} INFO - Started process (PID=455) to work on /home/airflow/.local/lib/python3.12/site-packages/airflow/example_dags/example_python_decorator.py
[2026-07-25T09:29:53.522+0000] {processor.py:914} INFO - Processing file /home/airflow/.local/lib/python3.12/site-packages/airflow/example_dags/example_python_decorator.py for tasks to queue
[2026-07-25T09:29:53.524+0000] {logging_mixin.py:190} INFO - [2026-07-25T09:29:53.524+0000] {dagbag.py:588} INFO - Filling up the DagBag from /home/airflow/.local/lib/python3.12/site-packages/airflow/example_dags/example_python_decorator.py
[2026-07-25T09:29:53.535+0000] {processor.py:925} INFO - DAG(s) 'example_python_decorator' retrieved from /home/airflow/.local/lib/python3.12/site-packages/airflow/example_dags/example_python_decorator.py
[2026-07-25T09:29:53.551+0000] {logging_mixin.py:190} INFO - [2026-07-25T09:29:53.551+0000] {dag.py:3239} INFO - Sync 1 DAGs
[2026-07-25T09:29:53.561+0000] {logging_mixin.py:190} INFO - [2026-07-25T09:29:53.561+0000] {dag.py:4180} INFO - Setting next_dagrun for example_python_decorator to None, run_after=None
[2026-07-25T09:29:53.584+0000] {processor.py:208} INFO - Processing /home/airflow/.local/lib/python3.12/site-packages/airflow/example_dags/example_python_decorator.py took 0.068 seconds
[2026-07-25T09:30:24.105+0000] {processor.py:186} INFO - Started process (PID=517) to work on /home/airflow/.local/lib/python3.12/site-packages/airflow/example_dags/example_python_decorator.py
[2026-07-25T09:30:24.106+0000] {processor.py:914} INFO - Processing file /home/airflow/.local/lib/python3.12/site-packages/airflow/example_dags/example_python_decorator.py for tasks to queue
[2026-07-25T09:30:24.108+0000] {logging_mixin.py:190} INFO - [2026-07-25T09:30:24.108+0000] {dagbag.py:588} INFO - Filling up the DagBag from /home/airflow/.local/lib/python3.12/site-packages/airflow/example_dags/example_python_decorator.py
[2026-07-25T09:30:24.117+0000] {processor.py:925} INFO - DAG(s) 'example_python_decorator' retrieved from /home/airflow/.local/lib/python3.12/site-packages/airflow/example_dags/example_python_decorator.py
[2026-07-25T09:30:24.130+0000] {logging_mixin.py:190} INFO - [2026-07-25T09:30:24.130+0000] {dag.py:3239} INFO - Sync 1 DAGs
[2026-07-25T09:30:24.138+0000] {logging_mixin.py:190} INFO - [2026-07-25T09:30:24.138+0000] {dag.py:4180} INFO - Setting next_dagrun for example_python_decorator to None, run_after=None
[2026-07-25T09:30:24.161+0000] {processor.py:208} INFO - Processing /home/airflow/.local/lib/python3.12/site-packages/airflow/example_dags/example_python_decorator.py took 0.060 seconds
[2026-07-25T09:30:55.163+0000] {processor.py:186} INFO - Started process (PID=579) to work on /home/airflow/.local/lib/python3.12/site-packages/airflow/example_dags/example_python_decorator.py
[2026-07-25T09:30:55.164+0000] {processor.py:914} INFO - Processing file /home/airflow/.local/lib/python3.12/site-packages/airflow/example_dags/example_python_decorator.py for tasks to queue
[2026-07-25T09:30:55.166+0000] {logging_mixin.py:190} INFO - [2026-07-25T09:30:55.166+0000] {dagbag.py:588} INFO - Filling up the DagBag from /home/airflow/.local/lib/python3.12/site-packages/airflow/example_dags/example_python_decorator.py
[2026-07-25T09:30:55.178+0000] {processor.py:925} INFO - DAG(s) 'example_python_decorator' retrieved from /home/airflow/.local/lib/python3.12/site-packages/airflow/example_dags/example_python_decorator.py
[2026-07-25T09:30:55.195+0000] {logging_mixin.py:190} INFO - [2026-07-25T09:30:55.195+0000] {dag.py:3239} INFO - Sync 1 DAGs
[2026-07-25T09:30:55.205+0000] {logging_mixin.py:190} INFO - [2026-07-25T09:30:55.205+0000] {dag.py:4180} INFO - Setting next_dagrun for example_python_decorator to None, run_after=None
[2026-07-25T09:30:55.228+0000] {processor.py:208} INFO - Processing /home/airflow/.local/lib/python3.12/site-packages/airflow/example_dags/example_python_decorator.py took 0.069 seconds
