[2026-07-25T09:06:11.743+0000] {processor.py:186} INFO - Started process (PID=64) to work on /home/airflow/.local/lib/python3.12/site-packages/airflow/example_dags/example_xcom.py
[2026-07-25T09:06:11.744+0000] {processor.py:914} INFO - Processing file /home/airflow/.local/lib/python3.12/site-packages/airflow/example_dags/example_xcom.py for tasks to queue
[2026-07-25T09:06:11.747+0000] {logging_mixin.py:190} INFO - [2026-07-25T09:06:11.747+0000] {dagbag.py:588} INFO - Filling up the DagBag from /home/airflow/.local/lib/python3.12/site-packages/airflow/example_dags/example_xcom.py
[2026-07-25T09:06:11.756+0000] {processor.py:925} INFO - DAG(s) 'example_xcom' retrieved from /home/airflow/.local/lib/python3.12/site-packages/airflow/example_dags/example_xcom.py
[2026-07-25T09:06:11.845+0000] {logging_mixin.py:190} INFO - [2026-07-25T09:06:11.844+0000] {override.py:1932} INFO - Created Permission View: can edit on DAG:example_xcom
[2026-07-25T09:06:11.852+0000] {logging_mixin.py:190} INFO - [2026-07-25T09:06:11.852+0000] {override.py:1932} INFO - Created Permission View: can read on DAG:example_xcom
[2026-07-25T09:06:11.857+0000] {logging_mixin.py:190} INFO - [2026-07-25T09:06:11.857+0000] {override.py:1932} INFO - Created Permission View: can delete on DAG:example_xcom
[2026-07-25T09:06:11.866+0000] {logging_mixin.py:190} INFO - [2026-07-25T09:06:11.866+0000] {override.py:1932} INFO - Created Permission View: can create on DAG Run:example_xcom
[2026-07-25T09:06:11.872+0000] {logging_mixin.py:190} INFO - [2026-07-25T09:06:11.872+0000] {override.py:1932} INFO - Created Permission View: can read on DAG Run:example_xcom
[2026-07-25T09:06:11.878+0000] {logging_mixin.py:190} INFO - [2026-07-25T09:06:11.877+0000] {override.py:1932} INFO - Created Permission View: can delete on DAG Run:example_xcom
[2026-07-25T09:06:11.884+0000] {logging_mixin.py:190} INFO - [2026-07-25T09:06:11.883+0000] {override.py:1932} INFO - Created Permission View: menu access on DAG Run:example_xcom
[2026-07-25T09:06:11.884+0000] {logging_mixin.py:190} INFO - [2026-07-25T09:06:11.884+0000] {dag.py:3239} INFO - Sync 1 DAGs
[2026-07-25T09:06:11.894+0000] {logging_mixin.py:190} INFO - [2026-07-25T09:06:11.894+0000] {dag.py:3262} INFO - Creating ORM DAG for example_xcom
[2026-07-25T09:06:11.901+0000] {logging_mixin.py:190} INFO - [2026-07-25T09:06:11.901+0000] {dag.py:4180} INFO - Setting next_dagrun for example_xcom to 2021-01-01 00:00:00+00:00, run_after=2021-01-01 00:00:00+00:00
[2026-07-25T09:06:11.913+0000] {processor.py:208} INFO - Processing /home/airflow/.local/lib/python3.12/site-packages/airflow/example_dags/example_xcom.py took 0.176 seconds
[2026-07-25T09:06:42.082+0000] {processor.py:186} INFO - Started process (PID=127) to work on /home/airflow/.local/lib/python3.12/site-packages/airflow/example_dags/example_xcom.py
[2026-07-25T09:06:42.082+0000] {processor.py:914} INFO - Processing file /home/airflow/.local/lib/python3.12/site-packages/airflow/example_dags/example_xcom.py for tasks to queue
[2026-07-25T09:06:42.084+0000] {logging_mixin.py:190} INFO - [2026-07-25T09:06:42.084+0000] {dagbag.py:588} INFO - Filling up the DagBag from /home/airflow/.local/lib/python3.12/site-packages/airflow/example_dags/example_xcom.py
[2026-07-25T09:06:42.090+0000] {processor.py:925} INFO - DAG(s) 'example_xcom' retrieved from /home/airflow/.local/lib/python3.12/site-packages/airflow/example_dags/example_xcom.py
[2026-07-25T09:06:42.103+0000] {logging_mixin.py:190} INFO - [2026-07-25T09:06:42.103+0000] {dag.py:3239} INFO - Sync 1 DAGs
[2026-07-25T09:06:42.115+0000] {logging_mixin.py:190} INFO - [2026-07-25T09:06:42.115+0000] {dag.py:4180} INFO - Setting next_dagrun for example_xcom to 2021-01-01 00:00:00+00:00, run_after=2021-01-01 00:00:00+00:00
[2026-07-25T09:06:42.127+0000] {processor.py:208} INFO - Processing /home/airflow/.local/lib/python3.12/site-packages/airflow/example_dags/example_xcom.py took 0.049 seconds
[2026-07-25T09:07:12.163+0000] {processor.py:186} INFO - Started process (PID=190) to work on /home/airflow/.local/lib/python3.12/site-packages/airflow/example_dags/example_xcom.py
[2026-07-25T09:07:12.167+0000] {processor.py:914} INFO - Processing file /home/airflow/.local/lib/python3.12/site-packages/airflow/example_dags/example_xcom.py for tasks to queue
[2026-07-25T09:07:12.169+0000] {logging_mixin.py:190} INFO - [2026-07-25T09:07:12.169+0000] {dagbag.py:588} INFO - Filling up the DagBag from /home/airflow/.local/lib/python3.12/site-packages/airflow/example_dags/example_xcom.py
[2026-07-25T09:07:12.175+0000] {processor.py:925} INFO - DAG(s) 'example_xcom' retrieved from /home/airflow/.local/lib/python3.12/site-packages/airflow/example_dags/example_xcom.py
[2026-07-25T09:07:12.188+0000] {logging_mixin.py:190} INFO - [2026-07-25T09:07:12.188+0000] {dag.py:3239} INFO - Sync 1 DAGs
[2026-07-25T09:07:12.201+0000] {logging_mixin.py:190} INFO - [2026-07-25T09:07:12.201+0000] {dag.py:4180} INFO - Setting next_dagrun for example_xcom to 2021-01-01 00:00:00+00:00, run_after=2021-01-01 00:00:00+00:00
[2026-07-25T09:07:12.214+0000] {processor.py:208} INFO - Processing /home/airflow/.local/lib/python3.12/site-packages/airflow/example_dags/example_xcom.py took 0.055 seconds
[2026-07-25T09:07:42.615+0000] {processor.py:186} INFO - Started process (PID=253) to work on /home/airflow/.local/lib/python3.12/site-packages/airflow/example_dags/example_xcom.py
[2026-07-25T09:07:42.616+0000] {processor.py:914} INFO - Processing file /home/airflow/.local/lib/python3.12/site-packages/airflow/example_dags/example_xcom.py for tasks to queue
[2026-07-25T09:07:42.618+0000] {logging_mixin.py:190} INFO - [2026-07-25T09:07:42.618+0000] {dagbag.py:588} INFO - Filling up the DagBag from /home/airflow/.local/lib/python3.12/site-packages/airflow/example_dags/example_xcom.py
[2026-07-25T09:07:42.624+0000] {processor.py:925} INFO - DAG(s) 'example_xcom' retrieved from /home/airflow/.local/lib/python3.12/site-packages/airflow/example_dags/example_xcom.py
[2026-07-25T09:07:42.638+0000] {logging_mixin.py:190} INFO - [2026-07-25T09:07:42.638+0000] {dag.py:3239} INFO - Sync 1 DAGs
[2026-07-25T09:07:42.650+0000] {logging_mixin.py:190} INFO - [2026-07-25T09:07:42.650+0000] {dag.py:4180} INFO - Setting next_dagrun for example_xcom to 2021-01-01 00:00:00+00:00, run_after=2021-01-01 00:00:00+00:00
[2026-07-25T09:07:42.661+0000] {processor.py:208} INFO - Processing /home/airflow/.local/lib/python3.12/site-packages/airflow/example_dags/example_xcom.py took 0.049 seconds
[2026-07-25T09:08:13.069+0000] {processor.py:186} INFO - Started process (PID=316) to work on /home/airflow/.local/lib/python3.12/site-packages/airflow/example_dags/example_xcom.py
[2026-07-25T09:08:13.070+0000] {processor.py:914} INFO - Processing file /home/airflow/.local/lib/python3.12/site-packages/airflow/example_dags/example_xcom.py for tasks to queue
[2026-07-25T09:08:13.072+0000] {logging_mixin.py:190} INFO - [2026-07-25T09:08:13.071+0000] {dagbag.py:588} INFO - Filling up the DagBag from /home/airflow/.local/lib/python3.12/site-packages/airflow/example_dags/example_xcom.py
[2026-07-25T09:08:13.077+0000] {processor.py:925} INFO - DAG(s) 'example_xcom' retrieved from /home/airflow/.local/lib/python3.12/site-packages/airflow/example_dags/example_xcom.py
[2026-07-25T09:08:13.089+0000] {logging_mixin.py:190} INFO - [2026-07-25T09:08:13.089+0000] {dag.py:3239} INFO - Sync 1 DAGs
[2026-07-25T09:08:13.102+0000] {logging_mixin.py:190} INFO - [2026-07-25T09:08:13.102+0000] {dag.py:4180} INFO - Setting next_dagrun for example_xcom to 2021-01-01 00:00:00+00:00, run_after=2021-01-01 00:00:00+00:00
[2026-07-25T09:08:13.112+0000] {processor.py:208} INFO - Processing /home/airflow/.local/lib/python3.12/site-packages/airflow/example_dags/example_xcom.py took 0.047 seconds
[2026-07-25T09:08:45.791+0000] {processor.py:186} INFO - Started process (PID=385) to work on /home/airflow/.local/lib/python3.12/site-packages/airflow/example_dags/example_xcom.py
[2026-07-25T09:08:45.792+0000] {processor.py:914} INFO - Processing file /home/airflow/.local/lib/python3.12/site-packages/airflow/example_dags/example_xcom.py for tasks to queue
[2026-07-25T09:08:45.794+0000] {logging_mixin.py:190} INFO - [2026-07-25T09:08:45.794+0000] {dagbag.py:588} INFO - Filling up the DagBag from /home/airflow/.local/lib/python3.12/site-packages/airflow/example_dags/example_xcom.py
[2026-07-25T09:08:45.800+0000] {processor.py:925} INFO - DAG(s) 'example_xcom' retrieved from /home/airflow/.local/lib/python3.12/site-packages/airflow/example_dags/example_xcom.py
[2026-07-25T09:08:45.813+0000] {logging_mixin.py:190} INFO - [2026-07-25T09:08:45.813+0000] {dag.py:3239} INFO - Sync 1 DAGs
[2026-07-25T09:08:45.827+0000] {logging_mixin.py:190} INFO - [2026-07-25T09:08:45.827+0000] {dag.py:4180} INFO - Setting next_dagrun for example_xcom to 2021-01-01 00:00:00+00:00, run_after=2021-01-01 00:00:00+00:00
[2026-07-25T09:08:45.838+0000] {processor.py:208} INFO - Processing /home/airflow/.local/lib/python3.12/site-packages/airflow/example_dags/example_xcom.py took 0.051 seconds
[2026-07-25T09:09:19.514+0000] {processor.py:186} INFO - Started process (PID=448) to work on /home/airflow/.local/lib/python3.12/site-packages/airflow/example_dags/example_xcom.py
[2026-07-25T09:09:19.515+0000] {processor.py:914} INFO - Processing file /home/airflow/.local/lib/python3.12/site-packages/airflow/example_dags/example_xcom.py for tasks to queue
[2026-07-25T09:09:19.517+0000] {logging_mixin.py:190} INFO - [2026-07-25T09:09:19.516+0000] {dagbag.py:588} INFO - Filling up the DagBag from /home/airflow/.local/lib/python3.12/site-packages/airflow/example_dags/example_xcom.py
[2026-07-25T09:09:19.523+0000] {processor.py:925} INFO - DAG(s) 'example_xcom' retrieved from /home/airflow/.local/lib/python3.12/site-packages/airflow/example_dags/example_xcom.py
[2026-07-25T09:09:19.537+0000] {logging_mixin.py:190} INFO - [2026-07-25T09:09:19.537+0000] {dag.py:3239} INFO - Sync 1 DAGs
[2026-07-25T09:09:19.551+0000] {logging_mixin.py:190} INFO - [2026-07-25T09:09:19.551+0000] {dag.py:4180} INFO - Setting next_dagrun for example_xcom to 2021-01-01 00:00:00+00:00, run_after=2021-01-01 00:00:00+00:00
[2026-07-25T09:09:19.562+0000] {processor.py:208} INFO - Processing /home/airflow/.local/lib/python3.12/site-packages/airflow/example_dags/example_xcom.py took 0.052 seconds
[2026-07-25T09:09:49.722+0000] {processor.py:186} INFO - Started process (PID=510) to work on /home/airflow/.local/lib/python3.12/site-packages/airflow/example_dags/example_xcom.py
[2026-07-25T09:09:49.723+0000] {processor.py:914} INFO - Processing file /home/airflow/.local/lib/python3.12/site-packages/airflow/example_dags/example_xcom.py for tasks to queue
[2026-07-25T09:09:49.725+0000] {logging_mixin.py:190} INFO - [2026-07-25T09:09:49.724+0000] {dagbag.py:588} INFO - Filling up the DagBag from /home/airflow/.local/lib/python3.12/site-packages/airflow/example_dags/example_xcom.py
[2026-07-25T09:09:49.731+0000] {processor.py:925} INFO - DAG(s) 'example_xcom' retrieved from /home/airflow/.local/lib/python3.12/site-packages/airflow/example_dags/example_xcom.py
[2026-07-25T09:09:49.745+0000] {logging_mixin.py:190} INFO - [2026-07-25T09:09:49.745+0000] {dag.py:3239} INFO - Sync 1 DAGs
[2026-07-25T09:09:49.758+0000] {logging_mixin.py:190} INFO - [2026-07-25T09:09:49.758+0000] {dag.py:4180} INFO - Setting next_dagrun for example_xcom to 2021-01-01 00:00:00+00:00, run_after=2021-01-01 00:00:00+00:00
[2026-07-25T09:09:49.770+0000] {processor.py:208} INFO - Processing /home/airflow/.local/lib/python3.12/site-packages/airflow/example_dags/example_xcom.py took 0.052 seconds
[2026-07-25T09:10:20.082+0000] {processor.py:186} INFO - Started process (PID=569) to work on /home/airflow/.local/lib/python3.12/site-packages/airflow/example_dags/example_xcom.py
[2026-07-25T09:10:20.083+0000] {processor.py:914} INFO - Processing file /home/airflow/.local/lib/python3.12/site-packages/airflow/example_dags/example_xcom.py for tasks to queue
[2026-07-25T09:10:20.085+0000] {logging_mixin.py:190} INFO - [2026-07-25T09:10:20.085+0000] {dagbag.py:588} INFO - Filling up the DagBag from /home/airflow/.local/lib/python3.12/site-packages/airflow/example_dags/example_xcom.py
[2026-07-25T09:10:20.092+0000] {processor.py:925} INFO - DAG(s) 'example_xcom' retrieved from /home/airflow/.local/lib/python3.12/site-packages/airflow/example_dags/example_xcom.py
[2026-07-25T09:10:20.106+0000] {logging_mixin.py:190} INFO - [2026-07-25T09:10:20.106+0000] {dag.py:3239} INFO - Sync 1 DAGs
[2026-07-25T09:10:20.118+0000] {logging_mixin.py:190} INFO - [2026-07-25T09:10:20.118+0000] {dag.py:4180} INFO - Setting next_dagrun for example_xcom to 2021-01-01 00:00:00+00:00, run_after=2021-01-01 00:00:00+00:00
[2026-07-25T09:10:20.129+0000] {processor.py:208} INFO - Processing /home/airflow/.local/lib/python3.12/site-packages/airflow/example_dags/example_xcom.py took 0.051 seconds
[2026-07-25T09:10:50.950+0000] {processor.py:186} INFO - Started process (PID=630) to work on /home/airflow/.local/lib/python3.12/site-packages/airflow/example_dags/example_xcom.py
[2026-07-25T09:10:50.951+0000] {processor.py:914} INFO - Processing file /home/airflow/.local/lib/python3.12/site-packages/airflow/example_dags/example_xcom.py for tasks to queue
[2026-07-25T09:10:50.953+0000] {logging_mixin.py:190} INFO - [2026-07-25T09:10:50.953+0000] {dagbag.py:588} INFO - Filling up the DagBag from /home/airflow/.local/lib/python3.12/site-packages/airflow/example_dags/example_xcom.py
[2026-07-25T09:10:50.959+0000] {processor.py:925} INFO - DAG(s) 'example_xcom' retrieved from /home/airflow/.local/lib/python3.12/site-packages/airflow/example_dags/example_xcom.py
[2026-07-25T09:10:50.973+0000] {logging_mixin.py:190} INFO - [2026-07-25T09:10:50.973+0000] {dag.py:3239} INFO - Sync 1 DAGs
[2026-07-25T09:10:50.986+0000] {logging_mixin.py:190} INFO - [2026-07-25T09:10:50.986+0000] {dag.py:4180} INFO - Setting next_dagrun for example_xcom to 2021-01-01 00:00:00+00:00, run_after=2021-01-01 00:00:00+00:00
[2026-07-25T09:10:50.998+0000] {processor.py:208} INFO - Processing /home/airflow/.local/lib/python3.12/site-packages/airflow/example_dags/example_xcom.py took 0.052 seconds
[2026-07-25T09:11:21.034+0000] {processor.py:186} INFO - Started process (PID=693) to work on /home/airflow/.local/lib/python3.12/site-packages/airflow/example_dags/example_xcom.py
[2026-07-25T09:11:21.035+0000] {processor.py:914} INFO - Processing file /home/airflow/.local/lib/python3.12/site-packages/airflow/example_dags/example_xcom.py for tasks to queue
[2026-07-25T09:11:21.037+0000] {logging_mixin.py:190} INFO - [2026-07-25T09:11:21.037+0000] {dagbag.py:588} INFO - Filling up the DagBag from /home/airflow/.local/lib/python3.12/site-packages/airflow/example_dags/example_xcom.py
[2026-07-25T09:11:21.044+0000] {processor.py:925} INFO - DAG(s) 'example_xcom' retrieved from /home/airflow/.local/lib/python3.12/site-packages/airflow/example_dags/example_xcom.py
[2026-07-25T09:11:21.058+0000] {logging_mixin.py:190} INFO - [2026-07-25T09:11:21.058+0000] {dag.py:3239} INFO - Sync 1 DAGs
[2026-07-25T09:11:21.072+0000] {logging_mixin.py:190} INFO - [2026-07-25T09:11:21.071+0000] {dag.py:4180} INFO - Setting next_dagrun for example_xcom to 2021-01-01 00:00:00+00:00, run_after=2021-01-01 00:00:00+00:00
[2026-07-25T09:11:21.083+0000] {processor.py:208} INFO - Processing /home/airflow/.local/lib/python3.12/site-packages/airflow/example_dags/example_xcom.py took 0.054 seconds
[2026-07-25T09:11:51.482+0000] {processor.py:186} INFO - Started process (PID=755) to work on /home/airflow/.local/lib/python3.12/site-packages/airflow/example_dags/example_xcom.py
[2026-07-25T09:11:51.483+0000] {processor.py:914} INFO - Processing file /home/airflow/.local/lib/python3.12/site-packages/airflow/example_dags/example_xcom.py for tasks to queue
[2026-07-25T09:11:51.485+0000] {logging_mixin.py:190} INFO - [2026-07-25T09:11:51.485+0000] {dagbag.py:588} INFO - Filling up the DagBag from /home/airflow/.local/lib/python3.12/site-packages/airflow/example_dags/example_xcom.py
[2026-07-25T09:11:51.492+0000] {processor.py:925} INFO - DAG(s) 'example_xcom' retrieved from /home/airflow/.local/lib/python3.12/site-packages/airflow/example_dags/example_xcom.py
[2026-07-25T09:11:51.506+0000] {logging_mixin.py:190} INFO - [2026-07-25T09:11:51.506+0000] {dag.py:3239} INFO - Sync 1 DAGs
[2026-07-25T09:11:51.522+0000] {logging_mixin.py:190} INFO - [2026-07-25T09:11:51.522+0000] {dag.py:4180} INFO - Setting next_dagrun for example_xcom to 2021-01-01 00:00:00+00:00, run_after=2021-01-01 00:00:00+00:00
[2026-07-25T09:11:51.538+0000] {processor.py:208} INFO - Processing /home/airflow/.local/lib/python3.12/site-packages/airflow/example_dags/example_xcom.py took 0.061 seconds
[2026-07-25T09:12:22.225+0000] {processor.py:186} INFO - Started process (PID=818) to work on /home/airflow/.local/lib/python3.12/site-packages/airflow/example_dags/example_xcom.py
[2026-07-25T09:12:22.226+0000] {processor.py:914} INFO - Processing file /home/airflow/.local/lib/python3.12/site-packages/airflow/example_dags/example_xcom.py for tasks to queue
[2026-07-25T09:12:22.228+0000] {logging_mixin.py:190} INFO - [2026-07-25T09:12:22.228+0000] {dagbag.py:588} INFO - Filling up the DagBag from /home/airflow/.local/lib/python3.12/site-packages/airflow/example_dags/example_xcom.py
[2026-07-25T09:12:22.234+0000] {processor.py:925} INFO - DAG(s) 'example_xcom' retrieved from /home/airflow/.local/lib/python3.12/site-packages/airflow/example_dags/example_xcom.py
[2026-07-25T09:12:22.247+0000] {logging_mixin.py:190} INFO - [2026-07-25T09:12:22.247+0000] {dag.py:3239} INFO - Sync 1 DAGs
[2026-07-25T09:12:22.260+0000] {logging_mixin.py:190} INFO - [2026-07-25T09:12:22.260+0000] {dag.py:4180} INFO - Setting next_dagrun for example_xcom to 2021-01-01 00:00:00+00:00, run_after=2021-01-01 00:00:00+00:00
[2026-07-25T09:12:22.270+0000] {processor.py:208} INFO - Processing /home/airflow/.local/lib/python3.12/site-packages/airflow/example_dags/example_xcom.py took 0.048 seconds
[2026-07-25T09:12:52.374+0000] {processor.py:186} INFO - Started process (PID=882) to work on /home/airflow/.local/lib/python3.12/site-packages/airflow/example_dags/example_xcom.py
[2026-07-25T09:12:52.375+0000] {processor.py:914} INFO - Processing file /home/airflow/.local/lib/python3.12/site-packages/airflow/example_dags/example_xcom.py for tasks to queue
[2026-07-25T09:12:52.377+0000] {logging_mixin.py:190} INFO - [2026-07-25T09:12:52.377+0000] {dagbag.py:588} INFO - Filling up the DagBag from /home/airflow/.local/lib/python3.12/site-packages/airflow/example_dags/example_xcom.py
[2026-07-25T09:12:52.384+0000] {processor.py:925} INFO - DAG(s) 'example_xcom' retrieved from /home/airflow/.local/lib/python3.12/site-packages/airflow/example_dags/example_xcom.py
[2026-07-25T09:12:52.400+0000] {logging_mixin.py:190} INFO - [2026-07-25T09:12:52.399+0000] {dag.py:3239} INFO - Sync 1 DAGs
[2026-07-25T09:12:52.413+0000] {logging_mixin.py:190} INFO - [2026-07-25T09:12:52.413+0000] {dag.py:4180} INFO - Setting next_dagrun for example_xcom to 2021-01-01 00:00:00+00:00, run_after=2021-01-01 00:00:00+00:00
[2026-07-25T09:12:52.425+0000] {processor.py:208} INFO - Processing /home/airflow/.local/lib/python3.12/site-packages/airflow/example_dags/example_xcom.py took 0.055 seconds
[2026-07-25T09:13:24.916+0000] {processor.py:186} INFO - Started process (PID=944) to work on /home/airflow/.local/lib/python3.12/site-packages/airflow/example_dags/example_xcom.py
[2026-07-25T09:13:24.917+0000] {processor.py:914} INFO - Processing file /home/airflow/.local/lib/python3.12/site-packages/airflow/example_dags/example_xcom.py for tasks to queue
[2026-07-25T09:13:24.919+0000] {logging_mixin.py:190} INFO - [2026-07-25T09:13:24.919+0000] {dagbag.py:588} INFO - Filling up the DagBag from /home/airflow/.local/lib/python3.12/site-packages/airflow/example_dags/example_xcom.py
[2026-07-25T09:13:24.925+0000] {processor.py:925} INFO - DAG(s) 'example_xcom' retrieved from /home/airflow/.local/lib/python3.12/site-packages/airflow/example_dags/example_xcom.py
[2026-07-25T09:13:24.938+0000] {logging_mixin.py:190} INFO - [2026-07-25T09:13:24.938+0000] {dag.py:3239} INFO - Sync 1 DAGs
[2026-07-25T09:13:24.951+0000] {logging_mixin.py:190} INFO - [2026-07-25T09:13:24.951+0000] {dag.py:4180} INFO - Setting next_dagrun for example_xcom to 2021-01-01 00:00:00+00:00, run_after=2021-01-01 00:00:00+00:00
[2026-07-25T09:13:24.964+0000] {processor.py:208} INFO - Processing /home/airflow/.local/lib/python3.12/site-packages/airflow/example_dags/example_xcom.py took 0.051 seconds
[2026-07-25T09:13:55.021+0000] {processor.py:186} INFO - Started process (PID=1006) to work on /home/airflow/.local/lib/python3.12/site-packages/airflow/example_dags/example_xcom.py
[2026-07-25T09:13:55.022+0000] {processor.py:914} INFO - Processing file /home/airflow/.local/lib/python3.12/site-packages/airflow/example_dags/example_xcom.py for tasks to queue
[2026-07-25T09:13:55.024+0000] {logging_mixin.py:190} INFO - [2026-07-25T09:13:55.024+0000] {dagbag.py:588} INFO - Filling up the DagBag from /home/airflow/.local/lib/python3.12/site-packages/airflow/example_dags/example_xcom.py
[2026-07-25T09:13:55.030+0000] {processor.py:925} INFO - DAG(s) 'example_xcom' retrieved from /home/airflow/.local/lib/python3.12/site-packages/airflow/example_dags/example_xcom.py
[2026-07-25T09:13:55.043+0000] {logging_mixin.py:190} INFO - [2026-07-25T09:13:55.043+0000] {dag.py:3239} INFO - Sync 1 DAGs
[2026-07-25T09:13:55.056+0000] {logging_mixin.py:190} INFO - [2026-07-25T09:13:55.056+0000] {dag.py:4180} INFO - Setting next_dagrun for example_xcom to 2021-01-01 00:00:00+00:00, run_after=2021-01-01 00:00:00+00:00
[2026-07-25T09:13:55.067+0000] {processor.py:208} INFO - Processing /home/airflow/.local/lib/python3.12/site-packages/airflow/example_dags/example_xcom.py took 0.049 seconds
[2026-07-25T09:14:25.130+0000] {processor.py:186} INFO - Started process (PID=1067) to work on /home/airflow/.local/lib/python3.12/site-packages/airflow/example_dags/example_xcom.py
[2026-07-25T09:14:25.131+0000] {processor.py:914} INFO - Processing file /home/airflow/.local/lib/python3.12/site-packages/airflow/example_dags/example_xcom.py for tasks to queue
[2026-07-25T09:14:25.133+0000] {logging_mixin.py:190} INFO - [2026-07-25T09:14:25.132+0000] {dagbag.py:588} INFO - Filling up the DagBag from /home/airflow/.local/lib/python3.12/site-packages/airflow/example_dags/example_xcom.py
[2026-07-25T09:14:25.139+0000] {processor.py:925} INFO - DAG(s) 'example_xcom' retrieved from /home/airflow/.local/lib/python3.12/site-packages/airflow/example_dags/example_xcom.py
[2026-07-25T09:14:25.152+0000] {logging_mixin.py:190} INFO - [2026-07-25T09:14:25.152+0000] {dag.py:3239} INFO - Sync 1 DAGs
[2026-07-25T09:14:25.166+0000] {logging_mixin.py:190} INFO - [2026-07-25T09:14:25.166+0000] {dag.py:4180} INFO - Setting next_dagrun for example_xcom to 2021-01-01 00:00:00+00:00, run_after=2021-01-01 00:00:00+00:00
[2026-07-25T09:14:25.177+0000] {processor.py:208} INFO - Processing /home/airflow/.local/lib/python3.12/site-packages/airflow/example_dags/example_xcom.py took 0.051 seconds
[2026-07-25T09:15:32.646+0000] {processor.py:186} INFO - Started process (PID=64) to work on /home/airflow/.local/lib/python3.12/site-packages/airflow/example_dags/example_xcom.py
[2026-07-25T09:15:32.647+0000] {processor.py:914} INFO - Processing file /home/airflow/.local/lib/python3.12/site-packages/airflow/example_dags/example_xcom.py for tasks to queue
[2026-07-25T09:15:32.649+0000] {logging_mixin.py:190} INFO - [2026-07-25T09:15:32.649+0000] {dagbag.py:588} INFO - Filling up the DagBag from /home/airflow/.local/lib/python3.12/site-packages/airflow/example_dags/example_xcom.py
[2026-07-25T09:15:32.661+0000] {processor.py:925} INFO - DAG(s) 'example_xcom' retrieved from /home/airflow/.local/lib/python3.12/site-packages/airflow/example_dags/example_xcom.py
[2026-07-25T09:15:32.680+0000] {logging_mixin.py:190} INFO - [2026-07-25T09:15:32.680+0000] {dag.py:3239} INFO - Sync 1 DAGs
[2026-07-25T09:15:32.694+0000] {logging_mixin.py:190} INFO - [2026-07-25T09:15:32.693+0000] {dag.py:4180} INFO - Setting next_dagrun for example_xcom to 2021-01-01 00:00:00+00:00, run_after=2021-01-01 00:00:00+00:00
[2026-07-25T09:15:32.707+0000] {processor.py:208} INFO - Processing /home/airflow/.local/lib/python3.12/site-packages/airflow/example_dags/example_xcom.py took 0.066 seconds
[2026-07-25T09:16:02.923+0000] {processor.py:186} INFO - Started process (PID=127) to work on /home/airflow/.local/lib/python3.12/site-packages/airflow/example_dags/example_xcom.py
[2026-07-25T09:16:02.924+0000] {processor.py:914} INFO - Processing file /home/airflow/.local/lib/python3.12/site-packages/airflow/example_dags/example_xcom.py for tasks to queue
[2026-07-25T09:16:02.926+0000] {logging_mixin.py:190} INFO - [2026-07-25T09:16:02.926+0000] {dagbag.py:588} INFO - Filling up the DagBag from /home/airflow/.local/lib/python3.12/site-packages/airflow/example_dags/example_xcom.py
[2026-07-25T09:16:02.936+0000] {processor.py:925} INFO - DAG(s) 'example_xcom' retrieved from /home/airflow/.local/lib/python3.12/site-packages/airflow/example_dags/example_xcom.py
[2026-07-25T09:16:02.953+0000] {logging_mixin.py:190} INFO - [2026-07-25T09:16:02.953+0000] {dag.py:3239} INFO - Sync 1 DAGs
[2026-07-25T09:16:02.967+0000] {logging_mixin.py:190} INFO - [2026-07-25T09:16:02.966+0000] {dag.py:4180} INFO - Setting next_dagrun for example_xcom to 2021-01-01 00:00:00+00:00, run_after=2021-01-01 00:00:00+00:00
[2026-07-25T09:16:02.993+0000] {processor.py:208} INFO - Processing /home/airflow/.local/lib/python3.12/site-packages/airflow/example_dags/example_xcom.py took 0.073 seconds
[2026-07-25T09:16:33.663+0000] {processor.py:186} INFO - Started process (PID=190) to work on /home/airflow/.local/lib/python3.12/site-packages/airflow/example_dags/example_xcom.py
[2026-07-25T09:16:33.664+0000] {processor.py:914} INFO - Processing file /home/airflow/.local/lib/python3.12/site-packages/airflow/example_dags/example_xcom.py for tasks to queue
[2026-07-25T09:16:33.666+0000] {logging_mixin.py:190} INFO - [2026-07-25T09:16:33.666+0000] {dagbag.py:588} INFO - Filling up the DagBag from /home/airflow/.local/lib/python3.12/site-packages/airflow/example_dags/example_xcom.py
[2026-07-25T09:16:33.672+0000] {processor.py:925} INFO - DAG(s) 'example_xcom' retrieved from /home/airflow/.local/lib/python3.12/site-packages/airflow/example_dags/example_xcom.py
[2026-07-25T09:16:33.685+0000] {logging_mixin.py:190} INFO - [2026-07-25T09:16:33.685+0000] {dag.py:3239} INFO - Sync 1 DAGs
[2026-07-25T09:16:33.698+0000] {logging_mixin.py:190} INFO - [2026-07-25T09:16:33.697+0000] {dag.py:4180} INFO - Setting next_dagrun for example_xcom to 2021-01-01 00:00:00+00:00, run_after=2021-01-01 00:00:00+00:00
[2026-07-25T09:16:33.709+0000] {processor.py:208} INFO - Processing /home/airflow/.local/lib/python3.12/site-packages/airflow/example_dags/example_xcom.py took 0.049 seconds
[2026-07-25T09:17:04.404+0000] {processor.py:186} INFO - Started process (PID=253) to work on /home/airflow/.local/lib/python3.12/site-packages/airflow/example_dags/example_xcom.py
[2026-07-25T09:17:04.405+0000] {processor.py:914} INFO - Processing file /home/airflow/.local/lib/python3.12/site-packages/airflow/example_dags/example_xcom.py for tasks to queue
[2026-07-25T09:17:04.407+0000] {logging_mixin.py:190} INFO - [2026-07-25T09:17:04.406+0000] {dagbag.py:588} INFO - Filling up the DagBag from /home/airflow/.local/lib/python3.12/site-packages/airflow/example_dags/example_xcom.py
[2026-07-25T09:17:04.413+0000] {processor.py:925} INFO - DAG(s) 'example_xcom' retrieved from /home/airflow/.local/lib/python3.12/site-packages/airflow/example_dags/example_xcom.py
[2026-07-25T09:17:04.426+0000] {logging_mixin.py:190} INFO - [2026-07-25T09:17:04.426+0000] {dag.py:3239} INFO - Sync 1 DAGs
[2026-07-25T09:17:04.440+0000] {logging_mixin.py:190} INFO - [2026-07-25T09:17:04.440+0000] {dag.py:4180} INFO - Setting next_dagrun for example_xcom to 2021-01-01 00:00:00+00:00, run_after=2021-01-01 00:00:00+00:00
[2026-07-25T09:17:04.451+0000] {processor.py:208} INFO - Processing /home/airflow/.local/lib/python3.12/site-packages/airflow/example_dags/example_xcom.py took 0.050 seconds
[2026-07-25T09:17:34.795+0000] {processor.py:186} INFO - Started process (PID=316) to work on /home/airflow/.local/lib/python3.12/site-packages/airflow/example_dags/example_xcom.py
[2026-07-25T09:17:34.796+0000] {processor.py:914} INFO - Processing file /home/airflow/.local/lib/python3.12/site-packages/airflow/example_dags/example_xcom.py for tasks to queue
[2026-07-25T09:17:34.798+0000] {logging_mixin.py:190} INFO - [2026-07-25T09:17:34.798+0000] {dagbag.py:588} INFO - Filling up the DagBag from /home/airflow/.local/lib/python3.12/site-packages/airflow/example_dags/example_xcom.py
[2026-07-25T09:17:34.804+0000] {processor.py:925} INFO - DAG(s) 'example_xcom' retrieved from /home/airflow/.local/lib/python3.12/site-packages/airflow/example_dags/example_xcom.py
[2026-07-25T09:17:34.819+0000] {logging_mixin.py:190} INFO - [2026-07-25T09:17:34.819+0000] {dag.py:3239} INFO - Sync 1 DAGs
[2026-07-25T09:17:34.831+0000] {logging_mixin.py:190} INFO - [2026-07-25T09:17:34.831+0000] {dag.py:4180} INFO - Setting next_dagrun for example_xcom to 2021-01-01 00:00:00+00:00, run_after=2021-01-01 00:00:00+00:00
[2026-07-25T09:17:34.842+0000] {processor.py:208} INFO - Processing /home/airflow/.local/lib/python3.12/site-packages/airflow/example_dags/example_xcom.py took 0.050 seconds
[2026-07-25T09:18:04.984+0000] {processor.py:186} INFO - Started process (PID=379) to work on /home/airflow/.local/lib/python3.12/site-packages/airflow/example_dags/example_xcom.py
[2026-07-25T09:18:04.985+0000] {processor.py:914} INFO - Processing file /home/airflow/.local/lib/python3.12/site-packages/airflow/example_dags/example_xcom.py for tasks to queue
[2026-07-25T09:18:04.987+0000] {logging_mixin.py:190} INFO - [2026-07-25T09:18:04.987+0000] {dagbag.py:588} INFO - Filling up the DagBag from /home/airflow/.local/lib/python3.12/site-packages/airflow/example_dags/example_xcom.py
[2026-07-25T09:18:04.992+0000] {processor.py:925} INFO - DAG(s) 'example_xcom' retrieved from /home/airflow/.local/lib/python3.12/site-packages/airflow/example_dags/example_xcom.py
[2026-07-25T09:18:05.006+0000] {logging_mixin.py:190} INFO - [2026-07-25T09:18:05.006+0000] {dag.py:3239} INFO - Sync 1 DAGs
[2026-07-25T09:18:05.018+0000] {logging_mixin.py:190} INFO - [2026-07-25T09:18:05.017+0000] {dag.py:4180} INFO - Setting next_dagrun for example_xcom to 2021-01-01 00:00:00+00:00, run_after=2021-01-01 00:00:00+00:00
[2026-07-25T09:18:05.028+0000] {processor.py:208} INFO - Processing /home/airflow/.local/lib/python3.12/site-packages/airflow/example_dags/example_xcom.py took 0.048 seconds
[2026-07-25T09:18:35.673+0000] {processor.py:186} INFO - Started process (PID=441) to work on /home/airflow/.local/lib/python3.12/site-packages/airflow/example_dags/example_xcom.py
[2026-07-25T09:18:35.674+0000] {processor.py:914} INFO - Processing file /home/airflow/.local/lib/python3.12/site-packages/airflow/example_dags/example_xcom.py for tasks to queue
[2026-07-25T09:18:35.676+0000] {logging_mixin.py:190} INFO - [2026-07-25T09:18:35.676+0000] {dagbag.py:588} INFO - Filling up the DagBag from /home/airflow/.local/lib/python3.12/site-packages/airflow/example_dags/example_xcom.py
[2026-07-25T09:18:35.682+0000] {processor.py:925} INFO - DAG(s) 'example_xcom' retrieved from /home/airflow/.local/lib/python3.12/site-packages/airflow/example_dags/example_xcom.py
[2026-07-25T09:18:35.696+0000] {logging_mixin.py:190} INFO - [2026-07-25T09:18:35.696+0000] {dag.py:3239} INFO - Sync 1 DAGs
[2026-07-25T09:18:35.710+0000] {logging_mixin.py:190} INFO - [2026-07-25T09:18:35.710+0000] {dag.py:4180} INFO - Setting next_dagrun for example_xcom to 2021-01-01 00:00:00+00:00, run_after=2021-01-01 00:00:00+00:00
[2026-07-25T09:18:35.721+0000] {processor.py:208} INFO - Processing /home/airflow/.local/lib/python3.12/site-packages/airflow/example_dags/example_xcom.py took 0.051 seconds
[2026-07-25T09:19:05.942+0000] {processor.py:186} INFO - Started process (PID=503) to work on /home/airflow/.local/lib/python3.12/site-packages/airflow/example_dags/example_xcom.py
[2026-07-25T09:19:05.942+0000] {processor.py:914} INFO - Processing file /home/airflow/.local/lib/python3.12/site-packages/airflow/example_dags/example_xcom.py for tasks to queue
[2026-07-25T09:19:05.945+0000] {logging_mixin.py:190} INFO - [2026-07-25T09:19:05.944+0000] {dagbag.py:588} INFO - Filling up the DagBag from /home/airflow/.local/lib/python3.12/site-packages/airflow/example_dags/example_xcom.py
[2026-07-25T09:19:05.950+0000] {processor.py:925} INFO - DAG(s) 'example_xcom' retrieved from /home/airflow/.local/lib/python3.12/site-packages/airflow/example_dags/example_xcom.py
[2026-07-25T09:19:05.964+0000] {logging_mixin.py:190} INFO - [2026-07-25T09:19:05.964+0000] {dag.py:3239} INFO - Sync 1 DAGs
[2026-07-25T09:19:05.977+0000] {logging_mixin.py:190} INFO - [2026-07-25T09:19:05.977+0000] {dag.py:4180} INFO - Setting next_dagrun for example_xcom to 2021-01-01 00:00:00+00:00, run_after=2021-01-01 00:00:00+00:00
[2026-07-25T09:19:05.988+0000] {processor.py:208} INFO - Processing /home/airflow/.local/lib/python3.12/site-packages/airflow/example_dags/example_xcom.py took 0.052 seconds
[2026-07-25T09:20:43.721+0000] {processor.py:186} INFO - Started process (PID=64) to work on /home/airflow/.local/lib/python3.12/site-packages/airflow/example_dags/example_xcom.py
[2026-07-25T09:20:43.722+0000] {processor.py:914} INFO - Processing file /home/airflow/.local/lib/python3.12/site-packages/airflow/example_dags/example_xcom.py for tasks to queue
[2026-07-25T09:20:43.725+0000] {logging_mixin.py:190} INFO - [2026-07-25T09:20:43.724+0000] {dagbag.py:588} INFO - Filling up the DagBag from /home/airflow/.local/lib/python3.12/site-packages/airflow/example_dags/example_xcom.py
[2026-07-25T09:20:43.739+0000] {processor.py:925} INFO - DAG(s) 'example_xcom' retrieved from /home/airflow/.local/lib/python3.12/site-packages/airflow/example_dags/example_xcom.py
[2026-07-25T09:20:43.767+0000] {logging_mixin.py:190} INFO - [2026-07-25T09:20:43.767+0000] {dag.py:3239} INFO - Sync 1 DAGs
[2026-07-25T09:20:43.785+0000] {logging_mixin.py:190} INFO - [2026-07-25T09:20:43.785+0000] {dag.py:4180} INFO - Setting next_dagrun for example_xcom to 2021-01-01 00:00:00+00:00, run_after=2021-01-01 00:00:00+00:00
[2026-07-25T09:20:43.800+0000] {processor.py:208} INFO - Processing /home/airflow/.local/lib/python3.12/site-packages/airflow/example_dags/example_xcom.py took 0.083 seconds
[2026-07-25T09:21:13.893+0000] {processor.py:186} INFO - Started process (PID=127) to work on /home/airflow/.local/lib/python3.12/site-packages/airflow/example_dags/example_xcom.py
[2026-07-25T09:21:13.894+0000] {processor.py:914} INFO - Processing file /home/airflow/.local/lib/python3.12/site-packages/airflow/example_dags/example_xcom.py for tasks to queue
[2026-07-25T09:21:13.896+0000] {logging_mixin.py:190} INFO - [2026-07-25T09:21:13.896+0000] {dagbag.py:588} INFO - Filling up the DagBag from /home/airflow/.local/lib/python3.12/site-packages/airflow/example_dags/example_xcom.py
[2026-07-25T09:21:13.902+0000] {processor.py:925} INFO - DAG(s) 'example_xcom' retrieved from /home/airflow/.local/lib/python3.12/site-packages/airflow/example_dags/example_xcom.py
[2026-07-25T09:21:13.917+0000] {logging_mixin.py:190} INFO - [2026-07-25T09:21:13.917+0000] {dag.py:3239} INFO - Sync 1 DAGs
[2026-07-25T09:21:13.930+0000] {logging_mixin.py:190} INFO - [2026-07-25T09:21:13.930+0000] {dag.py:4180} INFO - Setting next_dagrun for example_xcom to 2021-01-01 00:00:00+00:00, run_after=2021-01-01 00:00:00+00:00
[2026-07-25T09:21:13.941+0000] {processor.py:208} INFO - Processing /home/airflow/.local/lib/python3.12/site-packages/airflow/example_dags/example_xcom.py took 0.052 seconds
[2026-07-25T09:21:44.037+0000] {processor.py:186} INFO - Started process (PID=190) to work on /home/airflow/.local/lib/python3.12/site-packages/airflow/example_dags/example_xcom.py
[2026-07-25T09:21:44.038+0000] {processor.py:914} INFO - Processing file /home/airflow/.local/lib/python3.12/site-packages/airflow/example_dags/example_xcom.py for tasks to queue
[2026-07-25T09:21:44.040+0000] {logging_mixin.py:190} INFO - [2026-07-25T09:21:44.040+0000] {dagbag.py:588} INFO - Filling up the DagBag from /home/airflow/.local/lib/python3.12/site-packages/airflow/example_dags/example_xcom.py
[2026-07-25T09:21:44.046+0000] {processor.py:925} INFO - DAG(s) 'example_xcom' retrieved from /home/airflow/.local/lib/python3.12/site-packages/airflow/example_dags/example_xcom.py
[2026-07-25T09:21:44.060+0000] {logging_mixin.py:190} INFO - [2026-07-25T09:21:44.060+0000] {dag.py:3239} INFO - Sync 1 DAGs
[2026-07-25T09:21:44.073+0000] {logging_mixin.py:190} INFO - [2026-07-25T09:21:44.073+0000] {dag.py:4180} INFO - Setting next_dagrun for example_xcom to 2021-01-01 00:00:00+00:00, run_after=2021-01-01 00:00:00+00:00
[2026-07-25T09:21:44.084+0000] {processor.py:208} INFO - Processing /home/airflow/.local/lib/python3.12/site-packages/airflow/example_dags/example_xcom.py took 0.050 seconds
[2026-07-25T09:22:14.651+0000] {processor.py:186} INFO - Started process (PID=253) to work on /home/airflow/.local/lib/python3.12/site-packages/airflow/example_dags/example_xcom.py
[2026-07-25T09:22:14.652+0000] {processor.py:914} INFO - Processing file /home/airflow/.local/lib/python3.12/site-packages/airflow/example_dags/example_xcom.py for tasks to queue
[2026-07-25T09:22:14.654+0000] {logging_mixin.py:190} INFO - [2026-07-25T09:22:14.654+0000] {dagbag.py:588} INFO - Filling up the DagBag from /home/airflow/.local/lib/python3.12/site-packages/airflow/example_dags/example_xcom.py
[2026-07-25T09:22:14.660+0000] {processor.py:925} INFO - DAG(s) 'example_xcom' retrieved from /home/airflow/.local/lib/python3.12/site-packages/airflow/example_dags/example_xcom.py
[2026-07-25T09:22:14.673+0000] {logging_mixin.py:190} INFO - [2026-07-25T09:22:14.673+0000] {dag.py:3239} INFO - Sync 1 DAGs
[2026-07-25T09:22:14.686+0000] {logging_mixin.py:190} INFO - [2026-07-25T09:22:14.686+0000] {dag.py:4180} INFO - Setting next_dagrun for example_xcom to 2021-01-01 00:00:00+00:00, run_after=2021-01-01 00:00:00+00:00
[2026-07-25T09:22:14.698+0000] {processor.py:208} INFO - Processing /home/airflow/.local/lib/python3.12/site-packages/airflow/example_dags/example_xcom.py took 0.051 seconds
[2026-07-25T09:23:55.566+0000] {processor.py:186} INFO - Started process (PID=64) to work on /home/airflow/.local/lib/python3.12/site-packages/airflow/example_dags/example_xcom.py
[2026-07-25T09:23:55.568+0000] {processor.py:914} INFO - Processing file /home/airflow/.local/lib/python3.12/site-packages/airflow/example_dags/example_xcom.py for tasks to queue
[2026-07-25T09:23:55.570+0000] {logging_mixin.py:190} INFO - [2026-07-25T09:23:55.570+0000] {dagbag.py:588} INFO - Filling up the DagBag from /home/airflow/.local/lib/python3.12/site-packages/airflow/example_dags/example_xcom.py
[2026-07-25T09:23:55.585+0000] {processor.py:925} INFO - DAG(s) 'example_xcom' retrieved from /home/airflow/.local/lib/python3.12/site-packages/airflow/example_dags/example_xcom.py
[2026-07-25T09:23:55.621+0000] {logging_mixin.py:190} INFO - [2026-07-25T09:23:55.621+0000] {dag.py:3239} INFO - Sync 1 DAGs
[2026-07-25T09:23:55.648+0000] {logging_mixin.py:190} INFO - [2026-07-25T09:23:55.648+0000] {dag.py:4180} INFO - Setting next_dagrun for example_xcom to 2021-01-01 00:00:00+00:00, run_after=2021-01-01 00:00:00+00:00
[2026-07-25T09:23:55.666+0000] {processor.py:208} INFO - Processing /home/airflow/.local/lib/python3.12/site-packages/airflow/example_dags/example_xcom.py took 0.104 seconds
[2026-07-25T09:24:26.591+0000] {processor.py:186} INFO - Started process (PID=127) to work on /home/airflow/.local/lib/python3.12/site-packages/airflow/example_dags/example_xcom.py
[2026-07-25T09:24:26.592+0000] {processor.py:914} INFO - Processing file /home/airflow/.local/lib/python3.12/site-packages/airflow/example_dags/example_xcom.py for tasks to queue
[2026-07-25T09:24:26.594+0000] {logging_mixin.py:190} INFO - [2026-07-25T09:24:26.594+0000] {dagbag.py:588} INFO - Filling up the DagBag from /home/airflow/.local/lib/python3.12/site-packages/airflow/example_dags/example_xcom.py
[2026-07-25T09:24:26.602+0000] {processor.py:925} INFO - DAG(s) 'example_xcom' retrieved from /home/airflow/.local/lib/python3.12/site-packages/airflow/example_dags/example_xcom.py
[2026-07-25T09:24:26.616+0000] {logging_mixin.py:190} INFO - [2026-07-25T09:24:26.615+0000] {dag.py:3239} INFO - Sync 1 DAGs
[2026-07-25T09:24:26.628+0000] {logging_mixin.py:190} INFO - [2026-07-25T09:24:26.628+0000] {dag.py:4180} INFO - Setting next_dagrun for example_xcom to 2021-01-01 00:00:00+00:00, run_after=2021-01-01 00:00:00+00:00
[2026-07-25T09:24:26.641+0000] {processor.py:208} INFO - Processing /home/airflow/.local/lib/python3.12/site-packages/airflow/example_dags/example_xcom.py took 0.054 seconds
[2026-07-25T09:24:57.115+0000] {processor.py:186} INFO - Started process (PID=190) to work on /home/airflow/.local/lib/python3.12/site-packages/airflow/example_dags/example_xcom.py
[2026-07-25T09:24:57.116+0000] {processor.py:914} INFO - Processing file /home/airflow/.local/lib/python3.12/site-packages/airflow/example_dags/example_xcom.py for tasks to queue
[2026-07-25T09:24:57.118+0000] {logging_mixin.py:190} INFO - [2026-07-25T09:24:57.118+0000] {dagbag.py:588} INFO - Filling up the DagBag from /home/airflow/.local/lib/python3.12/site-packages/airflow/example_dags/example_xcom.py
[2026-07-25T09:24:57.124+0000] {processor.py:925} INFO - DAG(s) 'example_xcom' retrieved from /home/airflow/.local/lib/python3.12/site-packages/airflow/example_dags/example_xcom.py
[2026-07-25T09:24:57.140+0000] {logging_mixin.py:190} INFO - [2026-07-25T09:24:57.140+0000] {dag.py:3239} INFO - Sync 1 DAGs
[2026-07-25T09:24:57.155+0000] {logging_mixin.py:190} INFO - [2026-07-25T09:24:57.154+0000] {dag.py:4180} INFO - Setting next_dagrun for example_xcom to 2021-01-01 00:00:00+00:00, run_after=2021-01-01 00:00:00+00:00
[2026-07-25T09:24:57.167+0000] {processor.py:208} INFO - Processing /home/airflow/.local/lib/python3.12/site-packages/airflow/example_dags/example_xcom.py took 0.055 seconds
[2026-07-25T09:25:28.040+0000] {processor.py:186} INFO - Started process (PID=253) to work on /home/airflow/.local/lib/python3.12/site-packages/airflow/example_dags/example_xcom.py
[2026-07-25T09:25:28.041+0000] {processor.py:914} INFO - Processing file /home/airflow/.local/lib/python3.12/site-packages/airflow/example_dags/example_xcom.py for tasks to queue
[2026-07-25T09:25:28.043+0000] {logging_mixin.py:190} INFO - [2026-07-25T09:25:28.042+0000] {dagbag.py:588} INFO - Filling up the DagBag from /home/airflow/.local/lib/python3.12/site-packages/airflow/example_dags/example_xcom.py
[2026-07-25T09:25:28.050+0000] {processor.py:925} INFO - DAG(s) 'example_xcom' retrieved from /home/airflow/.local/lib/python3.12/site-packages/airflow/example_dags/example_xcom.py
[2026-07-25T09:25:28.065+0000] {logging_mixin.py:190} INFO - [2026-07-25T09:25:28.065+0000] {dag.py:3239} INFO - Sync 1 DAGs
[2026-07-25T09:25:28.080+0000] {logging_mixin.py:190} INFO - [2026-07-25T09:25:28.080+0000] {dag.py:4180} INFO - Setting next_dagrun for example_xcom to 2021-01-01 00:00:00+00:00, run_after=2021-01-01 00:00:00+00:00
[2026-07-25T09:25:28.093+0000] {processor.py:208} INFO - Processing /home/airflow/.local/lib/python3.12/site-packages/airflow/example_dags/example_xcom.py took 0.057 seconds
[2026-07-25T09:26:47.692+0000] {processor.py:186} INFO - Started process (PID=64) to work on /home/airflow/.local/lib/python3.12/site-packages/airflow/example_dags/example_xcom.py
[2026-07-25T09:26:47.694+0000] {processor.py:914} INFO - Processing file /home/airflow/.local/lib/python3.12/site-packages/airflow/example_dags/example_xcom.py for tasks to queue
[2026-07-25T09:26:47.699+0000] {logging_mixin.py:190} INFO - [2026-07-25T09:26:47.698+0000] {dagbag.py:588} INFO - Filling up the DagBag from /home/airflow/.local/lib/python3.12/site-packages/airflow/example_dags/example_xcom.py
[2026-07-25T09:26:47.714+0000] {processor.py:925} INFO - DAG(s) 'example_xcom' retrieved from /home/airflow/.local/lib/python3.12/site-packages/airflow/example_dags/example_xcom.py
[2026-07-25T09:26:47.821+0000] {logging_mixin.py:190} INFO - [2026-07-25T09:26:47.821+0000] {override.py:1932} INFO - Created Permission View: can edit on DAG:example_xcom
[2026-07-25T09:26:47.830+0000] {logging_mixin.py:190} INFO - [2026-07-25T09:26:47.830+0000] {override.py:1932} INFO - Created Permission View: can read on DAG:example_xcom
[2026-07-25T09:26:47.837+0000] {logging_mixin.py:190} INFO - [2026-07-25T09:26:47.837+0000] {override.py:1932} INFO - Created Permission View: can delete on DAG:example_xcom
[2026-07-25T09:26:47.844+0000] {logging_mixin.py:190} INFO - [2026-07-25T09:26:47.844+0000] {override.py:1932} INFO - Created Permission View: menu access on DAG Run:example_xcom
[2026-07-25T09:26:47.850+0000] {logging_mixin.py:190} INFO - [2026-07-25T09:26:47.850+0000] {override.py:1932} INFO - Created Permission View: can read on DAG Run:example_xcom
[2026-07-25T09:26:47.855+0000] {logging_mixin.py:190} INFO - [2026-07-25T09:26:47.855+0000] {override.py:1932} INFO - Created Permission View: can create on DAG Run:example_xcom
[2026-07-25T09:26:47.861+0000] {logging_mixin.py:190} INFO - [2026-07-25T09:26:47.861+0000] {override.py:1932} INFO - Created Permission View: can delete on DAG Run:example_xcom
[2026-07-25T09:26:47.861+0000] {logging_mixin.py:190} INFO - [2026-07-25T09:26:47.861+0000] {dag.py:3239} INFO - Sync 1 DAGs
[2026-07-25T09:26:47.870+0000] {logging_mixin.py:190} INFO - [2026-07-25T09:26:47.870+0000] {dag.py:3262} INFO - Creating ORM DAG for example_xcom
[2026-07-25T09:26:47.876+0000] {logging_mixin.py:190} INFO - [2026-07-25T09:26:47.876+0000] {dag.py:4180} INFO - Setting next_dagrun for example_xcom to 2021-01-01 00:00:00+00:00, run_after=2021-01-01 00:00:00+00:00
[2026-07-25T09:26:47.887+0000] {processor.py:208} INFO - Processing /home/airflow/.local/lib/python3.12/site-packages/airflow/example_dags/example_xcom.py took 0.203 seconds
[2026-07-25T09:27:18.510+0000] {processor.py:186} INFO - Started process (PID=127) to work on /home/airflow/.local/lib/python3.12/site-packages/airflow/example_dags/example_xcom.py
[2026-07-25T09:27:18.511+0000] {processor.py:914} INFO - Processing file /home/airflow/.local/lib/python3.12/site-packages/airflow/example_dags/example_xcom.py for tasks to queue
[2026-07-25T09:27:18.513+0000] {logging_mixin.py:190} INFO - [2026-07-25T09:27:18.513+0000] {dagbag.py:588} INFO - Filling up the DagBag from /home/airflow/.local/lib/python3.12/site-packages/airflow/example_dags/example_xcom.py
[2026-07-25T09:27:18.519+0000] {processor.py:925} INFO - DAG(s) 'example_xcom' retrieved from /home/airflow/.local/lib/python3.12/site-packages/airflow/example_dags/example_xcom.py
[2026-07-25T09:27:18.533+0000] {logging_mixin.py:190} INFO - [2026-07-25T09:27:18.533+0000] {dag.py:3239} INFO - Sync 1 DAGs
[2026-07-25T09:27:18.546+0000] {logging_mixin.py:190} INFO - [2026-07-25T09:27:18.546+0000] {dag.py:4180} INFO - Setting next_dagrun for example_xcom to 2021-01-01 00:00:00+00:00, run_after=2021-01-01 00:00:00+00:00
[2026-07-25T09:27:18.577+0000] {processor.py:208} INFO - Processing /home/airflow/.local/lib/python3.12/site-packages/airflow/example_dags/example_xcom.py took 0.071 seconds
[2026-07-25T09:27:48.836+0000] {processor.py:186} INFO - Started process (PID=190) to work on /home/airflow/.local/lib/python3.12/site-packages/airflow/example_dags/example_xcom.py
[2026-07-25T09:27:48.837+0000] {processor.py:914} INFO - Processing file /home/airflow/.local/lib/python3.12/site-packages/airflow/example_dags/example_xcom.py for tasks to queue
[2026-07-25T09:27:48.839+0000] {logging_mixin.py:190} INFO - [2026-07-25T09:27:48.839+0000] {dagbag.py:588} INFO - Filling up the DagBag from /home/airflow/.local/lib/python3.12/site-packages/airflow/example_dags/example_xcom.py
[2026-07-25T09:27:48.848+0000] {processor.py:925} INFO - DAG(s) 'example_xcom' retrieved from /home/airflow/.local/lib/python3.12/site-packages/airflow/example_dags/example_xcom.py
[2026-07-25T09:27:48.864+0000] {logging_mixin.py:190} INFO - [2026-07-25T09:27:48.863+0000] {dag.py:3239} INFO - Sync 1 DAGs
[2026-07-25T09:27:48.879+0000] {logging_mixin.py:190} INFO - [2026-07-25T09:27:48.879+0000] {dag.py:4180} INFO - Setting next_dagrun for example_xcom to 2021-01-01 00:00:00+00:00, run_after=2021-01-01 00:00:00+00:00
[2026-07-25T09:27:48.893+0000] {processor.py:208} INFO - Processing /home/airflow/.local/lib/python3.12/site-packages/airflow/example_dags/example_xcom.py took 0.062 seconds
[2026-07-25T09:28:19.227+0000] {processor.py:186} INFO - Started process (PID=253) to work on /home/airflow/.local/lib/python3.12/site-packages/airflow/example_dags/example_xcom.py
[2026-07-25T09:28:19.228+0000] {processor.py:914} INFO - Processing file /home/airflow/.local/lib/python3.12/site-packages/airflow/example_dags/example_xcom.py for tasks to queue
[2026-07-25T09:28:19.230+0000] {logging_mixin.py:190} INFO - [2026-07-25T09:28:19.229+0000] {dagbag.py:588} INFO - Filling up the DagBag from /home/airflow/.local/lib/python3.12/site-packages/airflow/example_dags/example_xcom.py
[2026-07-25T09:28:19.235+0000] {processor.py:925} INFO - DAG(s) 'example_xcom' retrieved from /home/airflow/.local/lib/python3.12/site-packages/airflow/example_dags/example_xcom.py
[2026-07-25T09:28:19.249+0000] {logging_mixin.py:190} INFO - [2026-07-25T09:28:19.249+0000] {dag.py:3239} INFO - Sync 1 DAGs
[2026-07-25T09:28:19.262+0000] {logging_mixin.py:190} INFO - [2026-07-25T09:28:19.262+0000] {dag.py:4180} INFO - Setting next_dagrun for example_xcom to 2021-01-01 00:00:00+00:00, run_after=2021-01-01 00:00:00+00:00
[2026-07-25T09:28:19.283+0000] {processor.py:208} INFO - Processing /home/airflow/.local/lib/python3.12/site-packages/airflow/example_dags/example_xcom.py took 0.059 seconds
[2026-07-25T09:28:49.842+0000] {processor.py:186} INFO - Started process (PID=316) to work on /home/airflow/.local/lib/python3.12/site-packages/airflow/example_dags/example_xcom.py
[2026-07-25T09:28:49.843+0000] {processor.py:914} INFO - Processing file /home/airflow/.local/lib/python3.12/site-packages/airflow/example_dags/example_xcom.py for tasks to queue
[2026-07-25T09:28:49.845+0000] {logging_mixin.py:190} INFO - [2026-07-25T09:28:49.845+0000] {dagbag.py:588} INFO - Filling up the DagBag from /home/airflow/.local/lib/python3.12/site-packages/airflow/example_dags/example_xcom.py
[2026-07-25T09:28:49.852+0000] {processor.py:925} INFO - DAG(s) 'example_xcom' retrieved from /home/airflow/.local/lib/python3.12/site-packages/airflow/example_dags/example_xcom.py
[2026-07-25T09:28:49.866+0000] {logging_mixin.py:190} INFO - [2026-07-25T09:28:49.866+0000] {dag.py:3239} INFO - Sync 1 DAGs
[2026-07-25T09:28:49.881+0000] {logging_mixin.py:190} INFO - [2026-07-25T09:28:49.881+0000] {dag.py:4180} INFO - Setting next_dagrun for example_xcom to 2021-01-01 00:00:00+00:00, run_after=2021-01-01 00:00:00+00:00
[2026-07-25T09:28:49.894+0000] {processor.py:208} INFO - Processing /home/airflow/.local/lib/python3.12/site-packages/airflow/example_dags/example_xcom.py took 0.055 seconds
[2026-07-25T09:29:22.631+0000] {processor.py:186} INFO - Started process (PID=385) to work on /home/airflow/.local/lib/python3.12/site-packages/airflow/example_dags/example_xcom.py
[2026-07-25T09:29:22.632+0000] {processor.py:914} INFO - Processing file /home/airflow/.local/lib/python3.12/site-packages/airflow/example_dags/example_xcom.py for tasks to queue
[2026-07-25T09:29:22.634+0000] {logging_mixin.py:190} INFO - [2026-07-25T09:29:22.634+0000] {dagbag.py:588} INFO - Filling up the DagBag from /home/airflow/.local/lib/python3.12/site-packages/airflow/example_dags/example_xcom.py
[2026-07-25T09:29:22.640+0000] {processor.py:925} INFO - DAG(s) 'example_xcom' retrieved from /home/airflow/.local/lib/python3.12/site-packages/airflow/example_dags/example_xcom.py
[2026-07-25T09:29:22.656+0000] {logging_mixin.py:190} INFO - [2026-07-25T09:29:22.656+0000] {dag.py:3239} INFO - Sync 1 DAGs
[2026-07-25T09:29:22.673+0000] {logging_mixin.py:190} INFO - [2026-07-25T09:29:22.672+0000] {dag.py:4180} INFO - Setting next_dagrun for example_xcom to 2021-01-01 00:00:00+00:00, run_after=2021-01-01 00:00:00+00:00
[2026-07-25T09:29:22.750+0000] {processor.py:208} INFO - Processing /home/airflow/.local/lib/python3.12/site-packages/airflow/example_dags/example_xcom.py took 0.123 seconds
[2026-07-25T09:29:52.883+0000] {processor.py:186} INFO - Started process (PID=447) to work on /home/airflow/.local/lib/python3.12/site-packages/airflow/example_dags/example_xcom.py
[2026-07-25T09:29:52.884+0000] {processor.py:914} INFO - Processing file /home/airflow/.local/lib/python3.12/site-packages/airflow/example_dags/example_xcom.py for tasks to queue
[2026-07-25T09:29:52.886+0000] {logging_mixin.py:190} INFO - [2026-07-25T09:29:52.886+0000] {dagbag.py:588} INFO - Filling up the DagBag from /home/airflow/.local/lib/python3.12/site-packages/airflow/example_dags/example_xcom.py
[2026-07-25T09:29:52.892+0000] {processor.py:925} INFO - DAG(s) 'example_xcom' retrieved from /home/airflow/.local/lib/python3.12/site-packages/airflow/example_dags/example_xcom.py
[2026-07-25T09:29:52.905+0000] {logging_mixin.py:190} INFO - [2026-07-25T09:29:52.905+0000] {dag.py:3239} INFO - Sync 1 DAGs
[2026-07-25T09:29:52.918+0000] {logging_mixin.py:190} INFO - [2026-07-25T09:29:52.918+0000] {dag.py:4180} INFO - Setting next_dagrun for example_xcom to 2021-01-01 00:00:00+00:00, run_after=2021-01-01 00:00:00+00:00
[2026-07-25T09:29:52.929+0000] {processor.py:208} INFO - Processing /home/airflow/.local/lib/python3.12/site-packages/airflow/example_dags/example_xcom.py took 0.049 seconds
[2026-07-25T09:30:23.476+0000] {processor.py:186} INFO - Started process (PID=509) to work on /home/airflow/.local/lib/python3.12/site-packages/airflow/example_dags/example_xcom.py
[2026-07-25T09:30:23.477+0000] {processor.py:914} INFO - Processing file /home/airflow/.local/lib/python3.12/site-packages/airflow/example_dags/example_xcom.py for tasks to queue
[2026-07-25T09:30:23.479+0000] {logging_mixin.py:190} INFO - [2026-07-25T09:30:23.479+0000] {dagbag.py:588} INFO - Filling up the DagBag from /home/airflow/.local/lib/python3.12/site-packages/airflow/example_dags/example_xcom.py
[2026-07-25T09:30:23.485+0000] {processor.py:925} INFO - DAG(s) 'example_xcom' retrieved from /home/airflow/.local/lib/python3.12/site-packages/airflow/example_dags/example_xcom.py
[2026-07-25T09:30:23.497+0000] {logging_mixin.py:190} INFO - [2026-07-25T09:30:23.497+0000] {dag.py:3239} INFO - Sync 1 DAGs
[2026-07-25T09:30:23.509+0000] {logging_mixin.py:190} INFO - [2026-07-25T09:30:23.509+0000] {dag.py:4180} INFO - Setting next_dagrun for example_xcom to 2021-01-01 00:00:00+00:00, run_after=2021-01-01 00:00:00+00:00
[2026-07-25T09:30:23.539+0000] {processor.py:208} INFO - Processing /home/airflow/.local/lib/python3.12/site-packages/airflow/example_dags/example_xcom.py took 0.066 seconds
[2026-07-25T09:30:54.503+0000] {processor.py:186} INFO - Started process (PID=571) to work on /home/airflow/.local/lib/python3.12/site-packages/airflow/example_dags/example_xcom.py
[2026-07-25T09:30:54.504+0000] {processor.py:914} INFO - Processing file /home/airflow/.local/lib/python3.12/site-packages/airflow/example_dags/example_xcom.py for tasks to queue
[2026-07-25T09:30:54.506+0000] {logging_mixin.py:190} INFO - [2026-07-25T09:30:54.506+0000] {dagbag.py:588} INFO - Filling up the DagBag from /home/airflow/.local/lib/python3.12/site-packages/airflow/example_dags/example_xcom.py
[2026-07-25T09:30:54.512+0000] {processor.py:925} INFO - DAG(s) 'example_xcom' retrieved from /home/airflow/.local/lib/python3.12/site-packages/airflow/example_dags/example_xcom.py
[2026-07-25T09:30:54.525+0000] {logging_mixin.py:190} INFO - [2026-07-25T09:30:54.525+0000] {dag.py:3239} INFO - Sync 1 DAGs
[2026-07-25T09:30:54.538+0000] {logging_mixin.py:190} INFO - [2026-07-25T09:30:54.537+0000] {dag.py:4180} INFO - Setting next_dagrun for example_xcom to 2021-01-01 00:00:00+00:00, run_after=2021-01-01 00:00:00+00:00
[2026-07-25T09:30:54.552+0000] {processor.py:208} INFO - Processing /home/airflow/.local/lib/python3.12/site-packages/airflow/example_dags/example_xcom.py took 0.052 seconds
