[2026-07-25T09:06:13.363+0000] {processor.py:186} INFO - Started process (PID=77) to work on /home/airflow/.local/lib/python3.12/site-packages/airflow/example_dags/example_bash_decorator.py
[2026-07-25T09:06:13.364+0000] {processor.py:914} INFO - Processing file /home/airflow/.local/lib/python3.12/site-packages/airflow/example_dags/example_bash_decorator.py for tasks to queue
[2026-07-25T09:06:13.366+0000] {logging_mixin.py:190} INFO - [2026-07-25T09:06:13.366+0000] {dagbag.py:588} INFO - Filling up the DagBag from /home/airflow/.local/lib/python3.12/site-packages/airflow/example_dags/example_bash_decorator.py
[2026-07-25T09:06:13.377+0000] {processor.py:925} INFO - DAG(s) 'example_bash_decorator' retrieved from /home/airflow/.local/lib/python3.12/site-packages/airflow/example_dags/example_bash_decorator.py
[2026-07-25T09:06:13.444+0000] {logging_mixin.py:190} INFO - [2026-07-25T09:06:13.444+0000] {override.py:1932} INFO - Created Permission View: can edit on DAG:example_bash_decorator
[2026-07-25T09:06:13.450+0000] {logging_mixin.py:190} INFO - [2026-07-25T09:06:13.450+0000] {override.py:1932} INFO - Created Permission View: can read on DAG:example_bash_decorator
[2026-07-25T09:06:13.455+0000] {logging_mixin.py:190} INFO - [2026-07-25T09:06:13.455+0000] {override.py:1932} INFO - Created Permission View: can delete on DAG:example_bash_decorator
[2026-07-25T09:06:13.463+0000] {logging_mixin.py:190} INFO - [2026-07-25T09:06:13.463+0000] {override.py:1932} INFO - Created Permission View: can create on DAG Run:example_bash_decorator
[2026-07-25T09:06:13.468+0000] {logging_mixin.py:190} INFO - [2026-07-25T09:06:13.467+0000] {override.py:1932} INFO - Created Permission View: can read on DAG Run:example_bash_decorator
[2026-07-25T09:06:13.472+0000] {logging_mixin.py:190} INFO - [2026-07-25T09:06:13.472+0000] {override.py:1932} INFO - Created Permission View: can delete on DAG Run:example_bash_decorator
[2026-07-25T09:06:13.479+0000] {logging_mixin.py:190} INFO - [2026-07-25T09:06:13.478+0000] {override.py:1932} INFO - Created Permission View: menu access on DAG Run:example_bash_decorator
[2026-07-25T09:06:13.479+0000] {logging_mixin.py:190} INFO - [2026-07-25T09:06:13.479+0000] {dag.py:3239} INFO - Sync 1 DAGs
[2026-07-25T09:06:13.487+0000] {logging_mixin.py:190} INFO - [2026-07-25T09:06:13.486+0000] {dag.py:3262} INFO - Creating ORM DAG for example_bash_decorator
[2026-07-25T09:06:13.487+0000] {logging_mixin.py:190} INFO - [2026-07-25T09:06:13.487+0000] {dag.py:4180} INFO - Setting next_dagrun for example_bash_decorator to None, run_after=None
[2026-07-25T09:06:13.496+0000] {processor.py:208} INFO - Processing /home/airflow/.local/lib/python3.12/site-packages/airflow/example_dags/example_bash_decorator.py took 0.137 seconds
[2026-07-25T09:06:43.713+0000] {processor.py:186} INFO - Started process (PID=140) to work on /home/airflow/.local/lib/python3.12/site-packages/airflow/example_dags/example_bash_decorator.py
[2026-07-25T09:06:43.714+0000] {processor.py:914} INFO - Processing file /home/airflow/.local/lib/python3.12/site-packages/airflow/example_dags/example_bash_decorator.py for tasks to queue
[2026-07-25T09:06:43.716+0000] {logging_mixin.py:190} INFO - [2026-07-25T09:06:43.716+0000] {dagbag.py:588} INFO - Filling up the DagBag from /home/airflow/.local/lib/python3.12/site-packages/airflow/example_dags/example_bash_decorator.py
[2026-07-25T09:06:43.727+0000] {processor.py:925} INFO - DAG(s) 'example_bash_decorator' retrieved from /home/airflow/.local/lib/python3.12/site-packages/airflow/example_dags/example_bash_decorator.py
[2026-07-25T09:06:43.741+0000] {logging_mixin.py:190} INFO - [2026-07-25T09:06:43.741+0000] {dag.py:3239} INFO - Sync 1 DAGs
[2026-07-25T09:06:43.749+0000] {logging_mixin.py:190} INFO - [2026-07-25T09:06:43.749+0000] {dag.py:4180} INFO - Setting next_dagrun for example_bash_decorator to None, run_after=None
[2026-07-25T09:06:43.760+0000] {processor.py:208} INFO - Processing /home/airflow/.local/lib/python3.12/site-packages/airflow/example_dags/example_bash_decorator.py took 0.050 seconds
[2026-07-25T09:07:14.655+0000] {processor.py:186} INFO - Started process (PID=203) to work on /home/airflow/.local/lib/python3.12/site-packages/airflow/example_dags/example_bash_decorator.py
[2026-07-25T09:07:14.656+0000] {processor.py:914} INFO - Processing file /home/airflow/.local/lib/python3.12/site-packages/airflow/example_dags/example_bash_decorator.py for tasks to queue
[2026-07-25T09:07:14.658+0000] {logging_mixin.py:190} INFO - [2026-07-25T09:07:14.658+0000] {dagbag.py:588} INFO - Filling up the DagBag from /home/airflow/.local/lib/python3.12/site-packages/airflow/example_dags/example_bash_decorator.py
[2026-07-25T09:07:14.666+0000] {processor.py:925} INFO - DAG(s) 'example_bash_decorator' retrieved from /home/airflow/.local/lib/python3.12/site-packages/airflow/example_dags/example_bash_decorator.py
[2026-07-25T09:07:14.681+0000] {logging_mixin.py:190} INFO - [2026-07-25T09:07:14.681+0000] {dag.py:3239} INFO - Sync 1 DAGs
[2026-07-25T09:07:14.689+0000] {logging_mixin.py:190} INFO - [2026-07-25T09:07:14.689+0000] {dag.py:4180} INFO - Setting next_dagrun for example_bash_decorator to None, run_after=None
[2026-07-25T09:07:14.700+0000] {processor.py:208} INFO - Processing /home/airflow/.local/lib/python3.12/site-packages/airflow/example_dags/example_bash_decorator.py took 0.048 seconds
[2026-07-25T09:07:45.084+0000] {processor.py:186} INFO - Started process (PID=266) to work on /home/airflow/.local/lib/python3.12/site-packages/airflow/example_dags/example_bash_decorator.py
[2026-07-25T09:07:45.085+0000] {processor.py:914} INFO - Processing file /home/airflow/.local/lib/python3.12/site-packages/airflow/example_dags/example_bash_decorator.py for tasks to queue
[2026-07-25T09:07:45.087+0000] {logging_mixin.py:190} INFO - [2026-07-25T09:07:45.087+0000] {dagbag.py:588} INFO - Filling up the DagBag from /home/airflow/.local/lib/python3.12/site-packages/airflow/example_dags/example_bash_decorator.py
[2026-07-25T09:07:45.096+0000] {processor.py:925} INFO - DAG(s) 'example_bash_decorator' retrieved from /home/airflow/.local/lib/python3.12/site-packages/airflow/example_dags/example_bash_decorator.py
[2026-07-25T09:07:45.109+0000] {logging_mixin.py:190} INFO - [2026-07-25T09:07:45.109+0000] {dag.py:3239} INFO - Sync 1 DAGs
[2026-07-25T09:07:45.119+0000] {logging_mixin.py:190} INFO - [2026-07-25T09:07:45.119+0000] {dag.py:4180} INFO - Setting next_dagrun for example_bash_decorator to None, run_after=None
[2026-07-25T09:07:45.129+0000] {processor.py:208} INFO - Processing /home/airflow/.local/lib/python3.12/site-packages/airflow/example_dags/example_bash_decorator.py took 0.048 seconds
[2026-07-25T09:08:15.546+0000] {processor.py:186} INFO - Started process (PID=335) to work on /home/airflow/.local/lib/python3.12/site-packages/airflow/example_dags/example_bash_decorator.py
[2026-07-25T09:08:15.547+0000] {processor.py:914} INFO - Processing file /home/airflow/.local/lib/python3.12/site-packages/airflow/example_dags/example_bash_decorator.py for tasks to queue
[2026-07-25T09:08:15.548+0000] {logging_mixin.py:190} INFO - [2026-07-25T09:08:15.548+0000] {dagbag.py:588} INFO - Filling up the DagBag from /home/airflow/.local/lib/python3.12/site-packages/airflow/example_dags/example_bash_decorator.py
[2026-07-25T09:08:15.557+0000] {processor.py:925} INFO - DAG(s) 'example_bash_decorator' retrieved from /home/airflow/.local/lib/python3.12/site-packages/airflow/example_dags/example_bash_decorator.py
[2026-07-25T09:08:15.572+0000] {logging_mixin.py:190} INFO - [2026-07-25T09:08:15.572+0000] {dag.py:3239} INFO - Sync 1 DAGs
[2026-07-25T09:08:15.580+0000] {logging_mixin.py:190} INFO - [2026-07-25T09:08:15.580+0000] {dag.py:4180} INFO - Setting next_dagrun for example_bash_decorator to None, run_after=None
[2026-07-25T09:08:15.591+0000] {processor.py:208} INFO - Processing /home/airflow/.local/lib/python3.12/site-packages/airflow/example_dags/example_bash_decorator.py took 0.049 seconds
[2026-07-25T09:08:46.407+0000] {processor.py:186} INFO - Started process (PID=398) to work on /home/airflow/.local/lib/python3.12/site-packages/airflow/example_dags/example_bash_decorator.py
[2026-07-25T09:08:46.408+0000] {processor.py:914} INFO - Processing file /home/airflow/.local/lib/python3.12/site-packages/airflow/example_dags/example_bash_decorator.py for tasks to queue
[2026-07-25T09:08:46.410+0000] {logging_mixin.py:190} INFO - [2026-07-25T09:08:46.410+0000] {dagbag.py:588} INFO - Filling up the DagBag from /home/airflow/.local/lib/python3.12/site-packages/airflow/example_dags/example_bash_decorator.py
[2026-07-25T09:08:46.419+0000] {processor.py:925} INFO - DAG(s) 'example_bash_decorator' retrieved from /home/airflow/.local/lib/python3.12/site-packages/airflow/example_dags/example_bash_decorator.py
[2026-07-25T09:08:46.433+0000] {logging_mixin.py:190} INFO - [2026-07-25T09:08:46.433+0000] {dag.py:3239} INFO - Sync 1 DAGs
[2026-07-25T09:08:46.440+0000] {logging_mixin.py:190} INFO - [2026-07-25T09:08:46.440+0000] {dag.py:4180} INFO - Setting next_dagrun for example_bash_decorator to None, run_after=None
[2026-07-25T09:08:46.451+0000] {processor.py:208} INFO - Processing /home/airflow/.local/lib/python3.12/site-packages/airflow/example_dags/example_bash_decorator.py took 0.047 seconds
[2026-07-25T09:09:20.342+0000] {processor.py:186} INFO - Started process (PID=461) to work on /home/airflow/.local/lib/python3.12/site-packages/airflow/example_dags/example_bash_decorator.py
[2026-07-25T09:09:20.343+0000] {processor.py:914} INFO - Processing file /home/airflow/.local/lib/python3.12/site-packages/airflow/example_dags/example_bash_decorator.py for tasks to queue
[2026-07-25T09:09:20.345+0000] {logging_mixin.py:190} INFO - [2026-07-25T09:09:20.345+0000] {dagbag.py:588} INFO - Filling up the DagBag from /home/airflow/.local/lib/python3.12/site-packages/airflow/example_dags/example_bash_decorator.py
[2026-07-25T09:09:20.355+0000] {processor.py:925} INFO - DAG(s) 'example_bash_decorator' retrieved from /home/airflow/.local/lib/python3.12/site-packages/airflow/example_dags/example_bash_decorator.py
[2026-07-25T09:09:20.370+0000] {logging_mixin.py:190} INFO - [2026-07-25T09:09:20.370+0000] {dag.py:3239} INFO - Sync 1 DAGs
[2026-07-25T09:09:20.378+0000] {logging_mixin.py:190} INFO - [2026-07-25T09:09:20.378+0000] {dag.py:4180} INFO - Setting next_dagrun for example_bash_decorator to None, run_after=None
[2026-07-25T09:09:20.390+0000] {processor.py:208} INFO - Processing /home/airflow/.local/lib/python3.12/site-packages/airflow/example_dags/example_bash_decorator.py took 0.051 seconds
[2026-07-25T09:09:54.312+0000] {processor.py:186} INFO - Started process (PID=524) to work on /home/airflow/.local/lib/python3.12/site-packages/airflow/example_dags/example_bash_decorator.py
[2026-07-25T09:09:54.313+0000] {processor.py:914} INFO - Processing file /home/airflow/.local/lib/python3.12/site-packages/airflow/example_dags/example_bash_decorator.py for tasks to queue
[2026-07-25T09:09:54.315+0000] {logging_mixin.py:190} INFO - [2026-07-25T09:09:54.315+0000] {dagbag.py:588} INFO - Filling up the DagBag from /home/airflow/.local/lib/python3.12/site-packages/airflow/example_dags/example_bash_decorator.py
[2026-07-25T09:09:54.325+0000] {processor.py:925} INFO - DAG(s) 'example_bash_decorator' retrieved from /home/airflow/.local/lib/python3.12/site-packages/airflow/example_dags/example_bash_decorator.py
[2026-07-25T09:09:54.341+0000] {logging_mixin.py:190} INFO - [2026-07-25T09:09:54.341+0000] {dag.py:3239} INFO - Sync 1 DAGs
[2026-07-25T09:09:54.350+0000] {logging_mixin.py:190} INFO - [2026-07-25T09:09:54.350+0000] {dag.py:4180} INFO - Setting next_dagrun for example_bash_decorator to None, run_after=None
[2026-07-25T09:09:54.361+0000] {processor.py:208} INFO - Processing /home/airflow/.local/lib/python3.12/site-packages/airflow/example_dags/example_bash_decorator.py took 0.052 seconds
[2026-07-25T09:10:24.623+0000] {processor.py:186} INFO - Started process (PID=585) to work on /home/airflow/.local/lib/python3.12/site-packages/airflow/example_dags/example_bash_decorator.py
[2026-07-25T09:10:24.624+0000] {processor.py:914} INFO - Processing file /home/airflow/.local/lib/python3.12/site-packages/airflow/example_dags/example_bash_decorator.py for tasks to queue
[2026-07-25T09:10:24.626+0000] {logging_mixin.py:190} INFO - [2026-07-25T09:10:24.626+0000] {dagbag.py:588} INFO - Filling up the DagBag from /home/airflow/.local/lib/python3.12/site-packages/airflow/example_dags/example_bash_decorator.py
[2026-07-25T09:10:24.635+0000] {processor.py:925} INFO - DAG(s) 'example_bash_decorator' retrieved from /home/airflow/.local/lib/python3.12/site-packages/airflow/example_dags/example_bash_decorator.py
[2026-07-25T09:10:24.652+0000] {logging_mixin.py:190} INFO - [2026-07-25T09:10:24.652+0000] {dag.py:3239} INFO - Sync 1 DAGs
[2026-07-25T09:10:24.662+0000] {logging_mixin.py:190} INFO - [2026-07-25T09:10:24.662+0000] {dag.py:4180} INFO - Setting next_dagrun for example_bash_decorator to None, run_after=None
[2026-07-25T09:10:24.674+0000] {processor.py:208} INFO - Processing /home/airflow/.local/lib/python3.12/site-packages/airflow/example_dags/example_bash_decorator.py took 0.054 seconds
[2026-07-25T09:10:55.321+0000] {processor.py:186} INFO - Started process (PID=648) to work on /home/airflow/.local/lib/python3.12/site-packages/airflow/example_dags/example_bash_decorator.py
[2026-07-25T09:10:55.321+0000] {processor.py:914} INFO - Processing file /home/airflow/.local/lib/python3.12/site-packages/airflow/example_dags/example_bash_decorator.py for tasks to queue
[2026-07-25T09:10:55.324+0000] {logging_mixin.py:190} INFO - [2026-07-25T09:10:55.323+0000] {dagbag.py:588} INFO - Filling up the DagBag from /home/airflow/.local/lib/python3.12/site-packages/airflow/example_dags/example_bash_decorator.py
[2026-07-25T09:10:55.333+0000] {processor.py:925} INFO - DAG(s) 'example_bash_decorator' retrieved from /home/airflow/.local/lib/python3.12/site-packages/airflow/example_dags/example_bash_decorator.py
[2026-07-25T09:10:55.348+0000] {logging_mixin.py:190} INFO - [2026-07-25T09:10:55.347+0000] {dag.py:3239} INFO - Sync 1 DAGs
[2026-07-25T09:10:55.356+0000] {logging_mixin.py:190} INFO - [2026-07-25T09:10:55.356+0000] {dag.py:4180} INFO - Setting next_dagrun for example_bash_decorator to None, run_after=None
[2026-07-25T09:10:55.368+0000] {processor.py:208} INFO - Processing /home/airflow/.local/lib/python3.12/site-packages/airflow/example_dags/example_bash_decorator.py took 0.051 seconds
[2026-07-25T09:11:25.846+0000] {processor.py:186} INFO - Started process (PID=709) to work on /home/airflow/.local/lib/python3.12/site-packages/airflow/example_dags/example_bash_decorator.py
[2026-07-25T09:11:25.847+0000] {processor.py:914} INFO - Processing file /home/airflow/.local/lib/python3.12/site-packages/airflow/example_dags/example_bash_decorator.py for tasks to queue
[2026-07-25T09:11:25.849+0000] {logging_mixin.py:190} INFO - [2026-07-25T09:11:25.849+0000] {dagbag.py:588} INFO - Filling up the DagBag from /home/airflow/.local/lib/python3.12/site-packages/airflow/example_dags/example_bash_decorator.py
[2026-07-25T09:11:25.858+0000] {processor.py:925} INFO - DAG(s) 'example_bash_decorator' retrieved from /home/airflow/.local/lib/python3.12/site-packages/airflow/example_dags/example_bash_decorator.py
[2026-07-25T09:11:25.873+0000] {logging_mixin.py:190} INFO - [2026-07-25T09:11:25.873+0000] {dag.py:3239} INFO - Sync 1 DAGs
[2026-07-25T09:11:25.882+0000] {logging_mixin.py:190} INFO - [2026-07-25T09:11:25.882+0000] {dag.py:4180} INFO - Setting next_dagrun for example_bash_decorator to None, run_after=None
[2026-07-25T09:11:25.894+0000] {processor.py:208} INFO - Processing /home/airflow/.local/lib/python3.12/site-packages/airflow/example_dags/example_bash_decorator.py took 0.051 seconds
[2026-07-25T09:11:56.266+0000] {processor.py:186} INFO - Started process (PID=772) to work on /home/airflow/.local/lib/python3.12/site-packages/airflow/example_dags/example_bash_decorator.py
[2026-07-25T09:11:56.267+0000] {processor.py:914} INFO - Processing file /home/airflow/.local/lib/python3.12/site-packages/airflow/example_dags/example_bash_decorator.py for tasks to queue
[2026-07-25T09:11:56.269+0000] {logging_mixin.py:190} INFO - [2026-07-25T09:11:56.269+0000] {dagbag.py:588} INFO - Filling up the DagBag from /home/airflow/.local/lib/python3.12/site-packages/airflow/example_dags/example_bash_decorator.py
[2026-07-25T09:11:56.281+0000] {processor.py:925} INFO - DAG(s) 'example_bash_decorator' retrieved from /home/airflow/.local/lib/python3.12/site-packages/airflow/example_dags/example_bash_decorator.py
[2026-07-25T09:11:56.297+0000] {logging_mixin.py:190} INFO - [2026-07-25T09:11:56.297+0000] {dag.py:3239} INFO - Sync 1 DAGs
[2026-07-25T09:11:56.307+0000] {logging_mixin.py:190} INFO - [2026-07-25T09:11:56.307+0000] {dag.py:4180} INFO - Setting next_dagrun for example_bash_decorator to None, run_after=None
[2026-07-25T09:11:56.320+0000] {processor.py:208} INFO - Processing /home/airflow/.local/lib/python3.12/site-packages/airflow/example_dags/example_bash_decorator.py took 0.059 seconds
[2026-07-25T09:12:27.003+0000] {processor.py:186} INFO - Started process (PID=835) to work on /home/airflow/.local/lib/python3.12/site-packages/airflow/example_dags/example_bash_decorator.py
[2026-07-25T09:12:27.004+0000] {processor.py:914} INFO - Processing file /home/airflow/.local/lib/python3.12/site-packages/airflow/example_dags/example_bash_decorator.py for tasks to queue
[2026-07-25T09:12:27.006+0000] {logging_mixin.py:190} INFO - [2026-07-25T09:12:27.006+0000] {dagbag.py:588} INFO - Filling up the DagBag from /home/airflow/.local/lib/python3.12/site-packages/airflow/example_dags/example_bash_decorator.py
[2026-07-25T09:12:27.016+0000] {processor.py:925} INFO - DAG(s) 'example_bash_decorator' retrieved from /home/airflow/.local/lib/python3.12/site-packages/airflow/example_dags/example_bash_decorator.py
[2026-07-25T09:12:27.032+0000] {logging_mixin.py:190} INFO - [2026-07-25T09:12:27.032+0000] {dag.py:3239} INFO - Sync 1 DAGs
[2026-07-25T09:12:27.041+0000] {logging_mixin.py:190} INFO - [2026-07-25T09:12:27.041+0000] {dag.py:4180} INFO - Setting next_dagrun for example_bash_decorator to None, run_after=None
[2026-07-25T09:12:27.053+0000] {processor.py:208} INFO - Processing /home/airflow/.local/lib/python3.12/site-packages/airflow/example_dags/example_bash_decorator.py took 0.054 seconds
[2026-07-25T09:12:57.091+0000] {processor.py:186} INFO - Started process (PID=897) to work on /home/airflow/.local/lib/python3.12/site-packages/airflow/example_dags/example_bash_decorator.py
[2026-07-25T09:12:57.091+0000] {processor.py:914} INFO - Processing file /home/airflow/.local/lib/python3.12/site-packages/airflow/example_dags/example_bash_decorator.py for tasks to queue
[2026-07-25T09:12:57.093+0000] {logging_mixin.py:190} INFO - [2026-07-25T09:12:57.093+0000] {dagbag.py:588} INFO - Filling up the DagBag from /home/airflow/.local/lib/python3.12/site-packages/airflow/example_dags/example_bash_decorator.py
[2026-07-25T09:12:57.103+0000] {processor.py:925} INFO - DAG(s) 'example_bash_decorator' retrieved from /home/airflow/.local/lib/python3.12/site-packages/airflow/example_dags/example_bash_decorator.py
[2026-07-25T09:12:57.120+0000] {logging_mixin.py:190} INFO - [2026-07-25T09:12:57.120+0000] {dag.py:3239} INFO - Sync 1 DAGs
[2026-07-25T09:12:57.128+0000] {logging_mixin.py:190} INFO - [2026-07-25T09:12:57.128+0000] {dag.py:4180} INFO - Setting next_dagrun for example_bash_decorator to None, run_after=None
[2026-07-25T09:12:57.140+0000] {processor.py:208} INFO - Processing /home/airflow/.local/lib/python3.12/site-packages/airflow/example_dags/example_bash_decorator.py took 0.053 seconds
[2026-07-25T09:13:27.805+0000] {processor.py:186} INFO - Started process (PID=960) to work on /home/airflow/.local/lib/python3.12/site-packages/airflow/example_dags/example_bash_decorator.py
[2026-07-25T09:13:27.806+0000] {processor.py:914} INFO - Processing file /home/airflow/.local/lib/python3.12/site-packages/airflow/example_dags/example_bash_decorator.py for tasks to queue
[2026-07-25T09:13:27.807+0000] {logging_mixin.py:190} INFO - [2026-07-25T09:13:27.807+0000] {dagbag.py:588} INFO - Filling up the DagBag from /home/airflow/.local/lib/python3.12/site-packages/airflow/example_dags/example_bash_decorator.py
[2026-07-25T09:13:27.816+0000] {processor.py:925} INFO - DAG(s) 'example_bash_decorator' retrieved from /home/airflow/.local/lib/python3.12/site-packages/airflow/example_dags/example_bash_decorator.py
[2026-07-25T09:13:27.831+0000] {logging_mixin.py:190} INFO - [2026-07-25T09:13:27.830+0000] {dag.py:3239} INFO - Sync 1 DAGs
[2026-07-25T09:13:27.839+0000] {logging_mixin.py:190} INFO - [2026-07-25T09:13:27.839+0000] {dag.py:4180} INFO - Setting next_dagrun for example_bash_decorator to None, run_after=None
[2026-07-25T09:13:27.849+0000] {processor.py:208} INFO - Processing /home/airflow/.local/lib/python3.12/site-packages/airflow/example_dags/example_bash_decorator.py took 0.048 seconds
[2026-07-25T09:13:59.352+0000] {processor.py:186} INFO - Started process (PID=1023) to work on /home/airflow/.local/lib/python3.12/site-packages/airflow/example_dags/example_bash_decorator.py
[2026-07-25T09:13:59.352+0000] {processor.py:914} INFO - Processing file /home/airflow/.local/lib/python3.12/site-packages/airflow/example_dags/example_bash_decorator.py for tasks to queue
[2026-07-25T09:13:59.355+0000] {logging_mixin.py:190} INFO - [2026-07-25T09:13:59.354+0000] {dagbag.py:588} INFO - Filling up the DagBag from /home/airflow/.local/lib/python3.12/site-packages/airflow/example_dags/example_bash_decorator.py
[2026-07-25T09:13:59.364+0000] {processor.py:925} INFO - DAG(s) 'example_bash_decorator' retrieved from /home/airflow/.local/lib/python3.12/site-packages/airflow/example_dags/example_bash_decorator.py
[2026-07-25T09:13:59.380+0000] {logging_mixin.py:190} INFO - [2026-07-25T09:13:59.379+0000] {dag.py:3239} INFO - Sync 1 DAGs
[2026-07-25T09:13:59.389+0000] {logging_mixin.py:190} INFO - [2026-07-25T09:13:59.389+0000] {dag.py:4180} INFO - Setting next_dagrun for example_bash_decorator to None, run_after=None
[2026-07-25T09:13:59.401+0000] {processor.py:208} INFO - Processing /home/airflow/.local/lib/python3.12/site-packages/airflow/example_dags/example_bash_decorator.py took 0.053 seconds
[2026-07-25T09:14:29.862+0000] {processor.py:186} INFO - Started process (PID=1081) to work on /home/airflow/.local/lib/python3.12/site-packages/airflow/example_dags/example_bash_decorator.py
[2026-07-25T09:14:29.863+0000] {processor.py:914} INFO - Processing file /home/airflow/.local/lib/python3.12/site-packages/airflow/example_dags/example_bash_decorator.py for tasks to queue
[2026-07-25T09:14:29.865+0000] {logging_mixin.py:190} INFO - [2026-07-25T09:14:29.864+0000] {dagbag.py:588} INFO - Filling up the DagBag from /home/airflow/.local/lib/python3.12/site-packages/airflow/example_dags/example_bash_decorator.py
[2026-07-25T09:14:29.874+0000] {processor.py:925} INFO - DAG(s) 'example_bash_decorator' retrieved from /home/airflow/.local/lib/python3.12/site-packages/airflow/example_dags/example_bash_decorator.py
[2026-07-25T09:14:29.888+0000] {logging_mixin.py:190} INFO - [2026-07-25T09:14:29.888+0000] {dag.py:3239} INFO - Sync 1 DAGs
[2026-07-25T09:14:29.896+0000] {logging_mixin.py:190} INFO - [2026-07-25T09:14:29.896+0000] {dag.py:4180} INFO - Setting next_dagrun for example_bash_decorator to None, run_after=None
[2026-07-25T09:14:29.906+0000] {processor.py:208} INFO - Processing /home/airflow/.local/lib/python3.12/site-packages/airflow/example_dags/example_bash_decorator.py took 0.048 seconds
[2026-07-25T09:15:33.353+0000] {processor.py:186} INFO - Started process (PID=77) to work on /home/airflow/.local/lib/python3.12/site-packages/airflow/example_dags/example_bash_decorator.py
[2026-07-25T09:15:33.354+0000] {processor.py:914} INFO - Processing file /home/airflow/.local/lib/python3.12/site-packages/airflow/example_dags/example_bash_decorator.py for tasks to queue
[2026-07-25T09:15:33.356+0000] {logging_mixin.py:190} INFO - [2026-07-25T09:15:33.355+0000] {dagbag.py:588} INFO - Filling up the DagBag from /home/airflow/.local/lib/python3.12/site-packages/airflow/example_dags/example_bash_decorator.py
[2026-07-25T09:15:33.369+0000] {processor.py:925} INFO - DAG(s) 'example_bash_decorator' retrieved from /home/airflow/.local/lib/python3.12/site-packages/airflow/example_dags/example_bash_decorator.py
[2026-07-25T09:15:33.451+0000] {logging_mixin.py:190} INFO - [2026-07-25T09:15:33.451+0000] {dag.py:3239} INFO - Sync 1 DAGs
[2026-07-25T09:15:33.460+0000] {logging_mixin.py:190} INFO - [2026-07-25T09:15:33.460+0000] {dag.py:4180} INFO - Setting next_dagrun for example_bash_decorator to None, run_after=None
[2026-07-25T09:15:33.477+0000] {processor.py:208} INFO - Processing /home/airflow/.local/lib/python3.12/site-packages/airflow/example_dags/example_bash_decorator.py took 0.127 seconds
[2026-07-25T09:16:03.564+0000] {processor.py:186} INFO - Started process (PID=140) to work on /home/airflow/.local/lib/python3.12/site-packages/airflow/example_dags/example_bash_decorator.py
[2026-07-25T09:16:03.565+0000] {processor.py:914} INFO - Processing file /home/airflow/.local/lib/python3.12/site-packages/airflow/example_dags/example_bash_decorator.py for tasks to queue
[2026-07-25T09:16:03.567+0000] {logging_mixin.py:190} INFO - [2026-07-25T09:16:03.567+0000] {dagbag.py:588} INFO - Filling up the DagBag from /home/airflow/.local/lib/python3.12/site-packages/airflow/example_dags/example_bash_decorator.py
[2026-07-25T09:16:03.576+0000] {processor.py:925} INFO - DAG(s) 'example_bash_decorator' retrieved from /home/airflow/.local/lib/python3.12/site-packages/airflow/example_dags/example_bash_decorator.py
[2026-07-25T09:16:03.590+0000] {logging_mixin.py:190} INFO - [2026-07-25T09:16:03.590+0000] {dag.py:3239} INFO - Sync 1 DAGs
[2026-07-25T09:16:03.598+0000] {logging_mixin.py:190} INFO - [2026-07-25T09:16:03.598+0000] {dag.py:4180} INFO - Setting next_dagrun for example_bash_decorator to None, run_after=None
[2026-07-25T09:16:03.609+0000] {processor.py:208} INFO - Processing /home/airflow/.local/lib/python3.12/site-packages/airflow/example_dags/example_bash_decorator.py took 0.047 seconds
[2026-07-25T09:16:34.340+0000] {processor.py:186} INFO - Started process (PID=203) to work on /home/airflow/.local/lib/python3.12/site-packages/airflow/example_dags/example_bash_decorator.py
[2026-07-25T09:16:34.341+0000] {processor.py:914} INFO - Processing file /home/airflow/.local/lib/python3.12/site-packages/airflow/example_dags/example_bash_decorator.py for tasks to queue
[2026-07-25T09:16:34.344+0000] {logging_mixin.py:190} INFO - [2026-07-25T09:16:34.344+0000] {dagbag.py:588} INFO - Filling up the DagBag from /home/airflow/.local/lib/python3.12/site-packages/airflow/example_dags/example_bash_decorator.py
[2026-07-25T09:16:34.355+0000] {processor.py:925} INFO - DAG(s) 'example_bash_decorator' retrieved from /home/airflow/.local/lib/python3.12/site-packages/airflow/example_dags/example_bash_decorator.py
[2026-07-25T09:16:34.373+0000] {logging_mixin.py:190} INFO - [2026-07-25T09:16:34.373+0000] {dag.py:3239} INFO - Sync 1 DAGs
[2026-07-25T09:16:34.382+0000] {logging_mixin.py:190} INFO - [2026-07-25T09:16:34.382+0000] {dag.py:4180} INFO - Setting next_dagrun for example_bash_decorator to None, run_after=None
[2026-07-25T09:16:34.395+0000] {processor.py:208} INFO - Processing /home/airflow/.local/lib/python3.12/site-packages/airflow/example_dags/example_bash_decorator.py took 0.060 seconds
[2026-07-25T09:17:05.080+0000] {processor.py:186} INFO - Started process (PID=266) to work on /home/airflow/.local/lib/python3.12/site-packages/airflow/example_dags/example_bash_decorator.py
[2026-07-25T09:17:05.081+0000] {processor.py:914} INFO - Processing file /home/airflow/.local/lib/python3.12/site-packages/airflow/example_dags/example_bash_decorator.py for tasks to queue
[2026-07-25T09:17:05.083+0000] {logging_mixin.py:190} INFO - [2026-07-25T09:17:05.083+0000] {dagbag.py:588} INFO - Filling up the DagBag from /home/airflow/.local/lib/python3.12/site-packages/airflow/example_dags/example_bash_decorator.py
[2026-07-25T09:17:05.093+0000] {processor.py:925} INFO - DAG(s) 'example_bash_decorator' retrieved from /home/airflow/.local/lib/python3.12/site-packages/airflow/example_dags/example_bash_decorator.py
[2026-07-25T09:17:05.107+0000] {logging_mixin.py:190} INFO - [2026-07-25T09:17:05.107+0000] {dag.py:3239} INFO - Sync 1 DAGs
[2026-07-25T09:17:05.115+0000] {logging_mixin.py:190} INFO - [2026-07-25T09:17:05.115+0000] {dag.py:4180} INFO - Setting next_dagrun for example_bash_decorator to None, run_after=None
[2026-07-25T09:17:05.126+0000] {processor.py:208} INFO - Processing /home/airflow/.local/lib/python3.12/site-packages/airflow/example_dags/example_bash_decorator.py took 0.049 seconds
[2026-07-25T09:17:35.483+0000] {processor.py:186} INFO - Started process (PID=329) to work on /home/airflow/.local/lib/python3.12/site-packages/airflow/example_dags/example_bash_decorator.py
[2026-07-25T09:17:35.483+0000] {processor.py:914} INFO - Processing file /home/airflow/.local/lib/python3.12/site-packages/airflow/example_dags/example_bash_decorator.py for tasks to queue
[2026-07-25T09:17:35.486+0000] {logging_mixin.py:190} INFO - [2026-07-25T09:17:35.485+0000] {dagbag.py:588} INFO - Filling up the DagBag from /home/airflow/.local/lib/python3.12/site-packages/airflow/example_dags/example_bash_decorator.py
[2026-07-25T09:17:35.495+0000] {processor.py:925} INFO - DAG(s) 'example_bash_decorator' retrieved from /home/airflow/.local/lib/python3.12/site-packages/airflow/example_dags/example_bash_decorator.py
[2026-07-25T09:17:35.508+0000] {logging_mixin.py:190} INFO - [2026-07-25T09:17:35.508+0000] {dag.py:3239} INFO - Sync 1 DAGs
[2026-07-25T09:17:35.517+0000] {logging_mixin.py:190} INFO - [2026-07-25T09:17:35.516+0000] {dag.py:4180} INFO - Setting next_dagrun for example_bash_decorator to None, run_after=None
[2026-07-25T09:17:35.527+0000] {processor.py:208} INFO - Processing /home/airflow/.local/lib/python3.12/site-packages/airflow/example_dags/example_bash_decorator.py took 0.048 seconds
[2026-07-25T09:18:05.823+0000] {processor.py:186} INFO - Started process (PID=392) to work on /home/airflow/.local/lib/python3.12/site-packages/airflow/example_dags/example_bash_decorator.py
[2026-07-25T09:18:05.824+0000] {processor.py:914} INFO - Processing file /home/airflow/.local/lib/python3.12/site-packages/airflow/example_dags/example_bash_decorator.py for tasks to queue
[2026-07-25T09:18:05.826+0000] {logging_mixin.py:190} INFO - [2026-07-25T09:18:05.825+0000] {dagbag.py:588} INFO - Filling up the DagBag from /home/airflow/.local/lib/python3.12/site-packages/airflow/example_dags/example_bash_decorator.py
[2026-07-25T09:18:05.835+0000] {processor.py:925} INFO - DAG(s) 'example_bash_decorator' retrieved from /home/airflow/.local/lib/python3.12/site-packages/airflow/example_dags/example_bash_decorator.py
[2026-07-25T09:18:05.849+0000] {logging_mixin.py:190} INFO - [2026-07-25T09:18:05.848+0000] {dag.py:3239} INFO - Sync 1 DAGs
[2026-07-25T09:18:05.857+0000] {logging_mixin.py:190} INFO - [2026-07-25T09:18:05.857+0000] {dag.py:4180} INFO - Setting next_dagrun for example_bash_decorator to None, run_after=None
[2026-07-25T09:18:05.867+0000] {processor.py:208} INFO - Processing /home/airflow/.local/lib/python3.12/site-packages/airflow/example_dags/example_bash_decorator.py took 0.048 seconds
[2026-07-25T09:18:36.604+0000] {processor.py:186} INFO - Started process (PID=454) to work on /home/airflow/.local/lib/python3.12/site-packages/airflow/example_dags/example_bash_decorator.py
[2026-07-25T09:18:36.605+0000] {processor.py:914} INFO - Processing file /home/airflow/.local/lib/python3.12/site-packages/airflow/example_dags/example_bash_decorator.py for tasks to queue
[2026-07-25T09:18:36.607+0000] {logging_mixin.py:190} INFO - [2026-07-25T09:18:36.607+0000] {dagbag.py:588} INFO - Filling up the DagBag from /home/airflow/.local/lib/python3.12/site-packages/airflow/example_dags/example_bash_decorator.py
[2026-07-25T09:18:36.617+0000] {processor.py:925} INFO - DAG(s) 'example_bash_decorator' retrieved from /home/airflow/.local/lib/python3.12/site-packages/airflow/example_dags/example_bash_decorator.py
[2026-07-25T09:18:36.633+0000] {logging_mixin.py:190} INFO - [2026-07-25T09:18:36.633+0000] {dag.py:3239} INFO - Sync 1 DAGs
[2026-07-25T09:18:36.643+0000] {logging_mixin.py:190} INFO - [2026-07-25T09:18:36.643+0000] {dag.py:4180} INFO - Setting next_dagrun for example_bash_decorator to None, run_after=None
[2026-07-25T09:18:36.655+0000] {processor.py:208} INFO - Processing /home/airflow/.local/lib/python3.12/site-packages/airflow/example_dags/example_bash_decorator.py took 0.053 seconds
[2026-07-25T09:19:06.768+0000] {processor.py:186} INFO - Started process (PID=516) to work on /home/airflow/.local/lib/python3.12/site-packages/airflow/example_dags/example_bash_decorator.py
[2026-07-25T09:19:06.769+0000] {processor.py:914} INFO - Processing file /home/airflow/.local/lib/python3.12/site-packages/airflow/example_dags/example_bash_decorator.py for tasks to queue
[2026-07-25T09:19:06.771+0000] {logging_mixin.py:190} INFO - [2026-07-25T09:19:06.771+0000] {dagbag.py:588} INFO - Filling up the DagBag from /home/airflow/.local/lib/python3.12/site-packages/airflow/example_dags/example_bash_decorator.py
[2026-07-25T09:19:06.780+0000] {processor.py:925} INFO - DAG(s) 'example_bash_decorator' retrieved from /home/airflow/.local/lib/python3.12/site-packages/airflow/example_dags/example_bash_decorator.py
[2026-07-25T09:19:06.795+0000] {logging_mixin.py:190} INFO - [2026-07-25T09:19:06.795+0000] {dag.py:3239} INFO - Sync 1 DAGs
[2026-07-25T09:19:06.804+0000] {logging_mixin.py:190} INFO - [2026-07-25T09:19:06.804+0000] {dag.py:4180} INFO - Setting next_dagrun for example_bash_decorator to None, run_after=None
[2026-07-25T09:19:06.814+0000] {processor.py:208} INFO - Processing /home/airflow/.local/lib/python3.12/site-packages/airflow/example_dags/example_bash_decorator.py took 0.051 seconds
[2026-07-25T09:20:44.719+0000] {processor.py:186} INFO - Started process (PID=77) to work on /home/airflow/.local/lib/python3.12/site-packages/airflow/example_dags/example_bash_decorator.py
[2026-07-25T09:20:44.720+0000] {processor.py:914} INFO - Processing file /home/airflow/.local/lib/python3.12/site-packages/airflow/example_dags/example_bash_decorator.py for tasks to queue
[2026-07-25T09:20:44.724+0000] {logging_mixin.py:190} INFO - [2026-07-25T09:20:44.723+0000] {dagbag.py:588} INFO - Filling up the DagBag from /home/airflow/.local/lib/python3.12/site-packages/airflow/example_dags/example_bash_decorator.py
[2026-07-25T09:20:44.738+0000] {processor.py:925} INFO - DAG(s) 'example_bash_decorator' retrieved from /home/airflow/.local/lib/python3.12/site-packages/airflow/example_dags/example_bash_decorator.py
[2026-07-25T09:20:44.878+0000] {logging_mixin.py:190} INFO - [2026-07-25T09:20:44.877+0000] {dag.py:3239} INFO - Sync 1 DAGs
[2026-07-25T09:20:44.890+0000] {logging_mixin.py:190} INFO - [2026-07-25T09:20:44.890+0000] {dag.py:4180} INFO - Setting next_dagrun for example_bash_decorator to None, run_after=None
[2026-07-25T09:20:44.906+0000] {processor.py:208} INFO - Processing /home/airflow/.local/lib/python3.12/site-packages/airflow/example_dags/example_bash_decorator.py took 0.193 seconds
[2026-07-25T09:21:15.637+0000] {processor.py:186} INFO - Started process (PID=140) to work on /home/airflow/.local/lib/python3.12/site-packages/airflow/example_dags/example_bash_decorator.py
[2026-07-25T09:21:15.638+0000] {processor.py:914} INFO - Processing file /home/airflow/.local/lib/python3.12/site-packages/airflow/example_dags/example_bash_decorator.py for tasks to queue
[2026-07-25T09:21:15.640+0000] {logging_mixin.py:190} INFO - [2026-07-25T09:21:15.639+0000] {dagbag.py:588} INFO - Filling up the DagBag from /home/airflow/.local/lib/python3.12/site-packages/airflow/example_dags/example_bash_decorator.py
[2026-07-25T09:21:15.649+0000] {processor.py:925} INFO - DAG(s) 'example_bash_decorator' retrieved from /home/airflow/.local/lib/python3.12/site-packages/airflow/example_dags/example_bash_decorator.py
[2026-07-25T09:21:15.665+0000] {logging_mixin.py:190} INFO - [2026-07-25T09:21:15.665+0000] {dag.py:3239} INFO - Sync 1 DAGs
[2026-07-25T09:21:15.673+0000] {logging_mixin.py:190} INFO - [2026-07-25T09:21:15.673+0000] {dag.py:4180} INFO - Setting next_dagrun for example_bash_decorator to None, run_after=None
[2026-07-25T09:21:15.684+0000] {processor.py:208} INFO - Processing /home/airflow/.local/lib/python3.12/site-packages/airflow/example_dags/example_bash_decorator.py took 0.052 seconds
[2026-07-25T09:21:45.780+0000] {processor.py:186} INFO - Started process (PID=203) to work on /home/airflow/.local/lib/python3.12/site-packages/airflow/example_dags/example_bash_decorator.py
[2026-07-25T09:21:45.781+0000] {processor.py:914} INFO - Processing file /home/airflow/.local/lib/python3.12/site-packages/airflow/example_dags/example_bash_decorator.py for tasks to queue
[2026-07-25T09:21:45.783+0000] {logging_mixin.py:190} INFO - [2026-07-25T09:21:45.783+0000] {dagbag.py:588} INFO - Filling up the DagBag from /home/airflow/.local/lib/python3.12/site-packages/airflow/example_dags/example_bash_decorator.py
[2026-07-25T09:21:45.793+0000] {processor.py:925} INFO - DAG(s) 'example_bash_decorator' retrieved from /home/airflow/.local/lib/python3.12/site-packages/airflow/example_dags/example_bash_decorator.py
[2026-07-25T09:21:45.807+0000] {logging_mixin.py:190} INFO - [2026-07-25T09:21:45.807+0000] {dag.py:3239} INFO - Sync 1 DAGs
[2026-07-25T09:21:45.816+0000] {logging_mixin.py:190} INFO - [2026-07-25T09:21:45.816+0000] {dag.py:4180} INFO - Setting next_dagrun for example_bash_decorator to None, run_after=None
[2026-07-25T09:21:45.827+0000] {processor.py:208} INFO - Processing /home/airflow/.local/lib/python3.12/site-packages/airflow/example_dags/example_bash_decorator.py took 0.050 seconds
[2026-07-25T09:22:16.226+0000] {processor.py:186} INFO - Started process (PID=272) to work on /home/airflow/.local/lib/python3.12/site-packages/airflow/example_dags/example_bash_decorator.py
[2026-07-25T09:22:16.227+0000] {processor.py:914} INFO - Processing file /home/airflow/.local/lib/python3.12/site-packages/airflow/example_dags/example_bash_decorator.py for tasks to queue
[2026-07-25T09:22:16.230+0000] {logging_mixin.py:190} INFO - [2026-07-25T09:22:16.229+0000] {dagbag.py:588} INFO - Filling up the DagBag from /home/airflow/.local/lib/python3.12/site-packages/airflow/example_dags/example_bash_decorator.py
[2026-07-25T09:22:16.241+0000] {processor.py:925} INFO - DAG(s) 'example_bash_decorator' retrieved from /home/airflow/.local/lib/python3.12/site-packages/airflow/example_dags/example_bash_decorator.py
[2026-07-25T09:22:16.257+0000] {logging_mixin.py:190} INFO - [2026-07-25T09:22:16.257+0000] {dag.py:3239} INFO - Sync 1 DAGs
[2026-07-25T09:22:16.268+0000] {logging_mixin.py:190} INFO - [2026-07-25T09:22:16.268+0000] {dag.py:4180} INFO - Setting next_dagrun for example_bash_decorator to None, run_after=None
[2026-07-25T09:22:16.279+0000] {processor.py:208} INFO - Processing /home/airflow/.local/lib/python3.12/site-packages/airflow/example_dags/example_bash_decorator.py took 0.057 seconds
[2026-07-25T09:23:56.495+0000] {processor.py:186} INFO - Started process (PID=77) to work on /home/airflow/.local/lib/python3.12/site-packages/airflow/example_dags/example_bash_decorator.py
[2026-07-25T09:23:56.497+0000] {processor.py:914} INFO - Processing file /home/airflow/.local/lib/python3.12/site-packages/airflow/example_dags/example_bash_decorator.py for tasks to queue
[2026-07-25T09:23:56.500+0000] {logging_mixin.py:190} INFO - [2026-07-25T09:23:56.500+0000] {dagbag.py:588} INFO - Filling up the DagBag from /home/airflow/.local/lib/python3.12/site-packages/airflow/example_dags/example_bash_decorator.py
[2026-07-25T09:23:56.527+0000] {processor.py:925} INFO - DAG(s) 'example_bash_decorator' retrieved from /home/airflow/.local/lib/python3.12/site-packages/airflow/example_dags/example_bash_decorator.py
[2026-07-25T09:23:56.645+0000] {logging_mixin.py:190} INFO - [2026-07-25T09:23:56.644+0000] {dag.py:3239} INFO - Sync 1 DAGs
[2026-07-25T09:23:56.657+0000] {logging_mixin.py:190} INFO - [2026-07-25T09:23:56.657+0000] {dag.py:4180} INFO - Setting next_dagrun for example_bash_decorator to None, run_after=None
[2026-07-25T09:23:56.673+0000] {processor.py:208} INFO - Processing /home/airflow/.local/lib/python3.12/site-packages/airflow/example_dags/example_bash_decorator.py took 0.183 seconds
[2026-07-25T09:24:28.215+0000] {processor.py:186} INFO - Started process (PID=146) to work on /home/airflow/.local/lib/python3.12/site-packages/airflow/example_dags/example_bash_decorator.py
[2026-07-25T09:24:28.216+0000] {processor.py:914} INFO - Processing file /home/airflow/.local/lib/python3.12/site-packages/airflow/example_dags/example_bash_decorator.py for tasks to queue
[2026-07-25T09:24:28.218+0000] {logging_mixin.py:190} INFO - [2026-07-25T09:24:28.217+0000] {dagbag.py:588} INFO - Filling up the DagBag from /home/airflow/.local/lib/python3.12/site-packages/airflow/example_dags/example_bash_decorator.py
[2026-07-25T09:24:28.226+0000] {processor.py:925} INFO - DAG(s) 'example_bash_decorator' retrieved from /home/airflow/.local/lib/python3.12/site-packages/airflow/example_dags/example_bash_decorator.py
[2026-07-25T09:24:28.241+0000] {logging_mixin.py:190} INFO - [2026-07-25T09:24:28.240+0000] {dag.py:3239} INFO - Sync 1 DAGs
[2026-07-25T09:24:28.249+0000] {logging_mixin.py:190} INFO - [2026-07-25T09:24:28.249+0000] {dag.py:4180} INFO - Setting next_dagrun for example_bash_decorator to None, run_after=None
[2026-07-25T09:24:28.261+0000] {processor.py:208} INFO - Processing /home/airflow/.local/lib/python3.12/site-packages/airflow/example_dags/example_bash_decorator.py took 0.050 seconds
[2026-07-25T09:24:58.803+0000] {processor.py:186} INFO - Started process (PID=209) to work on /home/airflow/.local/lib/python3.12/site-packages/airflow/example_dags/example_bash_decorator.py
[2026-07-25T09:24:58.804+0000] {processor.py:914} INFO - Processing file /home/airflow/.local/lib/python3.12/site-packages/airflow/example_dags/example_bash_decorator.py for tasks to queue
[2026-07-25T09:24:58.806+0000] {logging_mixin.py:190} INFO - [2026-07-25T09:24:58.805+0000] {dagbag.py:588} INFO - Filling up the DagBag from /home/airflow/.local/lib/python3.12/site-packages/airflow/example_dags/example_bash_decorator.py
[2026-07-25T09:24:58.814+0000] {processor.py:925} INFO - DAG(s) 'example_bash_decorator' retrieved from /home/airflow/.local/lib/python3.12/site-packages/airflow/example_dags/example_bash_decorator.py
[2026-07-25T09:24:58.828+0000] {logging_mixin.py:190} INFO - [2026-07-25T09:24:58.828+0000] {dag.py:3239} INFO - Sync 1 DAGs
[2026-07-25T09:24:58.836+0000] {logging_mixin.py:190} INFO - [2026-07-25T09:24:58.836+0000] {dag.py:4180} INFO - Setting next_dagrun for example_bash_decorator to None, run_after=None
[2026-07-25T09:24:58.847+0000] {processor.py:208} INFO - Processing /home/airflow/.local/lib/python3.12/site-packages/airflow/example_dags/example_bash_decorator.py took 0.048 seconds
[2026-07-25T09:25:29.771+0000] {processor.py:186} INFO - Started process (PID=272) to work on /home/airflow/.local/lib/python3.12/site-packages/airflow/example_dags/example_bash_decorator.py
[2026-07-25T09:25:29.772+0000] {processor.py:914} INFO - Processing file /home/airflow/.local/lib/python3.12/site-packages/airflow/example_dags/example_bash_decorator.py for tasks to queue
[2026-07-25T09:25:29.774+0000] {logging_mixin.py:190} INFO - [2026-07-25T09:25:29.774+0000] {dagbag.py:588} INFO - Filling up the DagBag from /home/airflow/.local/lib/python3.12/site-packages/airflow/example_dags/example_bash_decorator.py
[2026-07-25T09:25:29.787+0000] {processor.py:925} INFO - DAG(s) 'example_bash_decorator' retrieved from /home/airflow/.local/lib/python3.12/site-packages/airflow/example_dags/example_bash_decorator.py
[2026-07-25T09:25:29.805+0000] {logging_mixin.py:190} INFO - [2026-07-25T09:25:29.805+0000] {dag.py:3239} INFO - Sync 1 DAGs
[2026-07-25T09:25:29.816+0000] {logging_mixin.py:190} INFO - [2026-07-25T09:25:29.816+0000] {dag.py:4180} INFO - Setting next_dagrun for example_bash_decorator to None, run_after=None
[2026-07-25T09:25:29.828+0000] {processor.py:208} INFO - Processing /home/airflow/.local/lib/python3.12/site-packages/airflow/example_dags/example_bash_decorator.py took 0.062 seconds
[2026-07-25T09:26:49.461+0000] {processor.py:186} INFO - Started process (PID=77) to work on /home/airflow/.local/lib/python3.12/site-packages/airflow/example_dags/example_bash_decorator.py
[2026-07-25T09:26:49.462+0000] {processor.py:914} INFO - Processing file /home/airflow/.local/lib/python3.12/site-packages/airflow/example_dags/example_bash_decorator.py for tasks to queue
[2026-07-25T09:26:49.465+0000] {logging_mixin.py:190} INFO - [2026-07-25T09:26:49.465+0000] {dagbag.py:588} INFO - Filling up the DagBag from /home/airflow/.local/lib/python3.12/site-packages/airflow/example_dags/example_bash_decorator.py
[2026-07-25T09:26:49.480+0000] {processor.py:925} INFO - DAG(s) 'example_bash_decorator' retrieved from /home/airflow/.local/lib/python3.12/site-packages/airflow/example_dags/example_bash_decorator.py
[2026-07-25T09:26:49.556+0000] {logging_mixin.py:190} INFO - [2026-07-25T09:26:49.556+0000] {override.py:1932} INFO - Created Permission View: can edit on DAG:example_bash_decorator
[2026-07-25T09:26:49.563+0000] {logging_mixin.py:190} INFO - [2026-07-25T09:26:49.563+0000] {override.py:1932} INFO - Created Permission View: can read on DAG:example_bash_decorator
[2026-07-25T09:26:49.568+0000] {logging_mixin.py:190} INFO - [2026-07-25T09:26:49.568+0000] {override.py:1932} INFO - Created Permission View: can delete on DAG:example_bash_decorator
[2026-07-25T09:26:49.575+0000] {logging_mixin.py:190} INFO - [2026-07-25T09:26:49.575+0000] {override.py:1932} INFO - Created Permission View: menu access on DAG Run:example_bash_decorator
[2026-07-25T09:26:49.580+0000] {logging_mixin.py:190} INFO - [2026-07-25T09:26:49.580+0000] {override.py:1932} INFO - Created Permission View: can read on DAG Run:example_bash_decorator
[2026-07-25T09:26:49.585+0000] {logging_mixin.py:190} INFO - [2026-07-25T09:26:49.585+0000] {override.py:1932} INFO - Created Permission View: can create on DAG Run:example_bash_decorator
[2026-07-25T09:26:49.590+0000] {logging_mixin.py:190} INFO - [2026-07-25T09:26:49.590+0000] {override.py:1932} INFO - Created Permission View: can delete on DAG Run:example_bash_decorator
[2026-07-25T09:26:49.590+0000] {logging_mixin.py:190} INFO - [2026-07-25T09:26:49.590+0000] {dag.py:3239} INFO - Sync 1 DAGs
[2026-07-25T09:26:49.598+0000] {logging_mixin.py:190} INFO - [2026-07-25T09:26:49.598+0000] {dag.py:3262} INFO - Creating ORM DAG for example_bash_decorator
[2026-07-25T09:26:49.599+0000] {logging_mixin.py:190} INFO - [2026-07-25T09:26:49.599+0000] {dag.py:4180} INFO - Setting next_dagrun for example_bash_decorator to None, run_after=None
[2026-07-25T09:26:49.608+0000] {processor.py:208} INFO - Processing /home/airflow/.local/lib/python3.12/site-packages/airflow/example_dags/example_bash_decorator.py took 0.153 seconds
[2026-07-25T09:27:20.246+0000] {processor.py:186} INFO - Started process (PID=146) to work on /home/airflow/.local/lib/python3.12/site-packages/airflow/example_dags/example_bash_decorator.py
[2026-07-25T09:27:20.247+0000] {processor.py:914} INFO - Processing file /home/airflow/.local/lib/python3.12/site-packages/airflow/example_dags/example_bash_decorator.py for tasks to queue
[2026-07-25T09:27:20.249+0000] {logging_mixin.py:190} INFO - [2026-07-25T09:27:20.249+0000] {dagbag.py:588} INFO - Filling up the DagBag from /home/airflow/.local/lib/python3.12/site-packages/airflow/example_dags/example_bash_decorator.py
[2026-07-25T09:27:20.259+0000] {processor.py:925} INFO - DAG(s) 'example_bash_decorator' retrieved from /home/airflow/.local/lib/python3.12/site-packages/airflow/example_dags/example_bash_decorator.py
[2026-07-25T09:27:20.274+0000] {logging_mixin.py:190} INFO - [2026-07-25T09:27:20.273+0000] {dag.py:3239} INFO - Sync 1 DAGs
[2026-07-25T09:27:20.282+0000] {logging_mixin.py:190} INFO - [2026-07-25T09:27:20.282+0000] {dag.py:4180} INFO - Setting next_dagrun for example_bash_decorator to None, run_after=None
[2026-07-25T09:27:20.299+0000] {processor.py:208} INFO - Processing /home/airflow/.local/lib/python3.12/site-packages/airflow/example_dags/example_bash_decorator.py took 0.057 seconds
[2026-07-25T09:27:50.542+0000] {processor.py:186} INFO - Started process (PID=209) to work on /home/airflow/.local/lib/python3.12/site-packages/airflow/example_dags/example_bash_decorator.py
[2026-07-25T09:27:50.543+0000] {processor.py:914} INFO - Processing file /home/airflow/.local/lib/python3.12/site-packages/airflow/example_dags/example_bash_decorator.py for tasks to queue
[2026-07-25T09:27:50.545+0000] {logging_mixin.py:190} INFO - [2026-07-25T09:27:50.545+0000] {dagbag.py:588} INFO - Filling up the DagBag from /home/airflow/.local/lib/python3.12/site-packages/airflow/example_dags/example_bash_decorator.py
[2026-07-25T09:27:50.554+0000] {processor.py:925} INFO - DAG(s) 'example_bash_decorator' retrieved from /home/airflow/.local/lib/python3.12/site-packages/airflow/example_dags/example_bash_decorator.py
[2026-07-25T09:27:50.570+0000] {logging_mixin.py:190} INFO - [2026-07-25T09:27:50.570+0000] {dag.py:3239} INFO - Sync 1 DAGs
[2026-07-25T09:27:50.578+0000] {logging_mixin.py:190} INFO - [2026-07-25T09:27:50.578+0000] {dag.py:4180} INFO - Setting next_dagrun for example_bash_decorator to None, run_after=None
[2026-07-25T09:27:50.601+0000] {processor.py:208} INFO - Processing /home/airflow/.local/lib/python3.12/site-packages/airflow/example_dags/example_bash_decorator.py took 0.063 seconds
[2026-07-25T09:28:20.884+0000] {processor.py:186} INFO - Started process (PID=272) to work on /home/airflow/.local/lib/python3.12/site-packages/airflow/example_dags/example_bash_decorator.py
[2026-07-25T09:28:20.885+0000] {processor.py:914} INFO - Processing file /home/airflow/.local/lib/python3.12/site-packages/airflow/example_dags/example_bash_decorator.py for tasks to queue
[2026-07-25T09:28:20.887+0000] {logging_mixin.py:190} INFO - [2026-07-25T09:28:20.887+0000] {dagbag.py:588} INFO - Filling up the DagBag from /home/airflow/.local/lib/python3.12/site-packages/airflow/example_dags/example_bash_decorator.py
[2026-07-25T09:28:20.899+0000] {processor.py:925} INFO - DAG(s) 'example_bash_decorator' retrieved from /home/airflow/.local/lib/python3.12/site-packages/airflow/example_dags/example_bash_decorator.py
[2026-07-25T09:28:20.918+0000] {logging_mixin.py:190} INFO - [2026-07-25T09:28:20.918+0000] {dag.py:3239} INFO - Sync 1 DAGs
[2026-07-25T09:28:20.930+0000] {logging_mixin.py:190} INFO - [2026-07-25T09:28:20.930+0000] {dag.py:4180} INFO - Setting next_dagrun for example_bash_decorator to None, run_after=None
[2026-07-25T09:28:20.943+0000] {processor.py:208} INFO - Processing /home/airflow/.local/lib/python3.12/site-packages/airflow/example_dags/example_bash_decorator.py took 0.064 seconds
[2026-07-25T09:28:51.500+0000] {processor.py:186} INFO - Started process (PID=335) to work on /home/airflow/.local/lib/python3.12/site-packages/airflow/example_dags/example_bash_decorator.py
[2026-07-25T09:28:51.501+0000] {processor.py:914} INFO - Processing file /home/airflow/.local/lib/python3.12/site-packages/airflow/example_dags/example_bash_decorator.py for tasks to queue
[2026-07-25T09:28:51.503+0000] {logging_mixin.py:190} INFO - [2026-07-25T09:28:51.502+0000] {dagbag.py:588} INFO - Filling up the DagBag from /home/airflow/.local/lib/python3.12/site-packages/airflow/example_dags/example_bash_decorator.py
[2026-07-25T09:28:51.512+0000] {processor.py:925} INFO - DAG(s) 'example_bash_decorator' retrieved from /home/airflow/.local/lib/python3.12/site-packages/airflow/example_dags/example_bash_decorator.py
[2026-07-25T09:28:51.528+0000] {logging_mixin.py:190} INFO - [2026-07-25T09:28:51.528+0000] {dag.py:3239} INFO - Sync 1 DAGs
[2026-07-25T09:28:51.537+0000] {logging_mixin.py:190} INFO - [2026-07-25T09:28:51.537+0000] {dag.py:4180} INFO - Setting next_dagrun for example_bash_decorator to None, run_after=None
[2026-07-25T09:28:51.550+0000] {processor.py:208} INFO - Processing /home/airflow/.local/lib/python3.12/site-packages/airflow/example_dags/example_bash_decorator.py took 0.054 seconds
[2026-07-25T09:29:23.704+0000] {processor.py:186} INFO - Started process (PID=398) to work on /home/airflow/.local/lib/python3.12/site-packages/airflow/example_dags/example_bash_decorator.py
[2026-07-25T09:29:23.705+0000] {processor.py:914} INFO - Processing file /home/airflow/.local/lib/python3.12/site-packages/airflow/example_dags/example_bash_decorator.py for tasks to queue
[2026-07-25T09:29:23.707+0000] {logging_mixin.py:190} INFO - [2026-07-25T09:29:23.707+0000] {dagbag.py:588} INFO - Filling up the DagBag from /home/airflow/.local/lib/python3.12/site-packages/airflow/example_dags/example_bash_decorator.py
[2026-07-25T09:29:23.716+0000] {processor.py:925} INFO - DAG(s) 'example_bash_decorator' retrieved from /home/airflow/.local/lib/python3.12/site-packages/airflow/example_dags/example_bash_decorator.py
[2026-07-25T09:29:23.731+0000] {logging_mixin.py:190} INFO - [2026-07-25T09:29:23.731+0000] {dag.py:3239} INFO - Sync 1 DAGs
[2026-07-25T09:29:23.740+0000] {logging_mixin.py:190} INFO - [2026-07-25T09:29:23.740+0000] {dag.py:4180} INFO - Setting next_dagrun for example_bash_decorator to None, run_after=None
[2026-07-25T09:29:23.753+0000] {processor.py:208} INFO - Processing /home/airflow/.local/lib/python3.12/site-packages/airflow/example_dags/example_bash_decorator.py took 0.052 seconds
[2026-07-25T09:29:57.305+0000] {processor.py:186} INFO - Started process (PID=461) to work on /home/airflow/.local/lib/python3.12/site-packages/airflow/example_dags/example_bash_decorator.py
[2026-07-25T09:29:57.306+0000] {processor.py:914} INFO - Processing file /home/airflow/.local/lib/python3.12/site-packages/airflow/example_dags/example_bash_decorator.py for tasks to queue
[2026-07-25T09:29:57.308+0000] {logging_mixin.py:190} INFO - [2026-07-25T09:29:57.308+0000] {dagbag.py:588} INFO - Filling up the DagBag from /home/airflow/.local/lib/python3.12/site-packages/airflow/example_dags/example_bash_decorator.py
[2026-07-25T09:29:57.318+0000] {processor.py:925} INFO - DAG(s) 'example_bash_decorator' retrieved from /home/airflow/.local/lib/python3.12/site-packages/airflow/example_dags/example_bash_decorator.py
[2026-07-25T09:29:57.333+0000] {logging_mixin.py:190} INFO - [2026-07-25T09:29:57.333+0000] {dag.py:3239} INFO - Sync 1 DAGs
[2026-07-25T09:29:57.342+0000] {logging_mixin.py:190} INFO - [2026-07-25T09:29:57.342+0000] {dag.py:4180} INFO - Setting next_dagrun for example_bash_decorator to None, run_after=None
[2026-07-25T09:29:57.354+0000] {processor.py:208} INFO - Processing /home/airflow/.local/lib/python3.12/site-packages/airflow/example_dags/example_bash_decorator.py took 0.053 seconds
[2026-07-25T09:30:28.366+0000] {processor.py:186} INFO - Started process (PID=523) to work on /home/airflow/.local/lib/python3.12/site-packages/airflow/example_dags/example_bash_decorator.py
[2026-07-25T09:30:28.367+0000] {processor.py:914} INFO - Processing file /home/airflow/.local/lib/python3.12/site-packages/airflow/example_dags/example_bash_decorator.py for tasks to queue
[2026-07-25T09:30:28.369+0000] {logging_mixin.py:190} INFO - [2026-07-25T09:30:28.369+0000] {dagbag.py:588} INFO - Filling up the DagBag from /home/airflow/.local/lib/python3.12/site-packages/airflow/example_dags/example_bash_decorator.py
[2026-07-25T09:30:28.379+0000] {processor.py:925} INFO - DAG(s) 'example_bash_decorator' retrieved from /home/airflow/.local/lib/python3.12/site-packages/airflow/example_dags/example_bash_decorator.py
[2026-07-25T09:30:28.394+0000] {logging_mixin.py:190} INFO - [2026-07-25T09:30:28.394+0000] {dag.py:3239} INFO - Sync 1 DAGs
[2026-07-25T09:30:28.403+0000] {logging_mixin.py:190} INFO - [2026-07-25T09:30:28.403+0000] {dag.py:4180} INFO - Setting next_dagrun for example_bash_decorator to None, run_after=None
[2026-07-25T09:30:28.414+0000] {processor.py:208} INFO - Processing /home/airflow/.local/lib/python3.12/site-packages/airflow/example_dags/example_bash_decorator.py took 0.052 seconds
