[2026-07-25T09:06:27.575+0000] {processor.py:186} INFO - Started process (PID=118) to work on /home/airflow/.local/lib/python3.12/site-packages/airflow/example_dags/example_branch_datetime_operator.py
[2026-07-25T09:06:27.576+0000] {processor.py:914} INFO - Processing file /home/airflow/.local/lib/python3.12/site-packages/airflow/example_dags/example_branch_datetime_operator.py for tasks to queue
[2026-07-25T09:06:27.578+0000] {logging_mixin.py:190} INFO - [2026-07-25T09:06:27.578+0000] {dagbag.py:588} INFO - Filling up the DagBag from /home/airflow/.local/lib/python3.12/site-packages/airflow/example_dags/example_branch_datetime_operator.py
[2026-07-25T09:06:27.587+0000] {processor.py:925} INFO - DAG(s) 'example_branch_datetime_operator_2', 'example_branch_datetime_operator_3', 'example_branch_datetime_operator' retrieved from /home/airflow/.local/lib/python3.12/site-packages/airflow/example_dags/example_branch_datetime_operator.py
[2026-07-25T09:06:27.648+0000] {logging_mixin.py:190} INFO - [2026-07-25T09:06:27.648+0000] {override.py:1932} INFO - Created Permission View: can edit on DAG:example_branch_datetime_operator_2
[2026-07-25T09:06:27.656+0000] {logging_mixin.py:190} INFO - [2026-07-25T09:06:27.656+0000] {override.py:1932} INFO - Created Permission View: can read on DAG:example_branch_datetime_operator_2
[2026-07-25T09:06:27.664+0000] {logging_mixin.py:190} INFO - [2026-07-25T09:06:27.664+0000] {override.py:1932} INFO - Created Permission View: can delete on DAG:example_branch_datetime_operator_2
[2026-07-25T09:06:27.672+0000] {logging_mixin.py:190} INFO - [2026-07-25T09:06:27.672+0000] {override.py:1932} INFO - Created Permission View: can create on DAG Run:example_branch_datetime_operator_2
[2026-07-25T09:06:27.677+0000] {logging_mixin.py:190} INFO - [2026-07-25T09:06:27.677+0000] {override.py:1932} INFO - Created Permission View: can read on DAG Run:example_branch_datetime_operator_2
[2026-07-25T09:06:27.682+0000] {logging_mixin.py:190} INFO - [2026-07-25T09:06:27.682+0000] {override.py:1932} INFO - Created Permission View: can delete on DAG Run:example_branch_datetime_operator_2
[2026-07-25T09:06:27.688+0000] {logging_mixin.py:190} INFO - [2026-07-25T09:06:27.688+0000] {override.py:1932} INFO - Created Permission View: menu access on DAG Run:example_branch_datetime_operator_2
[2026-07-25T09:06:27.699+0000] {logging_mixin.py:190} INFO - [2026-07-25T09:06:27.699+0000] {override.py:1932} INFO - Created Permission View: can edit on DAG:example_branch_datetime_operator_3
[2026-07-25T09:06:27.704+0000] {logging_mixin.py:190} INFO - [2026-07-25T09:06:27.704+0000] {override.py:1932} INFO - Created Permission View: can read on DAG:example_branch_datetime_operator_3
[2026-07-25T09:06:27.709+0000] {logging_mixin.py:190} INFO - [2026-07-25T09:06:27.709+0000] {override.py:1932} INFO - Created Permission View: can delete on DAG:example_branch_datetime_operator_3
[2026-07-25T09:06:27.715+0000] {logging_mixin.py:190} INFO - [2026-07-25T09:06:27.714+0000] {override.py:1932} INFO - Created Permission View: can create on DAG Run:example_branch_datetime_operator_3
[2026-07-25T09:06:27.720+0000] {logging_mixin.py:190} INFO - [2026-07-25T09:06:27.720+0000] {override.py:1932} INFO - Created Permission View: can read on DAG Run:example_branch_datetime_operator_3
[2026-07-25T09:06:27.724+0000] {logging_mixin.py:190} INFO - [2026-07-25T09:06:27.724+0000] {override.py:1932} INFO - Created Permission View: can delete on DAG Run:example_branch_datetime_operator_3
[2026-07-25T09:06:27.729+0000] {logging_mixin.py:190} INFO - [2026-07-25T09:06:27.729+0000] {override.py:1932} INFO - Created Permission View: menu access on DAG Run:example_branch_datetime_operator_3
[2026-07-25T09:06:27.738+0000] {logging_mixin.py:190} INFO - [2026-07-25T09:06:27.738+0000] {override.py:1932} INFO - Created Permission View: can edit on DAG:example_branch_datetime_operator
[2026-07-25T09:06:27.744+0000] {logging_mixin.py:190} INFO - [2026-07-25T09:06:27.744+0000] {override.py:1932} INFO - Created Permission View: can read on DAG:example_branch_datetime_operator
[2026-07-25T09:06:27.748+0000] {logging_mixin.py:190} INFO - [2026-07-25T09:06:27.748+0000] {override.py:1932} INFO - Created Permission View: can delete on DAG:example_branch_datetime_operator
[2026-07-25T09:06:27.755+0000] {logging_mixin.py:190} INFO - [2026-07-25T09:06:27.755+0000] {override.py:1932} INFO - Created Permission View: can create on DAG Run:example_branch_datetime_operator
[2026-07-25T09:06:27.760+0000] {logging_mixin.py:190} INFO - [2026-07-25T09:06:27.760+0000] {override.py:1932} INFO - Created Permission View: can read on DAG Run:example_branch_datetime_operator
[2026-07-25T09:06:27.764+0000] {logging_mixin.py:190} INFO - [2026-07-25T09:06:27.764+0000] {override.py:1932} INFO - Created Permission View: can delete on DAG Run:example_branch_datetime_operator
[2026-07-25T09:06:27.769+0000] {logging_mixin.py:190} INFO - [2026-07-25T09:06:27.769+0000] {override.py:1932} INFO - Created Permission View: menu access on DAG Run:example_branch_datetime_operator
[2026-07-25T09:06:27.770+0000] {logging_mixin.py:190} INFO - [2026-07-25T09:06:27.769+0000] {dag.py:3239} INFO - Sync 3 DAGs
[2026-07-25T09:06:27.777+0000] {logging_mixin.py:190} INFO - [2026-07-25T09:06:27.777+0000] {dag.py:3262} INFO - Creating ORM DAG for example_branch_datetime_operator_3
[2026-07-25T09:06:27.778+0000] {logging_mixin.py:190} INFO - [2026-07-25T09:06:27.778+0000] {dag.py:3262} INFO - Creating ORM DAG for example_branch_datetime_operator_2
[2026-07-25T09:06:27.778+0000] {logging_mixin.py:190} INFO - [2026-07-25T09:06:27.778+0000] {dag.py:3262} INFO - Creating ORM DAG for example_branch_datetime_operator
[2026-07-25T09:06:27.784+0000] {logging_mixin.py:190} INFO - [2026-07-25T09:06:27.784+0000] {dag.py:4180} INFO - Setting next_dagrun for example_branch_datetime_operator to 2026-07-24 00:00:00+00:00, run_after=2026-07-25 00:00:00+00:00
[2026-07-25T09:06:27.785+0000] {logging_mixin.py:190} INFO - [2026-07-25T09:06:27.785+0000] {dag.py:4180} INFO - Setting next_dagrun for example_branch_datetime_operator_2 to 2026-07-24 00:00:00+00:00, run_after=2026-07-25 00:00:00+00:00
[2026-07-25T09:06:27.786+0000] {logging_mixin.py:190} INFO - [2026-07-25T09:06:27.786+0000] {dag.py:4180} INFO - Setting next_dagrun for example_branch_datetime_operator_3 to 2026-07-24 00:00:00+00:00, run_after=2026-07-25 00:00:00+00:00
[2026-07-25T09:06:27.797+0000] {processor.py:208} INFO - Processing /home/airflow/.local/lib/python3.12/site-packages/airflow/example_dags/example_branch_datetime_operator.py took 0.225 seconds
[2026-07-25T09:07:01.815+0000] {processor.py:186} INFO - Started process (PID=182) to work on /home/airflow/.local/lib/python3.12/site-packages/airflow/example_dags/example_branch_datetime_operator.py
[2026-07-25T09:07:01.816+0000] {processor.py:914} INFO - Processing file /home/airflow/.local/lib/python3.12/site-packages/airflow/example_dags/example_branch_datetime_operator.py for tasks to queue
[2026-07-25T09:07:01.818+0000] {logging_mixin.py:190} INFO - [2026-07-25T09:07:01.817+0000] {dagbag.py:588} INFO - Filling up the DagBag from /home/airflow/.local/lib/python3.12/site-packages/airflow/example_dags/example_branch_datetime_operator.py
[2026-07-25T09:07:01.826+0000] {processor.py:925} INFO - DAG(s) 'example_branch_datetime_operator_2', 'example_branch_datetime_operator', 'example_branch_datetime_operator_3' retrieved from /home/airflow/.local/lib/python3.12/site-packages/airflow/example_dags/example_branch_datetime_operator.py
[2026-07-25T09:07:01.844+0000] {logging_mixin.py:190} INFO - [2026-07-25T09:07:01.843+0000] {dag.py:3239} INFO - Sync 3 DAGs
[2026-07-25T09:07:01.860+0000] {logging_mixin.py:190} INFO - [2026-07-25T09:07:01.859+0000] {dag.py:4180} INFO - Setting next_dagrun for example_branch_datetime_operator to 2026-07-24 00:00:00+00:00, run_after=2026-07-25 00:00:00+00:00
[2026-07-25T09:07:01.863+0000] {logging_mixin.py:190} INFO - [2026-07-25T09:07:01.862+0000] {dag.py:4180} INFO - Setting next_dagrun for example_branch_datetime_operator_2 to 2026-07-24 00:00:00+00:00, run_after=2026-07-25 00:00:00+00:00
[2026-07-25T09:07:01.865+0000] {logging_mixin.py:190} INFO - [2026-07-25T09:07:01.865+0000] {dag.py:4180} INFO - Setting next_dagrun for example_branch_datetime_operator_3 to 2026-07-24 00:00:00+00:00, run_after=2026-07-25 00:00:00+00:00
[2026-07-25T09:07:01.875+0000] {processor.py:208} INFO - Processing /home/airflow/.local/lib/python3.12/site-packages/airflow/example_dags/example_branch_datetime_operator.py took 0.063 seconds
[2026-07-25T09:07:36.297+0000] {processor.py:186} INFO - Started process (PID=244) to work on /home/airflow/.local/lib/python3.12/site-packages/airflow/example_dags/example_branch_datetime_operator.py
[2026-07-25T09:07:36.297+0000] {processor.py:914} INFO - Processing file /home/airflow/.local/lib/python3.12/site-packages/airflow/example_dags/example_branch_datetime_operator.py for tasks to queue
[2026-07-25T09:07:36.299+0000] {logging_mixin.py:190} INFO - [2026-07-25T09:07:36.299+0000] {dagbag.py:588} INFO - Filling up the DagBag from /home/airflow/.local/lib/python3.12/site-packages/airflow/example_dags/example_branch_datetime_operator.py
[2026-07-25T09:07:36.308+0000] {processor.py:925} INFO - DAG(s) 'example_branch_datetime_operator_2', 'example_branch_datetime_operator', 'example_branch_datetime_operator_3' retrieved from /home/airflow/.local/lib/python3.12/site-packages/airflow/example_dags/example_branch_datetime_operator.py
[2026-07-25T09:07:36.324+0000] {logging_mixin.py:190} INFO - [2026-07-25T09:07:36.324+0000] {dag.py:3239} INFO - Sync 3 DAGs
[2026-07-25T09:07:36.339+0000] {logging_mixin.py:190} INFO - [2026-07-25T09:07:36.339+0000] {dag.py:4180} INFO - Setting next_dagrun for example_branch_datetime_operator to 2026-07-24 00:00:00+00:00, run_after=2026-07-25 00:00:00+00:00
[2026-07-25T09:07:36.341+0000] {logging_mixin.py:190} INFO - [2026-07-25T09:07:36.341+0000] {dag.py:4180} INFO - Setting next_dagrun for example_branch_datetime_operator_2 to 2026-07-24 00:00:00+00:00, run_after=2026-07-25 00:00:00+00:00
[2026-07-25T09:07:36.343+0000] {logging_mixin.py:190} INFO - [2026-07-25T09:07:36.343+0000] {dag.py:4180} INFO - Setting next_dagrun for example_branch_datetime_operator_3 to 2026-07-24 00:00:00+00:00, run_after=2026-07-25 00:00:00+00:00
[2026-07-25T09:07:36.353+0000] {processor.py:208} INFO - Processing /home/airflow/.local/lib/python3.12/site-packages/airflow/example_dags/example_branch_datetime_operator.py took 0.060 seconds
[2026-07-25T09:08:10.722+0000] {processor.py:186} INFO - Started process (PID=307) to work on /home/airflow/.local/lib/python3.12/site-packages/airflow/example_dags/example_branch_datetime_operator.py
[2026-07-25T09:08:10.723+0000] {processor.py:914} INFO - Processing file /home/airflow/.local/lib/python3.12/site-packages/airflow/example_dags/example_branch_datetime_operator.py for tasks to queue
[2026-07-25T09:08:10.725+0000] {logging_mixin.py:190} INFO - [2026-07-25T09:08:10.725+0000] {dagbag.py:588} INFO - Filling up the DagBag from /home/airflow/.local/lib/python3.12/site-packages/airflow/example_dags/example_branch_datetime_operator.py
[2026-07-25T09:08:10.736+0000] {processor.py:925} INFO - DAG(s) 'example_branch_datetime_operator_2', 'example_branch_datetime_operator', 'example_branch_datetime_operator_3' retrieved from /home/airflow/.local/lib/python3.12/site-packages/airflow/example_dags/example_branch_datetime_operator.py
[2026-07-25T09:08:10.754+0000] {logging_mixin.py:190} INFO - [2026-07-25T09:08:10.754+0000] {dag.py:3239} INFO - Sync 3 DAGs
[2026-07-25T09:08:10.770+0000] {logging_mixin.py:190} INFO - [2026-07-25T09:08:10.770+0000] {dag.py:4180} INFO - Setting next_dagrun for example_branch_datetime_operator to 2026-07-24 00:00:00+00:00, run_after=2026-07-25 00:00:00+00:00
[2026-07-25T09:08:10.772+0000] {logging_mixin.py:190} INFO - [2026-07-25T09:08:10.772+0000] {dag.py:4180} INFO - Setting next_dagrun for example_branch_datetime_operator_2 to 2026-07-24 00:00:00+00:00, run_after=2026-07-25 00:00:00+00:00
[2026-07-25T09:08:10.774+0000] {logging_mixin.py:190} INFO - [2026-07-25T09:08:10.774+0000] {dag.py:4180} INFO - Setting next_dagrun for example_branch_datetime_operator_3 to 2026-07-24 00:00:00+00:00, run_after=2026-07-25 00:00:00+00:00
[2026-07-25T09:08:10.784+0000] {processor.py:208} INFO - Processing /home/airflow/.local/lib/python3.12/site-packages/airflow/example_dags/example_branch_datetime_operator.py took 0.065 seconds
[2026-07-25T09:08:45.395+0000] {processor.py:186} INFO - Started process (PID=376) to work on /home/airflow/.local/lib/python3.12/site-packages/airflow/example_dags/example_branch_datetime_operator.py
[2026-07-25T09:08:45.396+0000] {processor.py:914} INFO - Processing file /home/airflow/.local/lib/python3.12/site-packages/airflow/example_dags/example_branch_datetime_operator.py for tasks to queue
[2026-07-25T09:08:45.398+0000] {logging_mixin.py:190} INFO - [2026-07-25T09:08:45.398+0000] {dagbag.py:588} INFO - Filling up the DagBag from /home/airflow/.local/lib/python3.12/site-packages/airflow/example_dags/example_branch_datetime_operator.py
[2026-07-25T09:08:45.406+0000] {processor.py:925} INFO - DAG(s) 'example_branch_datetime_operator_2', 'example_branch_datetime_operator_3', 'example_branch_datetime_operator' retrieved from /home/airflow/.local/lib/python3.12/site-packages/airflow/example_dags/example_branch_datetime_operator.py
[2026-07-25T09:08:45.422+0000] {logging_mixin.py:190} INFO - [2026-07-25T09:08:45.422+0000] {dag.py:3239} INFO - Sync 3 DAGs
[2026-07-25T09:08:45.436+0000] {logging_mixin.py:190} INFO - [2026-07-25T09:08:45.436+0000] {dag.py:4180} INFO - Setting next_dagrun for example_branch_datetime_operator to 2026-07-24 00:00:00+00:00, run_after=2026-07-25 00:00:00+00:00
[2026-07-25T09:08:45.439+0000] {logging_mixin.py:190} INFO - [2026-07-25T09:08:45.439+0000] {dag.py:4180} INFO - Setting next_dagrun for example_branch_datetime_operator_2 to 2026-07-24 00:00:00+00:00, run_after=2026-07-25 00:00:00+00:00
[2026-07-25T09:08:45.440+0000] {logging_mixin.py:190} INFO - [2026-07-25T09:08:45.440+0000] {dag.py:4180} INFO - Setting next_dagrun for example_branch_datetime_operator_3 to 2026-07-24 00:00:00+00:00, run_after=2026-07-25 00:00:00+00:00
[2026-07-25T09:08:45.450+0000] {processor.py:208} INFO - Processing /home/airflow/.local/lib/python3.12/site-packages/airflow/example_dags/example_branch_datetime_operator.py took 0.059 seconds
[2026-07-25T09:09:15.695+0000] {processor.py:186} INFO - Started process (PID=438) to work on /home/airflow/.local/lib/python3.12/site-packages/airflow/example_dags/example_branch_datetime_operator.py
[2026-07-25T09:09:15.696+0000] {processor.py:914} INFO - Processing file /home/airflow/.local/lib/python3.12/site-packages/airflow/example_dags/example_branch_datetime_operator.py for tasks to queue
[2026-07-25T09:09:15.698+0000] {logging_mixin.py:190} INFO - [2026-07-25T09:09:15.698+0000] {dagbag.py:588} INFO - Filling up the DagBag from /home/airflow/.local/lib/python3.12/site-packages/airflow/example_dags/example_branch_datetime_operator.py
[2026-07-25T09:09:15.706+0000] {processor.py:925} INFO - DAG(s) 'example_branch_datetime_operator', 'example_branch_datetime_operator_2', 'example_branch_datetime_operator_3' retrieved from /home/airflow/.local/lib/python3.12/site-packages/airflow/example_dags/example_branch_datetime_operator.py
[2026-07-25T09:09:15.722+0000] {logging_mixin.py:190} INFO - [2026-07-25T09:09:15.722+0000] {dag.py:3239} INFO - Sync 3 DAGs
[2026-07-25T09:09:15.737+0000] {logging_mixin.py:190} INFO - [2026-07-25T09:09:15.737+0000] {dag.py:4180} INFO - Setting next_dagrun for example_branch_datetime_operator to 2026-07-24 00:00:00+00:00, run_after=2026-07-25 00:00:00+00:00
[2026-07-25T09:09:15.740+0000] {logging_mixin.py:190} INFO - [2026-07-25T09:09:15.740+0000] {dag.py:4180} INFO - Setting next_dagrun for example_branch_datetime_operator_2 to 2026-07-24 00:00:00+00:00, run_after=2026-07-25 00:00:00+00:00
[2026-07-25T09:09:15.741+0000] {logging_mixin.py:190} INFO - [2026-07-25T09:09:15.741+0000] {dag.py:4180} INFO - Setting next_dagrun for example_branch_datetime_operator_3 to 2026-07-24 00:00:00+00:00, run_after=2026-07-25 00:00:00+00:00
[2026-07-25T09:09:15.751+0000] {processor.py:208} INFO - Processing /home/airflow/.local/lib/python3.12/site-packages/airflow/example_dags/example_branch_datetime_operator.py took 0.059 seconds
[2026-07-25T09:09:46.414+0000] {processor.py:186} INFO - Started process (PID=503) to work on /home/airflow/.local/lib/python3.12/site-packages/airflow/example_dags/example_branch_datetime_operator.py
[2026-07-25T09:09:46.415+0000] {processor.py:914} INFO - Processing file /home/airflow/.local/lib/python3.12/site-packages/airflow/example_dags/example_branch_datetime_operator.py for tasks to queue
[2026-07-25T09:09:46.417+0000] {logging_mixin.py:190} INFO - [2026-07-25T09:09:46.416+0000] {dagbag.py:588} INFO - Filling up the DagBag from /home/airflow/.local/lib/python3.12/site-packages/airflow/example_dags/example_branch_datetime_operator.py
[2026-07-25T09:09:46.424+0000] {processor.py:925} INFO - DAG(s) 'example_branch_datetime_operator', 'example_branch_datetime_operator_3', 'example_branch_datetime_operator_2' retrieved from /home/airflow/.local/lib/python3.12/site-packages/airflow/example_dags/example_branch_datetime_operator.py
[2026-07-25T09:09:46.440+0000] {logging_mixin.py:190} INFO - [2026-07-25T09:09:46.440+0000] {dag.py:3239} INFO - Sync 3 DAGs
[2026-07-25T09:09:46.454+0000] {logging_mixin.py:190} INFO - [2026-07-25T09:09:46.454+0000] {dag.py:4180} INFO - Setting next_dagrun for example_branch_datetime_operator to 2026-07-24 00:00:00+00:00, run_after=2026-07-25 00:00:00+00:00
[2026-07-25T09:09:46.457+0000] {logging_mixin.py:190} INFO - [2026-07-25T09:09:46.457+0000] {dag.py:4180} INFO - Setting next_dagrun for example_branch_datetime_operator_2 to 2026-07-24 00:00:00+00:00, run_after=2026-07-25 00:00:00+00:00
[2026-07-25T09:09:46.458+0000] {logging_mixin.py:190} INFO - [2026-07-25T09:09:46.458+0000] {dag.py:4180} INFO - Setting next_dagrun for example_branch_datetime_operator_3 to 2026-07-24 00:00:00+00:00, run_after=2026-07-25 00:00:00+00:00
[2026-07-25T09:09:46.468+0000] {processor.py:208} INFO - Processing /home/airflow/.local/lib/python3.12/site-packages/airflow/example_dags/example_branch_datetime_operator.py took 0.057 seconds
[2026-07-25T09:10:16.792+0000] {processor.py:186} INFO - Started process (PID=565) to work on /home/airflow/.local/lib/python3.12/site-packages/airflow/example_dags/example_branch_datetime_operator.py
[2026-07-25T09:10:16.793+0000] {processor.py:914} INFO - Processing file /home/airflow/.local/lib/python3.12/site-packages/airflow/example_dags/example_branch_datetime_operator.py for tasks to queue
[2026-07-25T09:10:16.795+0000] {logging_mixin.py:190} INFO - [2026-07-25T09:10:16.794+0000] {dagbag.py:588} INFO - Filling up the DagBag from /home/airflow/.local/lib/python3.12/site-packages/airflow/example_dags/example_branch_datetime_operator.py
[2026-07-25T09:10:16.804+0000] {processor.py:925} INFO - DAG(s) 'example_branch_datetime_operator', 'example_branch_datetime_operator_3', 'example_branch_datetime_operator_2' retrieved from /home/airflow/.local/lib/python3.12/site-packages/airflow/example_dags/example_branch_datetime_operator.py
[2026-07-25T09:10:16.821+0000] {logging_mixin.py:190} INFO - [2026-07-25T09:10:16.821+0000] {dag.py:3239} INFO - Sync 3 DAGs
[2026-07-25T09:10:16.835+0000] {logging_mixin.py:190} INFO - [2026-07-25T09:10:16.835+0000] {dag.py:4180} INFO - Setting next_dagrun for example_branch_datetime_operator to 2026-07-24 00:00:00+00:00, run_after=2026-07-25 00:00:00+00:00
[2026-07-25T09:10:16.838+0000] {logging_mixin.py:190} INFO - [2026-07-25T09:10:16.838+0000] {dag.py:4180} INFO - Setting next_dagrun for example_branch_datetime_operator_2 to 2026-07-24 00:00:00+00:00, run_after=2026-07-25 00:00:00+00:00
[2026-07-25T09:10:16.839+0000] {logging_mixin.py:190} INFO - [2026-07-25T09:10:16.839+0000] {dag.py:4180} INFO - Setting next_dagrun for example_branch_datetime_operator_3 to 2026-07-24 00:00:00+00:00, run_after=2026-07-25 00:00:00+00:00
[2026-07-25T09:10:16.851+0000] {processor.py:208} INFO - Processing /home/airflow/.local/lib/python3.12/site-packages/airflow/example_dags/example_branch_datetime_operator.py took 0.063 seconds
[2026-07-25T09:10:47.832+0000] {processor.py:186} INFO - Started process (PID=627) to work on /home/airflow/.local/lib/python3.12/site-packages/airflow/example_dags/example_branch_datetime_operator.py
[2026-07-25T09:10:47.833+0000] {processor.py:914} INFO - Processing file /home/airflow/.local/lib/python3.12/site-packages/airflow/example_dags/example_branch_datetime_operator.py for tasks to queue
[2026-07-25T09:10:47.835+0000] {logging_mixin.py:190} INFO - [2026-07-25T09:10:47.835+0000] {dagbag.py:588} INFO - Filling up the DagBag from /home/airflow/.local/lib/python3.12/site-packages/airflow/example_dags/example_branch_datetime_operator.py
[2026-07-25T09:10:47.844+0000] {processor.py:925} INFO - DAG(s) 'example_branch_datetime_operator_3', 'example_branch_datetime_operator_2', 'example_branch_datetime_operator' retrieved from /home/airflow/.local/lib/python3.12/site-packages/airflow/example_dags/example_branch_datetime_operator.py
[2026-07-25T09:10:47.861+0000] {logging_mixin.py:190} INFO - [2026-07-25T09:10:47.861+0000] {dag.py:3239} INFO - Sync 3 DAGs
[2026-07-25T09:10:47.876+0000] {logging_mixin.py:190} INFO - [2026-07-25T09:10:47.876+0000] {dag.py:4180} INFO - Setting next_dagrun for example_branch_datetime_operator to 2026-07-24 00:00:00+00:00, run_after=2026-07-25 00:00:00+00:00
[2026-07-25T09:10:47.879+0000] {logging_mixin.py:190} INFO - [2026-07-25T09:10:47.879+0000] {dag.py:4180} INFO - Setting next_dagrun for example_branch_datetime_operator_2 to 2026-07-24 00:00:00+00:00, run_after=2026-07-25 00:00:00+00:00
[2026-07-25T09:10:47.880+0000] {logging_mixin.py:190} INFO - [2026-07-25T09:10:47.880+0000] {dag.py:4180} INFO - Setting next_dagrun for example_branch_datetime_operator_3 to 2026-07-24 00:00:00+00:00, run_after=2026-07-25 00:00:00+00:00
[2026-07-25T09:10:47.893+0000] {processor.py:208} INFO - Processing /home/airflow/.local/lib/python3.12/site-packages/airflow/example_dags/example_branch_datetime_operator.py took 0.065 seconds
[2026-07-25T09:11:18.067+0000] {processor.py:186} INFO - Started process (PID=690) to work on /home/airflow/.local/lib/python3.12/site-packages/airflow/example_dags/example_branch_datetime_operator.py
[2026-07-25T09:11:18.068+0000] {processor.py:914} INFO - Processing file /home/airflow/.local/lib/python3.12/site-packages/airflow/example_dags/example_branch_datetime_operator.py for tasks to queue
[2026-07-25T09:11:18.070+0000] {logging_mixin.py:190} INFO - [2026-07-25T09:11:18.070+0000] {dagbag.py:588} INFO - Filling up the DagBag from /home/airflow/.local/lib/python3.12/site-packages/airflow/example_dags/example_branch_datetime_operator.py
[2026-07-25T09:11:18.078+0000] {processor.py:925} INFO - DAG(s) 'example_branch_datetime_operator_3', 'example_branch_datetime_operator_2', 'example_branch_datetime_operator' retrieved from /home/airflow/.local/lib/python3.12/site-packages/airflow/example_dags/example_branch_datetime_operator.py
[2026-07-25T09:11:18.094+0000] {logging_mixin.py:190} INFO - [2026-07-25T09:11:18.094+0000] {dag.py:3239} INFO - Sync 3 DAGs
[2026-07-25T09:11:18.108+0000] {logging_mixin.py:190} INFO - [2026-07-25T09:11:18.108+0000] {dag.py:4180} INFO - Setting next_dagrun for example_branch_datetime_operator to 2026-07-24 00:00:00+00:00, run_after=2026-07-25 00:00:00+00:00
[2026-07-25T09:11:18.110+0000] {logging_mixin.py:190} INFO - [2026-07-25T09:11:18.110+0000] {dag.py:4180} INFO - Setting next_dagrun for example_branch_datetime_operator_2 to 2026-07-24 00:00:00+00:00, run_after=2026-07-25 00:00:00+00:00
[2026-07-25T09:11:18.112+0000] {logging_mixin.py:190} INFO - [2026-07-25T09:11:18.112+0000] {dag.py:4180} INFO - Setting next_dagrun for example_branch_datetime_operator_3 to 2026-07-24 00:00:00+00:00, run_after=2026-07-25 00:00:00+00:00
[2026-07-25T09:11:18.121+0000] {processor.py:208} INFO - Processing /home/airflow/.local/lib/python3.12/site-packages/airflow/example_dags/example_branch_datetime_operator.py took 0.057 seconds
[2026-07-25T09:11:48.378+0000] {processor.py:186} INFO - Started process (PID=752) to work on /home/airflow/.local/lib/python3.12/site-packages/airflow/example_dags/example_branch_datetime_operator.py
[2026-07-25T09:11:48.379+0000] {processor.py:914} INFO - Processing file /home/airflow/.local/lib/python3.12/site-packages/airflow/example_dags/example_branch_datetime_operator.py for tasks to queue
[2026-07-25T09:11:48.381+0000] {logging_mixin.py:190} INFO - [2026-07-25T09:11:48.381+0000] {dagbag.py:588} INFO - Filling up the DagBag from /home/airflow/.local/lib/python3.12/site-packages/airflow/example_dags/example_branch_datetime_operator.py
[2026-07-25T09:11:48.390+0000] {processor.py:925} INFO - DAG(s) 'example_branch_datetime_operator_3', 'example_branch_datetime_operator', 'example_branch_datetime_operator_2' retrieved from /home/airflow/.local/lib/python3.12/site-packages/airflow/example_dags/example_branch_datetime_operator.py
[2026-07-25T09:11:48.406+0000] {logging_mixin.py:190} INFO - [2026-07-25T09:11:48.406+0000] {dag.py:3239} INFO - Sync 3 DAGs
[2026-07-25T09:11:48.420+0000] {logging_mixin.py:190} INFO - [2026-07-25T09:11:48.420+0000] {dag.py:4180} INFO - Setting next_dagrun for example_branch_datetime_operator to 2026-07-24 00:00:00+00:00, run_after=2026-07-25 00:00:00+00:00
[2026-07-25T09:11:48.423+0000] {logging_mixin.py:190} INFO - [2026-07-25T09:11:48.423+0000] {dag.py:4180} INFO - Setting next_dagrun for example_branch_datetime_operator_2 to 2026-07-24 00:00:00+00:00, run_after=2026-07-25 00:00:00+00:00
[2026-07-25T09:11:48.425+0000] {logging_mixin.py:190} INFO - [2026-07-25T09:11:48.424+0000] {dag.py:4180} INFO - Setting next_dagrun for example_branch_datetime_operator_3 to 2026-07-24 00:00:00+00:00, run_after=2026-07-25 00:00:00+00:00
[2026-07-25T09:11:48.435+0000] {processor.py:208} INFO - Processing /home/airflow/.local/lib/python3.12/site-packages/airflow/example_dags/example_branch_datetime_operator.py took 0.060 seconds
[2026-07-25T09:12:19.107+0000] {processor.py:186} INFO - Started process (PID=815) to work on /home/airflow/.local/lib/python3.12/site-packages/airflow/example_dags/example_branch_datetime_operator.py
[2026-07-25T09:12:19.108+0000] {processor.py:914} INFO - Processing file /home/airflow/.local/lib/python3.12/site-packages/airflow/example_dags/example_branch_datetime_operator.py for tasks to queue
[2026-07-25T09:12:19.110+0000] {logging_mixin.py:190} INFO - [2026-07-25T09:12:19.109+0000] {dagbag.py:588} INFO - Filling up the DagBag from /home/airflow/.local/lib/python3.12/site-packages/airflow/example_dags/example_branch_datetime_operator.py
[2026-07-25T09:12:19.119+0000] {processor.py:925} INFO - DAG(s) 'example_branch_datetime_operator', 'example_branch_datetime_operator_2', 'example_branch_datetime_operator_3' retrieved from /home/airflow/.local/lib/python3.12/site-packages/airflow/example_dags/example_branch_datetime_operator.py
[2026-07-25T09:12:19.136+0000] {logging_mixin.py:190} INFO - [2026-07-25T09:12:19.136+0000] {dag.py:3239} INFO - Sync 3 DAGs
[2026-07-25T09:12:19.152+0000] {logging_mixin.py:190} INFO - [2026-07-25T09:12:19.151+0000] {dag.py:4180} INFO - Setting next_dagrun for example_branch_datetime_operator to 2026-07-24 00:00:00+00:00, run_after=2026-07-25 00:00:00+00:00
[2026-07-25T09:12:19.155+0000] {logging_mixin.py:190} INFO - [2026-07-25T09:12:19.154+0000] {dag.py:4180} INFO - Setting next_dagrun for example_branch_datetime_operator_2 to 2026-07-24 00:00:00+00:00, run_after=2026-07-25 00:00:00+00:00
[2026-07-25T09:12:19.156+0000] {logging_mixin.py:190} INFO - [2026-07-25T09:12:19.156+0000] {dag.py:4180} INFO - Setting next_dagrun for example_branch_datetime_operator_3 to 2026-07-24 00:00:00+00:00, run_after=2026-07-25 00:00:00+00:00
[2026-07-25T09:12:19.167+0000] {processor.py:208} INFO - Processing /home/airflow/.local/lib/python3.12/site-packages/airflow/example_dags/example_branch_datetime_operator.py took 0.063 seconds
[2026-07-25T09:12:50.122+0000] {processor.py:186} INFO - Started process (PID=878) to work on /home/airflow/.local/lib/python3.12/site-packages/airflow/example_dags/example_branch_datetime_operator.py
[2026-07-25T09:12:50.123+0000] {processor.py:914} INFO - Processing file /home/airflow/.local/lib/python3.12/site-packages/airflow/example_dags/example_branch_datetime_operator.py for tasks to queue
[2026-07-25T09:12:50.125+0000] {logging_mixin.py:190} INFO - [2026-07-25T09:12:50.124+0000] {dagbag.py:588} INFO - Filling up the DagBag from /home/airflow/.local/lib/python3.12/site-packages/airflow/example_dags/example_branch_datetime_operator.py
[2026-07-25T09:12:50.133+0000] {processor.py:925} INFO - DAG(s) 'example_branch_datetime_operator', 'example_branch_datetime_operator_3', 'example_branch_datetime_operator_2' retrieved from /home/airflow/.local/lib/python3.12/site-packages/airflow/example_dags/example_branch_datetime_operator.py
[2026-07-25T09:12:50.149+0000] {logging_mixin.py:190} INFO - [2026-07-25T09:12:50.149+0000] {dag.py:3239} INFO - Sync 3 DAGs
[2026-07-25T09:12:50.163+0000] {logging_mixin.py:190} INFO - [2026-07-25T09:12:50.163+0000] {dag.py:4180} INFO - Setting next_dagrun for example_branch_datetime_operator to 2026-07-24 00:00:00+00:00, run_after=2026-07-25 00:00:00+00:00
[2026-07-25T09:12:50.166+0000] {logging_mixin.py:190} INFO - [2026-07-25T09:12:50.166+0000] {dag.py:4180} INFO - Setting next_dagrun for example_branch_datetime_operator_2 to 2026-07-24 00:00:00+00:00, run_after=2026-07-25 00:00:00+00:00
[2026-07-25T09:12:50.168+0000] {logging_mixin.py:190} INFO - [2026-07-25T09:12:50.168+0000] {dag.py:4180} INFO - Setting next_dagrun for example_branch_datetime_operator_3 to 2026-07-24 00:00:00+00:00, run_after=2026-07-25 00:00:00+00:00
[2026-07-25T09:12:50.179+0000] {processor.py:208} INFO - Processing /home/airflow/.local/lib/python3.12/site-packages/airflow/example_dags/example_branch_datetime_operator.py took 0.060 seconds
[2026-07-25T09:13:24.757+0000] {processor.py:186} INFO - Started process (PID=941) to work on /home/airflow/.local/lib/python3.12/site-packages/airflow/example_dags/example_branch_datetime_operator.py
[2026-07-25T09:13:24.758+0000] {processor.py:914} INFO - Processing file /home/airflow/.local/lib/python3.12/site-packages/airflow/example_dags/example_branch_datetime_operator.py for tasks to queue
[2026-07-25T09:13:24.759+0000] {logging_mixin.py:190} INFO - [2026-07-25T09:13:24.759+0000] {dagbag.py:588} INFO - Filling up the DagBag from /home/airflow/.local/lib/python3.12/site-packages/airflow/example_dags/example_branch_datetime_operator.py
[2026-07-25T09:13:24.768+0000] {processor.py:925} INFO - DAG(s) 'example_branch_datetime_operator_2', 'example_branch_datetime_operator', 'example_branch_datetime_operator_3' retrieved from /home/airflow/.local/lib/python3.12/site-packages/airflow/example_dags/example_branch_datetime_operator.py
[2026-07-25T09:13:24.784+0000] {logging_mixin.py:190} INFO - [2026-07-25T09:13:24.783+0000] {dag.py:3239} INFO - Sync 3 DAGs
[2026-07-25T09:13:24.798+0000] {logging_mixin.py:190} INFO - [2026-07-25T09:13:24.798+0000] {dag.py:4180} INFO - Setting next_dagrun for example_branch_datetime_operator to 2026-07-24 00:00:00+00:00, run_after=2026-07-25 00:00:00+00:00
[2026-07-25T09:13:24.801+0000] {logging_mixin.py:190} INFO - [2026-07-25T09:13:24.801+0000] {dag.py:4180} INFO - Setting next_dagrun for example_branch_datetime_operator_2 to 2026-07-24 00:00:00+00:00, run_after=2026-07-25 00:00:00+00:00
[2026-07-25T09:13:24.802+0000] {logging_mixin.py:190} INFO - [2026-07-25T09:13:24.802+0000] {dag.py:4180} INFO - Setting next_dagrun for example_branch_datetime_operator_3 to 2026-07-24 00:00:00+00:00, run_after=2026-07-25 00:00:00+00:00
[2026-07-25T09:13:24.813+0000] {processor.py:208} INFO - Processing /home/airflow/.local/lib/python3.12/site-packages/airflow/example_dags/example_branch_datetime_operator.py took 0.059 seconds
[2026-07-25T09:13:54.861+0000] {processor.py:186} INFO - Started process (PID=1003) to work on /home/airflow/.local/lib/python3.12/site-packages/airflow/example_dags/example_branch_datetime_operator.py
[2026-07-25T09:13:54.861+0000] {processor.py:914} INFO - Processing file /home/airflow/.local/lib/python3.12/site-packages/airflow/example_dags/example_branch_datetime_operator.py for tasks to queue
[2026-07-25T09:13:54.863+0000] {logging_mixin.py:190} INFO - [2026-07-25T09:13:54.863+0000] {dagbag.py:588} INFO - Filling up the DagBag from /home/airflow/.local/lib/python3.12/site-packages/airflow/example_dags/example_branch_datetime_operator.py
[2026-07-25T09:13:54.872+0000] {processor.py:925} INFO - DAG(s) 'example_branch_datetime_operator_3', 'example_branch_datetime_operator_2', 'example_branch_datetime_operator' retrieved from /home/airflow/.local/lib/python3.12/site-packages/airflow/example_dags/example_branch_datetime_operator.py
[2026-07-25T09:13:54.890+0000] {logging_mixin.py:190} INFO - [2026-07-25T09:13:54.890+0000] {dag.py:3239} INFO - Sync 3 DAGs
[2026-07-25T09:13:54.905+0000] {logging_mixin.py:190} INFO - [2026-07-25T09:13:54.905+0000] {dag.py:4180} INFO - Setting next_dagrun for example_branch_datetime_operator to 2026-07-24 00:00:00+00:00, run_after=2026-07-25 00:00:00+00:00
[2026-07-25T09:13:54.908+0000] {logging_mixin.py:190} INFO - [2026-07-25T09:13:54.908+0000] {dag.py:4180} INFO - Setting next_dagrun for example_branch_datetime_operator_2 to 2026-07-24 00:00:00+00:00, run_after=2026-07-25 00:00:00+00:00
[2026-07-25T09:13:54.910+0000] {logging_mixin.py:190} INFO - [2026-07-25T09:13:54.910+0000] {dag.py:4180} INFO - Setting next_dagrun for example_branch_datetime_operator_3 to 2026-07-24 00:00:00+00:00, run_after=2026-07-25 00:00:00+00:00
[2026-07-25T09:13:54.919+0000] {processor.py:208} INFO - Processing /home/airflow/.local/lib/python3.12/site-packages/airflow/example_dags/example_branch_datetime_operator.py took 0.062 seconds
[2026-07-25T09:14:25.008+0000] {processor.py:186} INFO - Started process (PID=1065) to work on /home/airflow/.local/lib/python3.12/site-packages/airflow/example_dags/example_branch_datetime_operator.py
[2026-07-25T09:14:25.009+0000] {processor.py:914} INFO - Processing file /home/airflow/.local/lib/python3.12/site-packages/airflow/example_dags/example_branch_datetime_operator.py for tasks to queue
[2026-07-25T09:14:25.010+0000] {logging_mixin.py:190} INFO - [2026-07-25T09:14:25.010+0000] {dagbag.py:588} INFO - Filling up the DagBag from /home/airflow/.local/lib/python3.12/site-packages/airflow/example_dags/example_branch_datetime_operator.py
[2026-07-25T09:14:25.019+0000] {processor.py:925} INFO - DAG(s) 'example_branch_datetime_operator_3', 'example_branch_datetime_operator_2', 'example_branch_datetime_operator' retrieved from /home/airflow/.local/lib/python3.12/site-packages/airflow/example_dags/example_branch_datetime_operator.py
[2026-07-25T09:14:25.036+0000] {logging_mixin.py:190} INFO - [2026-07-25T09:14:25.036+0000] {dag.py:3239} INFO - Sync 3 DAGs
[2026-07-25T09:14:25.052+0000] {logging_mixin.py:190} INFO - [2026-07-25T09:14:25.052+0000] {dag.py:4180} INFO - Setting next_dagrun for example_branch_datetime_operator to 2026-07-24 00:00:00+00:00, run_after=2026-07-25 00:00:00+00:00
[2026-07-25T09:14:25.055+0000] {logging_mixin.py:190} INFO - [2026-07-25T09:14:25.055+0000] {dag.py:4180} INFO - Setting next_dagrun for example_branch_datetime_operator_2 to 2026-07-24 00:00:00+00:00, run_after=2026-07-25 00:00:00+00:00
[2026-07-25T09:14:25.057+0000] {logging_mixin.py:190} INFO - [2026-07-25T09:14:25.057+0000] {dag.py:4180} INFO - Setting next_dagrun for example_branch_datetime_operator_3 to 2026-07-24 00:00:00+00:00, run_after=2026-07-25 00:00:00+00:00
[2026-07-25T09:14:25.068+0000] {processor.py:208} INFO - Processing /home/airflow/.local/lib/python3.12/site-packages/airflow/example_dags/example_branch_datetime_operator.py took 0.063 seconds
[2026-07-25T09:15:45.401+0000] {processor.py:186} INFO - Started process (PID=118) to work on /home/airflow/.local/lib/python3.12/site-packages/airflow/example_dags/example_branch_datetime_operator.py
[2026-07-25T09:15:45.401+0000] {processor.py:914} INFO - Processing file /home/airflow/.local/lib/python3.12/site-packages/airflow/example_dags/example_branch_datetime_operator.py for tasks to queue
[2026-07-25T09:15:45.403+0000] {logging_mixin.py:190} INFO - [2026-07-25T09:15:45.403+0000] {dagbag.py:588} INFO - Filling up the DagBag from /home/airflow/.local/lib/python3.12/site-packages/airflow/example_dags/example_branch_datetime_operator.py
[2026-07-25T09:15:45.412+0000] {processor.py:925} INFO - DAG(s) 'example_branch_datetime_operator_3', 'example_branch_datetime_operator', 'example_branch_datetime_operator_2' retrieved from /home/airflow/.local/lib/python3.12/site-packages/airflow/example_dags/example_branch_datetime_operator.py
[2026-07-25T09:15:45.429+0000] {logging_mixin.py:190} INFO - [2026-07-25T09:15:45.429+0000] {dag.py:3239} INFO - Sync 3 DAGs
[2026-07-25T09:15:45.444+0000] {logging_mixin.py:190} INFO - [2026-07-25T09:15:45.444+0000] {dag.py:4180} INFO - Setting next_dagrun for example_branch_datetime_operator to 2026-07-24 00:00:00+00:00, run_after=2026-07-25 00:00:00+00:00
[2026-07-25T09:15:45.447+0000] {logging_mixin.py:190} INFO - [2026-07-25T09:15:45.447+0000] {dag.py:4180} INFO - Setting next_dagrun for example_branch_datetime_operator_2 to 2026-07-24 00:00:00+00:00, run_after=2026-07-25 00:00:00+00:00
[2026-07-25T09:15:45.449+0000] {logging_mixin.py:190} INFO - [2026-07-25T09:15:45.449+0000] {dag.py:4180} INFO - Setting next_dagrun for example_branch_datetime_operator_3 to 2026-07-24 00:00:00+00:00, run_after=2026-07-25 00:00:00+00:00
[2026-07-25T09:15:45.458+0000] {processor.py:208} INFO - Processing /home/airflow/.local/lib/python3.12/site-packages/airflow/example_dags/example_branch_datetime_operator.py took 0.061 seconds
[2026-07-25T09:16:15.580+0000] {processor.py:186} INFO - Started process (PID=180) to work on /home/airflow/.local/lib/python3.12/site-packages/airflow/example_dags/example_branch_datetime_operator.py
[2026-07-25T09:16:15.581+0000] {processor.py:914} INFO - Processing file /home/airflow/.local/lib/python3.12/site-packages/airflow/example_dags/example_branch_datetime_operator.py for tasks to queue
[2026-07-25T09:16:15.583+0000] {logging_mixin.py:190} INFO - [2026-07-25T09:16:15.582+0000] {dagbag.py:588} INFO - Filling up the DagBag from /home/airflow/.local/lib/python3.12/site-packages/airflow/example_dags/example_branch_datetime_operator.py
[2026-07-25T09:16:15.591+0000] {processor.py:925} INFO - DAG(s) 'example_branch_datetime_operator', 'example_branch_datetime_operator_2', 'example_branch_datetime_operator_3' retrieved from /home/airflow/.local/lib/python3.12/site-packages/airflow/example_dags/example_branch_datetime_operator.py
[2026-07-25T09:16:15.609+0000] {logging_mixin.py:190} INFO - [2026-07-25T09:16:15.608+0000] {dag.py:3239} INFO - Sync 3 DAGs
[2026-07-25T09:16:15.626+0000] {logging_mixin.py:190} INFO - [2026-07-25T09:16:15.626+0000] {dag.py:4180} INFO - Setting next_dagrun for example_branch_datetime_operator to 2026-07-24 00:00:00+00:00, run_after=2026-07-25 00:00:00+00:00
[2026-07-25T09:16:15.629+0000] {logging_mixin.py:190} INFO - [2026-07-25T09:16:15.629+0000] {dag.py:4180} INFO - Setting next_dagrun for example_branch_datetime_operator_2 to 2026-07-24 00:00:00+00:00, run_after=2026-07-25 00:00:00+00:00
[2026-07-25T09:16:15.631+0000] {logging_mixin.py:190} INFO - [2026-07-25T09:16:15.631+0000] {dag.py:4180} INFO - Setting next_dagrun for example_branch_datetime_operator_3 to 2026-07-24 00:00:00+00:00, run_after=2026-07-25 00:00:00+00:00
[2026-07-25T09:16:15.641+0000] {processor.py:208} INFO - Processing /home/airflow/.local/lib/python3.12/site-packages/airflow/example_dags/example_branch_datetime_operator.py took 0.065 seconds
[2026-07-25T09:16:48.970+0000] {processor.py:186} INFO - Started process (PID=242) to work on /home/airflow/.local/lib/python3.12/site-packages/airflow/example_dags/example_branch_datetime_operator.py
[2026-07-25T09:16:48.974+0000] {processor.py:914} INFO - Processing file /home/airflow/.local/lib/python3.12/site-packages/airflow/example_dags/example_branch_datetime_operator.py for tasks to queue
[2026-07-25T09:16:48.976+0000] {logging_mixin.py:190} INFO - [2026-07-25T09:16:48.976+0000] {dagbag.py:588} INFO - Filling up the DagBag from /home/airflow/.local/lib/python3.12/site-packages/airflow/example_dags/example_branch_datetime_operator.py
[2026-07-25T09:16:48.984+0000] {processor.py:925} INFO - DAG(s) 'example_branch_datetime_operator_3', 'example_branch_datetime_operator_2', 'example_branch_datetime_operator' retrieved from /home/airflow/.local/lib/python3.12/site-packages/airflow/example_dags/example_branch_datetime_operator.py
[2026-07-25T09:16:49.000+0000] {logging_mixin.py:190} INFO - [2026-07-25T09:16:49.000+0000] {dag.py:3239} INFO - Sync 3 DAGs
[2026-07-25T09:16:49.014+0000] {logging_mixin.py:190} INFO - [2026-07-25T09:16:49.014+0000] {dag.py:4180} INFO - Setting next_dagrun for example_branch_datetime_operator to 2026-07-24 00:00:00+00:00, run_after=2026-07-25 00:00:00+00:00
[2026-07-25T09:16:49.017+0000] {logging_mixin.py:190} INFO - [2026-07-25T09:16:49.017+0000] {dag.py:4180} INFO - Setting next_dagrun for example_branch_datetime_operator_2 to 2026-07-24 00:00:00+00:00, run_after=2026-07-25 00:00:00+00:00
[2026-07-25T09:16:49.019+0000] {logging_mixin.py:190} INFO - [2026-07-25T09:16:49.019+0000] {dag.py:4180} INFO - Setting next_dagrun for example_branch_datetime_operator_3 to 2026-07-24 00:00:00+00:00, run_after=2026-07-25 00:00:00+00:00
[2026-07-25T09:16:49.030+0000] {processor.py:208} INFO - Processing /home/airflow/.local/lib/python3.12/site-packages/airflow/example_dags/example_branch_datetime_operator.py took 0.063 seconds
[2026-07-25T09:17:23.421+0000] {processor.py:186} INFO - Started process (PID=305) to work on /home/airflow/.local/lib/python3.12/site-packages/airflow/example_dags/example_branch_datetime_operator.py
[2026-07-25T09:17:23.422+0000] {processor.py:914} INFO - Processing file /home/airflow/.local/lib/python3.12/site-packages/airflow/example_dags/example_branch_datetime_operator.py for tasks to queue
[2026-07-25T09:17:23.424+0000] {logging_mixin.py:190} INFO - [2026-07-25T09:17:23.424+0000] {dagbag.py:588} INFO - Filling up the DagBag from /home/airflow/.local/lib/python3.12/site-packages/airflow/example_dags/example_branch_datetime_operator.py
[2026-07-25T09:17:23.432+0000] {processor.py:925} INFO - DAG(s) 'example_branch_datetime_operator_2', 'example_branch_datetime_operator', 'example_branch_datetime_operator_3' retrieved from /home/airflow/.local/lib/python3.12/site-packages/airflow/example_dags/example_branch_datetime_operator.py
[2026-07-25T09:17:23.449+0000] {logging_mixin.py:190} INFO - [2026-07-25T09:17:23.449+0000] {dag.py:3239} INFO - Sync 3 DAGs
[2026-07-25T09:17:23.463+0000] {logging_mixin.py:190} INFO - [2026-07-25T09:17:23.463+0000] {dag.py:4180} INFO - Setting next_dagrun for example_branch_datetime_operator to 2026-07-24 00:00:00+00:00, run_after=2026-07-25 00:00:00+00:00
[2026-07-25T09:17:23.466+0000] {logging_mixin.py:190} INFO - [2026-07-25T09:17:23.466+0000] {dag.py:4180} INFO - Setting next_dagrun for example_branch_datetime_operator_2 to 2026-07-24 00:00:00+00:00, run_after=2026-07-25 00:00:00+00:00
[2026-07-25T09:17:23.467+0000] {logging_mixin.py:190} INFO - [2026-07-25T09:17:23.467+0000] {dag.py:4180} INFO - Setting next_dagrun for example_branch_datetime_operator_3 to 2026-07-24 00:00:00+00:00, run_after=2026-07-25 00:00:00+00:00
[2026-07-25T09:17:23.478+0000] {processor.py:208} INFO - Processing /home/airflow/.local/lib/python3.12/site-packages/airflow/example_dags/example_branch_datetime_operator.py took 0.060 seconds
[2026-07-25T09:17:57.504+0000] {processor.py:186} INFO - Started process (PID=368) to work on /home/airflow/.local/lib/python3.12/site-packages/airflow/example_dags/example_branch_datetime_operator.py
[2026-07-25T09:17:57.505+0000] {processor.py:914} INFO - Processing file /home/airflow/.local/lib/python3.12/site-packages/airflow/example_dags/example_branch_datetime_operator.py for tasks to queue
[2026-07-25T09:17:57.507+0000] {logging_mixin.py:190} INFO - [2026-07-25T09:17:57.507+0000] {dagbag.py:588} INFO - Filling up the DagBag from /home/airflow/.local/lib/python3.12/site-packages/airflow/example_dags/example_branch_datetime_operator.py
[2026-07-25T09:17:57.515+0000] {processor.py:925} INFO - DAG(s) 'example_branch_datetime_operator', 'example_branch_datetime_operator_3', 'example_branch_datetime_operator_2' retrieved from /home/airflow/.local/lib/python3.12/site-packages/airflow/example_dags/example_branch_datetime_operator.py
[2026-07-25T09:17:57.531+0000] {logging_mixin.py:190} INFO - [2026-07-25T09:17:57.531+0000] {dag.py:3239} INFO - Sync 3 DAGs
[2026-07-25T09:17:57.546+0000] {logging_mixin.py:190} INFO - [2026-07-25T09:17:57.546+0000] {dag.py:4180} INFO - Setting next_dagrun for example_branch_datetime_operator to 2026-07-24 00:00:00+00:00, run_after=2026-07-25 00:00:00+00:00
[2026-07-25T09:17:57.549+0000] {logging_mixin.py:190} INFO - [2026-07-25T09:17:57.549+0000] {dag.py:4180} INFO - Setting next_dagrun for example_branch_datetime_operator_2 to 2026-07-24 00:00:00+00:00, run_after=2026-07-25 00:00:00+00:00
[2026-07-25T09:17:57.550+0000] {logging_mixin.py:190} INFO - [2026-07-25T09:17:57.550+0000] {dag.py:4180} INFO - Setting next_dagrun for example_branch_datetime_operator_3 to 2026-07-24 00:00:00+00:00, run_after=2026-07-25 00:00:00+00:00
[2026-07-25T09:17:57.560+0000] {processor.py:208} INFO - Processing /home/airflow/.local/lib/python3.12/site-packages/airflow/example_dags/example_branch_datetime_operator.py took 0.060 seconds
[2026-07-25T09:18:31.150+0000] {processor.py:186} INFO - Started process (PID=431) to work on /home/airflow/.local/lib/python3.12/site-packages/airflow/example_dags/example_branch_datetime_operator.py
[2026-07-25T09:18:31.151+0000] {processor.py:914} INFO - Processing file /home/airflow/.local/lib/python3.12/site-packages/airflow/example_dags/example_branch_datetime_operator.py for tasks to queue
[2026-07-25T09:18:31.153+0000] {logging_mixin.py:190} INFO - [2026-07-25T09:18:31.153+0000] {dagbag.py:588} INFO - Filling up the DagBag from /home/airflow/.local/lib/python3.12/site-packages/airflow/example_dags/example_branch_datetime_operator.py
[2026-07-25T09:18:31.161+0000] {processor.py:925} INFO - DAG(s) 'example_branch_datetime_operator_2', 'example_branch_datetime_operator', 'example_branch_datetime_operator_3' retrieved from /home/airflow/.local/lib/python3.12/site-packages/airflow/example_dags/example_branch_datetime_operator.py
[2026-07-25T09:18:31.178+0000] {logging_mixin.py:190} INFO - [2026-07-25T09:18:31.178+0000] {dag.py:3239} INFO - Sync 3 DAGs
[2026-07-25T09:18:31.193+0000] {logging_mixin.py:190} INFO - [2026-07-25T09:18:31.193+0000] {dag.py:4180} INFO - Setting next_dagrun for example_branch_datetime_operator to 2026-07-24 00:00:00+00:00, run_after=2026-07-25 00:00:00+00:00
[2026-07-25T09:18:31.195+0000] {logging_mixin.py:190} INFO - [2026-07-25T09:18:31.195+0000] {dag.py:4180} INFO - Setting next_dagrun for example_branch_datetime_operator_2 to 2026-07-24 00:00:00+00:00, run_after=2026-07-25 00:00:00+00:00
[2026-07-25T09:18:31.197+0000] {logging_mixin.py:190} INFO - [2026-07-25T09:18:31.197+0000] {dag.py:4180} INFO - Setting next_dagrun for example_branch_datetime_operator_3 to 2026-07-24 00:00:00+00:00, run_after=2026-07-25 00:00:00+00:00
[2026-07-25T09:18:31.207+0000] {processor.py:208} INFO - Processing /home/airflow/.local/lib/python3.12/site-packages/airflow/example_dags/example_branch_datetime_operator.py took 0.060 seconds
[2026-07-25T09:19:01.417+0000] {processor.py:186} INFO - Started process (PID=493) to work on /home/airflow/.local/lib/python3.12/site-packages/airflow/example_dags/example_branch_datetime_operator.py
[2026-07-25T09:19:01.418+0000] {processor.py:914} INFO - Processing file /home/airflow/.local/lib/python3.12/site-packages/airflow/example_dags/example_branch_datetime_operator.py for tasks to queue
[2026-07-25T09:19:01.420+0000] {logging_mixin.py:190} INFO - [2026-07-25T09:19:01.420+0000] {dagbag.py:588} INFO - Filling up the DagBag from /home/airflow/.local/lib/python3.12/site-packages/airflow/example_dags/example_branch_datetime_operator.py
[2026-07-25T09:19:01.429+0000] {processor.py:925} INFO - DAG(s) 'example_branch_datetime_operator_2', 'example_branch_datetime_operator_3', 'example_branch_datetime_operator' retrieved from /home/airflow/.local/lib/python3.12/site-packages/airflow/example_dags/example_branch_datetime_operator.py
[2026-07-25T09:19:01.446+0000] {logging_mixin.py:190} INFO - [2026-07-25T09:19:01.446+0000] {dag.py:3239} INFO - Sync 3 DAGs
[2026-07-25T09:19:01.460+0000] {logging_mixin.py:190} INFO - [2026-07-25T09:19:01.460+0000] {dag.py:4180} INFO - Setting next_dagrun for example_branch_datetime_operator to 2026-07-24 00:00:00+00:00, run_after=2026-07-25 00:00:00+00:00
[2026-07-25T09:19:01.463+0000] {logging_mixin.py:190} INFO - [2026-07-25T09:19:01.463+0000] {dag.py:4180} INFO - Setting next_dagrun for example_branch_datetime_operator_2 to 2026-07-24 00:00:00+00:00, run_after=2026-07-25 00:00:00+00:00
[2026-07-25T09:19:01.465+0000] {logging_mixin.py:190} INFO - [2026-07-25T09:19:01.464+0000] {dag.py:4180} INFO - Setting next_dagrun for example_branch_datetime_operator_3 to 2026-07-24 00:00:00+00:00, run_after=2026-07-25 00:00:00+00:00
[2026-07-25T09:19:01.475+0000] {processor.py:208} INFO - Processing /home/airflow/.local/lib/python3.12/site-packages/airflow/example_dags/example_branch_datetime_operator.py took 0.061 seconds
[2026-07-25T09:19:32.135+0000] {processor.py:186} INFO - Started process (PID=555) to work on /home/airflow/.local/lib/python3.12/site-packages/airflow/example_dags/example_branch_datetime_operator.py
[2026-07-25T09:19:32.136+0000] {processor.py:914} INFO - Processing file /home/airflow/.local/lib/python3.12/site-packages/airflow/example_dags/example_branch_datetime_operator.py for tasks to queue
[2026-07-25T09:19:32.138+0000] {logging_mixin.py:190} INFO - [2026-07-25T09:19:32.138+0000] {dagbag.py:588} INFO - Filling up the DagBag from /home/airflow/.local/lib/python3.12/site-packages/airflow/example_dags/example_branch_datetime_operator.py
[2026-07-25T09:19:32.147+0000] {processor.py:925} INFO - DAG(s) 'example_branch_datetime_operator_2', 'example_branch_datetime_operator', 'example_branch_datetime_operator_3' retrieved from /home/airflow/.local/lib/python3.12/site-packages/airflow/example_dags/example_branch_datetime_operator.py
[2026-07-25T09:19:32.166+0000] {logging_mixin.py:190} INFO - [2026-07-25T09:19:32.165+0000] {dag.py:3239} INFO - Sync 3 DAGs
[2026-07-25T09:19:32.181+0000] {logging_mixin.py:190} INFO - [2026-07-25T09:19:32.181+0000] {dag.py:4180} INFO - Setting next_dagrun for example_branch_datetime_operator to 2026-07-24 00:00:00+00:00, run_after=2026-07-25 00:00:00+00:00
[2026-07-25T09:19:32.184+0000] {logging_mixin.py:190} INFO - [2026-07-25T09:19:32.184+0000] {dag.py:4180} INFO - Setting next_dagrun for example_branch_datetime_operator_2 to 2026-07-24 00:00:00+00:00, run_after=2026-07-25 00:00:00+00:00
[2026-07-25T09:19:32.186+0000] {logging_mixin.py:190} INFO - [2026-07-25T09:19:32.186+0000] {dag.py:4180} INFO - Setting next_dagrun for example_branch_datetime_operator_3 to 2026-07-24 00:00:00+00:00, run_after=2026-07-25 00:00:00+00:00
[2026-07-25T09:19:32.197+0000] {processor.py:208} INFO - Processing /home/airflow/.local/lib/python3.12/site-packages/airflow/example_dags/example_branch_datetime_operator.py took 0.065 seconds
[2026-07-25T09:20:58.354+0000] {processor.py:186} INFO - Started process (PID=118) to work on /home/airflow/.local/lib/python3.12/site-packages/airflow/example_dags/example_branch_datetime_operator.py
[2026-07-25T09:20:58.355+0000] {processor.py:914} INFO - Processing file /home/airflow/.local/lib/python3.12/site-packages/airflow/example_dags/example_branch_datetime_operator.py for tasks to queue
[2026-07-25T09:20:58.357+0000] {logging_mixin.py:190} INFO - [2026-07-25T09:20:58.357+0000] {dagbag.py:588} INFO - Filling up the DagBag from /home/airflow/.local/lib/python3.12/site-packages/airflow/example_dags/example_branch_datetime_operator.py
[2026-07-25T09:20:58.368+0000] {processor.py:925} INFO - DAG(s) 'example_branch_datetime_operator_3', 'example_branch_datetime_operator_2', 'example_branch_datetime_operator' retrieved from /home/airflow/.local/lib/python3.12/site-packages/airflow/example_dags/example_branch_datetime_operator.py
[2026-07-25T09:20:58.389+0000] {logging_mixin.py:190} INFO - [2026-07-25T09:20:58.389+0000] {dag.py:3239} INFO - Sync 3 DAGs
[2026-07-25T09:20:58.404+0000] {logging_mixin.py:190} INFO - [2026-07-25T09:20:58.404+0000] {dag.py:4180} INFO - Setting next_dagrun for example_branch_datetime_operator to 2026-07-24 00:00:00+00:00, run_after=2026-07-25 00:00:00+00:00
[2026-07-25T09:20:58.407+0000] {logging_mixin.py:190} INFO - [2026-07-25T09:20:58.407+0000] {dag.py:4180} INFO - Setting next_dagrun for example_branch_datetime_operator_2 to 2026-07-24 00:00:00+00:00, run_after=2026-07-25 00:00:00+00:00
[2026-07-25T09:20:58.408+0000] {logging_mixin.py:190} INFO - [2026-07-25T09:20:58.408+0000] {dag.py:4180} INFO - Setting next_dagrun for example_branch_datetime_operator_3 to 2026-07-24 00:00:00+00:00, run_after=2026-07-25 00:00:00+00:00
[2026-07-25T09:20:58.418+0000] {processor.py:208} INFO - Processing /home/airflow/.local/lib/python3.12/site-packages/airflow/example_dags/example_branch_datetime_operator.py took 0.069 seconds
[2026-07-25T09:21:29.111+0000] {processor.py:186} INFO - Started process (PID=180) to work on /home/airflow/.local/lib/python3.12/site-packages/airflow/example_dags/example_branch_datetime_operator.py
[2026-07-25T09:21:29.113+0000] {processor.py:914} INFO - Processing file /home/airflow/.local/lib/python3.12/site-packages/airflow/example_dags/example_branch_datetime_operator.py for tasks to queue
[2026-07-25T09:21:29.116+0000] {logging_mixin.py:190} INFO - [2026-07-25T09:21:29.115+0000] {dagbag.py:588} INFO - Filling up the DagBag from /home/airflow/.local/lib/python3.12/site-packages/airflow/example_dags/example_branch_datetime_operator.py
[2026-07-25T09:21:29.128+0000] {processor.py:925} INFO - DAG(s) 'example_branch_datetime_operator', 'example_branch_datetime_operator_2', 'example_branch_datetime_operator_3' retrieved from /home/airflow/.local/lib/python3.12/site-packages/airflow/example_dags/example_branch_datetime_operator.py
[2026-07-25T09:21:29.151+0000] {logging_mixin.py:190} INFO - [2026-07-25T09:21:29.151+0000] {dag.py:3239} INFO - Sync 3 DAGs
[2026-07-25T09:21:29.169+0000] {logging_mixin.py:190} INFO - [2026-07-25T09:21:29.169+0000] {dag.py:4180} INFO - Setting next_dagrun for example_branch_datetime_operator to 2026-07-24 00:00:00+00:00, run_after=2026-07-25 00:00:00+00:00
[2026-07-25T09:21:29.172+0000] {logging_mixin.py:190} INFO - [2026-07-25T09:21:29.172+0000] {dag.py:4180} INFO - Setting next_dagrun for example_branch_datetime_operator_2 to 2026-07-24 00:00:00+00:00, run_after=2026-07-25 00:00:00+00:00
[2026-07-25T09:21:29.174+0000] {logging_mixin.py:190} INFO - [2026-07-25T09:21:29.174+0000] {dag.py:4180} INFO - Setting next_dagrun for example_branch_datetime_operator_3 to 2026-07-24 00:00:00+00:00, run_after=2026-07-25 00:00:00+00:00
[2026-07-25T09:21:29.187+0000] {processor.py:208} INFO - Processing /home/airflow/.local/lib/python3.12/site-packages/airflow/example_dags/example_branch_datetime_operator.py took 0.082 seconds
[2026-07-25T09:22:00.840+0000] {processor.py:186} INFO - Started process (PID=242) to work on /home/airflow/.local/lib/python3.12/site-packages/airflow/example_dags/example_branch_datetime_operator.py
[2026-07-25T09:22:00.841+0000] {processor.py:914} INFO - Processing file /home/airflow/.local/lib/python3.12/site-packages/airflow/example_dags/example_branch_datetime_operator.py for tasks to queue
[2026-07-25T09:22:00.843+0000] {logging_mixin.py:190} INFO - [2026-07-25T09:22:00.843+0000] {dagbag.py:588} INFO - Filling up the DagBag from /home/airflow/.local/lib/python3.12/site-packages/airflow/example_dags/example_branch_datetime_operator.py
[2026-07-25T09:22:00.852+0000] {processor.py:925} INFO - DAG(s) 'example_branch_datetime_operator_2', 'example_branch_datetime_operator', 'example_branch_datetime_operator_3' retrieved from /home/airflow/.local/lib/python3.12/site-packages/airflow/example_dags/example_branch_datetime_operator.py
[2026-07-25T09:22:00.870+0000] {logging_mixin.py:190} INFO - [2026-07-25T09:22:00.870+0000] {dag.py:3239} INFO - Sync 3 DAGs
[2026-07-25T09:22:00.884+0000] {logging_mixin.py:190} INFO - [2026-07-25T09:22:00.884+0000] {dag.py:4180} INFO - Setting next_dagrun for example_branch_datetime_operator to 2026-07-24 00:00:00+00:00, run_after=2026-07-25 00:00:00+00:00
[2026-07-25T09:22:00.887+0000] {logging_mixin.py:190} INFO - [2026-07-25T09:22:00.887+0000] {dag.py:4180} INFO - Setting next_dagrun for example_branch_datetime_operator_2 to 2026-07-24 00:00:00+00:00, run_after=2026-07-25 00:00:00+00:00
[2026-07-25T09:22:00.888+0000] {logging_mixin.py:190} INFO - [2026-07-25T09:22:00.888+0000] {dag.py:4180} INFO - Setting next_dagrun for example_branch_datetime_operator_3 to 2026-07-24 00:00:00+00:00, run_after=2026-07-25 00:00:00+00:00
[2026-07-25T09:22:00.898+0000] {processor.py:208} INFO - Processing /home/airflow/.local/lib/python3.12/site-packages/airflow/example_dags/example_branch_datetime_operator.py took 0.062 seconds
[2026-07-25T09:22:35.223+0000] {processor.py:186} INFO - Started process (PID=305) to work on /home/airflow/.local/lib/python3.12/site-packages/airflow/example_dags/example_branch_datetime_operator.py
[2026-07-25T09:22:35.224+0000] {processor.py:914} INFO - Processing file /home/airflow/.local/lib/python3.12/site-packages/airflow/example_dags/example_branch_datetime_operator.py for tasks to queue
[2026-07-25T09:22:35.226+0000] {logging_mixin.py:190} INFO - [2026-07-25T09:22:35.226+0000] {dagbag.py:588} INFO - Filling up the DagBag from /home/airflow/.local/lib/python3.12/site-packages/airflow/example_dags/example_branch_datetime_operator.py
[2026-07-25T09:22:35.234+0000] {processor.py:925} INFO - DAG(s) 'example_branch_datetime_operator_2', 'example_branch_datetime_operator_3', 'example_branch_datetime_operator' retrieved from /home/airflow/.local/lib/python3.12/site-packages/airflow/example_dags/example_branch_datetime_operator.py
[2026-07-25T09:22:35.249+0000] {logging_mixin.py:190} INFO - [2026-07-25T09:22:35.249+0000] {dag.py:3239} INFO - Sync 3 DAGs
[2026-07-25T09:22:35.263+0000] {logging_mixin.py:190} INFO - [2026-07-25T09:22:35.263+0000] {dag.py:4180} INFO - Setting next_dagrun for example_branch_datetime_operator to 2026-07-24 00:00:00+00:00, run_after=2026-07-25 00:00:00+00:00
[2026-07-25T09:22:35.266+0000] {logging_mixin.py:190} INFO - [2026-07-25T09:22:35.266+0000] {dag.py:4180} INFO - Setting next_dagrun for example_branch_datetime_operator_2 to 2026-07-24 00:00:00+00:00, run_after=2026-07-25 00:00:00+00:00
[2026-07-25T09:22:35.267+0000] {logging_mixin.py:190} INFO - [2026-07-25T09:22:35.267+0000] {dag.py:4180} INFO - Setting next_dagrun for example_branch_datetime_operator_3 to 2026-07-24 00:00:00+00:00, run_after=2026-07-25 00:00:00+00:00
[2026-07-25T09:22:35.299+0000] {processor.py:208} INFO - Processing /home/airflow/.local/lib/python3.12/site-packages/airflow/example_dags/example_branch_datetime_operator.py took 0.078 seconds
[2026-07-25T09:24:08.977+0000] {processor.py:186} INFO - Started process (PID=118) to work on /home/airflow/.local/lib/python3.12/site-packages/airflow/example_dags/example_branch_datetime_operator.py
[2026-07-25T09:24:08.978+0000] {processor.py:914} INFO - Processing file /home/airflow/.local/lib/python3.12/site-packages/airflow/example_dags/example_branch_datetime_operator.py for tasks to queue
[2026-07-25T09:24:08.981+0000] {logging_mixin.py:190} INFO - [2026-07-25T09:24:08.981+0000] {dagbag.py:588} INFO - Filling up the DagBag from /home/airflow/.local/lib/python3.12/site-packages/airflow/example_dags/example_branch_datetime_operator.py
[2026-07-25T09:24:08.994+0000] {processor.py:925} INFO - DAG(s) 'example_branch_datetime_operator_2', 'example_branch_datetime_operator_3', 'example_branch_datetime_operator' retrieved from /home/airflow/.local/lib/python3.12/site-packages/airflow/example_dags/example_branch_datetime_operator.py
[2026-07-25T09:24:09.015+0000] {logging_mixin.py:190} INFO - [2026-07-25T09:24:09.014+0000] {dag.py:3239} INFO - Sync 3 DAGs
[2026-07-25T09:24:09.033+0000] {logging_mixin.py:190} INFO - [2026-07-25T09:24:09.033+0000] {dag.py:4180} INFO - Setting next_dagrun for example_branch_datetime_operator to 2026-07-24 00:00:00+00:00, run_after=2026-07-25 00:00:00+00:00
[2026-07-25T09:24:09.036+0000] {logging_mixin.py:190} INFO - [2026-07-25T09:24:09.036+0000] {dag.py:4180} INFO - Setting next_dagrun for example_branch_datetime_operator_2 to 2026-07-24 00:00:00+00:00, run_after=2026-07-25 00:00:00+00:00
[2026-07-25T09:24:09.038+0000] {logging_mixin.py:190} INFO - [2026-07-25T09:24:09.038+0000] {dag.py:4180} INFO - Setting next_dagrun for example_branch_datetime_operator_3 to 2026-07-24 00:00:00+00:00, run_after=2026-07-25 00:00:00+00:00
[2026-07-25T09:24:09.052+0000] {processor.py:208} INFO - Processing /home/airflow/.local/lib/python3.12/site-packages/airflow/example_dags/example_branch_datetime_operator.py took 0.080 seconds
[2026-07-25T09:24:39.623+0000] {processor.py:186} INFO - Started process (PID=180) to work on /home/airflow/.local/lib/python3.12/site-packages/airflow/example_dags/example_branch_datetime_operator.py
[2026-07-25T09:24:39.624+0000] {processor.py:914} INFO - Processing file /home/airflow/.local/lib/python3.12/site-packages/airflow/example_dags/example_branch_datetime_operator.py for tasks to queue
[2026-07-25T09:24:39.626+0000] {logging_mixin.py:190} INFO - [2026-07-25T09:24:39.626+0000] {dagbag.py:588} INFO - Filling up the DagBag from /home/airflow/.local/lib/python3.12/site-packages/airflow/example_dags/example_branch_datetime_operator.py
[2026-07-25T09:24:39.635+0000] {processor.py:925} INFO - DAG(s) 'example_branch_datetime_operator', 'example_branch_datetime_operator_3', 'example_branch_datetime_operator_2' retrieved from /home/airflow/.local/lib/python3.12/site-packages/airflow/example_dags/example_branch_datetime_operator.py
[2026-07-25T09:24:39.653+0000] {logging_mixin.py:190} INFO - [2026-07-25T09:24:39.653+0000] {dag.py:3239} INFO - Sync 3 DAGs
[2026-07-25T09:24:39.669+0000] {logging_mixin.py:190} INFO - [2026-07-25T09:24:39.669+0000] {dag.py:4180} INFO - Setting next_dagrun for example_branch_datetime_operator to 2026-07-24 00:00:00+00:00, run_after=2026-07-25 00:00:00+00:00
[2026-07-25T09:24:39.673+0000] {logging_mixin.py:190} INFO - [2026-07-25T09:24:39.673+0000] {dag.py:4180} INFO - Setting next_dagrun for example_branch_datetime_operator_2 to 2026-07-24 00:00:00+00:00, run_after=2026-07-25 00:00:00+00:00
[2026-07-25T09:24:39.675+0000] {logging_mixin.py:190} INFO - [2026-07-25T09:24:39.674+0000] {dag.py:4180} INFO - Setting next_dagrun for example_branch_datetime_operator_3 to 2026-07-24 00:00:00+00:00, run_after=2026-07-25 00:00:00+00:00
[2026-07-25T09:24:39.685+0000] {processor.py:208} INFO - Processing /home/airflow/.local/lib/python3.12/site-packages/airflow/example_dags/example_branch_datetime_operator.py took 0.067 seconds
[2026-07-25T09:25:12.457+0000] {processor.py:186} INFO - Started process (PID=242) to work on /home/airflow/.local/lib/python3.12/site-packages/airflow/example_dags/example_branch_datetime_operator.py
[2026-07-25T09:25:12.458+0000] {processor.py:914} INFO - Processing file /home/airflow/.local/lib/python3.12/site-packages/airflow/example_dags/example_branch_datetime_operator.py for tasks to queue
[2026-07-25T09:25:12.460+0000] {logging_mixin.py:190} INFO - [2026-07-25T09:25:12.459+0000] {dagbag.py:588} INFO - Filling up the DagBag from /home/airflow/.local/lib/python3.12/site-packages/airflow/example_dags/example_branch_datetime_operator.py
[2026-07-25T09:25:12.468+0000] {processor.py:925} INFO - DAG(s) 'example_branch_datetime_operator', 'example_branch_datetime_operator_3', 'example_branch_datetime_operator_2' retrieved from /home/airflow/.local/lib/python3.12/site-packages/airflow/example_dags/example_branch_datetime_operator.py
[2026-07-25T09:25:12.485+0000] {logging_mixin.py:190} INFO - [2026-07-25T09:25:12.484+0000] {dag.py:3239} INFO - Sync 3 DAGs
[2026-07-25T09:25:12.499+0000] {logging_mixin.py:190} INFO - [2026-07-25T09:25:12.499+0000] {dag.py:4180} INFO - Setting next_dagrun for example_branch_datetime_operator to 2026-07-24 00:00:00+00:00, run_after=2026-07-25 00:00:00+00:00
[2026-07-25T09:25:12.502+0000] {logging_mixin.py:190} INFO - [2026-07-25T09:25:12.502+0000] {dag.py:4180} INFO - Setting next_dagrun for example_branch_datetime_operator_2 to 2026-07-24 00:00:00+00:00, run_after=2026-07-25 00:00:00+00:00
[2026-07-25T09:25:12.504+0000] {logging_mixin.py:190} INFO - [2026-07-25T09:25:12.504+0000] {dag.py:4180} INFO - Setting next_dagrun for example_branch_datetime_operator_3 to 2026-07-24 00:00:00+00:00, run_after=2026-07-25 00:00:00+00:00
[2026-07-25T09:25:12.514+0000] {processor.py:208} INFO - Processing /home/airflow/.local/lib/python3.12/site-packages/airflow/example_dags/example_branch_datetime_operator.py took 0.060 seconds
[2026-07-25T09:25:46.360+0000] {processor.py:186} INFO - Started process (PID=305) to work on /home/airflow/.local/lib/python3.12/site-packages/airflow/example_dags/example_branch_datetime_operator.py
[2026-07-25T09:25:46.361+0000] {processor.py:914} INFO - Processing file /home/airflow/.local/lib/python3.12/site-packages/airflow/example_dags/example_branch_datetime_operator.py for tasks to queue
[2026-07-25T09:25:46.363+0000] {logging_mixin.py:190} INFO - [2026-07-25T09:25:46.363+0000] {dagbag.py:588} INFO - Filling up the DagBag from /home/airflow/.local/lib/python3.12/site-packages/airflow/example_dags/example_branch_datetime_operator.py
[2026-07-25T09:25:46.371+0000] {processor.py:925} INFO - DAG(s) 'example_branch_datetime_operator_2', 'example_branch_datetime_operator_3', 'example_branch_datetime_operator' retrieved from /home/airflow/.local/lib/python3.12/site-packages/airflow/example_dags/example_branch_datetime_operator.py
[2026-07-25T09:25:46.387+0000] {logging_mixin.py:190} INFO - [2026-07-25T09:25:46.387+0000] {dag.py:3239} INFO - Sync 3 DAGs
[2026-07-25T09:25:46.400+0000] {logging_mixin.py:190} INFO - [2026-07-25T09:25:46.400+0000] {dag.py:4180} INFO - Setting next_dagrun for example_branch_datetime_operator to 2026-07-24 00:00:00+00:00, run_after=2026-07-25 00:00:00+00:00
[2026-07-25T09:25:46.403+0000] {logging_mixin.py:190} INFO - [2026-07-25T09:25:46.403+0000] {dag.py:4180} INFO - Setting next_dagrun for example_branch_datetime_operator_2 to 2026-07-24 00:00:00+00:00, run_after=2026-07-25 00:00:00+00:00
[2026-07-25T09:25:46.405+0000] {logging_mixin.py:190} INFO - [2026-07-25T09:25:46.405+0000] {dag.py:4180} INFO - Setting next_dagrun for example_branch_datetime_operator_3 to 2026-07-24 00:00:00+00:00, run_after=2026-07-25 00:00:00+00:00
[2026-07-25T09:25:46.417+0000] {processor.py:208} INFO - Processing /home/airflow/.local/lib/python3.12/site-packages/airflow/example_dags/example_branch_datetime_operator.py took 0.060 seconds
[2026-07-25T09:27:04.130+0000] {processor.py:186} INFO - Started process (PID=118) to work on /home/airflow/.local/lib/python3.12/site-packages/airflow/example_dags/example_branch_datetime_operator.py
[2026-07-25T09:27:04.131+0000] {processor.py:914} INFO - Processing file /home/airflow/.local/lib/python3.12/site-packages/airflow/example_dags/example_branch_datetime_operator.py for tasks to queue
[2026-07-25T09:27:04.133+0000] {logging_mixin.py:190} INFO - [2026-07-25T09:27:04.133+0000] {dagbag.py:588} INFO - Filling up the DagBag from /home/airflow/.local/lib/python3.12/site-packages/airflow/example_dags/example_branch_datetime_operator.py
[2026-07-25T09:27:04.142+0000] {processor.py:925} INFO - DAG(s) 'example_branch_datetime_operator', 'example_branch_datetime_operator_3', 'example_branch_datetime_operator_2' retrieved from /home/airflow/.local/lib/python3.12/site-packages/airflow/example_dags/example_branch_datetime_operator.py
[2026-07-25T09:27:04.208+0000] {logging_mixin.py:190} INFO - [2026-07-25T09:27:04.208+0000] {override.py:1932} INFO - Created Permission View: can edit on DAG:example_branch_datetime_operator
[2026-07-25T09:27:04.215+0000] {logging_mixin.py:190} INFO - [2026-07-25T09:27:04.214+0000] {override.py:1932} INFO - Created Permission View: can read on DAG:example_branch_datetime_operator
[2026-07-25T09:27:04.220+0000] {logging_mixin.py:190} INFO - [2026-07-25T09:27:04.220+0000] {override.py:1932} INFO - Created Permission View: can delete on DAG:example_branch_datetime_operator
[2026-07-25T09:27:04.227+0000] {logging_mixin.py:190} INFO - [2026-07-25T09:27:04.226+0000] {override.py:1932} INFO - Created Permission View: menu access on DAG Run:example_branch_datetime_operator
[2026-07-25T09:27:04.231+0000] {logging_mixin.py:190} INFO - [2026-07-25T09:27:04.231+0000] {override.py:1932} INFO - Created Permission View: can read on DAG Run:example_branch_datetime_operator
[2026-07-25T09:27:04.237+0000] {logging_mixin.py:190} INFO - [2026-07-25T09:27:04.236+0000] {override.py:1932} INFO - Created Permission View: can create on DAG Run:example_branch_datetime_operator
[2026-07-25T09:27:04.242+0000] {logging_mixin.py:190} INFO - [2026-07-25T09:27:04.242+0000] {override.py:1932} INFO - Created Permission View: can delete on DAG Run:example_branch_datetime_operator
[2026-07-25T09:27:04.252+0000] {logging_mixin.py:190} INFO - [2026-07-25T09:27:04.252+0000] {override.py:1932} INFO - Created Permission View: can edit on DAG:example_branch_datetime_operator_3
[2026-07-25T09:27:04.257+0000] {logging_mixin.py:190} INFO - [2026-07-25T09:27:04.257+0000] {override.py:1932} INFO - Created Permission View: can read on DAG:example_branch_datetime_operator_3
[2026-07-25T09:27:04.263+0000] {logging_mixin.py:190} INFO - [2026-07-25T09:27:04.263+0000] {override.py:1932} INFO - Created Permission View: can delete on DAG:example_branch_datetime_operator_3
[2026-07-25T09:27:04.270+0000] {logging_mixin.py:190} INFO - [2026-07-25T09:27:04.270+0000] {override.py:1932} INFO - Created Permission View: menu access on DAG Run:example_branch_datetime_operator_3
[2026-07-25T09:27:04.275+0000] {logging_mixin.py:190} INFO - [2026-07-25T09:27:04.275+0000] {override.py:1932} INFO - Created Permission View: can read on DAG Run:example_branch_datetime_operator_3
[2026-07-25T09:27:04.279+0000] {logging_mixin.py:190} INFO - [2026-07-25T09:27:04.279+0000] {override.py:1932} INFO - Created Permission View: can create on DAG Run:example_branch_datetime_operator_3
[2026-07-25T09:27:04.284+0000] {logging_mixin.py:190} INFO - [2026-07-25T09:27:04.284+0000] {override.py:1932} INFO - Created Permission View: can delete on DAG Run:example_branch_datetime_operator_3
[2026-07-25T09:27:04.293+0000] {logging_mixin.py:190} INFO - [2026-07-25T09:27:04.293+0000] {override.py:1932} INFO - Created Permission View: can edit on DAG:example_branch_datetime_operator_2
[2026-07-25T09:27:04.302+0000] {logging_mixin.py:190} INFO - [2026-07-25T09:27:04.302+0000] {override.py:1932} INFO - Created Permission View: can read on DAG:example_branch_datetime_operator_2
[2026-07-25T09:27:04.307+0000] {logging_mixin.py:190} INFO - [2026-07-25T09:27:04.307+0000] {override.py:1932} INFO - Created Permission View: can delete on DAG:example_branch_datetime_operator_2
[2026-07-25T09:27:04.313+0000] {logging_mixin.py:190} INFO - [2026-07-25T09:27:04.313+0000] {override.py:1932} INFO - Created Permission View: menu access on DAG Run:example_branch_datetime_operator_2
[2026-07-25T09:27:04.318+0000] {logging_mixin.py:190} INFO - [2026-07-25T09:27:04.318+0000] {override.py:1932} INFO - Created Permission View: can read on DAG Run:example_branch_datetime_operator_2
[2026-07-25T09:27:04.323+0000] {logging_mixin.py:190} INFO - [2026-07-25T09:27:04.322+0000] {override.py:1932} INFO - Created Permission View: can create on DAG Run:example_branch_datetime_operator_2
[2026-07-25T09:27:04.327+0000] {logging_mixin.py:190} INFO - [2026-07-25T09:27:04.327+0000] {override.py:1932} INFO - Created Permission View: can delete on DAG Run:example_branch_datetime_operator_2
[2026-07-25T09:27:04.328+0000] {logging_mixin.py:190} INFO - [2026-07-25T09:27:04.328+0000] {dag.py:3239} INFO - Sync 3 DAGs
[2026-07-25T09:27:04.337+0000] {logging_mixin.py:190} INFO - [2026-07-25T09:27:04.336+0000] {dag.py:3262} INFO - Creating ORM DAG for example_branch_datetime_operator_3
[2026-07-25T09:27:04.337+0000] {logging_mixin.py:190} INFO - [2026-07-25T09:27:04.337+0000] {dag.py:3262} INFO - Creating ORM DAG for example_branch_datetime_operator
[2026-07-25T09:27:04.338+0000] {logging_mixin.py:190} INFO - [2026-07-25T09:27:04.338+0000] {dag.py:3262} INFO - Creating ORM DAG for example_branch_datetime_operator_2
[2026-07-25T09:27:04.345+0000] {logging_mixin.py:190} INFO - [2026-07-25T09:27:04.345+0000] {dag.py:4180} INFO - Setting next_dagrun for example_branch_datetime_operator to 2026-07-24 00:00:00+00:00, run_after=2026-07-25 00:00:00+00:00
[2026-07-25T09:27:04.346+0000] {logging_mixin.py:190} INFO - [2026-07-25T09:27:04.346+0000] {dag.py:4180} INFO - Setting next_dagrun for example_branch_datetime_operator_2 to 2026-07-24 00:00:00+00:00, run_after=2026-07-25 00:00:00+00:00
[2026-07-25T09:27:04.348+0000] {logging_mixin.py:190} INFO - [2026-07-25T09:27:04.348+0000] {dag.py:4180} INFO - Setting next_dagrun for example_branch_datetime_operator_3 to 2026-07-24 00:00:00+00:00, run_after=2026-07-25 00:00:00+00:00
[2026-07-25T09:27:04.359+0000] {processor.py:208} INFO - Processing /home/airflow/.local/lib/python3.12/site-packages/airflow/example_dags/example_branch_datetime_operator.py took 0.233 seconds
[2026-07-25T09:27:38.455+0000] {processor.py:186} INFO - Started process (PID=181) to work on /home/airflow/.local/lib/python3.12/site-packages/airflow/example_dags/example_branch_datetime_operator.py
[2026-07-25T09:27:38.455+0000] {processor.py:914} INFO - Processing file /home/airflow/.local/lib/python3.12/site-packages/airflow/example_dags/example_branch_datetime_operator.py for tasks to queue
[2026-07-25T09:27:38.458+0000] {logging_mixin.py:190} INFO - [2026-07-25T09:27:38.457+0000] {dagbag.py:588} INFO - Filling up the DagBag from /home/airflow/.local/lib/python3.12/site-packages/airflow/example_dags/example_branch_datetime_operator.py
[2026-07-25T09:27:38.467+0000] {processor.py:925} INFO - DAG(s) 'example_branch_datetime_operator_3', 'example_branch_datetime_operator_2', 'example_branch_datetime_operator' retrieved from /home/airflow/.local/lib/python3.12/site-packages/airflow/example_dags/example_branch_datetime_operator.py
[2026-07-25T09:27:38.484+0000] {logging_mixin.py:190} INFO - [2026-07-25T09:27:38.484+0000] {dag.py:3239} INFO - Sync 3 DAGs
[2026-07-25T09:27:38.499+0000] {logging_mixin.py:190} INFO - [2026-07-25T09:27:38.498+0000] {dag.py:4180} INFO - Setting next_dagrun for example_branch_datetime_operator to 2026-07-24 00:00:00+00:00, run_after=2026-07-25 00:00:00+00:00
[2026-07-25T09:27:38.501+0000] {logging_mixin.py:190} INFO - [2026-07-25T09:27:38.501+0000] {dag.py:4180} INFO - Setting next_dagrun for example_branch_datetime_operator_2 to 2026-07-24 00:00:00+00:00, run_after=2026-07-25 00:00:00+00:00
[2026-07-25T09:27:38.504+0000] {logging_mixin.py:190} INFO - [2026-07-25T09:27:38.503+0000] {dag.py:4180} INFO - Setting next_dagrun for example_branch_datetime_operator_3 to 2026-07-24 00:00:00+00:00, run_after=2026-07-25 00:00:00+00:00
[2026-07-25T09:27:38.528+0000] {processor.py:208} INFO - Processing /home/airflow/.local/lib/python3.12/site-packages/airflow/example_dags/example_branch_datetime_operator.py took 0.078 seconds
[2026-07-25T09:28:08.861+0000] {processor.py:186} INFO - Started process (PID=243) to work on /home/airflow/.local/lib/python3.12/site-packages/airflow/example_dags/example_branch_datetime_operator.py
[2026-07-25T09:28:08.862+0000] {processor.py:914} INFO - Processing file /home/airflow/.local/lib/python3.12/site-packages/airflow/example_dags/example_branch_datetime_operator.py for tasks to queue
[2026-07-25T09:28:08.864+0000] {logging_mixin.py:190} INFO - [2026-07-25T09:28:08.864+0000] {dagbag.py:588} INFO - Filling up the DagBag from /home/airflow/.local/lib/python3.12/site-packages/airflow/example_dags/example_branch_datetime_operator.py
[2026-07-25T09:28:08.873+0000] {processor.py:925} INFO - DAG(s) 'example_branch_datetime_operator_3', 'example_branch_datetime_operator_2', 'example_branch_datetime_operator' retrieved from /home/airflow/.local/lib/python3.12/site-packages/airflow/example_dags/example_branch_datetime_operator.py
[2026-07-25T09:28:08.889+0000] {logging_mixin.py:190} INFO - [2026-07-25T09:28:08.889+0000] {dag.py:3239} INFO - Sync 3 DAGs
[2026-07-25T09:28:08.903+0000] {logging_mixin.py:190} INFO - [2026-07-25T09:28:08.903+0000] {dag.py:4180} INFO - Setting next_dagrun for example_branch_datetime_operator to 2026-07-24 00:00:00+00:00, run_after=2026-07-25 00:00:00+00:00
[2026-07-25T09:28:08.907+0000] {logging_mixin.py:190} INFO - [2026-07-25T09:28:08.906+0000] {dag.py:4180} INFO - Setting next_dagrun for example_branch_datetime_operator_2 to 2026-07-24 00:00:00+00:00, run_after=2026-07-25 00:00:00+00:00
[2026-07-25T09:28:08.908+0000] {logging_mixin.py:190} INFO - [2026-07-25T09:28:08.908+0000] {dag.py:4180} INFO - Setting next_dagrun for example_branch_datetime_operator_3 to 2026-07-24 00:00:00+00:00, run_after=2026-07-25 00:00:00+00:00
[2026-07-25T09:28:08.920+0000] {processor.py:208} INFO - Processing /home/airflow/.local/lib/python3.12/site-packages/airflow/example_dags/example_branch_datetime_operator.py took 0.063 seconds
[2026-07-25T09:28:40.460+0000] {processor.py:186} INFO - Started process (PID=305) to work on /home/airflow/.local/lib/python3.12/site-packages/airflow/example_dags/example_branch_datetime_operator.py
[2026-07-25T09:28:40.461+0000] {processor.py:914} INFO - Processing file /home/airflow/.local/lib/python3.12/site-packages/airflow/example_dags/example_branch_datetime_operator.py for tasks to queue
[2026-07-25T09:28:40.463+0000] {logging_mixin.py:190} INFO - [2026-07-25T09:28:40.463+0000] {dagbag.py:588} INFO - Filling up the DagBag from /home/airflow/.local/lib/python3.12/site-packages/airflow/example_dags/example_branch_datetime_operator.py
[2026-07-25T09:28:40.471+0000] {processor.py:925} INFO - DAG(s) 'example_branch_datetime_operator', 'example_branch_datetime_operator_3', 'example_branch_datetime_operator_2' retrieved from /home/airflow/.local/lib/python3.12/site-packages/airflow/example_dags/example_branch_datetime_operator.py
[2026-07-25T09:28:40.488+0000] {logging_mixin.py:190} INFO - [2026-07-25T09:28:40.488+0000] {dag.py:3239} INFO - Sync 3 DAGs
[2026-07-25T09:28:40.501+0000] {logging_mixin.py:190} INFO - [2026-07-25T09:28:40.501+0000] {dag.py:4180} INFO - Setting next_dagrun for example_branch_datetime_operator to 2026-07-24 00:00:00+00:00, run_after=2026-07-25 00:00:00+00:00
[2026-07-25T09:28:40.504+0000] {logging_mixin.py:190} INFO - [2026-07-25T09:28:40.504+0000] {dag.py:4180} INFO - Setting next_dagrun for example_branch_datetime_operator_2 to 2026-07-24 00:00:00+00:00, run_after=2026-07-25 00:00:00+00:00
[2026-07-25T09:28:40.506+0000] {logging_mixin.py:190} INFO - [2026-07-25T09:28:40.506+0000] {dag.py:4180} INFO - Setting next_dagrun for example_branch_datetime_operator_3 to 2026-07-24 00:00:00+00:00, run_after=2026-07-25 00:00:00+00:00
[2026-07-25T09:28:40.524+0000] {processor.py:208} INFO - Processing /home/airflow/.local/lib/python3.12/site-packages/airflow/example_dags/example_branch_datetime_operator.py took 0.067 seconds
[2026-07-25T09:29:14.965+0000] {processor.py:186} INFO - Started process (PID=368) to work on /home/airflow/.local/lib/python3.12/site-packages/airflow/example_dags/example_branch_datetime_operator.py
[2026-07-25T09:29:14.966+0000] {processor.py:914} INFO - Processing file /home/airflow/.local/lib/python3.12/site-packages/airflow/example_dags/example_branch_datetime_operator.py for tasks to queue
[2026-07-25T09:29:14.968+0000] {logging_mixin.py:190} INFO - [2026-07-25T09:29:14.968+0000] {dagbag.py:588} INFO - Filling up the DagBag from /home/airflow/.local/lib/python3.12/site-packages/airflow/example_dags/example_branch_datetime_operator.py
[2026-07-25T09:29:14.976+0000] {processor.py:925} INFO - DAG(s) 'example_branch_datetime_operator', 'example_branch_datetime_operator_3', 'example_branch_datetime_operator_2' retrieved from /home/airflow/.local/lib/python3.12/site-packages/airflow/example_dags/example_branch_datetime_operator.py
[2026-07-25T09:29:14.993+0000] {logging_mixin.py:190} INFO - [2026-07-25T09:29:14.993+0000] {dag.py:3239} INFO - Sync 3 DAGs
[2026-07-25T09:29:15.007+0000] {logging_mixin.py:190} INFO - [2026-07-25T09:29:15.006+0000] {dag.py:4180} INFO - Setting next_dagrun for example_branch_datetime_operator to 2026-07-24 00:00:00+00:00, run_after=2026-07-25 00:00:00+00:00
[2026-07-25T09:29:15.009+0000] {logging_mixin.py:190} INFO - [2026-07-25T09:29:15.009+0000] {dag.py:4180} INFO - Setting next_dagrun for example_branch_datetime_operator_2 to 2026-07-24 00:00:00+00:00, run_after=2026-07-25 00:00:00+00:00
[2026-07-25T09:29:15.011+0000] {logging_mixin.py:190} INFO - [2026-07-25T09:29:15.011+0000] {dag.py:4180} INFO - Setting next_dagrun for example_branch_datetime_operator_3 to 2026-07-24 00:00:00+00:00, run_after=2026-07-25 00:00:00+00:00
[2026-07-25T09:29:15.023+0000] {processor.py:208} INFO - Processing /home/airflow/.local/lib/python3.12/site-packages/airflow/example_dags/example_branch_datetime_operator.py took 0.062 seconds
[2026-07-25T09:29:45.456+0000] {processor.py:186} INFO - Started process (PID=430) to work on /home/airflow/.local/lib/python3.12/site-packages/airflow/example_dags/example_branch_datetime_operator.py
[2026-07-25T09:29:45.457+0000] {processor.py:914} INFO - Processing file /home/airflow/.local/lib/python3.12/site-packages/airflow/example_dags/example_branch_datetime_operator.py for tasks to queue
[2026-07-25T09:29:45.459+0000] {logging_mixin.py:190} INFO - [2026-07-25T09:29:45.458+0000] {dagbag.py:588} INFO - Filling up the DagBag from /home/airflow/.local/lib/python3.12/site-packages/airflow/example_dags/example_branch_datetime_operator.py
[2026-07-25T09:29:45.467+0000] {processor.py:925} INFO - DAG(s) 'example_branch_datetime_operator', 'example_branch_datetime_operator_2', 'example_branch_datetime_operator_3' retrieved from /home/airflow/.local/lib/python3.12/site-packages/airflow/example_dags/example_branch_datetime_operator.py
[2026-07-25T09:29:45.486+0000] {logging_mixin.py:190} INFO - [2026-07-25T09:29:45.486+0000] {dag.py:3239} INFO - Sync 3 DAGs
[2026-07-25T09:29:45.502+0000] {logging_mixin.py:190} INFO - [2026-07-25T09:29:45.502+0000] {dag.py:4180} INFO - Setting next_dagrun for example_branch_datetime_operator to 2026-07-24 00:00:00+00:00, run_after=2026-07-25 00:00:00+00:00
[2026-07-25T09:29:45.505+0000] {logging_mixin.py:190} INFO - [2026-07-25T09:29:45.505+0000] {dag.py:4180} INFO - Setting next_dagrun for example_branch_datetime_operator_2 to 2026-07-24 00:00:00+00:00, run_after=2026-07-25 00:00:00+00:00
[2026-07-25T09:29:45.506+0000] {logging_mixin.py:190} INFO - [2026-07-25T09:29:45.506+0000] {dag.py:4180} INFO - Setting next_dagrun for example_branch_datetime_operator_3 to 2026-07-24 00:00:00+00:00, run_after=2026-07-25 00:00:00+00:00
[2026-07-25T09:29:45.517+0000] {processor.py:208} INFO - Processing /home/airflow/.local/lib/python3.12/site-packages/airflow/example_dags/example_branch_datetime_operator.py took 0.064 seconds
[2026-07-25T09:30:16.023+0000] {processor.py:186} INFO - Started process (PID=492) to work on /home/airflow/.local/lib/python3.12/site-packages/airflow/example_dags/example_branch_datetime_operator.py
[2026-07-25T09:30:16.024+0000] {processor.py:914} INFO - Processing file /home/airflow/.local/lib/python3.12/site-packages/airflow/example_dags/example_branch_datetime_operator.py for tasks to queue
[2026-07-25T09:30:16.026+0000] {logging_mixin.py:190} INFO - [2026-07-25T09:30:16.026+0000] {dagbag.py:588} INFO - Filling up the DagBag from /home/airflow/.local/lib/python3.12/site-packages/airflow/example_dags/example_branch_datetime_operator.py
[2026-07-25T09:30:16.036+0000] {processor.py:925} INFO - DAG(s) 'example_branch_datetime_operator_2', 'example_branch_datetime_operator', 'example_branch_datetime_operator_3' retrieved from /home/airflow/.local/lib/python3.12/site-packages/airflow/example_dags/example_branch_datetime_operator.py
[2026-07-25T09:30:16.053+0000] {logging_mixin.py:190} INFO - [2026-07-25T09:30:16.053+0000] {dag.py:3239} INFO - Sync 3 DAGs
[2026-07-25T09:30:16.068+0000] {logging_mixin.py:190} INFO - [2026-07-25T09:30:16.067+0000] {dag.py:4180} INFO - Setting next_dagrun for example_branch_datetime_operator to 2026-07-24 00:00:00+00:00, run_after=2026-07-25 00:00:00+00:00
[2026-07-25T09:30:16.070+0000] {logging_mixin.py:190} INFO - [2026-07-25T09:30:16.070+0000] {dag.py:4180} INFO - Setting next_dagrun for example_branch_datetime_operator_2 to 2026-07-24 00:00:00+00:00, run_after=2026-07-25 00:00:00+00:00
[2026-07-25T09:30:16.072+0000] {logging_mixin.py:190} INFO - [2026-07-25T09:30:16.072+0000] {dag.py:4180} INFO - Setting next_dagrun for example_branch_datetime_operator_3 to 2026-07-24 00:00:00+00:00, run_after=2026-07-25 00:00:00+00:00
[2026-07-25T09:30:16.083+0000] {processor.py:208} INFO - Processing /home/airflow/.local/lib/python3.12/site-packages/airflow/example_dags/example_branch_datetime_operator.py took 0.064 seconds
[2026-07-25T09:30:46.208+0000] {processor.py:186} INFO - Started process (PID=554) to work on /home/airflow/.local/lib/python3.12/site-packages/airflow/example_dags/example_branch_datetime_operator.py
[2026-07-25T09:30:46.209+0000] {processor.py:914} INFO - Processing file /home/airflow/.local/lib/python3.12/site-packages/airflow/example_dags/example_branch_datetime_operator.py for tasks to queue
[2026-07-25T09:30:46.211+0000] {logging_mixin.py:190} INFO - [2026-07-25T09:30:46.210+0000] {dagbag.py:588} INFO - Filling up the DagBag from /home/airflow/.local/lib/python3.12/site-packages/airflow/example_dags/example_branch_datetime_operator.py
[2026-07-25T09:30:46.218+0000] {processor.py:925} INFO - DAG(s) 'example_branch_datetime_operator', 'example_branch_datetime_operator_3', 'example_branch_datetime_operator_2' retrieved from /home/airflow/.local/lib/python3.12/site-packages/airflow/example_dags/example_branch_datetime_operator.py
[2026-07-25T09:30:46.234+0000] {logging_mixin.py:190} INFO - [2026-07-25T09:30:46.234+0000] {dag.py:3239} INFO - Sync 3 DAGs
[2026-07-25T09:30:46.247+0000] {logging_mixin.py:190} INFO - [2026-07-25T09:30:46.247+0000] {dag.py:4180} INFO - Setting next_dagrun for example_branch_datetime_operator to 2026-07-24 00:00:00+00:00, run_after=2026-07-25 00:00:00+00:00
[2026-07-25T09:30:46.250+0000] {logging_mixin.py:190} INFO - [2026-07-25T09:30:46.250+0000] {dag.py:4180} INFO - Setting next_dagrun for example_branch_datetime_operator_2 to 2026-07-24 00:00:00+00:00, run_after=2026-07-25 00:00:00+00:00
[2026-07-25T09:30:46.252+0000] {logging_mixin.py:190} INFO - [2026-07-25T09:30:46.252+0000] {dag.py:4180} INFO - Setting next_dagrun for example_branch_datetime_operator_3 to 2026-07-24 00:00:00+00:00, run_after=2026-07-25 00:00:00+00:00
[2026-07-25T09:30:46.264+0000] {processor.py:208} INFO - Processing /home/airflow/.local/lib/python3.12/site-packages/airflow/example_dags/example_branch_datetime_operator.py took 0.060 seconds
