[2026-07-25T09:06:21.412+0000] {processor.py:186} INFO - Started process (PID=103) to work on /home/airflow/.local/lib/python3.12/site-packages/airflow/example_dags/example_setup_teardown_taskflow.py
[2026-07-25T09:06:21.414+0000] {processor.py:914} INFO - Processing file /home/airflow/.local/lib/python3.12/site-packages/airflow/example_dags/example_setup_teardown_taskflow.py for tasks to queue
[2026-07-25T09:06:21.416+0000] {logging_mixin.py:190} INFO - [2026-07-25T09:06:21.416+0000] {dagbag.py:588} INFO - Filling up the DagBag from /home/airflow/.local/lib/python3.12/site-packages/airflow/example_dags/example_setup_teardown_taskflow.py
[2026-07-25T09:06:21.427+0000] {processor.py:925} INFO - DAG(s) 'example_setup_teardown_taskflow' retrieved from /home/airflow/.local/lib/python3.12/site-packages/airflow/example_dags/example_setup_teardown_taskflow.py
[2026-07-25T09:06:21.517+0000] {logging_mixin.py:190} INFO - [2026-07-25T09:06:21.517+0000] {override.py:1932} INFO - Created Permission View: can edit on DAG:example_setup_teardown_taskflow
[2026-07-25T09:06:21.525+0000] {logging_mixin.py:190} INFO - [2026-07-25T09:06:21.525+0000] {override.py:1932} INFO - Created Permission View: can read on DAG:example_setup_teardown_taskflow
[2026-07-25T09:06:21.530+0000] {logging_mixin.py:190} INFO - [2026-07-25T09:06:21.530+0000] {override.py:1932} INFO - Created Permission View: can delete on DAG:example_setup_teardown_taskflow
[2026-07-25T09:06:21.536+0000] {logging_mixin.py:190} INFO - [2026-07-25T09:06:21.536+0000] {override.py:1932} INFO - Created Permission View: can create on DAG Run:example_setup_teardown_taskflow
[2026-07-25T09:06:21.541+0000] {logging_mixin.py:190} INFO - [2026-07-25T09:06:21.541+0000] {override.py:1932} INFO - Created Permission View: can read on DAG Run:example_setup_teardown_taskflow
[2026-07-25T09:06:21.549+0000] {logging_mixin.py:190} INFO - [2026-07-25T09:06:21.549+0000] {override.py:1932} INFO - Created Permission View: can delete on DAG Run:example_setup_teardown_taskflow
[2026-07-25T09:06:21.554+0000] {logging_mixin.py:190} INFO - [2026-07-25T09:06:21.554+0000] {override.py:1932} INFO - Created Permission View: menu access on DAG Run:example_setup_teardown_taskflow
[2026-07-25T09:06:21.555+0000] {logging_mixin.py:190} INFO - [2026-07-25T09:06:21.555+0000] {dag.py:3239} INFO - Sync 1 DAGs
[2026-07-25T09:06:21.566+0000] {logging_mixin.py:190} INFO - [2026-07-25T09:06:21.565+0000] {dag.py:3262} INFO - Creating ORM DAG for example_setup_teardown_taskflow
[2026-07-25T09:06:21.567+0000] {logging_mixin.py:190} INFO - [2026-07-25T09:06:21.567+0000] {dag.py:4180} INFO - Setting next_dagrun for example_setup_teardown_taskflow to None, run_after=None
[2026-07-25T09:06:21.578+0000] {processor.py:208} INFO - Processing /home/airflow/.local/lib/python3.12/site-packages/airflow/example_dags/example_setup_teardown_taskflow.py took 0.170 seconds
[2026-07-25T09:06:54.569+0000] {processor.py:186} INFO - Started process (PID=166) to work on /home/airflow/.local/lib/python3.12/site-packages/airflow/example_dags/example_setup_teardown_taskflow.py
[2026-07-25T09:06:54.570+0000] {processor.py:914} INFO - Processing file /home/airflow/.local/lib/python3.12/site-packages/airflow/example_dags/example_setup_teardown_taskflow.py for tasks to queue
[2026-07-25T09:06:54.572+0000] {logging_mixin.py:190} INFO - [2026-07-25T09:06:54.571+0000] {dagbag.py:588} INFO - Filling up the DagBag from /home/airflow/.local/lib/python3.12/site-packages/airflow/example_dags/example_setup_teardown_taskflow.py
[2026-07-25T09:06:54.579+0000] {processor.py:925} INFO - DAG(s) 'example_setup_teardown_taskflow' retrieved from /home/airflow/.local/lib/python3.12/site-packages/airflow/example_dags/example_setup_teardown_taskflow.py
[2026-07-25T09:06:54.593+0000] {logging_mixin.py:190} INFO - [2026-07-25T09:06:54.593+0000] {dag.py:3239} INFO - Sync 1 DAGs
[2026-07-25T09:06:54.603+0000] {logging_mixin.py:190} INFO - [2026-07-25T09:06:54.602+0000] {dag.py:4180} INFO - Setting next_dagrun for example_setup_teardown_taskflow to None, run_after=None
[2026-07-25T09:06:54.614+0000] {processor.py:208} INFO - Processing /home/airflow/.local/lib/python3.12/site-packages/airflow/example_dags/example_setup_teardown_taskflow.py took 0.048 seconds
[2026-07-25T09:07:29.094+0000] {processor.py:186} INFO - Started process (PID=229) to work on /home/airflow/.local/lib/python3.12/site-packages/airflow/example_dags/example_setup_teardown_taskflow.py
[2026-07-25T09:07:29.094+0000] {processor.py:914} INFO - Processing file /home/airflow/.local/lib/python3.12/site-packages/airflow/example_dags/example_setup_teardown_taskflow.py for tasks to queue
[2026-07-25T09:07:29.096+0000] {logging_mixin.py:190} INFO - [2026-07-25T09:07:29.096+0000] {dagbag.py:588} INFO - Filling up the DagBag from /home/airflow/.local/lib/python3.12/site-packages/airflow/example_dags/example_setup_teardown_taskflow.py
[2026-07-25T09:07:29.103+0000] {processor.py:925} INFO - DAG(s) 'example_setup_teardown_taskflow' retrieved from /home/airflow/.local/lib/python3.12/site-packages/airflow/example_dags/example_setup_teardown_taskflow.py
[2026-07-25T09:07:29.117+0000] {logging_mixin.py:190} INFO - [2026-07-25T09:07:29.117+0000] {dag.py:3239} INFO - Sync 1 DAGs
[2026-07-25T09:07:29.125+0000] {logging_mixin.py:190} INFO - [2026-07-25T09:07:29.125+0000] {dag.py:4180} INFO - Setting next_dagrun for example_setup_teardown_taskflow to None, run_after=None
[2026-07-25T09:07:29.135+0000] {processor.py:208} INFO - Processing /home/airflow/.local/lib/python3.12/site-packages/airflow/example_dags/example_setup_teardown_taskflow.py took 0.045 seconds
[2026-07-25T09:08:00.078+0000] {processor.py:186} INFO - Started process (PID=291) to work on /home/airflow/.local/lib/python3.12/site-packages/airflow/example_dags/example_setup_teardown_taskflow.py
[2026-07-25T09:08:00.079+0000] {processor.py:914} INFO - Processing file /home/airflow/.local/lib/python3.12/site-packages/airflow/example_dags/example_setup_teardown_taskflow.py for tasks to queue
[2026-07-25T09:08:00.081+0000] {logging_mixin.py:190} INFO - [2026-07-25T09:08:00.081+0000] {dagbag.py:588} INFO - Filling up the DagBag from /home/airflow/.local/lib/python3.12/site-packages/airflow/example_dags/example_setup_teardown_taskflow.py
[2026-07-25T09:08:00.088+0000] {processor.py:925} INFO - DAG(s) 'example_setup_teardown_taskflow' retrieved from /home/airflow/.local/lib/python3.12/site-packages/airflow/example_dags/example_setup_teardown_taskflow.py
[2026-07-25T09:08:00.102+0000] {logging_mixin.py:190} INFO - [2026-07-25T09:08:00.102+0000] {dag.py:3239} INFO - Sync 1 DAGs
[2026-07-25T09:08:00.110+0000] {logging_mixin.py:190} INFO - [2026-07-25T09:08:00.110+0000] {dag.py:4180} INFO - Setting next_dagrun for example_setup_teardown_taskflow to None, run_after=None
[2026-07-25T09:08:00.122+0000] {processor.py:208} INFO - Processing /home/airflow/.local/lib/python3.12/site-packages/airflow/example_dags/example_setup_teardown_taskflow.py took 0.047 seconds
[2026-07-25T09:08:30.386+0000] {processor.py:186} INFO - Started process (PID=353) to work on /home/airflow/.local/lib/python3.12/site-packages/airflow/example_dags/example_setup_teardown_taskflow.py
[2026-07-25T09:08:30.387+0000] {processor.py:914} INFO - Processing file /home/airflow/.local/lib/python3.12/site-packages/airflow/example_dags/example_setup_teardown_taskflow.py for tasks to queue
[2026-07-25T09:08:30.389+0000] {logging_mixin.py:190} INFO - [2026-07-25T09:08:30.389+0000] {dagbag.py:588} INFO - Filling up the DagBag from /home/airflow/.local/lib/python3.12/site-packages/airflow/example_dags/example_setup_teardown_taskflow.py
[2026-07-25T09:08:30.396+0000] {processor.py:925} INFO - DAG(s) 'example_setup_teardown_taskflow' retrieved from /home/airflow/.local/lib/python3.12/site-packages/airflow/example_dags/example_setup_teardown_taskflow.py
[2026-07-25T09:08:30.410+0000] {logging_mixin.py:190} INFO - [2026-07-25T09:08:30.410+0000] {dag.py:3239} INFO - Sync 1 DAGs
[2026-07-25T09:08:30.418+0000] {logging_mixin.py:190} INFO - [2026-07-25T09:08:30.418+0000] {dag.py:4180} INFO - Setting next_dagrun for example_setup_teardown_taskflow to None, run_after=None
[2026-07-25T09:08:30.430+0000] {processor.py:208} INFO - Processing /home/airflow/.local/lib/python3.12/site-packages/airflow/example_dags/example_setup_teardown_taskflow.py took 0.047 seconds
[2026-07-25T09:09:01.267+0000] {processor.py:186} INFO - Started process (PID=415) to work on /home/airflow/.local/lib/python3.12/site-packages/airflow/example_dags/example_setup_teardown_taskflow.py
[2026-07-25T09:09:01.268+0000] {processor.py:914} INFO - Processing file /home/airflow/.local/lib/python3.12/site-packages/airflow/example_dags/example_setup_teardown_taskflow.py for tasks to queue
[2026-07-25T09:09:01.270+0000] {logging_mixin.py:190} INFO - [2026-07-25T09:09:01.270+0000] {dagbag.py:588} INFO - Filling up the DagBag from /home/airflow/.local/lib/python3.12/site-packages/airflow/example_dags/example_setup_teardown_taskflow.py
[2026-07-25T09:09:01.276+0000] {processor.py:925} INFO - DAG(s) 'example_setup_teardown_taskflow' retrieved from /home/airflow/.local/lib/python3.12/site-packages/airflow/example_dags/example_setup_teardown_taskflow.py
[2026-07-25T09:09:01.290+0000] {logging_mixin.py:190} INFO - [2026-07-25T09:09:01.289+0000] {dag.py:3239} INFO - Sync 1 DAGs
[2026-07-25T09:09:01.298+0000] {logging_mixin.py:190} INFO - [2026-07-25T09:09:01.297+0000] {dag.py:4180} INFO - Setting next_dagrun for example_setup_teardown_taskflow to None, run_after=None
[2026-07-25T09:09:01.310+0000] {processor.py:208} INFO - Processing /home/airflow/.local/lib/python3.12/site-packages/airflow/example_dags/example_setup_teardown_taskflow.py took 0.046 seconds
[2026-07-25T09:09:32.137+0000] {processor.py:186} INFO - Started process (PID=478) to work on /home/airflow/.local/lib/python3.12/site-packages/airflow/example_dags/example_setup_teardown_taskflow.py
[2026-07-25T09:09:32.137+0000] {processor.py:914} INFO - Processing file /home/airflow/.local/lib/python3.12/site-packages/airflow/example_dags/example_setup_teardown_taskflow.py for tasks to queue
[2026-07-25T09:09:32.139+0000] {logging_mixin.py:190} INFO - [2026-07-25T09:09:32.139+0000] {dagbag.py:588} INFO - Filling up the DagBag from /home/airflow/.local/lib/python3.12/site-packages/airflow/example_dags/example_setup_teardown_taskflow.py
[2026-07-25T09:09:32.145+0000] {processor.py:925} INFO - DAG(s) 'example_setup_teardown_taskflow' retrieved from /home/airflow/.local/lib/python3.12/site-packages/airflow/example_dags/example_setup_teardown_taskflow.py
[2026-07-25T09:09:32.159+0000] {logging_mixin.py:190} INFO - [2026-07-25T09:09:32.159+0000] {dag.py:3239} INFO - Sync 1 DAGs
[2026-07-25T09:09:32.167+0000] {logging_mixin.py:190} INFO - [2026-07-25T09:09:32.167+0000] {dag.py:4180} INFO - Setting next_dagrun for example_setup_teardown_taskflow to None, run_after=None
[2026-07-25T09:09:32.178+0000] {processor.py:208} INFO - Processing /home/airflow/.local/lib/python3.12/site-packages/airflow/example_dags/example_setup_teardown_taskflow.py took 0.045 seconds
[2026-07-25T09:10:02.410+0000] {processor.py:186} INFO - Started process (PID=541) to work on /home/airflow/.local/lib/python3.12/site-packages/airflow/example_dags/example_setup_teardown_taskflow.py
[2026-07-25T09:10:02.411+0000] {processor.py:914} INFO - Processing file /home/airflow/.local/lib/python3.12/site-packages/airflow/example_dags/example_setup_teardown_taskflow.py for tasks to queue
[2026-07-25T09:10:02.413+0000] {logging_mixin.py:190} INFO - [2026-07-25T09:10:02.413+0000] {dagbag.py:588} INFO - Filling up the DagBag from /home/airflow/.local/lib/python3.12/site-packages/airflow/example_dags/example_setup_teardown_taskflow.py
[2026-07-25T09:10:02.419+0000] {processor.py:925} INFO - DAG(s) 'example_setup_teardown_taskflow' retrieved from /home/airflow/.local/lib/python3.12/site-packages/airflow/example_dags/example_setup_teardown_taskflow.py
[2026-07-25T09:10:02.433+0000] {logging_mixin.py:190} INFO - [2026-07-25T09:10:02.433+0000] {dag.py:3239} INFO - Sync 1 DAGs
[2026-07-25T09:10:02.442+0000] {logging_mixin.py:190} INFO - [2026-07-25T09:10:02.442+0000] {dag.py:4180} INFO - Setting next_dagrun for example_setup_teardown_taskflow to None, run_after=None
[2026-07-25T09:10:02.455+0000] {processor.py:208} INFO - Processing /home/airflow/.local/lib/python3.12/site-packages/airflow/example_dags/example_setup_teardown_taskflow.py took 0.048 seconds
[2026-07-25T09:10:33.025+0000] {processor.py:186} INFO - Started process (PID=604) to work on /home/airflow/.local/lib/python3.12/site-packages/airflow/example_dags/example_setup_teardown_taskflow.py
[2026-07-25T09:10:33.026+0000] {processor.py:914} INFO - Processing file /home/airflow/.local/lib/python3.12/site-packages/airflow/example_dags/example_setup_teardown_taskflow.py for tasks to queue
[2026-07-25T09:10:33.028+0000] {logging_mixin.py:190} INFO - [2026-07-25T09:10:33.028+0000] {dagbag.py:588} INFO - Filling up the DagBag from /home/airflow/.local/lib/python3.12/site-packages/airflow/example_dags/example_setup_teardown_taskflow.py
[2026-07-25T09:10:33.035+0000] {processor.py:925} INFO - DAG(s) 'example_setup_teardown_taskflow' retrieved from /home/airflow/.local/lib/python3.12/site-packages/airflow/example_dags/example_setup_teardown_taskflow.py
[2026-07-25T09:10:33.048+0000] {logging_mixin.py:190} INFO - [2026-07-25T09:10:33.047+0000] {dag.py:3239} INFO - Sync 1 DAGs
[2026-07-25T09:10:33.056+0000] {logging_mixin.py:190} INFO - [2026-07-25T09:10:33.056+0000] {dag.py:4180} INFO - Setting next_dagrun for example_setup_teardown_taskflow to None, run_after=None
[2026-07-25T09:10:33.068+0000] {processor.py:208} INFO - Processing /home/airflow/.local/lib/python3.12/site-packages/airflow/example_dags/example_setup_teardown_taskflow.py took 0.046 seconds
[2026-07-25T09:11:05.288+0000] {processor.py:186} INFO - Started process (PID=667) to work on /home/airflow/.local/lib/python3.12/site-packages/airflow/example_dags/example_setup_teardown_taskflow.py
[2026-07-25T09:11:05.288+0000] {processor.py:914} INFO - Processing file /home/airflow/.local/lib/python3.12/site-packages/airflow/example_dags/example_setup_teardown_taskflow.py for tasks to queue
[2026-07-25T09:11:05.290+0000] {logging_mixin.py:190} INFO - [2026-07-25T09:11:05.290+0000] {dagbag.py:588} INFO - Filling up the DagBag from /home/airflow/.local/lib/python3.12/site-packages/airflow/example_dags/example_setup_teardown_taskflow.py
[2026-07-25T09:11:05.297+0000] {processor.py:925} INFO - DAG(s) 'example_setup_teardown_taskflow' retrieved from /home/airflow/.local/lib/python3.12/site-packages/airflow/example_dags/example_setup_teardown_taskflow.py
[2026-07-25T09:11:05.310+0000] {logging_mixin.py:190} INFO - [2026-07-25T09:11:05.310+0000] {dag.py:3239} INFO - Sync 1 DAGs
[2026-07-25T09:11:05.319+0000] {logging_mixin.py:190} INFO - [2026-07-25T09:11:05.318+0000] {dag.py:4180} INFO - Setting next_dagrun for example_setup_teardown_taskflow to None, run_after=None
[2026-07-25T09:11:05.329+0000] {processor.py:208} INFO - Processing /home/airflow/.local/lib/python3.12/site-packages/airflow/example_dags/example_setup_teardown_taskflow.py took 0.045 seconds
[2026-07-25T09:11:35.521+0000] {processor.py:186} INFO - Started process (PID=728) to work on /home/airflow/.local/lib/python3.12/site-packages/airflow/example_dags/example_setup_teardown_taskflow.py
[2026-07-25T09:11:35.522+0000] {processor.py:914} INFO - Processing file /home/airflow/.local/lib/python3.12/site-packages/airflow/example_dags/example_setup_teardown_taskflow.py for tasks to queue
[2026-07-25T09:11:35.526+0000] {logging_mixin.py:190} INFO - [2026-07-25T09:11:35.525+0000] {dagbag.py:588} INFO - Filling up the DagBag from /home/airflow/.local/lib/python3.12/site-packages/airflow/example_dags/example_setup_teardown_taskflow.py
[2026-07-25T09:11:35.534+0000] {processor.py:925} INFO - DAG(s) 'example_setup_teardown_taskflow' retrieved from /home/airflow/.local/lib/python3.12/site-packages/airflow/example_dags/example_setup_teardown_taskflow.py
[2026-07-25T09:11:35.552+0000] {logging_mixin.py:190} INFO - [2026-07-25T09:11:35.552+0000] {dag.py:3239} INFO - Sync 1 DAGs
[2026-07-25T09:11:35.561+0000] {logging_mixin.py:190} INFO - [2026-07-25T09:11:35.561+0000] {dag.py:4180} INFO - Setting next_dagrun for example_setup_teardown_taskflow to None, run_after=None
[2026-07-25T09:11:35.574+0000] {processor.py:208} INFO - Processing /home/airflow/.local/lib/python3.12/site-packages/airflow/example_dags/example_setup_teardown_taskflow.py took 0.058 seconds
[2026-07-25T09:12:06.139+0000] {processor.py:186} INFO - Started process (PID=791) to work on /home/airflow/.local/lib/python3.12/site-packages/airflow/example_dags/example_setup_teardown_taskflow.py
[2026-07-25T09:12:06.140+0000] {processor.py:914} INFO - Processing file /home/airflow/.local/lib/python3.12/site-packages/airflow/example_dags/example_setup_teardown_taskflow.py for tasks to queue
[2026-07-25T09:12:06.142+0000] {logging_mixin.py:190} INFO - [2026-07-25T09:12:06.142+0000] {dagbag.py:588} INFO - Filling up the DagBag from /home/airflow/.local/lib/python3.12/site-packages/airflow/example_dags/example_setup_teardown_taskflow.py
[2026-07-25T09:12:06.149+0000] {processor.py:925} INFO - DAG(s) 'example_setup_teardown_taskflow' retrieved from /home/airflow/.local/lib/python3.12/site-packages/airflow/example_dags/example_setup_teardown_taskflow.py
[2026-07-25T09:12:06.174+0000] {logging_mixin.py:190} INFO - [2026-07-25T09:12:06.174+0000] {dag.py:3239} INFO - Sync 1 DAGs
[2026-07-25T09:12:06.187+0000] {logging_mixin.py:190} INFO - [2026-07-25T09:12:06.187+0000] {dag.py:4180} INFO - Setting next_dagrun for example_setup_teardown_taskflow to None, run_after=None
[2026-07-25T09:12:06.203+0000] {processor.py:208} INFO - Processing /home/airflow/.local/lib/python3.12/site-packages/airflow/example_dags/example_setup_teardown_taskflow.py took 0.067 seconds
[2026-07-25T09:12:39.070+0000] {processor.py:186} INFO - Started process (PID=854) to work on /home/airflow/.local/lib/python3.12/site-packages/airflow/example_dags/example_setup_teardown_taskflow.py
[2026-07-25T09:12:39.071+0000] {processor.py:914} INFO - Processing file /home/airflow/.local/lib/python3.12/site-packages/airflow/example_dags/example_setup_teardown_taskflow.py for tasks to queue
[2026-07-25T09:12:39.073+0000] {logging_mixin.py:190} INFO - [2026-07-25T09:12:39.073+0000] {dagbag.py:588} INFO - Filling up the DagBag from /home/airflow/.local/lib/python3.12/site-packages/airflow/example_dags/example_setup_teardown_taskflow.py
[2026-07-25T09:12:39.081+0000] {processor.py:925} INFO - DAG(s) 'example_setup_teardown_taskflow' retrieved from /home/airflow/.local/lib/python3.12/site-packages/airflow/example_dags/example_setup_teardown_taskflow.py
[2026-07-25T09:12:39.095+0000] {logging_mixin.py:190} INFO - [2026-07-25T09:12:39.095+0000] {dag.py:3239} INFO - Sync 1 DAGs
[2026-07-25T09:12:39.104+0000] {logging_mixin.py:190} INFO - [2026-07-25T09:12:39.104+0000] {dag.py:4180} INFO - Setting next_dagrun for example_setup_teardown_taskflow to None, run_after=None
[2026-07-25T09:12:39.116+0000] {processor.py:208} INFO - Processing /home/airflow/.local/lib/python3.12/site-packages/airflow/example_dags/example_setup_teardown_taskflow.py took 0.050 seconds
[2026-07-25T09:13:09.193+0000] {processor.py:186} INFO - Started process (PID=916) to work on /home/airflow/.local/lib/python3.12/site-packages/airflow/example_dags/example_setup_teardown_taskflow.py
[2026-07-25T09:13:09.194+0000] {processor.py:914} INFO - Processing file /home/airflow/.local/lib/python3.12/site-packages/airflow/example_dags/example_setup_teardown_taskflow.py for tasks to queue
[2026-07-25T09:13:09.196+0000] {logging_mixin.py:190} INFO - [2026-07-25T09:13:09.196+0000] {dagbag.py:588} INFO - Filling up the DagBag from /home/airflow/.local/lib/python3.12/site-packages/airflow/example_dags/example_setup_teardown_taskflow.py
[2026-07-25T09:13:09.204+0000] {processor.py:925} INFO - DAG(s) 'example_setup_teardown_taskflow' retrieved from /home/airflow/.local/lib/python3.12/site-packages/airflow/example_dags/example_setup_teardown_taskflow.py
[2026-07-25T09:13:09.219+0000] {logging_mixin.py:190} INFO - [2026-07-25T09:13:09.219+0000] {dag.py:3239} INFO - Sync 1 DAGs
[2026-07-25T09:13:09.229+0000] {logging_mixin.py:190} INFO - [2026-07-25T09:13:09.229+0000] {dag.py:4180} INFO - Setting next_dagrun for example_setup_teardown_taskflow to None, run_after=None
[2026-07-25T09:13:09.241+0000] {processor.py:208} INFO - Processing /home/airflow/.local/lib/python3.12/site-packages/airflow/example_dags/example_setup_teardown_taskflow.py took 0.051 seconds
[2026-07-25T09:13:39.746+0000] {processor.py:186} INFO - Started process (PID=978) to work on /home/airflow/.local/lib/python3.12/site-packages/airflow/example_dags/example_setup_teardown_taskflow.py
[2026-07-25T09:13:39.747+0000] {processor.py:914} INFO - Processing file /home/airflow/.local/lib/python3.12/site-packages/airflow/example_dags/example_setup_teardown_taskflow.py for tasks to queue
[2026-07-25T09:13:39.749+0000] {logging_mixin.py:190} INFO - [2026-07-25T09:13:39.749+0000] {dagbag.py:588} INFO - Filling up the DagBag from /home/airflow/.local/lib/python3.12/site-packages/airflow/example_dags/example_setup_teardown_taskflow.py
[2026-07-25T09:13:39.756+0000] {processor.py:925} INFO - DAG(s) 'example_setup_teardown_taskflow' retrieved from /home/airflow/.local/lib/python3.12/site-packages/airflow/example_dags/example_setup_teardown_taskflow.py
[2026-07-25T09:13:39.769+0000] {logging_mixin.py:190} INFO - [2026-07-25T09:13:39.768+0000] {dag.py:3239} INFO - Sync 1 DAGs
[2026-07-25T09:13:39.777+0000] {logging_mixin.py:190} INFO - [2026-07-25T09:13:39.777+0000] {dag.py:4180} INFO - Setting next_dagrun for example_setup_teardown_taskflow to None, run_after=None
[2026-07-25T09:13:39.788+0000] {processor.py:208} INFO - Processing /home/airflow/.local/lib/python3.12/site-packages/airflow/example_dags/example_setup_teardown_taskflow.py took 0.046 seconds
[2026-07-25T09:14:10.185+0000] {processor.py:186} INFO - Started process (PID=1041) to work on /home/airflow/.local/lib/python3.12/site-packages/airflow/example_dags/example_setup_teardown_taskflow.py
[2026-07-25T09:14:10.186+0000] {processor.py:914} INFO - Processing file /home/airflow/.local/lib/python3.12/site-packages/airflow/example_dags/example_setup_teardown_taskflow.py for tasks to queue
[2026-07-25T09:14:10.188+0000] {logging_mixin.py:190} INFO - [2026-07-25T09:14:10.188+0000] {dagbag.py:588} INFO - Filling up the DagBag from /home/airflow/.local/lib/python3.12/site-packages/airflow/example_dags/example_setup_teardown_taskflow.py
[2026-07-25T09:14:10.195+0000] {processor.py:925} INFO - DAG(s) 'example_setup_teardown_taskflow' retrieved from /home/airflow/.local/lib/python3.12/site-packages/airflow/example_dags/example_setup_teardown_taskflow.py
[2026-07-25T09:14:10.210+0000] {logging_mixin.py:190} INFO - [2026-07-25T09:14:10.210+0000] {dag.py:3239} INFO - Sync 1 DAGs
[2026-07-25T09:14:10.219+0000] {logging_mixin.py:190} INFO - [2026-07-25T09:14:10.219+0000] {dag.py:4180} INFO - Setting next_dagrun for example_setup_teardown_taskflow to None, run_after=None
[2026-07-25T09:14:10.231+0000] {processor.py:208} INFO - Processing /home/airflow/.local/lib/python3.12/site-packages/airflow/example_dags/example_setup_teardown_taskflow.py took 0.049 seconds
[2026-07-25T09:15:39.983+0000] {processor.py:186} INFO - Started process (PID=103) to work on /home/airflow/.local/lib/python3.12/site-packages/airflow/example_dags/example_setup_teardown_taskflow.py
[2026-07-25T09:15:39.984+0000] {processor.py:914} INFO - Processing file /home/airflow/.local/lib/python3.12/site-packages/airflow/example_dags/example_setup_teardown_taskflow.py for tasks to queue
[2026-07-25T09:15:39.986+0000] {logging_mixin.py:190} INFO - [2026-07-25T09:15:39.986+0000] {dagbag.py:588} INFO - Filling up the DagBag from /home/airflow/.local/lib/python3.12/site-packages/airflow/example_dags/example_setup_teardown_taskflow.py
[2026-07-25T09:15:39.993+0000] {processor.py:925} INFO - DAG(s) 'example_setup_teardown_taskflow' retrieved from /home/airflow/.local/lib/python3.12/site-packages/airflow/example_dags/example_setup_teardown_taskflow.py
[2026-07-25T09:15:40.014+0000] {logging_mixin.py:190} INFO - [2026-07-25T09:15:40.013+0000] {dag.py:3239} INFO - Sync 1 DAGs
[2026-07-25T09:15:40.024+0000] {logging_mixin.py:190} INFO - [2026-07-25T09:15:40.024+0000] {dag.py:4180} INFO - Setting next_dagrun for example_setup_teardown_taskflow to None, run_after=None
[2026-07-25T09:15:40.037+0000] {processor.py:208} INFO - Processing /home/airflow/.local/lib/python3.12/site-packages/airflow/example_dags/example_setup_teardown_taskflow.py took 0.057 seconds
[2026-07-25T09:16:14.052+0000] {processor.py:186} INFO - Started process (PID=166) to work on /home/airflow/.local/lib/python3.12/site-packages/airflow/example_dags/example_setup_teardown_taskflow.py
[2026-07-25T09:16:14.053+0000] {processor.py:914} INFO - Processing file /home/airflow/.local/lib/python3.12/site-packages/airflow/example_dags/example_setup_teardown_taskflow.py for tasks to queue
[2026-07-25T09:16:14.055+0000] {logging_mixin.py:190} INFO - [2026-07-25T09:16:14.054+0000] {dagbag.py:588} INFO - Filling up the DagBag from /home/airflow/.local/lib/python3.12/site-packages/airflow/example_dags/example_setup_teardown_taskflow.py
[2026-07-25T09:16:14.062+0000] {processor.py:925} INFO - DAG(s) 'example_setup_teardown_taskflow' retrieved from /home/airflow/.local/lib/python3.12/site-packages/airflow/example_dags/example_setup_teardown_taskflow.py
[2026-07-25T09:16:14.081+0000] {logging_mixin.py:190} INFO - [2026-07-25T09:16:14.081+0000] {dag.py:3239} INFO - Sync 1 DAGs
[2026-07-25T09:16:14.092+0000] {logging_mixin.py:190} INFO - [2026-07-25T09:16:14.092+0000] {dag.py:4180} INFO - Setting next_dagrun for example_setup_teardown_taskflow to None, run_after=None
[2026-07-25T09:16:14.104+0000] {processor.py:208} INFO - Processing /home/airflow/.local/lib/python3.12/site-packages/airflow/example_dags/example_setup_teardown_taskflow.py took 0.056 seconds
[2026-07-25T09:16:45.355+0000] {processor.py:186} INFO - Started process (PID=228) to work on /home/airflow/.local/lib/python3.12/site-packages/airflow/example_dags/example_setup_teardown_taskflow.py
[2026-07-25T09:16:45.356+0000] {processor.py:914} INFO - Processing file /home/airflow/.local/lib/python3.12/site-packages/airflow/example_dags/example_setup_teardown_taskflow.py for tasks to queue
[2026-07-25T09:16:45.358+0000] {logging_mixin.py:190} INFO - [2026-07-25T09:16:45.358+0000] {dagbag.py:588} INFO - Filling up the DagBag from /home/airflow/.local/lib/python3.12/site-packages/airflow/example_dags/example_setup_teardown_taskflow.py
[2026-07-25T09:16:45.365+0000] {processor.py:925} INFO - DAG(s) 'example_setup_teardown_taskflow' retrieved from /home/airflow/.local/lib/python3.12/site-packages/airflow/example_dags/example_setup_teardown_taskflow.py
[2026-07-25T09:16:45.379+0000] {logging_mixin.py:190} INFO - [2026-07-25T09:16:45.379+0000] {dag.py:3239} INFO - Sync 1 DAGs
[2026-07-25T09:16:45.388+0000] {logging_mixin.py:190} INFO - [2026-07-25T09:16:45.388+0000] {dag.py:4180} INFO - Setting next_dagrun for example_setup_teardown_taskflow to None, run_after=None
[2026-07-25T09:16:45.402+0000] {processor.py:208} INFO - Processing /home/airflow/.local/lib/python3.12/site-packages/airflow/example_dags/example_setup_teardown_taskflow.py took 0.050 seconds
[2026-07-25T09:17:15.853+0000] {processor.py:186} INFO - Started process (PID=290) to work on /home/airflow/.local/lib/python3.12/site-packages/airflow/example_dags/example_setup_teardown_taskflow.py
[2026-07-25T09:17:15.854+0000] {processor.py:914} INFO - Processing file /home/airflow/.local/lib/python3.12/site-packages/airflow/example_dags/example_setup_teardown_taskflow.py for tasks to queue
[2026-07-25T09:17:15.856+0000] {logging_mixin.py:190} INFO - [2026-07-25T09:17:15.856+0000] {dagbag.py:588} INFO - Filling up the DagBag from /home/airflow/.local/lib/python3.12/site-packages/airflow/example_dags/example_setup_teardown_taskflow.py
[2026-07-25T09:17:15.862+0000] {processor.py:925} INFO - DAG(s) 'example_setup_teardown_taskflow' retrieved from /home/airflow/.local/lib/python3.12/site-packages/airflow/example_dags/example_setup_teardown_taskflow.py
[2026-07-25T09:17:15.876+0000] {logging_mixin.py:190} INFO - [2026-07-25T09:17:15.876+0000] {dag.py:3239} INFO - Sync 1 DAGs
[2026-07-25T09:17:15.884+0000] {logging_mixin.py:190} INFO - [2026-07-25T09:17:15.884+0000] {dag.py:4180} INFO - Setting next_dagrun for example_setup_teardown_taskflow to None, run_after=None
[2026-07-25T09:17:15.895+0000] {processor.py:208} INFO - Processing /home/airflow/.local/lib/python3.12/site-packages/airflow/example_dags/example_setup_teardown_taskflow.py took 0.045 seconds
[2026-07-25T09:17:46.166+0000] {processor.py:186} INFO - Started process (PID=352) to work on /home/airflow/.local/lib/python3.12/site-packages/airflow/example_dags/example_setup_teardown_taskflow.py
[2026-07-25T09:17:46.166+0000] {processor.py:914} INFO - Processing file /home/airflow/.local/lib/python3.12/site-packages/airflow/example_dags/example_setup_teardown_taskflow.py for tasks to queue
[2026-07-25T09:17:46.168+0000] {logging_mixin.py:190} INFO - [2026-07-25T09:17:46.168+0000] {dagbag.py:588} INFO - Filling up the DagBag from /home/airflow/.local/lib/python3.12/site-packages/airflow/example_dags/example_setup_teardown_taskflow.py
[2026-07-25T09:17:46.175+0000] {processor.py:925} INFO - DAG(s) 'example_setup_teardown_taskflow' retrieved from /home/airflow/.local/lib/python3.12/site-packages/airflow/example_dags/example_setup_teardown_taskflow.py
[2026-07-25T09:17:46.189+0000] {logging_mixin.py:190} INFO - [2026-07-25T09:17:46.189+0000] {dag.py:3239} INFO - Sync 1 DAGs
[2026-07-25T09:17:46.199+0000] {logging_mixin.py:190} INFO - [2026-07-25T09:17:46.199+0000] {dag.py:4180} INFO - Setting next_dagrun for example_setup_teardown_taskflow to None, run_after=None
[2026-07-25T09:17:46.211+0000] {processor.py:208} INFO - Processing /home/airflow/.local/lib/python3.12/site-packages/airflow/example_dags/example_setup_teardown_taskflow.py took 0.048 seconds
[2026-07-25T09:18:16.596+0000] {processor.py:186} INFO - Started process (PID=415) to work on /home/airflow/.local/lib/python3.12/site-packages/airflow/example_dags/example_setup_teardown_taskflow.py
[2026-07-25T09:18:16.597+0000] {processor.py:914} INFO - Processing file /home/airflow/.local/lib/python3.12/site-packages/airflow/example_dags/example_setup_teardown_taskflow.py for tasks to queue
[2026-07-25T09:18:16.599+0000] {logging_mixin.py:190} INFO - [2026-07-25T09:18:16.598+0000] {dagbag.py:588} INFO - Filling up the DagBag from /home/airflow/.local/lib/python3.12/site-packages/airflow/example_dags/example_setup_teardown_taskflow.py
[2026-07-25T09:18:16.605+0000] {processor.py:925} INFO - DAG(s) 'example_setup_teardown_taskflow' retrieved from /home/airflow/.local/lib/python3.12/site-packages/airflow/example_dags/example_setup_teardown_taskflow.py
[2026-07-25T09:18:16.618+0000] {logging_mixin.py:190} INFO - [2026-07-25T09:18:16.617+0000] {dag.py:3239} INFO - Sync 1 DAGs
[2026-07-25T09:18:16.627+0000] {logging_mixin.py:190} INFO - [2026-07-25T09:18:16.627+0000] {dag.py:4180} INFO - Setting next_dagrun for example_setup_teardown_taskflow to None, run_after=None
[2026-07-25T09:18:16.639+0000] {processor.py:208} INFO - Processing /home/airflow/.local/lib/python3.12/site-packages/airflow/example_dags/example_setup_teardown_taskflow.py took 0.046 seconds
[2026-07-25T09:18:46.870+0000] {processor.py:186} INFO - Started process (PID=478) to work on /home/airflow/.local/lib/python3.12/site-packages/airflow/example_dags/example_setup_teardown_taskflow.py
[2026-07-25T09:18:46.870+0000] {processor.py:914} INFO - Processing file /home/airflow/.local/lib/python3.12/site-packages/airflow/example_dags/example_setup_teardown_taskflow.py for tasks to queue
[2026-07-25T09:18:46.872+0000] {logging_mixin.py:190} INFO - [2026-07-25T09:18:46.872+0000] {dagbag.py:588} INFO - Filling up the DagBag from /home/airflow/.local/lib/python3.12/site-packages/airflow/example_dags/example_setup_teardown_taskflow.py
[2026-07-25T09:18:46.879+0000] {processor.py:925} INFO - DAG(s) 'example_setup_teardown_taskflow' retrieved from /home/airflow/.local/lib/python3.12/site-packages/airflow/example_dags/example_setup_teardown_taskflow.py
[2026-07-25T09:18:46.894+0000] {logging_mixin.py:190} INFO - [2026-07-25T09:18:46.894+0000] {dag.py:3239} INFO - Sync 1 DAGs
[2026-07-25T09:18:46.903+0000] {logging_mixin.py:190} INFO - [2026-07-25T09:18:46.903+0000] {dag.py:4180} INFO - Setting next_dagrun for example_setup_teardown_taskflow to None, run_after=None
[2026-07-25T09:18:46.914+0000] {processor.py:208} INFO - Processing /home/airflow/.local/lib/python3.12/site-packages/airflow/example_dags/example_setup_teardown_taskflow.py took 0.049 seconds
[2026-07-25T09:19:17.459+0000] {processor.py:186} INFO - Started process (PID=541) to work on /home/airflow/.local/lib/python3.12/site-packages/airflow/example_dags/example_setup_teardown_taskflow.py
[2026-07-25T09:19:17.459+0000] {processor.py:914} INFO - Processing file /home/airflow/.local/lib/python3.12/site-packages/airflow/example_dags/example_setup_teardown_taskflow.py for tasks to queue
[2026-07-25T09:19:17.461+0000] {logging_mixin.py:190} INFO - [2026-07-25T09:19:17.461+0000] {dagbag.py:588} INFO - Filling up the DagBag from /home/airflow/.local/lib/python3.12/site-packages/airflow/example_dags/example_setup_teardown_taskflow.py
[2026-07-25T09:19:17.468+0000] {processor.py:925} INFO - DAG(s) 'example_setup_teardown_taskflow' retrieved from /home/airflow/.local/lib/python3.12/site-packages/airflow/example_dags/example_setup_teardown_taskflow.py
[2026-07-25T09:19:17.480+0000] {logging_mixin.py:190} INFO - [2026-07-25T09:19:17.480+0000] {dag.py:3239} INFO - Sync 1 DAGs
[2026-07-25T09:19:17.489+0000] {logging_mixin.py:190} INFO - [2026-07-25T09:19:17.489+0000] {dag.py:4180} INFO - Setting next_dagrun for example_setup_teardown_taskflow to None, run_after=None
[2026-07-25T09:19:17.500+0000] {processor.py:208} INFO - Processing /home/airflow/.local/lib/python3.12/site-packages/airflow/example_dags/example_setup_teardown_taskflow.py took 0.045 seconds
[2026-07-25T09:20:52.105+0000] {processor.py:186} INFO - Started process (PID=103) to work on /home/airflow/.local/lib/python3.12/site-packages/airflow/example_dags/example_setup_teardown_taskflow.py
[2026-07-25T09:20:52.106+0000] {processor.py:914} INFO - Processing file /home/airflow/.local/lib/python3.12/site-packages/airflow/example_dags/example_setup_teardown_taskflow.py for tasks to queue
[2026-07-25T09:20:52.108+0000] {logging_mixin.py:190} INFO - [2026-07-25T09:20:52.108+0000] {dagbag.py:588} INFO - Filling up the DagBag from /home/airflow/.local/lib/python3.12/site-packages/airflow/example_dags/example_setup_teardown_taskflow.py
[2026-07-25T09:20:52.117+0000] {processor.py:925} INFO - DAG(s) 'example_setup_teardown_taskflow' retrieved from /home/airflow/.local/lib/python3.12/site-packages/airflow/example_dags/example_setup_teardown_taskflow.py
[2026-07-25T09:20:52.137+0000] {logging_mixin.py:190} INFO - [2026-07-25T09:20:52.137+0000] {dag.py:3239} INFO - Sync 1 DAGs
[2026-07-25T09:20:52.148+0000] {logging_mixin.py:190} INFO - [2026-07-25T09:20:52.147+0000] {dag.py:4180} INFO - Setting next_dagrun for example_setup_teardown_taskflow to None, run_after=None
[2026-07-25T09:20:52.160+0000] {processor.py:208} INFO - Processing /home/airflow/.local/lib/python3.12/site-packages/airflow/example_dags/example_setup_teardown_taskflow.py took 0.059 seconds
[2026-07-25T09:21:25.313+0000] {processor.py:186} INFO - Started process (PID=166) to work on /home/airflow/.local/lib/python3.12/site-packages/airflow/example_dags/example_setup_teardown_taskflow.py
[2026-07-25T09:21:25.314+0000] {processor.py:914} INFO - Processing file /home/airflow/.local/lib/python3.12/site-packages/airflow/example_dags/example_setup_teardown_taskflow.py for tasks to queue
[2026-07-25T09:21:25.316+0000] {logging_mixin.py:190} INFO - [2026-07-25T09:21:25.316+0000] {dagbag.py:588} INFO - Filling up the DagBag from /home/airflow/.local/lib/python3.12/site-packages/airflow/example_dags/example_setup_teardown_taskflow.py
[2026-07-25T09:21:25.323+0000] {processor.py:925} INFO - DAG(s) 'example_setup_teardown_taskflow' retrieved from /home/airflow/.local/lib/python3.12/site-packages/airflow/example_dags/example_setup_teardown_taskflow.py
[2026-07-25T09:21:25.339+0000] {logging_mixin.py:190} INFO - [2026-07-25T09:21:25.339+0000] {dag.py:3239} INFO - Sync 1 DAGs
[2026-07-25T09:21:25.348+0000] {logging_mixin.py:190} INFO - [2026-07-25T09:21:25.348+0000] {dag.py:4180} INFO - Setting next_dagrun for example_setup_teardown_taskflow to None, run_after=None
[2026-07-25T09:21:25.359+0000] {processor.py:208} INFO - Processing /home/airflow/.local/lib/python3.12/site-packages/airflow/example_dags/example_setup_teardown_taskflow.py took 0.052 seconds
[2026-07-25T09:21:57.574+0000] {processor.py:186} INFO - Started process (PID=228) to work on /home/airflow/.local/lib/python3.12/site-packages/airflow/example_dags/example_setup_teardown_taskflow.py
[2026-07-25T09:21:57.575+0000] {processor.py:914} INFO - Processing file /home/airflow/.local/lib/python3.12/site-packages/airflow/example_dags/example_setup_teardown_taskflow.py for tasks to queue
[2026-07-25T09:21:57.578+0000] {logging_mixin.py:190} INFO - [2026-07-25T09:21:57.578+0000] {dagbag.py:588} INFO - Filling up the DagBag from /home/airflow/.local/lib/python3.12/site-packages/airflow/example_dags/example_setup_teardown_taskflow.py
[2026-07-25T09:21:57.584+0000] {processor.py:925} INFO - DAG(s) 'example_setup_teardown_taskflow' retrieved from /home/airflow/.local/lib/python3.12/site-packages/airflow/example_dags/example_setup_teardown_taskflow.py
[2026-07-25T09:21:57.599+0000] {logging_mixin.py:190} INFO - [2026-07-25T09:21:57.599+0000] {dag.py:3239} INFO - Sync 1 DAGs
[2026-07-25T09:21:57.607+0000] {logging_mixin.py:190} INFO - [2026-07-25T09:21:57.607+0000] {dag.py:4180} INFO - Setting next_dagrun for example_setup_teardown_taskflow to None, run_after=None
[2026-07-25T09:21:57.619+0000] {processor.py:208} INFO - Processing /home/airflow/.local/lib/python3.12/site-packages/airflow/example_dags/example_setup_teardown_taskflow.py took 0.048 seconds
[2026-07-25T09:22:28.091+0000] {processor.py:186} INFO - Started process (PID=290) to work on /home/airflow/.local/lib/python3.12/site-packages/airflow/example_dags/example_setup_teardown_taskflow.py
[2026-07-25T09:22:28.092+0000] {processor.py:914} INFO - Processing file /home/airflow/.local/lib/python3.12/site-packages/airflow/example_dags/example_setup_teardown_taskflow.py for tasks to queue
[2026-07-25T09:22:28.094+0000] {logging_mixin.py:190} INFO - [2026-07-25T09:22:28.094+0000] {dagbag.py:588} INFO - Filling up the DagBag from /home/airflow/.local/lib/python3.12/site-packages/airflow/example_dags/example_setup_teardown_taskflow.py
[2026-07-25T09:22:28.100+0000] {processor.py:925} INFO - DAG(s) 'example_setup_teardown_taskflow' retrieved from /home/airflow/.local/lib/python3.12/site-packages/airflow/example_dags/example_setup_teardown_taskflow.py
[2026-07-25T09:22:28.114+0000] {logging_mixin.py:190} INFO - [2026-07-25T09:22:28.114+0000] {dag.py:3239} INFO - Sync 1 DAGs
[2026-07-25T09:22:28.123+0000] {logging_mixin.py:190} INFO - [2026-07-25T09:22:28.123+0000] {dag.py:4180} INFO - Setting next_dagrun for example_setup_teardown_taskflow to None, run_after=None
[2026-07-25T09:22:28.134+0000] {processor.py:208} INFO - Processing /home/airflow/.local/lib/python3.12/site-packages/airflow/example_dags/example_setup_teardown_taskflow.py took 0.047 seconds
[2026-07-25T09:24:03.486+0000] {processor.py:186} INFO - Started process (PID=103) to work on /home/airflow/.local/lib/python3.12/site-packages/airflow/example_dags/example_setup_teardown_taskflow.py
[2026-07-25T09:24:03.488+0000] {processor.py:914} INFO - Processing file /home/airflow/.local/lib/python3.12/site-packages/airflow/example_dags/example_setup_teardown_taskflow.py for tasks to queue
[2026-07-25T09:24:03.491+0000] {logging_mixin.py:190} INFO - [2026-07-25T09:24:03.491+0000] {dagbag.py:588} INFO - Filling up the DagBag from /home/airflow/.local/lib/python3.12/site-packages/airflow/example_dags/example_setup_teardown_taskflow.py
[2026-07-25T09:24:03.500+0000] {processor.py:925} INFO - DAG(s) 'example_setup_teardown_taskflow' retrieved from /home/airflow/.local/lib/python3.12/site-packages/airflow/example_dags/example_setup_teardown_taskflow.py
[2026-07-25T09:24:03.519+0000] {logging_mixin.py:190} INFO - [2026-07-25T09:24:03.519+0000] {dag.py:3239} INFO - Sync 1 DAGs
[2026-07-25T09:24:03.528+0000] {logging_mixin.py:190} INFO - [2026-07-25T09:24:03.528+0000] {dag.py:4180} INFO - Setting next_dagrun for example_setup_teardown_taskflow to None, run_after=None
[2026-07-25T09:24:03.566+0000] {processor.py:208} INFO - Processing /home/airflow/.local/lib/python3.12/site-packages/airflow/example_dags/example_setup_teardown_taskflow.py took 0.083 seconds
[2026-07-25T09:24:35.797+0000] {processor.py:186} INFO - Started process (PID=165) to work on /home/airflow/.local/lib/python3.12/site-packages/airflow/example_dags/example_setup_teardown_taskflow.py
[2026-07-25T09:24:35.798+0000] {processor.py:914} INFO - Processing file /home/airflow/.local/lib/python3.12/site-packages/airflow/example_dags/example_setup_teardown_taskflow.py for tasks to queue
[2026-07-25T09:24:35.800+0000] {logging_mixin.py:190} INFO - [2026-07-25T09:24:35.800+0000] {dagbag.py:588} INFO - Filling up the DagBag from /home/airflow/.local/lib/python3.12/site-packages/airflow/example_dags/example_setup_teardown_taskflow.py
[2026-07-25T09:24:35.807+0000] {processor.py:925} INFO - DAG(s) 'example_setup_teardown_taskflow' retrieved from /home/airflow/.local/lib/python3.12/site-packages/airflow/example_dags/example_setup_teardown_taskflow.py
[2026-07-25T09:24:35.821+0000] {logging_mixin.py:190} INFO - [2026-07-25T09:24:35.821+0000] {dag.py:3239} INFO - Sync 1 DAGs
[2026-07-25T09:24:35.830+0000] {logging_mixin.py:190} INFO - [2026-07-25T09:24:35.830+0000] {dag.py:4180} INFO - Setting next_dagrun for example_setup_teardown_taskflow to None, run_after=None
[2026-07-25T09:24:35.854+0000] {processor.py:208} INFO - Processing /home/airflow/.local/lib/python3.12/site-packages/airflow/example_dags/example_setup_teardown_taskflow.py took 0.061 seconds
[2026-07-25T09:25:06.053+0000] {processor.py:186} INFO - Started process (PID=227) to work on /home/airflow/.local/lib/python3.12/site-packages/airflow/example_dags/example_setup_teardown_taskflow.py
[2026-07-25T09:25:06.054+0000] {processor.py:914} INFO - Processing file /home/airflow/.local/lib/python3.12/site-packages/airflow/example_dags/example_setup_teardown_taskflow.py for tasks to queue
[2026-07-25T09:25:06.056+0000] {logging_mixin.py:190} INFO - [2026-07-25T09:25:06.056+0000] {dagbag.py:588} INFO - Filling up the DagBag from /home/airflow/.local/lib/python3.12/site-packages/airflow/example_dags/example_setup_teardown_taskflow.py
[2026-07-25T09:25:06.062+0000] {processor.py:925} INFO - DAG(s) 'example_setup_teardown_taskflow' retrieved from /home/airflow/.local/lib/python3.12/site-packages/airflow/example_dags/example_setup_teardown_taskflow.py
[2026-07-25T09:25:06.077+0000] {logging_mixin.py:190} INFO - [2026-07-25T09:25:06.076+0000] {dag.py:3239} INFO - Sync 1 DAGs
[2026-07-25T09:25:06.085+0000] {logging_mixin.py:190} INFO - [2026-07-25T09:25:06.085+0000] {dag.py:4180} INFO - Setting next_dagrun for example_setup_teardown_taskflow to None, run_after=None
[2026-07-25T09:25:06.096+0000] {processor.py:208} INFO - Processing /home/airflow/.local/lib/python3.12/site-packages/airflow/example_dags/example_setup_teardown_taskflow.py took 0.046 seconds
[2026-07-25T09:25:36.692+0000] {processor.py:186} INFO - Started process (PID=289) to work on /home/airflow/.local/lib/python3.12/site-packages/airflow/example_dags/example_setup_teardown_taskflow.py
[2026-07-25T09:25:36.693+0000] {processor.py:914} INFO - Processing file /home/airflow/.local/lib/python3.12/site-packages/airflow/example_dags/example_setup_teardown_taskflow.py for tasks to queue
[2026-07-25T09:25:36.696+0000] {logging_mixin.py:190} INFO - [2026-07-25T09:25:36.696+0000] {dagbag.py:588} INFO - Filling up the DagBag from /home/airflow/.local/lib/python3.12/site-packages/airflow/example_dags/example_setup_teardown_taskflow.py
[2026-07-25T09:25:36.705+0000] {processor.py:925} INFO - DAG(s) 'example_setup_teardown_taskflow' retrieved from /home/airflow/.local/lib/python3.12/site-packages/airflow/example_dags/example_setup_teardown_taskflow.py
[2026-07-25T09:25:36.723+0000] {logging_mixin.py:190} INFO - [2026-07-25T09:25:36.723+0000] {dag.py:3239} INFO - Sync 1 DAGs
[2026-07-25T09:25:36.733+0000] {logging_mixin.py:190} INFO - [2026-07-25T09:25:36.733+0000] {dag.py:4180} INFO - Setting next_dagrun for example_setup_teardown_taskflow to None, run_after=None
[2026-07-25T09:25:36.746+0000] {processor.py:208} INFO - Processing /home/airflow/.local/lib/python3.12/site-packages/airflow/example_dags/example_setup_teardown_taskflow.py took 0.057 seconds
[2026-07-25T09:26:57.589+0000] {processor.py:186} INFO - Started process (PID=103) to work on /home/airflow/.local/lib/python3.12/site-packages/airflow/example_dags/example_setup_teardown_taskflow.py
[2026-07-25T09:26:57.591+0000] {processor.py:914} INFO - Processing file /home/airflow/.local/lib/python3.12/site-packages/airflow/example_dags/example_setup_teardown_taskflow.py for tasks to queue
[2026-07-25T09:26:57.595+0000] {logging_mixin.py:190} INFO - [2026-07-25T09:26:57.594+0000] {dagbag.py:588} INFO - Filling up the DagBag from /home/airflow/.local/lib/python3.12/site-packages/airflow/example_dags/example_setup_teardown_taskflow.py
[2026-07-25T09:26:57.605+0000] {processor.py:925} INFO - DAG(s) 'example_setup_teardown_taskflow' retrieved from /home/airflow/.local/lib/python3.12/site-packages/airflow/example_dags/example_setup_teardown_taskflow.py
[2026-07-25T09:26:57.690+0000] {logging_mixin.py:190} INFO - [2026-07-25T09:26:57.690+0000] {override.py:1932} INFO - Created Permission View: can edit on DAG:example_setup_teardown_taskflow
[2026-07-25T09:26:57.698+0000] {logging_mixin.py:190} INFO - [2026-07-25T09:26:57.698+0000] {override.py:1932} INFO - Created Permission View: can read on DAG:example_setup_teardown_taskflow
[2026-07-25T09:26:57.703+0000] {logging_mixin.py:190} INFO - [2026-07-25T09:26:57.703+0000] {override.py:1932} INFO - Created Permission View: can delete on DAG:example_setup_teardown_taskflow
[2026-07-25T09:26:57.710+0000] {logging_mixin.py:190} INFO - [2026-07-25T09:26:57.710+0000] {override.py:1932} INFO - Created Permission View: menu access on DAG Run:example_setup_teardown_taskflow
[2026-07-25T09:26:57.716+0000] {logging_mixin.py:190} INFO - [2026-07-25T09:26:57.716+0000] {override.py:1932} INFO - Created Permission View: can read on DAG Run:example_setup_teardown_taskflow
[2026-07-25T09:26:57.721+0000] {logging_mixin.py:190} INFO - [2026-07-25T09:26:57.721+0000] {override.py:1932} INFO - Created Permission View: can create on DAG Run:example_setup_teardown_taskflow
[2026-07-25T09:26:57.726+0000] {logging_mixin.py:190} INFO - [2026-07-25T09:26:57.726+0000] {override.py:1932} INFO - Created Permission View: can delete on DAG Run:example_setup_teardown_taskflow
[2026-07-25T09:26:57.727+0000] {logging_mixin.py:190} INFO - [2026-07-25T09:26:57.727+0000] {dag.py:3239} INFO - Sync 1 DAGs
[2026-07-25T09:26:57.737+0000] {logging_mixin.py:190} INFO - [2026-07-25T09:26:57.737+0000] {dag.py:3262} INFO - Creating ORM DAG for example_setup_teardown_taskflow
[2026-07-25T09:26:57.737+0000] {logging_mixin.py:190} INFO - [2026-07-25T09:26:57.737+0000] {dag.py:4180} INFO - Setting next_dagrun for example_setup_teardown_taskflow to None, run_after=None
[2026-07-25T09:26:57.750+0000] {processor.py:208} INFO - Processing /home/airflow/.local/lib/python3.12/site-packages/airflow/example_dags/example_setup_teardown_taskflow.py took 0.169 seconds
[2026-07-25T09:27:28.789+0000] {processor.py:186} INFO - Started process (PID=165) to work on /home/airflow/.local/lib/python3.12/site-packages/airflow/example_dags/example_setup_teardown_taskflow.py
[2026-07-25T09:27:28.790+0000] {processor.py:914} INFO - Processing file /home/airflow/.local/lib/python3.12/site-packages/airflow/example_dags/example_setup_teardown_taskflow.py for tasks to queue
[2026-07-25T09:27:28.791+0000] {logging_mixin.py:190} INFO - [2026-07-25T09:27:28.791+0000] {dagbag.py:588} INFO - Filling up the DagBag from /home/airflow/.local/lib/python3.12/site-packages/airflow/example_dags/example_setup_teardown_taskflow.py
[2026-07-25T09:27:28.798+0000] {processor.py:925} INFO - DAG(s) 'example_setup_teardown_taskflow' retrieved from /home/airflow/.local/lib/python3.12/site-packages/airflow/example_dags/example_setup_teardown_taskflow.py
[2026-07-25T09:27:28.813+0000] {logging_mixin.py:190} INFO - [2026-07-25T09:27:28.813+0000] {dag.py:3239} INFO - Sync 1 DAGs
[2026-07-25T09:27:28.822+0000] {logging_mixin.py:190} INFO - [2026-07-25T09:27:28.822+0000] {dag.py:4180} INFO - Setting next_dagrun for example_setup_teardown_taskflow to None, run_after=None
[2026-07-25T09:27:28.846+0000] {processor.py:208} INFO - Processing /home/airflow/.local/lib/python3.12/site-packages/airflow/example_dags/example_setup_teardown_taskflow.py took 0.061 seconds
[2026-07-25T09:27:58.961+0000] {processor.py:186} INFO - Started process (PID=227) to work on /home/airflow/.local/lib/python3.12/site-packages/airflow/example_dags/example_setup_teardown_taskflow.py
[2026-07-25T09:27:58.962+0000] {processor.py:914} INFO - Processing file /home/airflow/.local/lib/python3.12/site-packages/airflow/example_dags/example_setup_teardown_taskflow.py for tasks to queue
[2026-07-25T09:27:58.964+0000] {logging_mixin.py:190} INFO - [2026-07-25T09:27:58.964+0000] {dagbag.py:588} INFO - Filling up the DagBag from /home/airflow/.local/lib/python3.12/site-packages/airflow/example_dags/example_setup_teardown_taskflow.py
[2026-07-25T09:27:58.971+0000] {processor.py:925} INFO - DAG(s) 'example_setup_teardown_taskflow' retrieved from /home/airflow/.local/lib/python3.12/site-packages/airflow/example_dags/example_setup_teardown_taskflow.py
[2026-07-25T09:27:58.986+0000] {logging_mixin.py:190} INFO - [2026-07-25T09:27:58.985+0000] {dag.py:3239} INFO - Sync 1 DAGs
[2026-07-25T09:27:58.994+0000] {logging_mixin.py:190} INFO - [2026-07-25T09:27:58.994+0000] {dag.py:4180} INFO - Setting next_dagrun for example_setup_teardown_taskflow to None, run_after=None
[2026-07-25T09:27:59.027+0000] {processor.py:208} INFO - Processing /home/airflow/.local/lib/python3.12/site-packages/airflow/example_dags/example_setup_teardown_taskflow.py took 0.069 seconds
[2026-07-25T09:28:29.980+0000] {processor.py:186} INFO - Started process (PID=289) to work on /home/airflow/.local/lib/python3.12/site-packages/airflow/example_dags/example_setup_teardown_taskflow.py
[2026-07-25T09:28:29.981+0000] {processor.py:914} INFO - Processing file /home/airflow/.local/lib/python3.12/site-packages/airflow/example_dags/example_setup_teardown_taskflow.py for tasks to queue
[2026-07-25T09:28:29.983+0000] {logging_mixin.py:190} INFO - [2026-07-25T09:28:29.983+0000] {dagbag.py:588} INFO - Filling up the DagBag from /home/airflow/.local/lib/python3.12/site-packages/airflow/example_dags/example_setup_teardown_taskflow.py
[2026-07-25T09:28:29.989+0000] {processor.py:925} INFO - DAG(s) 'example_setup_teardown_taskflow' retrieved from /home/airflow/.local/lib/python3.12/site-packages/airflow/example_dags/example_setup_teardown_taskflow.py
[2026-07-25T09:28:30.004+0000] {logging_mixin.py:190} INFO - [2026-07-25T09:28:30.004+0000] {dag.py:3239} INFO - Sync 1 DAGs
[2026-07-25T09:28:30.012+0000] {logging_mixin.py:190} INFO - [2026-07-25T09:28:30.012+0000] {dag.py:4180} INFO - Setting next_dagrun for example_setup_teardown_taskflow to None, run_after=None
[2026-07-25T09:28:30.037+0000] {processor.py:208} INFO - Processing /home/airflow/.local/lib/python3.12/site-packages/airflow/example_dags/example_setup_teardown_taskflow.py took 0.061 seconds
[2026-07-25T09:29:00.528+0000] {processor.py:186} INFO - Started process (PID=352) to work on /home/airflow/.local/lib/python3.12/site-packages/airflow/example_dags/example_setup_teardown_taskflow.py
[2026-07-25T09:29:00.529+0000] {processor.py:914} INFO - Processing file /home/airflow/.local/lib/python3.12/site-packages/airflow/example_dags/example_setup_teardown_taskflow.py for tasks to queue
[2026-07-25T09:29:00.531+0000] {logging_mixin.py:190} INFO - [2026-07-25T09:29:00.531+0000] {dagbag.py:588} INFO - Filling up the DagBag from /home/airflow/.local/lib/python3.12/site-packages/airflow/example_dags/example_setup_teardown_taskflow.py
[2026-07-25T09:29:00.538+0000] {processor.py:925} INFO - DAG(s) 'example_setup_teardown_taskflow' retrieved from /home/airflow/.local/lib/python3.12/site-packages/airflow/example_dags/example_setup_teardown_taskflow.py
[2026-07-25T09:29:00.553+0000] {logging_mixin.py:190} INFO - [2026-07-25T09:29:00.553+0000] {dag.py:3239} INFO - Sync 1 DAGs
[2026-07-25T09:29:00.563+0000] {logging_mixin.py:190} INFO - [2026-07-25T09:29:00.563+0000] {dag.py:4180} INFO - Setting next_dagrun for example_setup_teardown_taskflow to None, run_after=None
[2026-07-25T09:29:00.583+0000] {processor.py:208} INFO - Processing /home/airflow/.local/lib/python3.12/site-packages/airflow/example_dags/example_setup_teardown_taskflow.py took 0.059 seconds
[2026-07-25T09:29:30.696+0000] {processor.py:186} INFO - Started process (PID=415) to work on /home/airflow/.local/lib/python3.12/site-packages/airflow/example_dags/example_setup_teardown_taskflow.py
[2026-07-25T09:29:30.697+0000] {processor.py:914} INFO - Processing file /home/airflow/.local/lib/python3.12/site-packages/airflow/example_dags/example_setup_teardown_taskflow.py for tasks to queue
[2026-07-25T09:29:30.699+0000] {logging_mixin.py:190} INFO - [2026-07-25T09:29:30.699+0000] {dagbag.py:588} INFO - Filling up the DagBag from /home/airflow/.local/lib/python3.12/site-packages/airflow/example_dags/example_setup_teardown_taskflow.py
[2026-07-25T09:29:30.707+0000] {processor.py:925} INFO - DAG(s) 'example_setup_teardown_taskflow' retrieved from /home/airflow/.local/lib/python3.12/site-packages/airflow/example_dags/example_setup_teardown_taskflow.py
[2026-07-25T09:29:30.721+0000] {logging_mixin.py:190} INFO - [2026-07-25T09:29:30.721+0000] {dag.py:3239} INFO - Sync 1 DAGs
[2026-07-25T09:29:30.730+0000] {logging_mixin.py:190} INFO - [2026-07-25T09:29:30.730+0000] {dag.py:4180} INFO - Setting next_dagrun for example_setup_teardown_taskflow to None, run_after=None
[2026-07-25T09:29:30.752+0000] {processor.py:208} INFO - Processing /home/airflow/.local/lib/python3.12/site-packages/airflow/example_dags/example_setup_teardown_taskflow.py took 0.059 seconds
[2026-07-25T09:30:01.380+0000] {processor.py:186} INFO - Started process (PID=478) to work on /home/airflow/.local/lib/python3.12/site-packages/airflow/example_dags/example_setup_teardown_taskflow.py
[2026-07-25T09:30:01.381+0000] {processor.py:914} INFO - Processing file /home/airflow/.local/lib/python3.12/site-packages/airflow/example_dags/example_setup_teardown_taskflow.py for tasks to queue
[2026-07-25T09:30:01.383+0000] {logging_mixin.py:190} INFO - [2026-07-25T09:30:01.383+0000] {dagbag.py:588} INFO - Filling up the DagBag from /home/airflow/.local/lib/python3.12/site-packages/airflow/example_dags/example_setup_teardown_taskflow.py
[2026-07-25T09:30:01.390+0000] {processor.py:925} INFO - DAG(s) 'example_setup_teardown_taskflow' retrieved from /home/airflow/.local/lib/python3.12/site-packages/airflow/example_dags/example_setup_teardown_taskflow.py
[2026-07-25T09:30:01.404+0000] {logging_mixin.py:190} INFO - [2026-07-25T09:30:01.404+0000] {dag.py:3239} INFO - Sync 1 DAGs
[2026-07-25T09:30:01.412+0000] {logging_mixin.py:190} INFO - [2026-07-25T09:30:01.412+0000] {dag.py:4180} INFO - Setting next_dagrun for example_setup_teardown_taskflow to None, run_after=None
[2026-07-25T09:30:01.424+0000] {processor.py:208} INFO - Processing /home/airflow/.local/lib/python3.12/site-packages/airflow/example_dags/example_setup_teardown_taskflow.py took 0.047 seconds
[2026-07-25T09:30:32.604+0000] {processor.py:186} INFO - Started process (PID=541) to work on /home/airflow/.local/lib/python3.12/site-packages/airflow/example_dags/example_setup_teardown_taskflow.py
[2026-07-25T09:30:32.605+0000] {processor.py:914} INFO - Processing file /home/airflow/.local/lib/python3.12/site-packages/airflow/example_dags/example_setup_teardown_taskflow.py for tasks to queue
[2026-07-25T09:30:32.607+0000] {logging_mixin.py:190} INFO - [2026-07-25T09:30:32.607+0000] {dagbag.py:588} INFO - Filling up the DagBag from /home/airflow/.local/lib/python3.12/site-packages/airflow/example_dags/example_setup_teardown_taskflow.py
[2026-07-25T09:30:32.613+0000] {processor.py:925} INFO - DAG(s) 'example_setup_teardown_taskflow' retrieved from /home/airflow/.local/lib/python3.12/site-packages/airflow/example_dags/example_setup_teardown_taskflow.py
[2026-07-25T09:30:32.628+0000] {logging_mixin.py:190} INFO - [2026-07-25T09:30:32.628+0000] {dag.py:3239} INFO - Sync 1 DAGs
[2026-07-25T09:30:32.636+0000] {logging_mixin.py:190} INFO - [2026-07-25T09:30:32.636+0000] {dag.py:4180} INFO - Setting next_dagrun for example_setup_teardown_taskflow to None, run_after=None
[2026-07-25T09:30:32.646+0000] {processor.py:208} INFO - Processing /home/airflow/.local/lib/python3.12/site-packages/airflow/example_dags/example_setup_teardown_taskflow.py took 0.045 seconds
