[2026-07-25T09:06:22.435+0000] {processor.py:186} INFO - Started process (PID=108) to work on /home/airflow/.local/lib/python3.12/site-packages/airflow/example_dags/example_local_kubernetes_executor.py
[2026-07-25T09:06:22.436+0000] {processor.py:914} INFO - Processing file /home/airflow/.local/lib/python3.12/site-packages/airflow/example_dags/example_local_kubernetes_executor.py for tasks to queue
[2026-07-25T09:06:22.438+0000] {logging_mixin.py:190} INFO - [2026-07-25T09:06:22.438+0000] {dagbag.py:588} INFO - Filling up the DagBag from /home/airflow/.local/lib/python3.12/site-packages/airflow/example_dags/example_local_kubernetes_executor.py
[2026-07-25T09:06:22.445+0000] {processor.py:925} INFO - DAG(s) 'example_local_kubernetes_executor' retrieved from /home/airflow/.local/lib/python3.12/site-packages/airflow/example_dags/example_local_kubernetes_executor.py
[2026-07-25T09:06:22.509+0000] {logging_mixin.py:190} INFO - [2026-07-25T09:06:22.508+0000] {override.py:1932} INFO - Created Permission View: can edit on DAG:example_local_kubernetes_executor
[2026-07-25T09:06:22.517+0000] {logging_mixin.py:190} INFO - [2026-07-25T09:06:22.517+0000] {override.py:1932} INFO - Created Permission View: can read on DAG:example_local_kubernetes_executor
[2026-07-25T09:06:22.522+0000] {logging_mixin.py:190} INFO - [2026-07-25T09:06:22.522+0000] {override.py:1932} INFO - Created Permission View: can delete on DAG:example_local_kubernetes_executor
[2026-07-25T09:06:22.529+0000] {logging_mixin.py:190} INFO - [2026-07-25T09:06:22.529+0000] {override.py:1932} INFO - Created Permission View: can create on DAG Run:example_local_kubernetes_executor
[2026-07-25T09:06:22.534+0000] {logging_mixin.py:190} INFO - [2026-07-25T09:06:22.534+0000] {override.py:1932} INFO - Created Permission View: can read on DAG Run:example_local_kubernetes_executor
[2026-07-25T09:06:22.541+0000] {logging_mixin.py:190} INFO - [2026-07-25T09:06:22.541+0000] {override.py:1932} INFO - Created Permission View: can delete on DAG Run:example_local_kubernetes_executor
[2026-07-25T09:06:22.546+0000] {logging_mixin.py:190} INFO - [2026-07-25T09:06:22.546+0000] {override.py:1932} INFO - Created Permission View: menu access on DAG Run:example_local_kubernetes_executor
[2026-07-25T09:06:22.547+0000] {logging_mixin.py:190} INFO - [2026-07-25T09:06:22.547+0000] {dag.py:3239} INFO - Sync 1 DAGs
[2026-07-25T09:06:22.555+0000] {logging_mixin.py:190} INFO - [2026-07-25T09:06:22.554+0000] {dag.py:3262} INFO - Creating ORM DAG for example_local_kubernetes_executor
[2026-07-25T09:06:22.555+0000] {logging_mixin.py:190} INFO - [2026-07-25T09:06:22.555+0000] {dag.py:4180} INFO - Setting next_dagrun for example_local_kubernetes_executor to None, run_after=None
[2026-07-25T09:06:22.565+0000] {processor.py:208} INFO - Processing /home/airflow/.local/lib/python3.12/site-packages/airflow/example_dags/example_local_kubernetes_executor.py took 0.133 seconds
[2026-07-25T09:06:54.839+0000] {processor.py:186} INFO - Started process (PID=170) to work on /home/airflow/.local/lib/python3.12/site-packages/airflow/example_dags/example_local_kubernetes_executor.py
[2026-07-25T09:06:54.839+0000] {processor.py:914} INFO - Processing file /home/airflow/.local/lib/python3.12/site-packages/airflow/example_dags/example_local_kubernetes_executor.py for tasks to queue
[2026-07-25T09:06:54.842+0000] {logging_mixin.py:190} INFO - [2026-07-25T09:06:54.841+0000] {dagbag.py:588} INFO - Filling up the DagBag from /home/airflow/.local/lib/python3.12/site-packages/airflow/example_dags/example_local_kubernetes_executor.py
[2026-07-25T09:06:54.847+0000] {processor.py:925} INFO - DAG(s) 'example_local_kubernetes_executor' retrieved from /home/airflow/.local/lib/python3.12/site-packages/airflow/example_dags/example_local_kubernetes_executor.py
[2026-07-25T09:06:54.861+0000] {logging_mixin.py:190} INFO - [2026-07-25T09:06:54.861+0000] {dag.py:3239} INFO - Sync 1 DAGs
[2026-07-25T09:06:54.870+0000] {logging_mixin.py:190} INFO - [2026-07-25T09:06:54.870+0000] {dag.py:4180} INFO - Setting next_dagrun for example_local_kubernetes_executor to None, run_after=None
[2026-07-25T09:06:54.880+0000] {processor.py:208} INFO - Processing /home/airflow/.local/lib/python3.12/site-packages/airflow/example_dags/example_local_kubernetes_executor.py took 0.045 seconds
[2026-07-25T09:07:29.360+0000] {processor.py:186} INFO - Started process (PID=233) to work on /home/airflow/.local/lib/python3.12/site-packages/airflow/example_dags/example_local_kubernetes_executor.py
[2026-07-25T09:07:29.360+0000] {processor.py:914} INFO - Processing file /home/airflow/.local/lib/python3.12/site-packages/airflow/example_dags/example_local_kubernetes_executor.py for tasks to queue
[2026-07-25T09:07:29.362+0000] {logging_mixin.py:190} INFO - [2026-07-25T09:07:29.362+0000] {dagbag.py:588} INFO - Filling up the DagBag from /home/airflow/.local/lib/python3.12/site-packages/airflow/example_dags/example_local_kubernetes_executor.py
[2026-07-25T09:07:29.368+0000] {processor.py:925} INFO - DAG(s) 'example_local_kubernetes_executor' retrieved from /home/airflow/.local/lib/python3.12/site-packages/airflow/example_dags/example_local_kubernetes_executor.py
[2026-07-25T09:07:29.381+0000] {logging_mixin.py:190} INFO - [2026-07-25T09:07:29.381+0000] {dag.py:3239} INFO - Sync 1 DAGs
[2026-07-25T09:07:29.389+0000] {logging_mixin.py:190} INFO - [2026-07-25T09:07:29.389+0000] {dag.py:4180} INFO - Setting next_dagrun for example_local_kubernetes_executor to None, run_after=None
[2026-07-25T09:07:29.399+0000] {processor.py:208} INFO - Processing /home/airflow/.local/lib/python3.12/site-packages/airflow/example_dags/example_local_kubernetes_executor.py took 0.043 seconds
[2026-07-25T09:08:00.349+0000] {processor.py:186} INFO - Started process (PID=295) to work on /home/airflow/.local/lib/python3.12/site-packages/airflow/example_dags/example_local_kubernetes_executor.py
[2026-07-25T09:08:00.350+0000] {processor.py:914} INFO - Processing file /home/airflow/.local/lib/python3.12/site-packages/airflow/example_dags/example_local_kubernetes_executor.py for tasks to queue
[2026-07-25T09:08:00.352+0000] {logging_mixin.py:190} INFO - [2026-07-25T09:08:00.352+0000] {dagbag.py:588} INFO - Filling up the DagBag from /home/airflow/.local/lib/python3.12/site-packages/airflow/example_dags/example_local_kubernetes_executor.py
[2026-07-25T09:08:00.359+0000] {processor.py:925} INFO - DAG(s) 'example_local_kubernetes_executor' retrieved from /home/airflow/.local/lib/python3.12/site-packages/airflow/example_dags/example_local_kubernetes_executor.py
[2026-07-25T09:08:00.372+0000] {logging_mixin.py:190} INFO - [2026-07-25T09:08:00.372+0000] {dag.py:3239} INFO - Sync 1 DAGs
[2026-07-25T09:08:00.380+0000] {logging_mixin.py:190} INFO - [2026-07-25T09:08:00.380+0000] {dag.py:4180} INFO - Setting next_dagrun for example_local_kubernetes_executor to None, run_after=None
[2026-07-25T09:08:00.393+0000] {processor.py:208} INFO - Processing /home/airflow/.local/lib/python3.12/site-packages/airflow/example_dags/example_local_kubernetes_executor.py took 0.047 seconds
[2026-07-25T09:08:30.652+0000] {processor.py:186} INFO - Started process (PID=357) to work on /home/airflow/.local/lib/python3.12/site-packages/airflow/example_dags/example_local_kubernetes_executor.py
[2026-07-25T09:08:30.653+0000] {processor.py:914} INFO - Processing file /home/airflow/.local/lib/python3.12/site-packages/airflow/example_dags/example_local_kubernetes_executor.py for tasks to queue
[2026-07-25T09:08:30.655+0000] {logging_mixin.py:190} INFO - [2026-07-25T09:08:30.654+0000] {dagbag.py:588} INFO - Filling up the DagBag from /home/airflow/.local/lib/python3.12/site-packages/airflow/example_dags/example_local_kubernetes_executor.py
[2026-07-25T09:08:30.660+0000] {processor.py:925} INFO - DAG(s) 'example_local_kubernetes_executor' retrieved from /home/airflow/.local/lib/python3.12/site-packages/airflow/example_dags/example_local_kubernetes_executor.py
[2026-07-25T09:08:30.673+0000] {logging_mixin.py:190} INFO - [2026-07-25T09:08:30.673+0000] {dag.py:3239} INFO - Sync 1 DAGs
[2026-07-25T09:08:30.683+0000] {logging_mixin.py:190} INFO - [2026-07-25T09:08:30.683+0000] {dag.py:4180} INFO - Setting next_dagrun for example_local_kubernetes_executor to None, run_after=None
[2026-07-25T09:08:30.694+0000] {processor.py:208} INFO - Processing /home/airflow/.local/lib/python3.12/site-packages/airflow/example_dags/example_local_kubernetes_executor.py took 0.045 seconds
[2026-07-25T09:09:01.437+0000] {processor.py:186} INFO - Started process (PID=419) to work on /home/airflow/.local/lib/python3.12/site-packages/airflow/example_dags/example_local_kubernetes_executor.py
[2026-07-25T09:09:01.438+0000] {processor.py:914} INFO - Processing file /home/airflow/.local/lib/python3.12/site-packages/airflow/example_dags/example_local_kubernetes_executor.py for tasks to queue
[2026-07-25T09:09:01.440+0000] {logging_mixin.py:190} INFO - [2026-07-25T09:09:01.440+0000] {dagbag.py:588} INFO - Filling up the DagBag from /home/airflow/.local/lib/python3.12/site-packages/airflow/example_dags/example_local_kubernetes_executor.py
[2026-07-25T09:09:01.449+0000] {processor.py:925} INFO - DAG(s) 'example_local_kubernetes_executor' retrieved from /home/airflow/.local/lib/python3.12/site-packages/airflow/example_dags/example_local_kubernetes_executor.py
[2026-07-25T09:09:01.463+0000] {logging_mixin.py:190} INFO - [2026-07-25T09:09:01.463+0000] {dag.py:3239} INFO - Sync 1 DAGs
[2026-07-25T09:09:01.472+0000] {logging_mixin.py:190} INFO - [2026-07-25T09:09:01.472+0000] {dag.py:4180} INFO - Setting next_dagrun for example_local_kubernetes_executor to None, run_after=None
[2026-07-25T09:09:01.486+0000] {processor.py:208} INFO - Processing /home/airflow/.local/lib/python3.12/site-packages/airflow/example_dags/example_local_kubernetes_executor.py took 0.054 seconds
[2026-07-25T09:09:32.352+0000] {processor.py:186} INFO - Started process (PID=482) to work on /home/airflow/.local/lib/python3.12/site-packages/airflow/example_dags/example_local_kubernetes_executor.py
[2026-07-25T09:09:32.353+0000] {processor.py:914} INFO - Processing file /home/airflow/.local/lib/python3.12/site-packages/airflow/example_dags/example_local_kubernetes_executor.py for tasks to queue
[2026-07-25T09:09:32.355+0000] {logging_mixin.py:190} INFO - [2026-07-25T09:09:32.355+0000] {dagbag.py:588} INFO - Filling up the DagBag from /home/airflow/.local/lib/python3.12/site-packages/airflow/example_dags/example_local_kubernetes_executor.py
[2026-07-25T09:09:32.361+0000] {processor.py:925} INFO - DAG(s) 'example_local_kubernetes_executor' retrieved from /home/airflow/.local/lib/python3.12/site-packages/airflow/example_dags/example_local_kubernetes_executor.py
[2026-07-25T09:09:32.374+0000] {logging_mixin.py:190} INFO - [2026-07-25T09:09:32.374+0000] {dag.py:3239} INFO - Sync 1 DAGs
[2026-07-25T09:09:32.383+0000] {logging_mixin.py:190} INFO - [2026-07-25T09:09:32.383+0000] {dag.py:4180} INFO - Setting next_dagrun for example_local_kubernetes_executor to None, run_after=None
[2026-07-25T09:09:32.395+0000] {processor.py:208} INFO - Processing /home/airflow/.local/lib/python3.12/site-packages/airflow/example_dags/example_local_kubernetes_executor.py took 0.046 seconds
[2026-07-25T09:10:02.572+0000] {processor.py:186} INFO - Started process (PID=545) to work on /home/airflow/.local/lib/python3.12/site-packages/airflow/example_dags/example_local_kubernetes_executor.py
[2026-07-25T09:10:02.573+0000] {processor.py:914} INFO - Processing file /home/airflow/.local/lib/python3.12/site-packages/airflow/example_dags/example_local_kubernetes_executor.py for tasks to queue
[2026-07-25T09:10:02.575+0000] {logging_mixin.py:190} INFO - [2026-07-25T09:10:02.575+0000] {dagbag.py:588} INFO - Filling up the DagBag from /home/airflow/.local/lib/python3.12/site-packages/airflow/example_dags/example_local_kubernetes_executor.py
[2026-07-25T09:10:02.583+0000] {processor.py:925} INFO - DAG(s) 'example_local_kubernetes_executor' retrieved from /home/airflow/.local/lib/python3.12/site-packages/airflow/example_dags/example_local_kubernetes_executor.py
[2026-07-25T09:10:02.598+0000] {logging_mixin.py:190} INFO - [2026-07-25T09:10:02.598+0000] {dag.py:3239} INFO - Sync 1 DAGs
[2026-07-25T09:10:02.608+0000] {logging_mixin.py:190} INFO - [2026-07-25T09:10:02.608+0000] {dag.py:4180} INFO - Setting next_dagrun for example_local_kubernetes_executor to None, run_after=None
[2026-07-25T09:10:02.620+0000] {processor.py:208} INFO - Processing /home/airflow/.local/lib/python3.12/site-packages/airflow/example_dags/example_local_kubernetes_executor.py took 0.052 seconds
[2026-07-25T09:10:33.182+0000] {processor.py:186} INFO - Started process (PID=608) to work on /home/airflow/.local/lib/python3.12/site-packages/airflow/example_dags/example_local_kubernetes_executor.py
[2026-07-25T09:10:33.183+0000] {processor.py:914} INFO - Processing file /home/airflow/.local/lib/python3.12/site-packages/airflow/example_dags/example_local_kubernetes_executor.py for tasks to queue
[2026-07-25T09:10:33.185+0000] {logging_mixin.py:190} INFO - [2026-07-25T09:10:33.184+0000] {dagbag.py:588} INFO - Filling up the DagBag from /home/airflow/.local/lib/python3.12/site-packages/airflow/example_dags/example_local_kubernetes_executor.py
[2026-07-25T09:10:33.190+0000] {processor.py:925} INFO - DAG(s) 'example_local_kubernetes_executor' retrieved from /home/airflow/.local/lib/python3.12/site-packages/airflow/example_dags/example_local_kubernetes_executor.py
[2026-07-25T09:10:33.204+0000] {logging_mixin.py:190} INFO - [2026-07-25T09:10:33.204+0000] {dag.py:3239} INFO - Sync 1 DAGs
[2026-07-25T09:10:33.213+0000] {logging_mixin.py:190} INFO - [2026-07-25T09:10:33.213+0000] {dag.py:4180} INFO - Setting next_dagrun for example_local_kubernetes_executor to None, run_after=None
[2026-07-25T09:10:33.225+0000] {processor.py:208} INFO - Processing /home/airflow/.local/lib/python3.12/site-packages/airflow/example_dags/example_local_kubernetes_executor.py took 0.047 seconds
[2026-07-25T09:11:05.429+0000] {processor.py:186} INFO - Started process (PID=671) to work on /home/airflow/.local/lib/python3.12/site-packages/airflow/example_dags/example_local_kubernetes_executor.py
[2026-07-25T09:11:05.430+0000] {processor.py:914} INFO - Processing file /home/airflow/.local/lib/python3.12/site-packages/airflow/example_dags/example_local_kubernetes_executor.py for tasks to queue
[2026-07-25T09:11:05.433+0000] {logging_mixin.py:190} INFO - [2026-07-25T09:11:05.432+0000] {dagbag.py:588} INFO - Filling up the DagBag from /home/airflow/.local/lib/python3.12/site-packages/airflow/example_dags/example_local_kubernetes_executor.py
[2026-07-25T09:11:05.439+0000] {processor.py:925} INFO - DAG(s) 'example_local_kubernetes_executor' retrieved from /home/airflow/.local/lib/python3.12/site-packages/airflow/example_dags/example_local_kubernetes_executor.py
[2026-07-25T09:11:05.452+0000] {logging_mixin.py:190} INFO - [2026-07-25T09:11:05.452+0000] {dag.py:3239} INFO - Sync 1 DAGs
[2026-07-25T09:11:05.460+0000] {logging_mixin.py:190} INFO - [2026-07-25T09:11:05.460+0000] {dag.py:4180} INFO - Setting next_dagrun for example_local_kubernetes_executor to None, run_after=None
[2026-07-25T09:11:05.471+0000] {processor.py:208} INFO - Processing /home/airflow/.local/lib/python3.12/site-packages/airflow/example_dags/example_local_kubernetes_executor.py took 0.045 seconds
[2026-07-25T09:11:39.869+0000] {processor.py:186} INFO - Started process (PID=734) to work on /home/airflow/.local/lib/python3.12/site-packages/airflow/example_dags/example_local_kubernetes_executor.py
[2026-07-25T09:11:39.870+0000] {processor.py:914} INFO - Processing file /home/airflow/.local/lib/python3.12/site-packages/airflow/example_dags/example_local_kubernetes_executor.py for tasks to queue
[2026-07-25T09:11:39.872+0000] {logging_mixin.py:190} INFO - [2026-07-25T09:11:39.872+0000] {dagbag.py:588} INFO - Filling up the DagBag from /home/airflow/.local/lib/python3.12/site-packages/airflow/example_dags/example_local_kubernetes_executor.py
[2026-07-25T09:11:39.878+0000] {processor.py:925} INFO - DAG(s) 'example_local_kubernetes_executor' retrieved from /home/airflow/.local/lib/python3.12/site-packages/airflow/example_dags/example_local_kubernetes_executor.py
[2026-07-25T09:11:39.891+0000] {logging_mixin.py:190} INFO - [2026-07-25T09:11:39.891+0000] {dag.py:3239} INFO - Sync 1 DAGs
[2026-07-25T09:11:39.900+0000] {logging_mixin.py:190} INFO - [2026-07-25T09:11:39.900+0000] {dag.py:4180} INFO - Setting next_dagrun for example_local_kubernetes_executor to None, run_after=None
[2026-07-25T09:11:39.911+0000] {processor.py:208} INFO - Processing /home/airflow/.local/lib/python3.12/site-packages/airflow/example_dags/example_local_kubernetes_executor.py took 0.046 seconds
[2026-07-25T09:12:11.321+0000] {processor.py:186} INFO - Started process (PID=796) to work on /home/airflow/.local/lib/python3.12/site-packages/airflow/example_dags/example_local_kubernetes_executor.py
[2026-07-25T09:12:11.322+0000] {processor.py:914} INFO - Processing file /home/airflow/.local/lib/python3.12/site-packages/airflow/example_dags/example_local_kubernetes_executor.py for tasks to queue
[2026-07-25T09:12:11.325+0000] {logging_mixin.py:190} INFO - [2026-07-25T09:12:11.325+0000] {dagbag.py:588} INFO - Filling up the DagBag from /home/airflow/.local/lib/python3.12/site-packages/airflow/example_dags/example_local_kubernetes_executor.py
[2026-07-25T09:12:11.331+0000] {processor.py:925} INFO - DAG(s) 'example_local_kubernetes_executor' retrieved from /home/airflow/.local/lib/python3.12/site-packages/airflow/example_dags/example_local_kubernetes_executor.py
[2026-07-25T09:12:11.345+0000] {logging_mixin.py:190} INFO - [2026-07-25T09:12:11.345+0000] {dag.py:3239} INFO - Sync 1 DAGs
[2026-07-25T09:12:11.354+0000] {logging_mixin.py:190} INFO - [2026-07-25T09:12:11.353+0000] {dag.py:4180} INFO - Setting next_dagrun for example_local_kubernetes_executor to None, run_after=None
[2026-07-25T09:12:11.365+0000] {processor.py:208} INFO - Processing /home/airflow/.local/lib/python3.12/site-packages/airflow/example_dags/example_local_kubernetes_executor.py took 0.047 seconds
[2026-07-25T09:12:42.163+0000] {processor.py:186} INFO - Started process (PID=858) to work on /home/airflow/.local/lib/python3.12/site-packages/airflow/example_dags/example_local_kubernetes_executor.py
[2026-07-25T09:12:42.164+0000] {processor.py:914} INFO - Processing file /home/airflow/.local/lib/python3.12/site-packages/airflow/example_dags/example_local_kubernetes_executor.py for tasks to queue
[2026-07-25T09:12:42.166+0000] {logging_mixin.py:190} INFO - [2026-07-25T09:12:42.166+0000] {dagbag.py:588} INFO - Filling up the DagBag from /home/airflow/.local/lib/python3.12/site-packages/airflow/example_dags/example_local_kubernetes_executor.py
[2026-07-25T09:12:42.172+0000] {processor.py:925} INFO - DAG(s) 'example_local_kubernetes_executor' retrieved from /home/airflow/.local/lib/python3.12/site-packages/airflow/example_dags/example_local_kubernetes_executor.py
[2026-07-25T09:12:42.185+0000] {logging_mixin.py:190} INFO - [2026-07-25T09:12:42.185+0000] {dag.py:3239} INFO - Sync 1 DAGs
[2026-07-25T09:12:42.194+0000] {logging_mixin.py:190} INFO - [2026-07-25T09:12:42.194+0000] {dag.py:4180} INFO - Setting next_dagrun for example_local_kubernetes_executor to None, run_after=None
[2026-07-25T09:12:42.208+0000] {processor.py:208} INFO - Processing /home/airflow/.local/lib/python3.12/site-packages/airflow/example_dags/example_local_kubernetes_executor.py took 0.048 seconds
[2026-07-25T09:13:12.860+0000] {processor.py:186} INFO - Started process (PID=921) to work on /home/airflow/.local/lib/python3.12/site-packages/airflow/example_dags/example_local_kubernetes_executor.py
[2026-07-25T09:13:12.861+0000] {processor.py:914} INFO - Processing file /home/airflow/.local/lib/python3.12/site-packages/airflow/example_dags/example_local_kubernetes_executor.py for tasks to queue
[2026-07-25T09:13:12.863+0000] {logging_mixin.py:190} INFO - [2026-07-25T09:13:12.863+0000] {dagbag.py:588} INFO - Filling up the DagBag from /home/airflow/.local/lib/python3.12/site-packages/airflow/example_dags/example_local_kubernetes_executor.py
[2026-07-25T09:13:12.870+0000] {processor.py:925} INFO - DAG(s) 'example_local_kubernetes_executor' retrieved from /home/airflow/.local/lib/python3.12/site-packages/airflow/example_dags/example_local_kubernetes_executor.py
[2026-07-25T09:13:12.885+0000] {logging_mixin.py:190} INFO - [2026-07-25T09:13:12.885+0000] {dag.py:3239} INFO - Sync 1 DAGs
[2026-07-25T09:13:12.894+0000] {logging_mixin.py:190} INFO - [2026-07-25T09:13:12.894+0000] {dag.py:4180} INFO - Setting next_dagrun for example_local_kubernetes_executor to None, run_after=None
[2026-07-25T09:13:12.907+0000] {processor.py:208} INFO - Processing /home/airflow/.local/lib/python3.12/site-packages/airflow/example_dags/example_local_kubernetes_executor.py took 0.051 seconds
[2026-07-25T09:13:42.966+0000] {processor.py:186} INFO - Started process (PID=983) to work on /home/airflow/.local/lib/python3.12/site-packages/airflow/example_dags/example_local_kubernetes_executor.py
[2026-07-25T09:13:42.966+0000] {processor.py:914} INFO - Processing file /home/airflow/.local/lib/python3.12/site-packages/airflow/example_dags/example_local_kubernetes_executor.py for tasks to queue
[2026-07-25T09:13:42.968+0000] {logging_mixin.py:190} INFO - [2026-07-25T09:13:42.968+0000] {dagbag.py:588} INFO - Filling up the DagBag from /home/airflow/.local/lib/python3.12/site-packages/airflow/example_dags/example_local_kubernetes_executor.py
[2026-07-25T09:13:42.974+0000] {processor.py:925} INFO - DAG(s) 'example_local_kubernetes_executor' retrieved from /home/airflow/.local/lib/python3.12/site-packages/airflow/example_dags/example_local_kubernetes_executor.py
[2026-07-25T09:13:42.990+0000] {logging_mixin.py:190} INFO - [2026-07-25T09:13:42.990+0000] {dag.py:3239} INFO - Sync 1 DAGs
[2026-07-25T09:13:43.000+0000] {logging_mixin.py:190} INFO - [2026-07-25T09:13:43.000+0000] {dag.py:4180} INFO - Setting next_dagrun for example_local_kubernetes_executor to None, run_after=None
[2026-07-25T09:13:43.013+0000] {processor.py:208} INFO - Processing /home/airflow/.local/lib/python3.12/site-packages/airflow/example_dags/example_local_kubernetes_executor.py took 0.051 seconds
[2026-07-25T09:14:13.358+0000] {processor.py:186} INFO - Started process (PID=1045) to work on /home/airflow/.local/lib/python3.12/site-packages/airflow/example_dags/example_local_kubernetes_executor.py
[2026-07-25T09:14:13.359+0000] {processor.py:914} INFO - Processing file /home/airflow/.local/lib/python3.12/site-packages/airflow/example_dags/example_local_kubernetes_executor.py for tasks to queue
[2026-07-25T09:14:13.361+0000] {logging_mixin.py:190} INFO - [2026-07-25T09:14:13.361+0000] {dagbag.py:588} INFO - Filling up the DagBag from /home/airflow/.local/lib/python3.12/site-packages/airflow/example_dags/example_local_kubernetes_executor.py
[2026-07-25T09:14:13.368+0000] {processor.py:925} INFO - DAG(s) 'example_local_kubernetes_executor' retrieved from /home/airflow/.local/lib/python3.12/site-packages/airflow/example_dags/example_local_kubernetes_executor.py
[2026-07-25T09:14:13.381+0000] {logging_mixin.py:190} INFO - [2026-07-25T09:14:13.381+0000] {dag.py:3239} INFO - Sync 1 DAGs
[2026-07-25T09:14:13.389+0000] {logging_mixin.py:190} INFO - [2026-07-25T09:14:13.389+0000] {dag.py:4180} INFO - Setting next_dagrun for example_local_kubernetes_executor to None, run_after=None
[2026-07-25T09:14:13.402+0000] {processor.py:208} INFO - Processing /home/airflow/.local/lib/python3.12/site-packages/airflow/example_dags/example_local_kubernetes_executor.py took 0.047 seconds
[2026-07-25T09:15:41.608+0000] {processor.py:186} INFO - Started process (PID=108) to work on /home/airflow/.local/lib/python3.12/site-packages/airflow/example_dags/example_local_kubernetes_executor.py
[2026-07-25T09:15:41.609+0000] {processor.py:914} INFO - Processing file /home/airflow/.local/lib/python3.12/site-packages/airflow/example_dags/example_local_kubernetes_executor.py for tasks to queue
[2026-07-25T09:15:41.612+0000] {logging_mixin.py:190} INFO - [2026-07-25T09:15:41.612+0000] {dagbag.py:588} INFO - Filling up the DagBag from /home/airflow/.local/lib/python3.12/site-packages/airflow/example_dags/example_local_kubernetes_executor.py
[2026-07-25T09:15:41.621+0000] {processor.py:925} INFO - DAG(s) 'example_local_kubernetes_executor' retrieved from /home/airflow/.local/lib/python3.12/site-packages/airflow/example_dags/example_local_kubernetes_executor.py
[2026-07-25T09:15:41.646+0000] {logging_mixin.py:190} INFO - [2026-07-25T09:15:41.646+0000] {dag.py:3239} INFO - Sync 1 DAGs
[2026-07-25T09:15:41.661+0000] {logging_mixin.py:190} INFO - [2026-07-25T09:15:41.661+0000] {dag.py:4180} INFO - Setting next_dagrun for example_local_kubernetes_executor to None, run_after=None
[2026-07-25T09:15:41.674+0000] {processor.py:208} INFO - Processing /home/airflow/.local/lib/python3.12/site-packages/airflow/example_dags/example_local_kubernetes_executor.py took 0.074 seconds
[2026-07-25T09:16:14.340+0000] {processor.py:186} INFO - Started process (PID=170) to work on /home/airflow/.local/lib/python3.12/site-packages/airflow/example_dags/example_local_kubernetes_executor.py
[2026-07-25T09:16:14.341+0000] {processor.py:914} INFO - Processing file /home/airflow/.local/lib/python3.12/site-packages/airflow/example_dags/example_local_kubernetes_executor.py for tasks to queue
[2026-07-25T09:16:14.343+0000] {logging_mixin.py:190} INFO - [2026-07-25T09:16:14.343+0000] {dagbag.py:588} INFO - Filling up the DagBag from /home/airflow/.local/lib/python3.12/site-packages/airflow/example_dags/example_local_kubernetes_executor.py
[2026-07-25T09:16:14.349+0000] {processor.py:925} INFO - DAG(s) 'example_local_kubernetes_executor' retrieved from /home/airflow/.local/lib/python3.12/site-packages/airflow/example_dags/example_local_kubernetes_executor.py
[2026-07-25T09:16:14.363+0000] {logging_mixin.py:190} INFO - [2026-07-25T09:16:14.363+0000] {dag.py:3239} INFO - Sync 1 DAGs
[2026-07-25T09:16:14.373+0000] {logging_mixin.py:190} INFO - [2026-07-25T09:16:14.373+0000] {dag.py:4180} INFO - Setting next_dagrun for example_local_kubernetes_executor to None, run_after=None
[2026-07-25T09:16:14.385+0000] {processor.py:208} INFO - Processing /home/airflow/.local/lib/python3.12/site-packages/airflow/example_dags/example_local_kubernetes_executor.py took 0.050 seconds
[2026-07-25T09:16:48.560+0000] {processor.py:186} INFO - Started process (PID=233) to work on /home/airflow/.local/lib/python3.12/site-packages/airflow/example_dags/example_local_kubernetes_executor.py
[2026-07-25T09:16:48.560+0000] {processor.py:914} INFO - Processing file /home/airflow/.local/lib/python3.12/site-packages/airflow/example_dags/example_local_kubernetes_executor.py for tasks to queue
[2026-07-25T09:16:48.563+0000] {logging_mixin.py:190} INFO - [2026-07-25T09:16:48.563+0000] {dagbag.py:588} INFO - Filling up the DagBag from /home/airflow/.local/lib/python3.12/site-packages/airflow/example_dags/example_local_kubernetes_executor.py
[2026-07-25T09:16:48.569+0000] {processor.py:925} INFO - DAG(s) 'example_local_kubernetes_executor' retrieved from /home/airflow/.local/lib/python3.12/site-packages/airflow/example_dags/example_local_kubernetes_executor.py
[2026-07-25T09:16:48.582+0000] {logging_mixin.py:190} INFO - [2026-07-25T09:16:48.582+0000] {dag.py:3239} INFO - Sync 1 DAGs
[2026-07-25T09:16:48.591+0000] {logging_mixin.py:190} INFO - [2026-07-25T09:16:48.591+0000] {dag.py:4180} INFO - Setting next_dagrun for example_local_kubernetes_executor to None, run_after=None
[2026-07-25T09:16:48.602+0000] {processor.py:208} INFO - Processing /home/airflow/.local/lib/python3.12/site-packages/airflow/example_dags/example_local_kubernetes_executor.py took 0.045 seconds
[2026-07-25T09:17:22.872+0000] {processor.py:186} INFO - Started process (PID=296) to work on /home/airflow/.local/lib/python3.12/site-packages/airflow/example_dags/example_local_kubernetes_executor.py
[2026-07-25T09:17:22.873+0000] {processor.py:914} INFO - Processing file /home/airflow/.local/lib/python3.12/site-packages/airflow/example_dags/example_local_kubernetes_executor.py for tasks to queue
[2026-07-25T09:17:22.875+0000] {logging_mixin.py:190} INFO - [2026-07-25T09:17:22.875+0000] {dagbag.py:588} INFO - Filling up the DagBag from /home/airflow/.local/lib/python3.12/site-packages/airflow/example_dags/example_local_kubernetes_executor.py
[2026-07-25T09:17:22.881+0000] {processor.py:925} INFO - DAG(s) 'example_local_kubernetes_executor' retrieved from /home/airflow/.local/lib/python3.12/site-packages/airflow/example_dags/example_local_kubernetes_executor.py
[2026-07-25T09:17:22.894+0000] {logging_mixin.py:190} INFO - [2026-07-25T09:17:22.894+0000] {dag.py:3239} INFO - Sync 1 DAGs
[2026-07-25T09:17:22.903+0000] {logging_mixin.py:190} INFO - [2026-07-25T09:17:22.903+0000] {dag.py:4180} INFO - Setting next_dagrun for example_local_kubernetes_executor to None, run_after=None
[2026-07-25T09:17:22.915+0000] {processor.py:208} INFO - Processing /home/airflow/.local/lib/python3.12/site-packages/airflow/example_dags/example_local_kubernetes_executor.py took 0.047 seconds
[2026-07-25T09:17:56.884+0000] {processor.py:186} INFO - Started process (PID=359) to work on /home/airflow/.local/lib/python3.12/site-packages/airflow/example_dags/example_local_kubernetes_executor.py
[2026-07-25T09:17:56.884+0000] {processor.py:914} INFO - Processing file /home/airflow/.local/lib/python3.12/site-packages/airflow/example_dags/example_local_kubernetes_executor.py for tasks to queue
[2026-07-25T09:17:56.886+0000] {logging_mixin.py:190} INFO - [2026-07-25T09:17:56.886+0000] {dagbag.py:588} INFO - Filling up the DagBag from /home/airflow/.local/lib/python3.12/site-packages/airflow/example_dags/example_local_kubernetes_executor.py
[2026-07-25T09:17:56.892+0000] {processor.py:925} INFO - DAG(s) 'example_local_kubernetes_executor' retrieved from /home/airflow/.local/lib/python3.12/site-packages/airflow/example_dags/example_local_kubernetes_executor.py
[2026-07-25T09:17:56.906+0000] {logging_mixin.py:190} INFO - [2026-07-25T09:17:56.906+0000] {dag.py:3239} INFO - Sync 1 DAGs
[2026-07-25T09:17:56.914+0000] {logging_mixin.py:190} INFO - [2026-07-25T09:17:56.914+0000] {dag.py:4180} INFO - Setting next_dagrun for example_local_kubernetes_executor to None, run_after=None
[2026-07-25T09:17:56.925+0000] {processor.py:208} INFO - Processing /home/airflow/.local/lib/python3.12/site-packages/airflow/example_dags/example_local_kubernetes_executor.py took 0.045 seconds
[2026-07-25T09:18:27.570+0000] {processor.py:186} INFO - Started process (PID=421) to work on /home/airflow/.local/lib/python3.12/site-packages/airflow/example_dags/example_local_kubernetes_executor.py
[2026-07-25T09:18:27.571+0000] {processor.py:914} INFO - Processing file /home/airflow/.local/lib/python3.12/site-packages/airflow/example_dags/example_local_kubernetes_executor.py for tasks to queue
[2026-07-25T09:18:27.573+0000] {logging_mixin.py:190} INFO - [2026-07-25T09:18:27.573+0000] {dagbag.py:588} INFO - Filling up the DagBag from /home/airflow/.local/lib/python3.12/site-packages/airflow/example_dags/example_local_kubernetes_executor.py
[2026-07-25T09:18:27.579+0000] {processor.py:925} INFO - DAG(s) 'example_local_kubernetes_executor' retrieved from /home/airflow/.local/lib/python3.12/site-packages/airflow/example_dags/example_local_kubernetes_executor.py
[2026-07-25T09:18:27.594+0000] {logging_mixin.py:190} INFO - [2026-07-25T09:18:27.594+0000] {dag.py:3239} INFO - Sync 1 DAGs
[2026-07-25T09:18:27.602+0000] {logging_mixin.py:190} INFO - [2026-07-25T09:18:27.602+0000] {dag.py:4180} INFO - Setting next_dagrun for example_local_kubernetes_executor to None, run_after=None
[2026-07-25T09:18:27.613+0000] {processor.py:208} INFO - Processing /home/airflow/.local/lib/python3.12/site-packages/airflow/example_dags/example_local_kubernetes_executor.py took 0.047 seconds
[2026-07-25T09:18:58.133+0000] {processor.py:186} INFO - Started process (PID=483) to work on /home/airflow/.local/lib/python3.12/site-packages/airflow/example_dags/example_local_kubernetes_executor.py
[2026-07-25T09:18:58.134+0000] {processor.py:914} INFO - Processing file /home/airflow/.local/lib/python3.12/site-packages/airflow/example_dags/example_local_kubernetes_executor.py for tasks to queue
[2026-07-25T09:18:58.136+0000] {logging_mixin.py:190} INFO - [2026-07-25T09:18:58.136+0000] {dagbag.py:588} INFO - Filling up the DagBag from /home/airflow/.local/lib/python3.12/site-packages/airflow/example_dags/example_local_kubernetes_executor.py
[2026-07-25T09:18:58.142+0000] {processor.py:925} INFO - DAG(s) 'example_local_kubernetes_executor' retrieved from /home/airflow/.local/lib/python3.12/site-packages/airflow/example_dags/example_local_kubernetes_executor.py
[2026-07-25T09:18:58.155+0000] {logging_mixin.py:190} INFO - [2026-07-25T09:18:58.155+0000] {dag.py:3239} INFO - Sync 1 DAGs
[2026-07-25T09:18:58.163+0000] {logging_mixin.py:190} INFO - [2026-07-25T09:18:58.163+0000] {dag.py:4180} INFO - Setting next_dagrun for example_local_kubernetes_executor to None, run_after=None
[2026-07-25T09:18:58.175+0000] {processor.py:208} INFO - Processing /home/airflow/.local/lib/python3.12/site-packages/airflow/example_dags/example_local_kubernetes_executor.py took 0.045 seconds
[2026-07-25T09:19:28.649+0000] {processor.py:186} INFO - Started process (PID=545) to work on /home/airflow/.local/lib/python3.12/site-packages/airflow/example_dags/example_local_kubernetes_executor.py
[2026-07-25T09:19:28.650+0000] {processor.py:914} INFO - Processing file /home/airflow/.local/lib/python3.12/site-packages/airflow/example_dags/example_local_kubernetes_executor.py for tasks to queue
[2026-07-25T09:19:28.652+0000] {logging_mixin.py:190} INFO - [2026-07-25T09:19:28.652+0000] {dagbag.py:588} INFO - Filling up the DagBag from /home/airflow/.local/lib/python3.12/site-packages/airflow/example_dags/example_local_kubernetes_executor.py
[2026-07-25T09:19:28.658+0000] {processor.py:925} INFO - DAG(s) 'example_local_kubernetes_executor' retrieved from /home/airflow/.local/lib/python3.12/site-packages/airflow/example_dags/example_local_kubernetes_executor.py
[2026-07-25T09:19:28.670+0000] {logging_mixin.py:190} INFO - [2026-07-25T09:19:28.670+0000] {dag.py:3239} INFO - Sync 1 DAGs
[2026-07-25T09:19:28.678+0000] {logging_mixin.py:190} INFO - [2026-07-25T09:19:28.678+0000] {dag.py:4180} INFO - Setting next_dagrun for example_local_kubernetes_executor to None, run_after=None
[2026-07-25T09:19:28.690+0000] {processor.py:208} INFO - Processing /home/airflow/.local/lib/python3.12/site-packages/airflow/example_dags/example_local_kubernetes_executor.py took 0.044 seconds
[2026-07-25T09:20:54.306+0000] {processor.py:186} INFO - Started process (PID=108) to work on /home/airflow/.local/lib/python3.12/site-packages/airflow/example_dags/example_local_kubernetes_executor.py
[2026-07-25T09:20:54.308+0000] {processor.py:914} INFO - Processing file /home/airflow/.local/lib/python3.12/site-packages/airflow/example_dags/example_local_kubernetes_executor.py for tasks to queue
[2026-07-25T09:20:54.311+0000] {logging_mixin.py:190} INFO - [2026-07-25T09:20:54.311+0000] {dagbag.py:588} INFO - Filling up the DagBag from /home/airflow/.local/lib/python3.12/site-packages/airflow/example_dags/example_local_kubernetes_executor.py
[2026-07-25T09:20:54.324+0000] {processor.py:925} INFO - DAG(s) 'example_local_kubernetes_executor' retrieved from /home/airflow/.local/lib/python3.12/site-packages/airflow/example_dags/example_local_kubernetes_executor.py
[2026-07-25T09:20:54.349+0000] {logging_mixin.py:190} INFO - [2026-07-25T09:20:54.349+0000] {dag.py:3239} INFO - Sync 1 DAGs
[2026-07-25T09:20:54.364+0000] {logging_mixin.py:190} INFO - [2026-07-25T09:20:54.364+0000] {dag.py:4180} INFO - Setting next_dagrun for example_local_kubernetes_executor to None, run_after=None
[2026-07-25T09:20:54.386+0000] {processor.py:208} INFO - Processing /home/airflow/.local/lib/python3.12/site-packages/airflow/example_dags/example_local_kubernetes_executor.py took 0.087 seconds
[2026-07-25T09:21:25.625+0000] {processor.py:186} INFO - Started process (PID=170) to work on /home/airflow/.local/lib/python3.12/site-packages/airflow/example_dags/example_local_kubernetes_executor.py
[2026-07-25T09:21:25.626+0000] {processor.py:914} INFO - Processing file /home/airflow/.local/lib/python3.12/site-packages/airflow/example_dags/example_local_kubernetes_executor.py for tasks to queue
[2026-07-25T09:21:25.628+0000] {logging_mixin.py:190} INFO - [2026-07-25T09:21:25.628+0000] {dagbag.py:588} INFO - Filling up the DagBag from /home/airflow/.local/lib/python3.12/site-packages/airflow/example_dags/example_local_kubernetes_executor.py
[2026-07-25T09:21:25.637+0000] {processor.py:925} INFO - DAG(s) 'example_local_kubernetes_executor' retrieved from /home/airflow/.local/lib/python3.12/site-packages/airflow/example_dags/example_local_kubernetes_executor.py
[2026-07-25T09:21:25.654+0000] {logging_mixin.py:190} INFO - [2026-07-25T09:21:25.654+0000] {dag.py:3239} INFO - Sync 1 DAGs
[2026-07-25T09:21:25.664+0000] {logging_mixin.py:190} INFO - [2026-07-25T09:21:25.663+0000] {dag.py:4180} INFO - Setting next_dagrun for example_local_kubernetes_executor to None, run_after=None
[2026-07-25T09:21:25.675+0000] {processor.py:208} INFO - Processing /home/airflow/.local/lib/python3.12/site-packages/airflow/example_dags/example_local_kubernetes_executor.py took 0.054 seconds
[2026-07-25T09:21:57.845+0000] {processor.py:186} INFO - Started process (PID=232) to work on /home/airflow/.local/lib/python3.12/site-packages/airflow/example_dags/example_local_kubernetes_executor.py
[2026-07-25T09:21:57.846+0000] {processor.py:914} INFO - Processing file /home/airflow/.local/lib/python3.12/site-packages/airflow/example_dags/example_local_kubernetes_executor.py for tasks to queue
[2026-07-25T09:21:57.848+0000] {logging_mixin.py:190} INFO - [2026-07-25T09:21:57.848+0000] {dagbag.py:588} INFO - Filling up the DagBag from /home/airflow/.local/lib/python3.12/site-packages/airflow/example_dags/example_local_kubernetes_executor.py
[2026-07-25T09:21:57.854+0000] {processor.py:925} INFO - DAG(s) 'example_local_kubernetes_executor' retrieved from /home/airflow/.local/lib/python3.12/site-packages/airflow/example_dags/example_local_kubernetes_executor.py
[2026-07-25T09:21:57.868+0000] {logging_mixin.py:190} INFO - [2026-07-25T09:21:57.868+0000] {dag.py:3239} INFO - Sync 1 DAGs
[2026-07-25T09:21:57.876+0000] {logging_mixin.py:190} INFO - [2026-07-25T09:21:57.876+0000] {dag.py:4180} INFO - Setting next_dagrun for example_local_kubernetes_executor to None, run_after=None
[2026-07-25T09:21:57.887+0000] {processor.py:208} INFO - Processing /home/airflow/.local/lib/python3.12/site-packages/airflow/example_dags/example_local_kubernetes_executor.py took 0.046 seconds
[2026-07-25T09:22:28.369+0000] {processor.py:186} INFO - Started process (PID=294) to work on /home/airflow/.local/lib/python3.12/site-packages/airflow/example_dags/example_local_kubernetes_executor.py
[2026-07-25T09:22:28.370+0000] {processor.py:914} INFO - Processing file /home/airflow/.local/lib/python3.12/site-packages/airflow/example_dags/example_local_kubernetes_executor.py for tasks to queue
[2026-07-25T09:22:28.372+0000] {logging_mixin.py:190} INFO - [2026-07-25T09:22:28.372+0000] {dagbag.py:588} INFO - Filling up the DagBag from /home/airflow/.local/lib/python3.12/site-packages/airflow/example_dags/example_local_kubernetes_executor.py
[2026-07-25T09:22:28.378+0000] {processor.py:925} INFO - DAG(s) 'example_local_kubernetes_executor' retrieved from /home/airflow/.local/lib/python3.12/site-packages/airflow/example_dags/example_local_kubernetes_executor.py
[2026-07-25T09:22:28.391+0000] {logging_mixin.py:190} INFO - [2026-07-25T09:22:28.391+0000] {dag.py:3239} INFO - Sync 1 DAGs
[2026-07-25T09:22:28.400+0000] {logging_mixin.py:190} INFO - [2026-07-25T09:22:28.399+0000] {dag.py:4180} INFO - Setting next_dagrun for example_local_kubernetes_executor to None, run_after=None
[2026-07-25T09:22:28.410+0000] {processor.py:208} INFO - Processing /home/airflow/.local/lib/python3.12/site-packages/airflow/example_dags/example_local_kubernetes_executor.py took 0.045 seconds
[2026-07-25T09:24:05.376+0000] {processor.py:186} INFO - Started process (PID=108) to work on /home/airflow/.local/lib/python3.12/site-packages/airflow/example_dags/example_local_kubernetes_executor.py
[2026-07-25T09:24:05.377+0000] {processor.py:914} INFO - Processing file /home/airflow/.local/lib/python3.12/site-packages/airflow/example_dags/example_local_kubernetes_executor.py for tasks to queue
[2026-07-25T09:24:05.379+0000] {logging_mixin.py:190} INFO - [2026-07-25T09:24:05.379+0000] {dagbag.py:588} INFO - Filling up the DagBag from /home/airflow/.local/lib/python3.12/site-packages/airflow/example_dags/example_local_kubernetes_executor.py
[2026-07-25T09:24:05.386+0000] {processor.py:925} INFO - DAG(s) 'example_local_kubernetes_executor' retrieved from /home/airflow/.local/lib/python3.12/site-packages/airflow/example_dags/example_local_kubernetes_executor.py
[2026-07-25T09:24:05.402+0000] {logging_mixin.py:190} INFO - [2026-07-25T09:24:05.401+0000] {dag.py:3239} INFO - Sync 1 DAGs
[2026-07-25T09:24:05.411+0000] {logging_mixin.py:190} INFO - [2026-07-25T09:24:05.411+0000] {dag.py:4180} INFO - Setting next_dagrun for example_local_kubernetes_executor to None, run_after=None
[2026-07-25T09:24:05.445+0000] {processor.py:208} INFO - Processing /home/airflow/.local/lib/python3.12/site-packages/airflow/example_dags/example_local_kubernetes_executor.py took 0.073 seconds
[2026-07-25T09:24:38.049+0000] {processor.py:186} INFO - Started process (PID=170) to work on /home/airflow/.local/lib/python3.12/site-packages/airflow/example_dags/example_local_kubernetes_executor.py
[2026-07-25T09:24:38.050+0000] {processor.py:914} INFO - Processing file /home/airflow/.local/lib/python3.12/site-packages/airflow/example_dags/example_local_kubernetes_executor.py for tasks to queue
[2026-07-25T09:24:38.052+0000] {logging_mixin.py:190} INFO - [2026-07-25T09:24:38.052+0000] {dagbag.py:588} INFO - Filling up the DagBag from /home/airflow/.local/lib/python3.12/site-packages/airflow/example_dags/example_local_kubernetes_executor.py
[2026-07-25T09:24:38.059+0000] {processor.py:925} INFO - DAG(s) 'example_local_kubernetes_executor' retrieved from /home/airflow/.local/lib/python3.12/site-packages/airflow/example_dags/example_local_kubernetes_executor.py
[2026-07-25T09:24:38.074+0000] {logging_mixin.py:190} INFO - [2026-07-25T09:24:38.074+0000] {dag.py:3239} INFO - Sync 1 DAGs
[2026-07-25T09:24:38.083+0000] {logging_mixin.py:190} INFO - [2026-07-25T09:24:38.083+0000] {dag.py:4180} INFO - Setting next_dagrun for example_local_kubernetes_executor to None, run_after=None
[2026-07-25T09:24:38.096+0000] {processor.py:208} INFO - Processing /home/airflow/.local/lib/python3.12/site-packages/airflow/example_dags/example_local_kubernetes_executor.py took 0.052 seconds
[2026-07-25T09:25:09.003+0000] {processor.py:186} INFO - Started process (PID=232) to work on /home/airflow/.local/lib/python3.12/site-packages/airflow/example_dags/example_local_kubernetes_executor.py
[2026-07-25T09:25:09.004+0000] {processor.py:914} INFO - Processing file /home/airflow/.local/lib/python3.12/site-packages/airflow/example_dags/example_local_kubernetes_executor.py for tasks to queue
[2026-07-25T09:25:09.006+0000] {logging_mixin.py:190} INFO - [2026-07-25T09:25:09.006+0000] {dagbag.py:588} INFO - Filling up the DagBag from /home/airflow/.local/lib/python3.12/site-packages/airflow/example_dags/example_local_kubernetes_executor.py
[2026-07-25T09:25:09.013+0000] {processor.py:925} INFO - DAG(s) 'example_local_kubernetes_executor' retrieved from /home/airflow/.local/lib/python3.12/site-packages/airflow/example_dags/example_local_kubernetes_executor.py
[2026-07-25T09:25:09.026+0000] {logging_mixin.py:190} INFO - [2026-07-25T09:25:09.026+0000] {dag.py:3239} INFO - Sync 1 DAGs
[2026-07-25T09:25:09.036+0000] {logging_mixin.py:190} INFO - [2026-07-25T09:25:09.036+0000] {dag.py:4180} INFO - Setting next_dagrun for example_local_kubernetes_executor to None, run_after=None
[2026-07-25T09:25:09.052+0000] {processor.py:208} INFO - Processing /home/airflow/.local/lib/python3.12/site-packages/airflow/example_dags/example_local_kubernetes_executor.py took 0.053 seconds
[2026-07-25T09:25:39.897+0000] {processor.py:186} INFO - Started process (PID=294) to work on /home/airflow/.local/lib/python3.12/site-packages/airflow/example_dags/example_local_kubernetes_executor.py
[2026-07-25T09:25:39.898+0000] {processor.py:914} INFO - Processing file /home/airflow/.local/lib/python3.12/site-packages/airflow/example_dags/example_local_kubernetes_executor.py for tasks to queue
[2026-07-25T09:25:39.900+0000] {logging_mixin.py:190} INFO - [2026-07-25T09:25:39.900+0000] {dagbag.py:588} INFO - Filling up the DagBag from /home/airflow/.local/lib/python3.12/site-packages/airflow/example_dags/example_local_kubernetes_executor.py
[2026-07-25T09:25:39.906+0000] {processor.py:925} INFO - DAG(s) 'example_local_kubernetes_executor' retrieved from /home/airflow/.local/lib/python3.12/site-packages/airflow/example_dags/example_local_kubernetes_executor.py
[2026-07-25T09:25:39.921+0000] {logging_mixin.py:190} INFO - [2026-07-25T09:25:39.921+0000] {dag.py:3239} INFO - Sync 1 DAGs
[2026-07-25T09:25:39.929+0000] {logging_mixin.py:190} INFO - [2026-07-25T09:25:39.929+0000] {dag.py:4180} INFO - Setting next_dagrun for example_local_kubernetes_executor to None, run_after=None
[2026-07-25T09:25:39.941+0000] {processor.py:208} INFO - Processing /home/airflow/.local/lib/python3.12/site-packages/airflow/example_dags/example_local_kubernetes_executor.py took 0.047 seconds
[2026-07-25T09:26:58.549+0000] {processor.py:186} INFO - Started process (PID=108) to work on /home/airflow/.local/lib/python3.12/site-packages/airflow/example_dags/example_local_kubernetes_executor.py
[2026-07-25T09:26:58.550+0000] {processor.py:914} INFO - Processing file /home/airflow/.local/lib/python3.12/site-packages/airflow/example_dags/example_local_kubernetes_executor.py for tasks to queue
[2026-07-25T09:26:58.552+0000] {logging_mixin.py:190} INFO - [2026-07-25T09:26:58.552+0000] {dagbag.py:588} INFO - Filling up the DagBag from /home/airflow/.local/lib/python3.12/site-packages/airflow/example_dags/example_local_kubernetes_executor.py
[2026-07-25T09:26:58.559+0000] {processor.py:925} INFO - DAG(s) 'example_local_kubernetes_executor' retrieved from /home/airflow/.local/lib/python3.12/site-packages/airflow/example_dags/example_local_kubernetes_executor.py
[2026-07-25T09:26:58.634+0000] {logging_mixin.py:190} INFO - [2026-07-25T09:26:58.633+0000] {override.py:1932} INFO - Created Permission View: can edit on DAG:example_local_kubernetes_executor
[2026-07-25T09:26:58.641+0000] {logging_mixin.py:190} INFO - [2026-07-25T09:26:58.640+0000] {override.py:1932} INFO - Created Permission View: can read on DAG:example_local_kubernetes_executor
[2026-07-25T09:26:58.646+0000] {logging_mixin.py:190} INFO - [2026-07-25T09:26:58.646+0000] {override.py:1932} INFO - Created Permission View: can delete on DAG:example_local_kubernetes_executor
[2026-07-25T09:26:58.653+0000] {logging_mixin.py:190} INFO - [2026-07-25T09:26:58.653+0000] {override.py:1932} INFO - Created Permission View: menu access on DAG Run:example_local_kubernetes_executor
[2026-07-25T09:26:58.658+0000] {logging_mixin.py:190} INFO - [2026-07-25T09:26:58.658+0000] {override.py:1932} INFO - Created Permission View: can read on DAG Run:example_local_kubernetes_executor
[2026-07-25T09:26:58.664+0000] {logging_mixin.py:190} INFO - [2026-07-25T09:26:58.663+0000] {override.py:1932} INFO - Created Permission View: can create on DAG Run:example_local_kubernetes_executor
[2026-07-25T09:26:58.668+0000] {logging_mixin.py:190} INFO - [2026-07-25T09:26:58.668+0000] {override.py:1932} INFO - Created Permission View: can delete on DAG Run:example_local_kubernetes_executor
[2026-07-25T09:26:58.669+0000] {logging_mixin.py:190} INFO - [2026-07-25T09:26:58.669+0000] {dag.py:3239} INFO - Sync 1 DAGs
[2026-07-25T09:26:58.676+0000] {logging_mixin.py:190} INFO - [2026-07-25T09:26:58.676+0000] {dag.py:3262} INFO - Creating ORM DAG for example_local_kubernetes_executor
[2026-07-25T09:26:58.677+0000] {logging_mixin.py:190} INFO - [2026-07-25T09:26:58.677+0000] {dag.py:4180} INFO - Setting next_dagrun for example_local_kubernetes_executor to None, run_after=None
[2026-07-25T09:26:58.686+0000] {processor.py:208} INFO - Processing /home/airflow/.local/lib/python3.12/site-packages/airflow/example_dags/example_local_kubernetes_executor.py took 0.141 seconds
[2026-07-25T09:27:30.462+0000] {processor.py:186} INFO - Started process (PID=170) to work on /home/airflow/.local/lib/python3.12/site-packages/airflow/example_dags/example_local_kubernetes_executor.py
[2026-07-25T09:27:30.463+0000] {processor.py:914} INFO - Processing file /home/airflow/.local/lib/python3.12/site-packages/airflow/example_dags/example_local_kubernetes_executor.py for tasks to queue
[2026-07-25T09:27:30.465+0000] {logging_mixin.py:190} INFO - [2026-07-25T09:27:30.465+0000] {dagbag.py:588} INFO - Filling up the DagBag from /home/airflow/.local/lib/python3.12/site-packages/airflow/example_dags/example_local_kubernetes_executor.py
[2026-07-25T09:27:30.472+0000] {processor.py:925} INFO - DAG(s) 'example_local_kubernetes_executor' retrieved from /home/airflow/.local/lib/python3.12/site-packages/airflow/example_dags/example_local_kubernetes_executor.py
[2026-07-25T09:27:30.486+0000] {logging_mixin.py:190} INFO - [2026-07-25T09:27:30.486+0000] {dag.py:3239} INFO - Sync 1 DAGs
[2026-07-25T09:27:30.494+0000] {logging_mixin.py:190} INFO - [2026-07-25T09:27:30.494+0000] {dag.py:4180} INFO - Setting next_dagrun for example_local_kubernetes_executor to None, run_after=None
[2026-07-25T09:27:30.521+0000] {processor.py:208} INFO - Processing /home/airflow/.local/lib/python3.12/site-packages/airflow/example_dags/example_local_kubernetes_executor.py took 0.063 seconds
[2026-07-25T09:28:01.766+0000] {processor.py:186} INFO - Started process (PID=232) to work on /home/airflow/.local/lib/python3.12/site-packages/airflow/example_dags/example_local_kubernetes_executor.py
[2026-07-25T09:28:01.766+0000] {processor.py:914} INFO - Processing file /home/airflow/.local/lib/python3.12/site-packages/airflow/example_dags/example_local_kubernetes_executor.py for tasks to queue
[2026-07-25T09:28:01.769+0000] {logging_mixin.py:190} INFO - [2026-07-25T09:28:01.768+0000] {dagbag.py:588} INFO - Filling up the DagBag from /home/airflow/.local/lib/python3.12/site-packages/airflow/example_dags/example_local_kubernetes_executor.py
[2026-07-25T09:28:01.775+0000] {processor.py:925} INFO - DAG(s) 'example_local_kubernetes_executor' retrieved from /home/airflow/.local/lib/python3.12/site-packages/airflow/example_dags/example_local_kubernetes_executor.py
[2026-07-25T09:28:01.789+0000] {logging_mixin.py:190} INFO - [2026-07-25T09:28:01.789+0000] {dag.py:3239} INFO - Sync 1 DAGs
[2026-07-25T09:28:01.798+0000] {logging_mixin.py:190} INFO - [2026-07-25T09:28:01.798+0000] {dag.py:4180} INFO - Setting next_dagrun for example_local_kubernetes_executor to None, run_after=None
[2026-07-25T09:28:01.809+0000] {processor.py:208} INFO - Processing /home/airflow/.local/lib/python3.12/site-packages/airflow/example_dags/example_local_kubernetes_executor.py took 0.047 seconds
[2026-07-25T09:28:32.257+0000] {processor.py:186} INFO - Started process (PID=294) to work on /home/airflow/.local/lib/python3.12/site-packages/airflow/example_dags/example_local_kubernetes_executor.py
[2026-07-25T09:28:32.258+0000] {processor.py:914} INFO - Processing file /home/airflow/.local/lib/python3.12/site-packages/airflow/example_dags/example_local_kubernetes_executor.py for tasks to queue
[2026-07-25T09:28:32.261+0000] {logging_mixin.py:190} INFO - [2026-07-25T09:28:32.260+0000] {dagbag.py:588} INFO - Filling up the DagBag from /home/airflow/.local/lib/python3.12/site-packages/airflow/example_dags/example_local_kubernetes_executor.py
[2026-07-25T09:28:32.269+0000] {processor.py:925} INFO - DAG(s) 'example_local_kubernetes_executor' retrieved from /home/airflow/.local/lib/python3.12/site-packages/airflow/example_dags/example_local_kubernetes_executor.py
[2026-07-25T09:28:32.284+0000] {logging_mixin.py:190} INFO - [2026-07-25T09:28:32.284+0000] {dag.py:3239} INFO - Sync 1 DAGs
[2026-07-25T09:28:32.294+0000] {logging_mixin.py:190} INFO - [2026-07-25T09:28:32.294+0000] {dag.py:4180} INFO - Setting next_dagrun for example_local_kubernetes_executor to None, run_after=None
[2026-07-25T09:28:32.307+0000] {processor.py:208} INFO - Processing /home/airflow/.local/lib/python3.12/site-packages/airflow/example_dags/example_local_kubernetes_executor.py took 0.055 seconds
[2026-07-25T09:29:03.650+0000] {processor.py:186} INFO - Started process (PID=356) to work on /home/airflow/.local/lib/python3.12/site-packages/airflow/example_dags/example_local_kubernetes_executor.py
[2026-07-25T09:29:03.651+0000] {processor.py:914} INFO - Processing file /home/airflow/.local/lib/python3.12/site-packages/airflow/example_dags/example_local_kubernetes_executor.py for tasks to queue
[2026-07-25T09:29:03.653+0000] {logging_mixin.py:190} INFO - [2026-07-25T09:29:03.653+0000] {dagbag.py:588} INFO - Filling up the DagBag from /home/airflow/.local/lib/python3.12/site-packages/airflow/example_dags/example_local_kubernetes_executor.py
[2026-07-25T09:29:03.659+0000] {processor.py:925} INFO - DAG(s) 'example_local_kubernetes_executor' retrieved from /home/airflow/.local/lib/python3.12/site-packages/airflow/example_dags/example_local_kubernetes_executor.py
[2026-07-25T09:29:03.673+0000] {logging_mixin.py:190} INFO - [2026-07-25T09:29:03.673+0000] {dag.py:3239} INFO - Sync 1 DAGs
[2026-07-25T09:29:03.683+0000] {logging_mixin.py:190} INFO - [2026-07-25T09:29:03.682+0000] {dag.py:4180} INFO - Setting next_dagrun for example_local_kubernetes_executor to None, run_after=None
[2026-07-25T09:29:03.701+0000] {processor.py:208} INFO - Processing /home/airflow/.local/lib/python3.12/site-packages/airflow/example_dags/example_local_kubernetes_executor.py took 0.055 seconds
[2026-07-25T09:29:33.875+0000] {processor.py:186} INFO - Started process (PID=419) to work on /home/airflow/.local/lib/python3.12/site-packages/airflow/example_dags/example_local_kubernetes_executor.py
[2026-07-25T09:29:33.876+0000] {processor.py:914} INFO - Processing file /home/airflow/.local/lib/python3.12/site-packages/airflow/example_dags/example_local_kubernetes_executor.py for tasks to queue
[2026-07-25T09:29:33.878+0000] {logging_mixin.py:190} INFO - [2026-07-25T09:29:33.878+0000] {dagbag.py:588} INFO - Filling up the DagBag from /home/airflow/.local/lib/python3.12/site-packages/airflow/example_dags/example_local_kubernetes_executor.py
[2026-07-25T09:29:33.886+0000] {processor.py:925} INFO - DAG(s) 'example_local_kubernetes_executor' retrieved from /home/airflow/.local/lib/python3.12/site-packages/airflow/example_dags/example_local_kubernetes_executor.py
[2026-07-25T09:29:33.900+0000] {logging_mixin.py:190} INFO - [2026-07-25T09:29:33.899+0000] {dag.py:3239} INFO - Sync 1 DAGs
[2026-07-25T09:29:33.909+0000] {logging_mixin.py:190} INFO - [2026-07-25T09:29:33.909+0000] {dag.py:4180} INFO - Setting next_dagrun for example_local_kubernetes_executor to None, run_after=None
[2026-07-25T09:29:33.921+0000] {processor.py:208} INFO - Processing /home/airflow/.local/lib/python3.12/site-packages/airflow/example_dags/example_local_kubernetes_executor.py took 0.050 seconds
[2026-07-25T09:30:04.555+0000] {processor.py:186} INFO - Started process (PID=482) to work on /home/airflow/.local/lib/python3.12/site-packages/airflow/example_dags/example_local_kubernetes_executor.py
[2026-07-25T09:30:04.556+0000] {processor.py:914} INFO - Processing file /home/airflow/.local/lib/python3.12/site-packages/airflow/example_dags/example_local_kubernetes_executor.py for tasks to queue
[2026-07-25T09:30:04.559+0000] {logging_mixin.py:190} INFO - [2026-07-25T09:30:04.558+0000] {dagbag.py:588} INFO - Filling up the DagBag from /home/airflow/.local/lib/python3.12/site-packages/airflow/example_dags/example_local_kubernetes_executor.py
[2026-07-25T09:30:04.568+0000] {processor.py:925} INFO - DAG(s) 'example_local_kubernetes_executor' retrieved from /home/airflow/.local/lib/python3.12/site-packages/airflow/example_dags/example_local_kubernetes_executor.py
[2026-07-25T09:30:04.584+0000] {logging_mixin.py:190} INFO - [2026-07-25T09:30:04.584+0000] {dag.py:3239} INFO - Sync 1 DAGs
[2026-07-25T09:30:04.593+0000] {logging_mixin.py:190} INFO - [2026-07-25T09:30:04.593+0000] {dag.py:4180} INFO - Setting next_dagrun for example_local_kubernetes_executor to None, run_after=None
[2026-07-25T09:30:04.612+0000] {processor.py:208} INFO - Processing /home/airflow/.local/lib/python3.12/site-packages/airflow/example_dags/example_local_kubernetes_executor.py took 0.063 seconds
[2026-07-25T09:30:34.766+0000] {processor.py:186} INFO - Started process (PID=545) to work on /home/airflow/.local/lib/python3.12/site-packages/airflow/example_dags/example_local_kubernetes_executor.py
[2026-07-25T09:30:34.767+0000] {processor.py:914} INFO - Processing file /home/airflow/.local/lib/python3.12/site-packages/airflow/example_dags/example_local_kubernetes_executor.py for tasks to queue
[2026-07-25T09:30:34.769+0000] {logging_mixin.py:190} INFO - [2026-07-25T09:30:34.769+0000] {dagbag.py:588} INFO - Filling up the DagBag from /home/airflow/.local/lib/python3.12/site-packages/airflow/example_dags/example_local_kubernetes_executor.py
[2026-07-25T09:30:34.776+0000] {processor.py:925} INFO - DAG(s) 'example_local_kubernetes_executor' retrieved from /home/airflow/.local/lib/python3.12/site-packages/airflow/example_dags/example_local_kubernetes_executor.py
[2026-07-25T09:30:34.791+0000] {logging_mixin.py:190} INFO - [2026-07-25T09:30:34.790+0000] {dag.py:3239} INFO - Sync 1 DAGs
[2026-07-25T09:30:34.801+0000] {logging_mixin.py:190} INFO - [2026-07-25T09:30:34.801+0000] {dag.py:4180} INFO - Setting next_dagrun for example_local_kubernetes_executor to None, run_after=None
[2026-07-25T09:30:34.813+0000] {processor.py:208} INFO - Processing /home/airflow/.local/lib/python3.12/site-packages/airflow/example_dags/example_local_kubernetes_executor.py took 0.051 seconds
