[2026-07-25T09:06:14.114+0000] {processor.py:186} INFO - Started process (PID=82) to work on /home/airflow/.local/lib/python3.12/site-packages/airflow/example_dags/example_branch_python_dop_operator_3.py
[2026-07-25T09:06:14.115+0000] {processor.py:914} INFO - Processing file /home/airflow/.local/lib/python3.12/site-packages/airflow/example_dags/example_branch_python_dop_operator_3.py for tasks to queue
[2026-07-25T09:06:14.117+0000] {logging_mixin.py:190} INFO - [2026-07-25T09:06:14.117+0000] {dagbag.py:588} INFO - Filling up the DagBag from /home/airflow/.local/lib/python3.12/site-packages/airflow/example_dags/example_branch_python_dop_operator_3.py
[2026-07-25T09:06:14.124+0000] {processor.py:925} INFO - DAG(s) 'example_branch_dop_operator_v3' retrieved from /home/airflow/.local/lib/python3.12/site-packages/airflow/example_dags/example_branch_python_dop_operator_3.py
[2026-07-25T09:06:14.208+0000] {logging_mixin.py:190} INFO - [2026-07-25T09:06:14.207+0000] {override.py:1932} INFO - Created Permission View: can edit on DAG:example_branch_dop_operator_v3
[2026-07-25T09:06:14.214+0000] {logging_mixin.py:190} INFO - [2026-07-25T09:06:14.214+0000] {override.py:1932} INFO - Created Permission View: can read on DAG:example_branch_dop_operator_v3
[2026-07-25T09:06:14.219+0000] {logging_mixin.py:190} INFO - [2026-07-25T09:06:14.219+0000] {override.py:1932} INFO - Created Permission View: can delete on DAG:example_branch_dop_operator_v3
[2026-07-25T09:06:14.226+0000] {logging_mixin.py:190} INFO - [2026-07-25T09:06:14.226+0000] {override.py:1932} INFO - Created Permission View: can create on DAG Run:example_branch_dop_operator_v3
[2026-07-25T09:06:14.231+0000] {logging_mixin.py:190} INFO - [2026-07-25T09:06:14.231+0000] {override.py:1932} INFO - Created Permission View: can read on DAG Run:example_branch_dop_operator_v3
[2026-07-25T09:06:14.236+0000] {logging_mixin.py:190} INFO - [2026-07-25T09:06:14.236+0000] {override.py:1932} INFO - Created Permission View: can delete on DAG Run:example_branch_dop_operator_v3
[2026-07-25T09:06:14.241+0000] {logging_mixin.py:190} INFO - [2026-07-25T09:06:14.241+0000] {override.py:1932} INFO - Created Permission View: menu access on DAG Run:example_branch_dop_operator_v3
[2026-07-25T09:06:14.242+0000] {logging_mixin.py:190} INFO - [2026-07-25T09:06:14.241+0000] {dag.py:3239} INFO - Sync 1 DAGs
[2026-07-25T09:06:14.249+0000] {logging_mixin.py:190} INFO - [2026-07-25T09:06:14.249+0000] {dag.py:3262} INFO - Creating ORM DAG for example_branch_dop_operator_v3
[2026-07-25T09:06:14.256+0000] {logging_mixin.py:190} INFO - [2026-07-25T09:06:14.255+0000] {dag.py:4180} INFO - Setting next_dagrun for example_branch_dop_operator_v3 to 2026-07-25 09:05:00+00:00, run_after=2026-07-25 09:06:00+00:00
[2026-07-25T09:06:14.266+0000] {processor.py:208} INFO - Processing /home/airflow/.local/lib/python3.12/site-packages/airflow/example_dags/example_branch_python_dop_operator_3.py took 0.155 seconds
[2026-07-25T09:06:44.799+0000] {processor.py:186} INFO - Started process (PID=144) to work on /home/airflow/.local/lib/python3.12/site-packages/airflow/example_dags/example_branch_python_dop_operator_3.py
[2026-07-25T09:06:44.800+0000] {processor.py:914} INFO - Processing file /home/airflow/.local/lib/python3.12/site-packages/airflow/example_dags/example_branch_python_dop_operator_3.py for tasks to queue
[2026-07-25T09:06:44.802+0000] {logging_mixin.py:190} INFO - [2026-07-25T09:06:44.802+0000] {dagbag.py:588} INFO - Filling up the DagBag from /home/airflow/.local/lib/python3.12/site-packages/airflow/example_dags/example_branch_python_dop_operator_3.py
[2026-07-25T09:06:44.809+0000] {processor.py:925} INFO - DAG(s) 'example_branch_dop_operator_v3' retrieved from /home/airflow/.local/lib/python3.12/site-packages/airflow/example_dags/example_branch_python_dop_operator_3.py
[2026-07-25T09:06:44.823+0000] {logging_mixin.py:190} INFO - [2026-07-25T09:06:44.823+0000] {dag.py:3239} INFO - Sync 1 DAGs
[2026-07-25T09:06:44.838+0000] {logging_mixin.py:190} INFO - [2026-07-25T09:06:44.838+0000] {dag.py:4180} INFO - Setting next_dagrun for example_branch_dop_operator_v3 to 2026-07-25 09:05:00+00:00, run_after=2026-07-25 09:06:00+00:00
[2026-07-25T09:06:44.849+0000] {processor.py:208} INFO - Processing /home/airflow/.local/lib/python3.12/site-packages/airflow/example_dags/example_branch_python_dop_operator_3.py took 0.054 seconds
[2026-07-25T09:07:14.881+0000] {processor.py:186} INFO - Started process (PID=206) to work on /home/airflow/.local/lib/python3.12/site-packages/airflow/example_dags/example_branch_python_dop_operator_3.py
[2026-07-25T09:07:14.882+0000] {processor.py:914} INFO - Processing file /home/airflow/.local/lib/python3.12/site-packages/airflow/example_dags/example_branch_python_dop_operator_3.py for tasks to queue
[2026-07-25T09:07:14.884+0000] {logging_mixin.py:190} INFO - [2026-07-25T09:07:14.883+0000] {dagbag.py:588} INFO - Filling up the DagBag from /home/airflow/.local/lib/python3.12/site-packages/airflow/example_dags/example_branch_python_dop_operator_3.py
[2026-07-25T09:07:14.890+0000] {processor.py:925} INFO - DAG(s) 'example_branch_dop_operator_v3' retrieved from /home/airflow/.local/lib/python3.12/site-packages/airflow/example_dags/example_branch_python_dop_operator_3.py
[2026-07-25T09:07:14.902+0000] {logging_mixin.py:190} INFO - [2026-07-25T09:07:14.902+0000] {dag.py:3239} INFO - Sync 1 DAGs
[2026-07-25T09:07:14.917+0000] {logging_mixin.py:190} INFO - [2026-07-25T09:07:14.917+0000] {dag.py:4180} INFO - Setting next_dagrun for example_branch_dop_operator_v3 to 2026-07-25 09:06:00+00:00, run_after=2026-07-25 09:07:00+00:00
[2026-07-25T09:07:14.928+0000] {processor.py:208} INFO - Processing /home/airflow/.local/lib/python3.12/site-packages/airflow/example_dags/example_branch_python_dop_operator_3.py took 0.050 seconds
[2026-07-25T09:07:45.315+0000] {processor.py:186} INFO - Started process (PID=276) to work on /home/airflow/.local/lib/python3.12/site-packages/airflow/example_dags/example_branch_python_dop_operator_3.py
[2026-07-25T09:07:45.316+0000] {processor.py:914} INFO - Processing file /home/airflow/.local/lib/python3.12/site-packages/airflow/example_dags/example_branch_python_dop_operator_3.py for tasks to queue
[2026-07-25T09:07:45.318+0000] {logging_mixin.py:190} INFO - [2026-07-25T09:07:45.318+0000] {dagbag.py:588} INFO - Filling up the DagBag from /home/airflow/.local/lib/python3.12/site-packages/airflow/example_dags/example_branch_python_dop_operator_3.py
[2026-07-25T09:07:45.327+0000] {processor.py:925} INFO - DAG(s) 'example_branch_dop_operator_v3' retrieved from /home/airflow/.local/lib/python3.12/site-packages/airflow/example_dags/example_branch_python_dop_operator_3.py
[2026-07-25T09:07:45.341+0000] {logging_mixin.py:190} INFO - [2026-07-25T09:07:45.341+0000] {dag.py:3239} INFO - Sync 1 DAGs
[2026-07-25T09:07:45.357+0000] {logging_mixin.py:190} INFO - [2026-07-25T09:07:45.357+0000] {dag.py:4180} INFO - Setting next_dagrun for example_branch_dop_operator_v3 to 2026-07-25 09:06:00+00:00, run_after=2026-07-25 09:07:00+00:00
[2026-07-25T09:07:45.368+0000] {processor.py:208} INFO - Processing /home/airflow/.local/lib/python3.12/site-packages/airflow/example_dags/example_branch_python_dop_operator_3.py took 0.056 seconds
[2026-07-25T09:08:15.681+0000] {processor.py:186} INFO - Started process (PID=339) to work on /home/airflow/.local/lib/python3.12/site-packages/airflow/example_dags/example_branch_python_dop_operator_3.py
[2026-07-25T09:08:15.682+0000] {processor.py:914} INFO - Processing file /home/airflow/.local/lib/python3.12/site-packages/airflow/example_dags/example_branch_python_dop_operator_3.py for tasks to queue
[2026-07-25T09:08:15.684+0000] {logging_mixin.py:190} INFO - [2026-07-25T09:08:15.683+0000] {dagbag.py:588} INFO - Filling up the DagBag from /home/airflow/.local/lib/python3.12/site-packages/airflow/example_dags/example_branch_python_dop_operator_3.py
[2026-07-25T09:08:15.690+0000] {processor.py:925} INFO - DAG(s) 'example_branch_dop_operator_v3' retrieved from /home/airflow/.local/lib/python3.12/site-packages/airflow/example_dags/example_branch_python_dop_operator_3.py
[2026-07-25T09:08:15.703+0000] {logging_mixin.py:190} INFO - [2026-07-25T09:08:15.703+0000] {dag.py:3239} INFO - Sync 1 DAGs
[2026-07-25T09:08:15.718+0000] {logging_mixin.py:190} INFO - [2026-07-25T09:08:15.718+0000] {dag.py:4180} INFO - Setting next_dagrun for example_branch_dop_operator_v3 to 2026-07-25 09:07:00+00:00, run_after=2026-07-25 09:08:00+00:00
[2026-07-25T09:08:15.729+0000] {processor.py:208} INFO - Processing /home/airflow/.local/lib/python3.12/site-packages/airflow/example_dags/example_branch_python_dop_operator_3.py took 0.052 seconds
[2026-07-25T09:08:46.633+0000] {processor.py:186} INFO - Started process (PID=402) to work on /home/airflow/.local/lib/python3.12/site-packages/airflow/example_dags/example_branch_python_dop_operator_3.py
[2026-07-25T09:08:46.633+0000] {processor.py:914} INFO - Processing file /home/airflow/.local/lib/python3.12/site-packages/airflow/example_dags/example_branch_python_dop_operator_3.py for tasks to queue
[2026-07-25T09:08:46.635+0000] {logging_mixin.py:190} INFO - [2026-07-25T09:08:46.635+0000] {dagbag.py:588} INFO - Filling up the DagBag from /home/airflow/.local/lib/python3.12/site-packages/airflow/example_dags/example_branch_python_dop_operator_3.py
[2026-07-25T09:08:46.643+0000] {processor.py:925} INFO - DAG(s) 'example_branch_dop_operator_v3' retrieved from /home/airflow/.local/lib/python3.12/site-packages/airflow/example_dags/example_branch_python_dop_operator_3.py
[2026-07-25T09:08:46.656+0000] {logging_mixin.py:190} INFO - [2026-07-25T09:08:46.656+0000] {dag.py:3239} INFO - Sync 1 DAGs
[2026-07-25T09:08:46.671+0000] {logging_mixin.py:190} INFO - [2026-07-25T09:08:46.671+0000] {dag.py:4180} INFO - Setting next_dagrun for example_branch_dop_operator_v3 to 2026-07-25 09:07:00+00:00, run_after=2026-07-25 09:08:00+00:00
[2026-07-25T09:08:46.683+0000] {processor.py:208} INFO - Processing /home/airflow/.local/lib/python3.12/site-packages/airflow/example_dags/example_branch_python_dop_operator_3.py took 0.054 seconds
[2026-07-25T09:09:20.640+0000] {processor.py:186} INFO - Started process (PID=465) to work on /home/airflow/.local/lib/python3.12/site-packages/airflow/example_dags/example_branch_python_dop_operator_3.py
[2026-07-25T09:09:20.641+0000] {processor.py:914} INFO - Processing file /home/airflow/.local/lib/python3.12/site-packages/airflow/example_dags/example_branch_python_dop_operator_3.py for tasks to queue
[2026-07-25T09:09:20.643+0000] {logging_mixin.py:190} INFO - [2026-07-25T09:09:20.643+0000] {dagbag.py:588} INFO - Filling up the DagBag from /home/airflow/.local/lib/python3.12/site-packages/airflow/example_dags/example_branch_python_dop_operator_3.py
[2026-07-25T09:09:20.649+0000] {processor.py:925} INFO - DAG(s) 'example_branch_dop_operator_v3' retrieved from /home/airflow/.local/lib/python3.12/site-packages/airflow/example_dags/example_branch_python_dop_operator_3.py
[2026-07-25T09:09:20.663+0000] {logging_mixin.py:190} INFO - [2026-07-25T09:09:20.663+0000] {dag.py:3239} INFO - Sync 1 DAGs
[2026-07-25T09:09:20.679+0000] {logging_mixin.py:190} INFO - [2026-07-25T09:09:20.679+0000] {dag.py:4180} INFO - Setting next_dagrun for example_branch_dop_operator_v3 to 2026-07-25 09:08:00+00:00, run_after=2026-07-25 09:09:00+00:00
[2026-07-25T09:09:20.691+0000] {processor.py:208} INFO - Processing /home/airflow/.local/lib/python3.12/site-packages/airflow/example_dags/example_branch_python_dop_operator_3.py took 0.054 seconds
[2026-07-25T09:09:54.688+0000] {processor.py:186} INFO - Started process (PID=528) to work on /home/airflow/.local/lib/python3.12/site-packages/airflow/example_dags/example_branch_python_dop_operator_3.py
[2026-07-25T09:09:54.689+0000] {processor.py:914} INFO - Processing file /home/airflow/.local/lib/python3.12/site-packages/airflow/example_dags/example_branch_python_dop_operator_3.py for tasks to queue
[2026-07-25T09:09:54.692+0000] {logging_mixin.py:190} INFO - [2026-07-25T09:09:54.691+0000] {dagbag.py:588} INFO - Filling up the DagBag from /home/airflow/.local/lib/python3.12/site-packages/airflow/example_dags/example_branch_python_dop_operator_3.py
[2026-07-25T09:09:54.701+0000] {processor.py:925} INFO - DAG(s) 'example_branch_dop_operator_v3' retrieved from /home/airflow/.local/lib/python3.12/site-packages/airflow/example_dags/example_branch_python_dop_operator_3.py
[2026-07-25T09:09:54.720+0000] {logging_mixin.py:190} INFO - [2026-07-25T09:09:54.720+0000] {dag.py:3239} INFO - Sync 1 DAGs
[2026-07-25T09:09:54.745+0000] {logging_mixin.py:190} INFO - [2026-07-25T09:09:54.744+0000] {dag.py:4180} INFO - Setting next_dagrun for example_branch_dop_operator_v3 to 2026-07-25 09:08:00+00:00, run_after=2026-07-25 09:09:00+00:00
[2026-07-25T09:09:54.762+0000] {processor.py:208} INFO - Processing /home/airflow/.local/lib/python3.12/site-packages/airflow/example_dags/example_branch_python_dop_operator_3.py took 0.079 seconds
[2026-07-25T09:10:25.872+0000] {processor.py:186} INFO - Started process (PID=590) to work on /home/airflow/.local/lib/python3.12/site-packages/airflow/example_dags/example_branch_python_dop_operator_3.py
[2026-07-25T09:10:25.873+0000] {processor.py:914} INFO - Processing file /home/airflow/.local/lib/python3.12/site-packages/airflow/example_dags/example_branch_python_dop_operator_3.py for tasks to queue
[2026-07-25T09:10:25.875+0000] {logging_mixin.py:190} INFO - [2026-07-25T09:10:25.875+0000] {dagbag.py:588} INFO - Filling up the DagBag from /home/airflow/.local/lib/python3.12/site-packages/airflow/example_dags/example_branch_python_dop_operator_3.py
[2026-07-25T09:10:25.882+0000] {processor.py:925} INFO - DAG(s) 'example_branch_dop_operator_v3' retrieved from /home/airflow/.local/lib/python3.12/site-packages/airflow/example_dags/example_branch_python_dop_operator_3.py
[2026-07-25T09:10:25.895+0000] {logging_mixin.py:190} INFO - [2026-07-25T09:10:25.895+0000] {dag.py:3239} INFO - Sync 1 DAGs
[2026-07-25T09:10:25.910+0000] {logging_mixin.py:190} INFO - [2026-07-25T09:10:25.910+0000] {dag.py:4180} INFO - Setting next_dagrun for example_branch_dop_operator_v3 to 2026-07-25 09:09:00+00:00, run_after=2026-07-25 09:10:00+00:00
[2026-07-25T09:10:25.920+0000] {processor.py:208} INFO - Processing /home/airflow/.local/lib/python3.12/site-packages/airflow/example_dags/example_branch_python_dop_operator_3.py took 0.052 seconds
[2026-07-25T09:10:56.124+0000] {processor.py:186} INFO - Started process (PID=652) to work on /home/airflow/.local/lib/python3.12/site-packages/airflow/example_dags/example_branch_python_dop_operator_3.py
[2026-07-25T09:10:56.125+0000] {processor.py:914} INFO - Processing file /home/airflow/.local/lib/python3.12/site-packages/airflow/example_dags/example_branch_python_dop_operator_3.py for tasks to queue
[2026-07-25T09:10:56.127+0000] {logging_mixin.py:190} INFO - [2026-07-25T09:10:56.127+0000] {dagbag.py:588} INFO - Filling up the DagBag from /home/airflow/.local/lib/python3.12/site-packages/airflow/example_dags/example_branch_python_dop_operator_3.py
[2026-07-25T09:10:56.133+0000] {processor.py:925} INFO - DAG(s) 'example_branch_dop_operator_v3' retrieved from /home/airflow/.local/lib/python3.12/site-packages/airflow/example_dags/example_branch_python_dop_operator_3.py
[2026-07-25T09:10:56.146+0000] {logging_mixin.py:190} INFO - [2026-07-25T09:10:56.145+0000] {dag.py:3239} INFO - Sync 1 DAGs
[2026-07-25T09:10:56.161+0000] {logging_mixin.py:190} INFO - [2026-07-25T09:10:56.161+0000] {dag.py:4180} INFO - Setting next_dagrun for example_branch_dop_operator_v3 to 2026-07-25 09:09:00+00:00, run_after=2026-07-25 09:10:00+00:00
[2026-07-25T09:10:56.171+0000] {processor.py:208} INFO - Processing /home/airflow/.local/lib/python3.12/site-packages/airflow/example_dags/example_branch_python_dop_operator_3.py took 0.051 seconds
[2026-07-25T09:11:29.719+0000] {processor.py:186} INFO - Started process (PID=715) to work on /home/airflow/.local/lib/python3.12/site-packages/airflow/example_dags/example_branch_python_dop_operator_3.py
[2026-07-25T09:11:29.720+0000] {processor.py:914} INFO - Processing file /home/airflow/.local/lib/python3.12/site-packages/airflow/example_dags/example_branch_python_dop_operator_3.py for tasks to queue
[2026-07-25T09:11:29.723+0000] {logging_mixin.py:190} INFO - [2026-07-25T09:11:29.722+0000] {dagbag.py:588} INFO - Filling up the DagBag from /home/airflow/.local/lib/python3.12/site-packages/airflow/example_dags/example_branch_python_dop_operator_3.py
[2026-07-25T09:11:29.729+0000] {processor.py:925} INFO - DAG(s) 'example_branch_dop_operator_v3' retrieved from /home/airflow/.local/lib/python3.12/site-packages/airflow/example_dags/example_branch_python_dop_operator_3.py
[2026-07-25T09:11:29.743+0000] {logging_mixin.py:190} INFO - [2026-07-25T09:11:29.742+0000] {dag.py:3239} INFO - Sync 1 DAGs
[2026-07-25T09:11:29.758+0000] {logging_mixin.py:190} INFO - [2026-07-25T09:11:29.758+0000] {dag.py:4180} INFO - Setting next_dagrun for example_branch_dop_operator_v3 to 2026-07-25 09:10:00+00:00, run_after=2026-07-25 09:11:00+00:00
[2026-07-25T09:11:29.769+0000] {processor.py:208} INFO - Processing /home/airflow/.local/lib/python3.12/site-packages/airflow/example_dags/example_branch_python_dop_operator_3.py took 0.053 seconds
[2026-07-25T09:12:00.446+0000] {processor.py:186} INFO - Started process (PID=776) to work on /home/airflow/.local/lib/python3.12/site-packages/airflow/example_dags/example_branch_python_dop_operator_3.py
[2026-07-25T09:12:00.447+0000] {processor.py:914} INFO - Processing file /home/airflow/.local/lib/python3.12/site-packages/airflow/example_dags/example_branch_python_dop_operator_3.py for tasks to queue
[2026-07-25T09:12:00.449+0000] {logging_mixin.py:190} INFO - [2026-07-25T09:12:00.449+0000] {dagbag.py:588} INFO - Filling up the DagBag from /home/airflow/.local/lib/python3.12/site-packages/airflow/example_dags/example_branch_python_dop_operator_3.py
[2026-07-25T09:12:00.456+0000] {processor.py:925} INFO - DAG(s) 'example_branch_dop_operator_v3' retrieved from /home/airflow/.local/lib/python3.12/site-packages/airflow/example_dags/example_branch_python_dop_operator_3.py
[2026-07-25T09:12:00.469+0000] {logging_mixin.py:190} INFO - [2026-07-25T09:12:00.468+0000] {dag.py:3239} INFO - Sync 1 DAGs
[2026-07-25T09:12:00.484+0000] {logging_mixin.py:190} INFO - [2026-07-25T09:12:00.484+0000] {dag.py:4180} INFO - Setting next_dagrun for example_branch_dop_operator_v3 to 2026-07-25 09:11:00+00:00, run_after=2026-07-25 09:12:00+00:00
[2026-07-25T09:12:00.494+0000] {processor.py:208} INFO - Processing /home/airflow/.local/lib/python3.12/site-packages/airflow/example_dags/example_branch_python_dop_operator_3.py took 0.051 seconds
[2026-07-25T09:12:31.014+0000] {processor.py:186} INFO - Started process (PID=839) to work on /home/airflow/.local/lib/python3.12/site-packages/airflow/example_dags/example_branch_python_dop_operator_3.py
[2026-07-25T09:12:31.015+0000] {processor.py:914} INFO - Processing file /home/airflow/.local/lib/python3.12/site-packages/airflow/example_dags/example_branch_python_dop_operator_3.py for tasks to queue
[2026-07-25T09:12:31.017+0000] {logging_mixin.py:190} INFO - [2026-07-25T09:12:31.017+0000] {dagbag.py:588} INFO - Filling up the DagBag from /home/airflow/.local/lib/python3.12/site-packages/airflow/example_dags/example_branch_python_dop_operator_3.py
[2026-07-25T09:12:31.023+0000] {processor.py:925} INFO - DAG(s) 'example_branch_dop_operator_v3' retrieved from /home/airflow/.local/lib/python3.12/site-packages/airflow/example_dags/example_branch_python_dop_operator_3.py
[2026-07-25T09:12:31.036+0000] {logging_mixin.py:190} INFO - [2026-07-25T09:12:31.036+0000] {dag.py:3239} INFO - Sync 1 DAGs
[2026-07-25T09:12:31.050+0000] {logging_mixin.py:190} INFO - [2026-07-25T09:12:31.050+0000] {dag.py:4180} INFO - Setting next_dagrun for example_branch_dop_operator_v3 to 2026-07-25 09:11:00+00:00, run_after=2026-07-25 09:12:00+00:00
[2026-07-25T09:12:31.061+0000] {processor.py:208} INFO - Processing /home/airflow/.local/lib/python3.12/site-packages/airflow/example_dags/example_branch_python_dop_operator_3.py took 0.050 seconds
[2026-07-25T09:13:01.407+0000] {processor.py:186} INFO - Started process (PID=902) to work on /home/airflow/.local/lib/python3.12/site-packages/airflow/example_dags/example_branch_python_dop_operator_3.py
[2026-07-25T09:13:01.407+0000] {processor.py:914} INFO - Processing file /home/airflow/.local/lib/python3.12/site-packages/airflow/example_dags/example_branch_python_dop_operator_3.py for tasks to queue
[2026-07-25T09:13:01.409+0000] {logging_mixin.py:190} INFO - [2026-07-25T09:13:01.409+0000] {dagbag.py:588} INFO - Filling up the DagBag from /home/airflow/.local/lib/python3.12/site-packages/airflow/example_dags/example_branch_python_dop_operator_3.py
[2026-07-25T09:13:01.416+0000] {processor.py:925} INFO - DAG(s) 'example_branch_dop_operator_v3' retrieved from /home/airflow/.local/lib/python3.12/site-packages/airflow/example_dags/example_branch_python_dop_operator_3.py
[2026-07-25T09:13:01.428+0000] {logging_mixin.py:190} INFO - [2026-07-25T09:13:01.428+0000] {dag.py:3239} INFO - Sync 1 DAGs
[2026-07-25T09:13:01.443+0000] {logging_mixin.py:190} INFO - [2026-07-25T09:13:01.443+0000] {dag.py:4180} INFO - Setting next_dagrun for example_branch_dop_operator_v3 to 2026-07-25 09:12:00+00:00, run_after=2026-07-25 09:13:00+00:00
[2026-07-25T09:13:01.454+0000] {processor.py:208} INFO - Processing /home/airflow/.local/lib/python3.12/site-packages/airflow/example_dags/example_branch_python_dop_operator_3.py took 0.051 seconds
[2026-07-25T09:13:31.969+0000] {processor.py:186} INFO - Started process (PID=964) to work on /home/airflow/.local/lib/python3.12/site-packages/airflow/example_dags/example_branch_python_dop_operator_3.py
[2026-07-25T09:13:31.970+0000] {processor.py:914} INFO - Processing file /home/airflow/.local/lib/python3.12/site-packages/airflow/example_dags/example_branch_python_dop_operator_3.py for tasks to queue
[2026-07-25T09:13:31.972+0000] {logging_mixin.py:190} INFO - [2026-07-25T09:13:31.972+0000] {dagbag.py:588} INFO - Filling up the DagBag from /home/airflow/.local/lib/python3.12/site-packages/airflow/example_dags/example_branch_python_dop_operator_3.py
[2026-07-25T09:13:31.979+0000] {processor.py:925} INFO - DAG(s) 'example_branch_dop_operator_v3' retrieved from /home/airflow/.local/lib/python3.12/site-packages/airflow/example_dags/example_branch_python_dop_operator_3.py
[2026-07-25T09:13:31.992+0000] {logging_mixin.py:190} INFO - [2026-07-25T09:13:31.992+0000] {dag.py:3239} INFO - Sync 1 DAGs
[2026-07-25T09:13:32.007+0000] {logging_mixin.py:190} INFO - [2026-07-25T09:13:32.007+0000] {dag.py:4180} INFO - Setting next_dagrun for example_branch_dop_operator_v3 to 2026-07-25 09:12:00+00:00, run_after=2026-07-25 09:13:00+00:00
[2026-07-25T09:13:32.018+0000] {processor.py:208} INFO - Processing /home/airflow/.local/lib/python3.12/site-packages/airflow/example_dags/example_branch_python_dop_operator_3.py took 0.051 seconds
[2026-07-25T09:14:02.585+0000] {processor.py:186} INFO - Started process (PID=1027) to work on /home/airflow/.local/lib/python3.12/site-packages/airflow/example_dags/example_branch_python_dop_operator_3.py
[2026-07-25T09:14:02.586+0000] {processor.py:914} INFO - Processing file /home/airflow/.local/lib/python3.12/site-packages/airflow/example_dags/example_branch_python_dop_operator_3.py for tasks to queue
[2026-07-25T09:14:02.588+0000] {logging_mixin.py:190} INFO - [2026-07-25T09:14:02.587+0000] {dagbag.py:588} INFO - Filling up the DagBag from /home/airflow/.local/lib/python3.12/site-packages/airflow/example_dags/example_branch_python_dop_operator_3.py
[2026-07-25T09:14:02.594+0000] {processor.py:925} INFO - DAG(s) 'example_branch_dop_operator_v3' retrieved from /home/airflow/.local/lib/python3.12/site-packages/airflow/example_dags/example_branch_python_dop_operator_3.py
[2026-07-25T09:14:02.608+0000] {logging_mixin.py:190} INFO - [2026-07-25T09:14:02.608+0000] {dag.py:3239} INFO - Sync 1 DAGs
[2026-07-25T09:14:02.624+0000] {logging_mixin.py:190} INFO - [2026-07-25T09:14:02.624+0000] {dag.py:4180} INFO - Setting next_dagrun for example_branch_dop_operator_v3 to 2026-07-25 09:13:00+00:00, run_after=2026-07-25 09:14:00+00:00
[2026-07-25T09:14:02.636+0000] {processor.py:208} INFO - Processing /home/airflow/.local/lib/python3.12/site-packages/airflow/example_dags/example_branch_python_dop_operator_3.py took 0.054 seconds
[2026-07-25T09:14:34.649+0000] {processor.py:186} INFO - Started process (PID=1090) to work on /home/airflow/.local/lib/python3.12/site-packages/airflow/example_dags/example_branch_python_dop_operator_3.py
[2026-07-25T09:14:34.650+0000] {processor.py:914} INFO - Processing file /home/airflow/.local/lib/python3.12/site-packages/airflow/example_dags/example_branch_python_dop_operator_3.py for tasks to queue
[2026-07-25T09:14:34.652+0000] {logging_mixin.py:190} INFO - [2026-07-25T09:14:34.652+0000] {dagbag.py:588} INFO - Filling up the DagBag from /home/airflow/.local/lib/python3.12/site-packages/airflow/example_dags/example_branch_python_dop_operator_3.py
[2026-07-25T09:14:34.659+0000] {processor.py:925} INFO - DAG(s) 'example_branch_dop_operator_v3' retrieved from /home/airflow/.local/lib/python3.12/site-packages/airflow/example_dags/example_branch_python_dop_operator_3.py
[2026-07-25T09:14:34.671+0000] {logging_mixin.py:190} INFO - [2026-07-25T09:14:34.671+0000] {dag.py:3239} INFO - Sync 1 DAGs
[2026-07-25T09:14:34.686+0000] {logging_mixin.py:190} INFO - [2026-07-25T09:14:34.686+0000] {dag.py:4180} INFO - Setting next_dagrun for example_branch_dop_operator_v3 to 2026-07-25 09:13:00+00:00, run_after=2026-07-25 09:14:00+00:00
[2026-07-25T09:14:34.696+0000] {processor.py:208} INFO - Processing /home/airflow/.local/lib/python3.12/site-packages/airflow/example_dags/example_branch_python_dop_operator_3.py took 0.050 seconds
[2026-07-25T09:15:33.945+0000] {processor.py:186} INFO - Started process (PID=82) to work on /home/airflow/.local/lib/python3.12/site-packages/airflow/example_dags/example_branch_python_dop_operator_3.py
[2026-07-25T09:15:33.946+0000] {processor.py:914} INFO - Processing file /home/airflow/.local/lib/python3.12/site-packages/airflow/example_dags/example_branch_python_dop_operator_3.py for tasks to queue
[2026-07-25T09:15:33.948+0000] {logging_mixin.py:190} INFO - [2026-07-25T09:15:33.948+0000] {dagbag.py:588} INFO - Filling up the DagBag from /home/airflow/.local/lib/python3.12/site-packages/airflow/example_dags/example_branch_python_dop_operator_3.py
[2026-07-25T09:15:33.955+0000] {processor.py:925} INFO - DAG(s) 'example_branch_dop_operator_v3' retrieved from /home/airflow/.local/lib/python3.12/site-packages/airflow/example_dags/example_branch_python_dop_operator_3.py
[2026-07-25T09:15:33.985+0000] {logging_mixin.py:190} INFO - [2026-07-25T09:15:33.985+0000] {dag.py:3239} INFO - Sync 1 DAGs
[2026-07-25T09:15:34.009+0000] {logging_mixin.py:190} INFO - [2026-07-25T09:15:34.009+0000] {dag.py:4180} INFO - Setting next_dagrun for example_branch_dop_operator_v3 to 2026-07-25 09:14:00+00:00, run_after=2026-07-25 09:15:00+00:00
[2026-07-25T09:15:34.024+0000] {processor.py:208} INFO - Processing /home/airflow/.local/lib/python3.12/site-packages/airflow/example_dags/example_branch_python_dop_operator_3.py took 0.083 seconds
[2026-07-25T09:16:04.709+0000] {processor.py:186} INFO - Started process (PID=144) to work on /home/airflow/.local/lib/python3.12/site-packages/airflow/example_dags/example_branch_python_dop_operator_3.py
[2026-07-25T09:16:04.710+0000] {processor.py:914} INFO - Processing file /home/airflow/.local/lib/python3.12/site-packages/airflow/example_dags/example_branch_python_dop_operator_3.py for tasks to queue
[2026-07-25T09:16:04.712+0000] {logging_mixin.py:190} INFO - [2026-07-25T09:16:04.711+0000] {dagbag.py:588} INFO - Filling up the DagBag from /home/airflow/.local/lib/python3.12/site-packages/airflow/example_dags/example_branch_python_dop_operator_3.py
[2026-07-25T09:16:04.719+0000] {processor.py:925} INFO - DAG(s) 'example_branch_dop_operator_v3' retrieved from /home/airflow/.local/lib/python3.12/site-packages/airflow/example_dags/example_branch_python_dop_operator_3.py
[2026-07-25T09:16:04.733+0000] {logging_mixin.py:190} INFO - [2026-07-25T09:16:04.733+0000] {dag.py:3239} INFO - Sync 1 DAGs
[2026-07-25T09:16:04.748+0000] {logging_mixin.py:190} INFO - [2026-07-25T09:16:04.748+0000] {dag.py:4180} INFO - Setting next_dagrun for example_branch_dop_operator_v3 to 2026-07-25 09:15:00+00:00, run_after=2026-07-25 09:16:00+00:00
[2026-07-25T09:16:04.761+0000] {processor.py:208} INFO - Processing /home/airflow/.local/lib/python3.12/site-packages/airflow/example_dags/example_branch_python_dop_operator_3.py took 0.056 seconds
[2026-07-25T09:16:35.507+0000] {processor.py:186} INFO - Started process (PID=207) to work on /home/airflow/.local/lib/python3.12/site-packages/airflow/example_dags/example_branch_python_dop_operator_3.py
[2026-07-25T09:16:35.508+0000] {processor.py:914} INFO - Processing file /home/airflow/.local/lib/python3.12/site-packages/airflow/example_dags/example_branch_python_dop_operator_3.py for tasks to queue
[2026-07-25T09:16:35.510+0000] {logging_mixin.py:190} INFO - [2026-07-25T09:16:35.510+0000] {dagbag.py:588} INFO - Filling up the DagBag from /home/airflow/.local/lib/python3.12/site-packages/airflow/example_dags/example_branch_python_dop_operator_3.py
[2026-07-25T09:16:35.517+0000] {processor.py:925} INFO - DAG(s) 'example_branch_dop_operator_v3' retrieved from /home/airflow/.local/lib/python3.12/site-packages/airflow/example_dags/example_branch_python_dop_operator_3.py
[2026-07-25T09:16:35.532+0000] {logging_mixin.py:190} INFO - [2026-07-25T09:16:35.532+0000] {dag.py:3239} INFO - Sync 1 DAGs
[2026-07-25T09:16:35.550+0000] {logging_mixin.py:190} INFO - [2026-07-25T09:16:35.550+0000] {dag.py:4180} INFO - Setting next_dagrun for example_branch_dop_operator_v3 to 2026-07-25 09:15:00+00:00, run_after=2026-07-25 09:16:00+00:00
[2026-07-25T09:16:35.564+0000] {processor.py:208} INFO - Processing /home/airflow/.local/lib/python3.12/site-packages/airflow/example_dags/example_branch_python_dop_operator_3.py took 0.061 seconds
[2026-07-25T09:17:06.168+0000] {processor.py:186} INFO - Started process (PID=270) to work on /home/airflow/.local/lib/python3.12/site-packages/airflow/example_dags/example_branch_python_dop_operator_3.py
[2026-07-25T09:17:06.169+0000] {processor.py:914} INFO - Processing file /home/airflow/.local/lib/python3.12/site-packages/airflow/example_dags/example_branch_python_dop_operator_3.py for tasks to queue
[2026-07-25T09:17:06.170+0000] {logging_mixin.py:190} INFO - [2026-07-25T09:17:06.170+0000] {dagbag.py:588} INFO - Filling up the DagBag from /home/airflow/.local/lib/python3.12/site-packages/airflow/example_dags/example_branch_python_dop_operator_3.py
[2026-07-25T09:17:06.177+0000] {processor.py:925} INFO - DAG(s) 'example_branch_dop_operator_v3' retrieved from /home/airflow/.local/lib/python3.12/site-packages/airflow/example_dags/example_branch_python_dop_operator_3.py
[2026-07-25T09:17:06.190+0000] {logging_mixin.py:190} INFO - [2026-07-25T09:17:06.190+0000] {dag.py:3239} INFO - Sync 1 DAGs
[2026-07-25T09:17:06.206+0000] {logging_mixin.py:190} INFO - [2026-07-25T09:17:06.205+0000] {dag.py:4180} INFO - Setting next_dagrun for example_branch_dop_operator_v3 to 2026-07-25 09:16:00+00:00, run_after=2026-07-25 09:17:00+00:00
[2026-07-25T09:17:06.218+0000] {processor.py:208} INFO - Processing /home/airflow/.local/lib/python3.12/site-packages/airflow/example_dags/example_branch_python_dop_operator_3.py took 0.054 seconds
[2026-07-25T09:17:36.563+0000] {processor.py:186} INFO - Started process (PID=333) to work on /home/airflow/.local/lib/python3.12/site-packages/airflow/example_dags/example_branch_python_dop_operator_3.py
[2026-07-25T09:17:36.564+0000] {processor.py:914} INFO - Processing file /home/airflow/.local/lib/python3.12/site-packages/airflow/example_dags/example_branch_python_dop_operator_3.py for tasks to queue
[2026-07-25T09:17:36.565+0000] {logging_mixin.py:190} INFO - [2026-07-25T09:17:36.565+0000] {dagbag.py:588} INFO - Filling up the DagBag from /home/airflow/.local/lib/python3.12/site-packages/airflow/example_dags/example_branch_python_dop_operator_3.py
[2026-07-25T09:17:36.572+0000] {processor.py:925} INFO - DAG(s) 'example_branch_dop_operator_v3' retrieved from /home/airflow/.local/lib/python3.12/site-packages/airflow/example_dags/example_branch_python_dop_operator_3.py
[2026-07-25T09:17:36.585+0000] {logging_mixin.py:190} INFO - [2026-07-25T09:17:36.585+0000] {dag.py:3239} INFO - Sync 1 DAGs
[2026-07-25T09:17:36.600+0000] {logging_mixin.py:190} INFO - [2026-07-25T09:17:36.600+0000] {dag.py:4180} INFO - Setting next_dagrun for example_branch_dop_operator_v3 to 2026-07-25 09:16:00+00:00, run_after=2026-07-25 09:17:00+00:00
[2026-07-25T09:17:36.612+0000] {processor.py:208} INFO - Processing /home/airflow/.local/lib/python3.12/site-packages/airflow/example_dags/example_branch_python_dop_operator_3.py took 0.052 seconds
[2026-07-25T09:18:06.976+0000] {processor.py:186} INFO - Started process (PID=402) to work on /home/airflow/.local/lib/python3.12/site-packages/airflow/example_dags/example_branch_python_dop_operator_3.py
[2026-07-25T09:18:06.976+0000] {processor.py:914} INFO - Processing file /home/airflow/.local/lib/python3.12/site-packages/airflow/example_dags/example_branch_python_dop_operator_3.py for tasks to queue
[2026-07-25T09:18:06.978+0000] {logging_mixin.py:190} INFO - [2026-07-25T09:18:06.978+0000] {dagbag.py:588} INFO - Filling up the DagBag from /home/airflow/.local/lib/python3.12/site-packages/airflow/example_dags/example_branch_python_dop_operator_3.py
[2026-07-25T09:18:06.986+0000] {processor.py:925} INFO - DAG(s) 'example_branch_dop_operator_v3' retrieved from /home/airflow/.local/lib/python3.12/site-packages/airflow/example_dags/example_branch_python_dop_operator_3.py
[2026-07-25T09:18:06.999+0000] {logging_mixin.py:190} INFO - [2026-07-25T09:18:06.999+0000] {dag.py:3239} INFO - Sync 1 DAGs
[2026-07-25T09:18:07.013+0000] {logging_mixin.py:190} INFO - [2026-07-25T09:18:07.013+0000] {dag.py:4180} INFO - Setting next_dagrun for example_branch_dop_operator_v3 to 2026-07-25 09:17:00+00:00, run_after=2026-07-25 09:18:00+00:00
[2026-07-25T09:18:07.024+0000] {processor.py:208} INFO - Processing /home/airflow/.local/lib/python3.12/site-packages/airflow/example_dags/example_branch_python_dop_operator_3.py took 0.052 seconds
[2026-07-25T09:18:38.206+0000] {processor.py:186} INFO - Started process (PID=465) to work on /home/airflow/.local/lib/python3.12/site-packages/airflow/example_dags/example_branch_python_dop_operator_3.py
[2026-07-25T09:18:38.207+0000] {processor.py:914} INFO - Processing file /home/airflow/.local/lib/python3.12/site-packages/airflow/example_dags/example_branch_python_dop_operator_3.py for tasks to queue
[2026-07-25T09:18:38.209+0000] {logging_mixin.py:190} INFO - [2026-07-25T09:18:38.209+0000] {dagbag.py:588} INFO - Filling up the DagBag from /home/airflow/.local/lib/python3.12/site-packages/airflow/example_dags/example_branch_python_dop_operator_3.py
[2026-07-25T09:18:38.218+0000] {processor.py:925} INFO - DAG(s) 'example_branch_dop_operator_v3' retrieved from /home/airflow/.local/lib/python3.12/site-packages/airflow/example_dags/example_branch_python_dop_operator_3.py
[2026-07-25T09:18:38.234+0000] {logging_mixin.py:190} INFO - [2026-07-25T09:18:38.234+0000] {dag.py:3239} INFO - Sync 1 DAGs
[2026-07-25T09:18:38.252+0000] {logging_mixin.py:190} INFO - [2026-07-25T09:18:38.252+0000] {dag.py:4180} INFO - Setting next_dagrun for example_branch_dop_operator_v3 to 2026-07-25 09:17:00+00:00, run_after=2026-07-25 09:18:00+00:00
[2026-07-25T09:18:38.266+0000] {processor.py:208} INFO - Processing /home/airflow/.local/lib/python3.12/site-packages/airflow/example_dags/example_branch_python_dop_operator_3.py took 0.066 seconds
[2026-07-25T09:19:08.934+0000] {processor.py:186} INFO - Started process (PID=526) to work on /home/airflow/.local/lib/python3.12/site-packages/airflow/example_dags/example_branch_python_dop_operator_3.py
[2026-07-25T09:19:08.935+0000] {processor.py:914} INFO - Processing file /home/airflow/.local/lib/python3.12/site-packages/airflow/example_dags/example_branch_python_dop_operator_3.py for tasks to queue
[2026-07-25T09:19:08.937+0000] {logging_mixin.py:190} INFO - [2026-07-25T09:19:08.937+0000] {dagbag.py:588} INFO - Filling up the DagBag from /home/airflow/.local/lib/python3.12/site-packages/airflow/example_dags/example_branch_python_dop_operator_3.py
[2026-07-25T09:19:08.944+0000] {processor.py:925} INFO - DAG(s) 'example_branch_dop_operator_v3' retrieved from /home/airflow/.local/lib/python3.12/site-packages/airflow/example_dags/example_branch_python_dop_operator_3.py
[2026-07-25T09:19:08.958+0000] {logging_mixin.py:190} INFO - [2026-07-25T09:19:08.958+0000] {dag.py:3239} INFO - Sync 1 DAGs
[2026-07-25T09:19:08.974+0000] {logging_mixin.py:190} INFO - [2026-07-25T09:19:08.974+0000] {dag.py:4180} INFO - Setting next_dagrun for example_branch_dop_operator_v3 to 2026-07-25 09:18:00+00:00, run_after=2026-07-25 09:19:00+00:00
[2026-07-25T09:19:08.985+0000] {processor.py:208} INFO - Processing /home/airflow/.local/lib/python3.12/site-packages/airflow/example_dags/example_branch_python_dop_operator_3.py took 0.055 seconds
[2026-07-25T09:20:45.360+0000] {processor.py:186} INFO - Started process (PID=82) to work on /home/airflow/.local/lib/python3.12/site-packages/airflow/example_dags/example_branch_python_dop_operator_3.py
[2026-07-25T09:20:45.361+0000] {processor.py:914} INFO - Processing file /home/airflow/.local/lib/python3.12/site-packages/airflow/example_dags/example_branch_python_dop_operator_3.py for tasks to queue
[2026-07-25T09:20:45.364+0000] {logging_mixin.py:190} INFO - [2026-07-25T09:20:45.364+0000] {dagbag.py:588} INFO - Filling up the DagBag from /home/airflow/.local/lib/python3.12/site-packages/airflow/example_dags/example_branch_python_dop_operator_3.py
[2026-07-25T09:20:45.374+0000] {processor.py:925} INFO - DAG(s) 'example_branch_dop_operator_v3' retrieved from /home/airflow/.local/lib/python3.12/site-packages/airflow/example_dags/example_branch_python_dop_operator_3.py
[2026-07-25T09:20:45.402+0000] {logging_mixin.py:190} INFO - [2026-07-25T09:20:45.401+0000] {dag.py:3239} INFO - Sync 1 DAGs
[2026-07-25T09:20:45.429+0000] {logging_mixin.py:190} INFO - [2026-07-25T09:20:45.429+0000] {dag.py:4180} INFO - Setting next_dagrun for example_branch_dop_operator_v3 to 2026-07-25 09:19:00+00:00, run_after=2026-07-25 09:20:00+00:00
[2026-07-25T09:20:45.445+0000] {processor.py:208} INFO - Processing /home/airflow/.local/lib/python3.12/site-packages/airflow/example_dags/example_branch_python_dop_operator_3.py took 0.091 seconds
[2026-07-25T09:21:15.975+0000] {processor.py:186} INFO - Started process (PID=150) to work on /home/airflow/.local/lib/python3.12/site-packages/airflow/example_dags/example_branch_python_dop_operator_3.py
[2026-07-25T09:21:15.976+0000] {processor.py:914} INFO - Processing file /home/airflow/.local/lib/python3.12/site-packages/airflow/example_dags/example_branch_python_dop_operator_3.py for tasks to queue
[2026-07-25T09:21:15.978+0000] {logging_mixin.py:190} INFO - [2026-07-25T09:21:15.978+0000] {dagbag.py:588} INFO - Filling up the DagBag from /home/airflow/.local/lib/python3.12/site-packages/airflow/example_dags/example_branch_python_dop_operator_3.py
[2026-07-25T09:21:15.988+0000] {processor.py:925} INFO - DAG(s) 'example_branch_dop_operator_v3' retrieved from /home/airflow/.local/lib/python3.12/site-packages/airflow/example_dags/example_branch_python_dop_operator_3.py
[2026-07-25T09:21:16.004+0000] {logging_mixin.py:190} INFO - [2026-07-25T09:21:16.004+0000] {dag.py:3239} INFO - Sync 1 DAGs
[2026-07-25T09:21:16.022+0000] {logging_mixin.py:190} INFO - [2026-07-25T09:21:16.022+0000] {dag.py:4180} INFO - Setting next_dagrun for example_branch_dop_operator_v3 to 2026-07-25 09:20:00+00:00, run_after=2026-07-25 09:21:00+00:00
[2026-07-25T09:21:16.038+0000] {processor.py:208} INFO - Processing /home/airflow/.local/lib/python3.12/site-packages/airflow/example_dags/example_branch_python_dop_operator_3.py took 0.067 seconds
[2026-07-25T09:21:46.950+0000] {processor.py:186} INFO - Started process (PID=213) to work on /home/airflow/.local/lib/python3.12/site-packages/airflow/example_dags/example_branch_python_dop_operator_3.py
[2026-07-25T09:21:46.950+0000] {processor.py:914} INFO - Processing file /home/airflow/.local/lib/python3.12/site-packages/airflow/example_dags/example_branch_python_dop_operator_3.py for tasks to queue
[2026-07-25T09:21:46.952+0000] {logging_mixin.py:190} INFO - [2026-07-25T09:21:46.952+0000] {dagbag.py:588} INFO - Filling up the DagBag from /home/airflow/.local/lib/python3.12/site-packages/airflow/example_dags/example_branch_python_dop_operator_3.py
[2026-07-25T09:21:46.959+0000] {processor.py:925} INFO - DAG(s) 'example_branch_dop_operator_v3' retrieved from /home/airflow/.local/lib/python3.12/site-packages/airflow/example_dags/example_branch_python_dop_operator_3.py
[2026-07-25T09:21:46.972+0000] {logging_mixin.py:190} INFO - [2026-07-25T09:21:46.972+0000] {dag.py:3239} INFO - Sync 1 DAGs
[2026-07-25T09:21:46.987+0000] {logging_mixin.py:190} INFO - [2026-07-25T09:21:46.987+0000] {dag.py:4180} INFO - Setting next_dagrun for example_branch_dop_operator_v3 to 2026-07-25 09:20:00+00:00, run_after=2026-07-25 09:21:00+00:00
[2026-07-25T09:21:47.000+0000] {processor.py:208} INFO - Processing /home/airflow/.local/lib/python3.12/site-packages/airflow/example_dags/example_branch_python_dop_operator_3.py took 0.053 seconds
[2026-07-25T09:22:17.388+0000] {processor.py:186} INFO - Started process (PID=276) to work on /home/airflow/.local/lib/python3.12/site-packages/airflow/example_dags/example_branch_python_dop_operator_3.py
[2026-07-25T09:22:17.389+0000] {processor.py:914} INFO - Processing file /home/airflow/.local/lib/python3.12/site-packages/airflow/example_dags/example_branch_python_dop_operator_3.py for tasks to queue
[2026-07-25T09:22:17.391+0000] {logging_mixin.py:190} INFO - [2026-07-25T09:22:17.391+0000] {dagbag.py:588} INFO - Filling up the DagBag from /home/airflow/.local/lib/python3.12/site-packages/airflow/example_dags/example_branch_python_dop_operator_3.py
[2026-07-25T09:22:17.398+0000] {processor.py:925} INFO - DAG(s) 'example_branch_dop_operator_v3' retrieved from /home/airflow/.local/lib/python3.12/site-packages/airflow/example_dags/example_branch_python_dop_operator_3.py
[2026-07-25T09:22:17.411+0000] {logging_mixin.py:190} INFO - [2026-07-25T09:22:17.411+0000] {dag.py:3239} INFO - Sync 1 DAGs
[2026-07-25T09:22:17.427+0000] {logging_mixin.py:190} INFO - [2026-07-25T09:22:17.427+0000] {dag.py:4180} INFO - Setting next_dagrun for example_branch_dop_operator_v3 to 2026-07-25 09:21:00+00:00, run_after=2026-07-25 09:22:00+00:00
[2026-07-25T09:22:17.439+0000] {processor.py:208} INFO - Processing /home/airflow/.local/lib/python3.12/site-packages/airflow/example_dags/example_branch_python_dop_operator_3.py took 0.054 seconds
[2026-07-25T09:23:57.213+0000] {processor.py:186} INFO - Started process (PID=82) to work on /home/airflow/.local/lib/python3.12/site-packages/airflow/example_dags/example_branch_python_dop_operator_3.py
[2026-07-25T09:23:57.215+0000] {processor.py:914} INFO - Processing file /home/airflow/.local/lib/python3.12/site-packages/airflow/example_dags/example_branch_python_dop_operator_3.py for tasks to queue
[2026-07-25T09:23:57.219+0000] {logging_mixin.py:190} INFO - [2026-07-25T09:23:57.218+0000] {dagbag.py:588} INFO - Filling up the DagBag from /home/airflow/.local/lib/python3.12/site-packages/airflow/example_dags/example_branch_python_dop_operator_3.py
[2026-07-25T09:23:57.228+0000] {processor.py:925} INFO - DAG(s) 'example_branch_dop_operator_v3' retrieved from /home/airflow/.local/lib/python3.12/site-packages/airflow/example_dags/example_branch_python_dop_operator_3.py
[2026-07-25T09:23:57.248+0000] {logging_mixin.py:190} INFO - [2026-07-25T09:23:57.248+0000] {dag.py:3239} INFO - Sync 1 DAGs
[2026-07-25T09:23:57.267+0000] {logging_mixin.py:190} INFO - [2026-07-25T09:23:57.267+0000] {dag.py:4180} INFO - Setting next_dagrun for example_branch_dop_operator_v3 to 2026-07-25 09:22:00+00:00, run_after=2026-07-25 09:23:00+00:00
[2026-07-25T09:23:57.282+0000] {processor.py:208} INFO - Processing /home/airflow/.local/lib/python3.12/site-packages/airflow/example_dags/example_branch_python_dop_operator_3.py took 0.077 seconds
[2026-07-25T09:24:28.367+0000] {processor.py:186} INFO - Started process (PID=150) to work on /home/airflow/.local/lib/python3.12/site-packages/airflow/example_dags/example_branch_python_dop_operator_3.py
[2026-07-25T09:24:28.367+0000] {processor.py:914} INFO - Processing file /home/airflow/.local/lib/python3.12/site-packages/airflow/example_dags/example_branch_python_dop_operator_3.py for tasks to queue
[2026-07-25T09:24:28.369+0000] {logging_mixin.py:190} INFO - [2026-07-25T09:24:28.369+0000] {dagbag.py:588} INFO - Filling up the DagBag from /home/airflow/.local/lib/python3.12/site-packages/airflow/example_dags/example_branch_python_dop_operator_3.py
[2026-07-25T09:24:28.376+0000] {processor.py:925} INFO - DAG(s) 'example_branch_dop_operator_v3' retrieved from /home/airflow/.local/lib/python3.12/site-packages/airflow/example_dags/example_branch_python_dop_operator_3.py
[2026-07-25T09:24:28.389+0000] {logging_mixin.py:190} INFO - [2026-07-25T09:24:28.389+0000] {dag.py:3239} INFO - Sync 1 DAGs
[2026-07-25T09:24:28.404+0000] {logging_mixin.py:190} INFO - [2026-07-25T09:24:28.404+0000] {dag.py:4180} INFO - Setting next_dagrun for example_branch_dop_operator_v3 to 2026-07-25 09:23:00+00:00, run_after=2026-07-25 09:24:00+00:00
[2026-07-25T09:24:28.438+0000] {processor.py:208} INFO - Processing /home/airflow/.local/lib/python3.12/site-packages/airflow/example_dags/example_branch_python_dop_operator_3.py took 0.075 seconds
[2026-07-25T09:24:59.034+0000] {processor.py:186} INFO - Started process (PID=213) to work on /home/airflow/.local/lib/python3.12/site-packages/airflow/example_dags/example_branch_python_dop_operator_3.py
[2026-07-25T09:24:59.035+0000] {processor.py:914} INFO - Processing file /home/airflow/.local/lib/python3.12/site-packages/airflow/example_dags/example_branch_python_dop_operator_3.py for tasks to queue
[2026-07-25T09:24:59.037+0000] {logging_mixin.py:190} INFO - [2026-07-25T09:24:59.036+0000] {dagbag.py:588} INFO - Filling up the DagBag from /home/airflow/.local/lib/python3.12/site-packages/airflow/example_dags/example_branch_python_dop_operator_3.py
[2026-07-25T09:24:59.044+0000] {processor.py:925} INFO - DAG(s) 'example_branch_dop_operator_v3' retrieved from /home/airflow/.local/lib/python3.12/site-packages/airflow/example_dags/example_branch_python_dop_operator_3.py
[2026-07-25T09:24:59.060+0000] {logging_mixin.py:190} INFO - [2026-07-25T09:24:59.060+0000] {dag.py:3239} INFO - Sync 1 DAGs
[2026-07-25T09:24:59.078+0000] {logging_mixin.py:190} INFO - [2026-07-25T09:24:59.078+0000] {dag.py:4180} INFO - Setting next_dagrun for example_branch_dop_operator_v3 to 2026-07-25 09:23:00+00:00, run_after=2026-07-25 09:24:00+00:00
[2026-07-25T09:24:59.098+0000] {processor.py:208} INFO - Processing /home/airflow/.local/lib/python3.12/site-packages/airflow/example_dags/example_branch_python_dop_operator_3.py took 0.068 seconds
[2026-07-25T09:25:30.043+0000] {processor.py:186} INFO - Started process (PID=276) to work on /home/airflow/.local/lib/python3.12/site-packages/airflow/example_dags/example_branch_python_dop_operator_3.py
[2026-07-25T09:25:30.044+0000] {processor.py:914} INFO - Processing file /home/airflow/.local/lib/python3.12/site-packages/airflow/example_dags/example_branch_python_dop_operator_3.py for tasks to queue
[2026-07-25T09:25:30.046+0000] {logging_mixin.py:190} INFO - [2026-07-25T09:25:30.046+0000] {dagbag.py:588} INFO - Filling up the DagBag from /home/airflow/.local/lib/python3.12/site-packages/airflow/example_dags/example_branch_python_dop_operator_3.py
[2026-07-25T09:25:30.053+0000] {processor.py:925} INFO - DAG(s) 'example_branch_dop_operator_v3' retrieved from /home/airflow/.local/lib/python3.12/site-packages/airflow/example_dags/example_branch_python_dop_operator_3.py
[2026-07-25T09:25:30.066+0000] {logging_mixin.py:190} INFO - [2026-07-25T09:25:30.066+0000] {dag.py:3239} INFO - Sync 1 DAGs
[2026-07-25T09:25:30.081+0000] {logging_mixin.py:190} INFO - [2026-07-25T09:25:30.081+0000] {dag.py:4180} INFO - Setting next_dagrun for example_branch_dop_operator_v3 to 2026-07-25 09:24:00+00:00, run_after=2026-07-25 09:25:00+00:00
[2026-07-25T09:25:30.102+0000] {processor.py:208} INFO - Processing /home/airflow/.local/lib/python3.12/site-packages/airflow/example_dags/example_branch_python_dop_operator_3.py took 0.062 seconds
[2026-07-25T09:26:50.238+0000] {processor.py:186} INFO - Started process (PID=88) to work on /home/airflow/.local/lib/python3.12/site-packages/airflow/example_dags/example_branch_python_dop_operator_3.py
[2026-07-25T09:26:50.239+0000] {processor.py:914} INFO - Processing file /home/airflow/.local/lib/python3.12/site-packages/airflow/example_dags/example_branch_python_dop_operator_3.py for tasks to queue
[2026-07-25T09:26:50.242+0000] {logging_mixin.py:190} INFO - [2026-07-25T09:26:50.242+0000] {dagbag.py:588} INFO - Filling up the DagBag from /home/airflow/.local/lib/python3.12/site-packages/airflow/example_dags/example_branch_python_dop_operator_3.py
[2026-07-25T09:26:50.260+0000] {processor.py:925} INFO - DAG(s) 'example_branch_dop_operator_v3' retrieved from /home/airflow/.local/lib/python3.12/site-packages/airflow/example_dags/example_branch_python_dop_operator_3.py
[2026-07-25T09:26:50.331+0000] {logging_mixin.py:190} INFO - [2026-07-25T09:26:50.330+0000] {override.py:1932} INFO - Created Permission View: can edit on DAG:example_branch_dop_operator_v3
[2026-07-25T09:26:50.337+0000] {logging_mixin.py:190} INFO - [2026-07-25T09:26:50.337+0000] {override.py:1932} INFO - Created Permission View: can read on DAG:example_branch_dop_operator_v3
[2026-07-25T09:26:50.342+0000] {logging_mixin.py:190} INFO - [2026-07-25T09:26:50.342+0000] {override.py:1932} INFO - Created Permission View: can delete on DAG:example_branch_dop_operator_v3
[2026-07-25T09:26:50.348+0000] {logging_mixin.py:190} INFO - [2026-07-25T09:26:50.348+0000] {override.py:1932} INFO - Created Permission View: menu access on DAG Run:example_branch_dop_operator_v3
[2026-07-25T09:26:50.353+0000] {logging_mixin.py:190} INFO - [2026-07-25T09:26:50.353+0000] {override.py:1932} INFO - Created Permission View: can read on DAG Run:example_branch_dop_operator_v3
[2026-07-25T09:26:50.358+0000] {logging_mixin.py:190} INFO - [2026-07-25T09:26:50.358+0000] {override.py:1932} INFO - Created Permission View: can create on DAG Run:example_branch_dop_operator_v3
[2026-07-25T09:26:50.364+0000] {logging_mixin.py:190} INFO - [2026-07-25T09:26:50.363+0000] {override.py:1932} INFO - Created Permission View: can delete on DAG Run:example_branch_dop_operator_v3
[2026-07-25T09:26:50.364+0000] {logging_mixin.py:190} INFO - [2026-07-25T09:26:50.364+0000] {dag.py:3239} INFO - Sync 1 DAGs
[2026-07-25T09:26:50.373+0000] {logging_mixin.py:190} INFO - [2026-07-25T09:26:50.373+0000] {dag.py:3262} INFO - Creating ORM DAG for example_branch_dop_operator_v3
[2026-07-25T09:26:50.380+0000] {logging_mixin.py:190} INFO - [2026-07-25T09:26:50.380+0000] {dag.py:4180} INFO - Setting next_dagrun for example_branch_dop_operator_v3 to 2026-07-25 09:25:00+00:00, run_after=2026-07-25 09:26:00+00:00
[2026-07-25T09:26:50.391+0000] {processor.py:208} INFO - Processing /home/airflow/.local/lib/python3.12/site-packages/airflow/example_dags/example_branch_python_dop_operator_3.py took 0.157 seconds
[2026-07-25T09:27:20.559+0000] {processor.py:186} INFO - Started process (PID=150) to work on /home/airflow/.local/lib/python3.12/site-packages/airflow/example_dags/example_branch_python_dop_operator_3.py
[2026-07-25T09:27:20.559+0000] {processor.py:914} INFO - Processing file /home/airflow/.local/lib/python3.12/site-packages/airflow/example_dags/example_branch_python_dop_operator_3.py for tasks to queue
[2026-07-25T09:27:20.562+0000] {logging_mixin.py:190} INFO - [2026-07-25T09:27:20.561+0000] {dagbag.py:588} INFO - Filling up the DagBag from /home/airflow/.local/lib/python3.12/site-packages/airflow/example_dags/example_branch_python_dop_operator_3.py
[2026-07-25T09:27:20.569+0000] {processor.py:925} INFO - DAG(s) 'example_branch_dop_operator_v3' retrieved from /home/airflow/.local/lib/python3.12/site-packages/airflow/example_dags/example_branch_python_dop_operator_3.py
[2026-07-25T09:27:20.583+0000] {logging_mixin.py:190} INFO - [2026-07-25T09:27:20.582+0000] {dag.py:3239} INFO - Sync 1 DAGs
[2026-07-25T09:27:20.597+0000] {logging_mixin.py:190} INFO - [2026-07-25T09:27:20.597+0000] {dag.py:4180} INFO - Setting next_dagrun for example_branch_dop_operator_v3 to 2026-07-25 09:26:00+00:00, run_after=2026-07-25 09:27:00+00:00
[2026-07-25T09:27:20.612+0000] {processor.py:208} INFO - Processing /home/airflow/.local/lib/python3.12/site-packages/airflow/example_dags/example_branch_python_dop_operator_3.py took 0.057 seconds
[2026-07-25T09:27:50.867+0000] {processor.py:186} INFO - Started process (PID=213) to work on /home/airflow/.local/lib/python3.12/site-packages/airflow/example_dags/example_branch_python_dop_operator_3.py
[2026-07-25T09:27:50.868+0000] {processor.py:914} INFO - Processing file /home/airflow/.local/lib/python3.12/site-packages/airflow/example_dags/example_branch_python_dop_operator_3.py for tasks to queue
[2026-07-25T09:27:50.870+0000] {logging_mixin.py:190} INFO - [2026-07-25T09:27:50.870+0000] {dagbag.py:588} INFO - Filling up the DagBag from /home/airflow/.local/lib/python3.12/site-packages/airflow/example_dags/example_branch_python_dop_operator_3.py
[2026-07-25T09:27:50.877+0000] {processor.py:925} INFO - DAG(s) 'example_branch_dop_operator_v3' retrieved from /home/airflow/.local/lib/python3.12/site-packages/airflow/example_dags/example_branch_python_dop_operator_3.py
[2026-07-25T09:27:50.890+0000] {logging_mixin.py:190} INFO - [2026-07-25T09:27:50.890+0000] {dag.py:3239} INFO - Sync 1 DAGs
[2026-07-25T09:27:50.905+0000] {logging_mixin.py:190} INFO - [2026-07-25T09:27:50.905+0000] {dag.py:4180} INFO - Setting next_dagrun for example_branch_dop_operator_v3 to 2026-07-25 09:26:00+00:00, run_after=2026-07-25 09:27:00+00:00
[2026-07-25T09:27:50.926+0000] {processor.py:208} INFO - Processing /home/airflow/.local/lib/python3.12/site-packages/airflow/example_dags/example_branch_python_dop_operator_3.py took 0.063 seconds
[2026-07-25T09:28:21.061+0000] {processor.py:186} INFO - Started process (PID=276) to work on /home/airflow/.local/lib/python3.12/site-packages/airflow/example_dags/example_branch_python_dop_operator_3.py
[2026-07-25T09:28:21.062+0000] {processor.py:914} INFO - Processing file /home/airflow/.local/lib/python3.12/site-packages/airflow/example_dags/example_branch_python_dop_operator_3.py for tasks to queue
[2026-07-25T09:28:21.065+0000] {logging_mixin.py:190} INFO - [2026-07-25T09:28:21.064+0000] {dagbag.py:588} INFO - Filling up the DagBag from /home/airflow/.local/lib/python3.12/site-packages/airflow/example_dags/example_branch_python_dop_operator_3.py
[2026-07-25T09:28:21.073+0000] {processor.py:925} INFO - DAG(s) 'example_branch_dop_operator_v3' retrieved from /home/airflow/.local/lib/python3.12/site-packages/airflow/example_dags/example_branch_python_dop_operator_3.py
[2026-07-25T09:28:21.087+0000] {logging_mixin.py:190} INFO - [2026-07-25T09:28:21.086+0000] {dag.py:3239} INFO - Sync 1 DAGs
[2026-07-25T09:28:21.104+0000] {logging_mixin.py:190} INFO - [2026-07-25T09:28:21.104+0000] {dag.py:4180} INFO - Setting next_dagrun for example_branch_dop_operator_v3 to 2026-07-25 09:27:00+00:00, run_after=2026-07-25 09:28:00+00:00
[2026-07-25T09:28:21.117+0000] {processor.py:208} INFO - Processing /home/airflow/.local/lib/python3.12/site-packages/airflow/example_dags/example_branch_python_dop_operator_3.py took 0.060 seconds
[2026-07-25T09:28:51.742+0000] {processor.py:186} INFO - Started process (PID=339) to work on /home/airflow/.local/lib/python3.12/site-packages/airflow/example_dags/example_branch_python_dop_operator_3.py
[2026-07-25T09:28:51.743+0000] {processor.py:914} INFO - Processing file /home/airflow/.local/lib/python3.12/site-packages/airflow/example_dags/example_branch_python_dop_operator_3.py for tasks to queue
[2026-07-25T09:28:51.745+0000] {logging_mixin.py:190} INFO - [2026-07-25T09:28:51.745+0000] {dagbag.py:588} INFO - Filling up the DagBag from /home/airflow/.local/lib/python3.12/site-packages/airflow/example_dags/example_branch_python_dop_operator_3.py
[2026-07-25T09:28:51.753+0000] {processor.py:925} INFO - DAG(s) 'example_branch_dop_operator_v3' retrieved from /home/airflow/.local/lib/python3.12/site-packages/airflow/example_dags/example_branch_python_dop_operator_3.py
[2026-07-25T09:28:51.768+0000] {logging_mixin.py:190} INFO - [2026-07-25T09:28:51.767+0000] {dag.py:3239} INFO - Sync 1 DAGs
[2026-07-25T09:28:51.785+0000] {logging_mixin.py:190} INFO - [2026-07-25T09:28:51.785+0000] {dag.py:4180} INFO - Setting next_dagrun for example_branch_dop_operator_v3 to 2026-07-25 09:27:00+00:00, run_after=2026-07-25 09:28:00+00:00
[2026-07-25T09:28:51.797+0000] {processor.py:208} INFO - Processing /home/airflow/.local/lib/python3.12/site-packages/airflow/example_dags/example_branch_python_dop_operator_3.py took 0.058 seconds
[2026-07-25T09:29:23.847+0000] {processor.py:186} INFO - Started process (PID=402) to work on /home/airflow/.local/lib/python3.12/site-packages/airflow/example_dags/example_branch_python_dop_operator_3.py
[2026-07-25T09:29:23.848+0000] {processor.py:914} INFO - Processing file /home/airflow/.local/lib/python3.12/site-packages/airflow/example_dags/example_branch_python_dop_operator_3.py for tasks to queue
[2026-07-25T09:29:23.850+0000] {logging_mixin.py:190} INFO - [2026-07-25T09:29:23.850+0000] {dagbag.py:588} INFO - Filling up the DagBag from /home/airflow/.local/lib/python3.12/site-packages/airflow/example_dags/example_branch_python_dop_operator_3.py
[2026-07-25T09:29:23.857+0000] {processor.py:925} INFO - DAG(s) 'example_branch_dop_operator_v3' retrieved from /home/airflow/.local/lib/python3.12/site-packages/airflow/example_dags/example_branch_python_dop_operator_3.py
[2026-07-25T09:29:23.870+0000] {logging_mixin.py:190} INFO - [2026-07-25T09:29:23.870+0000] {dag.py:3239} INFO - Sync 1 DAGs
[2026-07-25T09:29:23.884+0000] {logging_mixin.py:190} INFO - [2026-07-25T09:29:23.884+0000] {dag.py:4180} INFO - Setting next_dagrun for example_branch_dop_operator_v3 to 2026-07-25 09:28:00+00:00, run_after=2026-07-25 09:29:00+00:00
[2026-07-25T09:29:23.906+0000] {processor.py:208} INFO - Processing /home/airflow/.local/lib/python3.12/site-packages/airflow/example_dags/example_branch_python_dop_operator_3.py took 0.062 seconds
[2026-07-25T09:29:57.693+0000] {processor.py:186} INFO - Started process (PID=465) to work on /home/airflow/.local/lib/python3.12/site-packages/airflow/example_dags/example_branch_python_dop_operator_3.py
[2026-07-25T09:29:57.695+0000] {processor.py:914} INFO - Processing file /home/airflow/.local/lib/python3.12/site-packages/airflow/example_dags/example_branch_python_dop_operator_3.py for tasks to queue
[2026-07-25T09:29:57.697+0000] {logging_mixin.py:190} INFO - [2026-07-25T09:29:57.697+0000] {dagbag.py:588} INFO - Filling up the DagBag from /home/airflow/.local/lib/python3.12/site-packages/airflow/example_dags/example_branch_python_dop_operator_3.py
[2026-07-25T09:29:57.706+0000] {processor.py:925} INFO - DAG(s) 'example_branch_dop_operator_v3' retrieved from /home/airflow/.local/lib/python3.12/site-packages/airflow/example_dags/example_branch_python_dop_operator_3.py
[2026-07-25T09:29:57.721+0000] {logging_mixin.py:190} INFO - [2026-07-25T09:29:57.721+0000] {dag.py:3239} INFO - Sync 1 DAGs
[2026-07-25T09:29:57.737+0000] {logging_mixin.py:190} INFO - [2026-07-25T09:29:57.737+0000] {dag.py:4180} INFO - Setting next_dagrun for example_branch_dop_operator_v3 to 2026-07-25 09:28:00+00:00, run_after=2026-07-25 09:29:00+00:00
[2026-07-25T09:29:57.768+0000] {processor.py:208} INFO - Processing /home/airflow/.local/lib/python3.12/site-packages/airflow/example_dags/example_branch_python_dop_operator_3.py took 0.080 seconds
[2026-07-25T09:30:28.727+0000] {processor.py:186} INFO - Started process (PID=527) to work on /home/airflow/.local/lib/python3.12/site-packages/airflow/example_dags/example_branch_python_dop_operator_3.py
[2026-07-25T09:30:28.728+0000] {processor.py:914} INFO - Processing file /home/airflow/.local/lib/python3.12/site-packages/airflow/example_dags/example_branch_python_dop_operator_3.py for tasks to queue
[2026-07-25T09:30:28.730+0000] {logging_mixin.py:190} INFO - [2026-07-25T09:30:28.730+0000] {dagbag.py:588} INFO - Filling up the DagBag from /home/airflow/.local/lib/python3.12/site-packages/airflow/example_dags/example_branch_python_dop_operator_3.py
[2026-07-25T09:30:28.738+0000] {processor.py:925} INFO - DAG(s) 'example_branch_dop_operator_v3' retrieved from /home/airflow/.local/lib/python3.12/site-packages/airflow/example_dags/example_branch_python_dop_operator_3.py
[2026-07-25T09:30:28.752+0000] {logging_mixin.py:190} INFO - [2026-07-25T09:30:28.752+0000] {dag.py:3239} INFO - Sync 1 DAGs
[2026-07-25T09:30:28.769+0000] {logging_mixin.py:190} INFO - [2026-07-25T09:30:28.768+0000] {dag.py:4180} INFO - Setting next_dagrun for example_branch_dop_operator_v3 to 2026-07-25 09:29:00+00:00, run_after=2026-07-25 09:30:00+00:00
[2026-07-25T09:30:28.784+0000] {processor.py:208} INFO - Processing /home/airflow/.local/lib/python3.12/site-packages/airflow/example_dags/example_branch_python_dop_operator_3.py took 0.062 seconds
