[2026-07-25T09:06:13.529+0000] {processor.py:186} INFO - Started process (PID=79) to work on /home/airflow/.local/lib/python3.12/site-packages/airflow/example_dags/example_dataset_alias.py
[2026-07-25T09:06:13.529+0000] {processor.py:914} INFO - Processing file /home/airflow/.local/lib/python3.12/site-packages/airflow/example_dags/example_dataset_alias.py for tasks to queue
[2026-07-25T09:06:13.531+0000] {logging_mixin.py:190} INFO - [2026-07-25T09:06:13.531+0000] {dagbag.py:588} INFO - Filling up the DagBag from /home/airflow/.local/lib/python3.12/site-packages/airflow/example_dags/example_dataset_alias.py
[2026-07-25T09:06:18.824+0000] {processor.py:925} INFO - DAG(s) 'dataset_alias_example_alias_producer', 'dataset_s3_bucket_consumer', 'dataset_s3_bucket_producer', 'dataset_alias_example_alias_consumer' retrieved from /home/airflow/.local/lib/python3.12/site-packages/airflow/example_dags/example_dataset_alias.py
[2026-07-25T09:06:18.877+0000] {logging_mixin.py:190} INFO - [2026-07-25T09:06:18.877+0000] {override.py:1932} INFO - Created Permission View: can edit on DAG:dataset_alias_example_alias_producer
[2026-07-25T09:06:18.887+0000] {logging_mixin.py:190} INFO - [2026-07-25T09:06:18.887+0000] {override.py:1932} INFO - Created Permission View: can read on DAG:dataset_alias_example_alias_producer
[2026-07-25T09:06:18.895+0000] {logging_mixin.py:190} INFO - [2026-07-25T09:06:18.895+0000] {override.py:1932} INFO - Created Permission View: can delete on DAG:dataset_alias_example_alias_producer
[2026-07-25T09:06:18.904+0000] {logging_mixin.py:190} INFO - [2026-07-25T09:06:18.904+0000] {override.py:1932} INFO - Created Permission View: can create on DAG Run:dataset_alias_example_alias_producer
[2026-07-25T09:06:18.911+0000] {logging_mixin.py:190} INFO - [2026-07-25T09:06:18.911+0000] {override.py:1932} INFO - Created Permission View: can read on DAG Run:dataset_alias_example_alias_producer
[2026-07-25T09:06:18.916+0000] {logging_mixin.py:190} INFO - [2026-07-25T09:06:18.916+0000] {override.py:1932} INFO - Created Permission View: can delete on DAG Run:dataset_alias_example_alias_producer
[2026-07-25T09:06:18.921+0000] {logging_mixin.py:190} INFO - [2026-07-25T09:06:18.921+0000] {override.py:1932} INFO - Created Permission View: menu access on DAG Run:dataset_alias_example_alias_producer
[2026-07-25T09:06:18.930+0000] {logging_mixin.py:190} INFO - [2026-07-25T09:06:18.930+0000] {override.py:1932} INFO - Created Permission View: can edit on DAG:dataset_s3_bucket_consumer
[2026-07-25T09:06:18.935+0000] {logging_mixin.py:190} INFO - [2026-07-25T09:06:18.935+0000] {override.py:1932} INFO - Created Permission View: can read on DAG:dataset_s3_bucket_consumer
[2026-07-25T09:06:18.940+0000] {logging_mixin.py:190} INFO - [2026-07-25T09:06:18.940+0000] {override.py:1932} INFO - Created Permission View: can delete on DAG:dataset_s3_bucket_consumer
[2026-07-25T09:06:18.946+0000] {logging_mixin.py:190} INFO - [2026-07-25T09:06:18.946+0000] {override.py:1932} INFO - Created Permission View: can create on DAG Run:dataset_s3_bucket_consumer
[2026-07-25T09:06:18.951+0000] {logging_mixin.py:190} INFO - [2026-07-25T09:06:18.951+0000] {override.py:1932} INFO - Created Permission View: can read on DAG Run:dataset_s3_bucket_consumer
[2026-07-25T09:06:18.956+0000] {logging_mixin.py:190} INFO - [2026-07-25T09:06:18.956+0000] {override.py:1932} INFO - Created Permission View: can delete on DAG Run:dataset_s3_bucket_consumer
[2026-07-25T09:06:18.961+0000] {logging_mixin.py:190} INFO - [2026-07-25T09:06:18.960+0000] {override.py:1932} INFO - Created Permission View: menu access on DAG Run:dataset_s3_bucket_consumer
[2026-07-25T09:06:18.969+0000] {logging_mixin.py:190} INFO - [2026-07-25T09:06:18.969+0000] {override.py:1932} INFO - Created Permission View: can edit on DAG:dataset_s3_bucket_producer
[2026-07-25T09:06:18.975+0000] {logging_mixin.py:190} INFO - [2026-07-25T09:06:18.975+0000] {override.py:1932} INFO - Created Permission View: can read on DAG:dataset_s3_bucket_producer
[2026-07-25T09:06:18.983+0000] {logging_mixin.py:190} INFO - [2026-07-25T09:06:18.983+0000] {override.py:1932} INFO - Created Permission View: can delete on DAG:dataset_s3_bucket_producer
[2026-07-25T09:06:18.991+0000] {logging_mixin.py:190} INFO - [2026-07-25T09:06:18.991+0000] {override.py:1932} INFO - Created Permission View: can create on DAG Run:dataset_s3_bucket_producer
[2026-07-25T09:06:18.996+0000] {logging_mixin.py:190} INFO - [2026-07-25T09:06:18.996+0000] {override.py:1932} INFO - Created Permission View: can read on DAG Run:dataset_s3_bucket_producer
[2026-07-25T09:06:19.000+0000] {logging_mixin.py:190} INFO - [2026-07-25T09:06:19.000+0000] {override.py:1932} INFO - Created Permission View: can delete on DAG Run:dataset_s3_bucket_producer
[2026-07-25T09:06:19.007+0000] {logging_mixin.py:190} INFO - [2026-07-25T09:06:19.007+0000] {override.py:1932} INFO - Created Permission View: menu access on DAG Run:dataset_s3_bucket_producer
[2026-07-25T09:06:19.017+0000] {logging_mixin.py:190} INFO - [2026-07-25T09:06:19.017+0000] {override.py:1932} INFO - Created Permission View: can edit on DAG:dataset_alias_example_alias_consumer
[2026-07-25T09:06:19.023+0000] {logging_mixin.py:190} INFO - [2026-07-25T09:06:19.023+0000] {override.py:1932} INFO - Created Permission View: can read on DAG:dataset_alias_example_alias_consumer
[2026-07-25T09:06:19.028+0000] {logging_mixin.py:190} INFO - [2026-07-25T09:06:19.028+0000] {override.py:1932} INFO - Created Permission View: can delete on DAG:dataset_alias_example_alias_consumer
[2026-07-25T09:06:19.035+0000] {logging_mixin.py:190} INFO - [2026-07-25T09:06:19.035+0000] {override.py:1932} INFO - Created Permission View: can create on DAG Run:dataset_alias_example_alias_consumer
[2026-07-25T09:06:19.039+0000] {logging_mixin.py:190} INFO - [2026-07-25T09:06:19.039+0000] {override.py:1932} INFO - Created Permission View: can read on DAG Run:dataset_alias_example_alias_consumer
[2026-07-25T09:06:19.045+0000] {logging_mixin.py:190} INFO - [2026-07-25T09:06:19.044+0000] {override.py:1932} INFO - Created Permission View: can delete on DAG Run:dataset_alias_example_alias_consumer
[2026-07-25T09:06:19.050+0000] {logging_mixin.py:190} INFO - [2026-07-25T09:06:19.050+0000] {override.py:1932} INFO - Created Permission View: menu access on DAG Run:dataset_alias_example_alias_consumer
[2026-07-25T09:06:19.051+0000] {logging_mixin.py:190} INFO - [2026-07-25T09:06:19.051+0000] {dag.py:3239} INFO - Sync 4 DAGs
[2026-07-25T09:06:19.058+0000] {logging_mixin.py:190} INFO - [2026-07-25T09:06:19.058+0000] {dag.py:3262} INFO - Creating ORM DAG for dataset_s3_bucket_producer
[2026-07-25T09:06:19.059+0000] {logging_mixin.py:190} INFO - [2026-07-25T09:06:19.059+0000] {dag.py:3262} INFO - Creating ORM DAG for dataset_alias_example_alias_consumer
[2026-07-25T09:06:19.059+0000] {logging_mixin.py:190} INFO - [2026-07-25T09:06:19.059+0000] {dag.py:3262} INFO - Creating ORM DAG for dataset_alias_example_alias_producer
[2026-07-25T09:06:19.060+0000] {logging_mixin.py:190} INFO - [2026-07-25T09:06:19.060+0000] {dag.py:3262} INFO - Creating ORM DAG for dataset_s3_bucket_consumer
[2026-07-25T09:06:19.065+0000] {logging_mixin.py:190} INFO - [2026-07-25T09:06:19.065+0000] {dag.py:4180} INFO - Setting next_dagrun for dataset_alias_example_alias_consumer to None, run_after=None
[2026-07-25T09:06:19.066+0000] {logging_mixin.py:190} INFO - [2026-07-25T09:06:19.065+0000] {dag.py:4180} INFO - Setting next_dagrun for dataset_alias_example_alias_producer to None, run_after=None
[2026-07-25T09:06:19.066+0000] {logging_mixin.py:190} INFO - [2026-07-25T09:06:19.066+0000] {dag.py:4180} INFO - Setting next_dagrun for dataset_s3_bucket_consumer to None, run_after=None
[2026-07-25T09:06:19.067+0000] {logging_mixin.py:190} INFO - [2026-07-25T09:06:19.067+0000] {dag.py:4180} INFO - Setting next_dagrun for dataset_s3_bucket_producer to None, run_after=None
[2026-07-25T09:06:19.085+0000] {processor.py:208} INFO - Processing /home/airflow/.local/lib/python3.12/site-packages/airflow/example_dags/example_dataset_alias.py took 5.560 seconds
[2026-07-25T09:06:49.969+0000] {processor.py:186} INFO - Started process (PID=154) to work on /home/airflow/.local/lib/python3.12/site-packages/airflow/example_dags/example_dataset_alias.py
[2026-07-25T09:06:49.970+0000] {processor.py:914} INFO - Processing file /home/airflow/.local/lib/python3.12/site-packages/airflow/example_dags/example_dataset_alias.py for tasks to queue
[2026-07-25T09:06:49.972+0000] {logging_mixin.py:190} INFO - [2026-07-25T09:06:49.972+0000] {dagbag.py:588} INFO - Filling up the DagBag from /home/airflow/.local/lib/python3.12/site-packages/airflow/example_dags/example_dataset_alias.py
[2026-07-25T09:06:54.027+0000] {processor.py:925} INFO - DAG(s) 'dataset_s3_bucket_consumer', 'dataset_alias_example_alias_consumer', 'dataset_s3_bucket_producer', 'dataset_alias_example_alias_producer' retrieved from /home/airflow/.local/lib/python3.12/site-packages/airflow/example_dags/example_dataset_alias.py
[2026-07-25T09:06:54.039+0000] {logging_mixin.py:190} INFO - [2026-07-25T09:06:54.038+0000] {dag.py:3239} INFO - Sync 4 DAGs
[2026-07-25T09:06:54.052+0000] {logging_mixin.py:190} INFO - [2026-07-25T09:06:54.052+0000] {dag.py:4180} INFO - Setting next_dagrun for dataset_alias_example_alias_consumer to None, run_after=None
[2026-07-25T09:06:54.054+0000] {logging_mixin.py:190} INFO - [2026-07-25T09:06:54.054+0000] {dag.py:4180} INFO - Setting next_dagrun for dataset_alias_example_alias_producer to None, run_after=None
[2026-07-25T09:06:54.055+0000] {logging_mixin.py:190} INFO - [2026-07-25T09:06:54.055+0000] {dag.py:4180} INFO - Setting next_dagrun for dataset_s3_bucket_consumer to None, run_after=None
[2026-07-25T09:06:54.056+0000] {logging_mixin.py:190} INFO - [2026-07-25T09:06:54.056+0000] {dag.py:4180} INFO - Setting next_dagrun for dataset_s3_bucket_producer to None, run_after=None
[2026-07-25T09:06:54.069+0000] {processor.py:208} INFO - Processing /home/airflow/.local/lib/python3.12/site-packages/airflow/example_dags/example_dataset_alias.py took 4.104 seconds
[2026-07-25T09:07:24.352+0000] {processor.py:186} INFO - Started process (PID=221) to work on /home/airflow/.local/lib/python3.12/site-packages/airflow/example_dags/example_dataset_alias.py
[2026-07-25T09:07:24.353+0000] {processor.py:914} INFO - Processing file /home/airflow/.local/lib/python3.12/site-packages/airflow/example_dags/example_dataset_alias.py for tasks to queue
[2026-07-25T09:07:24.355+0000] {logging_mixin.py:190} INFO - [2026-07-25T09:07:24.354+0000] {dagbag.py:588} INFO - Filling up the DagBag from /home/airflow/.local/lib/python3.12/site-packages/airflow/example_dags/example_dataset_alias.py
[2026-07-25T09:07:28.778+0000] {processor.py:925} INFO - DAG(s) 'dataset_alias_example_alias_consumer', 'dataset_s3_bucket_producer', 'dataset_s3_bucket_consumer', 'dataset_alias_example_alias_producer' retrieved from /home/airflow/.local/lib/python3.12/site-packages/airflow/example_dags/example_dataset_alias.py
[2026-07-25T09:07:28.790+0000] {logging_mixin.py:190} INFO - [2026-07-25T09:07:28.789+0000] {dag.py:3239} INFO - Sync 4 DAGs
[2026-07-25T09:07:28.801+0000] {logging_mixin.py:190} INFO - [2026-07-25T09:07:28.801+0000] {dag.py:4180} INFO - Setting next_dagrun for dataset_alias_example_alias_consumer to None, run_after=None
[2026-07-25T09:07:28.803+0000] {logging_mixin.py:190} INFO - [2026-07-25T09:07:28.802+0000] {dag.py:4180} INFO - Setting next_dagrun for dataset_alias_example_alias_producer to None, run_after=None
[2026-07-25T09:07:28.804+0000] {logging_mixin.py:190} INFO - [2026-07-25T09:07:28.804+0000] {dag.py:4180} INFO - Setting next_dagrun for dataset_s3_bucket_consumer to None, run_after=None
[2026-07-25T09:07:28.805+0000] {logging_mixin.py:190} INFO - [2026-07-25T09:07:28.805+0000] {dag.py:4180} INFO - Setting next_dagrun for dataset_s3_bucket_producer to None, run_after=None
[2026-07-25T09:07:28.819+0000] {processor.py:208} INFO - Processing /home/airflow/.local/lib/python3.12/site-packages/airflow/example_dags/example_dataset_alias.py took 4.471 seconds
[2026-07-25T09:07:58.852+0000] {processor.py:186} INFO - Started process (PID=287) to work on /home/airflow/.local/lib/python3.12/site-packages/airflow/example_dags/example_dataset_alias.py
[2026-07-25T09:07:58.853+0000] {processor.py:914} INFO - Processing file /home/airflow/.local/lib/python3.12/site-packages/airflow/example_dags/example_dataset_alias.py for tasks to queue
[2026-07-25T09:07:58.855+0000] {logging_mixin.py:190} INFO - [2026-07-25T09:07:58.855+0000] {dagbag.py:588} INFO - Filling up the DagBag from /home/airflow/.local/lib/python3.12/site-packages/airflow/example_dags/example_dataset_alias.py
[2026-07-25T09:08:03.228+0000] {processor.py:925} INFO - DAG(s) 'dataset_alias_example_alias_consumer', 'dataset_alias_example_alias_producer', 'dataset_s3_bucket_consumer', 'dataset_s3_bucket_producer' retrieved from /home/airflow/.local/lib/python3.12/site-packages/airflow/example_dags/example_dataset_alias.py
[2026-07-25T09:08:03.239+0000] {logging_mixin.py:190} INFO - [2026-07-25T09:08:03.238+0000] {dag.py:3239} INFO - Sync 4 DAGs
[2026-07-25T09:08:03.250+0000] {logging_mixin.py:190} INFO - [2026-07-25T09:08:03.250+0000] {dag.py:4180} INFO - Setting next_dagrun for dataset_alias_example_alias_consumer to None, run_after=None
[2026-07-25T09:08:03.252+0000] {logging_mixin.py:190} INFO - [2026-07-25T09:08:03.252+0000] {dag.py:4180} INFO - Setting next_dagrun for dataset_alias_example_alias_producer to None, run_after=None
[2026-07-25T09:08:03.253+0000] {logging_mixin.py:190} INFO - [2026-07-25T09:08:03.253+0000] {dag.py:4180} INFO - Setting next_dagrun for dataset_s3_bucket_consumer to None, run_after=None
[2026-07-25T09:08:03.254+0000] {logging_mixin.py:190} INFO - [2026-07-25T09:08:03.254+0000] {dag.py:4180} INFO - Setting next_dagrun for dataset_s3_bucket_producer to None, run_after=None
[2026-07-25T09:08:03.266+0000] {processor.py:208} INFO - Processing /home/airflow/.local/lib/python3.12/site-packages/airflow/example_dags/example_dataset_alias.py took 4.419 seconds
[2026-07-25T09:08:33.657+0000] {processor.py:186} INFO - Started process (PID=361) to work on /home/airflow/.local/lib/python3.12/site-packages/airflow/example_dags/example_dataset_alias.py
[2026-07-25T09:08:33.658+0000] {processor.py:914} INFO - Processing file /home/airflow/.local/lib/python3.12/site-packages/airflow/example_dags/example_dataset_alias.py for tasks to queue
[2026-07-25T09:08:33.660+0000] {logging_mixin.py:190} INFO - [2026-07-25T09:08:33.659+0000] {dagbag.py:588} INFO - Filling up the DagBag from /home/airflow/.local/lib/python3.12/site-packages/airflow/example_dags/example_dataset_alias.py
[2026-07-25T09:08:38.129+0000] {processor.py:925} INFO - DAG(s) 'dataset_s3_bucket_consumer', 'dataset_s3_bucket_producer', 'dataset_alias_example_alias_consumer', 'dataset_alias_example_alias_producer' retrieved from /home/airflow/.local/lib/python3.12/site-packages/airflow/example_dags/example_dataset_alias.py
[2026-07-25T09:08:38.142+0000] {logging_mixin.py:190} INFO - [2026-07-25T09:08:38.141+0000] {dag.py:3239} INFO - Sync 4 DAGs
[2026-07-25T09:08:38.154+0000] {logging_mixin.py:190} INFO - [2026-07-25T09:08:38.154+0000] {dag.py:4180} INFO - Setting next_dagrun for dataset_alias_example_alias_consumer to None, run_after=None
[2026-07-25T09:08:38.155+0000] {logging_mixin.py:190} INFO - [2026-07-25T09:08:38.155+0000] {dag.py:4180} INFO - Setting next_dagrun for dataset_alias_example_alias_producer to None, run_after=None
[2026-07-25T09:08:38.156+0000] {logging_mixin.py:190} INFO - [2026-07-25T09:08:38.156+0000] {dag.py:4180} INFO - Setting next_dagrun for dataset_s3_bucket_consumer to None, run_after=None
[2026-07-25T09:08:38.157+0000] {logging_mixin.py:190} INFO - [2026-07-25T09:08:38.157+0000] {dag.py:4180} INFO - Setting next_dagrun for dataset_s3_bucket_producer to None, run_after=None
[2026-07-25T09:08:38.170+0000] {processor.py:208} INFO - Processing /home/airflow/.local/lib/python3.12/site-packages/airflow/example_dags/example_dataset_alias.py took 4.516 seconds
[2026-07-25T09:09:08.217+0000] {processor.py:186} INFO - Started process (PID=426) to work on /home/airflow/.local/lib/python3.12/site-packages/airflow/example_dags/example_dataset_alias.py
[2026-07-25T09:09:08.217+0000] {processor.py:914} INFO - Processing file /home/airflow/.local/lib/python3.12/site-packages/airflow/example_dags/example_dataset_alias.py for tasks to queue
[2026-07-25T09:09:08.219+0000] {logging_mixin.py:190} INFO - [2026-07-25T09:09:08.219+0000] {dagbag.py:588} INFO - Filling up the DagBag from /home/airflow/.local/lib/python3.12/site-packages/airflow/example_dags/example_dataset_alias.py
[2026-07-25T09:09:12.558+0000] {processor.py:925} INFO - DAG(s) 'dataset_s3_bucket_producer', 'dataset_alias_example_alias_producer', 'dataset_alias_example_alias_consumer', 'dataset_s3_bucket_consumer' retrieved from /home/airflow/.local/lib/python3.12/site-packages/airflow/example_dags/example_dataset_alias.py
[2026-07-25T09:09:12.568+0000] {logging_mixin.py:190} INFO - [2026-07-25T09:09:12.568+0000] {dag.py:3239} INFO - Sync 4 DAGs
[2026-07-25T09:09:12.579+0000] {logging_mixin.py:190} INFO - [2026-07-25T09:09:12.579+0000] {dag.py:4180} INFO - Setting next_dagrun for dataset_alias_example_alias_consumer to None, run_after=None
[2026-07-25T09:09:12.581+0000] {logging_mixin.py:190} INFO - [2026-07-25T09:09:12.581+0000] {dag.py:4180} INFO - Setting next_dagrun for dataset_alias_example_alias_producer to None, run_after=None
[2026-07-25T09:09:12.582+0000] {logging_mixin.py:190} INFO - [2026-07-25T09:09:12.582+0000] {dag.py:4180} INFO - Setting next_dagrun for dataset_s3_bucket_consumer to None, run_after=None
[2026-07-25T09:09:12.583+0000] {logging_mixin.py:190} INFO - [2026-07-25T09:09:12.583+0000] {dag.py:4180} INFO - Setting next_dagrun for dataset_s3_bucket_producer to None, run_after=None
[2026-07-25T09:09:12.596+0000] {processor.py:208} INFO - Processing /home/airflow/.local/lib/python3.12/site-packages/airflow/example_dags/example_dataset_alias.py took 4.383 seconds
[2026-07-25T09:09:42.646+0000] {processor.py:186} INFO - Started process (PID=489) to work on /home/airflow/.local/lib/python3.12/site-packages/airflow/example_dags/example_dataset_alias.py
[2026-07-25T09:09:42.647+0000] {processor.py:914} INFO - Processing file /home/airflow/.local/lib/python3.12/site-packages/airflow/example_dags/example_dataset_alias.py for tasks to queue
[2026-07-25T09:09:42.649+0000] {logging_mixin.py:190} INFO - [2026-07-25T09:09:42.649+0000] {dagbag.py:588} INFO - Filling up the DagBag from /home/airflow/.local/lib/python3.12/site-packages/airflow/example_dags/example_dataset_alias.py
[2026-07-25T09:09:46.711+0000] {processor.py:925} INFO - DAG(s) 'dataset_alias_example_alias_consumer', 'dataset_s3_bucket_producer', 'dataset_s3_bucket_consumer', 'dataset_alias_example_alias_producer' retrieved from /home/airflow/.local/lib/python3.12/site-packages/airflow/example_dags/example_dataset_alias.py
[2026-07-25T09:09:46.722+0000] {logging_mixin.py:190} INFO - [2026-07-25T09:09:46.721+0000] {dag.py:3239} INFO - Sync 4 DAGs
[2026-07-25T09:09:46.733+0000] {logging_mixin.py:190} INFO - [2026-07-25T09:09:46.732+0000] {dag.py:4180} INFO - Setting next_dagrun for dataset_alias_example_alias_consumer to None, run_after=None
[2026-07-25T09:09:46.734+0000] {logging_mixin.py:190} INFO - [2026-07-25T09:09:46.734+0000] {dag.py:4180} INFO - Setting next_dagrun for dataset_alias_example_alias_producer to None, run_after=None
[2026-07-25T09:09:46.735+0000] {logging_mixin.py:190} INFO - [2026-07-25T09:09:46.735+0000] {dag.py:4180} INFO - Setting next_dagrun for dataset_s3_bucket_consumer to None, run_after=None
[2026-07-25T09:09:46.736+0000] {logging_mixin.py:190} INFO - [2026-07-25T09:09:46.736+0000] {dag.py:4180} INFO - Setting next_dagrun for dataset_s3_bucket_producer to None, run_after=None
[2026-07-25T09:09:46.749+0000] {processor.py:208} INFO - Processing /home/airflow/.local/lib/python3.12/site-packages/airflow/example_dags/example_dataset_alias.py took 4.106 seconds
[2026-07-25T09:10:16.963+0000] {processor.py:186} INFO - Started process (PID=568) to work on /home/airflow/.local/lib/python3.12/site-packages/airflow/example_dags/example_dataset_alias.py
[2026-07-25T09:10:16.964+0000] {processor.py:914} INFO - Processing file /home/airflow/.local/lib/python3.12/site-packages/airflow/example_dags/example_dataset_alias.py for tasks to queue
[2026-07-25T09:10:16.966+0000] {logging_mixin.py:190} INFO - [2026-07-25T09:10:16.966+0000] {dagbag.py:588} INFO - Filling up the DagBag from /home/airflow/.local/lib/python3.12/site-packages/airflow/example_dags/example_dataset_alias.py
[2026-07-25T09:10:21.445+0000] {processor.py:925} INFO - DAG(s) 'dataset_s3_bucket_producer', 'dataset_s3_bucket_consumer', 'dataset_alias_example_alias_producer', 'dataset_alias_example_alias_consumer' retrieved from /home/airflow/.local/lib/python3.12/site-packages/airflow/example_dags/example_dataset_alias.py
[2026-07-25T09:10:21.457+0000] {logging_mixin.py:190} INFO - [2026-07-25T09:10:21.456+0000] {dag.py:3239} INFO - Sync 4 DAGs
[2026-07-25T09:10:21.470+0000] {logging_mixin.py:190} INFO - [2026-07-25T09:10:21.470+0000] {dag.py:4180} INFO - Setting next_dagrun for dataset_alias_example_alias_consumer to None, run_after=None
[2026-07-25T09:10:21.472+0000] {logging_mixin.py:190} INFO - [2026-07-25T09:10:21.472+0000] {dag.py:4180} INFO - Setting next_dagrun for dataset_alias_example_alias_producer to None, run_after=None
[2026-07-25T09:10:21.473+0000] {logging_mixin.py:190} INFO - [2026-07-25T09:10:21.473+0000] {dag.py:4180} INFO - Setting next_dagrun for dataset_s3_bucket_consumer to None, run_after=None
[2026-07-25T09:10:21.474+0000] {logging_mixin.py:190} INFO - [2026-07-25T09:10:21.474+0000] {dag.py:4180} INFO - Setting next_dagrun for dataset_s3_bucket_producer to None, run_after=None
[2026-07-25T09:10:21.487+0000] {processor.py:208} INFO - Processing /home/airflow/.local/lib/python3.12/site-packages/airflow/example_dags/example_dataset_alias.py took 4.527 seconds
[2026-07-25T09:10:51.736+0000] {processor.py:186} INFO - Started process (PID=645) to work on /home/airflow/.local/lib/python3.12/site-packages/airflow/example_dags/example_dataset_alias.py
[2026-07-25T09:10:51.737+0000] {processor.py:914} INFO - Processing file /home/airflow/.local/lib/python3.12/site-packages/airflow/example_dags/example_dataset_alias.py for tasks to queue
[2026-07-25T09:10:51.739+0000] {logging_mixin.py:190} INFO - [2026-07-25T09:10:51.739+0000] {dagbag.py:588} INFO - Filling up the DagBag from /home/airflow/.local/lib/python3.12/site-packages/airflow/example_dags/example_dataset_alias.py
[2026-07-25T09:10:56.048+0000] {processor.py:925} INFO - DAG(s) 'dataset_alias_example_alias_producer', 'dataset_alias_example_alias_consumer', 'dataset_s3_bucket_consumer', 'dataset_s3_bucket_producer' retrieved from /home/airflow/.local/lib/python3.12/site-packages/airflow/example_dags/example_dataset_alias.py
[2026-07-25T09:10:56.058+0000] {logging_mixin.py:190} INFO - [2026-07-25T09:10:56.058+0000] {dag.py:3239} INFO - Sync 4 DAGs
[2026-07-25T09:10:56.070+0000] {logging_mixin.py:190} INFO - [2026-07-25T09:10:56.069+0000] {dag.py:4180} INFO - Setting next_dagrun for dataset_alias_example_alias_consumer to None, run_after=None
[2026-07-25T09:10:56.071+0000] {logging_mixin.py:190} INFO - [2026-07-25T09:10:56.071+0000] {dag.py:4180} INFO - Setting next_dagrun for dataset_alias_example_alias_producer to None, run_after=None
[2026-07-25T09:10:56.072+0000] {logging_mixin.py:190} INFO - [2026-07-25T09:10:56.072+0000] {dag.py:4180} INFO - Setting next_dagrun for dataset_s3_bucket_consumer to None, run_after=None
[2026-07-25T09:10:56.073+0000] {logging_mixin.py:190} INFO - [2026-07-25T09:10:56.073+0000] {dag.py:4180} INFO - Setting next_dagrun for dataset_s3_bucket_producer to None, run_after=None
[2026-07-25T09:10:56.085+0000] {processor.py:208} INFO - Processing /home/airflow/.local/lib/python3.12/site-packages/airflow/example_dags/example_dataset_alias.py took 4.352 seconds
[2026-07-25T09:11:26.939+0000] {processor.py:186} INFO - Started process (PID=713) to work on /home/airflow/.local/lib/python3.12/site-packages/airflow/example_dags/example_dataset_alias.py
[2026-07-25T09:11:26.940+0000] {processor.py:914} INFO - Processing file /home/airflow/.local/lib/python3.12/site-packages/airflow/example_dags/example_dataset_alias.py for tasks to queue
[2026-07-25T09:11:26.942+0000] {logging_mixin.py:190} INFO - [2026-07-25T09:11:26.941+0000] {dagbag.py:588} INFO - Filling up the DagBag from /home/airflow/.local/lib/python3.12/site-packages/airflow/example_dags/example_dataset_alias.py
[2026-07-25T09:11:31.097+0000] {processor.py:925} INFO - DAG(s) 'dataset_s3_bucket_producer', 'dataset_s3_bucket_consumer', 'dataset_alias_example_alias_producer', 'dataset_alias_example_alias_consumer' retrieved from /home/airflow/.local/lib/python3.12/site-packages/airflow/example_dags/example_dataset_alias.py
[2026-07-25T09:11:31.107+0000] {logging_mixin.py:190} INFO - [2026-07-25T09:11:31.107+0000] {dag.py:3239} INFO - Sync 4 DAGs
[2026-07-25T09:11:31.118+0000] {logging_mixin.py:190} INFO - [2026-07-25T09:11:31.118+0000] {dag.py:4180} INFO - Setting next_dagrun for dataset_alias_example_alias_consumer to None, run_after=None
[2026-07-25T09:11:31.120+0000] {logging_mixin.py:190} INFO - [2026-07-25T09:11:31.120+0000] {dag.py:4180} INFO - Setting next_dagrun for dataset_alias_example_alias_producer to None, run_after=None
[2026-07-25T09:11:31.121+0000] {logging_mixin.py:190} INFO - [2026-07-25T09:11:31.121+0000] {dag.py:4180} INFO - Setting next_dagrun for dataset_s3_bucket_consumer to None, run_after=None
[2026-07-25T09:11:31.122+0000] {logging_mixin.py:190} INFO - [2026-07-25T09:11:31.122+0000] {dag.py:4180} INFO - Setting next_dagrun for dataset_s3_bucket_producer to None, run_after=None
[2026-07-25T09:11:31.134+0000] {processor.py:208} INFO - Processing /home/airflow/.local/lib/python3.12/site-packages/airflow/example_dags/example_dataset_alias.py took 4.200 seconds
[2026-07-25T09:12:01.605+0000] {processor.py:186} INFO - Started process (PID=780) to work on /home/airflow/.local/lib/python3.12/site-packages/airflow/example_dags/example_dataset_alias.py
[2026-07-25T09:12:01.606+0000] {processor.py:914} INFO - Processing file /home/airflow/.local/lib/python3.12/site-packages/airflow/example_dags/example_dataset_alias.py for tasks to queue
[2026-07-25T09:12:01.608+0000] {logging_mixin.py:190} INFO - [2026-07-25T09:12:01.608+0000] {dagbag.py:588} INFO - Filling up the DagBag from /home/airflow/.local/lib/python3.12/site-packages/airflow/example_dags/example_dataset_alias.py
[2026-07-25T09:12:06.128+0000] {processor.py:925} INFO - DAG(s) 'dataset_alias_example_alias_producer', 'dataset_alias_example_alias_consumer', 'dataset_s3_bucket_producer', 'dataset_s3_bucket_consumer' retrieved from /home/airflow/.local/lib/python3.12/site-packages/airflow/example_dags/example_dataset_alias.py
[2026-07-25T09:12:06.140+0000] {logging_mixin.py:190} INFO - [2026-07-25T09:12:06.140+0000] {dag.py:3239} INFO - Sync 4 DAGs
[2026-07-25T09:12:06.152+0000] {logging_mixin.py:190} INFO - [2026-07-25T09:12:06.152+0000] {dag.py:4180} INFO - Setting next_dagrun for dataset_alias_example_alias_consumer to None, run_after=None
[2026-07-25T09:12:06.154+0000] {logging_mixin.py:190} INFO - [2026-07-25T09:12:06.154+0000] {dag.py:4180} INFO - Setting next_dagrun for dataset_alias_example_alias_producer to None, run_after=None
[2026-07-25T09:12:06.155+0000] {logging_mixin.py:190} INFO - [2026-07-25T09:12:06.155+0000] {dag.py:4180} INFO - Setting next_dagrun for dataset_s3_bucket_consumer to None, run_after=None
[2026-07-25T09:12:06.157+0000] {logging_mixin.py:190} INFO - [2026-07-25T09:12:06.157+0000] {dag.py:4180} INFO - Setting next_dagrun for dataset_s3_bucket_producer to None, run_after=None
[2026-07-25T09:12:06.177+0000] {processor.py:208} INFO - Processing /home/airflow/.local/lib/python3.12/site-packages/airflow/example_dags/example_dataset_alias.py took 4.577 seconds
[2026-07-25T09:12:36.673+0000] {processor.py:186} INFO - Started process (PID=850) to work on /home/airflow/.local/lib/python3.12/site-packages/airflow/example_dags/example_dataset_alias.py
[2026-07-25T09:12:36.674+0000] {processor.py:914} INFO - Processing file /home/airflow/.local/lib/python3.12/site-packages/airflow/example_dags/example_dataset_alias.py for tasks to queue
[2026-07-25T09:12:36.676+0000] {logging_mixin.py:190} INFO - [2026-07-25T09:12:36.676+0000] {dagbag.py:588} INFO - Filling up the DagBag from /home/airflow/.local/lib/python3.12/site-packages/airflow/example_dags/example_dataset_alias.py
[2026-07-25T09:12:41.069+0000] {processor.py:925} INFO - DAG(s) 'dataset_s3_bucket_consumer', 'dataset_alias_example_alias_producer', 'dataset_s3_bucket_producer', 'dataset_alias_example_alias_consumer' retrieved from /home/airflow/.local/lib/python3.12/site-packages/airflow/example_dags/example_dataset_alias.py
[2026-07-25T09:12:41.080+0000] {logging_mixin.py:190} INFO - [2026-07-25T09:12:41.080+0000] {dag.py:3239} INFO - Sync 4 DAGs
[2026-07-25T09:12:41.092+0000] {logging_mixin.py:190} INFO - [2026-07-25T09:12:41.092+0000] {dag.py:4180} INFO - Setting next_dagrun for dataset_alias_example_alias_consumer to None, run_after=None
[2026-07-25T09:12:41.094+0000] {logging_mixin.py:190} INFO - [2026-07-25T09:12:41.094+0000] {dag.py:4180} INFO - Setting next_dagrun for dataset_alias_example_alias_producer to None, run_after=None
[2026-07-25T09:12:41.095+0000] {logging_mixin.py:190} INFO - [2026-07-25T09:12:41.095+0000] {dag.py:4180} INFO - Setting next_dagrun for dataset_s3_bucket_consumer to None, run_after=None
[2026-07-25T09:12:41.096+0000] {logging_mixin.py:190} INFO - [2026-07-25T09:12:41.096+0000] {dag.py:4180} INFO - Setting next_dagrun for dataset_s3_bucket_producer to None, run_after=None
[2026-07-25T09:12:41.108+0000] {processor.py:208} INFO - Processing /home/airflow/.local/lib/python3.12/site-packages/airflow/example_dags/example_dataset_alias.py took 4.438 seconds
[2026-07-25T09:13:11.285+0000] {processor.py:186} INFO - Started process (PID=918) to work on /home/airflow/.local/lib/python3.12/site-packages/airflow/example_dags/example_dataset_alias.py
[2026-07-25T09:13:11.286+0000] {processor.py:914} INFO - Processing file /home/airflow/.local/lib/python3.12/site-packages/airflow/example_dags/example_dataset_alias.py for tasks to queue
[2026-07-25T09:13:11.289+0000] {logging_mixin.py:190} INFO - [2026-07-25T09:13:11.288+0000] {dagbag.py:588} INFO - Filling up the DagBag from /home/airflow/.local/lib/python3.12/site-packages/airflow/example_dags/example_dataset_alias.py
[2026-07-25T09:13:15.799+0000] {processor.py:925} INFO - DAG(s) 'dataset_s3_bucket_consumer', 'dataset_s3_bucket_producer', 'dataset_alias_example_alias_producer', 'dataset_alias_example_alias_consumer' retrieved from /home/airflow/.local/lib/python3.12/site-packages/airflow/example_dags/example_dataset_alias.py
[2026-07-25T09:13:15.810+0000] {logging_mixin.py:190} INFO - [2026-07-25T09:13:15.810+0000] {dag.py:3239} INFO - Sync 4 DAGs
[2026-07-25T09:13:15.821+0000] {logging_mixin.py:190} INFO - [2026-07-25T09:13:15.821+0000] {dag.py:4180} INFO - Setting next_dagrun for dataset_alias_example_alias_consumer to None, run_after=None
[2026-07-25T09:13:15.823+0000] {logging_mixin.py:190} INFO - [2026-07-25T09:13:15.823+0000] {dag.py:4180} INFO - Setting next_dagrun for dataset_alias_example_alias_producer to None, run_after=None
[2026-07-25T09:13:15.824+0000] {logging_mixin.py:190} INFO - [2026-07-25T09:13:15.824+0000] {dag.py:4180} INFO - Setting next_dagrun for dataset_s3_bucket_consumer to None, run_after=None
[2026-07-25T09:13:15.825+0000] {logging_mixin.py:190} INFO - [2026-07-25T09:13:15.825+0000] {dag.py:4180} INFO - Setting next_dagrun for dataset_s3_bucket_producer to None, run_after=None
[2026-07-25T09:13:15.838+0000] {processor.py:208} INFO - Processing /home/airflow/.local/lib/python3.12/site-packages/airflow/example_dags/example_dataset_alias.py took 4.557 seconds
[2026-07-25T09:13:46.204+0000] {processor.py:186} INFO - Started process (PID=993) to work on /home/airflow/.local/lib/python3.12/site-packages/airflow/example_dags/example_dataset_alias.py
[2026-07-25T09:13:46.205+0000] {processor.py:914} INFO - Processing file /home/airflow/.local/lib/python3.12/site-packages/airflow/example_dags/example_dataset_alias.py for tasks to queue
[2026-07-25T09:13:46.207+0000] {logging_mixin.py:190} INFO - [2026-07-25T09:13:46.207+0000] {dagbag.py:588} INFO - Filling up the DagBag from /home/airflow/.local/lib/python3.12/site-packages/airflow/example_dags/example_dataset_alias.py
[2026-07-25T09:13:50.633+0000] {processor.py:925} INFO - DAG(s) 'dataset_alias_example_alias_consumer', 'dataset_s3_bucket_consumer', 'dataset_alias_example_alias_producer', 'dataset_s3_bucket_producer' retrieved from /home/airflow/.local/lib/python3.12/site-packages/airflow/example_dags/example_dataset_alias.py
[2026-07-25T09:13:50.644+0000] {logging_mixin.py:190} INFO - [2026-07-25T09:13:50.644+0000] {dag.py:3239} INFO - Sync 4 DAGs
[2026-07-25T09:13:50.656+0000] {logging_mixin.py:190} INFO - [2026-07-25T09:13:50.656+0000] {dag.py:4180} INFO - Setting next_dagrun for dataset_alias_example_alias_consumer to None, run_after=None
[2026-07-25T09:13:50.657+0000] {logging_mixin.py:190} INFO - [2026-07-25T09:13:50.657+0000] {dag.py:4180} INFO - Setting next_dagrun for dataset_alias_example_alias_producer to None, run_after=None
[2026-07-25T09:13:50.658+0000] {logging_mixin.py:190} INFO - [2026-07-25T09:13:50.658+0000] {dag.py:4180} INFO - Setting next_dagrun for dataset_s3_bucket_consumer to None, run_after=None
[2026-07-25T09:13:50.659+0000] {logging_mixin.py:190} INFO - [2026-07-25T09:13:50.659+0000] {dag.py:4180} INFO - Setting next_dagrun for dataset_s3_bucket_producer to None, run_after=None
[2026-07-25T09:13:50.672+0000] {processor.py:208} INFO - Processing /home/airflow/.local/lib/python3.12/site-packages/airflow/example_dags/example_dataset_alias.py took 4.471 seconds
[2026-07-25T09:14:20.773+0000] {processor.py:186} INFO - Started process (PID=1060) to work on /home/airflow/.local/lib/python3.12/site-packages/airflow/example_dags/example_dataset_alias.py
[2026-07-25T09:14:20.774+0000] {processor.py:914} INFO - Processing file /home/airflow/.local/lib/python3.12/site-packages/airflow/example_dags/example_dataset_alias.py for tasks to queue
[2026-07-25T09:14:20.776+0000] {logging_mixin.py:190} INFO - [2026-07-25T09:14:20.776+0000] {dagbag.py:588} INFO - Filling up the DagBag from /home/airflow/.local/lib/python3.12/site-packages/airflow/example_dags/example_dataset_alias.py
[2026-07-25T09:14:25.107+0000] {processor.py:925} INFO - DAG(s) 'dataset_alias_example_alias_consumer', 'dataset_alias_example_alias_producer', 'dataset_s3_bucket_consumer', 'dataset_s3_bucket_producer' retrieved from /home/airflow/.local/lib/python3.12/site-packages/airflow/example_dags/example_dataset_alias.py
[2026-07-25T09:14:25.117+0000] {logging_mixin.py:190} INFO - [2026-07-25T09:14:25.117+0000] {dag.py:3239} INFO - Sync 4 DAGs
[2026-07-25T09:14:25.130+0000] {logging_mixin.py:190} INFO - [2026-07-25T09:14:25.130+0000] {dag.py:4180} INFO - Setting next_dagrun for dataset_alias_example_alias_consumer to None, run_after=None
[2026-07-25T09:14:25.132+0000] {logging_mixin.py:190} INFO - [2026-07-25T09:14:25.132+0000] {dag.py:4180} INFO - Setting next_dagrun for dataset_alias_example_alias_producer to None, run_after=None
[2026-07-25T09:14:25.133+0000] {logging_mixin.py:190} INFO - [2026-07-25T09:14:25.133+0000] {dag.py:4180} INFO - Setting next_dagrun for dataset_s3_bucket_consumer to None, run_after=None
[2026-07-25T09:14:25.134+0000] {logging_mixin.py:190} INFO - [2026-07-25T09:14:25.134+0000] {dag.py:4180} INFO - Setting next_dagrun for dataset_s3_bucket_producer to None, run_after=None
[2026-07-25T09:14:25.145+0000] {processor.py:208} INFO - Processing /home/airflow/.local/lib/python3.12/site-packages/airflow/example_dags/example_dataset_alias.py took 4.375 seconds
[2026-07-25T09:15:33.514+0000] {processor.py:186} INFO - Started process (PID=79) to work on /home/airflow/.local/lib/python3.12/site-packages/airflow/example_dags/example_dataset_alias.py
[2026-07-25T09:15:33.516+0000] {processor.py:914} INFO - Processing file /home/airflow/.local/lib/python3.12/site-packages/airflow/example_dags/example_dataset_alias.py for tasks to queue
[2026-07-25T09:15:33.520+0000] {logging_mixin.py:190} INFO - [2026-07-25T09:15:33.520+0000] {dagbag.py:588} INFO - Filling up the DagBag from /home/airflow/.local/lib/python3.12/site-packages/airflow/example_dags/example_dataset_alias.py
[2026-07-25T09:15:38.905+0000] {processor.py:925} INFO - DAG(s) 'dataset_alias_example_alias_producer', 'dataset_alias_example_alias_consumer', 'dataset_s3_bucket_consumer', 'dataset_s3_bucket_producer' retrieved from /home/airflow/.local/lib/python3.12/site-packages/airflow/example_dags/example_dataset_alias.py
[2026-07-25T09:15:38.919+0000] {logging_mixin.py:190} INFO - [2026-07-25T09:15:38.918+0000] {dag.py:3239} INFO - Sync 4 DAGs
[2026-07-25T09:15:38.933+0000] {logging_mixin.py:190} INFO - [2026-07-25T09:15:38.932+0000] {dag.py:4180} INFO - Setting next_dagrun for dataset_alias_example_alias_consumer to None, run_after=None
[2026-07-25T09:15:38.934+0000] {logging_mixin.py:190} INFO - [2026-07-25T09:15:38.934+0000] {dag.py:4180} INFO - Setting next_dagrun for dataset_alias_example_alias_producer to None, run_after=None
[2026-07-25T09:15:38.936+0000] {logging_mixin.py:190} INFO - [2026-07-25T09:15:38.936+0000] {dag.py:4180} INFO - Setting next_dagrun for dataset_s3_bucket_consumer to None, run_after=None
[2026-07-25T09:15:38.937+0000] {logging_mixin.py:190} INFO - [2026-07-25T09:15:38.937+0000] {dag.py:4180} INFO - Setting next_dagrun for dataset_s3_bucket_producer to None, run_after=None
[2026-07-25T09:15:38.951+0000] {processor.py:208} INFO - Processing /home/airflow/.local/lib/python3.12/site-packages/airflow/example_dags/example_dataset_alias.py took 5.444 seconds
[2026-07-25T09:16:09.889+0000] {processor.py:186} INFO - Started process (PID=154) to work on /home/airflow/.local/lib/python3.12/site-packages/airflow/example_dags/example_dataset_alias.py
[2026-07-25T09:16:09.889+0000] {processor.py:914} INFO - Processing file /home/airflow/.local/lib/python3.12/site-packages/airflow/example_dags/example_dataset_alias.py for tasks to queue
[2026-07-25T09:16:09.891+0000] {logging_mixin.py:190} INFO - [2026-07-25T09:16:09.891+0000] {dagbag.py:588} INFO - Filling up the DagBag from /home/airflow/.local/lib/python3.12/site-packages/airflow/example_dags/example_dataset_alias.py
[2026-07-25T09:16:13.893+0000] {processor.py:925} INFO - DAG(s) 'dataset_s3_bucket_producer', 'dataset_alias_example_alias_consumer', 'dataset_alias_example_alias_producer', 'dataset_s3_bucket_consumer' retrieved from /home/airflow/.local/lib/python3.12/site-packages/airflow/example_dags/example_dataset_alias.py
[2026-07-25T09:16:13.905+0000] {logging_mixin.py:190} INFO - [2026-07-25T09:16:13.904+0000] {dag.py:3239} INFO - Sync 4 DAGs
[2026-07-25T09:16:13.919+0000] {logging_mixin.py:190} INFO - [2026-07-25T09:16:13.919+0000] {dag.py:4180} INFO - Setting next_dagrun for dataset_alias_example_alias_consumer to None, run_after=None
[2026-07-25T09:16:13.920+0000] {logging_mixin.py:190} INFO - [2026-07-25T09:16:13.920+0000] {dag.py:4180} INFO - Setting next_dagrun for dataset_alias_example_alias_producer to None, run_after=None
[2026-07-25T09:16:13.922+0000] {logging_mixin.py:190} INFO - [2026-07-25T09:16:13.921+0000] {dag.py:4180} INFO - Setting next_dagrun for dataset_s3_bucket_consumer to None, run_after=None
[2026-07-25T09:16:13.923+0000] {logging_mixin.py:190} INFO - [2026-07-25T09:16:13.922+0000] {dag.py:4180} INFO - Setting next_dagrun for dataset_s3_bucket_producer to None, run_after=None
[2026-07-25T09:16:13.935+0000] {processor.py:208} INFO - Processing /home/airflow/.local/lib/python3.12/site-packages/airflow/example_dags/example_dataset_alias.py took 4.051 seconds
[2026-07-25T09:16:44.303+0000] {processor.py:186} INFO - Started process (PID=226) to work on /home/airflow/.local/lib/python3.12/site-packages/airflow/example_dags/example_dataset_alias.py
[2026-07-25T09:16:44.304+0000] {processor.py:914} INFO - Processing file /home/airflow/.local/lib/python3.12/site-packages/airflow/example_dags/example_dataset_alias.py for tasks to queue
[2026-07-25T09:16:44.306+0000] {logging_mixin.py:190} INFO - [2026-07-25T09:16:44.306+0000] {dagbag.py:588} INFO - Filling up the DagBag from /home/airflow/.local/lib/python3.12/site-packages/airflow/example_dags/example_dataset_alias.py
[2026-07-25T09:16:48.424+0000] {processor.py:925} INFO - DAG(s) 'dataset_s3_bucket_consumer', 'dataset_alias_example_alias_consumer', 'dataset_s3_bucket_producer', 'dataset_alias_example_alias_producer' retrieved from /home/airflow/.local/lib/python3.12/site-packages/airflow/example_dags/example_dataset_alias.py
[2026-07-25T09:16:48.436+0000] {logging_mixin.py:190} INFO - [2026-07-25T09:16:48.436+0000] {dag.py:3239} INFO - Sync 4 DAGs
[2026-07-25T09:16:48.449+0000] {logging_mixin.py:190} INFO - [2026-07-25T09:16:48.449+0000] {dag.py:4180} INFO - Setting next_dagrun for dataset_alias_example_alias_consumer to None, run_after=None
[2026-07-25T09:16:48.451+0000] {logging_mixin.py:190} INFO - [2026-07-25T09:16:48.451+0000] {dag.py:4180} INFO - Setting next_dagrun for dataset_alias_example_alias_producer to None, run_after=None
[2026-07-25T09:16:48.452+0000] {logging_mixin.py:190} INFO - [2026-07-25T09:16:48.452+0000] {dag.py:4180} INFO - Setting next_dagrun for dataset_s3_bucket_consumer to None, run_after=None
[2026-07-25T09:16:48.453+0000] {logging_mixin.py:190} INFO - [2026-07-25T09:16:48.453+0000] {dag.py:4180} INFO - Setting next_dagrun for dataset_s3_bucket_producer to None, run_after=None
[2026-07-25T09:16:48.466+0000] {processor.py:208} INFO - Processing /home/airflow/.local/lib/python3.12/site-packages/airflow/example_dags/example_dataset_alias.py took 4.168 seconds
[2026-07-25T09:17:19.002+0000] {processor.py:186} INFO - Started process (PID=293) to work on /home/airflow/.local/lib/python3.12/site-packages/airflow/example_dags/example_dataset_alias.py
[2026-07-25T09:17:19.003+0000] {processor.py:914} INFO - Processing file /home/airflow/.local/lib/python3.12/site-packages/airflow/example_dags/example_dataset_alias.py for tasks to queue
[2026-07-25T09:17:19.005+0000] {logging_mixin.py:190} INFO - [2026-07-25T09:17:19.005+0000] {dagbag.py:588} INFO - Filling up the DagBag from /home/airflow/.local/lib/python3.12/site-packages/airflow/example_dags/example_dataset_alias.py
[2026-07-25T09:17:23.285+0000] {processor.py:925} INFO - DAG(s) 'dataset_alias_example_alias_producer', 'dataset_s3_bucket_consumer', 'dataset_alias_example_alias_consumer', 'dataset_s3_bucket_producer' retrieved from /home/airflow/.local/lib/python3.12/site-packages/airflow/example_dags/example_dataset_alias.py
[2026-07-25T09:17:23.296+0000] {logging_mixin.py:190} INFO - [2026-07-25T09:17:23.296+0000] {dag.py:3239} INFO - Sync 4 DAGs
[2026-07-25T09:17:23.307+0000] {logging_mixin.py:190} INFO - [2026-07-25T09:17:23.307+0000] {dag.py:4180} INFO - Setting next_dagrun for dataset_alias_example_alias_consumer to None, run_after=None
[2026-07-25T09:17:23.309+0000] {logging_mixin.py:190} INFO - [2026-07-25T09:17:23.309+0000] {dag.py:4180} INFO - Setting next_dagrun for dataset_alias_example_alias_producer to None, run_after=None
[2026-07-25T09:17:23.310+0000] {logging_mixin.py:190} INFO - [2026-07-25T09:17:23.310+0000] {dag.py:4180} INFO - Setting next_dagrun for dataset_s3_bucket_consumer to None, run_after=None
[2026-07-25T09:17:23.311+0000] {logging_mixin.py:190} INFO - [2026-07-25T09:17:23.311+0000] {dag.py:4180} INFO - Setting next_dagrun for dataset_s3_bucket_producer to None, run_after=None
[2026-07-25T09:17:23.325+0000] {processor.py:208} INFO - Processing /home/airflow/.local/lib/python3.12/site-packages/airflow/example_dags/example_dataset_alias.py took 4.326 seconds
[2026-07-25T09:17:53.361+0000] {processor.py:186} INFO - Started process (PID=356) to work on /home/airflow/.local/lib/python3.12/site-packages/airflow/example_dags/example_dataset_alias.py
[2026-07-25T09:17:53.362+0000] {processor.py:914} INFO - Processing file /home/airflow/.local/lib/python3.12/site-packages/airflow/example_dags/example_dataset_alias.py for tasks to queue
[2026-07-25T09:17:53.364+0000] {logging_mixin.py:190} INFO - [2026-07-25T09:17:53.364+0000] {dagbag.py:588} INFO - Filling up the DagBag from /home/airflow/.local/lib/python3.12/site-packages/airflow/example_dags/example_dataset_alias.py
[2026-07-25T09:17:57.613+0000] {processor.py:925} INFO - DAG(s) 'dataset_s3_bucket_producer', 'dataset_alias_example_alias_consumer', 'dataset_alias_example_alias_producer', 'dataset_s3_bucket_consumer' retrieved from /home/airflow/.local/lib/python3.12/site-packages/airflow/example_dags/example_dataset_alias.py
[2026-07-25T09:17:57.625+0000] {logging_mixin.py:190} INFO - [2026-07-25T09:17:57.625+0000] {dag.py:3239} INFO - Sync 4 DAGs
[2026-07-25T09:17:57.636+0000] {logging_mixin.py:190} INFO - [2026-07-25T09:17:57.636+0000] {dag.py:4180} INFO - Setting next_dagrun for dataset_alias_example_alias_consumer to None, run_after=None
[2026-07-25T09:17:57.638+0000] {logging_mixin.py:190} INFO - [2026-07-25T09:17:57.638+0000] {dag.py:4180} INFO - Setting next_dagrun for dataset_alias_example_alias_producer to None, run_after=None
[2026-07-25T09:17:57.639+0000] {logging_mixin.py:190} INFO - [2026-07-25T09:17:57.639+0000] {dag.py:4180} INFO - Setting next_dagrun for dataset_s3_bucket_consumer to None, run_after=None
[2026-07-25T09:17:57.640+0000] {logging_mixin.py:190} INFO - [2026-07-25T09:17:57.640+0000] {dag.py:4180} INFO - Setting next_dagrun for dataset_s3_bucket_producer to None, run_after=None
[2026-07-25T09:17:57.652+0000] {processor.py:208} INFO - Processing /home/airflow/.local/lib/python3.12/site-packages/airflow/example_dags/example_dataset_alias.py took 4.294 seconds
[2026-07-25T09:18:28.176+0000] {processor.py:186} INFO - Started process (PID=429) to work on /home/airflow/.local/lib/python3.12/site-packages/airflow/example_dags/example_dataset_alias.py
[2026-07-25T09:18:28.177+0000] {processor.py:914} INFO - Processing file /home/airflow/.local/lib/python3.12/site-packages/airflow/example_dags/example_dataset_alias.py for tasks to queue
[2026-07-25T09:18:28.179+0000] {logging_mixin.py:190} INFO - [2026-07-25T09:18:28.178+0000] {dagbag.py:588} INFO - Filling up the DagBag from /home/airflow/.local/lib/python3.12/site-packages/airflow/example_dags/example_dataset_alias.py
[2026-07-25T09:18:32.523+0000] {processor.py:925} INFO - DAG(s) 'dataset_alias_example_alias_consumer', 'dataset_s3_bucket_consumer', 'dataset_alias_example_alias_producer', 'dataset_s3_bucket_producer' retrieved from /home/airflow/.local/lib/python3.12/site-packages/airflow/example_dags/example_dataset_alias.py
[2026-07-25T09:18:32.534+0000] {logging_mixin.py:190} INFO - [2026-07-25T09:18:32.534+0000] {dag.py:3239} INFO - Sync 4 DAGs
[2026-07-25T09:18:32.546+0000] {logging_mixin.py:190} INFO - [2026-07-25T09:18:32.546+0000] {dag.py:4180} INFO - Setting next_dagrun for dataset_alias_example_alias_consumer to None, run_after=None
[2026-07-25T09:18:32.548+0000] {logging_mixin.py:190} INFO - [2026-07-25T09:18:32.548+0000] {dag.py:4180} INFO - Setting next_dagrun for dataset_alias_example_alias_producer to None, run_after=None
[2026-07-25T09:18:32.549+0000] {logging_mixin.py:190} INFO - [2026-07-25T09:18:32.549+0000] {dag.py:4180} INFO - Setting next_dagrun for dataset_s3_bucket_consumer to None, run_after=None
[2026-07-25T09:18:32.550+0000] {logging_mixin.py:190} INFO - [2026-07-25T09:18:32.550+0000] {dag.py:4180} INFO - Setting next_dagrun for dataset_s3_bucket_producer to None, run_after=None
[2026-07-25T09:18:32.562+0000] {processor.py:208} INFO - Processing /home/airflow/.local/lib/python3.12/site-packages/airflow/example_dags/example_dataset_alias.py took 4.391 seconds
[2026-07-25T09:19:02.674+0000] {processor.py:186} INFO - Started process (PID=499) to work on /home/airflow/.local/lib/python3.12/site-packages/airflow/example_dags/example_dataset_alias.py
[2026-07-25T09:19:02.675+0000] {processor.py:914} INFO - Processing file /home/airflow/.local/lib/python3.12/site-packages/airflow/example_dags/example_dataset_alias.py for tasks to queue
[2026-07-25T09:19:02.677+0000] {logging_mixin.py:190} INFO - [2026-07-25T09:19:02.677+0000] {dagbag.py:588} INFO - Filling up the DagBag from /home/airflow/.local/lib/python3.12/site-packages/airflow/example_dags/example_dataset_alias.py
[2026-07-25T09:19:06.580+0000] {processor.py:925} INFO - DAG(s) 'dataset_s3_bucket_producer', 'dataset_alias_example_alias_producer', 'dataset_s3_bucket_consumer', 'dataset_alias_example_alias_consumer' retrieved from /home/airflow/.local/lib/python3.12/site-packages/airflow/example_dags/example_dataset_alias.py
[2026-07-25T09:19:06.591+0000] {logging_mixin.py:190} INFO - [2026-07-25T09:19:06.591+0000] {dag.py:3239} INFO - Sync 4 DAGs
[2026-07-25T09:19:06.604+0000] {logging_mixin.py:190} INFO - [2026-07-25T09:19:06.603+0000] {dag.py:4180} INFO - Setting next_dagrun for dataset_alias_example_alias_consumer to None, run_after=None
[2026-07-25T09:19:06.605+0000] {logging_mixin.py:190} INFO - [2026-07-25T09:19:06.605+0000] {dag.py:4180} INFO - Setting next_dagrun for dataset_alias_example_alias_producer to None, run_after=None
[2026-07-25T09:19:06.607+0000] {logging_mixin.py:190} INFO - [2026-07-25T09:19:06.606+0000] {dag.py:4180} INFO - Setting next_dagrun for dataset_s3_bucket_consumer to None, run_after=None
[2026-07-25T09:19:06.608+0000] {logging_mixin.py:190} INFO - [2026-07-25T09:19:06.608+0000] {dag.py:4180} INFO - Setting next_dagrun for dataset_s3_bucket_producer to None, run_after=None
[2026-07-25T09:19:06.621+0000] {processor.py:208} INFO - Processing /home/airflow/.local/lib/python3.12/site-packages/airflow/example_dags/example_dataset_alias.py took 3.952 seconds
[2026-07-25T09:20:44.931+0000] {processor.py:186} INFO - Started process (PID=79) to work on /home/airflow/.local/lib/python3.12/site-packages/airflow/example_dags/example_dataset_alias.py
[2026-07-25T09:20:44.933+0000] {processor.py:914} INFO - Processing file /home/airflow/.local/lib/python3.12/site-packages/airflow/example_dags/example_dataset_alias.py for tasks to queue
[2026-07-25T09:20:44.937+0000] {logging_mixin.py:190} INFO - [2026-07-25T09:20:44.937+0000] {dagbag.py:588} INFO - Filling up the DagBag from /home/airflow/.local/lib/python3.12/site-packages/airflow/example_dags/example_dataset_alias.py
[2026-07-25T09:20:50.933+0000] {processor.py:925} INFO - DAG(s) 'dataset_alias_example_alias_producer', 'dataset_alias_example_alias_consumer', 'dataset_s3_bucket_consumer', 'dataset_s3_bucket_producer' retrieved from /home/airflow/.local/lib/python3.12/site-packages/airflow/example_dags/example_dataset_alias.py
[2026-07-25T09:20:50.950+0000] {logging_mixin.py:190} INFO - [2026-07-25T09:20:50.950+0000] {dag.py:3239} INFO - Sync 4 DAGs
[2026-07-25T09:20:50.964+0000] {logging_mixin.py:190} INFO - [2026-07-25T09:20:50.964+0000] {dag.py:4180} INFO - Setting next_dagrun for dataset_alias_example_alias_consumer to None, run_after=None
[2026-07-25T09:20:50.966+0000] {logging_mixin.py:190} INFO - [2026-07-25T09:20:50.966+0000] {dag.py:4180} INFO - Setting next_dagrun for dataset_alias_example_alias_producer to None, run_after=None
[2026-07-25T09:20:50.967+0000] {logging_mixin.py:190} INFO - [2026-07-25T09:20:50.967+0000] {dag.py:4180} INFO - Setting next_dagrun for dataset_s3_bucket_consumer to None, run_after=None
[2026-07-25T09:20:50.968+0000] {logging_mixin.py:190} INFO - [2026-07-25T09:20:50.968+0000] {dag.py:4180} INFO - Setting next_dagrun for dataset_s3_bucket_producer to None, run_after=None
[2026-07-25T09:20:50.982+0000] {processor.py:208} INFO - Processing /home/airflow/.local/lib/python3.12/site-packages/airflow/example_dags/example_dataset_alias.py took 6.059 seconds
[2026-07-25T09:21:21.096+0000] {processor.py:186} INFO - Started process (PID=154) to work on /home/airflow/.local/lib/python3.12/site-packages/airflow/example_dags/example_dataset_alias.py
[2026-07-25T09:21:21.097+0000] {processor.py:914} INFO - Processing file /home/airflow/.local/lib/python3.12/site-packages/airflow/example_dags/example_dataset_alias.py for tasks to queue
[2026-07-25T09:21:21.099+0000] {logging_mixin.py:190} INFO - [2026-07-25T09:21:21.099+0000] {dagbag.py:588} INFO - Filling up the DagBag from /home/airflow/.local/lib/python3.12/site-packages/airflow/example_dags/example_dataset_alias.py
[2026-07-25T09:21:25.135+0000] {processor.py:925} INFO - DAG(s) 'dataset_alias_example_alias_producer', 'dataset_s3_bucket_consumer', 'dataset_s3_bucket_producer', 'dataset_alias_example_alias_consumer' retrieved from /home/airflow/.local/lib/python3.12/site-packages/airflow/example_dags/example_dataset_alias.py
[2026-07-25T09:21:25.147+0000] {logging_mixin.py:190} INFO - [2026-07-25T09:21:25.146+0000] {dag.py:3239} INFO - Sync 4 DAGs
[2026-07-25T09:21:25.160+0000] {logging_mixin.py:190} INFO - [2026-07-25T09:21:25.160+0000] {dag.py:4180} INFO - Setting next_dagrun for dataset_alias_example_alias_consumer to None, run_after=None
[2026-07-25T09:21:25.162+0000] {logging_mixin.py:190} INFO - [2026-07-25T09:21:25.162+0000] {dag.py:4180} INFO - Setting next_dagrun for dataset_alias_example_alias_producer to None, run_after=None
[2026-07-25T09:21:25.163+0000] {logging_mixin.py:190} INFO - [2026-07-25T09:21:25.163+0000] {dag.py:4180} INFO - Setting next_dagrun for dataset_s3_bucket_consumer to None, run_after=None
[2026-07-25T09:21:25.164+0000] {logging_mixin.py:190} INFO - [2026-07-25T09:21:25.164+0000] {dag.py:4180} INFO - Setting next_dagrun for dataset_s3_bucket_producer to None, run_after=None
[2026-07-25T09:21:25.178+0000] {processor.py:208} INFO - Processing /home/airflow/.local/lib/python3.12/site-packages/airflow/example_dags/example_dataset_alias.py took 4.086 seconds
[2026-07-25T09:21:55.791+0000] {processor.py:186} INFO - Started process (PID=226) to work on /home/airflow/.local/lib/python3.12/site-packages/airflow/example_dags/example_dataset_alias.py
[2026-07-25T09:21:55.792+0000] {processor.py:914} INFO - Processing file /home/airflow/.local/lib/python3.12/site-packages/airflow/example_dags/example_dataset_alias.py for tasks to queue
[2026-07-25T09:21:55.795+0000] {logging_mixin.py:190} INFO - [2026-07-25T09:21:55.794+0000] {dagbag.py:588} INFO - Filling up the DagBag from /home/airflow/.local/lib/python3.12/site-packages/airflow/example_dags/example_dataset_alias.py
[2026-07-25T09:22:00.188+0000] {processor.py:925} INFO - DAG(s) 'dataset_alias_example_alias_producer', 'dataset_s3_bucket_consumer', 'dataset_alias_example_alias_consumer', 'dataset_s3_bucket_producer' retrieved from /home/airflow/.local/lib/python3.12/site-packages/airflow/example_dags/example_dataset_alias.py
[2026-07-25T09:22:00.200+0000] {logging_mixin.py:190} INFO - [2026-07-25T09:22:00.200+0000] {dag.py:3239} INFO - Sync 4 DAGs
[2026-07-25T09:22:00.214+0000] {logging_mixin.py:190} INFO - [2026-07-25T09:22:00.213+0000] {dag.py:4180} INFO - Setting next_dagrun for dataset_alias_example_alias_consumer to None, run_after=None
[2026-07-25T09:22:00.215+0000] {logging_mixin.py:190} INFO - [2026-07-25T09:22:00.215+0000] {dag.py:4180} INFO - Setting next_dagrun for dataset_alias_example_alias_producer to None, run_after=None
[2026-07-25T09:22:00.217+0000] {logging_mixin.py:190} INFO - [2026-07-25T09:22:00.217+0000] {dag.py:4180} INFO - Setting next_dagrun for dataset_s3_bucket_consumer to None, run_after=None
[2026-07-25T09:22:00.218+0000] {logging_mixin.py:190} INFO - [2026-07-25T09:22:00.218+0000] {dag.py:4180} INFO - Setting next_dagrun for dataset_s3_bucket_producer to None, run_after=None
[2026-07-25T09:22:00.231+0000] {processor.py:208} INFO - Processing /home/airflow/.local/lib/python3.12/site-packages/airflow/example_dags/example_dataset_alias.py took 4.443 seconds
[2026-07-25T09:22:30.451+0000] {processor.py:186} INFO - Started process (PID=296) to work on /home/airflow/.local/lib/python3.12/site-packages/airflow/example_dags/example_dataset_alias.py
[2026-07-25T09:22:30.452+0000] {processor.py:914} INFO - Processing file /home/airflow/.local/lib/python3.12/site-packages/airflow/example_dags/example_dataset_alias.py for tasks to queue
[2026-07-25T09:22:30.454+0000] {logging_mixin.py:190} INFO - [2026-07-25T09:22:30.454+0000] {dagbag.py:588} INFO - Filling up the DagBag from /home/airflow/.local/lib/python3.12/site-packages/airflow/example_dags/example_dataset_alias.py
[2026-07-25T09:22:34.786+0000] {processor.py:925} INFO - DAG(s) 'dataset_s3_bucket_producer', 'dataset_s3_bucket_consumer', 'dataset_alias_example_alias_consumer', 'dataset_alias_example_alias_producer' retrieved from /home/airflow/.local/lib/python3.12/site-packages/airflow/example_dags/example_dataset_alias.py
[2026-07-25T09:22:34.797+0000] {logging_mixin.py:190} INFO - [2026-07-25T09:22:34.797+0000] {dag.py:3239} INFO - Sync 4 DAGs
[2026-07-25T09:22:34.808+0000] {logging_mixin.py:190} INFO - [2026-07-25T09:22:34.808+0000] {dag.py:4180} INFO - Setting next_dagrun for dataset_alias_example_alias_consumer to None, run_after=None
[2026-07-25T09:22:34.810+0000] {logging_mixin.py:190} INFO - [2026-07-25T09:22:34.810+0000] {dag.py:4180} INFO - Setting next_dagrun for dataset_alias_example_alias_producer to None, run_after=None
[2026-07-25T09:22:34.811+0000] {logging_mixin.py:190} INFO - [2026-07-25T09:22:34.811+0000] {dag.py:4180} INFO - Setting next_dagrun for dataset_s3_bucket_consumer to None, run_after=None
[2026-07-25T09:22:34.812+0000] {logging_mixin.py:190} INFO - [2026-07-25T09:22:34.812+0000] {dag.py:4180} INFO - Setting next_dagrun for dataset_s3_bucket_producer to None, run_after=None
[2026-07-25T09:22:34.824+0000] {processor.py:208} INFO - Processing /home/airflow/.local/lib/python3.12/site-packages/airflow/example_dags/example_dataset_alias.py took 4.376 seconds
[2026-07-25T09:23:56.720+0000] {processor.py:186} INFO - Started process (PID=79) to work on /home/airflow/.local/lib/python3.12/site-packages/airflow/example_dags/example_dataset_alias.py
[2026-07-25T09:23:56.722+0000] {processor.py:914} INFO - Processing file /home/airflow/.local/lib/python3.12/site-packages/airflow/example_dags/example_dataset_alias.py for tasks to queue
[2026-07-25T09:23:56.725+0000] {logging_mixin.py:190} INFO - [2026-07-25T09:23:56.725+0000] {dagbag.py:588} INFO - Filling up the DagBag from /home/airflow/.local/lib/python3.12/site-packages/airflow/example_dags/example_dataset_alias.py
[2026-07-25T09:24:02.323+0000] {processor.py:925} INFO - DAG(s) 'dataset_s3_bucket_consumer', 'dataset_alias_example_alias_consumer', 'dataset_s3_bucket_producer', 'dataset_alias_example_alias_producer' retrieved from /home/airflow/.local/lib/python3.12/site-packages/airflow/example_dags/example_dataset_alias.py
[2026-07-25T09:24:02.338+0000] {logging_mixin.py:190} INFO - [2026-07-25T09:24:02.337+0000] {dag.py:3239} INFO - Sync 4 DAGs
[2026-07-25T09:24:02.350+0000] {logging_mixin.py:190} INFO - [2026-07-25T09:24:02.350+0000] {dag.py:4180} INFO - Setting next_dagrun for dataset_alias_example_alias_consumer to None, run_after=None
[2026-07-25T09:24:02.352+0000] {logging_mixin.py:190} INFO - [2026-07-25T09:24:02.351+0000] {dag.py:4180} INFO - Setting next_dagrun for dataset_alias_example_alias_producer to None, run_after=None
[2026-07-25T09:24:02.353+0000] {logging_mixin.py:190} INFO - [2026-07-25T09:24:02.353+0000] {dag.py:4180} INFO - Setting next_dagrun for dataset_s3_bucket_consumer to None, run_after=None
[2026-07-25T09:24:02.354+0000] {logging_mixin.py:190} INFO - [2026-07-25T09:24:02.354+0000] {dag.py:4180} INFO - Setting next_dagrun for dataset_s3_bucket_producer to None, run_after=None
[2026-07-25T09:24:02.366+0000] {processor.py:208} INFO - Processing /home/airflow/.local/lib/python3.12/site-packages/airflow/example_dags/example_dataset_alias.py took 5.653 seconds
[2026-07-25T09:24:32.568+0000] {processor.py:186} INFO - Started process (PID=154) to work on /home/airflow/.local/lib/python3.12/site-packages/airflow/example_dags/example_dataset_alias.py
[2026-07-25T09:24:32.569+0000] {processor.py:914} INFO - Processing file /home/airflow/.local/lib/python3.12/site-packages/airflow/example_dags/example_dataset_alias.py for tasks to queue
[2026-07-25T09:24:32.573+0000] {logging_mixin.py:190} INFO - [2026-07-25T09:24:32.573+0000] {dagbag.py:588} INFO - Filling up the DagBag from /home/airflow/.local/lib/python3.12/site-packages/airflow/example_dags/example_dataset_alias.py
[2026-07-25T09:24:37.042+0000] {processor.py:925} INFO - DAG(s) 'dataset_alias_example_alias_consumer', 'dataset_s3_bucket_producer', 'dataset_s3_bucket_consumer', 'dataset_alias_example_alias_producer' retrieved from /home/airflow/.local/lib/python3.12/site-packages/airflow/example_dags/example_dataset_alias.py
[2026-07-25T09:24:37.053+0000] {logging_mixin.py:190} INFO - [2026-07-25T09:24:37.053+0000] {dag.py:3239} INFO - Sync 4 DAGs
[2026-07-25T09:24:37.066+0000] {logging_mixin.py:190} INFO - [2026-07-25T09:24:37.066+0000] {dag.py:4180} INFO - Setting next_dagrun for dataset_alias_example_alias_consumer to None, run_after=None
[2026-07-25T09:24:37.068+0000] {logging_mixin.py:190} INFO - [2026-07-25T09:24:37.068+0000] {dag.py:4180} INFO - Setting next_dagrun for dataset_alias_example_alias_producer to None, run_after=None
[2026-07-25T09:24:37.069+0000] {logging_mixin.py:190} INFO - [2026-07-25T09:24:37.069+0000] {dag.py:4180} INFO - Setting next_dagrun for dataset_s3_bucket_consumer to None, run_after=None
[2026-07-25T09:24:37.070+0000] {logging_mixin.py:190} INFO - [2026-07-25T09:24:37.070+0000] {dag.py:4180} INFO - Setting next_dagrun for dataset_s3_bucket_producer to None, run_after=None
[2026-07-25T09:24:37.096+0000] {processor.py:208} INFO - Processing /home/airflow/.local/lib/python3.12/site-packages/airflow/example_dags/example_dataset_alias.py took 4.534 seconds
[2026-07-25T09:25:07.284+0000] {processor.py:186} INFO - Started process (PID=231) to work on /home/airflow/.local/lib/python3.12/site-packages/airflow/example_dags/example_dataset_alias.py
[2026-07-25T09:25:07.285+0000] {processor.py:914} INFO - Processing file /home/airflow/.local/lib/python3.12/site-packages/airflow/example_dags/example_dataset_alias.py for tasks to queue
[2026-07-25T09:25:07.287+0000] {logging_mixin.py:190} INFO - [2026-07-25T09:25:07.287+0000] {dagbag.py:588} INFO - Filling up the DagBag from /home/airflow/.local/lib/python3.12/site-packages/airflow/example_dags/example_dataset_alias.py
[2026-07-25T09:25:11.886+0000] {processor.py:925} INFO - DAG(s) 'dataset_alias_example_alias_producer', 'dataset_alias_example_alias_consumer', 'dataset_s3_bucket_producer', 'dataset_s3_bucket_consumer' retrieved from /home/airflow/.local/lib/python3.12/site-packages/airflow/example_dags/example_dataset_alias.py
[2026-07-25T09:25:11.898+0000] {logging_mixin.py:190} INFO - [2026-07-25T09:25:11.898+0000] {dag.py:3239} INFO - Sync 4 DAGs
[2026-07-25T09:25:11.910+0000] {logging_mixin.py:190} INFO - [2026-07-25T09:25:11.910+0000] {dag.py:4180} INFO - Setting next_dagrun for dataset_alias_example_alias_consumer to None, run_after=None
[2026-07-25T09:25:11.912+0000] {logging_mixin.py:190} INFO - [2026-07-25T09:25:11.911+0000] {dag.py:4180} INFO - Setting next_dagrun for dataset_alias_example_alias_producer to None, run_after=None
[2026-07-25T09:25:11.913+0000] {logging_mixin.py:190} INFO - [2026-07-25T09:25:11.913+0000] {dag.py:4180} INFO - Setting next_dagrun for dataset_s3_bucket_consumer to None, run_after=None
[2026-07-25T09:25:11.914+0000] {logging_mixin.py:190} INFO - [2026-07-25T09:25:11.914+0000] {dag.py:4180} INFO - Setting next_dagrun for dataset_s3_bucket_producer to None, run_after=None
[2026-07-25T09:25:11.938+0000] {processor.py:208} INFO - Processing /home/airflow/.local/lib/python3.12/site-packages/airflow/example_dags/example_dataset_alias.py took 4.657 seconds
[2026-07-25T09:25:42.053+0000] {processor.py:186} INFO - Started process (PID=297) to work on /home/airflow/.local/lib/python3.12/site-packages/airflow/example_dags/example_dataset_alias.py
[2026-07-25T09:25:42.053+0000] {processor.py:914} INFO - Processing file /home/airflow/.local/lib/python3.12/site-packages/airflow/example_dags/example_dataset_alias.py for tasks to queue
[2026-07-25T09:25:42.055+0000] {logging_mixin.py:190} INFO - [2026-07-25T09:25:42.055+0000] {dagbag.py:588} INFO - Filling up the DagBag from /home/airflow/.local/lib/python3.12/site-packages/airflow/example_dags/example_dataset_alias.py
[2026-07-25T09:25:45.885+0000] {processor.py:925} INFO - DAG(s) 'dataset_s3_bucket_consumer', 'dataset_alias_example_alias_consumer', 'dataset_alias_example_alias_producer', 'dataset_s3_bucket_producer' retrieved from /home/airflow/.local/lib/python3.12/site-packages/airflow/example_dags/example_dataset_alias.py
[2026-07-25T09:25:45.897+0000] {logging_mixin.py:190} INFO - [2026-07-25T09:25:45.896+0000] {dag.py:3239} INFO - Sync 4 DAGs
[2026-07-25T09:25:45.908+0000] {logging_mixin.py:190} INFO - [2026-07-25T09:25:45.907+0000] {dag.py:4180} INFO - Setting next_dagrun for dataset_alias_example_alias_consumer to None, run_after=None
[2026-07-25T09:25:45.909+0000] {logging_mixin.py:190} INFO - [2026-07-25T09:25:45.909+0000] {dag.py:4180} INFO - Setting next_dagrun for dataset_alias_example_alias_producer to None, run_after=None
[2026-07-25T09:25:45.910+0000] {logging_mixin.py:190} INFO - [2026-07-25T09:25:45.910+0000] {dag.py:4180} INFO - Setting next_dagrun for dataset_s3_bucket_consumer to None, run_after=None
[2026-07-25T09:25:45.911+0000] {logging_mixin.py:190} INFO - [2026-07-25T09:25:45.911+0000] {dag.py:4180} INFO - Setting next_dagrun for dataset_s3_bucket_producer to None, run_after=None
[2026-07-25T09:25:45.924+0000] {processor.py:208} INFO - Processing /home/airflow/.local/lib/python3.12/site-packages/airflow/example_dags/example_dataset_alias.py took 3.874 seconds
[2026-07-25T09:26:49.642+0000] {processor.py:186} INFO - Started process (PID=79) to work on /home/airflow/.local/lib/python3.12/site-packages/airflow/example_dags/example_dataset_alias.py
[2026-07-25T09:26:49.643+0000] {processor.py:914} INFO - Processing file /home/airflow/.local/lib/python3.12/site-packages/airflow/example_dags/example_dataset_alias.py for tasks to queue
[2026-07-25T09:26:49.645+0000] {logging_mixin.py:190} INFO - [2026-07-25T09:26:49.644+0000] {dagbag.py:588} INFO - Filling up the DagBag from /home/airflow/.local/lib/python3.12/site-packages/airflow/example_dags/example_dataset_alias.py
[2026-07-25T09:26:55.274+0000] {processor.py:925} INFO - DAG(s) 'dataset_s3_bucket_consumer', 'dataset_alias_example_alias_producer', 'dataset_s3_bucket_producer', 'dataset_alias_example_alias_consumer' retrieved from /home/airflow/.local/lib/python3.12/site-packages/airflow/example_dags/example_dataset_alias.py
[2026-07-25T09:26:55.332+0000] {logging_mixin.py:190} INFO - [2026-07-25T09:26:55.332+0000] {override.py:1932} INFO - Created Permission View: can edit on DAG:dataset_s3_bucket_consumer
[2026-07-25T09:26:55.339+0000] {logging_mixin.py:190} INFO - [2026-07-25T09:26:55.339+0000] {override.py:1932} INFO - Created Permission View: can read on DAG:dataset_s3_bucket_consumer
[2026-07-25T09:26:55.345+0000] {logging_mixin.py:190} INFO - [2026-07-25T09:26:55.345+0000] {override.py:1932} INFO - Created Permission View: can delete on DAG:dataset_s3_bucket_consumer
[2026-07-25T09:26:55.352+0000] {logging_mixin.py:190} INFO - [2026-07-25T09:26:55.352+0000] {override.py:1932} INFO - Created Permission View: menu access on DAG Run:dataset_s3_bucket_consumer
[2026-07-25T09:26:55.358+0000] {logging_mixin.py:190} INFO - [2026-07-25T09:26:55.358+0000] {override.py:1932} INFO - Created Permission View: can read on DAG Run:dataset_s3_bucket_consumer
[2026-07-25T09:26:55.363+0000] {logging_mixin.py:190} INFO - [2026-07-25T09:26:55.363+0000] {override.py:1932} INFO - Created Permission View: can create on DAG Run:dataset_s3_bucket_consumer
[2026-07-25T09:26:55.369+0000] {logging_mixin.py:190} INFO - [2026-07-25T09:26:55.368+0000] {override.py:1932} INFO - Created Permission View: can delete on DAG Run:dataset_s3_bucket_consumer
[2026-07-25T09:26:55.379+0000] {logging_mixin.py:190} INFO - [2026-07-25T09:26:55.379+0000] {override.py:1932} INFO - Created Permission View: can edit on DAG:dataset_alias_example_alias_producer
[2026-07-25T09:26:55.384+0000] {logging_mixin.py:190} INFO - [2026-07-25T09:26:55.384+0000] {override.py:1932} INFO - Created Permission View: can read on DAG:dataset_alias_example_alias_producer
[2026-07-25T09:26:55.388+0000] {logging_mixin.py:190} INFO - [2026-07-25T09:26:55.388+0000] {override.py:1932} INFO - Created Permission View: can delete on DAG:dataset_alias_example_alias_producer
[2026-07-25T09:26:55.395+0000] {logging_mixin.py:190} INFO - [2026-07-25T09:26:55.395+0000] {override.py:1932} INFO - Created Permission View: menu access on DAG Run:dataset_alias_example_alias_producer
[2026-07-25T09:26:55.400+0000] {logging_mixin.py:190} INFO - [2026-07-25T09:26:55.400+0000] {override.py:1932} INFO - Created Permission View: can read on DAG Run:dataset_alias_example_alias_producer
[2026-07-25T09:26:55.405+0000] {logging_mixin.py:190} INFO - [2026-07-25T09:26:55.404+0000] {override.py:1932} INFO - Created Permission View: can create on DAG Run:dataset_alias_example_alias_producer
[2026-07-25T09:26:55.409+0000] {logging_mixin.py:190} INFO - [2026-07-25T09:26:55.409+0000] {override.py:1932} INFO - Created Permission View: can delete on DAG Run:dataset_alias_example_alias_producer
[2026-07-25T09:26:55.418+0000] {logging_mixin.py:190} INFO - [2026-07-25T09:26:55.418+0000] {override.py:1932} INFO - Created Permission View: can edit on DAG:dataset_s3_bucket_producer
[2026-07-25T09:26:55.423+0000] {logging_mixin.py:190} INFO - [2026-07-25T09:26:55.423+0000] {override.py:1932} INFO - Created Permission View: can read on DAG:dataset_s3_bucket_producer
[2026-07-25T09:26:55.428+0000] {logging_mixin.py:190} INFO - [2026-07-25T09:26:55.428+0000] {override.py:1932} INFO - Created Permission View: can delete on DAG:dataset_s3_bucket_producer
[2026-07-25T09:26:55.434+0000] {logging_mixin.py:190} INFO - [2026-07-25T09:26:55.434+0000] {override.py:1932} INFO - Created Permission View: menu access on DAG Run:dataset_s3_bucket_producer
[2026-07-25T09:26:55.439+0000] {logging_mixin.py:190} INFO - [2026-07-25T09:26:55.439+0000] {override.py:1932} INFO - Created Permission View: can read on DAG Run:dataset_s3_bucket_producer
[2026-07-25T09:26:55.444+0000] {logging_mixin.py:190} INFO - [2026-07-25T09:26:55.443+0000] {override.py:1932} INFO - Created Permission View: can create on DAG Run:dataset_s3_bucket_producer
[2026-07-25T09:26:55.448+0000] {logging_mixin.py:190} INFO - [2026-07-25T09:26:55.448+0000] {override.py:1932} INFO - Created Permission View: can delete on DAG Run:dataset_s3_bucket_producer
[2026-07-25T09:26:55.457+0000] {logging_mixin.py:190} INFO - [2026-07-25T09:26:55.457+0000] {override.py:1932} INFO - Created Permission View: can edit on DAG:dataset_alias_example_alias_consumer
[2026-07-25T09:26:55.461+0000] {logging_mixin.py:190} INFO - [2026-07-25T09:26:55.461+0000] {override.py:1932} INFO - Created Permission View: can read on DAG:dataset_alias_example_alias_consumer
[2026-07-25T09:26:55.466+0000] {logging_mixin.py:190} INFO - [2026-07-25T09:26:55.466+0000] {override.py:1932} INFO - Created Permission View: can delete on DAG:dataset_alias_example_alias_consumer
[2026-07-25T09:26:55.472+0000] {logging_mixin.py:190} INFO - [2026-07-25T09:26:55.472+0000] {override.py:1932} INFO - Created Permission View: menu access on DAG Run:dataset_alias_example_alias_consumer
[2026-07-25T09:26:55.477+0000] {logging_mixin.py:190} INFO - [2026-07-25T09:26:55.477+0000] {override.py:1932} INFO - Created Permission View: can read on DAG Run:dataset_alias_example_alias_consumer
[2026-07-25T09:26:55.482+0000] {logging_mixin.py:190} INFO - [2026-07-25T09:26:55.482+0000] {override.py:1932} INFO - Created Permission View: can create on DAG Run:dataset_alias_example_alias_consumer
[2026-07-25T09:26:55.488+0000] {logging_mixin.py:190} INFO - [2026-07-25T09:26:55.487+0000] {override.py:1932} INFO - Created Permission View: can delete on DAG Run:dataset_alias_example_alias_consumer
[2026-07-25T09:26:55.488+0000] {logging_mixin.py:190} INFO - [2026-07-25T09:26:55.488+0000] {dag.py:3239} INFO - Sync 4 DAGs
[2026-07-25T09:26:55.495+0000] {logging_mixin.py:190} INFO - [2026-07-25T09:26:55.495+0000] {dag.py:3262} INFO - Creating ORM DAG for dataset_alias_example_alias_consumer
[2026-07-25T09:26:55.496+0000] {logging_mixin.py:190} INFO - [2026-07-25T09:26:55.496+0000] {dag.py:3262} INFO - Creating ORM DAG for dataset_s3_bucket_consumer
[2026-07-25T09:26:55.497+0000] {logging_mixin.py:190} INFO - [2026-07-25T09:26:55.497+0000] {dag.py:3262} INFO - Creating ORM DAG for dataset_s3_bucket_producer
[2026-07-25T09:26:55.498+0000] {logging_mixin.py:190} INFO - [2026-07-25T09:26:55.497+0000] {dag.py:3262} INFO - Creating ORM DAG for dataset_alias_example_alias_producer
[2026-07-25T09:26:55.502+0000] {logging_mixin.py:190} INFO - [2026-07-25T09:26:55.502+0000] {dag.py:4180} INFO - Setting next_dagrun for dataset_alias_example_alias_consumer to None, run_after=None
[2026-07-25T09:26:55.503+0000] {logging_mixin.py:190} INFO - [2026-07-25T09:26:55.503+0000] {dag.py:4180} INFO - Setting next_dagrun for dataset_alias_example_alias_producer to None, run_after=None
[2026-07-25T09:26:55.504+0000] {logging_mixin.py:190} INFO - [2026-07-25T09:26:55.504+0000] {dag.py:4180} INFO - Setting next_dagrun for dataset_s3_bucket_consumer to None, run_after=None
[2026-07-25T09:26:55.505+0000] {logging_mixin.py:190} INFO - [2026-07-25T09:26:55.505+0000] {dag.py:4180} INFO - Setting next_dagrun for dataset_s3_bucket_producer to None, run_after=None
[2026-07-25T09:26:55.521+0000] {processor.py:208} INFO - Processing /home/airflow/.local/lib/python3.12/site-packages/airflow/example_dags/example_dataset_alias.py took 5.882 seconds
[2026-07-25T09:27:25.773+0000] {processor.py:186} INFO - Started process (PID=154) to work on /home/airflow/.local/lib/python3.12/site-packages/airflow/example_dags/example_dataset_alias.py
[2026-07-25T09:27:25.774+0000] {processor.py:914} INFO - Processing file /home/airflow/.local/lib/python3.12/site-packages/airflow/example_dags/example_dataset_alias.py for tasks to queue
[2026-07-25T09:27:25.777+0000] {logging_mixin.py:190} INFO - [2026-07-25T09:27:25.776+0000] {dagbag.py:588} INFO - Filling up the DagBag from /home/airflow/.local/lib/python3.12/site-packages/airflow/example_dags/example_dataset_alias.py
[2026-07-25T09:27:30.184+0000] {processor.py:925} INFO - DAG(s) 'dataset_alias_example_alias_producer', 'dataset_alias_example_alias_consumer', 'dataset_s3_bucket_consumer', 'dataset_s3_bucket_producer' retrieved from /home/airflow/.local/lib/python3.12/site-packages/airflow/example_dags/example_dataset_alias.py
[2026-07-25T09:27:30.197+0000] {logging_mixin.py:190} INFO - [2026-07-25T09:27:30.196+0000] {dag.py:3239} INFO - Sync 4 DAGs
[2026-07-25T09:27:30.210+0000] {logging_mixin.py:190} INFO - [2026-07-25T09:27:30.210+0000] {dag.py:4180} INFO - Setting next_dagrun for dataset_alias_example_alias_consumer to None, run_after=None
[2026-07-25T09:27:30.212+0000] {logging_mixin.py:190} INFO - [2026-07-25T09:27:30.212+0000] {dag.py:4180} INFO - Setting next_dagrun for dataset_alias_example_alias_producer to None, run_after=None
[2026-07-25T09:27:30.213+0000] {logging_mixin.py:190} INFO - [2026-07-25T09:27:30.213+0000] {dag.py:4180} INFO - Setting next_dagrun for dataset_s3_bucket_consumer to None, run_after=None
[2026-07-25T09:27:30.214+0000] {logging_mixin.py:190} INFO - [2026-07-25T09:27:30.214+0000] {dag.py:4180} INFO - Setting next_dagrun for dataset_s3_bucket_producer to None, run_after=None
[2026-07-25T09:27:30.260+0000] {processor.py:208} INFO - Processing /home/airflow/.local/lib/python3.12/site-packages/airflow/example_dags/example_dataset_alias.py took 4.490 seconds
[2026-07-25T09:28:01.076+0000] {processor.py:186} INFO - Started process (PID=229) to work on /home/airflow/.local/lib/python3.12/site-packages/airflow/example_dags/example_dataset_alias.py
[2026-07-25T09:28:01.077+0000] {processor.py:914} INFO - Processing file /home/airflow/.local/lib/python3.12/site-packages/airflow/example_dags/example_dataset_alias.py for tasks to queue
[2026-07-25T09:28:01.079+0000] {logging_mixin.py:190} INFO - [2026-07-25T09:28:01.079+0000] {dagbag.py:588} INFO - Filling up the DagBag from /home/airflow/.local/lib/python3.12/site-packages/airflow/example_dags/example_dataset_alias.py
[2026-07-25T09:28:05.322+0000] {processor.py:925} INFO - DAG(s) 'dataset_s3_bucket_consumer', 'dataset_s3_bucket_producer', 'dataset_alias_example_alias_producer', 'dataset_alias_example_alias_consumer' retrieved from /home/airflow/.local/lib/python3.12/site-packages/airflow/example_dags/example_dataset_alias.py
[2026-07-25T09:28:05.334+0000] {logging_mixin.py:190} INFO - [2026-07-25T09:28:05.334+0000] {dag.py:3239} INFO - Sync 4 DAGs
[2026-07-25T09:28:05.346+0000] {logging_mixin.py:190} INFO - [2026-07-25T09:28:05.346+0000] {dag.py:4180} INFO - Setting next_dagrun for dataset_alias_example_alias_consumer to None, run_after=None
[2026-07-25T09:28:05.347+0000] {logging_mixin.py:190} INFO - [2026-07-25T09:28:05.347+0000] {dag.py:4180} INFO - Setting next_dagrun for dataset_alias_example_alias_producer to None, run_after=None
[2026-07-25T09:28:05.349+0000] {logging_mixin.py:190} INFO - [2026-07-25T09:28:05.348+0000] {dag.py:4180} INFO - Setting next_dagrun for dataset_s3_bucket_consumer to None, run_after=None
[2026-07-25T09:28:05.350+0000] {logging_mixin.py:190} INFO - [2026-07-25T09:28:05.349+0000] {dag.py:4180} INFO - Setting next_dagrun for dataset_s3_bucket_producer to None, run_after=None
[2026-07-25T09:28:05.368+0000] {processor.py:208} INFO - Processing /home/airflow/.local/lib/python3.12/site-packages/airflow/example_dags/example_dataset_alias.py took 4.296 seconds
[2026-07-25T09:28:35.585+0000] {processor.py:186} INFO - Started process (PID=298) to work on /home/airflow/.local/lib/python3.12/site-packages/airflow/example_dags/example_dataset_alias.py
[2026-07-25T09:28:35.585+0000] {processor.py:914} INFO - Processing file /home/airflow/.local/lib/python3.12/site-packages/airflow/example_dags/example_dataset_alias.py for tasks to queue
[2026-07-25T09:28:35.588+0000] {logging_mixin.py:190} INFO - [2026-07-25T09:28:35.588+0000] {dagbag.py:588} INFO - Filling up the DagBag from /home/airflow/.local/lib/python3.12/site-packages/airflow/example_dags/example_dataset_alias.py
[2026-07-25T09:28:40.109+0000] {processor.py:925} INFO - DAG(s) 'dataset_alias_example_alias_consumer', 'dataset_alias_example_alias_producer', 'dataset_s3_bucket_consumer', 'dataset_s3_bucket_producer' retrieved from /home/airflow/.local/lib/python3.12/site-packages/airflow/example_dags/example_dataset_alias.py
[2026-07-25T09:28:40.121+0000] {logging_mixin.py:190} INFO - [2026-07-25T09:28:40.121+0000] {dag.py:3239} INFO - Sync 4 DAGs
[2026-07-25T09:28:40.134+0000] {logging_mixin.py:190} INFO - [2026-07-25T09:28:40.134+0000] {dag.py:4180} INFO - Setting next_dagrun for dataset_alias_example_alias_consumer to None, run_after=None
[2026-07-25T09:28:40.136+0000] {logging_mixin.py:190} INFO - [2026-07-25T09:28:40.136+0000] {dag.py:4180} INFO - Setting next_dagrun for dataset_alias_example_alias_producer to None, run_after=None
[2026-07-25T09:28:40.137+0000] {logging_mixin.py:190} INFO - [2026-07-25T09:28:40.137+0000] {dag.py:4180} INFO - Setting next_dagrun for dataset_s3_bucket_consumer to None, run_after=None
[2026-07-25T09:28:40.138+0000] {logging_mixin.py:190} INFO - [2026-07-25T09:28:40.138+0000] {dag.py:4180} INFO - Setting next_dagrun for dataset_s3_bucket_producer to None, run_after=None
[2026-07-25T09:28:40.167+0000] {processor.py:208} INFO - Processing /home/airflow/.local/lib/python3.12/site-packages/airflow/example_dags/example_dataset_alias.py took 4.587 seconds
[2026-07-25T09:29:11.023+0000] {processor.py:186} INFO - Started process (PID=363) to work on /home/airflow/.local/lib/python3.12/site-packages/airflow/example_dags/example_dataset_alias.py
[2026-07-25T09:29:11.024+0000] {processor.py:914} INFO - Processing file /home/airflow/.local/lib/python3.12/site-packages/airflow/example_dags/example_dataset_alias.py for tasks to queue
[2026-07-25T09:29:11.026+0000] {logging_mixin.py:190} INFO - [2026-07-25T09:29:11.026+0000] {dagbag.py:588} INFO - Filling up the DagBag from /home/airflow/.local/lib/python3.12/site-packages/airflow/example_dags/example_dataset_alias.py
[2026-07-25T09:29:15.593+0000] {processor.py:925} INFO - DAG(s) 'dataset_alias_example_alias_producer', 'dataset_s3_bucket_producer', 'dataset_alias_example_alias_consumer', 'dataset_s3_bucket_consumer' retrieved from /home/airflow/.local/lib/python3.12/site-packages/airflow/example_dags/example_dataset_alias.py
[2026-07-25T09:29:15.605+0000] {logging_mixin.py:190} INFO - [2026-07-25T09:29:15.605+0000] {dag.py:3239} INFO - Sync 4 DAGs
[2026-07-25T09:29:15.618+0000] {logging_mixin.py:190} INFO - [2026-07-25T09:29:15.618+0000] {dag.py:4180} INFO - Setting next_dagrun for dataset_alias_example_alias_consumer to None, run_after=None
[2026-07-25T09:29:15.619+0000] {logging_mixin.py:190} INFO - [2026-07-25T09:29:15.619+0000] {dag.py:4180} INFO - Setting next_dagrun for dataset_alias_example_alias_producer to None, run_after=None
[2026-07-25T09:29:15.621+0000] {logging_mixin.py:190} INFO - [2026-07-25T09:29:15.620+0000] {dag.py:4180} INFO - Setting next_dagrun for dataset_s3_bucket_consumer to None, run_after=None
[2026-07-25T09:29:15.622+0000] {logging_mixin.py:190} INFO - [2026-07-25T09:29:15.622+0000] {dag.py:4180} INFO - Setting next_dagrun for dataset_s3_bucket_producer to None, run_after=None
[2026-07-25T09:29:15.637+0000] {processor.py:208} INFO - Processing /home/airflow/.local/lib/python3.12/site-packages/airflow/example_dags/example_dataset_alias.py took 4.618 seconds
[2026-07-25T09:29:45.695+0000] {processor.py:186} INFO - Started process (PID=434) to work on /home/airflow/.local/lib/python3.12/site-packages/airflow/example_dags/example_dataset_alias.py
[2026-07-25T09:29:45.696+0000] {processor.py:914} INFO - Processing file /home/airflow/.local/lib/python3.12/site-packages/airflow/example_dags/example_dataset_alias.py for tasks to queue
[2026-07-25T09:29:45.698+0000] {logging_mixin.py:190} INFO - [2026-07-25T09:29:45.697+0000] {dagbag.py:588} INFO - Filling up the DagBag from /home/airflow/.local/lib/python3.12/site-packages/airflow/example_dags/example_dataset_alias.py
[2026-07-25T09:29:50.453+0000] {processor.py:925} INFO - DAG(s) 'dataset_alias_example_alias_producer', 'dataset_s3_bucket_producer', 'dataset_s3_bucket_consumer', 'dataset_alias_example_alias_consumer' retrieved from /home/airflow/.local/lib/python3.12/site-packages/airflow/example_dags/example_dataset_alias.py
[2026-07-25T09:29:50.465+0000] {logging_mixin.py:190} INFO - [2026-07-25T09:29:50.465+0000] {dag.py:3239} INFO - Sync 4 DAGs
[2026-07-25T09:29:50.479+0000] {logging_mixin.py:190} INFO - [2026-07-25T09:29:50.479+0000] {dag.py:4180} INFO - Setting next_dagrun for dataset_alias_example_alias_consumer to None, run_after=None
[2026-07-25T09:29:50.482+0000] {logging_mixin.py:190} INFO - [2026-07-25T09:29:50.482+0000] {dag.py:4180} INFO - Setting next_dagrun for dataset_alias_example_alias_producer to None, run_after=None
[2026-07-25T09:29:50.484+0000] {logging_mixin.py:190} INFO - [2026-07-25T09:29:50.483+0000] {dag.py:4180} INFO - Setting next_dagrun for dataset_s3_bucket_consumer to None, run_after=None
[2026-07-25T09:29:50.485+0000] {logging_mixin.py:190} INFO - [2026-07-25T09:29:50.485+0000] {dag.py:4180} INFO - Setting next_dagrun for dataset_s3_bucket_producer to None, run_after=None
[2026-07-25T09:29:50.501+0000] {processor.py:208} INFO - Processing /home/airflow/.local/lib/python3.12/site-packages/airflow/example_dags/example_dataset_alias.py took 4.810 seconds
[2026-07-25T09:30:21.387+0000] {processor.py:186} INFO - Started process (PID=507) to work on /home/airflow/.local/lib/python3.12/site-packages/airflow/example_dags/example_dataset_alias.py
[2026-07-25T09:30:21.387+0000] {processor.py:914} INFO - Processing file /home/airflow/.local/lib/python3.12/site-packages/airflow/example_dags/example_dataset_alias.py for tasks to queue
[2026-07-25T09:30:21.389+0000] {logging_mixin.py:190} INFO - [2026-07-25T09:30:21.389+0000] {dagbag.py:588} INFO - Filling up the DagBag from /home/airflow/.local/lib/python3.12/site-packages/airflow/example_dags/example_dataset_alias.py
[2026-07-25T09:30:25.576+0000] {processor.py:925} INFO - DAG(s) 'dataset_s3_bucket_consumer', 'dataset_alias_example_alias_producer', 'dataset_alias_example_alias_consumer', 'dataset_s3_bucket_producer' retrieved from /home/airflow/.local/lib/python3.12/site-packages/airflow/example_dags/example_dataset_alias.py
[2026-07-25T09:30:25.588+0000] {logging_mixin.py:190} INFO - [2026-07-25T09:30:25.587+0000] {dag.py:3239} INFO - Sync 4 DAGs
[2026-07-25T09:30:25.600+0000] {logging_mixin.py:190} INFO - [2026-07-25T09:30:25.599+0000] {dag.py:4180} INFO - Setting next_dagrun for dataset_alias_example_alias_consumer to None, run_after=None
[2026-07-25T09:30:25.601+0000] {logging_mixin.py:190} INFO - [2026-07-25T09:30:25.601+0000] {dag.py:4180} INFO - Setting next_dagrun for dataset_alias_example_alias_producer to None, run_after=None
[2026-07-25T09:30:25.603+0000] {logging_mixin.py:190} INFO - [2026-07-25T09:30:25.603+0000] {dag.py:4180} INFO - Setting next_dagrun for dataset_s3_bucket_consumer to None, run_after=None
[2026-07-25T09:30:25.604+0000] {logging_mixin.py:190} INFO - [2026-07-25T09:30:25.604+0000] {dag.py:4180} INFO - Setting next_dagrun for dataset_s3_bucket_producer to None, run_after=None
[2026-07-25T09:30:25.616+0000] {processor.py:208} INFO - Processing /home/airflow/.local/lib/python3.12/site-packages/airflow/example_dags/example_dataset_alias.py took 4.232 seconds
[2026-07-25T09:30:55.725+0000] {processor.py:186} INFO - Started process (PID=582) to work on /home/airflow/.local/lib/python3.12/site-packages/airflow/example_dags/example_dataset_alias.py
[2026-07-25T09:30:55.726+0000] {processor.py:914} INFO - Processing file /home/airflow/.local/lib/python3.12/site-packages/airflow/example_dags/example_dataset_alias.py for tasks to queue
[2026-07-25T09:30:55.729+0000] {logging_mixin.py:190} INFO - [2026-07-25T09:30:55.728+0000] {dagbag.py:588} INFO - Filling up the DagBag from /home/airflow/.local/lib/python3.12/site-packages/airflow/example_dags/example_dataset_alias.py
