[2026-07-25T09:06:20.522+0000] {processor.py:186} INFO - Started process (PID=100) to work on /home/airflow/.local/lib/python3.12/site-packages/airflow/example_dags/example_branch_day_of_week_operator.py
[2026-07-25T09:06:20.523+0000] {processor.py:914} INFO - Processing file /home/airflow/.local/lib/python3.12/site-packages/airflow/example_dags/example_branch_day_of_week_operator.py for tasks to queue
[2026-07-25T09:06:20.526+0000] {logging_mixin.py:190} INFO - [2026-07-25T09:06:20.526+0000] {dagbag.py:588} INFO - Filling up the DagBag from /home/airflow/.local/lib/python3.12/site-packages/airflow/example_dags/example_branch_day_of_week_operator.py
[2026-07-25T09:06:20.546+0000] {processor.py:925} INFO - DAG(s) 'example_weekday_branch_operator' retrieved from /home/airflow/.local/lib/python3.12/site-packages/airflow/example_dags/example_branch_day_of_week_operator.py
[2026-07-25T09:06:20.683+0000] {logging_mixin.py:190} INFO - [2026-07-25T09:06:20.682+0000] {override.py:1932} INFO - Created Permission View: can edit on DAG:example_weekday_branch_operator
[2026-07-25T09:06:20.694+0000] {logging_mixin.py:190} INFO - [2026-07-25T09:06:20.694+0000] {override.py:1932} INFO - Created Permission View: can read on DAG:example_weekday_branch_operator
[2026-07-25T09:06:20.703+0000] {logging_mixin.py:190} INFO - [2026-07-25T09:06:20.702+0000] {override.py:1932} INFO - Created Permission View: can delete on DAG:example_weekday_branch_operator
[2026-07-25T09:06:20.712+0000] {logging_mixin.py:190} INFO - [2026-07-25T09:06:20.712+0000] {override.py:1932} INFO - Created Permission View: can create on DAG Run:example_weekday_branch_operator
[2026-07-25T09:06:20.718+0000] {logging_mixin.py:190} INFO - [2026-07-25T09:06:20.718+0000] {override.py:1932} INFO - Created Permission View: can read on DAG Run:example_weekday_branch_operator
[2026-07-25T09:06:20.729+0000] {logging_mixin.py:190} INFO - [2026-07-25T09:06:20.728+0000] {override.py:1932} INFO - Created Permission View: can delete on DAG Run:example_weekday_branch_operator
[2026-07-25T09:06:20.737+0000] {logging_mixin.py:190} INFO - [2026-07-25T09:06:20.737+0000] {override.py:1932} INFO - Created Permission View: menu access on DAG Run:example_weekday_branch_operator
[2026-07-25T09:06:20.737+0000] {logging_mixin.py:190} INFO - [2026-07-25T09:06:20.737+0000] {dag.py:3239} INFO - Sync 1 DAGs
[2026-07-25T09:06:20.748+0000] {logging_mixin.py:190} INFO - [2026-07-25T09:06:20.748+0000] {dag.py:3262} INFO - Creating ORM DAG for example_weekday_branch_operator
[2026-07-25T09:06:20.756+0000] {logging_mixin.py:190} INFO - [2026-07-25T09:06:20.756+0000] {dag.py:4180} INFO - Setting next_dagrun for example_weekday_branch_operator to 2026-07-24 00:00:00+00:00, run_after=2026-07-25 00:00:00+00:00
[2026-07-25T09:06:20.775+0000] {processor.py:208} INFO - Processing /home/airflow/.local/lib/python3.12/site-packages/airflow/example_dags/example_branch_day_of_week_operator.py took 0.259 seconds
[2026-07-25T09:06:54.325+0000] {processor.py:186} INFO - Started process (PID=163) to work on /home/airflow/.local/lib/python3.12/site-packages/airflow/example_dags/example_branch_day_of_week_operator.py
[2026-07-25T09:06:54.326+0000] {processor.py:914} INFO - Processing file /home/airflow/.local/lib/python3.12/site-packages/airflow/example_dags/example_branch_day_of_week_operator.py for tasks to queue
[2026-07-25T09:06:54.328+0000] {logging_mixin.py:190} INFO - [2026-07-25T09:06:54.328+0000] {dagbag.py:588} INFO - Filling up the DagBag from /home/airflow/.local/lib/python3.12/site-packages/airflow/example_dags/example_branch_day_of_week_operator.py
[2026-07-25T09:06:54.334+0000] {processor.py:925} INFO - DAG(s) 'example_weekday_branch_operator' retrieved from /home/airflow/.local/lib/python3.12/site-packages/airflow/example_dags/example_branch_day_of_week_operator.py
[2026-07-25T09:06:54.347+0000] {logging_mixin.py:190} INFO - [2026-07-25T09:06:54.347+0000] {dag.py:3239} INFO - Sync 1 DAGs
[2026-07-25T09:06:54.361+0000] {logging_mixin.py:190} INFO - [2026-07-25T09:06:54.361+0000] {dag.py:4180} INFO - Setting next_dagrun for example_weekday_branch_operator to 2026-07-24 00:00:00+00:00, run_after=2026-07-25 00:00:00+00:00
[2026-07-25T09:06:54.373+0000] {processor.py:208} INFO - Processing /home/airflow/.local/lib/python3.12/site-packages/airflow/example_dags/example_branch_day_of_week_operator.py took 0.050 seconds
[2026-07-25T09:07:28.849+0000] {processor.py:186} INFO - Started process (PID=226) to work on /home/airflow/.local/lib/python3.12/site-packages/airflow/example_dags/example_branch_day_of_week_operator.py
[2026-07-25T09:07:28.850+0000] {processor.py:914} INFO - Processing file /home/airflow/.local/lib/python3.12/site-packages/airflow/example_dags/example_branch_day_of_week_operator.py for tasks to queue
[2026-07-25T09:07:28.852+0000] {logging_mixin.py:190} INFO - [2026-07-25T09:07:28.851+0000] {dagbag.py:588} INFO - Filling up the DagBag from /home/airflow/.local/lib/python3.12/site-packages/airflow/example_dags/example_branch_day_of_week_operator.py
[2026-07-25T09:07:28.858+0000] {processor.py:925} INFO - DAG(s) 'example_weekday_branch_operator' retrieved from /home/airflow/.local/lib/python3.12/site-packages/airflow/example_dags/example_branch_day_of_week_operator.py
[2026-07-25T09:07:28.871+0000] {logging_mixin.py:190} INFO - [2026-07-25T09:07:28.871+0000] {dag.py:3239} INFO - Sync 1 DAGs
[2026-07-25T09:07:28.885+0000] {logging_mixin.py:190} INFO - [2026-07-25T09:07:28.885+0000] {dag.py:4180} INFO - Setting next_dagrun for example_weekday_branch_operator to 2026-07-24 00:00:00+00:00, run_after=2026-07-25 00:00:00+00:00
[2026-07-25T09:07:28.895+0000] {processor.py:208} INFO - Processing /home/airflow/.local/lib/python3.12/site-packages/airflow/example_dags/example_branch_day_of_week_operator.py took 0.050 seconds
[2026-07-25T09:07:59.829+0000] {processor.py:186} INFO - Started process (PID=288) to work on /home/airflow/.local/lib/python3.12/site-packages/airflow/example_dags/example_branch_day_of_week_operator.py
[2026-07-25T09:07:59.830+0000] {processor.py:914} INFO - Processing file /home/airflow/.local/lib/python3.12/site-packages/airflow/example_dags/example_branch_day_of_week_operator.py for tasks to queue
[2026-07-25T09:07:59.832+0000] {logging_mixin.py:190} INFO - [2026-07-25T09:07:59.831+0000] {dagbag.py:588} INFO - Filling up the DagBag from /home/airflow/.local/lib/python3.12/site-packages/airflow/example_dags/example_branch_day_of_week_operator.py
[2026-07-25T09:07:59.838+0000] {processor.py:925} INFO - DAG(s) 'example_weekday_branch_operator' retrieved from /home/airflow/.local/lib/python3.12/site-packages/airflow/example_dags/example_branch_day_of_week_operator.py
[2026-07-25T09:07:59.851+0000] {logging_mixin.py:190} INFO - [2026-07-25T09:07:59.851+0000] {dag.py:3239} INFO - Sync 1 DAGs
[2026-07-25T09:07:59.863+0000] {logging_mixin.py:190} INFO - [2026-07-25T09:07:59.863+0000] {dag.py:4180} INFO - Setting next_dagrun for example_weekday_branch_operator to 2026-07-24 00:00:00+00:00, run_after=2026-07-25 00:00:00+00:00
[2026-07-25T09:07:59.874+0000] {processor.py:208} INFO - Processing /home/airflow/.local/lib/python3.12/site-packages/airflow/example_dags/example_branch_day_of_week_operator.py took 0.049 seconds
[2026-07-25T09:08:30.143+0000] {processor.py:186} INFO - Started process (PID=350) to work on /home/airflow/.local/lib/python3.12/site-packages/airflow/example_dags/example_branch_day_of_week_operator.py
[2026-07-25T09:08:30.144+0000] {processor.py:914} INFO - Processing file /home/airflow/.local/lib/python3.12/site-packages/airflow/example_dags/example_branch_day_of_week_operator.py for tasks to queue
[2026-07-25T09:08:30.146+0000] {logging_mixin.py:190} INFO - [2026-07-25T09:08:30.146+0000] {dagbag.py:588} INFO - Filling up the DagBag from /home/airflow/.local/lib/python3.12/site-packages/airflow/example_dags/example_branch_day_of_week_operator.py
[2026-07-25T09:08:30.152+0000] {processor.py:925} INFO - DAG(s) 'example_weekday_branch_operator' retrieved from /home/airflow/.local/lib/python3.12/site-packages/airflow/example_dags/example_branch_day_of_week_operator.py
[2026-07-25T09:08:30.165+0000] {logging_mixin.py:190} INFO - [2026-07-25T09:08:30.165+0000] {dag.py:3239} INFO - Sync 1 DAGs
[2026-07-25T09:08:30.179+0000] {logging_mixin.py:190} INFO - [2026-07-25T09:08:30.179+0000] {dag.py:4180} INFO - Setting next_dagrun for example_weekday_branch_operator to 2026-07-24 00:00:00+00:00, run_after=2026-07-25 00:00:00+00:00
[2026-07-25T09:08:30.190+0000] {processor.py:208} INFO - Processing /home/airflow/.local/lib/python3.12/site-packages/airflow/example_dags/example_branch_day_of_week_operator.py took 0.050 seconds
[2026-07-25T09:09:01.085+0000] {processor.py:186} INFO - Started process (PID=412) to work on /home/airflow/.local/lib/python3.12/site-packages/airflow/example_dags/example_branch_day_of_week_operator.py
[2026-07-25T09:09:01.086+0000] {processor.py:914} INFO - Processing file /home/airflow/.local/lib/python3.12/site-packages/airflow/example_dags/example_branch_day_of_week_operator.py for tasks to queue
[2026-07-25T09:09:01.088+0000] {logging_mixin.py:190} INFO - [2026-07-25T09:09:01.088+0000] {dagbag.py:588} INFO - Filling up the DagBag from /home/airflow/.local/lib/python3.12/site-packages/airflow/example_dags/example_branch_day_of_week_operator.py
[2026-07-25T09:09:01.096+0000] {processor.py:925} INFO - DAG(s) 'example_weekday_branch_operator' retrieved from /home/airflow/.local/lib/python3.12/site-packages/airflow/example_dags/example_branch_day_of_week_operator.py
[2026-07-25T09:09:01.111+0000] {logging_mixin.py:190} INFO - [2026-07-25T09:09:01.111+0000] {dag.py:3239} INFO - Sync 1 DAGs
[2026-07-25T09:09:01.127+0000] {logging_mixin.py:190} INFO - [2026-07-25T09:09:01.127+0000] {dag.py:4180} INFO - Setting next_dagrun for example_weekday_branch_operator to 2026-07-24 00:00:00+00:00, run_after=2026-07-25 00:00:00+00:00
[2026-07-25T09:09:01.140+0000] {processor.py:208} INFO - Processing /home/airflow/.local/lib/python3.12/site-packages/airflow/example_dags/example_branch_day_of_week_operator.py took 0.059 seconds
[2026-07-25T09:09:32.046+0000] {processor.py:186} INFO - Started process (PID=475) to work on /home/airflow/.local/lib/python3.12/site-packages/airflow/example_dags/example_branch_day_of_week_operator.py
[2026-07-25T09:09:32.047+0000] {processor.py:914} INFO - Processing file /home/airflow/.local/lib/python3.12/site-packages/airflow/example_dags/example_branch_day_of_week_operator.py for tasks to queue
[2026-07-25T09:09:32.050+0000] {logging_mixin.py:190} INFO - [2026-07-25T09:09:32.049+0000] {dagbag.py:588} INFO - Filling up the DagBag from /home/airflow/.local/lib/python3.12/site-packages/airflow/example_dags/example_branch_day_of_week_operator.py
[2026-07-25T09:09:32.056+0000] {processor.py:925} INFO - DAG(s) 'example_weekday_branch_operator' retrieved from /home/airflow/.local/lib/python3.12/site-packages/airflow/example_dags/example_branch_day_of_week_operator.py
[2026-07-25T09:09:32.069+0000] {logging_mixin.py:190} INFO - [2026-07-25T09:09:32.069+0000] {dag.py:3239} INFO - Sync 1 DAGs
[2026-07-25T09:09:32.082+0000] {logging_mixin.py:190} INFO - [2026-07-25T09:09:32.082+0000] {dag.py:4180} INFO - Setting next_dagrun for example_weekday_branch_operator to 2026-07-24 00:00:00+00:00, run_after=2026-07-25 00:00:00+00:00
[2026-07-25T09:09:32.093+0000] {processor.py:208} INFO - Processing /home/airflow/.local/lib/python3.12/site-packages/airflow/example_dags/example_branch_day_of_week_operator.py took 0.050 seconds
[2026-07-25T09:10:02.319+0000] {processor.py:186} INFO - Started process (PID=538) to work on /home/airflow/.local/lib/python3.12/site-packages/airflow/example_dags/example_branch_day_of_week_operator.py
[2026-07-25T09:10:02.319+0000] {processor.py:914} INFO - Processing file /home/airflow/.local/lib/python3.12/site-packages/airflow/example_dags/example_branch_day_of_week_operator.py for tasks to queue
[2026-07-25T09:10:02.321+0000] {logging_mixin.py:190} INFO - [2026-07-25T09:10:02.321+0000] {dagbag.py:588} INFO - Filling up the DagBag from /home/airflow/.local/lib/python3.12/site-packages/airflow/example_dags/example_branch_day_of_week_operator.py
[2026-07-25T09:10:02.328+0000] {processor.py:925} INFO - DAG(s) 'example_weekday_branch_operator' retrieved from /home/airflow/.local/lib/python3.12/site-packages/airflow/example_dags/example_branch_day_of_week_operator.py
[2026-07-25T09:10:02.341+0000] {logging_mixin.py:190} INFO - [2026-07-25T09:10:02.341+0000] {dag.py:3239} INFO - Sync 1 DAGs
[2026-07-25T09:10:02.355+0000] {logging_mixin.py:190} INFO - [2026-07-25T09:10:02.355+0000] {dag.py:4180} INFO - Setting next_dagrun for example_weekday_branch_operator to 2026-07-24 00:00:00+00:00, run_after=2026-07-25 00:00:00+00:00
[2026-07-25T09:10:02.366+0000] {processor.py:208} INFO - Processing /home/airflow/.local/lib/python3.12/site-packages/airflow/example_dags/example_branch_day_of_week_operator.py took 0.051 seconds
[2026-07-25T09:10:32.936+0000] {processor.py:186} INFO - Started process (PID=601) to work on /home/airflow/.local/lib/python3.12/site-packages/airflow/example_dags/example_branch_day_of_week_operator.py
[2026-07-25T09:10:32.937+0000] {processor.py:914} INFO - Processing file /home/airflow/.local/lib/python3.12/site-packages/airflow/example_dags/example_branch_day_of_week_operator.py for tasks to queue
[2026-07-25T09:10:32.939+0000] {logging_mixin.py:190} INFO - [2026-07-25T09:10:32.939+0000] {dagbag.py:588} INFO - Filling up the DagBag from /home/airflow/.local/lib/python3.12/site-packages/airflow/example_dags/example_branch_day_of_week_operator.py
[2026-07-25T09:10:32.945+0000] {processor.py:925} INFO - DAG(s) 'example_weekday_branch_operator' retrieved from /home/airflow/.local/lib/python3.12/site-packages/airflow/example_dags/example_branch_day_of_week_operator.py
[2026-07-25T09:10:32.959+0000] {logging_mixin.py:190} INFO - [2026-07-25T09:10:32.958+0000] {dag.py:3239} INFO - Sync 1 DAGs
[2026-07-25T09:10:32.974+0000] {logging_mixin.py:190} INFO - [2026-07-25T09:10:32.974+0000] {dag.py:4180} INFO - Setting next_dagrun for example_weekday_branch_operator to 2026-07-24 00:00:00+00:00, run_after=2026-07-25 00:00:00+00:00
[2026-07-25T09:10:32.986+0000] {processor.py:208} INFO - Processing /home/airflow/.local/lib/python3.12/site-packages/airflow/example_dags/example_branch_day_of_week_operator.py took 0.053 seconds
[2026-07-25T09:11:05.163+0000] {processor.py:186} INFO - Started process (PID=664) to work on /home/airflow/.local/lib/python3.12/site-packages/airflow/example_dags/example_branch_day_of_week_operator.py
[2026-07-25T09:11:05.164+0000] {processor.py:914} INFO - Processing file /home/airflow/.local/lib/python3.12/site-packages/airflow/example_dags/example_branch_day_of_week_operator.py for tasks to queue
[2026-07-25T09:11:05.166+0000] {logging_mixin.py:190} INFO - [2026-07-25T09:11:05.166+0000] {dagbag.py:588} INFO - Filling up the DagBag from /home/airflow/.local/lib/python3.12/site-packages/airflow/example_dags/example_branch_day_of_week_operator.py
[2026-07-25T09:11:05.172+0000] {processor.py:925} INFO - DAG(s) 'example_weekday_branch_operator' retrieved from /home/airflow/.local/lib/python3.12/site-packages/airflow/example_dags/example_branch_day_of_week_operator.py
[2026-07-25T09:11:05.185+0000] {logging_mixin.py:190} INFO - [2026-07-25T09:11:05.185+0000] {dag.py:3239} INFO - Sync 1 DAGs
[2026-07-25T09:11:05.198+0000] {logging_mixin.py:190} INFO - [2026-07-25T09:11:05.198+0000] {dag.py:4180} INFO - Setting next_dagrun for example_weekday_branch_operator to 2026-07-24 00:00:00+00:00, run_after=2026-07-25 00:00:00+00:00
[2026-07-25T09:11:05.209+0000] {processor.py:208} INFO - Processing /home/airflow/.local/lib/python3.12/site-packages/airflow/example_dags/example_branch_day_of_week_operator.py took 0.050 seconds
[2026-07-25T09:11:35.425+0000] {processor.py:186} INFO - Started process (PID=725) to work on /home/airflow/.local/lib/python3.12/site-packages/airflow/example_dags/example_branch_day_of_week_operator.py
[2026-07-25T09:11:35.426+0000] {processor.py:914} INFO - Processing file /home/airflow/.local/lib/python3.12/site-packages/airflow/example_dags/example_branch_day_of_week_operator.py for tasks to queue
[2026-07-25T09:11:35.428+0000] {logging_mixin.py:190} INFO - [2026-07-25T09:11:35.428+0000] {dagbag.py:588} INFO - Filling up the DagBag from /home/airflow/.local/lib/python3.12/site-packages/airflow/example_dags/example_branch_day_of_week_operator.py
[2026-07-25T09:11:35.435+0000] {processor.py:925} INFO - DAG(s) 'example_weekday_branch_operator' retrieved from /home/airflow/.local/lib/python3.12/site-packages/airflow/example_dags/example_branch_day_of_week_operator.py
[2026-07-25T09:11:35.449+0000] {logging_mixin.py:190} INFO - [2026-07-25T09:11:35.449+0000] {dag.py:3239} INFO - Sync 1 DAGs
[2026-07-25T09:11:35.464+0000] {logging_mixin.py:190} INFO - [2026-07-25T09:11:35.464+0000] {dag.py:4180} INFO - Setting next_dagrun for example_weekday_branch_operator to 2026-07-24 00:00:00+00:00, run_after=2026-07-25 00:00:00+00:00
[2026-07-25T09:11:35.477+0000] {processor.py:208} INFO - Processing /home/airflow/.local/lib/python3.12/site-packages/airflow/example_dags/example_branch_day_of_week_operator.py took 0.055 seconds
[2026-07-25T09:12:05.877+0000] {processor.py:186} INFO - Started process (PID=788) to work on /home/airflow/.local/lib/python3.12/site-packages/airflow/example_dags/example_branch_day_of_week_operator.py
[2026-07-25T09:12:05.878+0000] {processor.py:914} INFO - Processing file /home/airflow/.local/lib/python3.12/site-packages/airflow/example_dags/example_branch_day_of_week_operator.py for tasks to queue
[2026-07-25T09:12:05.881+0000] {logging_mixin.py:190} INFO - [2026-07-25T09:12:05.880+0000] {dagbag.py:588} INFO - Filling up the DagBag from /home/airflow/.local/lib/python3.12/site-packages/airflow/example_dags/example_branch_day_of_week_operator.py
[2026-07-25T09:12:05.889+0000] {processor.py:925} INFO - DAG(s) 'example_weekday_branch_operator' retrieved from /home/airflow/.local/lib/python3.12/site-packages/airflow/example_dags/example_branch_day_of_week_operator.py
[2026-07-25T09:12:05.905+0000] {logging_mixin.py:190} INFO - [2026-07-25T09:12:05.905+0000] {dag.py:3239} INFO - Sync 1 DAGs
[2026-07-25T09:12:05.921+0000] {logging_mixin.py:190} INFO - [2026-07-25T09:12:05.920+0000] {dag.py:4180} INFO - Setting next_dagrun for example_weekday_branch_operator to 2026-07-24 00:00:00+00:00, run_after=2026-07-25 00:00:00+00:00
[2026-07-25T09:12:05.932+0000] {processor.py:208} INFO - Processing /home/airflow/.local/lib/python3.12/site-packages/airflow/example_dags/example_branch_day_of_week_operator.py took 0.059 seconds
[2026-07-25T09:12:38.809+0000] {processor.py:186} INFO - Started process (PID=851) to work on /home/airflow/.local/lib/python3.12/site-packages/airflow/example_dags/example_branch_day_of_week_operator.py
[2026-07-25T09:12:38.810+0000] {processor.py:914} INFO - Processing file /home/airflow/.local/lib/python3.12/site-packages/airflow/example_dags/example_branch_day_of_week_operator.py for tasks to queue
[2026-07-25T09:12:38.813+0000] {logging_mixin.py:190} INFO - [2026-07-25T09:12:38.812+0000] {dagbag.py:588} INFO - Filling up the DagBag from /home/airflow/.local/lib/python3.12/site-packages/airflow/example_dags/example_branch_day_of_week_operator.py
[2026-07-25T09:12:38.819+0000] {processor.py:925} INFO - DAG(s) 'example_weekday_branch_operator' retrieved from /home/airflow/.local/lib/python3.12/site-packages/airflow/example_dags/example_branch_day_of_week_operator.py
[2026-07-25T09:12:38.832+0000] {logging_mixin.py:190} INFO - [2026-07-25T09:12:38.832+0000] {dag.py:3239} INFO - Sync 1 DAGs
[2026-07-25T09:12:38.846+0000] {logging_mixin.py:190} INFO - [2026-07-25T09:12:38.845+0000] {dag.py:4180} INFO - Setting next_dagrun for example_weekday_branch_operator to 2026-07-24 00:00:00+00:00, run_after=2026-07-25 00:00:00+00:00
[2026-07-25T09:12:38.858+0000] {processor.py:208} INFO - Processing /home/airflow/.local/lib/python3.12/site-packages/airflow/example_dags/example_branch_day_of_week_operator.py took 0.052 seconds
[2026-07-25T09:13:08.944+0000] {processor.py:186} INFO - Started process (PID=913) to work on /home/airflow/.local/lib/python3.12/site-packages/airflow/example_dags/example_branch_day_of_week_operator.py
[2026-07-25T09:13:08.945+0000] {processor.py:914} INFO - Processing file /home/airflow/.local/lib/python3.12/site-packages/airflow/example_dags/example_branch_day_of_week_operator.py for tasks to queue
[2026-07-25T09:13:08.946+0000] {logging_mixin.py:190} INFO - [2026-07-25T09:13:08.946+0000] {dagbag.py:588} INFO - Filling up the DagBag from /home/airflow/.local/lib/python3.12/site-packages/airflow/example_dags/example_branch_day_of_week_operator.py
[2026-07-25T09:13:08.953+0000] {processor.py:925} INFO - DAG(s) 'example_weekday_branch_operator' retrieved from /home/airflow/.local/lib/python3.12/site-packages/airflow/example_dags/example_branch_day_of_week_operator.py
[2026-07-25T09:13:08.966+0000] {logging_mixin.py:190} INFO - [2026-07-25T09:13:08.965+0000] {dag.py:3239} INFO - Sync 1 DAGs
[2026-07-25T09:13:08.979+0000] {logging_mixin.py:190} INFO - [2026-07-25T09:13:08.979+0000] {dag.py:4180} INFO - Setting next_dagrun for example_weekday_branch_operator to 2026-07-24 00:00:00+00:00, run_after=2026-07-25 00:00:00+00:00
[2026-07-25T09:13:08.990+0000] {processor.py:208} INFO - Processing /home/airflow/.local/lib/python3.12/site-packages/airflow/example_dags/example_branch_day_of_week_operator.py took 0.049 seconds
[2026-07-25T09:13:39.553+0000] {processor.py:186} INFO - Started process (PID=975) to work on /home/airflow/.local/lib/python3.12/site-packages/airflow/example_dags/example_branch_day_of_week_operator.py
[2026-07-25T09:13:39.554+0000] {processor.py:914} INFO - Processing file /home/airflow/.local/lib/python3.12/site-packages/airflow/example_dags/example_branch_day_of_week_operator.py for tasks to queue
[2026-07-25T09:13:39.555+0000] {logging_mixin.py:190} INFO - [2026-07-25T09:13:39.555+0000] {dagbag.py:588} INFO - Filling up the DagBag from /home/airflow/.local/lib/python3.12/site-packages/airflow/example_dags/example_branch_day_of_week_operator.py
[2026-07-25T09:13:39.562+0000] {processor.py:925} INFO - DAG(s) 'example_weekday_branch_operator' retrieved from /home/airflow/.local/lib/python3.12/site-packages/airflow/example_dags/example_branch_day_of_week_operator.py
[2026-07-25T09:13:39.576+0000] {logging_mixin.py:190} INFO - [2026-07-25T09:13:39.576+0000] {dag.py:3239} INFO - Sync 1 DAGs
[2026-07-25T09:13:39.594+0000] {logging_mixin.py:190} INFO - [2026-07-25T09:13:39.594+0000] {dag.py:4180} INFO - Setting next_dagrun for example_weekday_branch_operator to 2026-07-24 00:00:00+00:00, run_after=2026-07-25 00:00:00+00:00
[2026-07-25T09:13:39.609+0000] {processor.py:208} INFO - Processing /home/airflow/.local/lib/python3.12/site-packages/airflow/example_dags/example_branch_day_of_week_operator.py took 0.059 seconds
[2026-07-25T09:14:10.092+0000] {processor.py:186} INFO - Started process (PID=1038) to work on /home/airflow/.local/lib/python3.12/site-packages/airflow/example_dags/example_branch_day_of_week_operator.py
[2026-07-25T09:14:10.093+0000] {processor.py:914} INFO - Processing file /home/airflow/.local/lib/python3.12/site-packages/airflow/example_dags/example_branch_day_of_week_operator.py for tasks to queue
[2026-07-25T09:14:10.095+0000] {logging_mixin.py:190} INFO - [2026-07-25T09:14:10.095+0000] {dagbag.py:588} INFO - Filling up the DagBag from /home/airflow/.local/lib/python3.12/site-packages/airflow/example_dags/example_branch_day_of_week_operator.py
[2026-07-25T09:14:10.102+0000] {processor.py:925} INFO - DAG(s) 'example_weekday_branch_operator' retrieved from /home/airflow/.local/lib/python3.12/site-packages/airflow/example_dags/example_branch_day_of_week_operator.py
[2026-07-25T09:14:10.117+0000] {logging_mixin.py:190} INFO - [2026-07-25T09:14:10.117+0000] {dag.py:3239} INFO - Sync 1 DAGs
[2026-07-25T09:14:10.132+0000] {logging_mixin.py:190} INFO - [2026-07-25T09:14:10.132+0000] {dag.py:4180} INFO - Setting next_dagrun for example_weekday_branch_operator to 2026-07-24 00:00:00+00:00, run_after=2026-07-25 00:00:00+00:00
[2026-07-25T09:14:10.144+0000] {processor.py:208} INFO - Processing /home/airflow/.local/lib/python3.12/site-packages/airflow/example_dags/example_branch_day_of_week_operator.py took 0.055 seconds
[2026-07-25T09:15:39.697+0000] {processor.py:186} INFO - Started process (PID=100) to work on /home/airflow/.local/lib/python3.12/site-packages/airflow/example_dags/example_branch_day_of_week_operator.py
[2026-07-25T09:15:39.698+0000] {processor.py:914} INFO - Processing file /home/airflow/.local/lib/python3.12/site-packages/airflow/example_dags/example_branch_day_of_week_operator.py for tasks to queue
[2026-07-25T09:15:39.700+0000] {logging_mixin.py:190} INFO - [2026-07-25T09:15:39.700+0000] {dagbag.py:588} INFO - Filling up the DagBag from /home/airflow/.local/lib/python3.12/site-packages/airflow/example_dags/example_branch_day_of_week_operator.py
[2026-07-25T09:15:39.707+0000] {processor.py:925} INFO - DAG(s) 'example_weekday_branch_operator' retrieved from /home/airflow/.local/lib/python3.12/site-packages/airflow/example_dags/example_branch_day_of_week_operator.py
[2026-07-25T09:15:39.725+0000] {logging_mixin.py:190} INFO - [2026-07-25T09:15:39.725+0000] {dag.py:3239} INFO - Sync 1 DAGs
[2026-07-25T09:15:39.740+0000] {logging_mixin.py:190} INFO - [2026-07-25T09:15:39.740+0000] {dag.py:4180} INFO - Setting next_dagrun for example_weekday_branch_operator to 2026-07-24 00:00:00+00:00, run_after=2026-07-25 00:00:00+00:00
[2026-07-25T09:15:39.751+0000] {processor.py:208} INFO - Processing /home/airflow/.local/lib/python3.12/site-packages/airflow/example_dags/example_branch_day_of_week_operator.py took 0.057 seconds
[2026-07-25T09:16:11.498+0000] {processor.py:186} INFO - Started process (PID=162) to work on /home/airflow/.local/lib/python3.12/site-packages/airflow/example_dags/example_branch_day_of_week_operator.py
[2026-07-25T09:16:11.499+0000] {processor.py:914} INFO - Processing file /home/airflow/.local/lib/python3.12/site-packages/airflow/example_dags/example_branch_day_of_week_operator.py for tasks to queue
[2026-07-25T09:16:11.501+0000] {logging_mixin.py:190} INFO - [2026-07-25T09:16:11.501+0000] {dagbag.py:588} INFO - Filling up the DagBag from /home/airflow/.local/lib/python3.12/site-packages/airflow/example_dags/example_branch_day_of_week_operator.py
[2026-07-25T09:16:11.507+0000] {processor.py:925} INFO - DAG(s) 'example_weekday_branch_operator' retrieved from /home/airflow/.local/lib/python3.12/site-packages/airflow/example_dags/example_branch_day_of_week_operator.py
[2026-07-25T09:16:11.521+0000] {logging_mixin.py:190} INFO - [2026-07-25T09:16:11.520+0000] {dag.py:3239} INFO - Sync 1 DAGs
[2026-07-25T09:16:11.535+0000] {logging_mixin.py:190} INFO - [2026-07-25T09:16:11.535+0000] {dag.py:4180} INFO - Setting next_dagrun for example_weekday_branch_operator to 2026-07-24 00:00:00+00:00, run_after=2026-07-25 00:00:00+00:00
[2026-07-25T09:16:11.547+0000] {processor.py:208} INFO - Processing /home/airflow/.local/lib/python3.12/site-packages/airflow/example_dags/example_branch_day_of_week_operator.py took 0.052 seconds
[2026-07-25T09:16:42.211+0000] {processor.py:186} INFO - Started process (PID=224) to work on /home/airflow/.local/lib/python3.12/site-packages/airflow/example_dags/example_branch_day_of_week_operator.py
[2026-07-25T09:16:42.212+0000] {processor.py:914} INFO - Processing file /home/airflow/.local/lib/python3.12/site-packages/airflow/example_dags/example_branch_day_of_week_operator.py for tasks to queue
[2026-07-25T09:16:42.214+0000] {logging_mixin.py:190} INFO - [2026-07-25T09:16:42.213+0000] {dagbag.py:588} INFO - Filling up the DagBag from /home/airflow/.local/lib/python3.12/site-packages/airflow/example_dags/example_branch_day_of_week_operator.py
[2026-07-25T09:16:42.221+0000] {processor.py:925} INFO - DAG(s) 'example_weekday_branch_operator' retrieved from /home/airflow/.local/lib/python3.12/site-packages/airflow/example_dags/example_branch_day_of_week_operator.py
[2026-07-25T09:16:42.236+0000] {logging_mixin.py:190} INFO - [2026-07-25T09:16:42.236+0000] {dag.py:3239} INFO - Sync 1 DAGs
[2026-07-25T09:16:42.251+0000] {logging_mixin.py:190} INFO - [2026-07-25T09:16:42.251+0000] {dag.py:4180} INFO - Setting next_dagrun for example_weekday_branch_operator to 2026-07-24 00:00:00+00:00, run_after=2026-07-25 00:00:00+00:00
[2026-07-25T09:16:42.262+0000] {processor.py:208} INFO - Processing /home/airflow/.local/lib/python3.12/site-packages/airflow/example_dags/example_branch_day_of_week_operator.py took 0.055 seconds
[2026-07-25T09:17:12.666+0000] {processor.py:186} INFO - Started process (PID=286) to work on /home/airflow/.local/lib/python3.12/site-packages/airflow/example_dags/example_branch_day_of_week_operator.py
[2026-07-25T09:17:12.667+0000] {processor.py:914} INFO - Processing file /home/airflow/.local/lib/python3.12/site-packages/airflow/example_dags/example_branch_day_of_week_operator.py for tasks to queue
[2026-07-25T09:17:12.669+0000] {logging_mixin.py:190} INFO - [2026-07-25T09:17:12.669+0000] {dagbag.py:588} INFO - Filling up the DagBag from /home/airflow/.local/lib/python3.12/site-packages/airflow/example_dags/example_branch_day_of_week_operator.py
[2026-07-25T09:17:12.676+0000] {processor.py:925} INFO - DAG(s) 'example_weekday_branch_operator' retrieved from /home/airflow/.local/lib/python3.12/site-packages/airflow/example_dags/example_branch_day_of_week_operator.py
[2026-07-25T09:17:12.689+0000] {logging_mixin.py:190} INFO - [2026-07-25T09:17:12.689+0000] {dag.py:3239} INFO - Sync 1 DAGs
[2026-07-25T09:17:12.703+0000] {logging_mixin.py:190} INFO - [2026-07-25T09:17:12.703+0000] {dag.py:4180} INFO - Setting next_dagrun for example_weekday_branch_operator to 2026-07-24 00:00:00+00:00, run_after=2026-07-25 00:00:00+00:00
[2026-07-25T09:17:12.716+0000] {processor.py:208} INFO - Processing /home/airflow/.local/lib/python3.12/site-packages/airflow/example_dags/example_branch_day_of_week_operator.py took 0.053 seconds
[2026-07-25T09:17:43.064+0000] {processor.py:186} INFO - Started process (PID=349) to work on /home/airflow/.local/lib/python3.12/site-packages/airflow/example_dags/example_branch_day_of_week_operator.py
[2026-07-25T09:17:43.065+0000] {processor.py:914} INFO - Processing file /home/airflow/.local/lib/python3.12/site-packages/airflow/example_dags/example_branch_day_of_week_operator.py for tasks to queue
[2026-07-25T09:17:43.068+0000] {logging_mixin.py:190} INFO - [2026-07-25T09:17:43.068+0000] {dagbag.py:588} INFO - Filling up the DagBag from /home/airflow/.local/lib/python3.12/site-packages/airflow/example_dags/example_branch_day_of_week_operator.py
[2026-07-25T09:17:43.077+0000] {processor.py:925} INFO - DAG(s) 'example_weekday_branch_operator' retrieved from /home/airflow/.local/lib/python3.12/site-packages/airflow/example_dags/example_branch_day_of_week_operator.py
[2026-07-25T09:17:43.092+0000] {logging_mixin.py:190} INFO - [2026-07-25T09:17:43.092+0000] {dag.py:3239} INFO - Sync 1 DAGs
[2026-07-25T09:17:43.108+0000] {logging_mixin.py:190} INFO - [2026-07-25T09:17:43.108+0000] {dag.py:4180} INFO - Setting next_dagrun for example_weekday_branch_operator to 2026-07-24 00:00:00+00:00, run_after=2026-07-25 00:00:00+00:00
[2026-07-25T09:17:43.119+0000] {processor.py:208} INFO - Processing /home/airflow/.local/lib/python3.12/site-packages/airflow/example_dags/example_branch_day_of_week_operator.py took 0.060 seconds
[2026-07-25T09:18:13.504+0000] {processor.py:186} INFO - Started process (PID=412) to work on /home/airflow/.local/lib/python3.12/site-packages/airflow/example_dags/example_branch_day_of_week_operator.py
[2026-07-25T09:18:13.505+0000] {processor.py:914} INFO - Processing file /home/airflow/.local/lib/python3.12/site-packages/airflow/example_dags/example_branch_day_of_week_operator.py for tasks to queue
[2026-07-25T09:18:13.506+0000] {logging_mixin.py:190} INFO - [2026-07-25T09:18:13.506+0000] {dagbag.py:588} INFO - Filling up the DagBag from /home/airflow/.local/lib/python3.12/site-packages/airflow/example_dags/example_branch_day_of_week_operator.py
[2026-07-25T09:18:13.512+0000] {processor.py:925} INFO - DAG(s) 'example_weekday_branch_operator' retrieved from /home/airflow/.local/lib/python3.12/site-packages/airflow/example_dags/example_branch_day_of_week_operator.py
[2026-07-25T09:18:13.525+0000] {logging_mixin.py:190} INFO - [2026-07-25T09:18:13.525+0000] {dag.py:3239} INFO - Sync 1 DAGs
[2026-07-25T09:18:13.539+0000] {logging_mixin.py:190} INFO - [2026-07-25T09:18:13.538+0000] {dag.py:4180} INFO - Setting next_dagrun for example_weekday_branch_operator to 2026-07-24 00:00:00+00:00, run_after=2026-07-25 00:00:00+00:00
[2026-07-25T09:18:13.551+0000] {processor.py:208} INFO - Processing /home/airflow/.local/lib/python3.12/site-packages/airflow/example_dags/example_branch_day_of_week_operator.py took 0.050 seconds
[2026-07-25T09:18:43.772+0000] {processor.py:186} INFO - Started process (PID=475) to work on /home/airflow/.local/lib/python3.12/site-packages/airflow/example_dags/example_branch_day_of_week_operator.py
[2026-07-25T09:18:43.773+0000] {processor.py:914} INFO - Processing file /home/airflow/.local/lib/python3.12/site-packages/airflow/example_dags/example_branch_day_of_week_operator.py for tasks to queue
[2026-07-25T09:18:43.775+0000] {logging_mixin.py:190} INFO - [2026-07-25T09:18:43.774+0000] {dagbag.py:588} INFO - Filling up the DagBag from /home/airflow/.local/lib/python3.12/site-packages/airflow/example_dags/example_branch_day_of_week_operator.py
[2026-07-25T09:18:43.781+0000] {processor.py:925} INFO - DAG(s) 'example_weekday_branch_operator' retrieved from /home/airflow/.local/lib/python3.12/site-packages/airflow/example_dags/example_branch_day_of_week_operator.py
[2026-07-25T09:18:43.795+0000] {logging_mixin.py:190} INFO - [2026-07-25T09:18:43.795+0000] {dag.py:3239} INFO - Sync 1 DAGs
[2026-07-25T09:18:43.809+0000] {logging_mixin.py:190} INFO - [2026-07-25T09:18:43.809+0000] {dag.py:4180} INFO - Setting next_dagrun for example_weekday_branch_operator to 2026-07-24 00:00:00+00:00, run_after=2026-07-25 00:00:00+00:00
[2026-07-25T09:18:43.822+0000] {processor.py:208} INFO - Processing /home/airflow/.local/lib/python3.12/site-packages/airflow/example_dags/example_branch_day_of_week_operator.py took 0.054 seconds
[2026-07-25T09:19:14.676+0000] {processor.py:186} INFO - Started process (PID=538) to work on /home/airflow/.local/lib/python3.12/site-packages/airflow/example_dags/example_branch_day_of_week_operator.py
[2026-07-25T09:19:14.677+0000] {processor.py:914} INFO - Processing file /home/airflow/.local/lib/python3.12/site-packages/airflow/example_dags/example_branch_day_of_week_operator.py for tasks to queue
[2026-07-25T09:19:14.678+0000] {logging_mixin.py:190} INFO - [2026-07-25T09:19:14.678+0000] {dagbag.py:588} INFO - Filling up the DagBag from /home/airflow/.local/lib/python3.12/site-packages/airflow/example_dags/example_branch_day_of_week_operator.py
[2026-07-25T09:19:14.685+0000] {processor.py:925} INFO - DAG(s) 'example_weekday_branch_operator' retrieved from /home/airflow/.local/lib/python3.12/site-packages/airflow/example_dags/example_branch_day_of_week_operator.py
[2026-07-25T09:19:14.699+0000] {logging_mixin.py:190} INFO - [2026-07-25T09:19:14.699+0000] {dag.py:3239} INFO - Sync 1 DAGs
[2026-07-25T09:19:14.714+0000] {logging_mixin.py:190} INFO - [2026-07-25T09:19:14.714+0000] {dag.py:4180} INFO - Setting next_dagrun for example_weekday_branch_operator to 2026-07-24 00:00:00+00:00, run_after=2026-07-25 00:00:00+00:00
[2026-07-25T09:19:14.726+0000] {processor.py:208} INFO - Processing /home/airflow/.local/lib/python3.12/site-packages/airflow/example_dags/example_branch_day_of_week_operator.py took 0.054 seconds
[2026-07-25T09:20:51.795+0000] {processor.py:186} INFO - Started process (PID=100) to work on /home/airflow/.local/lib/python3.12/site-packages/airflow/example_dags/example_branch_day_of_week_operator.py
[2026-07-25T09:20:51.796+0000] {processor.py:914} INFO - Processing file /home/airflow/.local/lib/python3.12/site-packages/airflow/example_dags/example_branch_day_of_week_operator.py for tasks to queue
[2026-07-25T09:20:51.798+0000] {logging_mixin.py:190} INFO - [2026-07-25T09:20:51.798+0000] {dagbag.py:588} INFO - Filling up the DagBag from /home/airflow/.local/lib/python3.12/site-packages/airflow/example_dags/example_branch_day_of_week_operator.py
[2026-07-25T09:20:51.806+0000] {processor.py:925} INFO - DAG(s) 'example_weekday_branch_operator' retrieved from /home/airflow/.local/lib/python3.12/site-packages/airflow/example_dags/example_branch_day_of_week_operator.py
[2026-07-25T09:20:51.824+0000] {logging_mixin.py:190} INFO - [2026-07-25T09:20:51.824+0000] {dag.py:3239} INFO - Sync 1 DAGs
[2026-07-25T09:20:51.839+0000] {logging_mixin.py:190} INFO - [2026-07-25T09:20:51.839+0000] {dag.py:4180} INFO - Setting next_dagrun for example_weekday_branch_operator to 2026-07-24 00:00:00+00:00, run_after=2026-07-25 00:00:00+00:00
[2026-07-25T09:20:51.851+0000] {processor.py:208} INFO - Processing /home/airflow/.local/lib/python3.12/site-packages/airflow/example_dags/example_branch_day_of_week_operator.py took 0.059 seconds
[2026-07-25T09:21:24.253+0000] {processor.py:186} INFO - Started process (PID=162) to work on /home/airflow/.local/lib/python3.12/site-packages/airflow/example_dags/example_branch_day_of_week_operator.py
[2026-07-25T09:21:24.254+0000] {processor.py:914} INFO - Processing file /home/airflow/.local/lib/python3.12/site-packages/airflow/example_dags/example_branch_day_of_week_operator.py for tasks to queue
[2026-07-25T09:21:24.256+0000] {logging_mixin.py:190} INFO - [2026-07-25T09:21:24.256+0000] {dagbag.py:588} INFO - Filling up the DagBag from /home/airflow/.local/lib/python3.12/site-packages/airflow/example_dags/example_branch_day_of_week_operator.py
[2026-07-25T09:21:24.263+0000] {processor.py:925} INFO - DAG(s) 'example_weekday_branch_operator' retrieved from /home/airflow/.local/lib/python3.12/site-packages/airflow/example_dags/example_branch_day_of_week_operator.py
[2026-07-25T09:21:24.277+0000] {logging_mixin.py:190} INFO - [2026-07-25T09:21:24.277+0000] {dag.py:3239} INFO - Sync 1 DAGs
[2026-07-25T09:21:24.291+0000] {logging_mixin.py:190} INFO - [2026-07-25T09:21:24.291+0000] {dag.py:4180} INFO - Setting next_dagrun for example_weekday_branch_operator to 2026-07-24 00:00:00+00:00, run_after=2026-07-25 00:00:00+00:00
[2026-07-25T09:21:24.304+0000] {processor.py:208} INFO - Processing /home/airflow/.local/lib/python3.12/site-packages/airflow/example_dags/example_branch_day_of_week_operator.py took 0.055 seconds
[2026-07-25T09:21:54.704+0000] {processor.py:186} INFO - Started process (PID=224) to work on /home/airflow/.local/lib/python3.12/site-packages/airflow/example_dags/example_branch_day_of_week_operator.py
[2026-07-25T09:21:54.705+0000] {processor.py:914} INFO - Processing file /home/airflow/.local/lib/python3.12/site-packages/airflow/example_dags/example_branch_day_of_week_operator.py for tasks to queue
[2026-07-25T09:21:54.707+0000] {logging_mixin.py:190} INFO - [2026-07-25T09:21:54.707+0000] {dagbag.py:588} INFO - Filling up the DagBag from /home/airflow/.local/lib/python3.12/site-packages/airflow/example_dags/example_branch_day_of_week_operator.py
[2026-07-25T09:21:54.714+0000] {processor.py:925} INFO - DAG(s) 'example_weekday_branch_operator' retrieved from /home/airflow/.local/lib/python3.12/site-packages/airflow/example_dags/example_branch_day_of_week_operator.py
[2026-07-25T09:21:54.727+0000] {logging_mixin.py:190} INFO - [2026-07-25T09:21:54.727+0000] {dag.py:3239} INFO - Sync 1 DAGs
[2026-07-25T09:21:54.743+0000] {logging_mixin.py:190} INFO - [2026-07-25T09:21:54.742+0000] {dag.py:4180} INFO - Setting next_dagrun for example_weekday_branch_operator to 2026-07-24 00:00:00+00:00, run_after=2026-07-25 00:00:00+00:00
[2026-07-25T09:21:54.755+0000] {processor.py:208} INFO - Processing /home/airflow/.local/lib/python3.12/site-packages/airflow/example_dags/example_branch_day_of_week_operator.py took 0.054 seconds
[2026-07-25T09:22:24.903+0000] {processor.py:186} INFO - Started process (PID=286) to work on /home/airflow/.local/lib/python3.12/site-packages/airflow/example_dags/example_branch_day_of_week_operator.py
[2026-07-25T09:22:24.904+0000] {processor.py:914} INFO - Processing file /home/airflow/.local/lib/python3.12/site-packages/airflow/example_dags/example_branch_day_of_week_operator.py for tasks to queue
[2026-07-25T09:22:24.906+0000] {logging_mixin.py:190} INFO - [2026-07-25T09:22:24.906+0000] {dagbag.py:588} INFO - Filling up the DagBag from /home/airflow/.local/lib/python3.12/site-packages/airflow/example_dags/example_branch_day_of_week_operator.py
[2026-07-25T09:22:24.912+0000] {processor.py:925} INFO - DAG(s) 'example_weekday_branch_operator' retrieved from /home/airflow/.local/lib/python3.12/site-packages/airflow/example_dags/example_branch_day_of_week_operator.py
[2026-07-25T09:22:24.925+0000] {logging_mixin.py:190} INFO - [2026-07-25T09:22:24.925+0000] {dag.py:3239} INFO - Sync 1 DAGs
[2026-07-25T09:22:24.939+0000] {logging_mixin.py:190} INFO - [2026-07-25T09:22:24.939+0000] {dag.py:4180} INFO - Setting next_dagrun for example_weekday_branch_operator to 2026-07-24 00:00:00+00:00, run_after=2026-07-25 00:00:00+00:00
[2026-07-25T09:22:24.949+0000] {processor.py:208} INFO - Processing /home/airflow/.local/lib/python3.12/site-packages/airflow/example_dags/example_branch_day_of_week_operator.py took 0.050 seconds
[2026-07-25T09:24:03.174+0000] {processor.py:186} INFO - Started process (PID=100) to work on /home/airflow/.local/lib/python3.12/site-packages/airflow/example_dags/example_branch_day_of_week_operator.py
[2026-07-25T09:24:03.175+0000] {processor.py:914} INFO - Processing file /home/airflow/.local/lib/python3.12/site-packages/airflow/example_dags/example_branch_day_of_week_operator.py for tasks to queue
[2026-07-25T09:24:03.177+0000] {logging_mixin.py:190} INFO - [2026-07-25T09:24:03.176+0000] {dagbag.py:588} INFO - Filling up the DagBag from /home/airflow/.local/lib/python3.12/site-packages/airflow/example_dags/example_branch_day_of_week_operator.py
[2026-07-25T09:24:03.185+0000] {processor.py:925} INFO - DAG(s) 'example_weekday_branch_operator' retrieved from /home/airflow/.local/lib/python3.12/site-packages/airflow/example_dags/example_branch_day_of_week_operator.py
[2026-07-25T09:24:03.202+0000] {logging_mixin.py:190} INFO - [2026-07-25T09:24:03.202+0000] {dag.py:3239} INFO - Sync 1 DAGs
[2026-07-25T09:24:03.217+0000] {logging_mixin.py:190} INFO - [2026-07-25T09:24:03.217+0000] {dag.py:4180} INFO - Setting next_dagrun for example_weekday_branch_operator to 2026-07-24 00:00:00+00:00, run_after=2026-07-25 00:00:00+00:00
[2026-07-25T09:24:03.241+0000] {processor.py:208} INFO - Processing /home/airflow/.local/lib/python3.12/site-packages/airflow/example_dags/example_branch_day_of_week_operator.py took 0.071 seconds
[2026-07-25T09:24:35.510+0000] {processor.py:186} INFO - Started process (PID=162) to work on /home/airflow/.local/lib/python3.12/site-packages/airflow/example_dags/example_branch_day_of_week_operator.py
[2026-07-25T09:24:35.511+0000] {processor.py:914} INFO - Processing file /home/airflow/.local/lib/python3.12/site-packages/airflow/example_dags/example_branch_day_of_week_operator.py for tasks to queue
[2026-07-25T09:24:35.513+0000] {logging_mixin.py:190} INFO - [2026-07-25T09:24:35.512+0000] {dagbag.py:588} INFO - Filling up the DagBag from /home/airflow/.local/lib/python3.12/site-packages/airflow/example_dags/example_branch_day_of_week_operator.py
[2026-07-25T09:24:35.519+0000] {processor.py:925} INFO - DAG(s) 'example_weekday_branch_operator' retrieved from /home/airflow/.local/lib/python3.12/site-packages/airflow/example_dags/example_branch_day_of_week_operator.py
[2026-07-25T09:24:35.534+0000] {logging_mixin.py:190} INFO - [2026-07-25T09:24:35.534+0000] {dag.py:3239} INFO - Sync 1 DAGs
[2026-07-25T09:24:35.547+0000] {logging_mixin.py:190} INFO - [2026-07-25T09:24:35.547+0000] {dag.py:4180} INFO - Setting next_dagrun for example_weekday_branch_operator to 2026-07-24 00:00:00+00:00, run_after=2026-07-25 00:00:00+00:00
[2026-07-25T09:24:35.570+0000] {processor.py:208} INFO - Processing /home/airflow/.local/lib/python3.12/site-packages/airflow/example_dags/example_branch_day_of_week_operator.py took 0.064 seconds
[2026-07-25T09:25:05.775+0000] {processor.py:186} INFO - Started process (PID=224) to work on /home/airflow/.local/lib/python3.12/site-packages/airflow/example_dags/example_branch_day_of_week_operator.py
[2026-07-25T09:25:05.776+0000] {processor.py:914} INFO - Processing file /home/airflow/.local/lib/python3.12/site-packages/airflow/example_dags/example_branch_day_of_week_operator.py for tasks to queue
[2026-07-25T09:25:05.778+0000] {logging_mixin.py:190} INFO - [2026-07-25T09:25:05.778+0000] {dagbag.py:588} INFO - Filling up the DagBag from /home/airflow/.local/lib/python3.12/site-packages/airflow/example_dags/example_branch_day_of_week_operator.py
[2026-07-25T09:25:05.784+0000] {processor.py:925} INFO - DAG(s) 'example_weekday_branch_operator' retrieved from /home/airflow/.local/lib/python3.12/site-packages/airflow/example_dags/example_branch_day_of_week_operator.py
[2026-07-25T09:25:05.798+0000] {logging_mixin.py:190} INFO - [2026-07-25T09:25:05.798+0000] {dag.py:3239} INFO - Sync 1 DAGs
[2026-07-25T09:25:05.811+0000] {logging_mixin.py:190} INFO - [2026-07-25T09:25:05.811+0000] {dag.py:4180} INFO - Setting next_dagrun for example_weekday_branch_operator to 2026-07-24 00:00:00+00:00, run_after=2026-07-25 00:00:00+00:00
[2026-07-25T09:25:05.825+0000] {processor.py:208} INFO - Processing /home/airflow/.local/lib/python3.12/site-packages/airflow/example_dags/example_branch_day_of_week_operator.py took 0.053 seconds
[2026-07-25T09:25:36.522+0000] {processor.py:186} INFO - Started process (PID=286) to work on /home/airflow/.local/lib/python3.12/site-packages/airflow/example_dags/example_branch_day_of_week_operator.py
[2026-07-25T09:25:36.523+0000] {processor.py:914} INFO - Processing file /home/airflow/.local/lib/python3.12/site-packages/airflow/example_dags/example_branch_day_of_week_operator.py for tasks to queue
[2026-07-25T09:25:36.525+0000] {logging_mixin.py:190} INFO - [2026-07-25T09:25:36.524+0000] {dagbag.py:588} INFO - Filling up the DagBag from /home/airflow/.local/lib/python3.12/site-packages/airflow/example_dags/example_branch_day_of_week_operator.py
[2026-07-25T09:25:36.532+0000] {processor.py:925} INFO - DAG(s) 'example_weekday_branch_operator' retrieved from /home/airflow/.local/lib/python3.12/site-packages/airflow/example_dags/example_branch_day_of_week_operator.py
[2026-07-25T09:25:36.544+0000] {logging_mixin.py:190} INFO - [2026-07-25T09:25:36.544+0000] {dag.py:3239} INFO - Sync 1 DAGs
[2026-07-25T09:25:36.558+0000] {logging_mixin.py:190} INFO - [2026-07-25T09:25:36.557+0000] {dag.py:4180} INFO - Setting next_dagrun for example_weekday_branch_operator to 2026-07-24 00:00:00+00:00, run_after=2026-07-25 00:00:00+00:00
[2026-07-25T09:25:36.570+0000] {processor.py:208} INFO - Processing /home/airflow/.local/lib/python3.12/site-packages/airflow/example_dags/example_branch_day_of_week_operator.py took 0.052 seconds
[2026-07-25T09:26:56.913+0000] {processor.py:186} INFO - Started process (PID=100) to work on /home/airflow/.local/lib/python3.12/site-packages/airflow/example_dags/example_branch_day_of_week_operator.py
[2026-07-25T09:26:56.914+0000] {processor.py:914} INFO - Processing file /home/airflow/.local/lib/python3.12/site-packages/airflow/example_dags/example_branch_day_of_week_operator.py for tasks to queue
[2026-07-25T09:26:56.918+0000] {logging_mixin.py:190} INFO - [2026-07-25T09:26:56.917+0000] {dagbag.py:588} INFO - Filling up the DagBag from /home/airflow/.local/lib/python3.12/site-packages/airflow/example_dags/example_branch_day_of_week_operator.py
[2026-07-25T09:26:56.928+0000] {processor.py:925} INFO - DAG(s) 'example_weekday_branch_operator' retrieved from /home/airflow/.local/lib/python3.12/site-packages/airflow/example_dags/example_branch_day_of_week_operator.py
[2026-07-25T09:26:57.028+0000] {logging_mixin.py:190} INFO - [2026-07-25T09:26:57.027+0000] {override.py:1932} INFO - Created Permission View: can edit on DAG:example_weekday_branch_operator
[2026-07-25T09:26:57.037+0000] {logging_mixin.py:190} INFO - [2026-07-25T09:26:57.037+0000] {override.py:1932} INFO - Created Permission View: can read on DAG:example_weekday_branch_operator
[2026-07-25T09:26:57.045+0000] {logging_mixin.py:190} INFO - [2026-07-25T09:26:57.045+0000] {override.py:1932} INFO - Created Permission View: can delete on DAG:example_weekday_branch_operator
[2026-07-25T09:26:57.053+0000] {logging_mixin.py:190} INFO - [2026-07-25T09:26:57.052+0000] {override.py:1932} INFO - Created Permission View: menu access on DAG Run:example_weekday_branch_operator
[2026-07-25T09:26:57.059+0000] {logging_mixin.py:190} INFO - [2026-07-25T09:26:57.059+0000] {override.py:1932} INFO - Created Permission View: can read on DAG Run:example_weekday_branch_operator
[2026-07-25T09:26:57.065+0000] {logging_mixin.py:190} INFO - [2026-07-25T09:26:57.064+0000] {override.py:1932} INFO - Created Permission View: can create on DAG Run:example_weekday_branch_operator
[2026-07-25T09:26:57.071+0000] {logging_mixin.py:190} INFO - [2026-07-25T09:26:57.071+0000] {override.py:1932} INFO - Created Permission View: can delete on DAG Run:example_weekday_branch_operator
[2026-07-25T09:26:57.072+0000] {logging_mixin.py:190} INFO - [2026-07-25T09:26:57.072+0000] {dag.py:3239} INFO - Sync 1 DAGs
[2026-07-25T09:26:57.084+0000] {logging_mixin.py:190} INFO - [2026-07-25T09:26:57.084+0000] {dag.py:3262} INFO - Creating ORM DAG for example_weekday_branch_operator
[2026-07-25T09:26:57.094+0000] {logging_mixin.py:190} INFO - [2026-07-25T09:26:57.094+0000] {dag.py:4180} INFO - Setting next_dagrun for example_weekday_branch_operator to 2026-07-24 00:00:00+00:00, run_after=2026-07-25 00:00:00+00:00
[2026-07-25T09:26:57.109+0000] {processor.py:208} INFO - Processing /home/airflow/.local/lib/python3.12/site-packages/airflow/example_dags/example_branch_day_of_week_operator.py took 0.201 seconds
[2026-07-25T09:27:28.507+0000] {processor.py:186} INFO - Started process (PID=162) to work on /home/airflow/.local/lib/python3.12/site-packages/airflow/example_dags/example_branch_day_of_week_operator.py
[2026-07-25T09:27:28.508+0000] {processor.py:914} INFO - Processing file /home/airflow/.local/lib/python3.12/site-packages/airflow/example_dags/example_branch_day_of_week_operator.py for tasks to queue
[2026-07-25T09:27:28.509+0000] {logging_mixin.py:190} INFO - [2026-07-25T09:27:28.509+0000] {dagbag.py:588} INFO - Filling up the DagBag from /home/airflow/.local/lib/python3.12/site-packages/airflow/example_dags/example_branch_day_of_week_operator.py
[2026-07-25T09:27:28.516+0000] {processor.py:925} INFO - DAG(s) 'example_weekday_branch_operator' retrieved from /home/airflow/.local/lib/python3.12/site-packages/airflow/example_dags/example_branch_day_of_week_operator.py
[2026-07-25T09:27:28.530+0000] {logging_mixin.py:190} INFO - [2026-07-25T09:27:28.530+0000] {dag.py:3239} INFO - Sync 1 DAGs
[2026-07-25T09:27:28.544+0000] {logging_mixin.py:190} INFO - [2026-07-25T09:27:28.544+0000] {dag.py:4180} INFO - Setting next_dagrun for example_weekday_branch_operator to 2026-07-24 00:00:00+00:00, run_after=2026-07-25 00:00:00+00:00
[2026-07-25T09:27:28.563+0000] {processor.py:208} INFO - Processing /home/airflow/.local/lib/python3.12/site-packages/airflow/example_dags/example_branch_day_of_week_operator.py took 0.060 seconds
[2026-07-25T09:27:58.670+0000] {processor.py:186} INFO - Started process (PID=224) to work on /home/airflow/.local/lib/python3.12/site-packages/airflow/example_dags/example_branch_day_of_week_operator.py
[2026-07-25T09:27:58.671+0000] {processor.py:914} INFO - Processing file /home/airflow/.local/lib/python3.12/site-packages/airflow/example_dags/example_branch_day_of_week_operator.py for tasks to queue
[2026-07-25T09:27:58.673+0000] {logging_mixin.py:190} INFO - [2026-07-25T09:27:58.673+0000] {dagbag.py:588} INFO - Filling up the DagBag from /home/airflow/.local/lib/python3.12/site-packages/airflow/example_dags/example_branch_day_of_week_operator.py
[2026-07-25T09:27:58.680+0000] {processor.py:925} INFO - DAG(s) 'example_weekday_branch_operator' retrieved from /home/airflow/.local/lib/python3.12/site-packages/airflow/example_dags/example_branch_day_of_week_operator.py
[2026-07-25T09:27:58.694+0000] {logging_mixin.py:190} INFO - [2026-07-25T09:27:58.694+0000] {dag.py:3239} INFO - Sync 1 DAGs
[2026-07-25T09:27:58.709+0000] {logging_mixin.py:190} INFO - [2026-07-25T09:27:58.708+0000] {dag.py:4180} INFO - Setting next_dagrun for example_weekday_branch_operator to 2026-07-24 00:00:00+00:00, run_after=2026-07-25 00:00:00+00:00
[2026-07-25T09:27:58.720+0000] {processor.py:208} INFO - Processing /home/airflow/.local/lib/python3.12/site-packages/airflow/example_dags/example_branch_day_of_week_operator.py took 0.054 seconds
[2026-07-25T09:28:28.761+0000] {processor.py:186} INFO - Started process (PID=286) to work on /home/airflow/.local/lib/python3.12/site-packages/airflow/example_dags/example_branch_day_of_week_operator.py
[2026-07-25T09:28:28.762+0000] {processor.py:914} INFO - Processing file /home/airflow/.local/lib/python3.12/site-packages/airflow/example_dags/example_branch_day_of_week_operator.py for tasks to queue
[2026-07-25T09:28:28.764+0000] {logging_mixin.py:190} INFO - [2026-07-25T09:28:28.763+0000] {dagbag.py:588} INFO - Filling up the DagBag from /home/airflow/.local/lib/python3.12/site-packages/airflow/example_dags/example_branch_day_of_week_operator.py
[2026-07-25T09:28:28.771+0000] {processor.py:925} INFO - DAG(s) 'example_weekday_branch_operator' retrieved from /home/airflow/.local/lib/python3.12/site-packages/airflow/example_dags/example_branch_day_of_week_operator.py
[2026-07-25T09:28:28.787+0000] {logging_mixin.py:190} INFO - [2026-07-25T09:28:28.787+0000] {dag.py:3239} INFO - Sync 1 DAGs
[2026-07-25T09:28:28.805+0000] {logging_mixin.py:190} INFO - [2026-07-25T09:28:28.805+0000] {dag.py:4180} INFO - Setting next_dagrun for example_weekday_branch_operator to 2026-07-24 00:00:00+00:00, run_after=2026-07-25 00:00:00+00:00
[2026-07-25T09:28:28.818+0000] {processor.py:208} INFO - Processing /home/airflow/.local/lib/python3.12/site-packages/airflow/example_dags/example_branch_day_of_week_operator.py took 0.060 seconds
[2026-07-25T09:28:59.328+0000] {processor.py:186} INFO - Started process (PID=349) to work on /home/airflow/.local/lib/python3.12/site-packages/airflow/example_dags/example_branch_day_of_week_operator.py
[2026-07-25T09:28:59.329+0000] {processor.py:914} INFO - Processing file /home/airflow/.local/lib/python3.12/site-packages/airflow/example_dags/example_branch_day_of_week_operator.py for tasks to queue
[2026-07-25T09:28:59.331+0000] {logging_mixin.py:190} INFO - [2026-07-25T09:28:59.331+0000] {dagbag.py:588} INFO - Filling up the DagBag from /home/airflow/.local/lib/python3.12/site-packages/airflow/example_dags/example_branch_day_of_week_operator.py
[2026-07-25T09:28:59.338+0000] {processor.py:925} INFO - DAG(s) 'example_weekday_branch_operator' retrieved from /home/airflow/.local/lib/python3.12/site-packages/airflow/example_dags/example_branch_day_of_week_operator.py
[2026-07-25T09:28:59.353+0000] {logging_mixin.py:190} INFO - [2026-07-25T09:28:59.352+0000] {dag.py:3239} INFO - Sync 1 DAGs
[2026-07-25T09:28:59.366+0000] {logging_mixin.py:190} INFO - [2026-07-25T09:28:59.366+0000] {dag.py:4180} INFO - Setting next_dagrun for example_weekday_branch_operator to 2026-07-24 00:00:00+00:00, run_after=2026-07-25 00:00:00+00:00
[2026-07-25T09:28:59.376+0000] {processor.py:208} INFO - Processing /home/airflow/.local/lib/python3.12/site-packages/airflow/example_dags/example_branch_day_of_week_operator.py took 0.052 seconds
[2026-07-25T09:29:29.497+0000] {processor.py:186} INFO - Started process (PID=412) to work on /home/airflow/.local/lib/python3.12/site-packages/airflow/example_dags/example_branch_day_of_week_operator.py
[2026-07-25T09:29:29.498+0000] {processor.py:914} INFO - Processing file /home/airflow/.local/lib/python3.12/site-packages/airflow/example_dags/example_branch_day_of_week_operator.py for tasks to queue
[2026-07-25T09:29:29.500+0000] {logging_mixin.py:190} INFO - [2026-07-25T09:29:29.500+0000] {dagbag.py:588} INFO - Filling up the DagBag from /home/airflow/.local/lib/python3.12/site-packages/airflow/example_dags/example_branch_day_of_week_operator.py
[2026-07-25T09:29:29.507+0000] {processor.py:925} INFO - DAG(s) 'example_weekday_branch_operator' retrieved from /home/airflow/.local/lib/python3.12/site-packages/airflow/example_dags/example_branch_day_of_week_operator.py
[2026-07-25T09:29:29.520+0000] {logging_mixin.py:190} INFO - [2026-07-25T09:29:29.520+0000] {dag.py:3239} INFO - Sync 1 DAGs
[2026-07-25T09:29:29.533+0000] {logging_mixin.py:190} INFO - [2026-07-25T09:29:29.533+0000] {dag.py:4180} INFO - Setting next_dagrun for example_weekday_branch_operator to 2026-07-24 00:00:00+00:00, run_after=2026-07-25 00:00:00+00:00
[2026-07-25T09:29:29.554+0000] {processor.py:208} INFO - Processing /home/airflow/.local/lib/python3.12/site-packages/airflow/example_dags/example_branch_day_of_week_operator.py took 0.060 seconds
[2026-07-25T09:30:00.261+0000] {processor.py:186} INFO - Started process (PID=475) to work on /home/airflow/.local/lib/python3.12/site-packages/airflow/example_dags/example_branch_day_of_week_operator.py
[2026-07-25T09:30:00.262+0000] {processor.py:914} INFO - Processing file /home/airflow/.local/lib/python3.12/site-packages/airflow/example_dags/example_branch_day_of_week_operator.py for tasks to queue
[2026-07-25T09:30:00.264+0000] {logging_mixin.py:190} INFO - [2026-07-25T09:30:00.264+0000] {dagbag.py:588} INFO - Filling up the DagBag from /home/airflow/.local/lib/python3.12/site-packages/airflow/example_dags/example_branch_day_of_week_operator.py
[2026-07-25T09:30:00.270+0000] {processor.py:925} INFO - DAG(s) 'example_weekday_branch_operator' retrieved from /home/airflow/.local/lib/python3.12/site-packages/airflow/example_dags/example_branch_day_of_week_operator.py
[2026-07-25T09:30:00.283+0000] {logging_mixin.py:190} INFO - [2026-07-25T09:30:00.283+0000] {dag.py:3239} INFO - Sync 1 DAGs
[2026-07-25T09:30:00.295+0000] {logging_mixin.py:190} INFO - [2026-07-25T09:30:00.295+0000] {dag.py:4180} INFO - Setting next_dagrun for example_weekday_branch_operator to 2026-07-24 00:00:00+00:00, run_after=2026-07-25 00:00:00+00:00
[2026-07-25T09:30:00.318+0000] {processor.py:208} INFO - Processing /home/airflow/.local/lib/python3.12/site-packages/airflow/example_dags/example_branch_day_of_week_operator.py took 0.061 seconds
[2026-07-25T09:30:32.334+0000] {processor.py:186} INFO - Started process (PID=538) to work on /home/airflow/.local/lib/python3.12/site-packages/airflow/example_dags/example_branch_day_of_week_operator.py
[2026-07-25T09:30:32.335+0000] {processor.py:914} INFO - Processing file /home/airflow/.local/lib/python3.12/site-packages/airflow/example_dags/example_branch_day_of_week_operator.py for tasks to queue
[2026-07-25T09:30:32.337+0000] {logging_mixin.py:190} INFO - [2026-07-25T09:30:32.337+0000] {dagbag.py:588} INFO - Filling up the DagBag from /home/airflow/.local/lib/python3.12/site-packages/airflow/example_dags/example_branch_day_of_week_operator.py
[2026-07-25T09:30:32.343+0000] {processor.py:925} INFO - DAG(s) 'example_weekday_branch_operator' retrieved from /home/airflow/.local/lib/python3.12/site-packages/airflow/example_dags/example_branch_day_of_week_operator.py
[2026-07-25T09:30:32.356+0000] {logging_mixin.py:190} INFO - [2026-07-25T09:30:32.356+0000] {dag.py:3239} INFO - Sync 1 DAGs
[2026-07-25T09:30:32.369+0000] {logging_mixin.py:190} INFO - [2026-07-25T09:30:32.369+0000] {dag.py:4180} INFO - Setting next_dagrun for example_weekday_branch_operator to 2026-07-24 00:00:00+00:00, run_after=2026-07-25 00:00:00+00:00
[2026-07-25T09:30:32.396+0000] {processor.py:208} INFO - Processing /home/airflow/.local/lib/python3.12/site-packages/airflow/example_dags/example_branch_day_of_week_operator.py took 0.065 seconds
