[2026-07-25T09:06:19.841+0000] {processor.py:186} INFO - Started process (PID=97) to work on /home/airflow/.local/lib/python3.12/site-packages/airflow/example_dags/example_params_trigger_ui.py
[2026-07-25T09:06:19.842+0000] {processor.py:914} INFO - Processing file /home/airflow/.local/lib/python3.12/site-packages/airflow/example_dags/example_params_trigger_ui.py for tasks to queue
[2026-07-25T09:06:19.844+0000] {logging_mixin.py:190} INFO - [2026-07-25T09:06:19.844+0000] {dagbag.py:588} INFO - Filling up the DagBag from /home/airflow/.local/lib/python3.12/site-packages/airflow/example_dags/example_params_trigger_ui.py
[2026-07-25T09:06:19.853+0000] {processor.py:925} INFO - DAG(s) 'example_params_trigger_ui' retrieved from /home/airflow/.local/lib/python3.12/site-packages/airflow/example_dags/example_params_trigger_ui.py
[2026-07-25T09:06:19.941+0000] {logging_mixin.py:190} INFO - [2026-07-25T09:06:19.941+0000] {override.py:1932} INFO - Created Permission View: can edit on DAG:example_params_trigger_ui
[2026-07-25T09:06:19.948+0000] {logging_mixin.py:190} INFO - [2026-07-25T09:06:19.948+0000] {override.py:1932} INFO - Created Permission View: can read on DAG:example_params_trigger_ui
[2026-07-25T09:06:19.954+0000] {logging_mixin.py:190} INFO - [2026-07-25T09:06:19.954+0000] {override.py:1932} INFO - Created Permission View: can delete on DAG:example_params_trigger_ui
[2026-07-25T09:06:19.961+0000] {logging_mixin.py:190} INFO - [2026-07-25T09:06:19.961+0000] {override.py:1932} INFO - Created Permission View: can create on DAG Run:example_params_trigger_ui
[2026-07-25T09:06:19.966+0000] {logging_mixin.py:190} INFO - [2026-07-25T09:06:19.966+0000] {override.py:1932} INFO - Created Permission View: can read on DAG Run:example_params_trigger_ui
[2026-07-25T09:06:19.970+0000] {logging_mixin.py:190} INFO - [2026-07-25T09:06:19.970+0000] {override.py:1932} INFO - Created Permission View: can delete on DAG Run:example_params_trigger_ui
[2026-07-25T09:06:19.977+0000] {logging_mixin.py:190} INFO - [2026-07-25T09:06:19.977+0000] {override.py:1932} INFO - Created Permission View: menu access on DAG Run:example_params_trigger_ui
[2026-07-25T09:06:19.978+0000] {logging_mixin.py:190} INFO - [2026-07-25T09:06:19.977+0000] {dag.py:3239} INFO - Sync 1 DAGs
[2026-07-25T09:06:19.986+0000] {logging_mixin.py:190} INFO - [2026-07-25T09:06:19.986+0000] {dag.py:3262} INFO - Creating ORM DAG for example_params_trigger_ui
[2026-07-25T09:06:19.987+0000] {logging_mixin.py:190} INFO - [2026-07-25T09:06:19.987+0000] {dag.py:4180} INFO - Setting next_dagrun for example_params_trigger_ui to None, run_after=None
[2026-07-25T09:06:19.997+0000] {processor.py:208} INFO - Processing /home/airflow/.local/lib/python3.12/site-packages/airflow/example_dags/example_params_trigger_ui.py took 0.160 seconds
[2026-07-25T09:06:54.098+0000] {processor.py:186} INFO - Started process (PID=160) to work on /home/airflow/.local/lib/python3.12/site-packages/airflow/example_dags/example_params_trigger_ui.py
[2026-07-25T09:06:54.099+0000] {processor.py:914} INFO - Processing file /home/airflow/.local/lib/python3.12/site-packages/airflow/example_dags/example_params_trigger_ui.py for tasks to queue
[2026-07-25T09:06:54.101+0000] {logging_mixin.py:190} INFO - [2026-07-25T09:06:54.101+0000] {dagbag.py:588} INFO - Filling up the DagBag from /home/airflow/.local/lib/python3.12/site-packages/airflow/example_dags/example_params_trigger_ui.py
[2026-07-25T09:06:54.108+0000] {processor.py:925} INFO - DAG(s) 'example_params_trigger_ui' retrieved from /home/airflow/.local/lib/python3.12/site-packages/airflow/example_dags/example_params_trigger_ui.py
[2026-07-25T09:06:54.132+0000] {logging_mixin.py:190} INFO - [2026-07-25T09:06:54.132+0000] {dag.py:3239} INFO - Sync 1 DAGs
[2026-07-25T09:06:54.140+0000] {logging_mixin.py:190} INFO - [2026-07-25T09:06:54.140+0000] {dag.py:4180} INFO - Setting next_dagrun for example_params_trigger_ui to None, run_after=None
[2026-07-25T09:06:54.151+0000] {processor.py:208} INFO - Processing /home/airflow/.local/lib/python3.12/site-packages/airflow/example_dags/example_params_trigger_ui.py took 0.056 seconds
[2026-07-25T09:07:26.538+0000] {processor.py:186} INFO - Started process (PID=222) to work on /home/airflow/.local/lib/python3.12/site-packages/airflow/example_dags/example_params_trigger_ui.py
[2026-07-25T09:07:26.540+0000] {processor.py:914} INFO - Processing file /home/airflow/.local/lib/python3.12/site-packages/airflow/example_dags/example_params_trigger_ui.py for tasks to queue
[2026-07-25T09:07:26.541+0000] {logging_mixin.py:190} INFO - [2026-07-25T09:07:26.541+0000] {dagbag.py:588} INFO - Filling up the DagBag from /home/airflow/.local/lib/python3.12/site-packages/airflow/example_dags/example_params_trigger_ui.py
[2026-07-25T09:07:26.548+0000] {processor.py:925} INFO - DAG(s) 'example_params_trigger_ui' retrieved from /home/airflow/.local/lib/python3.12/site-packages/airflow/example_dags/example_params_trigger_ui.py
[2026-07-25T09:07:26.573+0000] {logging_mixin.py:190} INFO - [2026-07-25T09:07:26.573+0000] {dag.py:3239} INFO - Sync 1 DAGs
[2026-07-25T09:07:26.581+0000] {logging_mixin.py:190} INFO - [2026-07-25T09:07:26.581+0000] {dag.py:4180} INFO - Setting next_dagrun for example_params_trigger_ui to None, run_after=None
[2026-07-25T09:07:26.593+0000] {processor.py:208} INFO - Processing /home/airflow/.local/lib/python3.12/site-packages/airflow/example_dags/example_params_trigger_ui.py took 0.058 seconds
[2026-07-25T09:07:56.668+0000] {processor.py:186} INFO - Started process (PID=284) to work on /home/airflow/.local/lib/python3.12/site-packages/airflow/example_dags/example_params_trigger_ui.py
[2026-07-25T09:07:56.669+0000] {processor.py:914} INFO - Processing file /home/airflow/.local/lib/python3.12/site-packages/airflow/example_dags/example_params_trigger_ui.py for tasks to queue
[2026-07-25T09:07:56.670+0000] {logging_mixin.py:190} INFO - [2026-07-25T09:07:56.670+0000] {dagbag.py:588} INFO - Filling up the DagBag from /home/airflow/.local/lib/python3.12/site-packages/airflow/example_dags/example_params_trigger_ui.py
[2026-07-25T09:07:56.678+0000] {processor.py:925} INFO - DAG(s) 'example_params_trigger_ui' retrieved from /home/airflow/.local/lib/python3.12/site-packages/airflow/example_dags/example_params_trigger_ui.py
[2026-07-25T09:07:56.702+0000] {logging_mixin.py:190} INFO - [2026-07-25T09:07:56.702+0000] {dag.py:3239} INFO - Sync 1 DAGs
[2026-07-25T09:07:56.711+0000] {logging_mixin.py:190} INFO - [2026-07-25T09:07:56.711+0000] {dag.py:4180} INFO - Setting next_dagrun for example_params_trigger_ui to None, run_after=None
[2026-07-25T09:07:56.721+0000] {processor.py:208} INFO - Processing /home/airflow/.local/lib/python3.12/site-packages/airflow/example_dags/example_params_trigger_ui.py took 0.057 seconds
[2026-07-25T09:08:27.038+0000] {processor.py:186} INFO - Started process (PID=346) to work on /home/airflow/.local/lib/python3.12/site-packages/airflow/example_dags/example_params_trigger_ui.py
[2026-07-25T09:08:27.039+0000] {processor.py:914} INFO - Processing file /home/airflow/.local/lib/python3.12/site-packages/airflow/example_dags/example_params_trigger_ui.py for tasks to queue
[2026-07-25T09:08:27.041+0000] {logging_mixin.py:190} INFO - [2026-07-25T09:08:27.041+0000] {dagbag.py:588} INFO - Filling up the DagBag from /home/airflow/.local/lib/python3.12/site-packages/airflow/example_dags/example_params_trigger_ui.py
[2026-07-25T09:08:27.048+0000] {processor.py:925} INFO - DAG(s) 'example_params_trigger_ui' retrieved from /home/airflow/.local/lib/python3.12/site-packages/airflow/example_dags/example_params_trigger_ui.py
[2026-07-25T09:08:27.073+0000] {logging_mixin.py:190} INFO - [2026-07-25T09:08:27.073+0000] {dag.py:3239} INFO - Sync 1 DAGs
[2026-07-25T09:08:27.081+0000] {logging_mixin.py:190} INFO - [2026-07-25T09:08:27.081+0000] {dag.py:4180} INFO - Setting next_dagrun for example_params_trigger_ui to None, run_after=None
[2026-07-25T09:08:27.093+0000] {processor.py:208} INFO - Processing /home/airflow/.local/lib/python3.12/site-packages/airflow/example_dags/example_params_trigger_ui.py took 0.058 seconds
[2026-07-25T09:08:57.980+0000] {processor.py:186} INFO - Started process (PID=409) to work on /home/airflow/.local/lib/python3.12/site-packages/airflow/example_dags/example_params_trigger_ui.py
[2026-07-25T09:08:57.981+0000] {processor.py:914} INFO - Processing file /home/airflow/.local/lib/python3.12/site-packages/airflow/example_dags/example_params_trigger_ui.py for tasks to queue
[2026-07-25T09:08:57.983+0000] {logging_mixin.py:190} INFO - [2026-07-25T09:08:57.983+0000] {dagbag.py:588} INFO - Filling up the DagBag from /home/airflow/.local/lib/python3.12/site-packages/airflow/example_dags/example_params_trigger_ui.py
[2026-07-25T09:08:57.989+0000] {processor.py:925} INFO - DAG(s) 'example_params_trigger_ui' retrieved from /home/airflow/.local/lib/python3.12/site-packages/airflow/example_dags/example_params_trigger_ui.py
[2026-07-25T09:08:58.015+0000] {logging_mixin.py:190} INFO - [2026-07-25T09:08:58.015+0000] {dag.py:3239} INFO - Sync 1 DAGs
[2026-07-25T09:08:58.024+0000] {logging_mixin.py:190} INFO - [2026-07-25T09:08:58.023+0000] {dag.py:4180} INFO - Setting next_dagrun for example_params_trigger_ui to None, run_after=None
[2026-07-25T09:08:58.037+0000] {processor.py:208} INFO - Processing /home/airflow/.local/lib/python3.12/site-packages/airflow/example_dags/example_params_trigger_ui.py took 0.060 seconds
[2026-07-25T09:09:28.940+0000] {processor.py:186} INFO - Started process (PID=472) to work on /home/airflow/.local/lib/python3.12/site-packages/airflow/example_dags/example_params_trigger_ui.py
[2026-07-25T09:09:28.941+0000] {processor.py:914} INFO - Processing file /home/airflow/.local/lib/python3.12/site-packages/airflow/example_dags/example_params_trigger_ui.py for tasks to queue
[2026-07-25T09:09:28.943+0000] {logging_mixin.py:190} INFO - [2026-07-25T09:09:28.943+0000] {dagbag.py:588} INFO - Filling up the DagBag from /home/airflow/.local/lib/python3.12/site-packages/airflow/example_dags/example_params_trigger_ui.py
[2026-07-25T09:09:28.952+0000] {processor.py:925} INFO - DAG(s) 'example_params_trigger_ui' retrieved from /home/airflow/.local/lib/python3.12/site-packages/airflow/example_dags/example_params_trigger_ui.py
[2026-07-25T09:09:28.979+0000] {logging_mixin.py:190} INFO - [2026-07-25T09:09:28.979+0000] {dag.py:3239} INFO - Sync 1 DAGs
[2026-07-25T09:09:28.990+0000] {logging_mixin.py:190} INFO - [2026-07-25T09:09:28.990+0000] {dag.py:4180} INFO - Setting next_dagrun for example_params_trigger_ui to None, run_after=None
[2026-07-25T09:09:29.000+0000] {processor.py:208} INFO - Processing /home/airflow/.local/lib/python3.12/site-packages/airflow/example_dags/example_params_trigger_ui.py took 0.064 seconds
[2026-07-25T09:09:59.209+0000] {processor.py:186} INFO - Started process (PID=535) to work on /home/airflow/.local/lib/python3.12/site-packages/airflow/example_dags/example_params_trigger_ui.py
[2026-07-25T09:09:59.210+0000] {processor.py:914} INFO - Processing file /home/airflow/.local/lib/python3.12/site-packages/airflow/example_dags/example_params_trigger_ui.py for tasks to queue
[2026-07-25T09:09:59.212+0000] {logging_mixin.py:190} INFO - [2026-07-25T09:09:59.212+0000] {dagbag.py:588} INFO - Filling up the DagBag from /home/airflow/.local/lib/python3.12/site-packages/airflow/example_dags/example_params_trigger_ui.py
[2026-07-25T09:09:59.221+0000] {processor.py:925} INFO - DAG(s) 'example_params_trigger_ui' retrieved from /home/airflow/.local/lib/python3.12/site-packages/airflow/example_dags/example_params_trigger_ui.py
[2026-07-25T09:09:59.247+0000] {logging_mixin.py:190} INFO - [2026-07-25T09:09:59.247+0000] {dag.py:3239} INFO - Sync 1 DAGs
[2026-07-25T09:09:59.257+0000] {logging_mixin.py:190} INFO - [2026-07-25T09:09:59.256+0000] {dag.py:4180} INFO - Setting next_dagrun for example_params_trigger_ui to None, run_after=None
[2026-07-25T09:09:59.269+0000] {processor.py:208} INFO - Processing /home/airflow/.local/lib/python3.12/site-packages/airflow/example_dags/example_params_trigger_ui.py took 0.063 seconds
[2026-07-25T09:10:29.684+0000] {processor.py:186} INFO - Started process (PID=598) to work on /home/airflow/.local/lib/python3.12/site-packages/airflow/example_dags/example_params_trigger_ui.py
[2026-07-25T09:10:29.685+0000] {processor.py:914} INFO - Processing file /home/airflow/.local/lib/python3.12/site-packages/airflow/example_dags/example_params_trigger_ui.py for tasks to queue
[2026-07-25T09:10:29.687+0000] {logging_mixin.py:190} INFO - [2026-07-25T09:10:29.686+0000] {dagbag.py:588} INFO - Filling up the DagBag from /home/airflow/.local/lib/python3.12/site-packages/airflow/example_dags/example_params_trigger_ui.py
[2026-07-25T09:10:29.694+0000] {processor.py:925} INFO - DAG(s) 'example_params_trigger_ui' retrieved from /home/airflow/.local/lib/python3.12/site-packages/airflow/example_dags/example_params_trigger_ui.py
[2026-07-25T09:10:29.718+0000] {logging_mixin.py:190} INFO - [2026-07-25T09:10:29.718+0000] {dag.py:3239} INFO - Sync 1 DAGs
[2026-07-25T09:10:29.727+0000] {logging_mixin.py:190} INFO - [2026-07-25T09:10:29.727+0000] {dag.py:4180} INFO - Setting next_dagrun for example_params_trigger_ui to None, run_after=None
[2026-07-25T09:10:29.739+0000] {processor.py:208} INFO - Processing /home/airflow/.local/lib/python3.12/site-packages/airflow/example_dags/example_params_trigger_ui.py took 0.058 seconds
[2026-07-25T09:11:00.454+0000] {processor.py:186} INFO - Started process (PID=659) to work on /home/airflow/.local/lib/python3.12/site-packages/airflow/example_dags/example_params_trigger_ui.py
[2026-07-25T09:11:00.454+0000] {processor.py:914} INFO - Processing file /home/airflow/.local/lib/python3.12/site-packages/airflow/example_dags/example_params_trigger_ui.py for tasks to queue
[2026-07-25T09:11:00.456+0000] {logging_mixin.py:190} INFO - [2026-07-25T09:11:00.456+0000] {dagbag.py:588} INFO - Filling up the DagBag from /home/airflow/.local/lib/python3.12/site-packages/airflow/example_dags/example_params_trigger_ui.py
[2026-07-25T09:11:00.463+0000] {processor.py:925} INFO - DAG(s) 'example_params_trigger_ui' retrieved from /home/airflow/.local/lib/python3.12/site-packages/airflow/example_dags/example_params_trigger_ui.py
[2026-07-25T09:11:00.487+0000] {logging_mixin.py:190} INFO - [2026-07-25T09:11:00.487+0000] {dag.py:3239} INFO - Sync 1 DAGs
[2026-07-25T09:11:00.497+0000] {logging_mixin.py:190} INFO - [2026-07-25T09:11:00.497+0000] {dag.py:4180} INFO - Setting next_dagrun for example_params_trigger_ui to None, run_after=None
[2026-07-25T09:11:00.509+0000] {processor.py:208} INFO - Processing /home/airflow/.local/lib/python3.12/site-packages/airflow/example_dags/example_params_trigger_ui.py took 0.058 seconds
[2026-07-25T09:11:31.256+0000] {processor.py:186} INFO - Started process (PID=722) to work on /home/airflow/.local/lib/python3.12/site-packages/airflow/example_dags/example_params_trigger_ui.py
[2026-07-25T09:11:31.257+0000] {processor.py:914} INFO - Processing file /home/airflow/.local/lib/python3.12/site-packages/airflow/example_dags/example_params_trigger_ui.py for tasks to queue
[2026-07-25T09:11:31.259+0000] {logging_mixin.py:190} INFO - [2026-07-25T09:11:31.258+0000] {dagbag.py:588} INFO - Filling up the DagBag from /home/airflow/.local/lib/python3.12/site-packages/airflow/example_dags/example_params_trigger_ui.py
[2026-07-25T09:11:31.266+0000] {processor.py:925} INFO - DAG(s) 'example_params_trigger_ui' retrieved from /home/airflow/.local/lib/python3.12/site-packages/airflow/example_dags/example_params_trigger_ui.py
[2026-07-25T09:11:31.291+0000] {logging_mixin.py:190} INFO - [2026-07-25T09:11:31.291+0000] {dag.py:3239} INFO - Sync 1 DAGs
[2026-07-25T09:11:31.301+0000] {logging_mixin.py:190} INFO - [2026-07-25T09:11:31.301+0000] {dag.py:4180} INFO - Setting next_dagrun for example_params_trigger_ui to None, run_after=None
[2026-07-25T09:11:31.313+0000] {processor.py:208} INFO - Processing /home/airflow/.local/lib/python3.12/site-packages/airflow/example_dags/example_params_trigger_ui.py took 0.060 seconds
[2026-07-25T09:12:04.692+0000] {processor.py:186} INFO - Started process (PID=785) to work on /home/airflow/.local/lib/python3.12/site-packages/airflow/example_dags/example_params_trigger_ui.py
[2026-07-25T09:12:04.693+0000] {processor.py:914} INFO - Processing file /home/airflow/.local/lib/python3.12/site-packages/airflow/example_dags/example_params_trigger_ui.py for tasks to queue
[2026-07-25T09:12:04.695+0000] {logging_mixin.py:190} INFO - [2026-07-25T09:12:04.695+0000] {dagbag.py:588} INFO - Filling up the DagBag from /home/airflow/.local/lib/python3.12/site-packages/airflow/example_dags/example_params_trigger_ui.py
[2026-07-25T09:12:04.703+0000] {processor.py:925} INFO - DAG(s) 'example_params_trigger_ui' retrieved from /home/airflow/.local/lib/python3.12/site-packages/airflow/example_dags/example_params_trigger_ui.py
[2026-07-25T09:12:04.729+0000] {logging_mixin.py:190} INFO - [2026-07-25T09:12:04.728+0000] {dag.py:3239} INFO - Sync 1 DAGs
[2026-07-25T09:12:04.738+0000] {logging_mixin.py:190} INFO - [2026-07-25T09:12:04.738+0000] {dag.py:4180} INFO - Setting next_dagrun for example_params_trigger_ui to None, run_after=None
[2026-07-25T09:12:04.750+0000] {processor.py:208} INFO - Processing /home/airflow/.local/lib/python3.12/site-packages/airflow/example_dags/example_params_trigger_ui.py took 0.062 seconds
[2026-07-25T09:12:35.490+0000] {processor.py:186} INFO - Started process (PID=847) to work on /home/airflow/.local/lib/python3.12/site-packages/airflow/example_dags/example_params_trigger_ui.py
[2026-07-25T09:12:35.491+0000] {processor.py:914} INFO - Processing file /home/airflow/.local/lib/python3.12/site-packages/airflow/example_dags/example_params_trigger_ui.py for tasks to queue
[2026-07-25T09:12:35.493+0000] {logging_mixin.py:190} INFO - [2026-07-25T09:12:35.493+0000] {dagbag.py:588} INFO - Filling up the DagBag from /home/airflow/.local/lib/python3.12/site-packages/airflow/example_dags/example_params_trigger_ui.py
[2026-07-25T09:12:35.500+0000] {processor.py:925} INFO - DAG(s) 'example_params_trigger_ui' retrieved from /home/airflow/.local/lib/python3.12/site-packages/airflow/example_dags/example_params_trigger_ui.py
[2026-07-25T09:12:35.526+0000] {logging_mixin.py:190} INFO - [2026-07-25T09:12:35.526+0000] {dag.py:3239} INFO - Sync 1 DAGs
[2026-07-25T09:12:35.536+0000] {logging_mixin.py:190} INFO - [2026-07-25T09:12:35.536+0000] {dag.py:4180} INFO - Setting next_dagrun for example_params_trigger_ui to None, run_after=None
[2026-07-25T09:12:35.549+0000] {processor.py:208} INFO - Processing /home/airflow/.local/lib/python3.12/site-packages/airflow/example_dags/example_params_trigger_ui.py took 0.062 seconds
[2026-07-25T09:13:05.747+0000] {processor.py:186} INFO - Started process (PID=909) to work on /home/airflow/.local/lib/python3.12/site-packages/airflow/example_dags/example_params_trigger_ui.py
[2026-07-25T09:13:05.748+0000] {processor.py:914} INFO - Processing file /home/airflow/.local/lib/python3.12/site-packages/airflow/example_dags/example_params_trigger_ui.py for tasks to queue
[2026-07-25T09:13:05.750+0000] {logging_mixin.py:190} INFO - [2026-07-25T09:13:05.750+0000] {dagbag.py:588} INFO - Filling up the DagBag from /home/airflow/.local/lib/python3.12/site-packages/airflow/example_dags/example_params_trigger_ui.py
[2026-07-25T09:13:05.757+0000] {processor.py:925} INFO - DAG(s) 'example_params_trigger_ui' retrieved from /home/airflow/.local/lib/python3.12/site-packages/airflow/example_dags/example_params_trigger_ui.py
[2026-07-25T09:13:05.781+0000] {logging_mixin.py:190} INFO - [2026-07-25T09:13:05.781+0000] {dag.py:3239} INFO - Sync 1 DAGs
[2026-07-25T09:13:05.789+0000] {logging_mixin.py:190} INFO - [2026-07-25T09:13:05.789+0000] {dag.py:4180} INFO - Setting next_dagrun for example_params_trigger_ui to None, run_after=None
[2026-07-25T09:13:05.799+0000] {processor.py:208} INFO - Processing /home/airflow/.local/lib/python3.12/site-packages/airflow/example_dags/example_params_trigger_ui.py took 0.055 seconds
[2026-07-25T09:13:36.371+0000] {processor.py:186} INFO - Started process (PID=972) to work on /home/airflow/.local/lib/python3.12/site-packages/airflow/example_dags/example_params_trigger_ui.py
[2026-07-25T09:13:36.372+0000] {processor.py:914} INFO - Processing file /home/airflow/.local/lib/python3.12/site-packages/airflow/example_dags/example_params_trigger_ui.py for tasks to queue
[2026-07-25T09:13:36.374+0000] {logging_mixin.py:190} INFO - [2026-07-25T09:13:36.374+0000] {dagbag.py:588} INFO - Filling up the DagBag from /home/airflow/.local/lib/python3.12/site-packages/airflow/example_dags/example_params_trigger_ui.py
[2026-07-25T09:13:36.381+0000] {processor.py:925} INFO - DAG(s) 'example_params_trigger_ui' retrieved from /home/airflow/.local/lib/python3.12/site-packages/airflow/example_dags/example_params_trigger_ui.py
[2026-07-25T09:13:36.409+0000] {logging_mixin.py:190} INFO - [2026-07-25T09:13:36.409+0000] {dag.py:3239} INFO - Sync 1 DAGs
[2026-07-25T09:13:36.421+0000] {logging_mixin.py:190} INFO - [2026-07-25T09:13:36.421+0000] {dag.py:4180} INFO - Setting next_dagrun for example_params_trigger_ui to None, run_after=None
[2026-07-25T09:13:36.435+0000] {processor.py:208} INFO - Processing /home/airflow/.local/lib/python3.12/site-packages/airflow/example_dags/example_params_trigger_ui.py took 0.067 seconds
[2026-07-25T09:14:07.050+0000] {processor.py:186} INFO - Started process (PID=1035) to work on /home/airflow/.local/lib/python3.12/site-packages/airflow/example_dags/example_params_trigger_ui.py
[2026-07-25T09:14:07.050+0000] {processor.py:914} INFO - Processing file /home/airflow/.local/lib/python3.12/site-packages/airflow/example_dags/example_params_trigger_ui.py for tasks to queue
[2026-07-25T09:14:07.052+0000] {logging_mixin.py:190} INFO - [2026-07-25T09:14:07.052+0000] {dagbag.py:588} INFO - Filling up the DagBag from /home/airflow/.local/lib/python3.12/site-packages/airflow/example_dags/example_params_trigger_ui.py
[2026-07-25T09:14:07.059+0000] {processor.py:925} INFO - DAG(s) 'example_params_trigger_ui' retrieved from /home/airflow/.local/lib/python3.12/site-packages/airflow/example_dags/example_params_trigger_ui.py
[2026-07-25T09:14:07.084+0000] {logging_mixin.py:190} INFO - [2026-07-25T09:14:07.084+0000] {dag.py:3239} INFO - Sync 1 DAGs
[2026-07-25T09:14:07.092+0000] {logging_mixin.py:190} INFO - [2026-07-25T09:14:07.092+0000] {dag.py:4180} INFO - Setting next_dagrun for example_params_trigger_ui to None, run_after=None
[2026-07-25T09:14:07.104+0000] {processor.py:208} INFO - Processing /home/airflow/.local/lib/python3.12/site-packages/airflow/example_dags/example_params_trigger_ui.py took 0.058 seconds
[2026-07-25T09:14:37.216+0000] {processor.py:186} INFO - Started process (PID=1097) to work on /home/airflow/.local/lib/python3.12/site-packages/airflow/example_dags/example_params_trigger_ui.py
[2026-07-25T09:14:37.218+0000] {processor.py:914} INFO - Processing file /home/airflow/.local/lib/python3.12/site-packages/airflow/example_dags/example_params_trigger_ui.py for tasks to queue
[2026-07-25T09:14:37.222+0000] {logging_mixin.py:190} INFO - [2026-07-25T09:14:37.222+0000] {dagbag.py:588} INFO - Filling up the DagBag from /home/airflow/.local/lib/python3.12/site-packages/airflow/example_dags/example_params_trigger_ui.py
[2026-07-25T09:14:37.231+0000] {processor.py:925} INFO - DAG(s) 'example_params_trigger_ui' retrieved from /home/airflow/.local/lib/python3.12/site-packages/airflow/example_dags/example_params_trigger_ui.py
[2026-07-25T09:14:37.256+0000] {logging_mixin.py:190} INFO - [2026-07-25T09:14:37.256+0000] {dag.py:3239} INFO - Sync 1 DAGs
[2026-07-25T09:14:37.264+0000] {logging_mixin.py:190} INFO - [2026-07-25T09:14:37.264+0000] {dag.py:4180} INFO - Setting next_dagrun for example_params_trigger_ui to None, run_after=None
[2026-07-25T09:14:37.277+0000] {processor.py:208} INFO - Processing /home/airflow/.local/lib/python3.12/site-packages/airflow/example_dags/example_params_trigger_ui.py took 0.065 seconds
[2026-07-25T09:15:39.389+0000] {processor.py:186} INFO - Started process (PID=97) to work on /home/airflow/.local/lib/python3.12/site-packages/airflow/example_dags/example_params_trigger_ui.py
[2026-07-25T09:15:39.390+0000] {processor.py:914} INFO - Processing file /home/airflow/.local/lib/python3.12/site-packages/airflow/example_dags/example_params_trigger_ui.py for tasks to queue
[2026-07-25T09:15:39.392+0000] {logging_mixin.py:190} INFO - [2026-07-25T09:15:39.392+0000] {dagbag.py:588} INFO - Filling up the DagBag from /home/airflow/.local/lib/python3.12/site-packages/airflow/example_dags/example_params_trigger_ui.py
[2026-07-25T09:15:39.402+0000] {processor.py:925} INFO - DAG(s) 'example_params_trigger_ui' retrieved from /home/airflow/.local/lib/python3.12/site-packages/airflow/example_dags/example_params_trigger_ui.py
[2026-07-25T09:15:39.432+0000] {logging_mixin.py:190} INFO - [2026-07-25T09:15:39.432+0000] {dag.py:3239} INFO - Sync 1 DAGs
[2026-07-25T09:15:39.442+0000] {logging_mixin.py:190} INFO - [2026-07-25T09:15:39.442+0000] {dag.py:4180} INFO - Setting next_dagrun for example_params_trigger_ui to None, run_after=None
[2026-07-25T09:15:39.454+0000] {processor.py:208} INFO - Processing /home/airflow/.local/lib/python3.12/site-packages/airflow/example_dags/example_params_trigger_ui.py took 0.068 seconds
[2026-07-25T09:16:11.263+0000] {processor.py:186} INFO - Started process (PID=159) to work on /home/airflow/.local/lib/python3.12/site-packages/airflow/example_dags/example_params_trigger_ui.py
[2026-07-25T09:16:11.264+0000] {processor.py:914} INFO - Processing file /home/airflow/.local/lib/python3.12/site-packages/airflow/example_dags/example_params_trigger_ui.py for tasks to queue
[2026-07-25T09:16:11.266+0000] {logging_mixin.py:190} INFO - [2026-07-25T09:16:11.266+0000] {dagbag.py:588} INFO - Filling up the DagBag from /home/airflow/.local/lib/python3.12/site-packages/airflow/example_dags/example_params_trigger_ui.py
[2026-07-25T09:16:11.275+0000] {processor.py:925} INFO - DAG(s) 'example_params_trigger_ui' retrieved from /home/airflow/.local/lib/python3.12/site-packages/airflow/example_dags/example_params_trigger_ui.py
[2026-07-25T09:16:11.300+0000] {logging_mixin.py:190} INFO - [2026-07-25T09:16:11.300+0000] {dag.py:3239} INFO - Sync 1 DAGs
[2026-07-25T09:16:11.309+0000] {logging_mixin.py:190} INFO - [2026-07-25T09:16:11.309+0000] {dag.py:4180} INFO - Setting next_dagrun for example_params_trigger_ui to None, run_after=None
[2026-07-25T09:16:11.320+0000] {processor.py:208} INFO - Processing /home/airflow/.local/lib/python3.12/site-packages/airflow/example_dags/example_params_trigger_ui.py took 0.061 seconds
[2026-07-25T09:16:41.985+0000] {processor.py:186} INFO - Started process (PID=221) to work on /home/airflow/.local/lib/python3.12/site-packages/airflow/example_dags/example_params_trigger_ui.py
[2026-07-25T09:16:41.986+0000] {processor.py:914} INFO - Processing file /home/airflow/.local/lib/python3.12/site-packages/airflow/example_dags/example_params_trigger_ui.py for tasks to queue
[2026-07-25T09:16:41.988+0000] {logging_mixin.py:190} INFO - [2026-07-25T09:16:41.988+0000] {dagbag.py:588} INFO - Filling up the DagBag from /home/airflow/.local/lib/python3.12/site-packages/airflow/example_dags/example_params_trigger_ui.py
[2026-07-25T09:16:41.996+0000] {processor.py:925} INFO - DAG(s) 'example_params_trigger_ui' retrieved from /home/airflow/.local/lib/python3.12/site-packages/airflow/example_dags/example_params_trigger_ui.py
[2026-07-25T09:16:42.019+0000] {logging_mixin.py:190} INFO - [2026-07-25T09:16:42.019+0000] {dag.py:3239} INFO - Sync 1 DAGs
[2026-07-25T09:16:42.028+0000] {logging_mixin.py:190} INFO - [2026-07-25T09:16:42.028+0000] {dag.py:4180} INFO - Setting next_dagrun for example_params_trigger_ui to None, run_after=None
[2026-07-25T09:16:42.039+0000] {processor.py:208} INFO - Processing /home/airflow/.local/lib/python3.12/site-packages/airflow/example_dags/example_params_trigger_ui.py took 0.057 seconds
[2026-07-25T09:17:12.517+0000] {processor.py:186} INFO - Started process (PID=283) to work on /home/airflow/.local/lib/python3.12/site-packages/airflow/example_dags/example_params_trigger_ui.py
[2026-07-25T09:17:12.518+0000] {processor.py:914} INFO - Processing file /home/airflow/.local/lib/python3.12/site-packages/airflow/example_dags/example_params_trigger_ui.py for tasks to queue
[2026-07-25T09:17:12.519+0000] {logging_mixin.py:190} INFO - [2026-07-25T09:17:12.519+0000] {dagbag.py:588} INFO - Filling up the DagBag from /home/airflow/.local/lib/python3.12/site-packages/airflow/example_dags/example_params_trigger_ui.py
[2026-07-25T09:17:12.526+0000] {processor.py:925} INFO - DAG(s) 'example_params_trigger_ui' retrieved from /home/airflow/.local/lib/python3.12/site-packages/airflow/example_dags/example_params_trigger_ui.py
[2026-07-25T09:17:12.552+0000] {logging_mixin.py:190} INFO - [2026-07-25T09:17:12.552+0000] {dag.py:3239} INFO - Sync 1 DAGs
[2026-07-25T09:17:12.560+0000] {logging_mixin.py:190} INFO - [2026-07-25T09:17:12.560+0000] {dag.py:4180} INFO - Setting next_dagrun for example_params_trigger_ui to None, run_after=None
[2026-07-25T09:17:12.572+0000] {processor.py:208} INFO - Processing /home/airflow/.local/lib/python3.12/site-packages/airflow/example_dags/example_params_trigger_ui.py took 0.058 seconds
[2026-07-25T09:17:42.903+0000] {processor.py:186} INFO - Started process (PID=346) to work on /home/airflow/.local/lib/python3.12/site-packages/airflow/example_dags/example_params_trigger_ui.py
[2026-07-25T09:17:42.904+0000] {processor.py:914} INFO - Processing file /home/airflow/.local/lib/python3.12/site-packages/airflow/example_dags/example_params_trigger_ui.py for tasks to queue
[2026-07-25T09:17:42.906+0000] {logging_mixin.py:190} INFO - [2026-07-25T09:17:42.906+0000] {dagbag.py:588} INFO - Filling up the DagBag from /home/airflow/.local/lib/python3.12/site-packages/airflow/example_dags/example_params_trigger_ui.py
[2026-07-25T09:17:42.912+0000] {processor.py:925} INFO - DAG(s) 'example_params_trigger_ui' retrieved from /home/airflow/.local/lib/python3.12/site-packages/airflow/example_dags/example_params_trigger_ui.py
[2026-07-25T09:17:42.937+0000] {logging_mixin.py:190} INFO - [2026-07-25T09:17:42.937+0000] {dag.py:3239} INFO - Sync 1 DAGs
[2026-07-25T09:17:42.946+0000] {logging_mixin.py:190} INFO - [2026-07-25T09:17:42.946+0000] {dag.py:4180} INFO - Setting next_dagrun for example_params_trigger_ui to None, run_after=None
[2026-07-25T09:17:42.958+0000] {processor.py:208} INFO - Processing /home/airflow/.local/lib/python3.12/site-packages/airflow/example_dags/example_params_trigger_ui.py took 0.058 seconds
[2026-07-25T09:18:13.266+0000] {processor.py:186} INFO - Started process (PID=409) to work on /home/airflow/.local/lib/python3.12/site-packages/airflow/example_dags/example_params_trigger_ui.py
[2026-07-25T09:18:13.267+0000] {processor.py:914} INFO - Processing file /home/airflow/.local/lib/python3.12/site-packages/airflow/example_dags/example_params_trigger_ui.py for tasks to queue
[2026-07-25T09:18:13.269+0000] {logging_mixin.py:190} INFO - [2026-07-25T09:18:13.268+0000] {dagbag.py:588} INFO - Filling up the DagBag from /home/airflow/.local/lib/python3.12/site-packages/airflow/example_dags/example_params_trigger_ui.py
[2026-07-25T09:18:13.276+0000] {processor.py:925} INFO - DAG(s) 'example_params_trigger_ui' retrieved from /home/airflow/.local/lib/python3.12/site-packages/airflow/example_dags/example_params_trigger_ui.py
[2026-07-25T09:18:13.299+0000] {logging_mixin.py:190} INFO - [2026-07-25T09:18:13.299+0000] {dag.py:3239} INFO - Sync 1 DAGs
[2026-07-25T09:18:13.308+0000] {logging_mixin.py:190} INFO - [2026-07-25T09:18:13.308+0000] {dag.py:4180} INFO - Setting next_dagrun for example_params_trigger_ui to None, run_after=None
[2026-07-25T09:18:13.321+0000] {processor.py:208} INFO - Processing /home/airflow/.local/lib/python3.12/site-packages/airflow/example_dags/example_params_trigger_ui.py took 0.058 seconds
[2026-07-25T09:18:43.583+0000] {processor.py:186} INFO - Started process (PID=472) to work on /home/airflow/.local/lib/python3.12/site-packages/airflow/example_dags/example_params_trigger_ui.py
[2026-07-25T09:18:43.584+0000] {processor.py:914} INFO - Processing file /home/airflow/.local/lib/python3.12/site-packages/airflow/example_dags/example_params_trigger_ui.py for tasks to queue
[2026-07-25T09:18:43.585+0000] {logging_mixin.py:190} INFO - [2026-07-25T09:18:43.585+0000] {dagbag.py:588} INFO - Filling up the DagBag from /home/airflow/.local/lib/python3.12/site-packages/airflow/example_dags/example_params_trigger_ui.py
[2026-07-25T09:18:43.593+0000] {processor.py:925} INFO - DAG(s) 'example_params_trigger_ui' retrieved from /home/airflow/.local/lib/python3.12/site-packages/airflow/example_dags/example_params_trigger_ui.py
[2026-07-25T09:18:43.618+0000] {logging_mixin.py:190} INFO - [2026-07-25T09:18:43.618+0000] {dag.py:3239} INFO - Sync 1 DAGs
[2026-07-25T09:18:43.626+0000] {logging_mixin.py:190} INFO - [2026-07-25T09:18:43.626+0000] {dag.py:4180} INFO - Setting next_dagrun for example_params_trigger_ui to None, run_after=None
[2026-07-25T09:18:43.637+0000] {processor.py:208} INFO - Processing /home/airflow/.local/lib/python3.12/site-packages/airflow/example_dags/example_params_trigger_ui.py took 0.058 seconds
[2026-07-25T09:19:14.431+0000] {processor.py:186} INFO - Started process (PID=535) to work on /home/airflow/.local/lib/python3.12/site-packages/airflow/example_dags/example_params_trigger_ui.py
[2026-07-25T09:19:14.432+0000] {processor.py:914} INFO - Processing file /home/airflow/.local/lib/python3.12/site-packages/airflow/example_dags/example_params_trigger_ui.py for tasks to queue
[2026-07-25T09:19:14.434+0000] {logging_mixin.py:190} INFO - [2026-07-25T09:19:14.434+0000] {dagbag.py:588} INFO - Filling up the DagBag from /home/airflow/.local/lib/python3.12/site-packages/airflow/example_dags/example_params_trigger_ui.py
[2026-07-25T09:19:14.441+0000] {processor.py:925} INFO - DAG(s) 'example_params_trigger_ui' retrieved from /home/airflow/.local/lib/python3.12/site-packages/airflow/example_dags/example_params_trigger_ui.py
[2026-07-25T09:19:14.464+0000] {logging_mixin.py:190} INFO - [2026-07-25T09:19:14.464+0000] {dag.py:3239} INFO - Sync 1 DAGs
[2026-07-25T09:19:14.473+0000] {logging_mixin.py:190} INFO - [2026-07-25T09:19:14.472+0000] {dag.py:4180} INFO - Setting next_dagrun for example_params_trigger_ui to None, run_after=None
[2026-07-25T09:19:14.483+0000] {processor.py:208} INFO - Processing /home/airflow/.local/lib/python3.12/site-packages/airflow/example_dags/example_params_trigger_ui.py took 0.057 seconds
[2026-07-25T09:20:51.441+0000] {processor.py:186} INFO - Started process (PID=97) to work on /home/airflow/.local/lib/python3.12/site-packages/airflow/example_dags/example_params_trigger_ui.py
[2026-07-25T09:20:51.442+0000] {processor.py:914} INFO - Processing file /home/airflow/.local/lib/python3.12/site-packages/airflow/example_dags/example_params_trigger_ui.py for tasks to queue
[2026-07-25T09:20:51.444+0000] {logging_mixin.py:190} INFO - [2026-07-25T09:20:51.444+0000] {dagbag.py:588} INFO - Filling up the DagBag from /home/airflow/.local/lib/python3.12/site-packages/airflow/example_dags/example_params_trigger_ui.py
[2026-07-25T09:20:51.456+0000] {processor.py:925} INFO - DAG(s) 'example_params_trigger_ui' retrieved from /home/airflow/.local/lib/python3.12/site-packages/airflow/example_dags/example_params_trigger_ui.py
[2026-07-25T09:20:51.490+0000] {logging_mixin.py:190} INFO - [2026-07-25T09:20:51.490+0000] {dag.py:3239} INFO - Sync 1 DAGs
[2026-07-25T09:20:51.501+0000] {logging_mixin.py:190} INFO - [2026-07-25T09:20:51.501+0000] {dag.py:4180} INFO - Setting next_dagrun for example_params_trigger_ui to None, run_after=None
[2026-07-25T09:20:51.513+0000] {processor.py:208} INFO - Processing /home/airflow/.local/lib/python3.12/site-packages/airflow/example_dags/example_params_trigger_ui.py took 0.077 seconds
[2026-07-25T09:21:23.995+0000] {processor.py:186} INFO - Started process (PID=159) to work on /home/airflow/.local/lib/python3.12/site-packages/airflow/example_dags/example_params_trigger_ui.py
[2026-07-25T09:21:23.996+0000] {processor.py:914} INFO - Processing file /home/airflow/.local/lib/python3.12/site-packages/airflow/example_dags/example_params_trigger_ui.py for tasks to queue
[2026-07-25T09:21:23.998+0000] {logging_mixin.py:190} INFO - [2026-07-25T09:21:23.998+0000] {dagbag.py:588} INFO - Filling up the DagBag from /home/airflow/.local/lib/python3.12/site-packages/airflow/example_dags/example_params_trigger_ui.py
[2026-07-25T09:21:24.006+0000] {processor.py:925} INFO - DAG(s) 'example_params_trigger_ui' retrieved from /home/airflow/.local/lib/python3.12/site-packages/airflow/example_dags/example_params_trigger_ui.py
[2026-07-25T09:21:24.032+0000] {logging_mixin.py:190} INFO - [2026-07-25T09:21:24.032+0000] {dag.py:3239} INFO - Sync 1 DAGs
[2026-07-25T09:21:24.043+0000] {logging_mixin.py:190} INFO - [2026-07-25T09:21:24.043+0000] {dag.py:4180} INFO - Setting next_dagrun for example_params_trigger_ui to None, run_after=None
[2026-07-25T09:21:24.057+0000] {processor.py:208} INFO - Processing /home/airflow/.local/lib/python3.12/site-packages/airflow/example_dags/example_params_trigger_ui.py took 0.066 seconds
[2026-07-25T09:21:54.462+0000] {processor.py:186} INFO - Started process (PID=221) to work on /home/airflow/.local/lib/python3.12/site-packages/airflow/example_dags/example_params_trigger_ui.py
[2026-07-25T09:21:54.463+0000] {processor.py:914} INFO - Processing file /home/airflow/.local/lib/python3.12/site-packages/airflow/example_dags/example_params_trigger_ui.py for tasks to queue
[2026-07-25T09:21:54.466+0000] {logging_mixin.py:190} INFO - [2026-07-25T09:21:54.465+0000] {dagbag.py:588} INFO - Filling up the DagBag from /home/airflow/.local/lib/python3.12/site-packages/airflow/example_dags/example_params_trigger_ui.py
[2026-07-25T09:21:54.474+0000] {processor.py:925} INFO - DAG(s) 'example_params_trigger_ui' retrieved from /home/airflow/.local/lib/python3.12/site-packages/airflow/example_dags/example_params_trigger_ui.py
[2026-07-25T09:21:54.500+0000] {logging_mixin.py:190} INFO - [2026-07-25T09:21:54.499+0000] {dag.py:3239} INFO - Sync 1 DAGs
[2026-07-25T09:21:54.509+0000] {logging_mixin.py:190} INFO - [2026-07-25T09:21:54.509+0000] {dag.py:4180} INFO - Setting next_dagrun for example_params_trigger_ui to None, run_after=None
[2026-07-25T09:21:54.520+0000] {processor.py:208} INFO - Processing /home/airflow/.local/lib/python3.12/site-packages/airflow/example_dags/example_params_trigger_ui.py took 0.062 seconds
[2026-07-25T09:22:24.732+0000] {processor.py:186} INFO - Started process (PID=283) to work on /home/airflow/.local/lib/python3.12/site-packages/airflow/example_dags/example_params_trigger_ui.py
[2026-07-25T09:22:24.733+0000] {processor.py:914} INFO - Processing file /home/airflow/.local/lib/python3.12/site-packages/airflow/example_dags/example_params_trigger_ui.py for tasks to queue
[2026-07-25T09:22:24.735+0000] {logging_mixin.py:190} INFO - [2026-07-25T09:22:24.735+0000] {dagbag.py:588} INFO - Filling up the DagBag from /home/airflow/.local/lib/python3.12/site-packages/airflow/example_dags/example_params_trigger_ui.py
[2026-07-25T09:22:24.743+0000] {processor.py:925} INFO - DAG(s) 'example_params_trigger_ui' retrieved from /home/airflow/.local/lib/python3.12/site-packages/airflow/example_dags/example_params_trigger_ui.py
[2026-07-25T09:22:24.768+0000] {logging_mixin.py:190} INFO - [2026-07-25T09:22:24.768+0000] {dag.py:3239} INFO - Sync 1 DAGs
[2026-07-25T09:22:24.776+0000] {logging_mixin.py:190} INFO - [2026-07-25T09:22:24.776+0000] {dag.py:4180} INFO - Setting next_dagrun for example_params_trigger_ui to None, run_after=None
[2026-07-25T09:22:24.789+0000] {processor.py:208} INFO - Processing /home/airflow/.local/lib/python3.12/site-packages/airflow/example_dags/example_params_trigger_ui.py took 0.060 seconds
[2026-07-25T09:24:02.805+0000] {processor.py:186} INFO - Started process (PID=97) to work on /home/airflow/.local/lib/python3.12/site-packages/airflow/example_dags/example_params_trigger_ui.py
[2026-07-25T09:24:02.806+0000] {processor.py:914} INFO - Processing file /home/airflow/.local/lib/python3.12/site-packages/airflow/example_dags/example_params_trigger_ui.py for tasks to queue
[2026-07-25T09:24:02.808+0000] {logging_mixin.py:190} INFO - [2026-07-25T09:24:02.808+0000] {dagbag.py:588} INFO - Filling up the DagBag from /home/airflow/.local/lib/python3.12/site-packages/airflow/example_dags/example_params_trigger_ui.py
[2026-07-25T09:24:02.817+0000] {processor.py:925} INFO - DAG(s) 'example_params_trigger_ui' retrieved from /home/airflow/.local/lib/python3.12/site-packages/airflow/example_dags/example_params_trigger_ui.py
[2026-07-25T09:24:02.852+0000] {logging_mixin.py:190} INFO - [2026-07-25T09:24:02.852+0000] {dag.py:3239} INFO - Sync 1 DAGs
[2026-07-25T09:24:02.863+0000] {logging_mixin.py:190} INFO - [2026-07-25T09:24:02.863+0000] {dag.py:4180} INFO - Setting next_dagrun for example_params_trigger_ui to None, run_after=None
[2026-07-25T09:24:02.897+0000] {processor.py:208} INFO - Processing /home/airflow/.local/lib/python3.12/site-packages/airflow/example_dags/example_params_trigger_ui.py took 0.095 seconds
[2026-07-25T09:24:35.255+0000] {processor.py:186} INFO - Started process (PID=159) to work on /home/airflow/.local/lib/python3.12/site-packages/airflow/example_dags/example_params_trigger_ui.py
[2026-07-25T09:24:35.256+0000] {processor.py:914} INFO - Processing file /home/airflow/.local/lib/python3.12/site-packages/airflow/example_dags/example_params_trigger_ui.py for tasks to queue
[2026-07-25T09:24:35.258+0000] {logging_mixin.py:190} INFO - [2026-07-25T09:24:35.258+0000] {dagbag.py:588} INFO - Filling up the DagBag from /home/airflow/.local/lib/python3.12/site-packages/airflow/example_dags/example_params_trigger_ui.py
[2026-07-25T09:24:35.266+0000] {processor.py:925} INFO - DAG(s) 'example_params_trigger_ui' retrieved from /home/airflow/.local/lib/python3.12/site-packages/airflow/example_dags/example_params_trigger_ui.py
[2026-07-25T09:24:35.292+0000] {logging_mixin.py:190} INFO - [2026-07-25T09:24:35.291+0000] {dag.py:3239} INFO - Sync 1 DAGs
[2026-07-25T09:24:35.302+0000] {logging_mixin.py:190} INFO - [2026-07-25T09:24:35.302+0000] {dag.py:4180} INFO - Setting next_dagrun for example_params_trigger_ui to None, run_after=None
[2026-07-25T09:24:35.313+0000] {processor.py:208} INFO - Processing /home/airflow/.local/lib/python3.12/site-packages/airflow/example_dags/example_params_trigger_ui.py took 0.061 seconds
[2026-07-25T09:25:05.517+0000] {processor.py:186} INFO - Started process (PID=221) to work on /home/airflow/.local/lib/python3.12/site-packages/airflow/example_dags/example_params_trigger_ui.py
[2026-07-25T09:25:05.518+0000] {processor.py:914} INFO - Processing file /home/airflow/.local/lib/python3.12/site-packages/airflow/example_dags/example_params_trigger_ui.py for tasks to queue
[2026-07-25T09:25:05.520+0000] {logging_mixin.py:190} INFO - [2026-07-25T09:25:05.520+0000] {dagbag.py:588} INFO - Filling up the DagBag from /home/airflow/.local/lib/python3.12/site-packages/airflow/example_dags/example_params_trigger_ui.py
[2026-07-25T09:25:05.527+0000] {processor.py:925} INFO - DAG(s) 'example_params_trigger_ui' retrieved from /home/airflow/.local/lib/python3.12/site-packages/airflow/example_dags/example_params_trigger_ui.py
[2026-07-25T09:25:05.555+0000] {logging_mixin.py:190} INFO - [2026-07-25T09:25:05.555+0000] {dag.py:3239} INFO - Sync 1 DAGs
[2026-07-25T09:25:05.566+0000] {logging_mixin.py:190} INFO - [2026-07-25T09:25:05.566+0000] {dag.py:4180} INFO - Setting next_dagrun for example_params_trigger_ui to None, run_after=None
[2026-07-25T09:25:05.585+0000] {processor.py:208} INFO - Processing /home/airflow/.local/lib/python3.12/site-packages/airflow/example_dags/example_params_trigger_ui.py took 0.072 seconds
[2026-07-25T09:25:36.335+0000] {processor.py:186} INFO - Started process (PID=283) to work on /home/airflow/.local/lib/python3.12/site-packages/airflow/example_dags/example_params_trigger_ui.py
[2026-07-25T09:25:36.336+0000] {processor.py:914} INFO - Processing file /home/airflow/.local/lib/python3.12/site-packages/airflow/example_dags/example_params_trigger_ui.py for tasks to queue
[2026-07-25T09:25:36.338+0000] {logging_mixin.py:190} INFO - [2026-07-25T09:25:36.338+0000] {dagbag.py:588} INFO - Filling up the DagBag from /home/airflow/.local/lib/python3.12/site-packages/airflow/example_dags/example_params_trigger_ui.py
[2026-07-25T09:25:36.345+0000] {processor.py:925} INFO - DAG(s) 'example_params_trigger_ui' retrieved from /home/airflow/.local/lib/python3.12/site-packages/airflow/example_dags/example_params_trigger_ui.py
[2026-07-25T09:25:36.369+0000] {logging_mixin.py:190} INFO - [2026-07-25T09:25:36.368+0000] {dag.py:3239} INFO - Sync 1 DAGs
[2026-07-25T09:25:36.377+0000] {logging_mixin.py:190} INFO - [2026-07-25T09:25:36.377+0000] {dag.py:4180} INFO - Setting next_dagrun for example_params_trigger_ui to None, run_after=None
[2026-07-25T09:25:36.388+0000] {processor.py:208} INFO - Processing /home/airflow/.local/lib/python3.12/site-packages/airflow/example_dags/example_params_trigger_ui.py took 0.056 seconds
[2026-07-25T09:26:56.318+0000] {processor.py:186} INFO - Started process (PID=97) to work on /home/airflow/.local/lib/python3.12/site-packages/airflow/example_dags/example_params_trigger_ui.py
[2026-07-25T09:26:56.319+0000] {processor.py:914} INFO - Processing file /home/airflow/.local/lib/python3.12/site-packages/airflow/example_dags/example_params_trigger_ui.py for tasks to queue
[2026-07-25T09:26:56.321+0000] {logging_mixin.py:190} INFO - [2026-07-25T09:26:56.321+0000] {dagbag.py:588} INFO - Filling up the DagBag from /home/airflow/.local/lib/python3.12/site-packages/airflow/example_dags/example_params_trigger_ui.py
[2026-07-25T09:26:56.333+0000] {processor.py:925} INFO - DAG(s) 'example_params_trigger_ui' retrieved from /home/airflow/.local/lib/python3.12/site-packages/airflow/example_dags/example_params_trigger_ui.py
[2026-07-25T09:26:56.437+0000] {logging_mixin.py:190} INFO - [2026-07-25T09:26:56.436+0000] {override.py:1932} INFO - Created Permission View: can edit on DAG:example_params_trigger_ui
[2026-07-25T09:26:56.444+0000] {logging_mixin.py:190} INFO - [2026-07-25T09:26:56.443+0000] {override.py:1932} INFO - Created Permission View: can read on DAG:example_params_trigger_ui
[2026-07-25T09:26:56.449+0000] {logging_mixin.py:190} INFO - [2026-07-25T09:26:56.449+0000] {override.py:1932} INFO - Created Permission View: can delete on DAG:example_params_trigger_ui
[2026-07-25T09:26:56.455+0000] {logging_mixin.py:190} INFO - [2026-07-25T09:26:56.455+0000] {override.py:1932} INFO - Created Permission View: menu access on DAG Run:example_params_trigger_ui
[2026-07-25T09:26:56.460+0000] {logging_mixin.py:190} INFO - [2026-07-25T09:26:56.460+0000] {override.py:1932} INFO - Created Permission View: can read on DAG Run:example_params_trigger_ui
[2026-07-25T09:26:56.466+0000] {logging_mixin.py:190} INFO - [2026-07-25T09:26:56.465+0000] {override.py:1932} INFO - Created Permission View: can create on DAG Run:example_params_trigger_ui
[2026-07-25T09:26:56.470+0000] {logging_mixin.py:190} INFO - [2026-07-25T09:26:56.470+0000] {override.py:1932} INFO - Created Permission View: can delete on DAG Run:example_params_trigger_ui
[2026-07-25T09:26:56.471+0000] {logging_mixin.py:190} INFO - [2026-07-25T09:26:56.471+0000] {dag.py:3239} INFO - Sync 1 DAGs
[2026-07-25T09:26:56.479+0000] {logging_mixin.py:190} INFO - [2026-07-25T09:26:56.479+0000] {dag.py:3262} INFO - Creating ORM DAG for example_params_trigger_ui
[2026-07-25T09:26:56.480+0000] {logging_mixin.py:190} INFO - [2026-07-25T09:26:56.480+0000] {dag.py:4180} INFO - Setting next_dagrun for example_params_trigger_ui to None, run_after=None
[2026-07-25T09:26:56.491+0000] {processor.py:208} INFO - Processing /home/airflow/.local/lib/python3.12/site-packages/airflow/example_dags/example_params_trigger_ui.py took 0.176 seconds
[2026-07-25T09:27:28.251+0000] {processor.py:186} INFO - Started process (PID=159) to work on /home/airflow/.local/lib/python3.12/site-packages/airflow/example_dags/example_params_trigger_ui.py
[2026-07-25T09:27:28.252+0000] {processor.py:914} INFO - Processing file /home/airflow/.local/lib/python3.12/site-packages/airflow/example_dags/example_params_trigger_ui.py for tasks to queue
[2026-07-25T09:27:28.253+0000] {logging_mixin.py:190} INFO - [2026-07-25T09:27:28.253+0000] {dagbag.py:588} INFO - Filling up the DagBag from /home/airflow/.local/lib/python3.12/site-packages/airflow/example_dags/example_params_trigger_ui.py
[2026-07-25T09:27:28.260+0000] {processor.py:925} INFO - DAG(s) 'example_params_trigger_ui' retrieved from /home/airflow/.local/lib/python3.12/site-packages/airflow/example_dags/example_params_trigger_ui.py
[2026-07-25T09:27:28.285+0000] {logging_mixin.py:190} INFO - [2026-07-25T09:27:28.285+0000] {dag.py:3239} INFO - Sync 1 DAGs
[2026-07-25T09:27:28.294+0000] {logging_mixin.py:190} INFO - [2026-07-25T09:27:28.294+0000] {dag.py:4180} INFO - Setting next_dagrun for example_params_trigger_ui to None, run_after=None
[2026-07-25T09:27:28.308+0000] {processor.py:208} INFO - Processing /home/airflow/.local/lib/python3.12/site-packages/airflow/example_dags/example_params_trigger_ui.py took 0.061 seconds
[2026-07-25T09:27:58.388+0000] {processor.py:186} INFO - Started process (PID=221) to work on /home/airflow/.local/lib/python3.12/site-packages/airflow/example_dags/example_params_trigger_ui.py
[2026-07-25T09:27:58.389+0000] {processor.py:914} INFO - Processing file /home/airflow/.local/lib/python3.12/site-packages/airflow/example_dags/example_params_trigger_ui.py for tasks to queue
[2026-07-25T09:27:58.391+0000] {logging_mixin.py:190} INFO - [2026-07-25T09:27:58.391+0000] {dagbag.py:588} INFO - Filling up the DagBag from /home/airflow/.local/lib/python3.12/site-packages/airflow/example_dags/example_params_trigger_ui.py
[2026-07-25T09:27:58.400+0000] {processor.py:925} INFO - DAG(s) 'example_params_trigger_ui' retrieved from /home/airflow/.local/lib/python3.12/site-packages/airflow/example_dags/example_params_trigger_ui.py
[2026-07-25T09:27:58.426+0000] {logging_mixin.py:190} INFO - [2026-07-25T09:27:58.426+0000] {dag.py:3239} INFO - Sync 1 DAGs
[2026-07-25T09:27:58.437+0000] {logging_mixin.py:190} INFO - [2026-07-25T09:27:58.437+0000] {dag.py:4180} INFO - Setting next_dagrun for example_params_trigger_ui to None, run_after=None
[2026-07-25T09:27:58.468+0000] {processor.py:208} INFO - Processing /home/airflow/.local/lib/python3.12/site-packages/airflow/example_dags/example_params_trigger_ui.py took 0.084 seconds
[2026-07-25T09:28:28.550+0000] {processor.py:186} INFO - Started process (PID=283) to work on /home/airflow/.local/lib/python3.12/site-packages/airflow/example_dags/example_params_trigger_ui.py
[2026-07-25T09:28:28.551+0000] {processor.py:914} INFO - Processing file /home/airflow/.local/lib/python3.12/site-packages/airflow/example_dags/example_params_trigger_ui.py for tasks to queue
[2026-07-25T09:28:28.553+0000] {logging_mixin.py:190} INFO - [2026-07-25T09:28:28.553+0000] {dagbag.py:588} INFO - Filling up the DagBag from /home/airflow/.local/lib/python3.12/site-packages/airflow/example_dags/example_params_trigger_ui.py
[2026-07-25T09:28:28.561+0000] {processor.py:925} INFO - DAG(s) 'example_params_trigger_ui' retrieved from /home/airflow/.local/lib/python3.12/site-packages/airflow/example_dags/example_params_trigger_ui.py
[2026-07-25T09:28:28.590+0000] {logging_mixin.py:190} INFO - [2026-07-25T09:28:28.590+0000] {dag.py:3239} INFO - Sync 1 DAGs
[2026-07-25T09:28:28.602+0000] {logging_mixin.py:190} INFO - [2026-07-25T09:28:28.602+0000] {dag.py:4180} INFO - Setting next_dagrun for example_params_trigger_ui to None, run_after=None
[2026-07-25T09:28:28.620+0000] {processor.py:208} INFO - Processing /home/airflow/.local/lib/python3.12/site-packages/airflow/example_dags/example_params_trigger_ui.py took 0.074 seconds
[2026-07-25T09:28:59.124+0000] {processor.py:186} INFO - Started process (PID=346) to work on /home/airflow/.local/lib/python3.12/site-packages/airflow/example_dags/example_params_trigger_ui.py
[2026-07-25T09:28:59.125+0000] {processor.py:914} INFO - Processing file /home/airflow/.local/lib/python3.12/site-packages/airflow/example_dags/example_params_trigger_ui.py for tasks to queue
[2026-07-25T09:28:59.127+0000] {logging_mixin.py:190} INFO - [2026-07-25T09:28:59.127+0000] {dagbag.py:588} INFO - Filling up the DagBag from /home/airflow/.local/lib/python3.12/site-packages/airflow/example_dags/example_params_trigger_ui.py
[2026-07-25T09:28:59.135+0000] {processor.py:925} INFO - DAG(s) 'example_params_trigger_ui' retrieved from /home/airflow/.local/lib/python3.12/site-packages/airflow/example_dags/example_params_trigger_ui.py
[2026-07-25T09:28:59.160+0000] {logging_mixin.py:190} INFO - [2026-07-25T09:28:59.160+0000] {dag.py:3239} INFO - Sync 1 DAGs
[2026-07-25T09:28:59.170+0000] {logging_mixin.py:190} INFO - [2026-07-25T09:28:59.170+0000] {dag.py:4180} INFO - Setting next_dagrun for example_params_trigger_ui to None, run_after=None
[2026-07-25T09:28:59.192+0000] {processor.py:208} INFO - Processing /home/airflow/.local/lib/python3.12/site-packages/airflow/example_dags/example_params_trigger_ui.py took 0.071 seconds
[2026-07-25T09:29:29.225+0000] {processor.py:186} INFO - Started process (PID=408) to work on /home/airflow/.local/lib/python3.12/site-packages/airflow/example_dags/example_params_trigger_ui.py
[2026-07-25T09:29:29.226+0000] {processor.py:914} INFO - Processing file /home/airflow/.local/lib/python3.12/site-packages/airflow/example_dags/example_params_trigger_ui.py for tasks to queue
[2026-07-25T09:29:29.228+0000] {logging_mixin.py:190} INFO - [2026-07-25T09:29:29.228+0000] {dagbag.py:588} INFO - Filling up the DagBag from /home/airflow/.local/lib/python3.12/site-packages/airflow/example_dags/example_params_trigger_ui.py
[2026-07-25T09:29:29.235+0000] {processor.py:925} INFO - DAG(s) 'example_params_trigger_ui' retrieved from /home/airflow/.local/lib/python3.12/site-packages/airflow/example_dags/example_params_trigger_ui.py
[2026-07-25T09:29:29.263+0000] {logging_mixin.py:190} INFO - [2026-07-25T09:29:29.262+0000] {dag.py:3239} INFO - Sync 1 DAGs
[2026-07-25T09:29:29.271+0000] {logging_mixin.py:190} INFO - [2026-07-25T09:29:29.271+0000] {dag.py:4180} INFO - Setting next_dagrun for example_params_trigger_ui to None, run_after=None
[2026-07-25T09:29:29.283+0000] {processor.py:208} INFO - Processing /home/airflow/.local/lib/python3.12/site-packages/airflow/example_dags/example_params_trigger_ui.py took 0.062 seconds
[2026-07-25T09:30:00.070+0000] {processor.py:186} INFO - Started process (PID=472) to work on /home/airflow/.local/lib/python3.12/site-packages/airflow/example_dags/example_params_trigger_ui.py
[2026-07-25T09:30:00.071+0000] {processor.py:914} INFO - Processing file /home/airflow/.local/lib/python3.12/site-packages/airflow/example_dags/example_params_trigger_ui.py for tasks to queue
[2026-07-25T09:30:00.073+0000] {logging_mixin.py:190} INFO - [2026-07-25T09:30:00.072+0000] {dagbag.py:588} INFO - Filling up the DagBag from /home/airflow/.local/lib/python3.12/site-packages/airflow/example_dags/example_params_trigger_ui.py
[2026-07-25T09:30:00.080+0000] {processor.py:925} INFO - DAG(s) 'example_params_trigger_ui' retrieved from /home/airflow/.local/lib/python3.12/site-packages/airflow/example_dags/example_params_trigger_ui.py
[2026-07-25T09:30:00.105+0000] {logging_mixin.py:190} INFO - [2026-07-25T09:30:00.105+0000] {dag.py:3239} INFO - Sync 1 DAGs
[2026-07-25T09:30:00.114+0000] {logging_mixin.py:190} INFO - [2026-07-25T09:30:00.114+0000] {dag.py:4180} INFO - Setting next_dagrun for example_params_trigger_ui to None, run_after=None
[2026-07-25T09:30:00.126+0000] {processor.py:208} INFO - Processing /home/airflow/.local/lib/python3.12/site-packages/airflow/example_dags/example_params_trigger_ui.py took 0.059 seconds
[2026-07-25T09:30:32.086+0000] {processor.py:186} INFO - Started process (PID=535) to work on /home/airflow/.local/lib/python3.12/site-packages/airflow/example_dags/example_params_trigger_ui.py
[2026-07-25T09:30:32.087+0000] {processor.py:914} INFO - Processing file /home/airflow/.local/lib/python3.12/site-packages/airflow/example_dags/example_params_trigger_ui.py for tasks to queue
[2026-07-25T09:30:32.089+0000] {logging_mixin.py:190} INFO - [2026-07-25T09:30:32.089+0000] {dagbag.py:588} INFO - Filling up the DagBag from /home/airflow/.local/lib/python3.12/site-packages/airflow/example_dags/example_params_trigger_ui.py
[2026-07-25T09:30:32.097+0000] {processor.py:925} INFO - DAG(s) 'example_params_trigger_ui' retrieved from /home/airflow/.local/lib/python3.12/site-packages/airflow/example_dags/example_params_trigger_ui.py
[2026-07-25T09:30:32.120+0000] {logging_mixin.py:190} INFO - [2026-07-25T09:30:32.120+0000] {dag.py:3239} INFO - Sync 1 DAGs
[2026-07-25T09:30:32.128+0000] {logging_mixin.py:190} INFO - [2026-07-25T09:30:32.128+0000] {dag.py:4180} INFO - Setting next_dagrun for example_params_trigger_ui to None, run_after=None
[2026-07-25T09:30:32.143+0000] {processor.py:208} INFO - Processing /home/airflow/.local/lib/python3.12/site-packages/airflow/example_dags/example_params_trigger_ui.py took 0.060 seconds
