[2026-07-25T09:06:12.561+0000] {processor.py:186} INFO - Started process (PID=70) to work on /home/airflow/.local/lib/python3.12/site-packages/airflow/example_dags/example_bash_operator.py
[2026-07-25T09:06:12.562+0000] {processor.py:914} INFO - Processing file /home/airflow/.local/lib/python3.12/site-packages/airflow/example_dags/example_bash_operator.py for tasks to queue
[2026-07-25T09:06:12.564+0000] {logging_mixin.py:190} INFO - [2026-07-25T09:06:12.564+0000] {dagbag.py:588} INFO - Filling up the DagBag from /home/airflow/.local/lib/python3.12/site-packages/airflow/example_dags/example_bash_operator.py
[2026-07-25T09:06:12.581+0000] {processor.py:925} INFO - DAG(s) 'example_bash_operator' retrieved from /home/airflow/.local/lib/python3.12/site-packages/airflow/example_dags/example_bash_operator.py
[2026-07-25T09:06:12.657+0000] {logging_mixin.py:190} INFO - [2026-07-25T09:06:12.656+0000] {override.py:1932} INFO - Created Permission View: can edit on DAG:example_bash_operator
[2026-07-25T09:06:12.664+0000] {logging_mixin.py:190} INFO - [2026-07-25T09:06:12.664+0000] {override.py:1932} INFO - Created Permission View: can read on DAG:example_bash_operator
[2026-07-25T09:06:12.672+0000] {logging_mixin.py:190} INFO - [2026-07-25T09:06:12.672+0000] {override.py:1932} INFO - Created Permission View: can delete on DAG:example_bash_operator
[2026-07-25T09:06:12.682+0000] {logging_mixin.py:190} INFO - [2026-07-25T09:06:12.682+0000] {override.py:1932} INFO - Created Permission View: can create on DAG Run:example_bash_operator
[2026-07-25T09:06:12.689+0000] {logging_mixin.py:190} INFO - [2026-07-25T09:06:12.689+0000] {override.py:1932} INFO - Created Permission View: can read on DAG Run:example_bash_operator
[2026-07-25T09:06:12.696+0000] {logging_mixin.py:190} INFO - [2026-07-25T09:06:12.696+0000] {override.py:1932} INFO - Created Permission View: can delete on DAG Run:example_bash_operator
[2026-07-25T09:06:12.702+0000] {logging_mixin.py:190} INFO - [2026-07-25T09:06:12.701+0000] {override.py:1932} INFO - Created Permission View: menu access on DAG Run:example_bash_operator
[2026-07-25T09:06:12.702+0000] {logging_mixin.py:190} INFO - [2026-07-25T09:06:12.702+0000] {dag.py:3239} INFO - Sync 1 DAGs
[2026-07-25T09:06:12.711+0000] {logging_mixin.py:190} INFO - [2026-07-25T09:06:12.711+0000] {dag.py:3262} INFO - Creating ORM DAG for example_bash_operator
[2026-07-25T09:06:12.718+0000] {logging_mixin.py:190} INFO - [2026-07-25T09:06:12.718+0000] {dag.py:4180} INFO - Setting next_dagrun for example_bash_operator to 2026-07-24 00:00:00+00:00, run_after=2026-07-25 00:00:00+00:00
[2026-07-25T09:06:12.732+0000] {processor.py:208} INFO - Processing /home/airflow/.local/lib/python3.12/site-packages/airflow/example_dags/example_bash_operator.py took 0.175 seconds
[2026-07-25T09:06:43.333+0000] {processor.py:186} INFO - Started process (PID=133) to work on /home/airflow/.local/lib/python3.12/site-packages/airflow/example_dags/example_bash_operator.py
[2026-07-25T09:06:43.334+0000] {processor.py:914} INFO - Processing file /home/airflow/.local/lib/python3.12/site-packages/airflow/example_dags/example_bash_operator.py for tasks to queue
[2026-07-25T09:06:43.335+0000] {logging_mixin.py:190} INFO - [2026-07-25T09:06:43.335+0000] {dagbag.py:588} INFO - Filling up the DagBag from /home/airflow/.local/lib/python3.12/site-packages/airflow/example_dags/example_bash_operator.py
[2026-07-25T09:06:43.344+0000] {processor.py:925} INFO - DAG(s) 'example_bash_operator' retrieved from /home/airflow/.local/lib/python3.12/site-packages/airflow/example_dags/example_bash_operator.py
[2026-07-25T09:06:43.361+0000] {logging_mixin.py:190} INFO - [2026-07-25T09:06:43.361+0000] {dag.py:3239} INFO - Sync 1 DAGs
[2026-07-25T09:06:43.374+0000] {logging_mixin.py:190} INFO - [2026-07-25T09:06:43.374+0000] {dag.py:4180} INFO - Setting next_dagrun for example_bash_operator to 2026-07-24 00:00:00+00:00, run_after=2026-07-25 00:00:00+00:00
[2026-07-25T09:06:43.386+0000] {processor.py:208} INFO - Processing /home/airflow/.local/lib/python3.12/site-packages/airflow/example_dags/example_bash_operator.py took 0.057 seconds
[2026-07-25T09:07:14.269+0000] {processor.py:186} INFO - Started process (PID=196) to work on /home/airflow/.local/lib/python3.12/site-packages/airflow/example_dags/example_bash_operator.py
[2026-07-25T09:07:14.270+0000] {processor.py:914} INFO - Processing file /home/airflow/.local/lib/python3.12/site-packages/airflow/example_dags/example_bash_operator.py for tasks to queue
[2026-07-25T09:07:14.272+0000] {logging_mixin.py:190} INFO - [2026-07-25T09:07:14.271+0000] {dagbag.py:588} INFO - Filling up the DagBag from /home/airflow/.local/lib/python3.12/site-packages/airflow/example_dags/example_bash_operator.py
[2026-07-25T09:07:14.280+0000] {processor.py:925} INFO - DAG(s) 'example_bash_operator' retrieved from /home/airflow/.local/lib/python3.12/site-packages/airflow/example_dags/example_bash_operator.py
[2026-07-25T09:07:14.296+0000] {logging_mixin.py:190} INFO - [2026-07-25T09:07:14.296+0000] {dag.py:3239} INFO - Sync 1 DAGs
[2026-07-25T09:07:14.309+0000] {logging_mixin.py:190} INFO - [2026-07-25T09:07:14.309+0000] {dag.py:4180} INFO - Setting next_dagrun for example_bash_operator to 2026-07-24 00:00:00+00:00, run_after=2026-07-25 00:00:00+00:00
[2026-07-25T09:07:14.319+0000] {processor.py:208} INFO - Processing /home/airflow/.local/lib/python3.12/site-packages/airflow/example_dags/example_bash_operator.py took 0.054 seconds
[2026-07-25T09:07:44.781+0000] {processor.py:186} INFO - Started process (PID=259) to work on /home/airflow/.local/lib/python3.12/site-packages/airflow/example_dags/example_bash_operator.py
[2026-07-25T09:07:44.782+0000] {processor.py:914} INFO - Processing file /home/airflow/.local/lib/python3.12/site-packages/airflow/example_dags/example_bash_operator.py for tasks to queue
[2026-07-25T09:07:44.784+0000] {logging_mixin.py:190} INFO - [2026-07-25T09:07:44.784+0000] {dagbag.py:588} INFO - Filling up the DagBag from /home/airflow/.local/lib/python3.12/site-packages/airflow/example_dags/example_bash_operator.py
[2026-07-25T09:07:44.792+0000] {processor.py:925} INFO - DAG(s) 'example_bash_operator' retrieved from /home/airflow/.local/lib/python3.12/site-packages/airflow/example_dags/example_bash_operator.py
[2026-07-25T09:07:44.807+0000] {logging_mixin.py:190} INFO - [2026-07-25T09:07:44.807+0000] {dag.py:3239} INFO - Sync 1 DAGs
[2026-07-25T09:07:44.821+0000] {logging_mixin.py:190} INFO - [2026-07-25T09:07:44.821+0000] {dag.py:4180} INFO - Setting next_dagrun for example_bash_operator to 2026-07-24 00:00:00+00:00, run_after=2026-07-25 00:00:00+00:00
[2026-07-25T09:07:44.833+0000] {processor.py:208} INFO - Processing /home/airflow/.local/lib/python3.12/site-packages/airflow/example_dags/example_bash_operator.py took 0.054 seconds
[2026-07-25T09:08:15.227+0000] {processor.py:186} INFO - Started process (PID=322) to work on /home/airflow/.local/lib/python3.12/site-packages/airflow/example_dags/example_bash_operator.py
[2026-07-25T09:08:15.228+0000] {processor.py:914} INFO - Processing file /home/airflow/.local/lib/python3.12/site-packages/airflow/example_dags/example_bash_operator.py for tasks to queue
[2026-07-25T09:08:15.230+0000] {logging_mixin.py:190} INFO - [2026-07-25T09:08:15.230+0000] {dagbag.py:588} INFO - Filling up the DagBag from /home/airflow/.local/lib/python3.12/site-packages/airflow/example_dags/example_bash_operator.py
[2026-07-25T09:08:15.238+0000] {processor.py:925} INFO - DAG(s) 'example_bash_operator' retrieved from /home/airflow/.local/lib/python3.12/site-packages/airflow/example_dags/example_bash_operator.py
[2026-07-25T09:08:15.253+0000] {logging_mixin.py:190} INFO - [2026-07-25T09:08:15.253+0000] {dag.py:3239} INFO - Sync 1 DAGs
[2026-07-25T09:08:15.266+0000] {logging_mixin.py:190} INFO - [2026-07-25T09:08:15.266+0000] {dag.py:4180} INFO - Setting next_dagrun for example_bash_operator to 2026-07-24 00:00:00+00:00, run_after=2026-07-25 00:00:00+00:00
[2026-07-25T09:08:15.277+0000] {processor.py:208} INFO - Processing /home/airflow/.local/lib/python3.12/site-packages/airflow/example_dags/example_bash_operator.py took 0.053 seconds
[2026-07-25T09:08:46.105+0000] {processor.py:186} INFO - Started process (PID=391) to work on /home/airflow/.local/lib/python3.12/site-packages/airflow/example_dags/example_bash_operator.py
[2026-07-25T09:08:46.106+0000] {processor.py:914} INFO - Processing file /home/airflow/.local/lib/python3.12/site-packages/airflow/example_dags/example_bash_operator.py for tasks to queue
[2026-07-25T09:08:46.108+0000] {logging_mixin.py:190} INFO - [2026-07-25T09:08:46.108+0000] {dagbag.py:588} INFO - Filling up the DagBag from /home/airflow/.local/lib/python3.12/site-packages/airflow/example_dags/example_bash_operator.py
[2026-07-25T09:08:46.116+0000] {processor.py:925} INFO - DAG(s) 'example_bash_operator' retrieved from /home/airflow/.local/lib/python3.12/site-packages/airflow/example_dags/example_bash_operator.py
[2026-07-25T09:08:46.131+0000] {logging_mixin.py:190} INFO - [2026-07-25T09:08:46.131+0000] {dag.py:3239} INFO - Sync 1 DAGs
[2026-07-25T09:08:46.145+0000] {logging_mixin.py:190} INFO - [2026-07-25T09:08:46.145+0000] {dag.py:4180} INFO - Setting next_dagrun for example_bash_operator to 2026-07-24 00:00:00+00:00, run_after=2026-07-25 00:00:00+00:00
[2026-07-25T09:08:46.157+0000] {processor.py:208} INFO - Processing /home/airflow/.local/lib/python3.12/site-packages/airflow/example_dags/example_bash_operator.py took 0.055 seconds
[2026-07-25T09:09:19.950+0000] {processor.py:186} INFO - Started process (PID=454) to work on /home/airflow/.local/lib/python3.12/site-packages/airflow/example_dags/example_bash_operator.py
[2026-07-25T09:09:19.951+0000] {processor.py:914} INFO - Processing file /home/airflow/.local/lib/python3.12/site-packages/airflow/example_dags/example_bash_operator.py for tasks to queue
[2026-07-25T09:09:19.953+0000] {logging_mixin.py:190} INFO - [2026-07-25T09:09:19.953+0000] {dagbag.py:588} INFO - Filling up the DagBag from /home/airflow/.local/lib/python3.12/site-packages/airflow/example_dags/example_bash_operator.py
[2026-07-25T09:09:19.961+0000] {processor.py:925} INFO - DAG(s) 'example_bash_operator' retrieved from /home/airflow/.local/lib/python3.12/site-packages/airflow/example_dags/example_bash_operator.py
[2026-07-25T09:09:19.977+0000] {logging_mixin.py:190} INFO - [2026-07-25T09:09:19.977+0000] {dag.py:3239} INFO - Sync 1 DAGs
[2026-07-25T09:09:19.991+0000] {logging_mixin.py:190} INFO - [2026-07-25T09:09:19.991+0000] {dag.py:4180} INFO - Setting next_dagrun for example_bash_operator to 2026-07-24 00:00:00+00:00, run_after=2026-07-25 00:00:00+00:00
[2026-07-25T09:09:20.002+0000] {processor.py:208} INFO - Processing /home/airflow/.local/lib/python3.12/site-packages/airflow/example_dags/example_bash_operator.py took 0.056 seconds
[2026-07-25T09:09:50.186+0000] {processor.py:186} INFO - Started process (PID=516) to work on /home/airflow/.local/lib/python3.12/site-packages/airflow/example_dags/example_bash_operator.py
[2026-07-25T09:09:50.187+0000] {processor.py:914} INFO - Processing file /home/airflow/.local/lib/python3.12/site-packages/airflow/example_dags/example_bash_operator.py for tasks to queue
[2026-07-25T09:09:50.189+0000] {logging_mixin.py:190} INFO - [2026-07-25T09:09:50.189+0000] {dagbag.py:588} INFO - Filling up the DagBag from /home/airflow/.local/lib/python3.12/site-packages/airflow/example_dags/example_bash_operator.py
[2026-07-25T09:09:50.197+0000] {processor.py:925} INFO - DAG(s) 'example_bash_operator' retrieved from /home/airflow/.local/lib/python3.12/site-packages/airflow/example_dags/example_bash_operator.py
[2026-07-25T09:09:50.215+0000] {logging_mixin.py:190} INFO - [2026-07-25T09:09:50.215+0000] {dag.py:3239} INFO - Sync 1 DAGs
[2026-07-25T09:09:50.230+0000] {logging_mixin.py:190} INFO - [2026-07-25T09:09:50.230+0000] {dag.py:4180} INFO - Setting next_dagrun for example_bash_operator to 2026-07-24 00:00:00+00:00, run_after=2026-07-25 00:00:00+00:00
[2026-07-25T09:09:50.242+0000] {processor.py:208} INFO - Processing /home/airflow/.local/lib/python3.12/site-packages/airflow/example_dags/example_bash_operator.py took 0.060 seconds
[2026-07-25T09:10:20.639+0000] {processor.py:186} INFO - Started process (PID=578) to work on /home/airflow/.local/lib/python3.12/site-packages/airflow/example_dags/example_bash_operator.py
[2026-07-25T09:10:20.640+0000] {processor.py:914} INFO - Processing file /home/airflow/.local/lib/python3.12/site-packages/airflow/example_dags/example_bash_operator.py for tasks to queue
[2026-07-25T09:10:20.642+0000] {logging_mixin.py:190} INFO - [2026-07-25T09:10:20.642+0000] {dagbag.py:588} INFO - Filling up the DagBag from /home/airflow/.local/lib/python3.12/site-packages/airflow/example_dags/example_bash_operator.py
[2026-07-25T09:10:20.651+0000] {processor.py:925} INFO - DAG(s) 'example_bash_operator' retrieved from /home/airflow/.local/lib/python3.12/site-packages/airflow/example_dags/example_bash_operator.py
[2026-07-25T09:10:20.668+0000] {logging_mixin.py:190} INFO - [2026-07-25T09:10:20.668+0000] {dag.py:3239} INFO - Sync 1 DAGs
[2026-07-25T09:10:20.683+0000] {logging_mixin.py:190} INFO - [2026-07-25T09:10:20.683+0000] {dag.py:4180} INFO - Setting next_dagrun for example_bash_operator to 2026-07-24 00:00:00+00:00, run_after=2026-07-25 00:00:00+00:00
[2026-07-25T09:10:20.694+0000] {processor.py:208} INFO - Processing /home/airflow/.local/lib/python3.12/site-packages/airflow/example_dags/example_bash_operator.py took 0.059 seconds
[2026-07-25T09:10:51.272+0000] {processor.py:186} INFO - Started process (PID=636) to work on /home/airflow/.local/lib/python3.12/site-packages/airflow/example_dags/example_bash_operator.py
[2026-07-25T09:10:51.272+0000] {processor.py:914} INFO - Processing file /home/airflow/.local/lib/python3.12/site-packages/airflow/example_dags/example_bash_operator.py for tasks to queue
[2026-07-25T09:10:51.274+0000] {logging_mixin.py:190} INFO - [2026-07-25T09:10:51.274+0000] {dagbag.py:588} INFO - Filling up the DagBag from /home/airflow/.local/lib/python3.12/site-packages/airflow/example_dags/example_bash_operator.py
[2026-07-25T09:10:51.282+0000] {processor.py:925} INFO - DAG(s) 'example_bash_operator' retrieved from /home/airflow/.local/lib/python3.12/site-packages/airflow/example_dags/example_bash_operator.py
[2026-07-25T09:10:51.298+0000] {logging_mixin.py:190} INFO - [2026-07-25T09:10:51.298+0000] {dag.py:3239} INFO - Sync 1 DAGs
[2026-07-25T09:10:51.311+0000] {logging_mixin.py:190} INFO - [2026-07-25T09:10:51.311+0000] {dag.py:4180} INFO - Setting next_dagrun for example_bash_operator to 2026-07-24 00:00:00+00:00, run_after=2026-07-25 00:00:00+00:00
[2026-07-25T09:10:51.322+0000] {processor.py:208} INFO - Processing /home/airflow/.local/lib/python3.12/site-packages/airflow/example_dags/example_bash_operator.py took 0.054 seconds
[2026-07-25T09:11:21.424+0000] {processor.py:186} INFO - Started process (PID=700) to work on /home/airflow/.local/lib/python3.12/site-packages/airflow/example_dags/example_bash_operator.py
[2026-07-25T09:11:21.425+0000] {processor.py:914} INFO - Processing file /home/airflow/.local/lib/python3.12/site-packages/airflow/example_dags/example_bash_operator.py for tasks to queue
[2026-07-25T09:11:21.426+0000] {logging_mixin.py:190} INFO - [2026-07-25T09:11:21.426+0000] {dagbag.py:588} INFO - Filling up the DagBag from /home/airflow/.local/lib/python3.12/site-packages/airflow/example_dags/example_bash_operator.py
[2026-07-25T09:11:21.434+0000] {processor.py:925} INFO - DAG(s) 'example_bash_operator' retrieved from /home/airflow/.local/lib/python3.12/site-packages/airflow/example_dags/example_bash_operator.py
[2026-07-25T09:11:21.451+0000] {logging_mixin.py:190} INFO - [2026-07-25T09:11:21.451+0000] {dag.py:3239} INFO - Sync 1 DAGs
[2026-07-25T09:11:21.467+0000] {logging_mixin.py:190} INFO - [2026-07-25T09:11:21.467+0000] {dag.py:4180} INFO - Setting next_dagrun for example_bash_operator to 2026-07-24 00:00:00+00:00, run_after=2026-07-25 00:00:00+00:00
[2026-07-25T09:11:21.479+0000] {processor.py:208} INFO - Processing /home/airflow/.local/lib/python3.12/site-packages/airflow/example_dags/example_bash_operator.py took 0.059 seconds
[2026-07-25T09:11:51.885+0000] {processor.py:186} INFO - Started process (PID=763) to work on /home/airflow/.local/lib/python3.12/site-packages/airflow/example_dags/example_bash_operator.py
[2026-07-25T09:11:51.885+0000] {processor.py:914} INFO - Processing file /home/airflow/.local/lib/python3.12/site-packages/airflow/example_dags/example_bash_operator.py for tasks to queue
[2026-07-25T09:11:51.887+0000] {logging_mixin.py:190} INFO - [2026-07-25T09:11:51.887+0000] {dagbag.py:588} INFO - Filling up the DagBag from /home/airflow/.local/lib/python3.12/site-packages/airflow/example_dags/example_bash_operator.py
[2026-07-25T09:11:51.896+0000] {processor.py:925} INFO - DAG(s) 'example_bash_operator' retrieved from /home/airflow/.local/lib/python3.12/site-packages/airflow/example_dags/example_bash_operator.py
[2026-07-25T09:11:51.912+0000] {logging_mixin.py:190} INFO - [2026-07-25T09:11:51.911+0000] {dag.py:3239} INFO - Sync 1 DAGs
[2026-07-25T09:11:51.925+0000] {logging_mixin.py:190} INFO - [2026-07-25T09:11:51.925+0000] {dag.py:4180} INFO - Setting next_dagrun for example_bash_operator to 2026-07-24 00:00:00+00:00, run_after=2026-07-25 00:00:00+00:00
[2026-07-25T09:11:51.937+0000] {processor.py:208} INFO - Processing /home/airflow/.local/lib/python3.12/site-packages/airflow/example_dags/example_bash_operator.py took 0.056 seconds
[2026-07-25T09:12:22.546+0000] {processor.py:186} INFO - Started process (PID=824) to work on /home/airflow/.local/lib/python3.12/site-packages/airflow/example_dags/example_bash_operator.py
[2026-07-25T09:12:22.547+0000] {processor.py:914} INFO - Processing file /home/airflow/.local/lib/python3.12/site-packages/airflow/example_dags/example_bash_operator.py for tasks to queue
[2026-07-25T09:12:22.549+0000] {logging_mixin.py:190} INFO - [2026-07-25T09:12:22.549+0000] {dagbag.py:588} INFO - Filling up the DagBag from /home/airflow/.local/lib/python3.12/site-packages/airflow/example_dags/example_bash_operator.py
[2026-07-25T09:12:22.558+0000] {processor.py:925} INFO - DAG(s) 'example_bash_operator' retrieved from /home/airflow/.local/lib/python3.12/site-packages/airflow/example_dags/example_bash_operator.py
[2026-07-25T09:12:22.575+0000] {logging_mixin.py:190} INFO - [2026-07-25T09:12:22.575+0000] {dag.py:3239} INFO - Sync 1 DAGs
[2026-07-25T09:12:22.590+0000] {logging_mixin.py:190} INFO - [2026-07-25T09:12:22.590+0000] {dag.py:4180} INFO - Setting next_dagrun for example_bash_operator to 2026-07-24 00:00:00+00:00, run_after=2026-07-25 00:00:00+00:00
[2026-07-25T09:12:22.603+0000] {processor.py:208} INFO - Processing /home/airflow/.local/lib/python3.12/site-packages/airflow/example_dags/example_bash_operator.py took 0.060 seconds
[2026-07-25T09:12:52.694+0000] {processor.py:186} INFO - Started process (PID=887) to work on /home/airflow/.local/lib/python3.12/site-packages/airflow/example_dags/example_bash_operator.py
[2026-07-25T09:12:52.695+0000] {processor.py:914} INFO - Processing file /home/airflow/.local/lib/python3.12/site-packages/airflow/example_dags/example_bash_operator.py for tasks to queue
[2026-07-25T09:12:52.697+0000] {logging_mixin.py:190} INFO - [2026-07-25T09:12:52.697+0000] {dagbag.py:588} INFO - Filling up the DagBag from /home/airflow/.local/lib/python3.12/site-packages/airflow/example_dags/example_bash_operator.py
[2026-07-25T09:12:52.706+0000] {processor.py:925} INFO - DAG(s) 'example_bash_operator' retrieved from /home/airflow/.local/lib/python3.12/site-packages/airflow/example_dags/example_bash_operator.py
[2026-07-25T09:12:52.722+0000] {logging_mixin.py:190} INFO - [2026-07-25T09:12:52.721+0000] {dag.py:3239} INFO - Sync 1 DAGs
[2026-07-25T09:12:52.734+0000] {logging_mixin.py:190} INFO - [2026-07-25T09:12:52.734+0000] {dag.py:4180} INFO - Setting next_dagrun for example_bash_operator to 2026-07-24 00:00:00+00:00, run_after=2026-07-25 00:00:00+00:00
[2026-07-25T09:12:52.746+0000] {processor.py:208} INFO - Processing /home/airflow/.local/lib/python3.12/site-packages/airflow/example_dags/example_bash_operator.py took 0.055 seconds
[2026-07-25T09:13:25.359+0000] {processor.py:186} INFO - Started process (PID=950) to work on /home/airflow/.local/lib/python3.12/site-packages/airflow/example_dags/example_bash_operator.py
[2026-07-25T09:13:25.360+0000] {processor.py:914} INFO - Processing file /home/airflow/.local/lib/python3.12/site-packages/airflow/example_dags/example_bash_operator.py for tasks to queue
[2026-07-25T09:13:25.362+0000] {logging_mixin.py:190} INFO - [2026-07-25T09:13:25.361+0000] {dagbag.py:588} INFO - Filling up the DagBag from /home/airflow/.local/lib/python3.12/site-packages/airflow/example_dags/example_bash_operator.py
[2026-07-25T09:13:25.371+0000] {processor.py:925} INFO - DAG(s) 'example_bash_operator' retrieved from /home/airflow/.local/lib/python3.12/site-packages/airflow/example_dags/example_bash_operator.py
[2026-07-25T09:13:25.386+0000] {logging_mixin.py:190} INFO - [2026-07-25T09:13:25.386+0000] {dag.py:3239} INFO - Sync 1 DAGs
[2026-07-25T09:13:25.399+0000] {logging_mixin.py:190} INFO - [2026-07-25T09:13:25.399+0000] {dag.py:4180} INFO - Setting next_dagrun for example_bash_operator to 2026-07-24 00:00:00+00:00, run_after=2026-07-25 00:00:00+00:00
[2026-07-25T09:13:25.411+0000] {processor.py:208} INFO - Processing /home/airflow/.local/lib/python3.12/site-packages/airflow/example_dags/example_bash_operator.py took 0.055 seconds
[2026-07-25T09:13:55.454+0000] {processor.py:186} INFO - Started process (PID=1012) to work on /home/airflow/.local/lib/python3.12/site-packages/airflow/example_dags/example_bash_operator.py
[2026-07-25T09:13:55.455+0000] {processor.py:914} INFO - Processing file /home/airflow/.local/lib/python3.12/site-packages/airflow/example_dags/example_bash_operator.py for tasks to queue
[2026-07-25T09:13:55.457+0000] {logging_mixin.py:190} INFO - [2026-07-25T09:13:55.457+0000] {dagbag.py:588} INFO - Filling up the DagBag from /home/airflow/.local/lib/python3.12/site-packages/airflow/example_dags/example_bash_operator.py
[2026-07-25T09:13:55.465+0000] {processor.py:925} INFO - DAG(s) 'example_bash_operator' retrieved from /home/airflow/.local/lib/python3.12/site-packages/airflow/example_dags/example_bash_operator.py
[2026-07-25T09:13:55.481+0000] {logging_mixin.py:190} INFO - [2026-07-25T09:13:55.481+0000] {dag.py:3239} INFO - Sync 1 DAGs
[2026-07-25T09:13:55.495+0000] {logging_mixin.py:190} INFO - [2026-07-25T09:13:55.494+0000] {dag.py:4180} INFO - Setting next_dagrun for example_bash_operator to 2026-07-24 00:00:00+00:00, run_after=2026-07-25 00:00:00+00:00
[2026-07-25T09:13:55.505+0000] {processor.py:208} INFO - Processing /home/airflow/.local/lib/python3.12/site-packages/airflow/example_dags/example_bash_operator.py took 0.054 seconds
[2026-07-25T09:14:25.596+0000] {processor.py:186} INFO - Started process (PID=1074) to work on /home/airflow/.local/lib/python3.12/site-packages/airflow/example_dags/example_bash_operator.py
[2026-07-25T09:14:25.597+0000] {processor.py:914} INFO - Processing file /home/airflow/.local/lib/python3.12/site-packages/airflow/example_dags/example_bash_operator.py for tasks to queue
[2026-07-25T09:14:25.599+0000] {logging_mixin.py:190} INFO - [2026-07-25T09:14:25.598+0000] {dagbag.py:588} INFO - Filling up the DagBag from /home/airflow/.local/lib/python3.12/site-packages/airflow/example_dags/example_bash_operator.py
[2026-07-25T09:14:25.607+0000] {processor.py:925} INFO - DAG(s) 'example_bash_operator' retrieved from /home/airflow/.local/lib/python3.12/site-packages/airflow/example_dags/example_bash_operator.py
[2026-07-25T09:14:25.624+0000] {logging_mixin.py:190} INFO - [2026-07-25T09:14:25.624+0000] {dag.py:3239} INFO - Sync 1 DAGs
[2026-07-25T09:14:25.638+0000] {logging_mixin.py:190} INFO - [2026-07-25T09:14:25.638+0000] {dag.py:4180} INFO - Setting next_dagrun for example_bash_operator to 2026-07-24 00:00:00+00:00, run_after=2026-07-25 00:00:00+00:00
[2026-07-25T09:14:25.649+0000] {processor.py:208} INFO - Processing /home/airflow/.local/lib/python3.12/site-packages/airflow/example_dags/example_bash_operator.py took 0.057 seconds
[2026-07-25T09:15:32.911+0000] {processor.py:186} INFO - Started process (PID=70) to work on /home/airflow/.local/lib/python3.12/site-packages/airflow/example_dags/example_bash_operator.py
[2026-07-25T09:15:32.912+0000] {processor.py:914} INFO - Processing file /home/airflow/.local/lib/python3.12/site-packages/airflow/example_dags/example_bash_operator.py for tasks to queue
[2026-07-25T09:15:32.914+0000] {logging_mixin.py:190} INFO - [2026-07-25T09:15:32.914+0000] {dagbag.py:588} INFO - Filling up the DagBag from /home/airflow/.local/lib/python3.12/site-packages/airflow/example_dags/example_bash_operator.py
[2026-07-25T09:15:32.923+0000] {processor.py:925} INFO - DAG(s) 'example_bash_operator' retrieved from /home/airflow/.local/lib/python3.12/site-packages/airflow/example_dags/example_bash_operator.py
[2026-07-25T09:15:32.949+0000] {logging_mixin.py:190} INFO - [2026-07-25T09:15:32.949+0000] {dag.py:3239} INFO - Sync 1 DAGs
[2026-07-25T09:15:32.964+0000] {logging_mixin.py:190} INFO - [2026-07-25T09:15:32.963+0000] {dag.py:4180} INFO - Setting next_dagrun for example_bash_operator to 2026-07-24 00:00:00+00:00, run_after=2026-07-25 00:00:00+00:00
[2026-07-25T09:15:32.975+0000] {processor.py:208} INFO - Processing /home/airflow/.local/lib/python3.12/site-packages/airflow/example_dags/example_bash_operator.py took 0.067 seconds
[2026-07-25T09:16:03.241+0000] {processor.py:186} INFO - Started process (PID=133) to work on /home/airflow/.local/lib/python3.12/site-packages/airflow/example_dags/example_bash_operator.py
[2026-07-25T09:16:03.242+0000] {processor.py:914} INFO - Processing file /home/airflow/.local/lib/python3.12/site-packages/airflow/example_dags/example_bash_operator.py for tasks to queue
[2026-07-25T09:16:03.244+0000] {logging_mixin.py:190} INFO - [2026-07-25T09:16:03.243+0000] {dagbag.py:588} INFO - Filling up the DagBag from /home/airflow/.local/lib/python3.12/site-packages/airflow/example_dags/example_bash_operator.py
[2026-07-25T09:16:03.254+0000] {processor.py:925} INFO - DAG(s) 'example_bash_operator' retrieved from /home/airflow/.local/lib/python3.12/site-packages/airflow/example_dags/example_bash_operator.py
[2026-07-25T09:16:03.276+0000] {logging_mixin.py:190} INFO - [2026-07-25T09:16:03.276+0000] {dag.py:3239} INFO - Sync 1 DAGs
[2026-07-25T09:16:03.292+0000] {logging_mixin.py:190} INFO - [2026-07-25T09:16:03.292+0000] {dag.py:4180} INFO - Setting next_dagrun for example_bash_operator to 2026-07-24 00:00:00+00:00, run_after=2026-07-25 00:00:00+00:00
[2026-07-25T09:16:03.318+0000] {processor.py:208} INFO - Processing /home/airflow/.local/lib/python3.12/site-packages/airflow/example_dags/example_bash_operator.py took 0.081 seconds
[2026-07-25T09:16:33.983+0000] {processor.py:186} INFO - Started process (PID=196) to work on /home/airflow/.local/lib/python3.12/site-packages/airflow/example_dags/example_bash_operator.py
[2026-07-25T09:16:33.984+0000] {processor.py:914} INFO - Processing file /home/airflow/.local/lib/python3.12/site-packages/airflow/example_dags/example_bash_operator.py for tasks to queue
[2026-07-25T09:16:33.987+0000] {logging_mixin.py:190} INFO - [2026-07-25T09:16:33.987+0000] {dagbag.py:588} INFO - Filling up the DagBag from /home/airflow/.local/lib/python3.12/site-packages/airflow/example_dags/example_bash_operator.py
[2026-07-25T09:16:33.996+0000] {processor.py:925} INFO - DAG(s) 'example_bash_operator' retrieved from /home/airflow/.local/lib/python3.12/site-packages/airflow/example_dags/example_bash_operator.py
[2026-07-25T09:16:34.014+0000] {logging_mixin.py:190} INFO - [2026-07-25T09:16:34.014+0000] {dag.py:3239} INFO - Sync 1 DAGs
[2026-07-25T09:16:34.029+0000] {logging_mixin.py:190} INFO - [2026-07-25T09:16:34.029+0000] {dag.py:4180} INFO - Setting next_dagrun for example_bash_operator to 2026-07-24 00:00:00+00:00, run_after=2026-07-25 00:00:00+00:00
[2026-07-25T09:16:34.044+0000] {processor.py:208} INFO - Processing /home/airflow/.local/lib/python3.12/site-packages/airflow/example_dags/example_bash_operator.py took 0.064 seconds
[2026-07-25T09:17:04.715+0000] {processor.py:186} INFO - Started process (PID=259) to work on /home/airflow/.local/lib/python3.12/site-packages/airflow/example_dags/example_bash_operator.py
[2026-07-25T09:17:04.716+0000] {processor.py:914} INFO - Processing file /home/airflow/.local/lib/python3.12/site-packages/airflow/example_dags/example_bash_operator.py for tasks to queue
[2026-07-25T09:17:04.718+0000] {logging_mixin.py:190} INFO - [2026-07-25T09:17:04.717+0000] {dagbag.py:588} INFO - Filling up the DagBag from /home/airflow/.local/lib/python3.12/site-packages/airflow/example_dags/example_bash_operator.py
[2026-07-25T09:17:04.725+0000] {processor.py:925} INFO - DAG(s) 'example_bash_operator' retrieved from /home/airflow/.local/lib/python3.12/site-packages/airflow/example_dags/example_bash_operator.py
[2026-07-25T09:17:04.741+0000] {logging_mixin.py:190} INFO - [2026-07-25T09:17:04.741+0000] {dag.py:3239} INFO - Sync 1 DAGs
[2026-07-25T09:17:04.754+0000] {logging_mixin.py:190} INFO - [2026-07-25T09:17:04.754+0000] {dag.py:4180} INFO - Setting next_dagrun for example_bash_operator to 2026-07-24 00:00:00+00:00, run_after=2026-07-25 00:00:00+00:00
[2026-07-25T09:17:04.765+0000] {processor.py:208} INFO - Processing /home/airflow/.local/lib/python3.12/site-packages/airflow/example_dags/example_bash_operator.py took 0.053 seconds
[2026-07-25T09:17:35.101+0000] {processor.py:186} INFO - Started process (PID=322) to work on /home/airflow/.local/lib/python3.12/site-packages/airflow/example_dags/example_bash_operator.py
[2026-07-25T09:17:35.102+0000] {processor.py:914} INFO - Processing file /home/airflow/.local/lib/python3.12/site-packages/airflow/example_dags/example_bash_operator.py for tasks to queue
[2026-07-25T09:17:35.104+0000] {logging_mixin.py:190} INFO - [2026-07-25T09:17:35.104+0000] {dagbag.py:588} INFO - Filling up the DagBag from /home/airflow/.local/lib/python3.12/site-packages/airflow/example_dags/example_bash_operator.py
[2026-07-25T09:17:35.112+0000] {processor.py:925} INFO - DAG(s) 'example_bash_operator' retrieved from /home/airflow/.local/lib/python3.12/site-packages/airflow/example_dags/example_bash_operator.py
[2026-07-25T09:17:35.129+0000] {logging_mixin.py:190} INFO - [2026-07-25T09:17:35.129+0000] {dag.py:3239} INFO - Sync 1 DAGs
[2026-07-25T09:17:35.143+0000] {logging_mixin.py:190} INFO - [2026-07-25T09:17:35.143+0000] {dag.py:4180} INFO - Setting next_dagrun for example_bash_operator to 2026-07-24 00:00:00+00:00, run_after=2026-07-25 00:00:00+00:00
[2026-07-25T09:17:35.154+0000] {processor.py:208} INFO - Processing /home/airflow/.local/lib/python3.12/site-packages/airflow/example_dags/example_bash_operator.py took 0.056 seconds
[2026-07-25T09:18:05.423+0000] {processor.py:186} INFO - Started process (PID=385) to work on /home/airflow/.local/lib/python3.12/site-packages/airflow/example_dags/example_bash_operator.py
[2026-07-25T09:18:05.424+0000] {processor.py:914} INFO - Processing file /home/airflow/.local/lib/python3.12/site-packages/airflow/example_dags/example_bash_operator.py for tasks to queue
[2026-07-25T09:18:05.426+0000] {logging_mixin.py:190} INFO - [2026-07-25T09:18:05.425+0000] {dagbag.py:588} INFO - Filling up the DagBag from /home/airflow/.local/lib/python3.12/site-packages/airflow/example_dags/example_bash_operator.py
[2026-07-25T09:18:05.434+0000] {processor.py:925} INFO - DAG(s) 'example_bash_operator' retrieved from /home/airflow/.local/lib/python3.12/site-packages/airflow/example_dags/example_bash_operator.py
[2026-07-25T09:18:05.451+0000] {logging_mixin.py:190} INFO - [2026-07-25T09:18:05.451+0000] {dag.py:3239} INFO - Sync 1 DAGs
[2026-07-25T09:18:05.464+0000] {logging_mixin.py:190} INFO - [2026-07-25T09:18:05.464+0000] {dag.py:4180} INFO - Setting next_dagrun for example_bash_operator to 2026-07-24 00:00:00+00:00, run_after=2026-07-25 00:00:00+00:00
[2026-07-25T09:18:05.475+0000] {processor.py:208} INFO - Processing /home/airflow/.local/lib/python3.12/site-packages/airflow/example_dags/example_bash_operator.py took 0.055 seconds
[2026-07-25T09:18:36.114+0000] {processor.py:186} INFO - Started process (PID=447) to work on /home/airflow/.local/lib/python3.12/site-packages/airflow/example_dags/example_bash_operator.py
[2026-07-25T09:18:36.114+0000] {processor.py:914} INFO - Processing file /home/airflow/.local/lib/python3.12/site-packages/airflow/example_dags/example_bash_operator.py for tasks to queue
[2026-07-25T09:18:36.116+0000] {logging_mixin.py:190} INFO - [2026-07-25T09:18:36.116+0000] {dagbag.py:588} INFO - Filling up the DagBag from /home/airflow/.local/lib/python3.12/site-packages/airflow/example_dags/example_bash_operator.py
[2026-07-25T09:18:36.125+0000] {processor.py:925} INFO - DAG(s) 'example_bash_operator' retrieved from /home/airflow/.local/lib/python3.12/site-packages/airflow/example_dags/example_bash_operator.py
[2026-07-25T09:18:36.142+0000] {logging_mixin.py:190} INFO - [2026-07-25T09:18:36.142+0000] {dag.py:3239} INFO - Sync 1 DAGs
[2026-07-25T09:18:36.155+0000] {logging_mixin.py:190} INFO - [2026-07-25T09:18:36.155+0000] {dag.py:4180} INFO - Setting next_dagrun for example_bash_operator to 2026-07-24 00:00:00+00:00, run_after=2026-07-25 00:00:00+00:00
[2026-07-25T09:18:36.166+0000] {processor.py:208} INFO - Processing /home/airflow/.local/lib/python3.12/site-packages/airflow/example_dags/example_bash_operator.py took 0.056 seconds
[2026-07-25T09:19:06.390+0000] {processor.py:186} INFO - Started process (PID=509) to work on /home/airflow/.local/lib/python3.12/site-packages/airflow/example_dags/example_bash_operator.py
[2026-07-25T09:19:06.391+0000] {processor.py:914} INFO - Processing file /home/airflow/.local/lib/python3.12/site-packages/airflow/example_dags/example_bash_operator.py for tasks to queue
[2026-07-25T09:19:06.393+0000] {logging_mixin.py:190} INFO - [2026-07-25T09:19:06.392+0000] {dagbag.py:588} INFO - Filling up the DagBag from /home/airflow/.local/lib/python3.12/site-packages/airflow/example_dags/example_bash_operator.py
[2026-07-25T09:19:06.401+0000] {processor.py:925} INFO - DAG(s) 'example_bash_operator' retrieved from /home/airflow/.local/lib/python3.12/site-packages/airflow/example_dags/example_bash_operator.py
[2026-07-25T09:19:06.419+0000] {logging_mixin.py:190} INFO - [2026-07-25T09:19:06.419+0000] {dag.py:3239} INFO - Sync 1 DAGs
[2026-07-25T09:19:06.432+0000] {logging_mixin.py:190} INFO - [2026-07-25T09:19:06.432+0000] {dag.py:4180} INFO - Setting next_dagrun for example_bash_operator to 2026-07-24 00:00:00+00:00, run_after=2026-07-25 00:00:00+00:00
[2026-07-25T09:19:06.445+0000] {processor.py:208} INFO - Processing /home/airflow/.local/lib/python3.12/site-packages/airflow/example_dags/example_bash_operator.py took 0.059 seconds
[2026-07-25T09:20:44.131+0000] {processor.py:186} INFO - Started process (PID=70) to work on /home/airflow/.local/lib/python3.12/site-packages/airflow/example_dags/example_bash_operator.py
[2026-07-25T09:20:44.133+0000] {processor.py:914} INFO - Processing file /home/airflow/.local/lib/python3.12/site-packages/airflow/example_dags/example_bash_operator.py for tasks to queue
[2026-07-25T09:20:44.138+0000] {logging_mixin.py:190} INFO - [2026-07-25T09:20:44.138+0000] {dagbag.py:588} INFO - Filling up the DagBag from /home/airflow/.local/lib/python3.12/site-packages/airflow/example_dags/example_bash_operator.py
[2026-07-25T09:20:44.156+0000] {processor.py:925} INFO - DAG(s) 'example_bash_operator' retrieved from /home/airflow/.local/lib/python3.12/site-packages/airflow/example_dags/example_bash_operator.py
[2026-07-25T09:20:44.188+0000] {logging_mixin.py:190} INFO - [2026-07-25T09:20:44.188+0000] {dag.py:3239} INFO - Sync 1 DAGs
[2026-07-25T09:20:44.207+0000] {logging_mixin.py:190} INFO - [2026-07-25T09:20:44.207+0000] {dag.py:4180} INFO - Setting next_dagrun for example_bash_operator to 2026-07-24 00:00:00+00:00, run_after=2026-07-25 00:00:00+00:00
[2026-07-25T09:20:44.222+0000] {processor.py:208} INFO - Processing /home/airflow/.local/lib/python3.12/site-packages/airflow/example_dags/example_bash_operator.py took 0.099 seconds
[2026-07-25T09:21:14.302+0000] {processor.py:186} INFO - Started process (PID=133) to work on /home/airflow/.local/lib/python3.12/site-packages/airflow/example_dags/example_bash_operator.py
[2026-07-25T09:21:14.303+0000] {processor.py:914} INFO - Processing file /home/airflow/.local/lib/python3.12/site-packages/airflow/example_dags/example_bash_operator.py for tasks to queue
[2026-07-25T09:21:14.305+0000] {logging_mixin.py:190} INFO - [2026-07-25T09:21:14.305+0000] {dagbag.py:588} INFO - Filling up the DagBag from /home/airflow/.local/lib/python3.12/site-packages/airflow/example_dags/example_bash_operator.py
[2026-07-25T09:21:14.314+0000] {processor.py:925} INFO - DAG(s) 'example_bash_operator' retrieved from /home/airflow/.local/lib/python3.12/site-packages/airflow/example_dags/example_bash_operator.py
[2026-07-25T09:21:14.332+0000] {logging_mixin.py:190} INFO - [2026-07-25T09:21:14.332+0000] {dag.py:3239} INFO - Sync 1 DAGs
[2026-07-25T09:21:14.346+0000] {logging_mixin.py:190} INFO - [2026-07-25T09:21:14.346+0000] {dag.py:4180} INFO - Setting next_dagrun for example_bash_operator to 2026-07-24 00:00:00+00:00, run_after=2026-07-25 00:00:00+00:00
[2026-07-25T09:21:14.359+0000] {processor.py:208} INFO - Processing /home/airflow/.local/lib/python3.12/site-packages/airflow/example_dags/example_bash_operator.py took 0.061 seconds
[2026-07-25T09:21:44.443+0000] {processor.py:186} INFO - Started process (PID=196) to work on /home/airflow/.local/lib/python3.12/site-packages/airflow/example_dags/example_bash_operator.py
[2026-07-25T09:21:44.444+0000] {processor.py:914} INFO - Processing file /home/airflow/.local/lib/python3.12/site-packages/airflow/example_dags/example_bash_operator.py for tasks to queue
[2026-07-25T09:21:44.445+0000] {logging_mixin.py:190} INFO - [2026-07-25T09:21:44.445+0000] {dagbag.py:588} INFO - Filling up the DagBag from /home/airflow/.local/lib/python3.12/site-packages/airflow/example_dags/example_bash_operator.py
[2026-07-25T09:21:44.454+0000] {processor.py:925} INFO - DAG(s) 'example_bash_operator' retrieved from /home/airflow/.local/lib/python3.12/site-packages/airflow/example_dags/example_bash_operator.py
[2026-07-25T09:21:44.469+0000] {logging_mixin.py:190} INFO - [2026-07-25T09:21:44.469+0000] {dag.py:3239} INFO - Sync 1 DAGs
[2026-07-25T09:21:44.484+0000] {logging_mixin.py:190} INFO - [2026-07-25T09:21:44.484+0000] {dag.py:4180} INFO - Setting next_dagrun for example_bash_operator to 2026-07-24 00:00:00+00:00, run_after=2026-07-25 00:00:00+00:00
[2026-07-25T09:21:44.495+0000] {processor.py:208} INFO - Processing /home/airflow/.local/lib/python3.12/site-packages/airflow/example_dags/example_bash_operator.py took 0.055 seconds
[2026-07-25T09:22:14.875+0000] {processor.py:186} INFO - Started process (PID=259) to work on /home/airflow/.local/lib/python3.12/site-packages/airflow/example_dags/example_bash_operator.py
[2026-07-25T09:22:14.876+0000] {processor.py:914} INFO - Processing file /home/airflow/.local/lib/python3.12/site-packages/airflow/example_dags/example_bash_operator.py for tasks to queue
[2026-07-25T09:22:14.878+0000] {logging_mixin.py:190} INFO - [2026-07-25T09:22:14.878+0000] {dagbag.py:588} INFO - Filling up the DagBag from /home/airflow/.local/lib/python3.12/site-packages/airflow/example_dags/example_bash_operator.py
[2026-07-25T09:22:14.886+0000] {processor.py:925} INFO - DAG(s) 'example_bash_operator' retrieved from /home/airflow/.local/lib/python3.12/site-packages/airflow/example_dags/example_bash_operator.py
[2026-07-25T09:22:14.904+0000] {logging_mixin.py:190} INFO - [2026-07-25T09:22:14.904+0000] {dag.py:3239} INFO - Sync 1 DAGs
[2026-07-25T09:22:14.920+0000] {logging_mixin.py:190} INFO - [2026-07-25T09:22:14.920+0000] {dag.py:4180} INFO - Setting next_dagrun for example_bash_operator to 2026-07-24 00:00:00+00:00, run_after=2026-07-25 00:00:00+00:00
[2026-07-25T09:22:14.933+0000] {processor.py:208} INFO - Processing /home/airflow/.local/lib/python3.12/site-packages/airflow/example_dags/example_bash_operator.py took 0.061 seconds
[2026-07-25T09:23:55.938+0000] {processor.py:186} INFO - Started process (PID=70) to work on /home/airflow/.local/lib/python3.12/site-packages/airflow/example_dags/example_bash_operator.py
[2026-07-25T09:23:55.939+0000] {processor.py:914} INFO - Processing file /home/airflow/.local/lib/python3.12/site-packages/airflow/example_dags/example_bash_operator.py for tasks to queue
[2026-07-25T09:23:55.941+0000] {logging_mixin.py:190} INFO - [2026-07-25T09:23:55.941+0000] {dagbag.py:588} INFO - Filling up the DagBag from /home/airflow/.local/lib/python3.12/site-packages/airflow/example_dags/example_bash_operator.py
[2026-07-25T09:23:55.951+0000] {processor.py:925} INFO - DAG(s) 'example_bash_operator' retrieved from /home/airflow/.local/lib/python3.12/site-packages/airflow/example_dags/example_bash_operator.py
[2026-07-25T09:23:55.973+0000] {logging_mixin.py:190} INFO - [2026-07-25T09:23:55.973+0000] {dag.py:3239} INFO - Sync 1 DAGs
[2026-07-25T09:23:55.991+0000] {logging_mixin.py:190} INFO - [2026-07-25T09:23:55.991+0000] {dag.py:4180} INFO - Setting next_dagrun for example_bash_operator to 2026-07-24 00:00:00+00:00, run_after=2026-07-25 00:00:00+00:00
[2026-07-25T09:23:56.008+0000] {processor.py:208} INFO - Processing /home/airflow/.local/lib/python3.12/site-packages/airflow/example_dags/example_bash_operator.py took 0.074 seconds
[2026-07-25T09:24:27.782+0000] {processor.py:186} INFO - Started process (PID=133) to work on /home/airflow/.local/lib/python3.12/site-packages/airflow/example_dags/example_bash_operator.py
[2026-07-25T09:24:27.783+0000] {processor.py:914} INFO - Processing file /home/airflow/.local/lib/python3.12/site-packages/airflow/example_dags/example_bash_operator.py for tasks to queue
[2026-07-25T09:24:27.785+0000] {logging_mixin.py:190} INFO - [2026-07-25T09:24:27.785+0000] {dagbag.py:588} INFO - Filling up the DagBag from /home/airflow/.local/lib/python3.12/site-packages/airflow/example_dags/example_bash_operator.py
[2026-07-25T09:24:27.793+0000] {processor.py:925} INFO - DAG(s) 'example_bash_operator' retrieved from /home/airflow/.local/lib/python3.12/site-packages/airflow/example_dags/example_bash_operator.py
[2026-07-25T09:24:27.807+0000] {logging_mixin.py:190} INFO - [2026-07-25T09:24:27.807+0000] {dag.py:3239} INFO - Sync 1 DAGs
[2026-07-25T09:24:27.820+0000] {logging_mixin.py:190} INFO - [2026-07-25T09:24:27.820+0000] {dag.py:4180} INFO - Setting next_dagrun for example_bash_operator to 2026-07-24 00:00:00+00:00, run_after=2026-07-25 00:00:00+00:00
[2026-07-25T09:24:27.843+0000] {processor.py:208} INFO - Processing /home/airflow/.local/lib/python3.12/site-packages/airflow/example_dags/example_bash_operator.py took 0.064 seconds
[2026-07-25T09:24:58.376+0000] {processor.py:186} INFO - Started process (PID=202) to work on /home/airflow/.local/lib/python3.12/site-packages/airflow/example_dags/example_bash_operator.py
[2026-07-25T09:24:58.377+0000] {processor.py:914} INFO - Processing file /home/airflow/.local/lib/python3.12/site-packages/airflow/example_dags/example_bash_operator.py for tasks to queue
[2026-07-25T09:24:58.378+0000] {logging_mixin.py:190} INFO - [2026-07-25T09:24:58.378+0000] {dagbag.py:588} INFO - Filling up the DagBag from /home/airflow/.local/lib/python3.12/site-packages/airflow/example_dags/example_bash_operator.py
[2026-07-25T09:24:58.387+0000] {processor.py:925} INFO - DAG(s) 'example_bash_operator' retrieved from /home/airflow/.local/lib/python3.12/site-packages/airflow/example_dags/example_bash_operator.py
[2026-07-25T09:24:58.402+0000] {logging_mixin.py:190} INFO - [2026-07-25T09:24:58.402+0000] {dag.py:3239} INFO - Sync 1 DAGs
[2026-07-25T09:24:58.415+0000] {logging_mixin.py:190} INFO - [2026-07-25T09:24:58.415+0000] {dag.py:4180} INFO - Setting next_dagrun for example_bash_operator to 2026-07-24 00:00:00+00:00, run_after=2026-07-25 00:00:00+00:00
[2026-07-25T09:24:58.428+0000] {processor.py:208} INFO - Processing /home/airflow/.local/lib/python3.12/site-packages/airflow/example_dags/example_bash_operator.py took 0.056 seconds
[2026-07-25T09:25:29.250+0000] {processor.py:186} INFO - Started process (PID=265) to work on /home/airflow/.local/lib/python3.12/site-packages/airflow/example_dags/example_bash_operator.py
[2026-07-25T09:25:29.251+0000] {processor.py:914} INFO - Processing file /home/airflow/.local/lib/python3.12/site-packages/airflow/example_dags/example_bash_operator.py for tasks to queue
[2026-07-25T09:25:29.253+0000] {logging_mixin.py:190} INFO - [2026-07-25T09:25:29.252+0000] {dagbag.py:588} INFO - Filling up the DagBag from /home/airflow/.local/lib/python3.12/site-packages/airflow/example_dags/example_bash_operator.py
[2026-07-25T09:25:29.261+0000] {processor.py:925} INFO - DAG(s) 'example_bash_operator' retrieved from /home/airflow/.local/lib/python3.12/site-packages/airflow/example_dags/example_bash_operator.py
[2026-07-25T09:25:29.283+0000] {logging_mixin.py:190} INFO - [2026-07-25T09:25:29.283+0000] {dag.py:3239} INFO - Sync 1 DAGs
[2026-07-25T09:25:29.301+0000] {logging_mixin.py:190} INFO - [2026-07-25T09:25:29.301+0000] {dag.py:4180} INFO - Setting next_dagrun for example_bash_operator to 2026-07-24 00:00:00+00:00, run_after=2026-07-25 00:00:00+00:00
[2026-07-25T09:25:29.315+0000] {processor.py:208} INFO - Processing /home/airflow/.local/lib/python3.12/site-packages/airflow/example_dags/example_bash_operator.py took 0.070 seconds
[2026-07-25T09:26:48.390+0000] {processor.py:186} INFO - Started process (PID=70) to work on /home/airflow/.local/lib/python3.12/site-packages/airflow/example_dags/example_bash_operator.py
[2026-07-25T09:26:48.392+0000] {processor.py:914} INFO - Processing file /home/airflow/.local/lib/python3.12/site-packages/airflow/example_dags/example_bash_operator.py for tasks to queue
[2026-07-25T09:26:48.395+0000] {logging_mixin.py:190} INFO - [2026-07-25T09:26:48.395+0000] {dagbag.py:588} INFO - Filling up the DagBag from /home/airflow/.local/lib/python3.12/site-packages/airflow/example_dags/example_bash_operator.py
[2026-07-25T09:26:48.412+0000] {processor.py:925} INFO - DAG(s) 'example_bash_operator' retrieved from /home/airflow/.local/lib/python3.12/site-packages/airflow/example_dags/example_bash_operator.py
[2026-07-25T09:26:48.515+0000] {logging_mixin.py:190} INFO - [2026-07-25T09:26:48.515+0000] {override.py:1932} INFO - Created Permission View: can edit on DAG:example_bash_operator
[2026-07-25T09:26:48.523+0000] {logging_mixin.py:190} INFO - [2026-07-25T09:26:48.523+0000] {override.py:1932} INFO - Created Permission View: can read on DAG:example_bash_operator
[2026-07-25T09:26:48.528+0000] {logging_mixin.py:190} INFO - [2026-07-25T09:26:48.528+0000] {override.py:1932} INFO - Created Permission View: can delete on DAG:example_bash_operator
[2026-07-25T09:26:48.535+0000] {logging_mixin.py:190} INFO - [2026-07-25T09:26:48.535+0000] {override.py:1932} INFO - Created Permission View: menu access on DAG Run:example_bash_operator
[2026-07-25T09:26:48.540+0000] {logging_mixin.py:190} INFO - [2026-07-25T09:26:48.539+0000] {override.py:1932} INFO - Created Permission View: can read on DAG Run:example_bash_operator
[2026-07-25T09:26:48.544+0000] {logging_mixin.py:190} INFO - [2026-07-25T09:26:48.544+0000] {override.py:1932} INFO - Created Permission View: can create on DAG Run:example_bash_operator
[2026-07-25T09:26:48.549+0000] {logging_mixin.py:190} INFO - [2026-07-25T09:26:48.549+0000] {override.py:1932} INFO - Created Permission View: can delete on DAG Run:example_bash_operator
[2026-07-25T09:26:48.550+0000] {logging_mixin.py:190} INFO - [2026-07-25T09:26:48.550+0000] {dag.py:3239} INFO - Sync 1 DAGs
[2026-07-25T09:26:48.559+0000] {logging_mixin.py:190} INFO - [2026-07-25T09:26:48.559+0000] {dag.py:3262} INFO - Creating ORM DAG for example_bash_operator
[2026-07-25T09:26:48.566+0000] {logging_mixin.py:190} INFO - [2026-07-25T09:26:48.566+0000] {dag.py:4180} INFO - Setting next_dagrun for example_bash_operator to 2026-07-24 00:00:00+00:00, run_after=2026-07-25 00:00:00+00:00
[2026-07-25T09:26:48.579+0000] {processor.py:208} INFO - Processing /home/airflow/.local/lib/python3.12/site-packages/airflow/example_dags/example_bash_operator.py took 0.196 seconds
[2026-07-25T09:27:18.871+0000] {processor.py:186} INFO - Started process (PID=133) to work on /home/airflow/.local/lib/python3.12/site-packages/airflow/example_dags/example_bash_operator.py
[2026-07-25T09:27:18.872+0000] {processor.py:914} INFO - Processing file /home/airflow/.local/lib/python3.12/site-packages/airflow/example_dags/example_bash_operator.py for tasks to queue
[2026-07-25T09:27:18.874+0000] {logging_mixin.py:190} INFO - [2026-07-25T09:27:18.874+0000] {dagbag.py:588} INFO - Filling up the DagBag from /home/airflow/.local/lib/python3.12/site-packages/airflow/example_dags/example_bash_operator.py
[2026-07-25T09:27:18.883+0000] {processor.py:925} INFO - DAG(s) 'example_bash_operator' retrieved from /home/airflow/.local/lib/python3.12/site-packages/airflow/example_dags/example_bash_operator.py
[2026-07-25T09:27:18.901+0000] {logging_mixin.py:190} INFO - [2026-07-25T09:27:18.900+0000] {dag.py:3239} INFO - Sync 1 DAGs
[2026-07-25T09:27:18.914+0000] {logging_mixin.py:190} INFO - [2026-07-25T09:27:18.914+0000] {dag.py:4180} INFO - Setting next_dagrun for example_bash_operator to 2026-07-24 00:00:00+00:00, run_after=2026-07-25 00:00:00+00:00
[2026-07-25T09:27:18.926+0000] {processor.py:208} INFO - Processing /home/airflow/.local/lib/python3.12/site-packages/airflow/example_dags/example_bash_operator.py took 0.058 seconds
[2026-07-25T09:27:49.182+0000] {processor.py:186} INFO - Started process (PID=196) to work on /home/airflow/.local/lib/python3.12/site-packages/airflow/example_dags/example_bash_operator.py
[2026-07-25T09:27:49.183+0000] {processor.py:914} INFO - Processing file /home/airflow/.local/lib/python3.12/site-packages/airflow/example_dags/example_bash_operator.py for tasks to queue
[2026-07-25T09:27:49.186+0000] {logging_mixin.py:190} INFO - [2026-07-25T09:27:49.185+0000] {dagbag.py:588} INFO - Filling up the DagBag from /home/airflow/.local/lib/python3.12/site-packages/airflow/example_dags/example_bash_operator.py
[2026-07-25T09:27:49.194+0000] {processor.py:925} INFO - DAG(s) 'example_bash_operator' retrieved from /home/airflow/.local/lib/python3.12/site-packages/airflow/example_dags/example_bash_operator.py
[2026-07-25T09:27:49.212+0000] {logging_mixin.py:190} INFO - [2026-07-25T09:27:49.212+0000] {dag.py:3239} INFO - Sync 1 DAGs
[2026-07-25T09:27:49.227+0000] {logging_mixin.py:190} INFO - [2026-07-25T09:27:49.227+0000] {dag.py:4180} INFO - Setting next_dagrun for example_bash_operator to 2026-07-24 00:00:00+00:00, run_after=2026-07-25 00:00:00+00:00
[2026-07-25T09:27:49.250+0000] {processor.py:208} INFO - Processing /home/airflow/.local/lib/python3.12/site-packages/airflow/example_dags/example_bash_operator.py took 0.072 seconds
[2026-07-25T09:28:19.599+0000] {processor.py:186} INFO - Started process (PID=259) to work on /home/airflow/.local/lib/python3.12/site-packages/airflow/example_dags/example_bash_operator.py
[2026-07-25T09:28:19.599+0000] {processor.py:914} INFO - Processing file /home/airflow/.local/lib/python3.12/site-packages/airflow/example_dags/example_bash_operator.py for tasks to queue
[2026-07-25T09:28:19.601+0000] {logging_mixin.py:190} INFO - [2026-07-25T09:28:19.601+0000] {dagbag.py:588} INFO - Filling up the DagBag from /home/airflow/.local/lib/python3.12/site-packages/airflow/example_dags/example_bash_operator.py
[2026-07-25T09:28:19.611+0000] {processor.py:925} INFO - DAG(s) 'example_bash_operator' retrieved from /home/airflow/.local/lib/python3.12/site-packages/airflow/example_dags/example_bash_operator.py
[2026-07-25T09:28:19.627+0000] {logging_mixin.py:190} INFO - [2026-07-25T09:28:19.627+0000] {dag.py:3239} INFO - Sync 1 DAGs
[2026-07-25T09:28:19.641+0000] {logging_mixin.py:190} INFO - [2026-07-25T09:28:19.641+0000] {dag.py:4180} INFO - Setting next_dagrun for example_bash_operator to 2026-07-24 00:00:00+00:00, run_after=2026-07-25 00:00:00+00:00
[2026-07-25T09:28:19.654+0000] {processor.py:208} INFO - Processing /home/airflow/.local/lib/python3.12/site-packages/airflow/example_dags/example_bash_operator.py took 0.059 seconds
[2026-07-25T09:28:50.192+0000] {processor.py:186} INFO - Started process (PID=322) to work on /home/airflow/.local/lib/python3.12/site-packages/airflow/example_dags/example_bash_operator.py
[2026-07-25T09:28:50.193+0000] {processor.py:914} INFO - Processing file /home/airflow/.local/lib/python3.12/site-packages/airflow/example_dags/example_bash_operator.py for tasks to queue
[2026-07-25T09:28:50.195+0000] {logging_mixin.py:190} INFO - [2026-07-25T09:28:50.194+0000] {dagbag.py:588} INFO - Filling up the DagBag from /home/airflow/.local/lib/python3.12/site-packages/airflow/example_dags/example_bash_operator.py
[2026-07-25T09:28:50.203+0000] {processor.py:925} INFO - DAG(s) 'example_bash_operator' retrieved from /home/airflow/.local/lib/python3.12/site-packages/airflow/example_dags/example_bash_operator.py
[2026-07-25T09:28:50.221+0000] {logging_mixin.py:190} INFO - [2026-07-25T09:28:50.221+0000] {dag.py:3239} INFO - Sync 1 DAGs
[2026-07-25T09:28:50.239+0000] {logging_mixin.py:190} INFO - [2026-07-25T09:28:50.239+0000] {dag.py:4180} INFO - Setting next_dagrun for example_bash_operator to 2026-07-24 00:00:00+00:00, run_after=2026-07-25 00:00:00+00:00
[2026-07-25T09:28:50.252+0000] {processor.py:208} INFO - Processing /home/airflow/.local/lib/python3.12/site-packages/airflow/example_dags/example_bash_operator.py took 0.064 seconds
[2026-07-25T09:29:23.193+0000] {processor.py:186} INFO - Started process (PID=391) to work on /home/airflow/.local/lib/python3.12/site-packages/airflow/example_dags/example_bash_operator.py
[2026-07-25T09:29:23.194+0000] {processor.py:914} INFO - Processing file /home/airflow/.local/lib/python3.12/site-packages/airflow/example_dags/example_bash_operator.py for tasks to queue
[2026-07-25T09:29:23.196+0000] {logging_mixin.py:190} INFO - [2026-07-25T09:29:23.196+0000] {dagbag.py:588} INFO - Filling up the DagBag from /home/airflow/.local/lib/python3.12/site-packages/airflow/example_dags/example_bash_operator.py
[2026-07-25T09:29:23.207+0000] {processor.py:925} INFO - DAG(s) 'example_bash_operator' retrieved from /home/airflow/.local/lib/python3.12/site-packages/airflow/example_dags/example_bash_operator.py
[2026-07-25T09:29:23.226+0000] {logging_mixin.py:190} INFO - [2026-07-25T09:29:23.226+0000] {dag.py:3239} INFO - Sync 1 DAGs
[2026-07-25T09:29:23.241+0000] {logging_mixin.py:190} INFO - [2026-07-25T09:29:23.241+0000] {dag.py:4180} INFO - Setting next_dagrun for example_bash_operator to 2026-07-24 00:00:00+00:00, run_after=2026-07-25 00:00:00+00:00
[2026-07-25T09:29:23.253+0000] {processor.py:208} INFO - Processing /home/airflow/.local/lib/python3.12/site-packages/airflow/example_dags/example_bash_operator.py took 0.067 seconds
[2026-07-25T09:29:53.342+0000] {processor.py:186} INFO - Started process (PID=453) to work on /home/airflow/.local/lib/python3.12/site-packages/airflow/example_dags/example_bash_operator.py
[2026-07-25T09:29:53.343+0000] {processor.py:914} INFO - Processing file /home/airflow/.local/lib/python3.12/site-packages/airflow/example_dags/example_bash_operator.py for tasks to queue
[2026-07-25T09:29:53.346+0000] {logging_mixin.py:190} INFO - [2026-07-25T09:29:53.345+0000] {dagbag.py:588} INFO - Filling up the DagBag from /home/airflow/.local/lib/python3.12/site-packages/airflow/example_dags/example_bash_operator.py
[2026-07-25T09:29:53.356+0000] {processor.py:925} INFO - DAG(s) 'example_bash_operator' retrieved from /home/airflow/.local/lib/python3.12/site-packages/airflow/example_dags/example_bash_operator.py
[2026-07-25T09:29:53.376+0000] {logging_mixin.py:190} INFO - [2026-07-25T09:29:53.376+0000] {dag.py:3239} INFO - Sync 1 DAGs
[2026-07-25T09:29:53.392+0000] {logging_mixin.py:190} INFO - [2026-07-25T09:29:53.392+0000] {dag.py:4180} INFO - Setting next_dagrun for example_bash_operator to 2026-07-24 00:00:00+00:00, run_after=2026-07-25 00:00:00+00:00
[2026-07-25T09:29:53.417+0000] {processor.py:208} INFO - Processing /home/airflow/.local/lib/python3.12/site-packages/airflow/example_dags/example_bash_operator.py took 0.079 seconds
[2026-07-25T09:30:23.961+0000] {processor.py:186} INFO - Started process (PID=515) to work on /home/airflow/.local/lib/python3.12/site-packages/airflow/example_dags/example_bash_operator.py
[2026-07-25T09:30:23.962+0000] {processor.py:914} INFO - Processing file /home/airflow/.local/lib/python3.12/site-packages/airflow/example_dags/example_bash_operator.py for tasks to queue
[2026-07-25T09:30:23.964+0000] {logging_mixin.py:190} INFO - [2026-07-25T09:30:23.964+0000] {dagbag.py:588} INFO - Filling up the DagBag from /home/airflow/.local/lib/python3.12/site-packages/airflow/example_dags/example_bash_operator.py
[2026-07-25T09:30:23.972+0000] {processor.py:925} INFO - DAG(s) 'example_bash_operator' retrieved from /home/airflow/.local/lib/python3.12/site-packages/airflow/example_dags/example_bash_operator.py
[2026-07-25T09:30:23.987+0000] {logging_mixin.py:190} INFO - [2026-07-25T09:30:23.987+0000] {dag.py:3239} INFO - Sync 1 DAGs
[2026-07-25T09:30:24.001+0000] {logging_mixin.py:190} INFO - [2026-07-25T09:30:24.001+0000] {dag.py:4180} INFO - Setting next_dagrun for example_bash_operator to 2026-07-24 00:00:00+00:00, run_after=2026-07-25 00:00:00+00:00
[2026-07-25T09:30:24.012+0000] {processor.py:208} INFO - Processing /home/airflow/.local/lib/python3.12/site-packages/airflow/example_dags/example_bash_operator.py took 0.054 seconds
[2026-07-25T09:30:54.975+0000] {processor.py:186} INFO - Started process (PID=577) to work on /home/airflow/.local/lib/python3.12/site-packages/airflow/example_dags/example_bash_operator.py
[2026-07-25T09:30:54.976+0000] {processor.py:914} INFO - Processing file /home/airflow/.local/lib/python3.12/site-packages/airflow/example_dags/example_bash_operator.py for tasks to queue
[2026-07-25T09:30:54.978+0000] {logging_mixin.py:190} INFO - [2026-07-25T09:30:54.978+0000] {dagbag.py:588} INFO - Filling up the DagBag from /home/airflow/.local/lib/python3.12/site-packages/airflow/example_dags/example_bash_operator.py
[2026-07-25T09:30:54.988+0000] {processor.py:925} INFO - DAG(s) 'example_bash_operator' retrieved from /home/airflow/.local/lib/python3.12/site-packages/airflow/example_dags/example_bash_operator.py
[2026-07-25T09:30:55.006+0000] {logging_mixin.py:190} INFO - [2026-07-25T09:30:55.006+0000] {dag.py:3239} INFO - Sync 1 DAGs
[2026-07-25T09:30:55.021+0000] {logging_mixin.py:190} INFO - [2026-07-25T09:30:55.021+0000] {dag.py:4180} INFO - Setting next_dagrun for example_bash_operator to 2026-07-24 00:00:00+00:00, run_after=2026-07-25 00:00:00+00:00
[2026-07-25T09:30:55.050+0000] {processor.py:208} INFO - Processing /home/airflow/.local/lib/python3.12/site-packages/airflow/example_dags/example_bash_operator.py took 0.079 seconds
