[2026-07-25T09:06:22.007+0000] {processor.py:186} INFO - Started process (PID=106) to work on /home/airflow/.local/lib/python3.12/site-packages/airflow/example_dags/example_trigger_controller_dag.py
[2026-07-25T09:06:22.008+0000] {processor.py:914} INFO - Processing file /home/airflow/.local/lib/python3.12/site-packages/airflow/example_dags/example_trigger_controller_dag.py for tasks to queue
[2026-07-25T09:06:22.010+0000] {logging_mixin.py:190} INFO - [2026-07-25T09:06:22.010+0000] {dagbag.py:588} INFO - Filling up the DagBag from /home/airflow/.local/lib/python3.12/site-packages/airflow/example_dags/example_trigger_controller_dag.py
[2026-07-25T09:06:22.017+0000] {processor.py:925} INFO - DAG(s) 'example_trigger_controller_dag' retrieved from /home/airflow/.local/lib/python3.12/site-packages/airflow/example_dags/example_trigger_controller_dag.py
[2026-07-25T09:06:22.080+0000] {logging_mixin.py:190} INFO - [2026-07-25T09:06:22.080+0000] {override.py:1932} INFO - Created Permission View: can edit on DAG:example_trigger_controller_dag
[2026-07-25T09:06:22.087+0000] {logging_mixin.py:190} INFO - [2026-07-25T09:06:22.087+0000] {override.py:1932} INFO - Created Permission View: can read on DAG:example_trigger_controller_dag
[2026-07-25T09:06:22.093+0000] {logging_mixin.py:190} INFO - [2026-07-25T09:06:22.093+0000] {override.py:1932} INFO - Created Permission View: can delete on DAG:example_trigger_controller_dag
[2026-07-25T09:06:22.101+0000] {logging_mixin.py:190} INFO - [2026-07-25T09:06:22.101+0000] {override.py:1932} INFO - Created Permission View: can create on DAG Run:example_trigger_controller_dag
[2026-07-25T09:06:22.106+0000] {logging_mixin.py:190} INFO - [2026-07-25T09:06:22.106+0000] {override.py:1932} INFO - Created Permission View: can read on DAG Run:example_trigger_controller_dag
[2026-07-25T09:06:22.111+0000] {logging_mixin.py:190} INFO - [2026-07-25T09:06:22.111+0000] {override.py:1932} INFO - Created Permission View: can delete on DAG Run:example_trigger_controller_dag
[2026-07-25T09:06:22.117+0000] {logging_mixin.py:190} INFO - [2026-07-25T09:06:22.117+0000] {override.py:1932} INFO - Created Permission View: menu access on DAG Run:example_trigger_controller_dag
[2026-07-25T09:06:22.117+0000] {logging_mixin.py:190} INFO - [2026-07-25T09:06:22.117+0000] {dag.py:3239} INFO - Sync 1 DAGs
[2026-07-25T09:06:22.125+0000] {logging_mixin.py:190} INFO - [2026-07-25T09:06:22.125+0000] {dag.py:3262} INFO - Creating ORM DAG for example_trigger_controller_dag
[2026-07-25T09:06:22.130+0000] {logging_mixin.py:190} INFO - [2026-07-25T09:06:22.130+0000] {dag.py:4180} INFO - Setting next_dagrun for example_trigger_controller_dag to 2021-01-01 00:00:00+00:00, run_after=2021-01-01 00:00:00+00:00
[2026-07-25T09:06:22.140+0000] {processor.py:208} INFO - Processing /home/airflow/.local/lib/python3.12/site-packages/airflow/example_dags/example_trigger_controller_dag.py took 0.137 seconds
[2026-07-25T09:06:54.771+0000] {processor.py:186} INFO - Started process (PID=169) to work on /home/airflow/.local/lib/python3.12/site-packages/airflow/example_dags/example_trigger_controller_dag.py
[2026-07-25T09:06:54.772+0000] {processor.py:914} INFO - Processing file /home/airflow/.local/lib/python3.12/site-packages/airflow/example_dags/example_trigger_controller_dag.py for tasks to queue
[2026-07-25T09:06:54.774+0000] {logging_mixin.py:190} INFO - [2026-07-25T09:06:54.774+0000] {dagbag.py:588} INFO - Filling up the DagBag from /home/airflow/.local/lib/python3.12/site-packages/airflow/example_dags/example_trigger_controller_dag.py
[2026-07-25T09:06:54.778+0000] {processor.py:925} INFO - DAG(s) 'example_trigger_controller_dag' retrieved from /home/airflow/.local/lib/python3.12/site-packages/airflow/example_dags/example_trigger_controller_dag.py
[2026-07-25T09:06:54.790+0000] {logging_mixin.py:190} INFO - [2026-07-25T09:06:54.790+0000] {dag.py:3239} INFO - Sync 1 DAGs
[2026-07-25T09:06:54.803+0000] {logging_mixin.py:190} INFO - [2026-07-25T09:06:54.803+0000] {dag.py:4180} INFO - Setting next_dagrun for example_trigger_controller_dag to 2021-01-01 00:00:00+00:00, run_after=2021-01-01 00:00:00+00:00
[2026-07-25T09:06:54.814+0000] {processor.py:208} INFO - Processing /home/airflow/.local/lib/python3.12/site-packages/airflow/example_dags/example_trigger_controller_dag.py took 0.046 seconds
[2026-07-25T09:07:29.294+0000] {processor.py:186} INFO - Started process (PID=232) to work on /home/airflow/.local/lib/python3.12/site-packages/airflow/example_dags/example_trigger_controller_dag.py
[2026-07-25T09:07:29.295+0000] {processor.py:914} INFO - Processing file /home/airflow/.local/lib/python3.12/site-packages/airflow/example_dags/example_trigger_controller_dag.py for tasks to queue
[2026-07-25T09:07:29.297+0000] {logging_mixin.py:190} INFO - [2026-07-25T09:07:29.296+0000] {dagbag.py:588} INFO - Filling up the DagBag from /home/airflow/.local/lib/python3.12/site-packages/airflow/example_dags/example_trigger_controller_dag.py
[2026-07-25T09:07:29.301+0000] {processor.py:925} INFO - DAG(s) 'example_trigger_controller_dag' retrieved from /home/airflow/.local/lib/python3.12/site-packages/airflow/example_dags/example_trigger_controller_dag.py
[2026-07-25T09:07:29.313+0000] {logging_mixin.py:190} INFO - [2026-07-25T09:07:29.313+0000] {dag.py:3239} INFO - Sync 1 DAGs
[2026-07-25T09:07:29.325+0000] {logging_mixin.py:190} INFO - [2026-07-25T09:07:29.325+0000] {dag.py:4180} INFO - Setting next_dagrun for example_trigger_controller_dag to 2021-01-01 00:00:00+00:00, run_after=2021-01-01 00:00:00+00:00
[2026-07-25T09:07:29.335+0000] {processor.py:208} INFO - Processing /home/airflow/.local/lib/python3.12/site-packages/airflow/example_dags/example_trigger_controller_dag.py took 0.045 seconds
[2026-07-25T09:08:00.281+0000] {processor.py:186} INFO - Started process (PID=294) to work on /home/airflow/.local/lib/python3.12/site-packages/airflow/example_dags/example_trigger_controller_dag.py
[2026-07-25T09:08:00.282+0000] {processor.py:914} INFO - Processing file /home/airflow/.local/lib/python3.12/site-packages/airflow/example_dags/example_trigger_controller_dag.py for tasks to queue
[2026-07-25T09:08:00.284+0000] {logging_mixin.py:190} INFO - [2026-07-25T09:08:00.284+0000] {dagbag.py:588} INFO - Filling up the DagBag from /home/airflow/.local/lib/python3.12/site-packages/airflow/example_dags/example_trigger_controller_dag.py
[2026-07-25T09:08:00.288+0000] {processor.py:925} INFO - DAG(s) 'example_trigger_controller_dag' retrieved from /home/airflow/.local/lib/python3.12/site-packages/airflow/example_dags/example_trigger_controller_dag.py
[2026-07-25T09:08:00.301+0000] {logging_mixin.py:190} INFO - [2026-07-25T09:08:00.300+0000] {dag.py:3239} INFO - Sync 1 DAGs
[2026-07-25T09:08:00.314+0000] {logging_mixin.py:190} INFO - [2026-07-25T09:08:00.314+0000] {dag.py:4180} INFO - Setting next_dagrun for example_trigger_controller_dag to 2021-01-01 00:00:00+00:00, run_after=2021-01-01 00:00:00+00:00
[2026-07-25T09:08:00.325+0000] {processor.py:208} INFO - Processing /home/airflow/.local/lib/python3.12/site-packages/airflow/example_dags/example_trigger_controller_dag.py took 0.047 seconds
[2026-07-25T09:08:30.585+0000] {processor.py:186} INFO - Started process (PID=356) to work on /home/airflow/.local/lib/python3.12/site-packages/airflow/example_dags/example_trigger_controller_dag.py
[2026-07-25T09:08:30.586+0000] {processor.py:914} INFO - Processing file /home/airflow/.local/lib/python3.12/site-packages/airflow/example_dags/example_trigger_controller_dag.py for tasks to queue
[2026-07-25T09:08:30.588+0000] {logging_mixin.py:190} INFO - [2026-07-25T09:08:30.588+0000] {dagbag.py:588} INFO - Filling up the DagBag from /home/airflow/.local/lib/python3.12/site-packages/airflow/example_dags/example_trigger_controller_dag.py
[2026-07-25T09:08:30.593+0000] {processor.py:925} INFO - DAG(s) 'example_trigger_controller_dag' retrieved from /home/airflow/.local/lib/python3.12/site-packages/airflow/example_dags/example_trigger_controller_dag.py
[2026-07-25T09:08:30.605+0000] {logging_mixin.py:190} INFO - [2026-07-25T09:08:30.604+0000] {dag.py:3239} INFO - Sync 1 DAGs
[2026-07-25T09:08:30.617+0000] {logging_mixin.py:190} INFO - [2026-07-25T09:08:30.617+0000] {dag.py:4180} INFO - Setting next_dagrun for example_trigger_controller_dag to 2021-01-01 00:00:00+00:00, run_after=2021-01-01 00:00:00+00:00
[2026-07-25T09:08:30.628+0000] {processor.py:208} INFO - Processing /home/airflow/.local/lib/python3.12/site-packages/airflow/example_dags/example_trigger_controller_dag.py took 0.046 seconds
[2026-07-25T09:09:01.436+0000] {processor.py:186} INFO - Started process (PID=418) to work on /home/airflow/.local/lib/python3.12/site-packages/airflow/example_dags/example_trigger_controller_dag.py
[2026-07-25T09:09:01.437+0000] {processor.py:914} INFO - Processing file /home/airflow/.local/lib/python3.12/site-packages/airflow/example_dags/example_trigger_controller_dag.py for tasks to queue
[2026-07-25T09:09:01.440+0000] {logging_mixin.py:190} INFO - [2026-07-25T09:09:01.440+0000] {dagbag.py:588} INFO - Filling up the DagBag from /home/airflow/.local/lib/python3.12/site-packages/airflow/example_dags/example_trigger_controller_dag.py
[2026-07-25T09:09:01.446+0000] {processor.py:925} INFO - DAG(s) 'example_trigger_controller_dag' retrieved from /home/airflow/.local/lib/python3.12/site-packages/airflow/example_dags/example_trigger_controller_dag.py
[2026-07-25T09:09:01.460+0000] {logging_mixin.py:190} INFO - [2026-07-25T09:09:01.460+0000] {dag.py:3239} INFO - Sync 1 DAGs
[2026-07-25T09:09:01.474+0000] {logging_mixin.py:190} INFO - [2026-07-25T09:09:01.474+0000] {dag.py:4180} INFO - Setting next_dagrun for example_trigger_controller_dag to 2021-01-01 00:00:00+00:00, run_after=2021-01-01 00:00:00+00:00
[2026-07-25T09:09:01.492+0000] {processor.py:208} INFO - Processing /home/airflow/.local/lib/python3.12/site-packages/airflow/example_dags/example_trigger_controller_dag.py took 0.061 seconds
[2026-07-25T09:09:32.280+0000] {processor.py:186} INFO - Started process (PID=481) to work on /home/airflow/.local/lib/python3.12/site-packages/airflow/example_dags/example_trigger_controller_dag.py
[2026-07-25T09:09:32.281+0000] {processor.py:914} INFO - Processing file /home/airflow/.local/lib/python3.12/site-packages/airflow/example_dags/example_trigger_controller_dag.py for tasks to queue
[2026-07-25T09:09:32.283+0000] {logging_mixin.py:190} INFO - [2026-07-25T09:09:32.283+0000] {dagbag.py:588} INFO - Filling up the DagBag from /home/airflow/.local/lib/python3.12/site-packages/airflow/example_dags/example_trigger_controller_dag.py
[2026-07-25T09:09:32.287+0000] {processor.py:925} INFO - DAG(s) 'example_trigger_controller_dag' retrieved from /home/airflow/.local/lib/python3.12/site-packages/airflow/example_dags/example_trigger_controller_dag.py
[2026-07-25T09:09:32.299+0000] {logging_mixin.py:190} INFO - [2026-07-25T09:09:32.299+0000] {dag.py:3239} INFO - Sync 1 DAGs
[2026-07-25T09:09:32.312+0000] {logging_mixin.py:190} INFO - [2026-07-25T09:09:32.312+0000] {dag.py:4180} INFO - Setting next_dagrun for example_trigger_controller_dag to 2021-01-01 00:00:00+00:00, run_after=2021-01-01 00:00:00+00:00
[2026-07-25T09:09:32.322+0000] {processor.py:208} INFO - Processing /home/airflow/.local/lib/python3.12/site-packages/airflow/example_dags/example_trigger_controller_dag.py took 0.045 seconds
[2026-07-25T09:10:02.552+0000] {processor.py:186} INFO - Started process (PID=544) to work on /home/airflow/.local/lib/python3.12/site-packages/airflow/example_dags/example_trigger_controller_dag.py
[2026-07-25T09:10:02.553+0000] {processor.py:914} INFO - Processing file /home/airflow/.local/lib/python3.12/site-packages/airflow/example_dags/example_trigger_controller_dag.py for tasks to queue
[2026-07-25T09:10:02.555+0000] {logging_mixin.py:190} INFO - [2026-07-25T09:10:02.555+0000] {dagbag.py:588} INFO - Filling up the DagBag from /home/airflow/.local/lib/python3.12/site-packages/airflow/example_dags/example_trigger_controller_dag.py
[2026-07-25T09:10:02.559+0000] {processor.py:925} INFO - DAG(s) 'example_trigger_controller_dag' retrieved from /home/airflow/.local/lib/python3.12/site-packages/airflow/example_dags/example_trigger_controller_dag.py
[2026-07-25T09:10:02.573+0000] {logging_mixin.py:190} INFO - [2026-07-25T09:10:02.573+0000] {dag.py:3239} INFO - Sync 1 DAGs
[2026-07-25T09:10:02.585+0000] {logging_mixin.py:190} INFO - [2026-07-25T09:10:02.585+0000] {dag.py:4180} INFO - Setting next_dagrun for example_trigger_controller_dag to 2021-01-01 00:00:00+00:00, run_after=2021-01-01 00:00:00+00:00
[2026-07-25T09:10:02.596+0000] {processor.py:208} INFO - Processing /home/airflow/.local/lib/python3.12/site-packages/airflow/example_dags/example_trigger_controller_dag.py took 0.047 seconds
[2026-07-25T09:10:33.159+0000] {processor.py:186} INFO - Started process (PID=607) to work on /home/airflow/.local/lib/python3.12/site-packages/airflow/example_dags/example_trigger_controller_dag.py
[2026-07-25T09:10:33.160+0000] {processor.py:914} INFO - Processing file /home/airflow/.local/lib/python3.12/site-packages/airflow/example_dags/example_trigger_controller_dag.py for tasks to queue
[2026-07-25T09:10:33.162+0000] {logging_mixin.py:190} INFO - [2026-07-25T09:10:33.162+0000] {dagbag.py:588} INFO - Filling up the DagBag from /home/airflow/.local/lib/python3.12/site-packages/airflow/example_dags/example_trigger_controller_dag.py
[2026-07-25T09:10:33.167+0000] {processor.py:925} INFO - DAG(s) 'example_trigger_controller_dag' retrieved from /home/airflow/.local/lib/python3.12/site-packages/airflow/example_dags/example_trigger_controller_dag.py
[2026-07-25T09:10:33.179+0000] {logging_mixin.py:190} INFO - [2026-07-25T09:10:33.179+0000] {dag.py:3239} INFO - Sync 1 DAGs
[2026-07-25T09:10:33.192+0000] {logging_mixin.py:190} INFO - [2026-07-25T09:10:33.192+0000] {dag.py:4180} INFO - Setting next_dagrun for example_trigger_controller_dag to 2021-01-01 00:00:00+00:00, run_after=2021-01-01 00:00:00+00:00
[2026-07-25T09:10:33.203+0000] {processor.py:208} INFO - Processing /home/airflow/.local/lib/python3.12/site-packages/airflow/example_dags/example_trigger_controller_dag.py took 0.047 seconds
[2026-07-25T09:11:05.395+0000] {processor.py:186} INFO - Started process (PID=670) to work on /home/airflow/.local/lib/python3.12/site-packages/airflow/example_dags/example_trigger_controller_dag.py
[2026-07-25T09:11:05.396+0000] {processor.py:914} INFO - Processing file /home/airflow/.local/lib/python3.12/site-packages/airflow/example_dags/example_trigger_controller_dag.py for tasks to queue
[2026-07-25T09:11:05.398+0000] {logging_mixin.py:190} INFO - [2026-07-25T09:11:05.397+0000] {dagbag.py:588} INFO - Filling up the DagBag from /home/airflow/.local/lib/python3.12/site-packages/airflow/example_dags/example_trigger_controller_dag.py
[2026-07-25T09:11:05.402+0000] {processor.py:925} INFO - DAG(s) 'example_trigger_controller_dag' retrieved from /home/airflow/.local/lib/python3.12/site-packages/airflow/example_dags/example_trigger_controller_dag.py
[2026-07-25T09:11:05.414+0000] {logging_mixin.py:190} INFO - [2026-07-25T09:11:05.414+0000] {dag.py:3239} INFO - Sync 1 DAGs
[2026-07-25T09:11:05.427+0000] {logging_mixin.py:190} INFO - [2026-07-25T09:11:05.427+0000] {dag.py:4180} INFO - Setting next_dagrun for example_trigger_controller_dag to 2021-01-01 00:00:00+00:00, run_after=2021-01-01 00:00:00+00:00
[2026-07-25T09:11:05.439+0000] {processor.py:208} INFO - Processing /home/airflow/.local/lib/python3.12/site-packages/airflow/example_dags/example_trigger_controller_dag.py took 0.048 seconds
[2026-07-25T09:11:39.800+0000] {processor.py:186} INFO - Started process (PID=733) to work on /home/airflow/.local/lib/python3.12/site-packages/airflow/example_dags/example_trigger_controller_dag.py
[2026-07-25T09:11:39.801+0000] {processor.py:914} INFO - Processing file /home/airflow/.local/lib/python3.12/site-packages/airflow/example_dags/example_trigger_controller_dag.py for tasks to queue
[2026-07-25T09:11:39.803+0000] {logging_mixin.py:190} INFO - [2026-07-25T09:11:39.802+0000] {dagbag.py:588} INFO - Filling up the DagBag from /home/airflow/.local/lib/python3.12/site-packages/airflow/example_dags/example_trigger_controller_dag.py
[2026-07-25T09:11:39.807+0000] {processor.py:925} INFO - DAG(s) 'example_trigger_controller_dag' retrieved from /home/airflow/.local/lib/python3.12/site-packages/airflow/example_dags/example_trigger_controller_dag.py
[2026-07-25T09:11:39.819+0000] {logging_mixin.py:190} INFO - [2026-07-25T09:11:39.819+0000] {dag.py:3239} INFO - Sync 1 DAGs
[2026-07-25T09:11:39.832+0000] {logging_mixin.py:190} INFO - [2026-07-25T09:11:39.832+0000] {dag.py:4180} INFO - Setting next_dagrun for example_trigger_controller_dag to 2021-01-01 00:00:00+00:00, run_after=2021-01-01 00:00:00+00:00
[2026-07-25T09:11:39.844+0000] {processor.py:208} INFO - Processing /home/airflow/.local/lib/python3.12/site-packages/airflow/example_dags/example_trigger_controller_dag.py took 0.048 seconds
[2026-07-25T09:12:10.259+0000] {processor.py:186} INFO - Started process (PID=794) to work on /home/airflow/.local/lib/python3.12/site-packages/airflow/example_dags/example_trigger_controller_dag.py
[2026-07-25T09:12:10.260+0000] {processor.py:914} INFO - Processing file /home/airflow/.local/lib/python3.12/site-packages/airflow/example_dags/example_trigger_controller_dag.py for tasks to queue
[2026-07-25T09:12:10.263+0000] {logging_mixin.py:190} INFO - [2026-07-25T09:12:10.262+0000] {dagbag.py:588} INFO - Filling up the DagBag from /home/airflow/.local/lib/python3.12/site-packages/airflow/example_dags/example_trigger_controller_dag.py
[2026-07-25T09:12:10.268+0000] {processor.py:925} INFO - DAG(s) 'example_trigger_controller_dag' retrieved from /home/airflow/.local/lib/python3.12/site-packages/airflow/example_dags/example_trigger_controller_dag.py
[2026-07-25T09:12:10.281+0000] {logging_mixin.py:190} INFO - [2026-07-25T09:12:10.281+0000] {dag.py:3239} INFO - Sync 1 DAGs
[2026-07-25T09:12:10.295+0000] {logging_mixin.py:190} INFO - [2026-07-25T09:12:10.295+0000] {dag.py:4180} INFO - Setting next_dagrun for example_trigger_controller_dag to 2021-01-01 00:00:00+00:00, run_after=2021-01-01 00:00:00+00:00
[2026-07-25T09:12:10.307+0000] {processor.py:208} INFO - Processing /home/airflow/.local/lib/python3.12/site-packages/airflow/example_dags/example_trigger_controller_dag.py took 0.052 seconds
[2026-07-25T09:12:41.147+0000] {processor.py:186} INFO - Started process (PID=857) to work on /home/airflow/.local/lib/python3.12/site-packages/airflow/example_dags/example_trigger_controller_dag.py
[2026-07-25T09:12:41.148+0000] {processor.py:914} INFO - Processing file /home/airflow/.local/lib/python3.12/site-packages/airflow/example_dags/example_trigger_controller_dag.py for tasks to queue
[2026-07-25T09:12:41.150+0000] {logging_mixin.py:190} INFO - [2026-07-25T09:12:41.149+0000] {dagbag.py:588} INFO - Filling up the DagBag from /home/airflow/.local/lib/python3.12/site-packages/airflow/example_dags/example_trigger_controller_dag.py
[2026-07-25T09:12:41.154+0000] {processor.py:925} INFO - DAG(s) 'example_trigger_controller_dag' retrieved from /home/airflow/.local/lib/python3.12/site-packages/airflow/example_dags/example_trigger_controller_dag.py
[2026-07-25T09:12:41.166+0000] {logging_mixin.py:190} INFO - [2026-07-25T09:12:41.166+0000] {dag.py:3239} INFO - Sync 1 DAGs
[2026-07-25T09:12:41.180+0000] {logging_mixin.py:190} INFO - [2026-07-25T09:12:41.180+0000] {dag.py:4180} INFO - Setting next_dagrun for example_trigger_controller_dag to 2021-01-01 00:00:00+00:00, run_after=2021-01-01 00:00:00+00:00
[2026-07-25T09:12:41.191+0000] {processor.py:208} INFO - Processing /home/airflow/.local/lib/python3.12/site-packages/airflow/example_dags/example_trigger_controller_dag.py took 0.047 seconds
[2026-07-25T09:13:12.782+0000] {processor.py:186} INFO - Started process (PID=920) to work on /home/airflow/.local/lib/python3.12/site-packages/airflow/example_dags/example_trigger_controller_dag.py
[2026-07-25T09:13:12.783+0000] {processor.py:914} INFO - Processing file /home/airflow/.local/lib/python3.12/site-packages/airflow/example_dags/example_trigger_controller_dag.py for tasks to queue
[2026-07-25T09:13:12.785+0000] {logging_mixin.py:190} INFO - [2026-07-25T09:13:12.785+0000] {dagbag.py:588} INFO - Filling up the DagBag from /home/airflow/.local/lib/python3.12/site-packages/airflow/example_dags/example_trigger_controller_dag.py
[2026-07-25T09:13:12.790+0000] {processor.py:925} INFO - DAG(s) 'example_trigger_controller_dag' retrieved from /home/airflow/.local/lib/python3.12/site-packages/airflow/example_dags/example_trigger_controller_dag.py
[2026-07-25T09:13:12.804+0000] {logging_mixin.py:190} INFO - [2026-07-25T09:13:12.804+0000] {dag.py:3239} INFO - Sync 1 DAGs
[2026-07-25T09:13:12.818+0000] {logging_mixin.py:190} INFO - [2026-07-25T09:13:12.818+0000] {dag.py:4180} INFO - Setting next_dagrun for example_trigger_controller_dag to 2021-01-01 00:00:00+00:00, run_after=2021-01-01 00:00:00+00:00
[2026-07-25T09:13:12.831+0000] {processor.py:208} INFO - Processing /home/airflow/.local/lib/python3.12/site-packages/airflow/example_dags/example_trigger_controller_dag.py took 0.052 seconds
[2026-07-25T09:13:42.896+0000] {processor.py:186} INFO - Started process (PID=982) to work on /home/airflow/.local/lib/python3.12/site-packages/airflow/example_dags/example_trigger_controller_dag.py
[2026-07-25T09:13:42.897+0000] {processor.py:914} INFO - Processing file /home/airflow/.local/lib/python3.12/site-packages/airflow/example_dags/example_trigger_controller_dag.py for tasks to queue
[2026-07-25T09:13:42.899+0000] {logging_mixin.py:190} INFO - [2026-07-25T09:13:42.899+0000] {dagbag.py:588} INFO - Filling up the DagBag from /home/airflow/.local/lib/python3.12/site-packages/airflow/example_dags/example_trigger_controller_dag.py
[2026-07-25T09:13:42.904+0000] {processor.py:925} INFO - DAG(s) 'example_trigger_controller_dag' retrieved from /home/airflow/.local/lib/python3.12/site-packages/airflow/example_dags/example_trigger_controller_dag.py
[2026-07-25T09:13:42.916+0000] {logging_mixin.py:190} INFO - [2026-07-25T09:13:42.916+0000] {dag.py:3239} INFO - Sync 1 DAGs
[2026-07-25T09:13:42.929+0000] {logging_mixin.py:190} INFO - [2026-07-25T09:13:42.929+0000] {dag.py:4180} INFO - Setting next_dagrun for example_trigger_controller_dag to 2021-01-01 00:00:00+00:00, run_after=2021-01-01 00:00:00+00:00
[2026-07-25T09:13:42.940+0000] {processor.py:208} INFO - Processing /home/airflow/.local/lib/python3.12/site-packages/airflow/example_dags/example_trigger_controller_dag.py took 0.048 seconds
[2026-07-25T09:14:13.284+0000] {processor.py:186} INFO - Started process (PID=1044) to work on /home/airflow/.local/lib/python3.12/site-packages/airflow/example_dags/example_trigger_controller_dag.py
[2026-07-25T09:14:13.285+0000] {processor.py:914} INFO - Processing file /home/airflow/.local/lib/python3.12/site-packages/airflow/example_dags/example_trigger_controller_dag.py for tasks to queue
[2026-07-25T09:14:13.287+0000] {logging_mixin.py:190} INFO - [2026-07-25T09:14:13.287+0000] {dagbag.py:588} INFO - Filling up the DagBag from /home/airflow/.local/lib/python3.12/site-packages/airflow/example_dags/example_trigger_controller_dag.py
[2026-07-25T09:14:13.291+0000] {processor.py:925} INFO - DAG(s) 'example_trigger_controller_dag' retrieved from /home/airflow/.local/lib/python3.12/site-packages/airflow/example_dags/example_trigger_controller_dag.py
[2026-07-25T09:14:13.305+0000] {logging_mixin.py:190} INFO - [2026-07-25T09:14:13.305+0000] {dag.py:3239} INFO - Sync 1 DAGs
[2026-07-25T09:14:13.319+0000] {logging_mixin.py:190} INFO - [2026-07-25T09:14:13.319+0000] {dag.py:4180} INFO - Setting next_dagrun for example_trigger_controller_dag to 2021-01-01 00:00:00+00:00, run_after=2021-01-01 00:00:00+00:00
[2026-07-25T09:14:13.331+0000] {processor.py:208} INFO - Processing /home/airflow/.local/lib/python3.12/site-packages/airflow/example_dags/example_trigger_controller_dag.py took 0.050 seconds
[2026-07-25T09:15:40.209+0000] {processor.py:186} INFO - Started process (PID=106) to work on /home/airflow/.local/lib/python3.12/site-packages/airflow/example_dags/example_trigger_controller_dag.py
[2026-07-25T09:15:40.210+0000] {processor.py:914} INFO - Processing file /home/airflow/.local/lib/python3.12/site-packages/airflow/example_dags/example_trigger_controller_dag.py for tasks to queue
[2026-07-25T09:15:40.212+0000] {logging_mixin.py:190} INFO - [2026-07-25T09:15:40.212+0000] {dagbag.py:588} INFO - Filling up the DagBag from /home/airflow/.local/lib/python3.12/site-packages/airflow/example_dags/example_trigger_controller_dag.py
[2026-07-25T09:15:40.216+0000] {processor.py:925} INFO - DAG(s) 'example_trigger_controller_dag' retrieved from /home/airflow/.local/lib/python3.12/site-packages/airflow/example_dags/example_trigger_controller_dag.py
[2026-07-25T09:15:40.229+0000] {logging_mixin.py:190} INFO - [2026-07-25T09:15:40.229+0000] {dag.py:3239} INFO - Sync 1 DAGs
[2026-07-25T09:15:40.242+0000] {logging_mixin.py:190} INFO - [2026-07-25T09:15:40.242+0000] {dag.py:4180} INFO - Setting next_dagrun for example_trigger_controller_dag to 2021-01-01 00:00:00+00:00, run_after=2021-01-01 00:00:00+00:00
[2026-07-25T09:15:40.253+0000] {processor.py:208} INFO - Processing /home/airflow/.local/lib/python3.12/site-packages/airflow/example_dags/example_trigger_controller_dag.py took 0.047 seconds
[2026-07-25T09:16:14.269+0000] {processor.py:186} INFO - Started process (PID=169) to work on /home/airflow/.local/lib/python3.12/site-packages/airflow/example_dags/example_trigger_controller_dag.py
[2026-07-25T09:16:14.270+0000] {processor.py:914} INFO - Processing file /home/airflow/.local/lib/python3.12/site-packages/airflow/example_dags/example_trigger_controller_dag.py for tasks to queue
[2026-07-25T09:16:14.272+0000] {logging_mixin.py:190} INFO - [2026-07-25T09:16:14.272+0000] {dagbag.py:588} INFO - Filling up the DagBag from /home/airflow/.local/lib/python3.12/site-packages/airflow/example_dags/example_trigger_controller_dag.py
[2026-07-25T09:16:14.277+0000] {processor.py:925} INFO - DAG(s) 'example_trigger_controller_dag' retrieved from /home/airflow/.local/lib/python3.12/site-packages/airflow/example_dags/example_trigger_controller_dag.py
[2026-07-25T09:16:14.289+0000] {logging_mixin.py:190} INFO - [2026-07-25T09:16:14.289+0000] {dag.py:3239} INFO - Sync 1 DAGs
[2026-07-25T09:16:14.302+0000] {logging_mixin.py:190} INFO - [2026-07-25T09:16:14.302+0000] {dag.py:4180} INFO - Setting next_dagrun for example_trigger_controller_dag to 2021-01-01 00:00:00+00:00, run_after=2021-01-01 00:00:00+00:00
[2026-07-25T09:16:14.313+0000] {processor.py:208} INFO - Processing /home/airflow/.local/lib/python3.12/site-packages/airflow/example_dags/example_trigger_controller_dag.py took 0.048 seconds
[2026-07-25T09:16:48.492+0000] {processor.py:186} INFO - Started process (PID=232) to work on /home/airflow/.local/lib/python3.12/site-packages/airflow/example_dags/example_trigger_controller_dag.py
[2026-07-25T09:16:48.493+0000] {processor.py:914} INFO - Processing file /home/airflow/.local/lib/python3.12/site-packages/airflow/example_dags/example_trigger_controller_dag.py for tasks to queue
[2026-07-25T09:16:48.495+0000] {logging_mixin.py:190} INFO - [2026-07-25T09:16:48.495+0000] {dagbag.py:588} INFO - Filling up the DagBag from /home/airflow/.local/lib/python3.12/site-packages/airflow/example_dags/example_trigger_controller_dag.py
[2026-07-25T09:16:48.499+0000] {processor.py:925} INFO - DAG(s) 'example_trigger_controller_dag' retrieved from /home/airflow/.local/lib/python3.12/site-packages/airflow/example_dags/example_trigger_controller_dag.py
[2026-07-25T09:16:48.511+0000] {logging_mixin.py:190} INFO - [2026-07-25T09:16:48.511+0000] {dag.py:3239} INFO - Sync 1 DAGs
[2026-07-25T09:16:48.524+0000] {logging_mixin.py:190} INFO - [2026-07-25T09:16:48.524+0000] {dag.py:4180} INFO - Setting next_dagrun for example_trigger_controller_dag to 2021-01-01 00:00:00+00:00, run_after=2021-01-01 00:00:00+00:00
[2026-07-25T09:16:48.536+0000] {processor.py:208} INFO - Processing /home/airflow/.local/lib/python3.12/site-packages/airflow/example_dags/example_trigger_controller_dag.py took 0.047 seconds
[2026-07-25T09:17:22.803+0000] {processor.py:186} INFO - Started process (PID=295) to work on /home/airflow/.local/lib/python3.12/site-packages/airflow/example_dags/example_trigger_controller_dag.py
[2026-07-25T09:17:22.804+0000] {processor.py:914} INFO - Processing file /home/airflow/.local/lib/python3.12/site-packages/airflow/example_dags/example_trigger_controller_dag.py for tasks to queue
[2026-07-25T09:17:22.806+0000] {logging_mixin.py:190} INFO - [2026-07-25T09:17:22.806+0000] {dagbag.py:588} INFO - Filling up the DagBag from /home/airflow/.local/lib/python3.12/site-packages/airflow/example_dags/example_trigger_controller_dag.py
[2026-07-25T09:17:22.810+0000] {processor.py:925} INFO - DAG(s) 'example_trigger_controller_dag' retrieved from /home/airflow/.local/lib/python3.12/site-packages/airflow/example_dags/example_trigger_controller_dag.py
[2026-07-25T09:17:22.823+0000] {logging_mixin.py:190} INFO - [2026-07-25T09:17:22.823+0000] {dag.py:3239} INFO - Sync 1 DAGs
[2026-07-25T09:17:22.836+0000] {logging_mixin.py:190} INFO - [2026-07-25T09:17:22.836+0000] {dag.py:4180} INFO - Setting next_dagrun for example_trigger_controller_dag to 2021-01-01 00:00:00+00:00, run_after=2021-01-01 00:00:00+00:00
[2026-07-25T09:17:22.847+0000] {processor.py:208} INFO - Processing /home/airflow/.local/lib/python3.12/site-packages/airflow/example_dags/example_trigger_controller_dag.py took 0.048 seconds
[2026-07-25T09:17:56.816+0000] {processor.py:186} INFO - Started process (PID=358) to work on /home/airflow/.local/lib/python3.12/site-packages/airflow/example_dags/example_trigger_controller_dag.py
[2026-07-25T09:17:56.816+0000] {processor.py:914} INFO - Processing file /home/airflow/.local/lib/python3.12/site-packages/airflow/example_dags/example_trigger_controller_dag.py for tasks to queue
[2026-07-25T09:17:56.818+0000] {logging_mixin.py:190} INFO - [2026-07-25T09:17:56.818+0000] {dagbag.py:588} INFO - Filling up the DagBag from /home/airflow/.local/lib/python3.12/site-packages/airflow/example_dags/example_trigger_controller_dag.py
[2026-07-25T09:17:56.823+0000] {processor.py:925} INFO - DAG(s) 'example_trigger_controller_dag' retrieved from /home/airflow/.local/lib/python3.12/site-packages/airflow/example_dags/example_trigger_controller_dag.py
[2026-07-25T09:17:56.835+0000] {logging_mixin.py:190} INFO - [2026-07-25T09:17:56.835+0000] {dag.py:3239} INFO - Sync 1 DAGs
[2026-07-25T09:17:56.848+0000] {logging_mixin.py:190} INFO - [2026-07-25T09:17:56.848+0000] {dag.py:4180} INFO - Setting next_dagrun for example_trigger_controller_dag to 2021-01-01 00:00:00+00:00, run_after=2021-01-01 00:00:00+00:00
[2026-07-25T09:17:56.860+0000] {processor.py:208} INFO - Processing /home/airflow/.local/lib/python3.12/site-packages/airflow/example_dags/example_trigger_controller_dag.py took 0.048 seconds
[2026-07-25T09:18:27.492+0000] {processor.py:186} INFO - Started process (PID=420) to work on /home/airflow/.local/lib/python3.12/site-packages/airflow/example_dags/example_trigger_controller_dag.py
[2026-07-25T09:18:27.493+0000] {processor.py:914} INFO - Processing file /home/airflow/.local/lib/python3.12/site-packages/airflow/example_dags/example_trigger_controller_dag.py for tasks to queue
[2026-07-25T09:18:27.495+0000] {logging_mixin.py:190} INFO - [2026-07-25T09:18:27.495+0000] {dagbag.py:588} INFO - Filling up the DagBag from /home/airflow/.local/lib/python3.12/site-packages/airflow/example_dags/example_trigger_controller_dag.py
[2026-07-25T09:18:27.500+0000] {processor.py:925} INFO - DAG(s) 'example_trigger_controller_dag' retrieved from /home/airflow/.local/lib/python3.12/site-packages/airflow/example_dags/example_trigger_controller_dag.py
[2026-07-25T09:18:27.513+0000] {logging_mixin.py:190} INFO - [2026-07-25T09:18:27.513+0000] {dag.py:3239} INFO - Sync 1 DAGs
[2026-07-25T09:18:27.528+0000] {logging_mixin.py:190} INFO - [2026-07-25T09:18:27.528+0000] {dag.py:4180} INFO - Setting next_dagrun for example_trigger_controller_dag to 2021-01-01 00:00:00+00:00, run_after=2021-01-01 00:00:00+00:00
[2026-07-25T09:18:27.542+0000] {processor.py:208} INFO - Processing /home/airflow/.local/lib/python3.12/site-packages/airflow/example_dags/example_trigger_controller_dag.py took 0.053 seconds
[2026-07-25T09:18:58.065+0000] {processor.py:186} INFO - Started process (PID=482) to work on /home/airflow/.local/lib/python3.12/site-packages/airflow/example_dags/example_trigger_controller_dag.py
[2026-07-25T09:18:58.066+0000] {processor.py:914} INFO - Processing file /home/airflow/.local/lib/python3.12/site-packages/airflow/example_dags/example_trigger_controller_dag.py for tasks to queue
[2026-07-25T09:18:58.069+0000] {logging_mixin.py:190} INFO - [2026-07-25T09:18:58.068+0000] {dagbag.py:588} INFO - Filling up the DagBag from /home/airflow/.local/lib/python3.12/site-packages/airflow/example_dags/example_trigger_controller_dag.py
[2026-07-25T09:18:58.073+0000] {processor.py:925} INFO - DAG(s) 'example_trigger_controller_dag' retrieved from /home/airflow/.local/lib/python3.12/site-packages/airflow/example_dags/example_trigger_controller_dag.py
[2026-07-25T09:18:58.086+0000] {logging_mixin.py:190} INFO - [2026-07-25T09:18:58.086+0000] {dag.py:3239} INFO - Sync 1 DAGs
[2026-07-25T09:18:58.098+0000] {logging_mixin.py:190} INFO - [2026-07-25T09:18:58.098+0000] {dag.py:4180} INFO - Setting next_dagrun for example_trigger_controller_dag to 2021-01-01 00:00:00+00:00, run_after=2021-01-01 00:00:00+00:00
[2026-07-25T09:18:58.110+0000] {processor.py:208} INFO - Processing /home/airflow/.local/lib/python3.12/site-packages/airflow/example_dags/example_trigger_controller_dag.py took 0.048 seconds
[2026-07-25T09:19:28.649+0000] {processor.py:186} INFO - Started process (PID=544) to work on /home/airflow/.local/lib/python3.12/site-packages/airflow/example_dags/example_trigger_controller_dag.py
[2026-07-25T09:19:28.650+0000] {processor.py:914} INFO - Processing file /home/airflow/.local/lib/python3.12/site-packages/airflow/example_dags/example_trigger_controller_dag.py for tasks to queue
[2026-07-25T09:19:28.652+0000] {logging_mixin.py:190} INFO - [2026-07-25T09:19:28.651+0000] {dagbag.py:588} INFO - Filling up the DagBag from /home/airflow/.local/lib/python3.12/site-packages/airflow/example_dags/example_trigger_controller_dag.py
[2026-07-25T09:19:28.656+0000] {processor.py:925} INFO - DAG(s) 'example_trigger_controller_dag' retrieved from /home/airflow/.local/lib/python3.12/site-packages/airflow/example_dags/example_trigger_controller_dag.py
[2026-07-25T09:19:28.669+0000] {logging_mixin.py:190} INFO - [2026-07-25T09:19:28.669+0000] {dag.py:3239} INFO - Sync 1 DAGs
[2026-07-25T09:19:28.682+0000] {logging_mixin.py:190} INFO - [2026-07-25T09:19:28.682+0000] {dag.py:4180} INFO - Setting next_dagrun for example_trigger_controller_dag to 2021-01-01 00:00:00+00:00, run_after=2021-01-01 00:00:00+00:00
[2026-07-25T09:19:28.693+0000] {processor.py:208} INFO - Processing /home/airflow/.local/lib/python3.12/site-packages/airflow/example_dags/example_trigger_controller_dag.py took 0.048 seconds
[2026-07-25T09:20:52.355+0000] {processor.py:186} INFO - Started process (PID=106) to work on /home/airflow/.local/lib/python3.12/site-packages/airflow/example_dags/example_trigger_controller_dag.py
[2026-07-25T09:20:52.356+0000] {processor.py:914} INFO - Processing file /home/airflow/.local/lib/python3.12/site-packages/airflow/example_dags/example_trigger_controller_dag.py for tasks to queue
[2026-07-25T09:20:52.358+0000] {logging_mixin.py:190} INFO - [2026-07-25T09:20:52.358+0000] {dagbag.py:588} INFO - Filling up the DagBag from /home/airflow/.local/lib/python3.12/site-packages/airflow/example_dags/example_trigger_controller_dag.py
[2026-07-25T09:20:52.363+0000] {processor.py:925} INFO - DAG(s) 'example_trigger_controller_dag' retrieved from /home/airflow/.local/lib/python3.12/site-packages/airflow/example_dags/example_trigger_controller_dag.py
[2026-07-25T09:20:52.377+0000] {logging_mixin.py:190} INFO - [2026-07-25T09:20:52.377+0000] {dag.py:3239} INFO - Sync 1 DAGs
[2026-07-25T09:20:52.392+0000] {logging_mixin.py:190} INFO - [2026-07-25T09:20:52.391+0000] {dag.py:4180} INFO - Setting next_dagrun for example_trigger_controller_dag to 2021-01-01 00:00:00+00:00, run_after=2021-01-01 00:00:00+00:00
[2026-07-25T09:20:52.405+0000] {processor.py:208} INFO - Processing /home/airflow/.local/lib/python3.12/site-packages/airflow/example_dags/example_trigger_controller_dag.py took 0.053 seconds
[2026-07-25T09:21:25.541+0000] {processor.py:186} INFO - Started process (PID=169) to work on /home/airflow/.local/lib/python3.12/site-packages/airflow/example_dags/example_trigger_controller_dag.py
[2026-07-25T09:21:25.543+0000] {processor.py:914} INFO - Processing file /home/airflow/.local/lib/python3.12/site-packages/airflow/example_dags/example_trigger_controller_dag.py for tasks to queue
[2026-07-25T09:21:25.546+0000] {logging_mixin.py:190} INFO - [2026-07-25T09:21:25.545+0000] {dagbag.py:588} INFO - Filling up the DagBag from /home/airflow/.local/lib/python3.12/site-packages/airflow/example_dags/example_trigger_controller_dag.py
[2026-07-25T09:21:25.551+0000] {processor.py:925} INFO - DAG(s) 'example_trigger_controller_dag' retrieved from /home/airflow/.local/lib/python3.12/site-packages/airflow/example_dags/example_trigger_controller_dag.py
[2026-07-25T09:21:25.564+0000] {logging_mixin.py:190} INFO - [2026-07-25T09:21:25.564+0000] {dag.py:3239} INFO - Sync 1 DAGs
[2026-07-25T09:21:25.582+0000] {logging_mixin.py:190} INFO - [2026-07-25T09:21:25.582+0000] {dag.py:4180} INFO - Setting next_dagrun for example_trigger_controller_dag to 2021-01-01 00:00:00+00:00, run_after=2021-01-01 00:00:00+00:00
[2026-07-25T09:21:25.596+0000] {processor.py:208} INFO - Processing /home/airflow/.local/lib/python3.12/site-packages/airflow/example_dags/example_trigger_controller_dag.py took 0.062 seconds
[2026-07-25T09:21:57.776+0000] {processor.py:186} INFO - Started process (PID=231) to work on /home/airflow/.local/lib/python3.12/site-packages/airflow/example_dags/example_trigger_controller_dag.py
[2026-07-25T09:21:57.776+0000] {processor.py:914} INFO - Processing file /home/airflow/.local/lib/python3.12/site-packages/airflow/example_dags/example_trigger_controller_dag.py for tasks to queue
[2026-07-25T09:21:57.778+0000] {logging_mixin.py:190} INFO - [2026-07-25T09:21:57.778+0000] {dagbag.py:588} INFO - Filling up the DagBag from /home/airflow/.local/lib/python3.12/site-packages/airflow/example_dags/example_trigger_controller_dag.py
[2026-07-25T09:21:57.783+0000] {processor.py:925} INFO - DAG(s) 'example_trigger_controller_dag' retrieved from /home/airflow/.local/lib/python3.12/site-packages/airflow/example_dags/example_trigger_controller_dag.py
[2026-07-25T09:21:57.796+0000] {logging_mixin.py:190} INFO - [2026-07-25T09:21:57.796+0000] {dag.py:3239} INFO - Sync 1 DAGs
[2026-07-25T09:21:57.808+0000] {logging_mixin.py:190} INFO - [2026-07-25T09:21:57.808+0000] {dag.py:4180} INFO - Setting next_dagrun for example_trigger_controller_dag to 2021-01-01 00:00:00+00:00, run_after=2021-01-01 00:00:00+00:00
[2026-07-25T09:21:57.820+0000] {processor.py:208} INFO - Processing /home/airflow/.local/lib/python3.12/site-packages/airflow/example_dags/example_trigger_controller_dag.py took 0.048 seconds
[2026-07-25T09:22:28.295+0000] {processor.py:186} INFO - Started process (PID=293) to work on /home/airflow/.local/lib/python3.12/site-packages/airflow/example_dags/example_trigger_controller_dag.py
[2026-07-25T09:22:28.296+0000] {processor.py:914} INFO - Processing file /home/airflow/.local/lib/python3.12/site-packages/airflow/example_dags/example_trigger_controller_dag.py for tasks to queue
[2026-07-25T09:22:28.298+0000] {logging_mixin.py:190} INFO - [2026-07-25T09:22:28.298+0000] {dagbag.py:588} INFO - Filling up the DagBag from /home/airflow/.local/lib/python3.12/site-packages/airflow/example_dags/example_trigger_controller_dag.py
[2026-07-25T09:22:28.303+0000] {processor.py:925} INFO - DAG(s) 'example_trigger_controller_dag' retrieved from /home/airflow/.local/lib/python3.12/site-packages/airflow/example_dags/example_trigger_controller_dag.py
[2026-07-25T09:22:28.317+0000] {logging_mixin.py:190} INFO - [2026-07-25T09:22:28.317+0000] {dag.py:3239} INFO - Sync 1 DAGs
[2026-07-25T09:22:28.330+0000] {logging_mixin.py:190} INFO - [2026-07-25T09:22:28.330+0000] {dag.py:4180} INFO - Setting next_dagrun for example_trigger_controller_dag to 2021-01-01 00:00:00+00:00, run_after=2021-01-01 00:00:00+00:00
[2026-07-25T09:22:28.343+0000] {processor.py:208} INFO - Processing /home/airflow/.local/lib/python3.12/site-packages/airflow/example_dags/example_trigger_controller_dag.py took 0.051 seconds
[2026-07-25T09:24:03.774+0000] {processor.py:186} INFO - Started process (PID=106) to work on /home/airflow/.local/lib/python3.12/site-packages/airflow/example_dags/example_trigger_controller_dag.py
[2026-07-25T09:24:03.776+0000] {processor.py:914} INFO - Processing file /home/airflow/.local/lib/python3.12/site-packages/airflow/example_dags/example_trigger_controller_dag.py for tasks to queue
[2026-07-25T09:24:03.781+0000] {logging_mixin.py:190} INFO - [2026-07-25T09:24:03.781+0000] {dagbag.py:588} INFO - Filling up the DagBag from /home/airflow/.local/lib/python3.12/site-packages/airflow/example_dags/example_trigger_controller_dag.py
[2026-07-25T09:24:03.790+0000] {processor.py:925} INFO - DAG(s) 'example_trigger_controller_dag' retrieved from /home/airflow/.local/lib/python3.12/site-packages/airflow/example_dags/example_trigger_controller_dag.py
[2026-07-25T09:24:03.812+0000] {logging_mixin.py:190} INFO - [2026-07-25T09:24:03.812+0000] {dag.py:3239} INFO - Sync 1 DAGs
[2026-07-25T09:24:03.840+0000] {logging_mixin.py:190} INFO - [2026-07-25T09:24:03.840+0000] {dag.py:4180} INFO - Setting next_dagrun for example_trigger_controller_dag to 2021-01-01 00:00:00+00:00, run_after=2021-01-01 00:00:00+00:00
[2026-07-25T09:24:03.858+0000] {processor.py:208} INFO - Processing /home/airflow/.local/lib/python3.12/site-packages/airflow/example_dags/example_trigger_controller_dag.py took 0.090 seconds
[2026-07-25T09:24:36.028+0000] {processor.py:186} INFO - Started process (PID=168) to work on /home/airflow/.local/lib/python3.12/site-packages/airflow/example_dags/example_trigger_controller_dag.py
[2026-07-25T09:24:36.029+0000] {processor.py:914} INFO - Processing file /home/airflow/.local/lib/python3.12/site-packages/airflow/example_dags/example_trigger_controller_dag.py for tasks to queue
[2026-07-25T09:24:36.031+0000] {logging_mixin.py:190} INFO - [2026-07-25T09:24:36.031+0000] {dagbag.py:588} INFO - Filling up the DagBag from /home/airflow/.local/lib/python3.12/site-packages/airflow/example_dags/example_trigger_controller_dag.py
[2026-07-25T09:24:36.036+0000] {processor.py:925} INFO - DAG(s) 'example_trigger_controller_dag' retrieved from /home/airflow/.local/lib/python3.12/site-packages/airflow/example_dags/example_trigger_controller_dag.py
[2026-07-25T09:24:36.050+0000] {logging_mixin.py:190} INFO - [2026-07-25T09:24:36.050+0000] {dag.py:3239} INFO - Sync 1 DAGs
[2026-07-25T09:24:36.064+0000] {logging_mixin.py:190} INFO - [2026-07-25T09:24:36.064+0000] {dag.py:4180} INFO - Setting next_dagrun for example_trigger_controller_dag to 2021-01-01 00:00:00+00:00, run_after=2021-01-01 00:00:00+00:00
[2026-07-25T09:24:36.087+0000] {processor.py:208} INFO - Processing /home/airflow/.local/lib/python3.12/site-packages/airflow/example_dags/example_trigger_controller_dag.py took 0.062 seconds
[2026-07-25T09:25:06.271+0000] {processor.py:186} INFO - Started process (PID=230) to work on /home/airflow/.local/lib/python3.12/site-packages/airflow/example_dags/example_trigger_controller_dag.py
[2026-07-25T09:25:06.272+0000] {processor.py:914} INFO - Processing file /home/airflow/.local/lib/python3.12/site-packages/airflow/example_dags/example_trigger_controller_dag.py for tasks to queue
[2026-07-25T09:25:06.274+0000] {logging_mixin.py:190} INFO - [2026-07-25T09:25:06.274+0000] {dagbag.py:588} INFO - Filling up the DagBag from /home/airflow/.local/lib/python3.12/site-packages/airflow/example_dags/example_trigger_controller_dag.py
[2026-07-25T09:25:06.278+0000] {processor.py:925} INFO - DAG(s) 'example_trigger_controller_dag' retrieved from /home/airflow/.local/lib/python3.12/site-packages/airflow/example_dags/example_trigger_controller_dag.py
[2026-07-25T09:25:06.293+0000] {logging_mixin.py:190} INFO - [2026-07-25T09:25:06.293+0000] {dag.py:3239} INFO - Sync 1 DAGs
[2026-07-25T09:25:06.308+0000] {logging_mixin.py:190} INFO - [2026-07-25T09:25:06.308+0000] {dag.py:4180} INFO - Setting next_dagrun for example_trigger_controller_dag to 2021-01-01 00:00:00+00:00, run_after=2021-01-01 00:00:00+00:00
[2026-07-25T09:25:06.320+0000] {processor.py:208} INFO - Processing /home/airflow/.local/lib/python3.12/site-packages/airflow/example_dags/example_trigger_controller_dag.py took 0.053 seconds
[2026-07-25T09:25:36.842+0000] {processor.py:186} INFO - Started process (PID=292) to work on /home/airflow/.local/lib/python3.12/site-packages/airflow/example_dags/example_trigger_controller_dag.py
[2026-07-25T09:25:36.843+0000] {processor.py:914} INFO - Processing file /home/airflow/.local/lib/python3.12/site-packages/airflow/example_dags/example_trigger_controller_dag.py for tasks to queue
[2026-07-25T09:25:36.845+0000] {logging_mixin.py:190} INFO - [2026-07-25T09:25:36.845+0000] {dagbag.py:588} INFO - Filling up the DagBag from /home/airflow/.local/lib/python3.12/site-packages/airflow/example_dags/example_trigger_controller_dag.py
[2026-07-25T09:25:36.849+0000] {processor.py:925} INFO - DAG(s) 'example_trigger_controller_dag' retrieved from /home/airflow/.local/lib/python3.12/site-packages/airflow/example_dags/example_trigger_controller_dag.py
[2026-07-25T09:25:36.862+0000] {logging_mixin.py:190} INFO - [2026-07-25T09:25:36.862+0000] {dag.py:3239} INFO - Sync 1 DAGs
[2026-07-25T09:25:36.875+0000] {logging_mixin.py:190} INFO - [2026-07-25T09:25:36.875+0000] {dag.py:4180} INFO - Setting next_dagrun for example_trigger_controller_dag to 2021-01-01 00:00:00+00:00, run_after=2021-01-01 00:00:00+00:00
[2026-07-25T09:25:36.886+0000] {processor.py:208} INFO - Processing /home/airflow/.local/lib/python3.12/site-packages/airflow/example_dags/example_trigger_controller_dag.py took 0.047 seconds
[2026-07-25T09:26:58.187+0000] {processor.py:186} INFO - Started process (PID=106) to work on /home/airflow/.local/lib/python3.12/site-packages/airflow/example_dags/example_trigger_controller_dag.py
[2026-07-25T09:26:58.188+0000] {processor.py:914} INFO - Processing file /home/airflow/.local/lib/python3.12/site-packages/airflow/example_dags/example_trigger_controller_dag.py for tasks to queue
[2026-07-25T09:26:58.191+0000] {logging_mixin.py:190} INFO - [2026-07-25T09:26:58.191+0000] {dagbag.py:588} INFO - Filling up the DagBag from /home/airflow/.local/lib/python3.12/site-packages/airflow/example_dags/example_trigger_controller_dag.py
[2026-07-25T09:26:58.196+0000] {processor.py:925} INFO - DAG(s) 'example_trigger_controller_dag' retrieved from /home/airflow/.local/lib/python3.12/site-packages/airflow/example_dags/example_trigger_controller_dag.py
[2026-07-25T09:26:58.260+0000] {logging_mixin.py:190} INFO - [2026-07-25T09:26:58.259+0000] {override.py:1932} INFO - Created Permission View: can edit on DAG:example_trigger_controller_dag
[2026-07-25T09:26:58.266+0000] {logging_mixin.py:190} INFO - [2026-07-25T09:26:58.266+0000] {override.py:1932} INFO - Created Permission View: can read on DAG:example_trigger_controller_dag
[2026-07-25T09:26:58.271+0000] {logging_mixin.py:190} INFO - [2026-07-25T09:26:58.271+0000] {override.py:1932} INFO - Created Permission View: can delete on DAG:example_trigger_controller_dag
[2026-07-25T09:26:58.277+0000] {logging_mixin.py:190} INFO - [2026-07-25T09:26:58.277+0000] {override.py:1932} INFO - Created Permission View: menu access on DAG Run:example_trigger_controller_dag
[2026-07-25T09:26:58.282+0000] {logging_mixin.py:190} INFO - [2026-07-25T09:26:58.282+0000] {override.py:1932} INFO - Created Permission View: can read on DAG Run:example_trigger_controller_dag
[2026-07-25T09:26:58.286+0000] {logging_mixin.py:190} INFO - [2026-07-25T09:26:58.286+0000] {override.py:1932} INFO - Created Permission View: can create on DAG Run:example_trigger_controller_dag
[2026-07-25T09:26:58.291+0000] {logging_mixin.py:190} INFO - [2026-07-25T09:26:58.291+0000] {override.py:1932} INFO - Created Permission View: can delete on DAG Run:example_trigger_controller_dag
[2026-07-25T09:26:58.292+0000] {logging_mixin.py:190} INFO - [2026-07-25T09:26:58.291+0000] {dag.py:3239} INFO - Sync 1 DAGs
[2026-07-25T09:26:58.301+0000] {logging_mixin.py:190} INFO - [2026-07-25T09:26:58.300+0000] {dag.py:3262} INFO - Creating ORM DAG for example_trigger_controller_dag
[2026-07-25T09:26:58.306+0000] {logging_mixin.py:190} INFO - [2026-07-25T09:26:58.306+0000] {dag.py:4180} INFO - Setting next_dagrun for example_trigger_controller_dag to 2021-01-01 00:00:00+00:00, run_after=2021-01-01 00:00:00+00:00
[2026-07-25T09:26:58.317+0000] {processor.py:208} INFO - Processing /home/airflow/.local/lib/python3.12/site-packages/airflow/example_dags/example_trigger_controller_dag.py took 0.133 seconds
[2026-07-25T09:27:30.389+0000] {processor.py:186} INFO - Started process (PID=169) to work on /home/airflow/.local/lib/python3.12/site-packages/airflow/example_dags/example_trigger_controller_dag.py
[2026-07-25T09:27:30.390+0000] {processor.py:914} INFO - Processing file /home/airflow/.local/lib/python3.12/site-packages/airflow/example_dags/example_trigger_controller_dag.py for tasks to queue
[2026-07-25T09:27:30.392+0000] {logging_mixin.py:190} INFO - [2026-07-25T09:27:30.392+0000] {dagbag.py:588} INFO - Filling up the DagBag from /home/airflow/.local/lib/python3.12/site-packages/airflow/example_dags/example_trigger_controller_dag.py
[2026-07-25T09:27:30.397+0000] {processor.py:925} INFO - DAG(s) 'example_trigger_controller_dag' retrieved from /home/airflow/.local/lib/python3.12/site-packages/airflow/example_dags/example_trigger_controller_dag.py
[2026-07-25T09:27:30.411+0000] {logging_mixin.py:190} INFO - [2026-07-25T09:27:30.411+0000] {dag.py:3239} INFO - Sync 1 DAGs
[2026-07-25T09:27:30.424+0000] {logging_mixin.py:190} INFO - [2026-07-25T09:27:30.424+0000] {dag.py:4180} INFO - Setting next_dagrun for example_trigger_controller_dag to 2021-01-01 00:00:00+00:00, run_after=2021-01-01 00:00:00+00:00
[2026-07-25T09:27:30.436+0000] {processor.py:208} INFO - Processing /home/airflow/.local/lib/python3.12/site-packages/airflow/example_dags/example_trigger_controller_dag.py took 0.050 seconds
[2026-07-25T09:28:01.693+0000] {processor.py:186} INFO - Started process (PID=231) to work on /home/airflow/.local/lib/python3.12/site-packages/airflow/example_dags/example_trigger_controller_dag.py
[2026-07-25T09:28:01.694+0000] {processor.py:914} INFO - Processing file /home/airflow/.local/lib/python3.12/site-packages/airflow/example_dags/example_trigger_controller_dag.py for tasks to queue
[2026-07-25T09:28:01.697+0000] {logging_mixin.py:190} INFO - [2026-07-25T09:28:01.696+0000] {dagbag.py:588} INFO - Filling up the DagBag from /home/airflow/.local/lib/python3.12/site-packages/airflow/example_dags/example_trigger_controller_dag.py
[2026-07-25T09:28:01.701+0000] {processor.py:925} INFO - DAG(s) 'example_trigger_controller_dag' retrieved from /home/airflow/.local/lib/python3.12/site-packages/airflow/example_dags/example_trigger_controller_dag.py
[2026-07-25T09:28:01.715+0000] {logging_mixin.py:190} INFO - [2026-07-25T09:28:01.715+0000] {dag.py:3239} INFO - Sync 1 DAGs
[2026-07-25T09:28:01.729+0000] {logging_mixin.py:190} INFO - [2026-07-25T09:28:01.729+0000] {dag.py:4180} INFO - Setting next_dagrun for example_trigger_controller_dag to 2021-01-01 00:00:00+00:00, run_after=2021-01-01 00:00:00+00:00
[2026-07-25T09:28:01.740+0000] {processor.py:208} INFO - Processing /home/airflow/.local/lib/python3.12/site-packages/airflow/example_dags/example_trigger_controller_dag.py took 0.050 seconds
[2026-07-25T09:28:32.178+0000] {processor.py:186} INFO - Started process (PID=293) to work on /home/airflow/.local/lib/python3.12/site-packages/airflow/example_dags/example_trigger_controller_dag.py
[2026-07-25T09:28:32.179+0000] {processor.py:914} INFO - Processing file /home/airflow/.local/lib/python3.12/site-packages/airflow/example_dags/example_trigger_controller_dag.py for tasks to queue
[2026-07-25T09:28:32.182+0000] {logging_mixin.py:190} INFO - [2026-07-25T09:28:32.181+0000] {dagbag.py:588} INFO - Filling up the DagBag from /home/airflow/.local/lib/python3.12/site-packages/airflow/example_dags/example_trigger_controller_dag.py
[2026-07-25T09:28:32.186+0000] {processor.py:925} INFO - DAG(s) 'example_trigger_controller_dag' retrieved from /home/airflow/.local/lib/python3.12/site-packages/airflow/example_dags/example_trigger_controller_dag.py
[2026-07-25T09:28:32.201+0000] {logging_mixin.py:190} INFO - [2026-07-25T09:28:32.201+0000] {dag.py:3239} INFO - Sync 1 DAGs
[2026-07-25T09:28:32.216+0000] {logging_mixin.py:190} INFO - [2026-07-25T09:28:32.216+0000] {dag.py:4180} INFO - Setting next_dagrun for example_trigger_controller_dag to 2021-01-01 00:00:00+00:00, run_after=2021-01-01 00:00:00+00:00
[2026-07-25T09:28:32.228+0000] {processor.py:208} INFO - Processing /home/airflow/.local/lib/python3.12/site-packages/airflow/example_dags/example_trigger_controller_dag.py took 0.054 seconds
[2026-07-25T09:29:02.631+0000] {processor.py:186} INFO - Started process (PID=355) to work on /home/airflow/.local/lib/python3.12/site-packages/airflow/example_dags/example_trigger_controller_dag.py
[2026-07-25T09:29:02.632+0000] {processor.py:914} INFO - Processing file /home/airflow/.local/lib/python3.12/site-packages/airflow/example_dags/example_trigger_controller_dag.py for tasks to queue
[2026-07-25T09:29:02.635+0000] {logging_mixin.py:190} INFO - [2026-07-25T09:29:02.634+0000] {dagbag.py:588} INFO - Filling up the DagBag from /home/airflow/.local/lib/python3.12/site-packages/airflow/example_dags/example_trigger_controller_dag.py
[2026-07-25T09:29:02.639+0000] {processor.py:925} INFO - DAG(s) 'example_trigger_controller_dag' retrieved from /home/airflow/.local/lib/python3.12/site-packages/airflow/example_dags/example_trigger_controller_dag.py
[2026-07-25T09:29:02.653+0000] {logging_mixin.py:190} INFO - [2026-07-25T09:29:02.653+0000] {dag.py:3239} INFO - Sync 1 DAGs
[2026-07-25T09:29:02.668+0000] {logging_mixin.py:190} INFO - [2026-07-25T09:29:02.668+0000] {dag.py:4180} INFO - Setting next_dagrun for example_trigger_controller_dag to 2021-01-01 00:00:00+00:00, run_after=2021-01-01 00:00:00+00:00
[2026-07-25T09:29:02.680+0000] {processor.py:208} INFO - Processing /home/airflow/.local/lib/python3.12/site-packages/airflow/example_dags/example_trigger_controller_dag.py took 0.051 seconds
[2026-07-25T09:29:32.802+0000] {processor.py:186} INFO - Started process (PID=418) to work on /home/airflow/.local/lib/python3.12/site-packages/airflow/example_dags/example_trigger_controller_dag.py
[2026-07-25T09:29:32.803+0000] {processor.py:914} INFO - Processing file /home/airflow/.local/lib/python3.12/site-packages/airflow/example_dags/example_trigger_controller_dag.py for tasks to queue
[2026-07-25T09:29:32.805+0000] {logging_mixin.py:190} INFO - [2026-07-25T09:29:32.805+0000] {dagbag.py:588} INFO - Filling up the DagBag from /home/airflow/.local/lib/python3.12/site-packages/airflow/example_dags/example_trigger_controller_dag.py
[2026-07-25T09:29:32.810+0000] {processor.py:925} INFO - DAG(s) 'example_trigger_controller_dag' retrieved from /home/airflow/.local/lib/python3.12/site-packages/airflow/example_dags/example_trigger_controller_dag.py
[2026-07-25T09:29:32.824+0000] {logging_mixin.py:190} INFO - [2026-07-25T09:29:32.824+0000] {dag.py:3239} INFO - Sync 1 DAGs
[2026-07-25T09:29:32.838+0000] {logging_mixin.py:190} INFO - [2026-07-25T09:29:32.838+0000] {dag.py:4180} INFO - Setting next_dagrun for example_trigger_controller_dag to 2021-01-01 00:00:00+00:00, run_after=2021-01-01 00:00:00+00:00
[2026-07-25T09:29:32.864+0000] {processor.py:208} INFO - Processing /home/airflow/.local/lib/python3.12/site-packages/airflow/example_dags/example_trigger_controller_dag.py took 0.065 seconds
[2026-07-25T09:30:03.474+0000] {processor.py:186} INFO - Started process (PID=481) to work on /home/airflow/.local/lib/python3.12/site-packages/airflow/example_dags/example_trigger_controller_dag.py
[2026-07-25T09:30:03.475+0000] {processor.py:914} INFO - Processing file /home/airflow/.local/lib/python3.12/site-packages/airflow/example_dags/example_trigger_controller_dag.py for tasks to queue
[2026-07-25T09:30:03.477+0000] {logging_mixin.py:190} INFO - [2026-07-25T09:30:03.477+0000] {dagbag.py:588} INFO - Filling up the DagBag from /home/airflow/.local/lib/python3.12/site-packages/airflow/example_dags/example_trigger_controller_dag.py
[2026-07-25T09:30:03.483+0000] {processor.py:925} INFO - DAG(s) 'example_trigger_controller_dag' retrieved from /home/airflow/.local/lib/python3.12/site-packages/airflow/example_dags/example_trigger_controller_dag.py
[2026-07-25T09:30:03.498+0000] {logging_mixin.py:190} INFO - [2026-07-25T09:30:03.498+0000] {dag.py:3239} INFO - Sync 1 DAGs
[2026-07-25T09:30:03.513+0000] {logging_mixin.py:190} INFO - [2026-07-25T09:30:03.513+0000] {dag.py:4180} INFO - Setting next_dagrun for example_trigger_controller_dag to 2021-01-01 00:00:00+00:00, run_after=2021-01-01 00:00:00+00:00
[2026-07-25T09:30:03.534+0000] {processor.py:208} INFO - Processing /home/airflow/.local/lib/python3.12/site-packages/airflow/example_dags/example_trigger_controller_dag.py took 0.063 seconds
[2026-07-25T09:30:33.749+0000] {processor.py:186} INFO - Started process (PID=544) to work on /home/airflow/.local/lib/python3.12/site-packages/airflow/example_dags/example_trigger_controller_dag.py
[2026-07-25T09:30:33.750+0000] {processor.py:914} INFO - Processing file /home/airflow/.local/lib/python3.12/site-packages/airflow/example_dags/example_trigger_controller_dag.py for tasks to queue
[2026-07-25T09:30:33.752+0000] {logging_mixin.py:190} INFO - [2026-07-25T09:30:33.752+0000] {dagbag.py:588} INFO - Filling up the DagBag from /home/airflow/.local/lib/python3.12/site-packages/airflow/example_dags/example_trigger_controller_dag.py
[2026-07-25T09:30:33.757+0000] {processor.py:925} INFO - DAG(s) 'example_trigger_controller_dag' retrieved from /home/airflow/.local/lib/python3.12/site-packages/airflow/example_dags/example_trigger_controller_dag.py
[2026-07-25T09:30:33.770+0000] {logging_mixin.py:190} INFO - [2026-07-25T09:30:33.770+0000] {dag.py:3239} INFO - Sync 1 DAGs
[2026-07-25T09:30:33.784+0000] {logging_mixin.py:190} INFO - [2026-07-25T09:30:33.784+0000] {dag.py:4180} INFO - Setting next_dagrun for example_trigger_controller_dag to 2021-01-01 00:00:00+00:00, run_after=2021-01-01 00:00:00+00:00
[2026-07-25T09:30:33.795+0000] {processor.py:208} INFO - Processing /home/airflow/.local/lib/python3.12/site-packages/airflow/example_dags/example_trigger_controller_dag.py took 0.049 seconds
