[2026-07-25T09:06:23.088+0000] {processor.py:186} INFO - Started process (PID=112) to work on /home/airflow/.local/lib/python3.12/site-packages/airflow/example_dags/example_dataset_alias_with_no_taskflow.py
[2026-07-25T09:06:23.089+0000] {processor.py:914} INFO - Processing file /home/airflow/.local/lib/python3.12/site-packages/airflow/example_dags/example_dataset_alias_with_no_taskflow.py for tasks to queue
[2026-07-25T09:06:23.091+0000] {logging_mixin.py:190} INFO - [2026-07-25T09:06:23.091+0000] {dagbag.py:588} INFO - Filling up the DagBag from /home/airflow/.local/lib/python3.12/site-packages/airflow/example_dags/example_dataset_alias_with_no_taskflow.py
[2026-07-25T09:06:27.001+0000] {processor.py:925} INFO - DAG(s) 'dataset_s3_bucket_producer_with_no_taskflow', 'dataset_alias_example_alias_consumer_with_no_taskflow', 'dataset_s3_bucket_consumer_with_no_taskflow', 'dataset_alias_example_alias_producer_with_no_taskflow' retrieved from /home/airflow/.local/lib/python3.12/site-packages/airflow/example_dags/example_dataset_alias_with_no_taskflow.py
[2026-07-25T09:06:27.186+0000] {logging_mixin.py:190} INFO - [2026-07-25T09:06:27.185+0000] {override.py:1932} INFO - Created Permission View: can edit on DAG:dataset_s3_bucket_producer_with_no_taskflow
[2026-07-25T09:06:27.192+0000] {logging_mixin.py:190} INFO - [2026-07-25T09:06:27.192+0000] {override.py:1932} INFO - Created Permission View: can read on DAG:dataset_s3_bucket_producer_with_no_taskflow
[2026-07-25T09:06:27.199+0000] {logging_mixin.py:190} INFO - [2026-07-25T09:06:27.199+0000] {override.py:1932} INFO - Created Permission View: can delete on DAG:dataset_s3_bucket_producer_with_no_taskflow
[2026-07-25T09:06:27.207+0000] {logging_mixin.py:190} INFO - [2026-07-25T09:06:27.207+0000] {override.py:1932} INFO - Created Permission View: can create on DAG Run:dataset_s3_bucket_producer_with_no_taskflow
[2026-07-25T09:06:27.212+0000] {logging_mixin.py:190} INFO - [2026-07-25T09:06:27.212+0000] {override.py:1932} INFO - Created Permission View: can read on DAG Run:dataset_s3_bucket_producer_with_no_taskflow
[2026-07-25T09:06:27.217+0000] {logging_mixin.py:190} INFO - [2026-07-25T09:06:27.217+0000] {override.py:1932} INFO - Created Permission View: can delete on DAG Run:dataset_s3_bucket_producer_with_no_taskflow
[2026-07-25T09:06:27.224+0000] {logging_mixin.py:190} INFO - [2026-07-25T09:06:27.224+0000] {override.py:1932} INFO - Created Permission View: menu access on DAG Run:dataset_s3_bucket_producer_with_no_taskflow
[2026-07-25T09:06:27.234+0000] {logging_mixin.py:190} INFO - [2026-07-25T09:06:27.234+0000] {override.py:1932} INFO - Created Permission View: can edit on DAG:dataset_alias_example_alias_consumer_with_no_taskflow
[2026-07-25T09:06:27.240+0000] {logging_mixin.py:190} INFO - [2026-07-25T09:06:27.239+0000] {override.py:1932} INFO - Created Permission View: can read on DAG:dataset_alias_example_alias_consumer_with_no_taskflow
[2026-07-25T09:06:27.244+0000] {logging_mixin.py:190} INFO - [2026-07-25T09:06:27.244+0000] {override.py:1932} INFO - Created Permission View: can delete on DAG:dataset_alias_example_alias_consumer_with_no_taskflow
[2026-07-25T09:06:27.250+0000] {logging_mixin.py:190} INFO - [2026-07-25T09:06:27.250+0000] {override.py:1932} INFO - Created Permission View: can create on DAG Run:dataset_alias_example_alias_consumer_with_no_taskflow
[2026-07-25T09:06:27.256+0000] {logging_mixin.py:190} INFO - [2026-07-25T09:06:27.256+0000] {override.py:1932} INFO - Created Permission View: can read on DAG Run:dataset_alias_example_alias_consumer_with_no_taskflow
[2026-07-25T09:06:27.261+0000] {logging_mixin.py:190} INFO - [2026-07-25T09:06:27.261+0000] {override.py:1932} INFO - Created Permission View: can delete on DAG Run:dataset_alias_example_alias_consumer_with_no_taskflow
[2026-07-25T09:06:27.266+0000] {logging_mixin.py:190} INFO - [2026-07-25T09:06:27.265+0000] {override.py:1932} INFO - Created Permission View: menu access on DAG Run:dataset_alias_example_alias_consumer_with_no_taskflow
[2026-07-25T09:06:27.274+0000] {logging_mixin.py:190} INFO - [2026-07-25T09:06:27.274+0000] {override.py:1932} INFO - Created Permission View: can edit on DAG:dataset_s3_bucket_consumer_with_no_taskflow
[2026-07-25T09:06:27.279+0000] {logging_mixin.py:190} INFO - [2026-07-25T09:06:27.279+0000] {override.py:1932} INFO - Created Permission View: can read on DAG:dataset_s3_bucket_consumer_with_no_taskflow
[2026-07-25T09:06:27.284+0000] {logging_mixin.py:190} INFO - [2026-07-25T09:06:27.284+0000] {override.py:1932} INFO - Created Permission View: can delete on DAG:dataset_s3_bucket_consumer_with_no_taskflow
[2026-07-25T09:06:27.290+0000] {logging_mixin.py:190} INFO - [2026-07-25T09:06:27.290+0000] {override.py:1932} INFO - Created Permission View: can create on DAG Run:dataset_s3_bucket_consumer_with_no_taskflow
[2026-07-25T09:06:27.296+0000] {logging_mixin.py:190} INFO - [2026-07-25T09:06:27.296+0000] {override.py:1932} INFO - Created Permission View: can read on DAG Run:dataset_s3_bucket_consumer_with_no_taskflow
[2026-07-25T09:06:27.300+0000] {logging_mixin.py:190} INFO - [2026-07-25T09:06:27.300+0000] {override.py:1932} INFO - Created Permission View: can delete on DAG Run:dataset_s3_bucket_consumer_with_no_taskflow
[2026-07-25T09:06:27.305+0000] {logging_mixin.py:190} INFO - [2026-07-25T09:06:27.305+0000] {override.py:1932} INFO - Created Permission View: menu access on DAG Run:dataset_s3_bucket_consumer_with_no_taskflow
[2026-07-25T09:06:27.316+0000] {logging_mixin.py:190} INFO - [2026-07-25T09:06:27.316+0000] {override.py:1932} INFO - Created Permission View: can edit on DAG:dataset_alias_example_alias_producer_with_no_taskflow
[2026-07-25T09:06:27.321+0000] {logging_mixin.py:190} INFO - [2026-07-25T09:06:27.321+0000] {override.py:1932} INFO - Created Permission View: can read on DAG:dataset_alias_example_alias_producer_with_no_taskflow
[2026-07-25T09:06:27.328+0000] {logging_mixin.py:190} INFO - [2026-07-25T09:06:27.328+0000] {override.py:1932} INFO - Created Permission View: can delete on DAG:dataset_alias_example_alias_producer_with_no_taskflow
[2026-07-25T09:06:27.335+0000] {logging_mixin.py:190} INFO - [2026-07-25T09:06:27.335+0000] {override.py:1932} INFO - Created Permission View: can create on DAG Run:dataset_alias_example_alias_producer_with_no_taskflow
[2026-07-25T09:06:27.341+0000] {logging_mixin.py:190} INFO - [2026-07-25T09:06:27.340+0000] {override.py:1932} INFO - Created Permission View: can read on DAG Run:dataset_alias_example_alias_producer_with_no_taskflow
[2026-07-25T09:06:27.345+0000] {logging_mixin.py:190} INFO - [2026-07-25T09:06:27.345+0000] {override.py:1932} INFO - Created Permission View: can delete on DAG Run:dataset_alias_example_alias_producer_with_no_taskflow
[2026-07-25T09:06:27.352+0000] {logging_mixin.py:190} INFO - [2026-07-25T09:06:27.352+0000] {override.py:1932} INFO - Created Permission View: menu access on DAG Run:dataset_alias_example_alias_producer_with_no_taskflow
[2026-07-25T09:06:27.353+0000] {logging_mixin.py:190} INFO - [2026-07-25T09:06:27.352+0000] {dag.py:3239} INFO - Sync 4 DAGs
[2026-07-25T09:06:27.361+0000] {logging_mixin.py:190} INFO - [2026-07-25T09:06:27.361+0000] {dag.py:3262} INFO - Creating ORM DAG for dataset_alias_example_alias_consumer_with_no_taskflow
[2026-07-25T09:06:27.362+0000] {logging_mixin.py:190} INFO - [2026-07-25T09:06:27.361+0000] {dag.py:3262} INFO - Creating ORM DAG for dataset_s3_bucket_consumer_with_no_taskflow
[2026-07-25T09:06:27.362+0000] {logging_mixin.py:190} INFO - [2026-07-25T09:06:27.362+0000] {dag.py:3262} INFO - Creating ORM DAG for dataset_s3_bucket_producer_with_no_taskflow
[2026-07-25T09:06:27.363+0000] {logging_mixin.py:190} INFO - [2026-07-25T09:06:27.363+0000] {dag.py:3262} INFO - Creating ORM DAG for dataset_alias_example_alias_producer_with_no_taskflow
[2026-07-25T09:06:27.368+0000] {logging_mixin.py:190} INFO - [2026-07-25T09:06:27.368+0000] {dag.py:4180} INFO - Setting next_dagrun for dataset_alias_example_alias_consumer_with_no_taskflow to None, run_after=None
[2026-07-25T09:06:27.369+0000] {logging_mixin.py:190} INFO - [2026-07-25T09:06:27.368+0000] {dag.py:4180} INFO - Setting next_dagrun for dataset_alias_example_alias_producer_with_no_taskflow to None, run_after=None
[2026-07-25T09:06:27.369+0000] {logging_mixin.py:190} INFO - [2026-07-25T09:06:27.369+0000] {dag.py:4180} INFO - Setting next_dagrun for dataset_s3_bucket_consumer_with_no_taskflow to None, run_after=None
[2026-07-25T09:06:27.370+0000] {logging_mixin.py:190} INFO - [2026-07-25T09:06:27.370+0000] {dag.py:4180} INFO - Setting next_dagrun for dataset_s3_bucket_producer_with_no_taskflow to None, run_after=None
[2026-07-25T09:06:27.387+0000] {processor.py:208} INFO - Processing /home/airflow/.local/lib/python3.12/site-packages/airflow/example_dags/example_dataset_alias_with_no_taskflow.py took 4.303 seconds
[2026-07-25T09:06:57.735+0000] {processor.py:186} INFO - Started process (PID=175) to work on /home/airflow/.local/lib/python3.12/site-packages/airflow/example_dags/example_dataset_alias_with_no_taskflow.py
[2026-07-25T09:06:57.736+0000] {processor.py:914} INFO - Processing file /home/airflow/.local/lib/python3.12/site-packages/airflow/example_dags/example_dataset_alias_with_no_taskflow.py for tasks to queue
[2026-07-25T09:06:57.738+0000] {logging_mixin.py:190} INFO - [2026-07-25T09:06:57.738+0000] {dagbag.py:588} INFO - Filling up the DagBag from /home/airflow/.local/lib/python3.12/site-packages/airflow/example_dags/example_dataset_alias_with_no_taskflow.py
[2026-07-25T09:07:01.625+0000] {processor.py:925} INFO - DAG(s) 'dataset_alias_example_alias_producer_with_no_taskflow', 'dataset_s3_bucket_producer_with_no_taskflow', 'dataset_s3_bucket_consumer_with_no_taskflow', 'dataset_alias_example_alias_consumer_with_no_taskflow' retrieved from /home/airflow/.local/lib/python3.12/site-packages/airflow/example_dags/example_dataset_alias_with_no_taskflow.py
[2026-07-25T09:07:01.635+0000] {logging_mixin.py:190} INFO - [2026-07-25T09:07:01.635+0000] {dag.py:3239} INFO - Sync 4 DAGs
[2026-07-25T09:07:01.646+0000] {logging_mixin.py:190} INFO - [2026-07-25T09:07:01.646+0000] {dag.py:4180} INFO - Setting next_dagrun for dataset_alias_example_alias_consumer_with_no_taskflow to None, run_after=None
[2026-07-25T09:07:01.647+0000] {logging_mixin.py:190} INFO - [2026-07-25T09:07:01.647+0000] {dag.py:4180} INFO - Setting next_dagrun for dataset_alias_example_alias_producer_with_no_taskflow to None, run_after=None
[2026-07-25T09:07:01.648+0000] {logging_mixin.py:190} INFO - [2026-07-25T09:07:01.648+0000] {dag.py:4180} INFO - Setting next_dagrun for dataset_s3_bucket_consumer_with_no_taskflow to None, run_after=None
[2026-07-25T09:07:01.649+0000] {logging_mixin.py:190} INFO - [2026-07-25T09:07:01.649+0000] {dag.py:4180} INFO - Setting next_dagrun for dataset_s3_bucket_producer_with_no_taskflow to None, run_after=None
[2026-07-25T09:07:01.661+0000] {processor.py:208} INFO - Processing /home/airflow/.local/lib/python3.12/site-packages/airflow/example_dags/example_dataset_alias_with_no_taskflow.py took 3.931 seconds
[2026-07-25T09:07:31.779+0000] {processor.py:186} INFO - Started process (PID=240) to work on /home/airflow/.local/lib/python3.12/site-packages/airflow/example_dags/example_dataset_alias_with_no_taskflow.py
[2026-07-25T09:07:31.780+0000] {processor.py:914} INFO - Processing file /home/airflow/.local/lib/python3.12/site-packages/airflow/example_dags/example_dataset_alias_with_no_taskflow.py for tasks to queue
[2026-07-25T09:07:31.782+0000] {logging_mixin.py:190} INFO - [2026-07-25T09:07:31.782+0000] {dagbag.py:588} INFO - Filling up the DagBag from /home/airflow/.local/lib/python3.12/site-packages/airflow/example_dags/example_dataset_alias_with_no_taskflow.py
[2026-07-25T09:07:36.151+0000] {processor.py:925} INFO - DAG(s) 'dataset_alias_example_alias_consumer_with_no_taskflow', 'dataset_s3_bucket_consumer_with_no_taskflow', 'dataset_alias_example_alias_producer_with_no_taskflow', 'dataset_s3_bucket_producer_with_no_taskflow' retrieved from /home/airflow/.local/lib/python3.12/site-packages/airflow/example_dags/example_dataset_alias_with_no_taskflow.py
[2026-07-25T09:07:36.163+0000] {logging_mixin.py:190} INFO - [2026-07-25T09:07:36.163+0000] {dag.py:3239} INFO - Sync 4 DAGs
[2026-07-25T09:07:36.176+0000] {logging_mixin.py:190} INFO - [2026-07-25T09:07:36.176+0000] {dag.py:4180} INFO - Setting next_dagrun for dataset_alias_example_alias_consumer_with_no_taskflow to None, run_after=None
[2026-07-25T09:07:36.177+0000] {logging_mixin.py:190} INFO - [2026-07-25T09:07:36.177+0000] {dag.py:4180} INFO - Setting next_dagrun for dataset_alias_example_alias_producer_with_no_taskflow to None, run_after=None
[2026-07-25T09:07:36.178+0000] {logging_mixin.py:190} INFO - [2026-07-25T09:07:36.178+0000] {dag.py:4180} INFO - Setting next_dagrun for dataset_s3_bucket_consumer_with_no_taskflow to None, run_after=None
[2026-07-25T09:07:36.179+0000] {logging_mixin.py:190} INFO - [2026-07-25T09:07:36.179+0000] {dag.py:4180} INFO - Setting next_dagrun for dataset_s3_bucket_producer_with_no_taskflow to None, run_after=None
[2026-07-25T09:07:36.192+0000] {processor.py:208} INFO - Processing /home/airflow/.local/lib/python3.12/site-packages/airflow/example_dags/example_dataset_alias_with_no_taskflow.py took 4.418 seconds
[2026-07-25T09:08:06.275+0000] {processor.py:186} INFO - Started process (PID=304) to work on /home/airflow/.local/lib/python3.12/site-packages/airflow/example_dags/example_dataset_alias_with_no_taskflow.py
[2026-07-25T09:08:06.276+0000] {processor.py:914} INFO - Processing file /home/airflow/.local/lib/python3.12/site-packages/airflow/example_dags/example_dataset_alias_with_no_taskflow.py for tasks to queue
[2026-07-25T09:08:06.279+0000] {logging_mixin.py:190} INFO - [2026-07-25T09:08:06.278+0000] {dagbag.py:588} INFO - Filling up the DagBag from /home/airflow/.local/lib/python3.12/site-packages/airflow/example_dags/example_dataset_alias_with_no_taskflow.py
[2026-07-25T09:08:10.693+0000] {processor.py:925} INFO - DAG(s) 'dataset_s3_bucket_producer_with_no_taskflow', 'dataset_alias_example_alias_consumer_with_no_taskflow', 'dataset_alias_example_alias_producer_with_no_taskflow', 'dataset_s3_bucket_consumer_with_no_taskflow' retrieved from /home/airflow/.local/lib/python3.12/site-packages/airflow/example_dags/example_dataset_alias_with_no_taskflow.py
[2026-07-25T09:08:10.704+0000] {logging_mixin.py:190} INFO - [2026-07-25T09:08:10.704+0000] {dag.py:3239} INFO - Sync 4 DAGs
[2026-07-25T09:08:10.715+0000] {logging_mixin.py:190} INFO - [2026-07-25T09:08:10.715+0000] {dag.py:4180} INFO - Setting next_dagrun for dataset_alias_example_alias_consumer_with_no_taskflow to None, run_after=None
[2026-07-25T09:08:10.717+0000] {logging_mixin.py:190} INFO - [2026-07-25T09:08:10.716+0000] {dag.py:4180} INFO - Setting next_dagrun for dataset_alias_example_alias_producer_with_no_taskflow to None, run_after=None
[2026-07-25T09:08:10.718+0000] {logging_mixin.py:190} INFO - [2026-07-25T09:08:10.718+0000] {dag.py:4180} INFO - Setting next_dagrun for dataset_s3_bucket_consumer_with_no_taskflow to None, run_after=None
[2026-07-25T09:08:10.719+0000] {logging_mixin.py:190} INFO - [2026-07-25T09:08:10.719+0000] {dag.py:4180} INFO - Setting next_dagrun for dataset_s3_bucket_producer_with_no_taskflow to None, run_after=None
[2026-07-25T09:08:10.730+0000] {processor.py:208} INFO - Processing /home/airflow/.local/lib/python3.12/site-packages/airflow/example_dags/example_dataset_alias_with_no_taskflow.py took 4.460 seconds
[2026-07-25T09:08:41.248+0000] {processor.py:186} INFO - Started process (PID=367) to work on /home/airflow/.local/lib/python3.12/site-packages/airflow/example_dags/example_dataset_alias_with_no_taskflow.py
[2026-07-25T09:08:41.249+0000] {processor.py:914} INFO - Processing file /home/airflow/.local/lib/python3.12/site-packages/airflow/example_dags/example_dataset_alias_with_no_taskflow.py for tasks to queue
[2026-07-25T09:08:41.251+0000] {logging_mixin.py:190} INFO - [2026-07-25T09:08:41.251+0000] {dagbag.py:588} INFO - Filling up the DagBag from /home/airflow/.local/lib/python3.12/site-packages/airflow/example_dags/example_dataset_alias_with_no_taskflow.py
[2026-07-25T09:08:45.184+0000] {processor.py:925} INFO - DAG(s) 'dataset_alias_example_alias_producer_with_no_taskflow', 'dataset_alias_example_alias_consumer_with_no_taskflow', 'dataset_s3_bucket_producer_with_no_taskflow', 'dataset_s3_bucket_consumer_with_no_taskflow' retrieved from /home/airflow/.local/lib/python3.12/site-packages/airflow/example_dags/example_dataset_alias_with_no_taskflow.py
[2026-07-25T09:08:45.195+0000] {logging_mixin.py:190} INFO - [2026-07-25T09:08:45.194+0000] {dag.py:3239} INFO - Sync 4 DAGs
[2026-07-25T09:08:45.206+0000] {logging_mixin.py:190} INFO - [2026-07-25T09:08:45.206+0000] {dag.py:4180} INFO - Setting next_dagrun for dataset_alias_example_alias_consumer_with_no_taskflow to None, run_after=None
[2026-07-25T09:08:45.207+0000] {logging_mixin.py:190} INFO - [2026-07-25T09:08:45.207+0000] {dag.py:4180} INFO - Setting next_dagrun for dataset_alias_example_alias_producer_with_no_taskflow to None, run_after=None
[2026-07-25T09:08:45.208+0000] {logging_mixin.py:190} INFO - [2026-07-25T09:08:45.208+0000] {dag.py:4180} INFO - Setting next_dagrun for dataset_s3_bucket_consumer_with_no_taskflow to None, run_after=None
[2026-07-25T09:08:45.209+0000] {logging_mixin.py:190} INFO - [2026-07-25T09:08:45.209+0000] {dag.py:4180} INFO - Setting next_dagrun for dataset_s3_bucket_producer_with_no_taskflow to None, run_after=None
[2026-07-25T09:08:45.220+0000] {processor.py:208} INFO - Processing /home/airflow/.local/lib/python3.12/site-packages/airflow/example_dags/example_dataset_alias_with_no_taskflow.py took 3.975 seconds
[2026-07-25T09:09:15.558+0000] {processor.py:186} INFO - Started process (PID=435) to work on /home/airflow/.local/lib/python3.12/site-packages/airflow/example_dags/example_dataset_alias_with_no_taskflow.py
[2026-07-25T09:09:15.559+0000] {processor.py:914} INFO - Processing file /home/airflow/.local/lib/python3.12/site-packages/airflow/example_dags/example_dataset_alias_with_no_taskflow.py for tasks to queue
[2026-07-25T09:09:15.561+0000] {logging_mixin.py:190} INFO - [2026-07-25T09:09:15.560+0000] {dagbag.py:588} INFO - Filling up the DagBag from /home/airflow/.local/lib/python3.12/site-packages/airflow/example_dags/example_dataset_alias_with_no_taskflow.py
[2026-07-25T09:09:19.325+0000] {processor.py:925} INFO - DAG(s) 'dataset_alias_example_alias_producer_with_no_taskflow', 'dataset_s3_bucket_producer_with_no_taskflow', 'dataset_s3_bucket_consumer_with_no_taskflow', 'dataset_alias_example_alias_consumer_with_no_taskflow' retrieved from /home/airflow/.local/lib/python3.12/site-packages/airflow/example_dags/example_dataset_alias_with_no_taskflow.py
[2026-07-25T09:09:19.337+0000] {logging_mixin.py:190} INFO - [2026-07-25T09:09:19.337+0000] {dag.py:3239} INFO - Sync 4 DAGs
[2026-07-25T09:09:19.351+0000] {logging_mixin.py:190} INFO - [2026-07-25T09:09:19.350+0000] {dag.py:4180} INFO - Setting next_dagrun for dataset_alias_example_alias_consumer_with_no_taskflow to None, run_after=None
[2026-07-25T09:09:19.352+0000] {logging_mixin.py:190} INFO - [2026-07-25T09:09:19.352+0000] {dag.py:4180} INFO - Setting next_dagrun for dataset_alias_example_alias_producer_with_no_taskflow to None, run_after=None
[2026-07-25T09:09:19.353+0000] {logging_mixin.py:190} INFO - [2026-07-25T09:09:19.353+0000] {dag.py:4180} INFO - Setting next_dagrun for dataset_s3_bucket_consumer_with_no_taskflow to None, run_after=None
[2026-07-25T09:09:19.354+0000] {logging_mixin.py:190} INFO - [2026-07-25T09:09:19.354+0000] {dag.py:4180} INFO - Setting next_dagrun for dataset_s3_bucket_producer_with_no_taskflow to None, run_after=None
[2026-07-25T09:09:19.368+0000] {processor.py:208} INFO - Processing /home/airflow/.local/lib/python3.12/site-packages/airflow/example_dags/example_dataset_alias_with_no_taskflow.py took 3.814 seconds
[2026-07-25T09:09:49.591+0000] {processor.py:186} INFO - Started process (PID=506) to work on /home/airflow/.local/lib/python3.12/site-packages/airflow/example_dags/example_dataset_alias_with_no_taskflow.py
[2026-07-25T09:09:49.591+0000] {processor.py:914} INFO - Processing file /home/airflow/.local/lib/python3.12/site-packages/airflow/example_dags/example_dataset_alias_with_no_taskflow.py for tasks to queue
[2026-07-25T09:09:49.594+0000] {logging_mixin.py:190} INFO - [2026-07-25T09:09:49.594+0000] {dagbag.py:588} INFO - Filling up the DagBag from /home/airflow/.local/lib/python3.12/site-packages/airflow/example_dags/example_dataset_alias_with_no_taskflow.py
[2026-07-25T09:09:54.077+0000] {processor.py:925} INFO - DAG(s) 'dataset_alias_example_alias_producer_with_no_taskflow', 'dataset_alias_example_alias_consumer_with_no_taskflow', 'dataset_s3_bucket_producer_with_no_taskflow', 'dataset_s3_bucket_consumer_with_no_taskflow' retrieved from /home/airflow/.local/lib/python3.12/site-packages/airflow/example_dags/example_dataset_alias_with_no_taskflow.py
[2026-07-25T09:09:54.089+0000] {logging_mixin.py:190} INFO - [2026-07-25T09:09:54.088+0000] {dag.py:3239} INFO - Sync 4 DAGs
[2026-07-25T09:09:54.100+0000] {logging_mixin.py:190} INFO - [2026-07-25T09:09:54.100+0000] {dag.py:4180} INFO - Setting next_dagrun for dataset_alias_example_alias_consumer_with_no_taskflow to None, run_after=None
[2026-07-25T09:09:54.102+0000] {logging_mixin.py:190} INFO - [2026-07-25T09:09:54.101+0000] {dag.py:4180} INFO - Setting next_dagrun for dataset_alias_example_alias_producer_with_no_taskflow to None, run_after=None
[2026-07-25T09:09:54.103+0000] {logging_mixin.py:190} INFO - [2026-07-25T09:09:54.103+0000] {dag.py:4180} INFO - Setting next_dagrun for dataset_s3_bucket_consumer_with_no_taskflow to None, run_after=None
[2026-07-25T09:09:54.104+0000] {logging_mixin.py:190} INFO - [2026-07-25T09:09:54.104+0000] {dag.py:4180} INFO - Setting next_dagrun for dataset_s3_bucket_producer_with_no_taskflow to None, run_after=None
[2026-07-25T09:09:54.118+0000] {processor.py:208} INFO - Processing /home/airflow/.local/lib/python3.12/site-packages/airflow/example_dags/example_dataset_alias_with_no_taskflow.py took 4.531 seconds
[2026-07-25T09:10:24.780+0000] {processor.py:186} INFO - Started process (PID=588) to work on /home/airflow/.local/lib/python3.12/site-packages/airflow/example_dags/example_dataset_alias_with_no_taskflow.py
[2026-07-25T09:10:24.781+0000] {processor.py:914} INFO - Processing file /home/airflow/.local/lib/python3.12/site-packages/airflow/example_dags/example_dataset_alias_with_no_taskflow.py for tasks to queue
[2026-07-25T09:10:24.782+0000] {logging_mixin.py:190} INFO - [2026-07-25T09:10:24.782+0000] {dagbag.py:588} INFO - Filling up the DagBag from /home/airflow/.local/lib/python3.12/site-packages/airflow/example_dags/example_dataset_alias_with_no_taskflow.py
[2026-07-25T09:10:29.147+0000] {processor.py:925} INFO - DAG(s) 'dataset_alias_example_alias_producer_with_no_taskflow', 'dataset_s3_bucket_producer_with_no_taskflow', 'dataset_alias_example_alias_consumer_with_no_taskflow', 'dataset_s3_bucket_consumer_with_no_taskflow' retrieved from /home/airflow/.local/lib/python3.12/site-packages/airflow/example_dags/example_dataset_alias_with_no_taskflow.py
[2026-07-25T09:10:29.334+0000] {logging_mixin.py:190} INFO - [2026-07-25T09:10:29.334+0000] {dag.py:3239} INFO - Sync 4 DAGs
[2026-07-25T09:10:29.347+0000] {logging_mixin.py:190} INFO - [2026-07-25T09:10:29.347+0000] {dag.py:4180} INFO - Setting next_dagrun for dataset_alias_example_alias_consumer_with_no_taskflow to None, run_after=None
[2026-07-25T09:10:29.349+0000] {logging_mixin.py:190} INFO - [2026-07-25T09:10:29.349+0000] {dag.py:4180} INFO - Setting next_dagrun for dataset_alias_example_alias_producer_with_no_taskflow to None, run_after=None
[2026-07-25T09:10:29.350+0000] {logging_mixin.py:190} INFO - [2026-07-25T09:10:29.350+0000] {dag.py:4180} INFO - Setting next_dagrun for dataset_s3_bucket_consumer_with_no_taskflow to None, run_after=None
[2026-07-25T09:10:29.351+0000] {logging_mixin.py:190} INFO - [2026-07-25T09:10:29.351+0000] {dag.py:4180} INFO - Setting next_dagrun for dataset_s3_bucket_producer_with_no_taskflow to None, run_after=None
[2026-07-25T09:10:29.365+0000] {processor.py:208} INFO - Processing /home/airflow/.local/lib/python3.12/site-packages/airflow/example_dags/example_dataset_alias_with_no_taskflow.py took 4.589 seconds
[2026-07-25T09:11:00.688+0000] {processor.py:186} INFO - Started process (PID=663) to work on /home/airflow/.local/lib/python3.12/site-packages/airflow/example_dags/example_dataset_alias_with_no_taskflow.py
[2026-07-25T09:11:00.689+0000] {processor.py:914} INFO - Processing file /home/airflow/.local/lib/python3.12/site-packages/airflow/example_dags/example_dataset_alias_with_no_taskflow.py for tasks to queue
[2026-07-25T09:11:00.691+0000] {logging_mixin.py:190} INFO - [2026-07-25T09:11:00.690+0000] {dagbag.py:588} INFO - Filling up the DagBag from /home/airflow/.local/lib/python3.12/site-packages/airflow/example_dags/example_dataset_alias_with_no_taskflow.py
[2026-07-25T09:11:05.131+0000] {processor.py:925} INFO - DAG(s) 'dataset_s3_bucket_consumer_with_no_taskflow', 'dataset_s3_bucket_producer_with_no_taskflow', 'dataset_alias_example_alias_consumer_with_no_taskflow', 'dataset_alias_example_alias_producer_with_no_taskflow' retrieved from /home/airflow/.local/lib/python3.12/site-packages/airflow/example_dags/example_dataset_alias_with_no_taskflow.py
[2026-07-25T09:11:05.142+0000] {logging_mixin.py:190} INFO - [2026-07-25T09:11:05.142+0000] {dag.py:3239} INFO - Sync 4 DAGs
[2026-07-25T09:11:05.153+0000] {logging_mixin.py:190} INFO - [2026-07-25T09:11:05.153+0000] {dag.py:4180} INFO - Setting next_dagrun for dataset_alias_example_alias_consumer_with_no_taskflow to None, run_after=None
[2026-07-25T09:11:05.155+0000] {logging_mixin.py:190} INFO - [2026-07-25T09:11:05.155+0000] {dag.py:4180} INFO - Setting next_dagrun for dataset_alias_example_alias_producer_with_no_taskflow to None, run_after=None
[2026-07-25T09:11:05.156+0000] {logging_mixin.py:190} INFO - [2026-07-25T09:11:05.156+0000] {dag.py:4180} INFO - Setting next_dagrun for dataset_s3_bucket_consumer_with_no_taskflow to None, run_after=None
[2026-07-25T09:11:05.157+0000] {logging_mixin.py:190} INFO - [2026-07-25T09:11:05.157+0000] {dag.py:4180} INFO - Setting next_dagrun for dataset_s3_bucket_producer_with_no_taskflow to None, run_after=None
[2026-07-25T09:11:05.169+0000] {processor.py:208} INFO - Processing /home/airflow/.local/lib/python3.12/site-packages/airflow/example_dags/example_dataset_alias_with_no_taskflow.py took 4.485 seconds
[2026-07-25T09:11:35.690+0000] {processor.py:186} INFO - Started process (PID=731) to work on /home/airflow/.local/lib/python3.12/site-packages/airflow/example_dags/example_dataset_alias_with_no_taskflow.py
[2026-07-25T09:11:35.690+0000] {processor.py:914} INFO - Processing file /home/airflow/.local/lib/python3.12/site-packages/airflow/example_dags/example_dataset_alias_with_no_taskflow.py for tasks to queue
[2026-07-25T09:11:35.692+0000] {logging_mixin.py:190} INFO - [2026-07-25T09:11:35.692+0000] {dagbag.py:588} INFO - Filling up the DagBag from /home/airflow/.local/lib/python3.12/site-packages/airflow/example_dags/example_dataset_alias_with_no_taskflow.py
[2026-07-25T09:11:39.652+0000] {processor.py:925} INFO - DAG(s) 'dataset_alias_example_alias_producer_with_no_taskflow', 'dataset_alias_example_alias_consumer_with_no_taskflow', 'dataset_s3_bucket_consumer_with_no_taskflow', 'dataset_s3_bucket_producer_with_no_taskflow' retrieved from /home/airflow/.local/lib/python3.12/site-packages/airflow/example_dags/example_dataset_alias_with_no_taskflow.py
[2026-07-25T09:11:39.664+0000] {logging_mixin.py:190} INFO - [2026-07-25T09:11:39.664+0000] {dag.py:3239} INFO - Sync 4 DAGs
[2026-07-25T09:11:39.677+0000] {logging_mixin.py:190} INFO - [2026-07-25T09:11:39.677+0000] {dag.py:4180} INFO - Setting next_dagrun for dataset_alias_example_alias_consumer_with_no_taskflow to None, run_after=None
[2026-07-25T09:11:39.678+0000] {logging_mixin.py:190} INFO - [2026-07-25T09:11:39.678+0000] {dag.py:4180} INFO - Setting next_dagrun for dataset_alias_example_alias_producer_with_no_taskflow to None, run_after=None
[2026-07-25T09:11:39.679+0000] {logging_mixin.py:190} INFO - [2026-07-25T09:11:39.679+0000] {dag.py:4180} INFO - Setting next_dagrun for dataset_s3_bucket_consumer_with_no_taskflow to None, run_after=None
[2026-07-25T09:11:39.681+0000] {logging_mixin.py:190} INFO - [2026-07-25T09:11:39.681+0000] {dag.py:4180} INFO - Setting next_dagrun for dataset_s3_bucket_producer_with_no_taskflow to None, run_after=None
[2026-07-25T09:11:39.696+0000] {processor.py:208} INFO - Processing /home/airflow/.local/lib/python3.12/site-packages/airflow/example_dags/example_dataset_alias_with_no_taskflow.py took 4.009 seconds
[2026-07-25T09:12:11.610+0000] {processor.py:186} INFO - Started process (PID=800) to work on /home/airflow/.local/lib/python3.12/site-packages/airflow/example_dags/example_dataset_alias_with_no_taskflow.py
[2026-07-25T09:12:11.611+0000] {processor.py:914} INFO - Processing file /home/airflow/.local/lib/python3.12/site-packages/airflow/example_dags/example_dataset_alias_with_no_taskflow.py for tasks to queue
[2026-07-25T09:12:11.613+0000] {logging_mixin.py:190} INFO - [2026-07-25T09:12:11.613+0000] {dagbag.py:588} INFO - Filling up the DagBag from /home/airflow/.local/lib/python3.12/site-packages/airflow/example_dags/example_dataset_alias_with_no_taskflow.py
[2026-07-25T09:12:15.842+0000] {processor.py:925} INFO - DAG(s) 'dataset_s3_bucket_producer_with_no_taskflow', 'dataset_alias_example_alias_producer_with_no_taskflow', 'dataset_alias_example_alias_consumer_with_no_taskflow', 'dataset_s3_bucket_consumer_with_no_taskflow' retrieved from /home/airflow/.local/lib/python3.12/site-packages/airflow/example_dags/example_dataset_alias_with_no_taskflow.py
[2026-07-25T09:12:15.853+0000] {logging_mixin.py:190} INFO - [2026-07-25T09:12:15.853+0000] {dag.py:3239} INFO - Sync 4 DAGs
[2026-07-25T09:12:15.864+0000] {logging_mixin.py:190} INFO - [2026-07-25T09:12:15.864+0000] {dag.py:4180} INFO - Setting next_dagrun for dataset_alias_example_alias_consumer_with_no_taskflow to None, run_after=None
[2026-07-25T09:12:15.866+0000] {logging_mixin.py:190} INFO - [2026-07-25T09:12:15.866+0000] {dag.py:4180} INFO - Setting next_dagrun for dataset_alias_example_alias_producer_with_no_taskflow to None, run_after=None
[2026-07-25T09:12:15.867+0000] {logging_mixin.py:190} INFO - [2026-07-25T09:12:15.867+0000] {dag.py:4180} INFO - Setting next_dagrun for dataset_s3_bucket_consumer_with_no_taskflow to None, run_after=None
[2026-07-25T09:12:15.868+0000] {logging_mixin.py:190} INFO - [2026-07-25T09:12:15.868+0000] {dag.py:4180} INFO - Setting next_dagrun for dataset_s3_bucket_producer_with_no_taskflow to None, run_after=None
[2026-07-25T09:12:15.880+0000] {processor.py:208} INFO - Processing /home/airflow/.local/lib/python3.12/site-packages/airflow/example_dags/example_dataset_alias_with_no_taskflow.py took 4.274 seconds
[2026-07-25T09:12:46.426+0000] {processor.py:186} INFO - Started process (PID=871) to work on /home/airflow/.local/lib/python3.12/site-packages/airflow/example_dags/example_dataset_alias_with_no_taskflow.py
[2026-07-25T09:12:46.427+0000] {processor.py:914} INFO - Processing file /home/airflow/.local/lib/python3.12/site-packages/airflow/example_dags/example_dataset_alias_with_no_taskflow.py for tasks to queue
[2026-07-25T09:12:46.429+0000] {logging_mixin.py:190} INFO - [2026-07-25T09:12:46.429+0000] {dagbag.py:588} INFO - Filling up the DagBag from /home/airflow/.local/lib/python3.12/site-packages/airflow/example_dags/example_dataset_alias_with_no_taskflow.py
[2026-07-25T09:12:50.708+0000] {processor.py:925} INFO - DAG(s) 'dataset_s3_bucket_producer_with_no_taskflow', 'dataset_alias_example_alias_consumer_with_no_taskflow', 'dataset_alias_example_alias_producer_with_no_taskflow', 'dataset_s3_bucket_consumer_with_no_taskflow' retrieved from /home/airflow/.local/lib/python3.12/site-packages/airflow/example_dags/example_dataset_alias_with_no_taskflow.py
[2026-07-25T09:12:50.720+0000] {logging_mixin.py:190} INFO - [2026-07-25T09:12:50.720+0000] {dag.py:3239} INFO - Sync 4 DAGs
[2026-07-25T09:12:50.732+0000] {logging_mixin.py:190} INFO - [2026-07-25T09:12:50.732+0000] {dag.py:4180} INFO - Setting next_dagrun for dataset_alias_example_alias_consumer_with_no_taskflow to None, run_after=None
[2026-07-25T09:12:50.734+0000] {logging_mixin.py:190} INFO - [2026-07-25T09:12:50.734+0000] {dag.py:4180} INFO - Setting next_dagrun for dataset_alias_example_alias_producer_with_no_taskflow to None, run_after=None
[2026-07-25T09:12:50.735+0000] {logging_mixin.py:190} INFO - [2026-07-25T09:12:50.735+0000] {dag.py:4180} INFO - Setting next_dagrun for dataset_s3_bucket_consumer_with_no_taskflow to None, run_after=None
[2026-07-25T09:12:50.736+0000] {logging_mixin.py:190} INFO - [2026-07-25T09:12:50.736+0000] {dag.py:4180} INFO - Setting next_dagrun for dataset_s3_bucket_producer_with_no_taskflow to None, run_after=None
[2026-07-25T09:12:50.750+0000] {processor.py:208} INFO - Processing /home/airflow/.local/lib/python3.12/site-packages/airflow/example_dags/example_dataset_alias_with_no_taskflow.py took 4.327 seconds
[2026-07-25T09:13:21.057+0000] {processor.py:186} INFO - Started process (PID=937) to work on /home/airflow/.local/lib/python3.12/site-packages/airflow/example_dags/example_dataset_alias_with_no_taskflow.py
[2026-07-25T09:13:21.057+0000] {processor.py:914} INFO - Processing file /home/airflow/.local/lib/python3.12/site-packages/airflow/example_dags/example_dataset_alias_with_no_taskflow.py for tasks to queue
[2026-07-25T09:13:21.060+0000] {logging_mixin.py:190} INFO - [2026-07-25T09:13:21.059+0000] {dagbag.py:588} INFO - Filling up the DagBag from /home/airflow/.local/lib/python3.12/site-packages/airflow/example_dags/example_dataset_alias_with_no_taskflow.py
[2026-07-25T09:13:25.428+0000] {processor.py:925} INFO - DAG(s) 'dataset_alias_example_alias_producer_with_no_taskflow', 'dataset_alias_example_alias_consumer_with_no_taskflow', 'dataset_s3_bucket_producer_with_no_taskflow', 'dataset_s3_bucket_consumer_with_no_taskflow' retrieved from /home/airflow/.local/lib/python3.12/site-packages/airflow/example_dags/example_dataset_alias_with_no_taskflow.py
[2026-07-25T09:13:25.440+0000] {logging_mixin.py:190} INFO - [2026-07-25T09:13:25.439+0000] {dag.py:3239} INFO - Sync 4 DAGs
[2026-07-25T09:13:25.451+0000] {logging_mixin.py:190} INFO - [2026-07-25T09:13:25.451+0000] {dag.py:4180} INFO - Setting next_dagrun for dataset_alias_example_alias_consumer_with_no_taskflow to None, run_after=None
[2026-07-25T09:13:25.453+0000] {logging_mixin.py:190} INFO - [2026-07-25T09:13:25.453+0000] {dag.py:4180} INFO - Setting next_dagrun for dataset_alias_example_alias_producer_with_no_taskflow to None, run_after=None
[2026-07-25T09:13:25.455+0000] {logging_mixin.py:190} INFO - [2026-07-25T09:13:25.454+0000] {dag.py:4180} INFO - Setting next_dagrun for dataset_s3_bucket_consumer_with_no_taskflow to None, run_after=None
[2026-07-25T09:13:25.456+0000] {logging_mixin.py:190} INFO - [2026-07-25T09:13:25.455+0000] {dag.py:4180} INFO - Setting next_dagrun for dataset_s3_bucket_producer_with_no_taskflow to None, run_after=None
[2026-07-25T09:13:25.467+0000] {processor.py:208} INFO - Processing /home/airflow/.local/lib/python3.12/site-packages/airflow/example_dags/example_dataset_alias_with_no_taskflow.py took 4.414 seconds
[2026-07-25T09:13:55.593+0000] {processor.py:186} INFO - Started process (PID=1014) to work on /home/airflow/.local/lib/python3.12/site-packages/airflow/example_dags/example_dataset_alias_with_no_taskflow.py
[2026-07-25T09:13:55.594+0000] {processor.py:914} INFO - Processing file /home/airflow/.local/lib/python3.12/site-packages/airflow/example_dags/example_dataset_alias_with_no_taskflow.py for tasks to queue
[2026-07-25T09:13:55.595+0000] {logging_mixin.py:190} INFO - [2026-07-25T09:13:55.595+0000] {dagbag.py:588} INFO - Filling up the DagBag from /home/airflow/.local/lib/python3.12/site-packages/airflow/example_dags/example_dataset_alias_with_no_taskflow.py
[2026-07-25T09:13:59.714+0000] {processor.py:925} INFO - DAG(s) 'dataset_s3_bucket_consumer_with_no_taskflow', 'dataset_alias_example_alias_producer_with_no_taskflow', 'dataset_alias_example_alias_consumer_with_no_taskflow', 'dataset_s3_bucket_producer_with_no_taskflow' retrieved from /home/airflow/.local/lib/python3.12/site-packages/airflow/example_dags/example_dataset_alias_with_no_taskflow.py
[2026-07-25T09:13:59.726+0000] {logging_mixin.py:190} INFO - [2026-07-25T09:13:59.726+0000] {dag.py:3239} INFO - Sync 4 DAGs
[2026-07-25T09:13:59.739+0000] {logging_mixin.py:190} INFO - [2026-07-25T09:13:59.739+0000] {dag.py:4180} INFO - Setting next_dagrun for dataset_alias_example_alias_consumer_with_no_taskflow to None, run_after=None
[2026-07-25T09:13:59.740+0000] {logging_mixin.py:190} INFO - [2026-07-25T09:13:59.740+0000] {dag.py:4180} INFO - Setting next_dagrun for dataset_alias_example_alias_producer_with_no_taskflow to None, run_after=None
[2026-07-25T09:13:59.741+0000] {logging_mixin.py:190} INFO - [2026-07-25T09:13:59.741+0000] {dag.py:4180} INFO - Setting next_dagrun for dataset_s3_bucket_consumer_with_no_taskflow to None, run_after=None
[2026-07-25T09:13:59.743+0000] {logging_mixin.py:190} INFO - [2026-07-25T09:13:59.742+0000] {dag.py:4180} INFO - Setting next_dagrun for dataset_s3_bucket_producer_with_no_taskflow to None, run_after=None
[2026-07-25T09:13:59.755+0000] {processor.py:208} INFO - Processing /home/airflow/.local/lib/python3.12/site-packages/airflow/example_dags/example_dataset_alias_with_no_taskflow.py took 4.166 seconds
[2026-07-25T09:14:31.074+0000] {processor.py:186} INFO - Started process (PID=1088) to work on /home/airflow/.local/lib/python3.12/site-packages/airflow/example_dags/example_dataset_alias_with_no_taskflow.py
[2026-07-25T09:14:31.075+0000] {processor.py:914} INFO - Processing file /home/airflow/.local/lib/python3.12/site-packages/airflow/example_dags/example_dataset_alias_with_no_taskflow.py for tasks to queue
[2026-07-25T09:14:31.077+0000] {logging_mixin.py:190} INFO - [2026-07-25T09:14:31.076+0000] {dagbag.py:588} INFO - Filling up the DagBag from /home/airflow/.local/lib/python3.12/site-packages/airflow/example_dags/example_dataset_alias_with_no_taskflow.py
[2026-07-25T09:14:34.909+0000] {processor.py:925} INFO - DAG(s) 'dataset_s3_bucket_producer_with_no_taskflow', 'dataset_alias_example_alias_producer_with_no_taskflow', 'dataset_s3_bucket_consumer_with_no_taskflow', 'dataset_alias_example_alias_consumer_with_no_taskflow' retrieved from /home/airflow/.local/lib/python3.12/site-packages/airflow/example_dags/example_dataset_alias_with_no_taskflow.py
[2026-07-25T09:14:34.919+0000] {logging_mixin.py:190} INFO - [2026-07-25T09:14:34.919+0000] {dag.py:3239} INFO - Sync 4 DAGs
[2026-07-25T09:14:34.930+0000] {logging_mixin.py:190} INFO - [2026-07-25T09:14:34.930+0000] {dag.py:4180} INFO - Setting next_dagrun for dataset_alias_example_alias_consumer_with_no_taskflow to None, run_after=None
[2026-07-25T09:14:34.932+0000] {logging_mixin.py:190} INFO - [2026-07-25T09:14:34.932+0000] {dag.py:4180} INFO - Setting next_dagrun for dataset_alias_example_alias_producer_with_no_taskflow to None, run_after=None
[2026-07-25T09:14:34.933+0000] {logging_mixin.py:190} INFO - [2026-07-25T09:14:34.933+0000] {dag.py:4180} INFO - Setting next_dagrun for dataset_s3_bucket_consumer_with_no_taskflow to None, run_after=None
[2026-07-25T09:14:34.934+0000] {logging_mixin.py:190} INFO - [2026-07-25T09:14:34.934+0000] {dag.py:4180} INFO - Setting next_dagrun for dataset_s3_bucket_producer_with_no_taskflow to None, run_after=None
[2026-07-25T09:14:34.946+0000] {processor.py:208} INFO - Processing /home/airflow/.local/lib/python3.12/site-packages/airflow/example_dags/example_dataset_alias_with_no_taskflow.py took 3.875 seconds
[2026-07-25T09:15:41.921+0000] {processor.py:186} INFO - Started process (PID=112) to work on /home/airflow/.local/lib/python3.12/site-packages/airflow/example_dags/example_dataset_alias_with_no_taskflow.py
[2026-07-25T09:15:41.922+0000] {processor.py:914} INFO - Processing file /home/airflow/.local/lib/python3.12/site-packages/airflow/example_dags/example_dataset_alias_with_no_taskflow.py for tasks to queue
[2026-07-25T09:15:41.924+0000] {logging_mixin.py:190} INFO - [2026-07-25T09:15:41.924+0000] {dagbag.py:588} INFO - Filling up the DagBag from /home/airflow/.local/lib/python3.12/site-packages/airflow/example_dags/example_dataset_alias_with_no_taskflow.py
[2026-07-25T09:15:46.164+0000] {processor.py:925} INFO - DAG(s) 'dataset_alias_example_alias_consumer_with_no_taskflow', 'dataset_alias_example_alias_producer_with_no_taskflow', 'dataset_s3_bucket_producer_with_no_taskflow', 'dataset_s3_bucket_consumer_with_no_taskflow' retrieved from /home/airflow/.local/lib/python3.12/site-packages/airflow/example_dags/example_dataset_alias_with_no_taskflow.py
[2026-07-25T09:15:46.175+0000] {logging_mixin.py:190} INFO - [2026-07-25T09:15:46.175+0000] {dag.py:3239} INFO - Sync 4 DAGs
[2026-07-25T09:15:46.187+0000] {logging_mixin.py:190} INFO - [2026-07-25T09:15:46.187+0000] {dag.py:4180} INFO - Setting next_dagrun for dataset_alias_example_alias_consumer_with_no_taskflow to None, run_after=None
[2026-07-25T09:15:46.188+0000] {logging_mixin.py:190} INFO - [2026-07-25T09:15:46.188+0000] {dag.py:4180} INFO - Setting next_dagrun for dataset_alias_example_alias_producer_with_no_taskflow to None, run_after=None
[2026-07-25T09:15:46.189+0000] {logging_mixin.py:190} INFO - [2026-07-25T09:15:46.189+0000] {dag.py:4180} INFO - Setting next_dagrun for dataset_s3_bucket_consumer_with_no_taskflow to None, run_after=None
[2026-07-25T09:15:46.190+0000] {logging_mixin.py:190} INFO - [2026-07-25T09:15:46.190+0000] {dag.py:4180} INFO - Setting next_dagrun for dataset_s3_bucket_producer_with_no_taskflow to None, run_after=None
[2026-07-25T09:15:46.203+0000] {processor.py:208} INFO - Processing /home/airflow/.local/lib/python3.12/site-packages/airflow/example_dags/example_dataset_alias_with_no_taskflow.py took 4.286 seconds
[2026-07-25T09:16:16.848+0000] {processor.py:186} INFO - Started process (PID=186) to work on /home/airflow/.local/lib/python3.12/site-packages/airflow/example_dags/example_dataset_alias_with_no_taskflow.py
[2026-07-25T09:16:16.849+0000] {processor.py:914} INFO - Processing file /home/airflow/.local/lib/python3.12/site-packages/airflow/example_dags/example_dataset_alias_with_no_taskflow.py for tasks to queue
[2026-07-25T09:16:16.851+0000] {logging_mixin.py:190} INFO - [2026-07-25T09:16:16.851+0000] {dagbag.py:588} INFO - Filling up the DagBag from /home/airflow/.local/lib/python3.12/site-packages/airflow/example_dags/example_dataset_alias_with_no_taskflow.py
[2026-07-25T09:16:21.477+0000] {processor.py:925} INFO - DAG(s) 'dataset_alias_example_alias_consumer_with_no_taskflow', 'dataset_alias_example_alias_producer_with_no_taskflow', 'dataset_s3_bucket_producer_with_no_taskflow', 'dataset_s3_bucket_consumer_with_no_taskflow' retrieved from /home/airflow/.local/lib/python3.12/site-packages/airflow/example_dags/example_dataset_alias_with_no_taskflow.py
[2026-07-25T09:16:21.488+0000] {logging_mixin.py:190} INFO - [2026-07-25T09:16:21.488+0000] {dag.py:3239} INFO - Sync 4 DAGs
[2026-07-25T09:16:21.500+0000] {logging_mixin.py:190} INFO - [2026-07-25T09:16:21.500+0000] {dag.py:4180} INFO - Setting next_dagrun for dataset_alias_example_alias_consumer_with_no_taskflow to None, run_after=None
[2026-07-25T09:16:21.502+0000] {logging_mixin.py:190} INFO - [2026-07-25T09:16:21.502+0000] {dag.py:4180} INFO - Setting next_dagrun for dataset_alias_example_alias_producer_with_no_taskflow to None, run_after=None
[2026-07-25T09:16:21.503+0000] {logging_mixin.py:190} INFO - [2026-07-25T09:16:21.503+0000] {dag.py:4180} INFO - Setting next_dagrun for dataset_s3_bucket_consumer_with_no_taskflow to None, run_after=None
[2026-07-25T09:16:21.504+0000] {logging_mixin.py:190} INFO - [2026-07-25T09:16:21.504+0000] {dag.py:4180} INFO - Setting next_dagrun for dataset_s3_bucket_producer_with_no_taskflow to None, run_after=None
[2026-07-25T09:16:21.516+0000] {processor.py:208} INFO - Processing /home/airflow/.local/lib/python3.12/site-packages/airflow/example_dags/example_dataset_alias_with_no_taskflow.py took 4.672 seconds
[2026-07-25T09:16:52.168+0000] {processor.py:186} INFO - Started process (PID=249) to work on /home/airflow/.local/lib/python3.12/site-packages/airflow/example_dags/example_dataset_alias_with_no_taskflow.py
[2026-07-25T09:16:52.169+0000] {processor.py:914} INFO - Processing file /home/airflow/.local/lib/python3.12/site-packages/airflow/example_dags/example_dataset_alias_with_no_taskflow.py for tasks to queue
[2026-07-25T09:16:52.171+0000] {logging_mixin.py:190} INFO - [2026-07-25T09:16:52.170+0000] {dagbag.py:588} INFO - Filling up the DagBag from /home/airflow/.local/lib/python3.12/site-packages/airflow/example_dags/example_dataset_alias_with_no_taskflow.py
[2026-07-25T09:16:56.361+0000] {processor.py:925} INFO - DAG(s) 'dataset_s3_bucket_producer_with_no_taskflow', 'dataset_s3_bucket_consumer_with_no_taskflow', 'dataset_alias_example_alias_producer_with_no_taskflow', 'dataset_alias_example_alias_consumer_with_no_taskflow' retrieved from /home/airflow/.local/lib/python3.12/site-packages/airflow/example_dags/example_dataset_alias_with_no_taskflow.py
[2026-07-25T09:16:56.371+0000] {logging_mixin.py:190} INFO - [2026-07-25T09:16:56.371+0000] {dag.py:3239} INFO - Sync 4 DAGs
[2026-07-25T09:16:56.383+0000] {logging_mixin.py:190} INFO - [2026-07-25T09:16:56.383+0000] {dag.py:4180} INFO - Setting next_dagrun for dataset_alias_example_alias_consumer_with_no_taskflow to None, run_after=None
[2026-07-25T09:16:56.384+0000] {logging_mixin.py:190} INFO - [2026-07-25T09:16:56.384+0000] {dag.py:4180} INFO - Setting next_dagrun for dataset_alias_example_alias_producer_with_no_taskflow to None, run_after=None
[2026-07-25T09:16:56.385+0000] {logging_mixin.py:190} INFO - [2026-07-25T09:16:56.385+0000] {dag.py:4180} INFO - Setting next_dagrun for dataset_s3_bucket_consumer_with_no_taskflow to None, run_after=None
[2026-07-25T09:16:56.386+0000] {logging_mixin.py:190} INFO - [2026-07-25T09:16:56.386+0000] {dag.py:4180} INFO - Setting next_dagrun for dataset_s3_bucket_producer_with_no_taskflow to None, run_after=None
[2026-07-25T09:16:56.399+0000] {processor.py:208} INFO - Processing /home/airflow/.local/lib/python3.12/site-packages/airflow/example_dags/example_dataset_alias_with_no_taskflow.py took 4.234 seconds
[2026-07-25T09:17:26.577+0000] {processor.py:186} INFO - Started process (PID=312) to work on /home/airflow/.local/lib/python3.12/site-packages/airflow/example_dags/example_dataset_alias_with_no_taskflow.py
[2026-07-25T09:17:26.578+0000] {processor.py:914} INFO - Processing file /home/airflow/.local/lib/python3.12/site-packages/airflow/example_dags/example_dataset_alias_with_no_taskflow.py for tasks to queue
[2026-07-25T09:17:26.581+0000] {logging_mixin.py:190} INFO - [2026-07-25T09:17:26.580+0000] {dagbag.py:588} INFO - Filling up the DagBag from /home/airflow/.local/lib/python3.12/site-packages/airflow/example_dags/example_dataset_alias_with_no_taskflow.py
[2026-07-25T09:17:30.874+0000] {processor.py:925} INFO - DAG(s) 'dataset_s3_bucket_consumer_with_no_taskflow', 'dataset_alias_example_alias_consumer_with_no_taskflow', 'dataset_s3_bucket_producer_with_no_taskflow', 'dataset_alias_example_alias_producer_with_no_taskflow' retrieved from /home/airflow/.local/lib/python3.12/site-packages/airflow/example_dags/example_dataset_alias_with_no_taskflow.py
[2026-07-25T09:17:30.885+0000] {logging_mixin.py:190} INFO - [2026-07-25T09:17:30.885+0000] {dag.py:3239} INFO - Sync 4 DAGs
[2026-07-25T09:17:30.897+0000] {logging_mixin.py:190} INFO - [2026-07-25T09:17:30.896+0000] {dag.py:4180} INFO - Setting next_dagrun for dataset_alias_example_alias_consumer_with_no_taskflow to None, run_after=None
[2026-07-25T09:17:30.898+0000] {logging_mixin.py:190} INFO - [2026-07-25T09:17:30.898+0000] {dag.py:4180} INFO - Setting next_dagrun for dataset_alias_example_alias_producer_with_no_taskflow to None, run_after=None
[2026-07-25T09:17:30.899+0000] {logging_mixin.py:190} INFO - [2026-07-25T09:17:30.899+0000] {dag.py:4180} INFO - Setting next_dagrun for dataset_s3_bucket_consumer_with_no_taskflow to None, run_after=None
[2026-07-25T09:17:30.900+0000] {logging_mixin.py:190} INFO - [2026-07-25T09:17:30.900+0000] {dag.py:4180} INFO - Setting next_dagrun for dataset_s3_bucket_producer_with_no_taskflow to None, run_after=None
[2026-07-25T09:17:30.916+0000] {processor.py:208} INFO - Processing /home/airflow/.local/lib/python3.12/site-packages/airflow/example_dags/example_dataset_alias_with_no_taskflow.py took 4.344 seconds
[2026-07-25T09:18:01.752+0000] {processor.py:186} INFO - Started process (PID=375) to work on /home/airflow/.local/lib/python3.12/site-packages/airflow/example_dags/example_dataset_alias_with_no_taskflow.py
[2026-07-25T09:18:01.753+0000] {processor.py:914} INFO - Processing file /home/airflow/.local/lib/python3.12/site-packages/airflow/example_dags/example_dataset_alias_with_no_taskflow.py for tasks to queue
[2026-07-25T09:18:01.755+0000] {logging_mixin.py:190} INFO - [2026-07-25T09:18:01.754+0000] {dagbag.py:588} INFO - Filling up the DagBag from /home/airflow/.local/lib/python3.12/site-packages/airflow/example_dags/example_dataset_alias_with_no_taskflow.py
[2026-07-25T09:18:05.512+0000] {processor.py:925} INFO - DAG(s) 'dataset_alias_example_alias_consumer_with_no_taskflow', 'dataset_s3_bucket_consumer_with_no_taskflow', 'dataset_s3_bucket_producer_with_no_taskflow', 'dataset_alias_example_alias_producer_with_no_taskflow' retrieved from /home/airflow/.local/lib/python3.12/site-packages/airflow/example_dags/example_dataset_alias_with_no_taskflow.py
[2026-07-25T09:18:05.685+0000] {logging_mixin.py:190} INFO - [2026-07-25T09:18:05.685+0000] {dag.py:3239} INFO - Sync 4 DAGs
[2026-07-25T09:18:05.697+0000] {logging_mixin.py:190} INFO - [2026-07-25T09:18:05.697+0000] {dag.py:4180} INFO - Setting next_dagrun for dataset_alias_example_alias_consumer_with_no_taskflow to None, run_after=None
[2026-07-25T09:18:05.699+0000] {logging_mixin.py:190} INFO - [2026-07-25T09:18:05.699+0000] {dag.py:4180} INFO - Setting next_dagrun for dataset_alias_example_alias_producer_with_no_taskflow to None, run_after=None
[2026-07-25T09:18:05.700+0000] {logging_mixin.py:190} INFO - [2026-07-25T09:18:05.700+0000] {dag.py:4180} INFO - Setting next_dagrun for dataset_s3_bucket_consumer_with_no_taskflow to None, run_after=None
[2026-07-25T09:18:05.701+0000] {logging_mixin.py:190} INFO - [2026-07-25T09:18:05.701+0000] {dag.py:4180} INFO - Setting next_dagrun for dataset_s3_bucket_producer_with_no_taskflow to None, run_after=None
[2026-07-25T09:18:05.713+0000] {processor.py:208} INFO - Processing /home/airflow/.local/lib/python3.12/site-packages/airflow/example_dags/example_dataset_alias_with_no_taskflow.py took 3.965 seconds
[2026-07-25T09:18:36.761+0000] {processor.py:186} INFO - Started process (PID=456) to work on /home/airflow/.local/lib/python3.12/site-packages/airflow/example_dags/example_dataset_alias_with_no_taskflow.py
[2026-07-25T09:18:36.762+0000] {processor.py:914} INFO - Processing file /home/airflow/.local/lib/python3.12/site-packages/airflow/example_dags/example_dataset_alias_with_no_taskflow.py for tasks to queue
[2026-07-25T09:18:36.763+0000] {logging_mixin.py:190} INFO - [2026-07-25T09:18:36.763+0000] {dagbag.py:588} INFO - Filling up the DagBag from /home/airflow/.local/lib/python3.12/site-packages/airflow/example_dags/example_dataset_alias_with_no_taskflow.py
[2026-07-25T09:18:41.051+0000] {processor.py:925} INFO - DAG(s) 'dataset_s3_bucket_consumer_with_no_taskflow', 'dataset_s3_bucket_producer_with_no_taskflow', 'dataset_alias_example_alias_producer_with_no_taskflow', 'dataset_alias_example_alias_consumer_with_no_taskflow' retrieved from /home/airflow/.local/lib/python3.12/site-packages/airflow/example_dags/example_dataset_alias_with_no_taskflow.py
[2026-07-25T09:18:41.063+0000] {logging_mixin.py:190} INFO - [2026-07-25T09:18:41.062+0000] {dag.py:3239} INFO - Sync 4 DAGs
[2026-07-25T09:18:41.075+0000] {logging_mixin.py:190} INFO - [2026-07-25T09:18:41.074+0000] {dag.py:4180} INFO - Setting next_dagrun for dataset_alias_example_alias_consumer_with_no_taskflow to None, run_after=None
[2026-07-25T09:18:41.076+0000] {logging_mixin.py:190} INFO - [2026-07-25T09:18:41.076+0000] {dag.py:4180} INFO - Setting next_dagrun for dataset_alias_example_alias_producer_with_no_taskflow to None, run_after=None
[2026-07-25T09:18:41.077+0000] {logging_mixin.py:190} INFO - [2026-07-25T09:18:41.077+0000] {dag.py:4180} INFO - Setting next_dagrun for dataset_s3_bucket_consumer_with_no_taskflow to None, run_after=None
[2026-07-25T09:18:41.078+0000] {logging_mixin.py:190} INFO - [2026-07-25T09:18:41.078+0000] {dag.py:4180} INFO - Setting next_dagrun for dataset_s3_bucket_producer_with_no_taskflow to None, run_after=None
[2026-07-25T09:18:41.093+0000] {processor.py:208} INFO - Processing /home/airflow/.local/lib/python3.12/site-packages/airflow/example_dags/example_dataset_alias_with_no_taskflow.py took 4.336 seconds
[2026-07-25T09:19:12.101+0000] {processor.py:186} INFO - Started process (PID=530) to work on /home/airflow/.local/lib/python3.12/site-packages/airflow/example_dags/example_dataset_alias_with_no_taskflow.py
[2026-07-25T09:19:12.101+0000] {processor.py:914} INFO - Processing file /home/airflow/.local/lib/python3.12/site-packages/airflow/example_dags/example_dataset_alias_with_no_taskflow.py for tasks to queue
[2026-07-25T09:19:12.104+0000] {logging_mixin.py:190} INFO - [2026-07-25T09:19:12.103+0000] {dagbag.py:588} INFO - Filling up the DagBag from /home/airflow/.local/lib/python3.12/site-packages/airflow/example_dags/example_dataset_alias_with_no_taskflow.py
[2026-07-25T09:19:16.375+0000] {processor.py:925} INFO - DAG(s) 'dataset_s3_bucket_producer_with_no_taskflow', 'dataset_s3_bucket_consumer_with_no_taskflow', 'dataset_alias_example_alias_consumer_with_no_taskflow', 'dataset_alias_example_alias_producer_with_no_taskflow' retrieved from /home/airflow/.local/lib/python3.12/site-packages/airflow/example_dags/example_dataset_alias_with_no_taskflow.py
[2026-07-25T09:19:16.386+0000] {logging_mixin.py:190} INFO - [2026-07-25T09:19:16.386+0000] {dag.py:3239} INFO - Sync 4 DAGs
[2026-07-25T09:19:16.398+0000] {logging_mixin.py:190} INFO - [2026-07-25T09:19:16.398+0000] {dag.py:4180} INFO - Setting next_dagrun for dataset_alias_example_alias_consumer_with_no_taskflow to None, run_after=None
[2026-07-25T09:19:16.400+0000] {logging_mixin.py:190} INFO - [2026-07-25T09:19:16.400+0000] {dag.py:4180} INFO - Setting next_dagrun for dataset_alias_example_alias_producer_with_no_taskflow to None, run_after=None
[2026-07-25T09:19:16.401+0000] {logging_mixin.py:190} INFO - [2026-07-25T09:19:16.401+0000] {dag.py:4180} INFO - Setting next_dagrun for dataset_s3_bucket_consumer_with_no_taskflow to None, run_after=None
[2026-07-25T09:19:16.402+0000] {logging_mixin.py:190} INFO - [2026-07-25T09:19:16.402+0000] {dag.py:4180} INFO - Setting next_dagrun for dataset_s3_bucket_producer_with_no_taskflow to None, run_after=None
[2026-07-25T09:19:16.414+0000] {processor.py:208} INFO - Processing /home/airflow/.local/lib/python3.12/site-packages/airflow/example_dags/example_dataset_alias_with_no_taskflow.py took 4.317 seconds
[2026-07-25T09:20:54.710+0000] {processor.py:186} INFO - Started process (PID=112) to work on /home/airflow/.local/lib/python3.12/site-packages/airflow/example_dags/example_dataset_alias_with_no_taskflow.py
[2026-07-25T09:20:54.711+0000] {processor.py:914} INFO - Processing file /home/airflow/.local/lib/python3.12/site-packages/airflow/example_dags/example_dataset_alias_with_no_taskflow.py for tasks to queue
[2026-07-25T09:20:54.713+0000] {logging_mixin.py:190} INFO - [2026-07-25T09:20:54.713+0000] {dagbag.py:588} INFO - Filling up the DagBag from /home/airflow/.local/lib/python3.12/site-packages/airflow/example_dags/example_dataset_alias_with_no_taskflow.py
[2026-07-25T09:20:59.186+0000] {processor.py:925} INFO - DAG(s) 'dataset_alias_example_alias_producer_with_no_taskflow', 'dataset_s3_bucket_producer_with_no_taskflow', 'dataset_s3_bucket_consumer_with_no_taskflow', 'dataset_alias_example_alias_consumer_with_no_taskflow' retrieved from /home/airflow/.local/lib/python3.12/site-packages/airflow/example_dags/example_dataset_alias_with_no_taskflow.py
[2026-07-25T09:20:59.198+0000] {logging_mixin.py:190} INFO - [2026-07-25T09:20:59.197+0000] {dag.py:3239} INFO - Sync 4 DAGs
[2026-07-25T09:20:59.209+0000] {logging_mixin.py:190} INFO - [2026-07-25T09:20:59.209+0000] {dag.py:4180} INFO - Setting next_dagrun for dataset_alias_example_alias_consumer_with_no_taskflow to None, run_after=None
[2026-07-25T09:20:59.211+0000] {logging_mixin.py:190} INFO - [2026-07-25T09:20:59.211+0000] {dag.py:4180} INFO - Setting next_dagrun for dataset_alias_example_alias_producer_with_no_taskflow to None, run_after=None
[2026-07-25T09:20:59.212+0000] {logging_mixin.py:190} INFO - [2026-07-25T09:20:59.212+0000] {dag.py:4180} INFO - Setting next_dagrun for dataset_s3_bucket_consumer_with_no_taskflow to None, run_after=None
[2026-07-25T09:20:59.213+0000] {logging_mixin.py:190} INFO - [2026-07-25T09:20:59.213+0000] {dag.py:4180} INFO - Setting next_dagrun for dataset_s3_bucket_producer_with_no_taskflow to None, run_after=None
[2026-07-25T09:20:59.226+0000] {processor.py:208} INFO - Processing /home/airflow/.local/lib/python3.12/site-packages/airflow/example_dags/example_dataset_alias_with_no_taskflow.py took 4.519 seconds
[2026-07-25T09:21:29.403+0000] {processor.py:186} INFO - Started process (PID=186) to work on /home/airflow/.local/lib/python3.12/site-packages/airflow/example_dags/example_dataset_alias_with_no_taskflow.py
[2026-07-25T09:21:29.404+0000] {processor.py:914} INFO - Processing file /home/airflow/.local/lib/python3.12/site-packages/airflow/example_dags/example_dataset_alias_with_no_taskflow.py for tasks to queue
[2026-07-25T09:21:29.405+0000] {logging_mixin.py:190} INFO - [2026-07-25T09:21:29.405+0000] {dagbag.py:588} INFO - Filling up the DagBag from /home/airflow/.local/lib/python3.12/site-packages/airflow/example_dags/example_dataset_alias_with_no_taskflow.py
[2026-07-25T09:21:33.748+0000] {processor.py:925} INFO - DAG(s) 'dataset_s3_bucket_producer_with_no_taskflow', 'dataset_alias_example_alias_consumer_with_no_taskflow', 'dataset_s3_bucket_consumer_with_no_taskflow', 'dataset_alias_example_alias_producer_with_no_taskflow' retrieved from /home/airflow/.local/lib/python3.12/site-packages/airflow/example_dags/example_dataset_alias_with_no_taskflow.py
[2026-07-25T09:21:33.759+0000] {logging_mixin.py:190} INFO - [2026-07-25T09:21:33.759+0000] {dag.py:3239} INFO - Sync 4 DAGs
[2026-07-25T09:21:33.771+0000] {logging_mixin.py:190} INFO - [2026-07-25T09:21:33.771+0000] {dag.py:4180} INFO - Setting next_dagrun for dataset_alias_example_alias_consumer_with_no_taskflow to None, run_after=None
[2026-07-25T09:21:33.773+0000] {logging_mixin.py:190} INFO - [2026-07-25T09:21:33.773+0000] {dag.py:4180} INFO - Setting next_dagrun for dataset_alias_example_alias_producer_with_no_taskflow to None, run_after=None
[2026-07-25T09:21:33.774+0000] {logging_mixin.py:190} INFO - [2026-07-25T09:21:33.774+0000] {dag.py:4180} INFO - Setting next_dagrun for dataset_s3_bucket_consumer_with_no_taskflow to None, run_after=None
[2026-07-25T09:21:33.775+0000] {logging_mixin.py:190} INFO - [2026-07-25T09:21:33.775+0000] {dag.py:4180} INFO - Setting next_dagrun for dataset_s3_bucket_producer_with_no_taskflow to None, run_after=None
[2026-07-25T09:21:33.788+0000] {processor.py:208} INFO - Processing /home/airflow/.local/lib/python3.12/site-packages/airflow/example_dags/example_dataset_alias_with_no_taskflow.py took 4.390 seconds
[2026-07-25T09:22:04.151+0000] {processor.py:186} INFO - Started process (PID=249) to work on /home/airflow/.local/lib/python3.12/site-packages/airflow/example_dags/example_dataset_alias_with_no_taskflow.py
[2026-07-25T09:22:04.152+0000] {processor.py:914} INFO - Processing file /home/airflow/.local/lib/python3.12/site-packages/airflow/example_dags/example_dataset_alias_with_no_taskflow.py for tasks to queue
[2026-07-25T09:22:04.154+0000] {logging_mixin.py:190} INFO - [2026-07-25T09:22:04.153+0000] {dagbag.py:588} INFO - Filling up the DagBag from /home/airflow/.local/lib/python3.12/site-packages/airflow/example_dags/example_dataset_alias_with_no_taskflow.py
[2026-07-25T09:22:08.530+0000] {processor.py:925} INFO - DAG(s) 'dataset_alias_example_alias_consumer_with_no_taskflow', 'dataset_alias_example_alias_producer_with_no_taskflow', 'dataset_s3_bucket_producer_with_no_taskflow', 'dataset_s3_bucket_consumer_with_no_taskflow' retrieved from /home/airflow/.local/lib/python3.12/site-packages/airflow/example_dags/example_dataset_alias_with_no_taskflow.py
[2026-07-25T09:22:08.542+0000] {logging_mixin.py:190} INFO - [2026-07-25T09:22:08.541+0000] {dag.py:3239} INFO - Sync 4 DAGs
[2026-07-25T09:22:08.553+0000] {logging_mixin.py:190} INFO - [2026-07-25T09:22:08.553+0000] {dag.py:4180} INFO - Setting next_dagrun for dataset_alias_example_alias_consumer_with_no_taskflow to None, run_after=None
[2026-07-25T09:22:08.555+0000] {logging_mixin.py:190} INFO - [2026-07-25T09:22:08.555+0000] {dag.py:4180} INFO - Setting next_dagrun for dataset_alias_example_alias_producer_with_no_taskflow to None, run_after=None
[2026-07-25T09:22:08.556+0000] {logging_mixin.py:190} INFO - [2026-07-25T09:22:08.556+0000] {dag.py:4180} INFO - Setting next_dagrun for dataset_s3_bucket_consumer_with_no_taskflow to None, run_after=None
[2026-07-25T09:22:08.557+0000] {logging_mixin.py:190} INFO - [2026-07-25T09:22:08.557+0000] {dag.py:4180} INFO - Setting next_dagrun for dataset_s3_bucket_producer_with_no_taskflow to None, run_after=None
[2026-07-25T09:22:08.569+0000] {processor.py:208} INFO - Processing /home/airflow/.local/lib/python3.12/site-packages/airflow/example_dags/example_dataset_alias_with_no_taskflow.py took 4.421 seconds
[2026-07-25T09:22:39.391+0000] {processor.py:186} INFO - Started process (PID=312) to work on /home/airflow/.local/lib/python3.12/site-packages/airflow/example_dags/example_dataset_alias_with_no_taskflow.py
[2026-07-25T09:22:39.392+0000] {processor.py:914} INFO - Processing file /home/airflow/.local/lib/python3.12/site-packages/airflow/example_dags/example_dataset_alias_with_no_taskflow.py for tasks to queue
[2026-07-25T09:22:39.394+0000] {logging_mixin.py:190} INFO - [2026-07-25T09:22:39.393+0000] {dagbag.py:588} INFO - Filling up the DagBag from /home/airflow/.local/lib/python3.12/site-packages/airflow/example_dags/example_dataset_alias_with_no_taskflow.py
[2026-07-25T09:22:43.099+0000] {logging_mixin.py:190} INFO - [2026-07-25T09:22:43.099+0000] {process_utils.py:266} INFO - Waiting up to 5 seconds for processes to exit...
[2026-07-25T09:24:05.722+0000] {processor.py:186} INFO - Started process (PID=112) to work on /home/airflow/.local/lib/python3.12/site-packages/airflow/example_dags/example_dataset_alias_with_no_taskflow.py
[2026-07-25T09:24:05.723+0000] {processor.py:914} INFO - Processing file /home/airflow/.local/lib/python3.12/site-packages/airflow/example_dags/example_dataset_alias_with_no_taskflow.py for tasks to queue
[2026-07-25T09:24:05.725+0000] {logging_mixin.py:190} INFO - [2026-07-25T09:24:05.725+0000] {dagbag.py:588} INFO - Filling up the DagBag from /home/airflow/.local/lib/python3.12/site-packages/airflow/example_dags/example_dataset_alias_with_no_taskflow.py
[2026-07-25T09:24:10.364+0000] {processor.py:925} INFO - DAG(s) 'dataset_alias_example_alias_producer_with_no_taskflow', 'dataset_s3_bucket_consumer_with_no_taskflow', 'dataset_s3_bucket_producer_with_no_taskflow', 'dataset_alias_example_alias_consumer_with_no_taskflow' retrieved from /home/airflow/.local/lib/python3.12/site-packages/airflow/example_dags/example_dataset_alias_with_no_taskflow.py
[2026-07-25T09:24:10.376+0000] {logging_mixin.py:190} INFO - [2026-07-25T09:24:10.376+0000] {dag.py:3239} INFO - Sync 4 DAGs
[2026-07-25T09:24:10.390+0000] {logging_mixin.py:190} INFO - [2026-07-25T09:24:10.389+0000] {dag.py:4180} INFO - Setting next_dagrun for dataset_alias_example_alias_consumer_with_no_taskflow to None, run_after=None
[2026-07-25T09:24:10.391+0000] {logging_mixin.py:190} INFO - [2026-07-25T09:24:10.391+0000] {dag.py:4180} INFO - Setting next_dagrun for dataset_alias_example_alias_producer_with_no_taskflow to None, run_after=None
[2026-07-25T09:24:10.393+0000] {logging_mixin.py:190} INFO - [2026-07-25T09:24:10.392+0000] {dag.py:4180} INFO - Setting next_dagrun for dataset_s3_bucket_consumer_with_no_taskflow to None, run_after=None
[2026-07-25T09:24:10.394+0000] {logging_mixin.py:190} INFO - [2026-07-25T09:24:10.394+0000] {dag.py:4180} INFO - Setting next_dagrun for dataset_s3_bucket_producer_with_no_taskflow to None, run_after=None
[2026-07-25T09:24:10.407+0000] {processor.py:208} INFO - Processing /home/airflow/.local/lib/python3.12/site-packages/airflow/example_dags/example_dataset_alias_with_no_taskflow.py took 4.688 seconds
[2026-07-25T09:24:40.895+0000] {processor.py:186} INFO - Started process (PID=186) to work on /home/airflow/.local/lib/python3.12/site-packages/airflow/example_dags/example_dataset_alias_with_no_taskflow.py
[2026-07-25T09:24:40.896+0000] {processor.py:914} INFO - Processing file /home/airflow/.local/lib/python3.12/site-packages/airflow/example_dags/example_dataset_alias_with_no_taskflow.py for tasks to queue
[2026-07-25T09:24:40.899+0000] {logging_mixin.py:190} INFO - [2026-07-25T09:24:40.898+0000] {dagbag.py:588} INFO - Filling up the DagBag from /home/airflow/.local/lib/python3.12/site-packages/airflow/example_dags/example_dataset_alias_with_no_taskflow.py
[2026-07-25T09:24:45.302+0000] {processor.py:925} INFO - DAG(s) 'dataset_alias_example_alias_consumer_with_no_taskflow', 'dataset_s3_bucket_consumer_with_no_taskflow', 'dataset_alias_example_alias_producer_with_no_taskflow', 'dataset_s3_bucket_producer_with_no_taskflow' retrieved from /home/airflow/.local/lib/python3.12/site-packages/airflow/example_dags/example_dataset_alias_with_no_taskflow.py
[2026-07-25T09:24:45.313+0000] {logging_mixin.py:190} INFO - [2026-07-25T09:24:45.313+0000] {dag.py:3239} INFO - Sync 4 DAGs
[2026-07-25T09:24:45.329+0000] {logging_mixin.py:190} INFO - [2026-07-25T09:24:45.329+0000] {dag.py:4180} INFO - Setting next_dagrun for dataset_alias_example_alias_consumer_with_no_taskflow to None, run_after=None
[2026-07-25T09:24:45.332+0000] {logging_mixin.py:190} INFO - [2026-07-25T09:24:45.332+0000] {dag.py:4180} INFO - Setting next_dagrun for dataset_alias_example_alias_producer_with_no_taskflow to None, run_after=None
[2026-07-25T09:24:45.333+0000] {logging_mixin.py:190} INFO - [2026-07-25T09:24:45.333+0000] {dag.py:4180} INFO - Setting next_dagrun for dataset_s3_bucket_consumer_with_no_taskflow to None, run_after=None
[2026-07-25T09:24:45.334+0000] {logging_mixin.py:190} INFO - [2026-07-25T09:24:45.334+0000] {dag.py:4180} INFO - Setting next_dagrun for dataset_s3_bucket_producer_with_no_taskflow to None, run_after=None
[2026-07-25T09:24:45.364+0000] {processor.py:208} INFO - Processing /home/airflow/.local/lib/python3.12/site-packages/airflow/example_dags/example_dataset_alias_with_no_taskflow.py took 4.472 seconds
[2026-07-25T09:25:15.767+0000] {processor.py:186} INFO - Started process (PID=249) to work on /home/airflow/.local/lib/python3.12/site-packages/airflow/example_dags/example_dataset_alias_with_no_taskflow.py
[2026-07-25T09:25:15.768+0000] {processor.py:914} INFO - Processing file /home/airflow/.local/lib/python3.12/site-packages/airflow/example_dags/example_dataset_alias_with_no_taskflow.py for tasks to queue
[2026-07-25T09:25:15.770+0000] {logging_mixin.py:190} INFO - [2026-07-25T09:25:15.770+0000] {dagbag.py:588} INFO - Filling up the DagBag from /home/airflow/.local/lib/python3.12/site-packages/airflow/example_dags/example_dataset_alias_with_no_taskflow.py
[2026-07-25T09:25:19.885+0000] {processor.py:925} INFO - DAG(s) 'dataset_alias_example_alias_consumer_with_no_taskflow', 'dataset_alias_example_alias_producer_with_no_taskflow', 'dataset_s3_bucket_producer_with_no_taskflow', 'dataset_s3_bucket_consumer_with_no_taskflow' retrieved from /home/airflow/.local/lib/python3.12/site-packages/airflow/example_dags/example_dataset_alias_with_no_taskflow.py
[2026-07-25T09:25:19.897+0000] {logging_mixin.py:190} INFO - [2026-07-25T09:25:19.897+0000] {dag.py:3239} INFO - Sync 4 DAGs
[2026-07-25T09:25:19.910+0000] {logging_mixin.py:190} INFO - [2026-07-25T09:25:19.910+0000] {dag.py:4180} INFO - Setting next_dagrun for dataset_alias_example_alias_consumer_with_no_taskflow to None, run_after=None
[2026-07-25T09:25:19.911+0000] {logging_mixin.py:190} INFO - [2026-07-25T09:25:19.911+0000] {dag.py:4180} INFO - Setting next_dagrun for dataset_alias_example_alias_producer_with_no_taskflow to None, run_after=None
[2026-07-25T09:25:19.913+0000] {logging_mixin.py:190} INFO - [2026-07-25T09:25:19.913+0000] {dag.py:4180} INFO - Setting next_dagrun for dataset_s3_bucket_consumer_with_no_taskflow to None, run_after=None
[2026-07-25T09:25:19.914+0000] {logging_mixin.py:190} INFO - [2026-07-25T09:25:19.914+0000] {dag.py:4180} INFO - Setting next_dagrun for dataset_s3_bucket_producer_with_no_taskflow to None, run_after=None
[2026-07-25T09:25:19.927+0000] {processor.py:208} INFO - Processing /home/airflow/.local/lib/python3.12/site-packages/airflow/example_dags/example_dataset_alias_with_no_taskflow.py took 4.165 seconds
[2026-07-25T09:25:50.655+0000] {processor.py:186} INFO - Started process (PID=312) to work on /home/airflow/.local/lib/python3.12/site-packages/airflow/example_dags/example_dataset_alias_with_no_taskflow.py
[2026-07-25T09:25:50.656+0000] {processor.py:914} INFO - Processing file /home/airflow/.local/lib/python3.12/site-packages/airflow/example_dags/example_dataset_alias_with_no_taskflow.py for tasks to queue
[2026-07-25T09:25:50.658+0000] {logging_mixin.py:190} INFO - [2026-07-25T09:25:50.658+0000] {dagbag.py:588} INFO - Filling up the DagBag from /home/airflow/.local/lib/python3.12/site-packages/airflow/example_dags/example_dataset_alias_with_no_taskflow.py
[2026-07-25T09:25:54.110+0000] {logging_mixin.py:190} INFO - [2026-07-25T09:25:54.110+0000] {process_utils.py:266} INFO - Waiting up to 5 seconds for processes to exit...
[2026-07-25T09:26:59.235+0000] {processor.py:186} INFO - Started process (PID=112) to work on /home/airflow/.local/lib/python3.12/site-packages/airflow/example_dags/example_dataset_alias_with_no_taskflow.py
[2026-07-25T09:26:59.235+0000] {processor.py:914} INFO - Processing file /home/airflow/.local/lib/python3.12/site-packages/airflow/example_dags/example_dataset_alias_with_no_taskflow.py for tasks to queue
[2026-07-25T09:26:59.237+0000] {logging_mixin.py:190} INFO - [2026-07-25T09:26:59.237+0000] {dagbag.py:588} INFO - Filling up the DagBag from /home/airflow/.local/lib/python3.12/site-packages/airflow/example_dags/example_dataset_alias_with_no_taskflow.py
[2026-07-25T09:27:03.630+0000] {processor.py:925} INFO - DAG(s) 'dataset_s3_bucket_producer_with_no_taskflow', 'dataset_alias_example_alias_producer_with_no_taskflow', 'dataset_alias_example_alias_consumer_with_no_taskflow', 'dataset_s3_bucket_consumer_with_no_taskflow' retrieved from /home/airflow/.local/lib/python3.12/site-packages/airflow/example_dags/example_dataset_alias_with_no_taskflow.py
[2026-07-25T09:27:03.858+0000] {logging_mixin.py:190} INFO - [2026-07-25T09:27:03.858+0000] {override.py:1932} INFO - Created Permission View: can edit on DAG:dataset_s3_bucket_producer_with_no_taskflow
[2026-07-25T09:27:03.865+0000] {logging_mixin.py:190} INFO - [2026-07-25T09:27:03.865+0000] {override.py:1932} INFO - Created Permission View: can read on DAG:dataset_s3_bucket_producer_with_no_taskflow
[2026-07-25T09:27:03.869+0000] {logging_mixin.py:190} INFO - [2026-07-25T09:27:03.869+0000] {override.py:1932} INFO - Created Permission View: can delete on DAG:dataset_s3_bucket_producer_with_no_taskflow
[2026-07-25T09:27:03.876+0000] {logging_mixin.py:190} INFO - [2026-07-25T09:27:03.875+0000] {override.py:1932} INFO - Created Permission View: menu access on DAG Run:dataset_s3_bucket_producer_with_no_taskflow
[2026-07-25T09:27:03.880+0000] {logging_mixin.py:190} INFO - [2026-07-25T09:27:03.880+0000] {override.py:1932} INFO - Created Permission View: can read on DAG Run:dataset_s3_bucket_producer_with_no_taskflow
[2026-07-25T09:27:03.885+0000] {logging_mixin.py:190} INFO - [2026-07-25T09:27:03.885+0000] {override.py:1932} INFO - Created Permission View: can create on DAG Run:dataset_s3_bucket_producer_with_no_taskflow
[2026-07-25T09:27:03.890+0000] {logging_mixin.py:190} INFO - [2026-07-25T09:27:03.889+0000] {override.py:1932} INFO - Created Permission View: can delete on DAG Run:dataset_s3_bucket_producer_with_no_taskflow
[2026-07-25T09:27:03.900+0000] {logging_mixin.py:190} INFO - [2026-07-25T09:27:03.900+0000] {override.py:1932} INFO - Created Permission View: can edit on DAG:dataset_alias_example_alias_producer_with_no_taskflow
[2026-07-25T09:27:03.905+0000] {logging_mixin.py:190} INFO - [2026-07-25T09:27:03.905+0000] {override.py:1932} INFO - Created Permission View: can read on DAG:dataset_alias_example_alias_producer_with_no_taskflow
[2026-07-25T09:27:03.911+0000] {logging_mixin.py:190} INFO - [2026-07-25T09:27:03.910+0000] {override.py:1932} INFO - Created Permission View: can delete on DAG:dataset_alias_example_alias_producer_with_no_taskflow
[2026-07-25T09:27:03.918+0000] {logging_mixin.py:190} INFO - [2026-07-25T09:27:03.918+0000] {override.py:1932} INFO - Created Permission View: menu access on DAG Run:dataset_alias_example_alias_producer_with_no_taskflow
[2026-07-25T09:27:03.923+0000] {logging_mixin.py:190} INFO - [2026-07-25T09:27:03.923+0000] {override.py:1932} INFO - Created Permission View: can read on DAG Run:dataset_alias_example_alias_producer_with_no_taskflow
[2026-07-25T09:27:03.927+0000] {logging_mixin.py:190} INFO - [2026-07-25T09:27:03.927+0000] {override.py:1932} INFO - Created Permission View: can create on DAG Run:dataset_alias_example_alias_producer_with_no_taskflow
[2026-07-25T09:27:03.932+0000] {logging_mixin.py:190} INFO - [2026-07-25T09:27:03.932+0000] {override.py:1932} INFO - Created Permission View: can delete on DAG Run:dataset_alias_example_alias_producer_with_no_taskflow
[2026-07-25T09:27:03.942+0000] {logging_mixin.py:190} INFO - [2026-07-25T09:27:03.941+0000] {override.py:1932} INFO - Created Permission View: can edit on DAG:dataset_alias_example_alias_consumer_with_no_taskflow
[2026-07-25T09:27:03.946+0000] {logging_mixin.py:190} INFO - [2026-07-25T09:27:03.946+0000] {override.py:1932} INFO - Created Permission View: can read on DAG:dataset_alias_example_alias_consumer_with_no_taskflow
[2026-07-25T09:27:03.951+0000] {logging_mixin.py:190} INFO - [2026-07-25T09:27:03.951+0000] {override.py:1932} INFO - Created Permission View: can delete on DAG:dataset_alias_example_alias_consumer_with_no_taskflow
[2026-07-25T09:27:03.957+0000] {logging_mixin.py:190} INFO - [2026-07-25T09:27:03.957+0000] {override.py:1932} INFO - Created Permission View: menu access on DAG Run:dataset_alias_example_alias_consumer_with_no_taskflow
[2026-07-25T09:27:03.962+0000] {logging_mixin.py:190} INFO - [2026-07-25T09:27:03.962+0000] {override.py:1932} INFO - Created Permission View: can read on DAG Run:dataset_alias_example_alias_consumer_with_no_taskflow
[2026-07-25T09:27:03.967+0000] {logging_mixin.py:190} INFO - [2026-07-25T09:27:03.967+0000] {override.py:1932} INFO - Created Permission View: can create on DAG Run:dataset_alias_example_alias_consumer_with_no_taskflow
[2026-07-25T09:27:03.971+0000] {logging_mixin.py:190} INFO - [2026-07-25T09:27:03.971+0000] {override.py:1932} INFO - Created Permission View: can delete on DAG Run:dataset_alias_example_alias_consumer_with_no_taskflow
[2026-07-25T09:27:03.980+0000] {logging_mixin.py:190} INFO - [2026-07-25T09:27:03.980+0000] {override.py:1932} INFO - Created Permission View: can edit on DAG:dataset_s3_bucket_consumer_with_no_taskflow
[2026-07-25T09:27:03.985+0000] {logging_mixin.py:190} INFO - [2026-07-25T09:27:03.985+0000] {override.py:1932} INFO - Created Permission View: can read on DAG:dataset_s3_bucket_consumer_with_no_taskflow
[2026-07-25T09:27:03.990+0000] {logging_mixin.py:190} INFO - [2026-07-25T09:27:03.989+0000] {override.py:1932} INFO - Created Permission View: can delete on DAG:dataset_s3_bucket_consumer_with_no_taskflow
[2026-07-25T09:27:03.995+0000] {logging_mixin.py:190} INFO - [2026-07-25T09:27:03.995+0000] {override.py:1932} INFO - Created Permission View: menu access on DAG Run:dataset_s3_bucket_consumer_with_no_taskflow
[2026-07-25T09:27:04.000+0000] {logging_mixin.py:190} INFO - [2026-07-25T09:27:04.000+0000] {override.py:1932} INFO - Created Permission View: can read on DAG Run:dataset_s3_bucket_consumer_with_no_taskflow
[2026-07-25T09:27:04.005+0000] {logging_mixin.py:190} INFO - [2026-07-25T09:27:04.004+0000] {override.py:1932} INFO - Created Permission View: can create on DAG Run:dataset_s3_bucket_consumer_with_no_taskflow
[2026-07-25T09:27:04.009+0000] {logging_mixin.py:190} INFO - [2026-07-25T09:27:04.009+0000] {override.py:1932} INFO - Created Permission View: can delete on DAG Run:dataset_s3_bucket_consumer_with_no_taskflow
[2026-07-25T09:27:04.010+0000] {logging_mixin.py:190} INFO - [2026-07-25T09:27:04.010+0000] {dag.py:3239} INFO - Sync 4 DAGs
[2026-07-25T09:27:04.018+0000] {logging_mixin.py:190} INFO - [2026-07-25T09:27:04.018+0000] {dag.py:3262} INFO - Creating ORM DAG for dataset_s3_bucket_producer_with_no_taskflow
[2026-07-25T09:27:04.019+0000] {logging_mixin.py:190} INFO - [2026-07-25T09:27:04.019+0000] {dag.py:3262} INFO - Creating ORM DAG for dataset_s3_bucket_consumer_with_no_taskflow
[2026-07-25T09:27:04.020+0000] {logging_mixin.py:190} INFO - [2026-07-25T09:27:04.020+0000] {dag.py:3262} INFO - Creating ORM DAG for dataset_alias_example_alias_producer_with_no_taskflow
[2026-07-25T09:27:04.021+0000] {logging_mixin.py:190} INFO - [2026-07-25T09:27:04.020+0000] {dag.py:3262} INFO - Creating ORM DAG for dataset_alias_example_alias_consumer_with_no_taskflow
[2026-07-25T09:27:04.026+0000] {logging_mixin.py:190} INFO - [2026-07-25T09:27:04.025+0000] {dag.py:4180} INFO - Setting next_dagrun for dataset_alias_example_alias_consumer_with_no_taskflow to None, run_after=None
[2026-07-25T09:27:04.026+0000] {logging_mixin.py:190} INFO - [2026-07-25T09:27:04.026+0000] {dag.py:4180} INFO - Setting next_dagrun for dataset_alias_example_alias_producer_with_no_taskflow to None, run_after=None
[2026-07-25T09:27:04.027+0000] {logging_mixin.py:190} INFO - [2026-07-25T09:27:04.027+0000] {dag.py:4180} INFO - Setting next_dagrun for dataset_s3_bucket_consumer_with_no_taskflow to None, run_after=None
[2026-07-25T09:27:04.028+0000] {logging_mixin.py:190} INFO - [2026-07-25T09:27:04.028+0000] {dag.py:4180} INFO - Setting next_dagrun for dataset_s3_bucket_producer_with_no_taskflow to None, run_after=None
[2026-07-25T09:27:04.044+0000] {processor.py:208} INFO - Processing /home/airflow/.local/lib/python3.12/site-packages/airflow/example_dags/example_dataset_alias_with_no_taskflow.py took 4.814 seconds
[2026-07-25T09:27:34.809+0000] {processor.py:186} INFO - Started process (PID=177) to work on /home/airflow/.local/lib/python3.12/site-packages/airflow/example_dags/example_dataset_alias_with_no_taskflow.py
[2026-07-25T09:27:34.810+0000] {processor.py:914} INFO - Processing file /home/airflow/.local/lib/python3.12/site-packages/airflow/example_dags/example_dataset_alias_with_no_taskflow.py for tasks to queue
[2026-07-25T09:27:34.812+0000] {logging_mixin.py:190} INFO - [2026-07-25T09:27:34.812+0000] {dagbag.py:588} INFO - Filling up the DagBag from /home/airflow/.local/lib/python3.12/site-packages/airflow/example_dags/example_dataset_alias_with_no_taskflow.py
[2026-07-25T09:27:39.044+0000] {processor.py:925} INFO - DAG(s) 'dataset_s3_bucket_producer_with_no_taskflow', 'dataset_alias_example_alias_consumer_with_no_taskflow', 'dataset_alias_example_alias_producer_with_no_taskflow', 'dataset_s3_bucket_consumer_with_no_taskflow' retrieved from /home/airflow/.local/lib/python3.12/site-packages/airflow/example_dags/example_dataset_alias_with_no_taskflow.py
[2026-07-25T09:27:39.057+0000] {logging_mixin.py:190} INFO - [2026-07-25T09:27:39.057+0000] {dag.py:3239} INFO - Sync 4 DAGs
[2026-07-25T09:27:39.070+0000] {logging_mixin.py:190} INFO - [2026-07-25T09:27:39.069+0000] {dag.py:4180} INFO - Setting next_dagrun for dataset_alias_example_alias_consumer_with_no_taskflow to None, run_after=None
[2026-07-25T09:27:39.071+0000] {logging_mixin.py:190} INFO - [2026-07-25T09:27:39.071+0000] {dag.py:4180} INFO - Setting next_dagrun for dataset_alias_example_alias_producer_with_no_taskflow to None, run_after=None
[2026-07-25T09:27:39.072+0000] {logging_mixin.py:190} INFO - [2026-07-25T09:27:39.072+0000] {dag.py:4180} INFO - Setting next_dagrun for dataset_s3_bucket_consumer_with_no_taskflow to None, run_after=None
[2026-07-25T09:27:39.074+0000] {logging_mixin.py:190} INFO - [2026-07-25T09:27:39.073+0000] {dag.py:4180} INFO - Setting next_dagrun for dataset_s3_bucket_producer_with_no_taskflow to None, run_after=None
[2026-07-25T09:27:39.093+0000] {processor.py:208} INFO - Processing /home/airflow/.local/lib/python3.12/site-packages/airflow/example_dags/example_dataset_alias_with_no_taskflow.py took 4.287 seconds
[2026-07-25T09:28:09.157+0000] {processor.py:186} INFO - Started process (PID=249) to work on /home/airflow/.local/lib/python3.12/site-packages/airflow/example_dags/example_dataset_alias_with_no_taskflow.py
[2026-07-25T09:28:09.158+0000] {processor.py:914} INFO - Processing file /home/airflow/.local/lib/python3.12/site-packages/airflow/example_dags/example_dataset_alias_with_no_taskflow.py for tasks to queue
[2026-07-25T09:28:09.160+0000] {logging_mixin.py:190} INFO - [2026-07-25T09:28:09.160+0000] {dagbag.py:588} INFO - Filling up the DagBag from /home/airflow/.local/lib/python3.12/site-packages/airflow/example_dags/example_dataset_alias_with_no_taskflow.py
[2026-07-25T09:28:13.682+0000] {processor.py:925} INFO - DAG(s) 'dataset_s3_bucket_producer_with_no_taskflow', 'dataset_s3_bucket_consumer_with_no_taskflow', 'dataset_alias_example_alias_producer_with_no_taskflow', 'dataset_alias_example_alias_consumer_with_no_taskflow' retrieved from /home/airflow/.local/lib/python3.12/site-packages/airflow/example_dags/example_dataset_alias_with_no_taskflow.py
[2026-07-25T09:28:13.694+0000] {logging_mixin.py:190} INFO - [2026-07-25T09:28:13.693+0000] {dag.py:3239} INFO - Sync 4 DAGs
[2026-07-25T09:28:13.706+0000] {logging_mixin.py:190} INFO - [2026-07-25T09:28:13.706+0000] {dag.py:4180} INFO - Setting next_dagrun for dataset_alias_example_alias_consumer_with_no_taskflow to None, run_after=None
[2026-07-25T09:28:13.708+0000] {logging_mixin.py:190} INFO - [2026-07-25T09:28:13.708+0000] {dag.py:4180} INFO - Setting next_dagrun for dataset_alias_example_alias_producer_with_no_taskflow to None, run_after=None
[2026-07-25T09:28:13.709+0000] {logging_mixin.py:190} INFO - [2026-07-25T09:28:13.709+0000] {dag.py:4180} INFO - Setting next_dagrun for dataset_s3_bucket_consumer_with_no_taskflow to None, run_after=None
[2026-07-25T09:28:13.710+0000] {logging_mixin.py:190} INFO - [2026-07-25T09:28:13.710+0000] {dag.py:4180} INFO - Setting next_dagrun for dataset_s3_bucket_producer_with_no_taskflow to None, run_after=None
[2026-07-25T09:28:13.722+0000] {processor.py:208} INFO - Processing /home/airflow/.local/lib/python3.12/site-packages/airflow/example_dags/example_dataset_alias_with_no_taskflow.py took 4.569 seconds
[2026-07-25T09:28:44.649+0000] {processor.py:186} INFO - Started process (PID=312) to work on /home/airflow/.local/lib/python3.12/site-packages/airflow/example_dags/example_dataset_alias_with_no_taskflow.py
[2026-07-25T09:28:44.650+0000] {processor.py:914} INFO - Processing file /home/airflow/.local/lib/python3.12/site-packages/airflow/example_dags/example_dataset_alias_with_no_taskflow.py for tasks to queue
[2026-07-25T09:28:44.652+0000] {logging_mixin.py:190} INFO - [2026-07-25T09:28:44.652+0000] {dagbag.py:588} INFO - Filling up the DagBag from /home/airflow/.local/lib/python3.12/site-packages/airflow/example_dags/example_dataset_alias_with_no_taskflow.py
[2026-07-25T09:28:48.936+0000] {processor.py:925} INFO - DAG(s) 'dataset_alias_example_alias_producer_with_no_taskflow', 'dataset_s3_bucket_consumer_with_no_taskflow', 'dataset_alias_example_alias_consumer_with_no_taskflow', 'dataset_s3_bucket_producer_with_no_taskflow' retrieved from /home/airflow/.local/lib/python3.12/site-packages/airflow/example_dags/example_dataset_alias_with_no_taskflow.py
[2026-07-25T09:28:48.948+0000] {logging_mixin.py:190} INFO - [2026-07-25T09:28:48.948+0000] {dag.py:3239} INFO - Sync 4 DAGs
[2026-07-25T09:28:48.961+0000] {logging_mixin.py:190} INFO - [2026-07-25T09:28:48.961+0000] {dag.py:4180} INFO - Setting next_dagrun for dataset_alias_example_alias_consumer_with_no_taskflow to None, run_after=None
[2026-07-25T09:28:48.963+0000] {logging_mixin.py:190} INFO - [2026-07-25T09:28:48.963+0000] {dag.py:4180} INFO - Setting next_dagrun for dataset_alias_example_alias_producer_with_no_taskflow to None, run_after=None
[2026-07-25T09:28:48.964+0000] {logging_mixin.py:190} INFO - [2026-07-25T09:28:48.964+0000] {dag.py:4180} INFO - Setting next_dagrun for dataset_s3_bucket_consumer_with_no_taskflow to None, run_after=None
[2026-07-25T09:28:48.965+0000] {logging_mixin.py:190} INFO - [2026-07-25T09:28:48.965+0000] {dag.py:4180} INFO - Setting next_dagrun for dataset_s3_bucket_producer_with_no_taskflow to None, run_after=None
[2026-07-25T09:28:48.992+0000] {processor.py:208} INFO - Processing /home/airflow/.local/lib/python3.12/site-packages/airflow/example_dags/example_dataset_alias_with_no_taskflow.py took 4.348 seconds
[2026-07-25T09:29:19.442+0000] {processor.py:186} INFO - Started process (PID=377) to work on /home/airflow/.local/lib/python3.12/site-packages/airflow/example_dags/example_dataset_alias_with_no_taskflow.py
[2026-07-25T09:29:19.443+0000] {processor.py:914} INFO - Processing file /home/airflow/.local/lib/python3.12/site-packages/airflow/example_dags/example_dataset_alias_with_no_taskflow.py for tasks to queue
[2026-07-25T09:29:19.445+0000] {logging_mixin.py:190} INFO - [2026-07-25T09:29:19.445+0000] {dagbag.py:588} INFO - Filling up the DagBag from /home/airflow/.local/lib/python3.12/site-packages/airflow/example_dags/example_dataset_alias_with_no_taskflow.py
[2026-07-25T09:29:23.564+0000] {processor.py:925} INFO - DAG(s) 'dataset_s3_bucket_producer_with_no_taskflow', 'dataset_alias_example_alias_consumer_with_no_taskflow', 'dataset_s3_bucket_consumer_with_no_taskflow', 'dataset_alias_example_alias_producer_with_no_taskflow' retrieved from /home/airflow/.local/lib/python3.12/site-packages/airflow/example_dags/example_dataset_alias_with_no_taskflow.py
[2026-07-25T09:29:23.576+0000] {logging_mixin.py:190} INFO - [2026-07-25T09:29:23.576+0000] {dag.py:3239} INFO - Sync 4 DAGs
[2026-07-25T09:29:23.589+0000] {logging_mixin.py:190} INFO - [2026-07-25T09:29:23.589+0000] {dag.py:4180} INFO - Setting next_dagrun for dataset_alias_example_alias_consumer_with_no_taskflow to None, run_after=None
[2026-07-25T09:29:23.590+0000] {logging_mixin.py:190} INFO - [2026-07-25T09:29:23.590+0000] {dag.py:4180} INFO - Setting next_dagrun for dataset_alias_example_alias_producer_with_no_taskflow to None, run_after=None
[2026-07-25T09:29:23.592+0000] {logging_mixin.py:190} INFO - [2026-07-25T09:29:23.591+0000] {dag.py:4180} INFO - Setting next_dagrun for dataset_s3_bucket_consumer_with_no_taskflow to None, run_after=None
[2026-07-25T09:29:23.593+0000] {logging_mixin.py:190} INFO - [2026-07-25T09:29:23.592+0000] {dag.py:4180} INFO - Setting next_dagrun for dataset_s3_bucket_producer_with_no_taskflow to None, run_after=None
[2026-07-25T09:29:23.606+0000] {processor.py:208} INFO - Processing /home/airflow/.local/lib/python3.12/site-packages/airflow/example_dags/example_dataset_alias_with_no_taskflow.py took 4.167 seconds
[2026-07-25T09:29:53.763+0000] {processor.py:186} INFO - Started process (PID=458) to work on /home/airflow/.local/lib/python3.12/site-packages/airflow/example_dags/example_dataset_alias_with_no_taskflow.py
[2026-07-25T09:29:53.763+0000] {processor.py:914} INFO - Processing file /home/airflow/.local/lib/python3.12/site-packages/airflow/example_dags/example_dataset_alias_with_no_taskflow.py for tasks to queue
[2026-07-25T09:29:53.766+0000] {logging_mixin.py:190} INFO - [2026-07-25T09:29:53.766+0000] {dagbag.py:588} INFO - Filling up the DagBag from /home/airflow/.local/lib/python3.12/site-packages/airflow/example_dags/example_dataset_alias_with_no_taskflow.py
[2026-07-25T09:29:57.788+0000] {processor.py:925} INFO - DAG(s) 'dataset_alias_example_alias_consumer_with_no_taskflow', 'dataset_s3_bucket_consumer_with_no_taskflow', 'dataset_s3_bucket_producer_with_no_taskflow', 'dataset_alias_example_alias_producer_with_no_taskflow' retrieved from /home/airflow/.local/lib/python3.12/site-packages/airflow/example_dags/example_dataset_alias_with_no_taskflow.py
[2026-07-25T09:29:57.799+0000] {logging_mixin.py:190} INFO - [2026-07-25T09:29:57.799+0000] {dag.py:3239} INFO - Sync 4 DAGs
[2026-07-25T09:29:57.811+0000] {logging_mixin.py:190} INFO - [2026-07-25T09:29:57.811+0000] {dag.py:4180} INFO - Setting next_dagrun for dataset_alias_example_alias_consumer_with_no_taskflow to None, run_after=None
[2026-07-25T09:29:57.813+0000] {logging_mixin.py:190} INFO - [2026-07-25T09:29:57.813+0000] {dag.py:4180} INFO - Setting next_dagrun for dataset_alias_example_alias_producer_with_no_taskflow to None, run_after=None
[2026-07-25T09:29:57.814+0000] {logging_mixin.py:190} INFO - [2026-07-25T09:29:57.814+0000] {dag.py:4180} INFO - Setting next_dagrun for dataset_s3_bucket_consumer_with_no_taskflow to None, run_after=None
[2026-07-25T09:29:57.815+0000] {logging_mixin.py:190} INFO - [2026-07-25T09:29:57.815+0000] {dag.py:4180} INFO - Setting next_dagrun for dataset_s3_bucket_producer_with_no_taskflow to None, run_after=None
[2026-07-25T09:29:57.835+0000] {processor.py:208} INFO - Processing /home/airflow/.local/lib/python3.12/site-packages/airflow/example_dags/example_dataset_alias_with_no_taskflow.py took 4.076 seconds
[2026-07-25T09:30:28.979+0000] {processor.py:186} INFO - Started process (PID=530) to work on /home/airflow/.local/lib/python3.12/site-packages/airflow/example_dags/example_dataset_alias_with_no_taskflow.py
[2026-07-25T09:30:28.979+0000] {processor.py:914} INFO - Processing file /home/airflow/.local/lib/python3.12/site-packages/airflow/example_dags/example_dataset_alias_with_no_taskflow.py for tasks to queue
[2026-07-25T09:30:28.981+0000] {logging_mixin.py:190} INFO - [2026-07-25T09:30:28.981+0000] {dagbag.py:588} INFO - Filling up the DagBag from /home/airflow/.local/lib/python3.12/site-packages/airflow/example_dags/example_dataset_alias_with_no_taskflow.py
[2026-07-25T09:30:33.035+0000] {processor.py:925} INFO - DAG(s) 'dataset_alias_example_alias_producer_with_no_taskflow', 'dataset_s3_bucket_producer_with_no_taskflow', 'dataset_alias_example_alias_consumer_with_no_taskflow', 'dataset_s3_bucket_consumer_with_no_taskflow' retrieved from /home/airflow/.local/lib/python3.12/site-packages/airflow/example_dags/example_dataset_alias_with_no_taskflow.py
[2026-07-25T09:30:33.046+0000] {logging_mixin.py:190} INFO - [2026-07-25T09:30:33.046+0000] {dag.py:3239} INFO - Sync 4 DAGs
[2026-07-25T09:30:33.059+0000] {logging_mixin.py:190} INFO - [2026-07-25T09:30:33.059+0000] {dag.py:4180} INFO - Setting next_dagrun for dataset_alias_example_alias_consumer_with_no_taskflow to None, run_after=None
[2026-07-25T09:30:33.061+0000] {logging_mixin.py:190} INFO - [2026-07-25T09:30:33.061+0000] {dag.py:4180} INFO - Setting next_dagrun for dataset_alias_example_alias_producer_with_no_taskflow to None, run_after=None
[2026-07-25T09:30:33.062+0000] {logging_mixin.py:190} INFO - [2026-07-25T09:30:33.062+0000] {dag.py:4180} INFO - Setting next_dagrun for dataset_s3_bucket_consumer_with_no_taskflow to None, run_after=None
[2026-07-25T09:30:33.063+0000] {logging_mixin.py:190} INFO - [2026-07-25T09:30:33.063+0000] {dag.py:4180} INFO - Setting next_dagrun for dataset_s3_bucket_producer_with_no_taskflow to None, run_after=None
[2026-07-25T09:30:33.087+0000] {processor.py:208} INFO - Processing /home/airflow/.local/lib/python3.12/site-packages/airflow/example_dags/example_dataset_alias_with_no_taskflow.py took 4.113 seconds
