[2026-07-25T09:06:27.184+0000] {processor.py:186} INFO - Started process (PID=114) to work on /home/airflow/.local/lib/python3.12/site-packages/airflow/example_dags/example_sla_dag.py
[2026-07-25T09:06:27.185+0000] {processor.py:914} INFO - Processing file /home/airflow/.local/lib/python3.12/site-packages/airflow/example_dags/example_sla_dag.py for tasks to queue
[2026-07-25T09:06:27.187+0000] {logging_mixin.py:190} INFO - [2026-07-25T09:06:27.187+0000] {dagbag.py:588} INFO - Filling up the DagBag from /home/airflow/.local/lib/python3.12/site-packages/airflow/example_dags/example_sla_dag.py
[2026-07-25T09:06:27.195+0000] {processor.py:925} INFO - DAG(s) 'example_sla_dag' retrieved from /home/airflow/.local/lib/python3.12/site-packages/airflow/example_dags/example_sla_dag.py
[2026-07-25T09:06:27.255+0000] {logging_mixin.py:190} INFO - [2026-07-25T09:06:27.255+0000] {override.py:1932} INFO - Created Permission View: can edit on DAG:example_sla_dag
[2026-07-25T09:06:27.264+0000] {logging_mixin.py:190} INFO - [2026-07-25T09:06:27.264+0000] {override.py:1932} INFO - Created Permission View: can read on DAG:example_sla_dag
[2026-07-25T09:06:27.269+0000] {logging_mixin.py:190} INFO - [2026-07-25T09:06:27.269+0000] {override.py:1932} INFO - Created Permission View: can delete on DAG:example_sla_dag
[2026-07-25T09:06:27.276+0000] {logging_mixin.py:190} INFO - [2026-07-25T09:06:27.275+0000] {override.py:1932} INFO - Created Permission View: can create on DAG Run:example_sla_dag
[2026-07-25T09:06:27.280+0000] {logging_mixin.py:190} INFO - [2026-07-25T09:06:27.280+0000] {override.py:1932} INFO - Created Permission View: can read on DAG Run:example_sla_dag
[2026-07-25T09:06:27.285+0000] {logging_mixin.py:190} INFO - [2026-07-25T09:06:27.285+0000] {override.py:1932} INFO - Created Permission View: can delete on DAG Run:example_sla_dag
[2026-07-25T09:06:27.289+0000] {logging_mixin.py:190} INFO - [2026-07-25T09:06:27.289+0000] {override.py:1932} INFO - Created Permission View: menu access on DAG Run:example_sla_dag
[2026-07-25T09:06:27.290+0000] {logging_mixin.py:190} INFO - [2026-07-25T09:06:27.290+0000] {dag.py:3239} INFO - Sync 1 DAGs
[2026-07-25T09:06:27.297+0000] {logging_mixin.py:190} INFO - [2026-07-25T09:06:27.297+0000] {dag.py:3262} INFO - Creating ORM DAG for example_sla_dag
[2026-07-25T09:06:27.304+0000] {logging_mixin.py:190} INFO - [2026-07-25T09:06:27.304+0000] {dag.py:4180} INFO - Setting next_dagrun for example_sla_dag to 2026-07-25 09:04:00+00:00, run_after=2026-07-25 09:06:00+00:00
[2026-07-25T09:06:27.314+0000] {processor.py:208} INFO - Processing /home/airflow/.local/lib/python3.12/site-packages/airflow/example_dags/example_sla_dag.py took 0.133 seconds
[2026-07-25T09:07:01.528+0000] {processor.py:186} INFO - Started process (PID=177) to work on /home/airflow/.local/lib/python3.12/site-packages/airflow/example_dags/example_sla_dag.py
[2026-07-25T09:07:01.529+0000] {processor.py:914} INFO - Processing file /home/airflow/.local/lib/python3.12/site-packages/airflow/example_dags/example_sla_dag.py for tasks to queue
[2026-07-25T09:07:01.533+0000] {logging_mixin.py:190} INFO - [2026-07-25T09:07:01.532+0000] {dagbag.py:588} INFO - Filling up the DagBag from /home/airflow/.local/lib/python3.12/site-packages/airflow/example_dags/example_sla_dag.py
[2026-07-25T09:07:01.542+0000] {processor.py:925} INFO - DAG(s) 'example_sla_dag' retrieved from /home/airflow/.local/lib/python3.12/site-packages/airflow/example_dags/example_sla_dag.py
[2026-07-25T09:07:01.562+0000] {logging_mixin.py:190} INFO - [2026-07-25T09:07:01.562+0000] {dag.py:3239} INFO - Sync 1 DAGs
[2026-07-25T09:07:01.582+0000] {logging_mixin.py:190} INFO - [2026-07-25T09:07:01.582+0000] {dag.py:4180} INFO - Setting next_dagrun for example_sla_dag to 2026-07-25 09:04:00+00:00, run_after=2026-07-25 09:06:00+00:00
[2026-07-25T09:07:01.597+0000] {processor.py:208} INFO - Processing /home/airflow/.local/lib/python3.12/site-packages/airflow/example_dags/example_sla_dag.py took 0.073 seconds
[2026-07-25T09:07:31.706+0000] {processor.py:186} INFO - Started process (PID=239) to work on /home/airflow/.local/lib/python3.12/site-packages/airflow/example_dags/example_sla_dag.py
[2026-07-25T09:07:31.707+0000] {processor.py:914} INFO - Processing file /home/airflow/.local/lib/python3.12/site-packages/airflow/example_dags/example_sla_dag.py for tasks to queue
[2026-07-25T09:07:31.709+0000] {logging_mixin.py:190} INFO - [2026-07-25T09:07:31.709+0000] {dagbag.py:588} INFO - Filling up the DagBag from /home/airflow/.local/lib/python3.12/site-packages/airflow/example_dags/example_sla_dag.py
[2026-07-25T09:07:31.716+0000] {processor.py:925} INFO - DAG(s) 'example_sla_dag' retrieved from /home/airflow/.local/lib/python3.12/site-packages/airflow/example_dags/example_sla_dag.py
[2026-07-25T09:07:31.728+0000] {logging_mixin.py:190} INFO - [2026-07-25T09:07:31.728+0000] {dag.py:3239} INFO - Sync 1 DAGs
[2026-07-25T09:07:31.742+0000] {logging_mixin.py:190} INFO - [2026-07-25T09:07:31.742+0000] {dag.py:4180} INFO - Setting next_dagrun for example_sla_dag to 2026-07-25 09:04:00+00:00, run_after=2026-07-25 09:06:00+00:00
[2026-07-25T09:07:31.752+0000] {processor.py:208} INFO - Processing /home/airflow/.local/lib/python3.12/site-packages/airflow/example_dags/example_sla_dag.py took 0.049 seconds
[2026-07-25T09:08:03.370+0000] {processor.py:186} INFO - Started process (PID=301) to work on /home/airflow/.local/lib/python3.12/site-packages/airflow/example_dags/example_sla_dag.py
[2026-07-25T09:08:03.371+0000] {processor.py:914} INFO - Processing file /home/airflow/.local/lib/python3.12/site-packages/airflow/example_dags/example_sla_dag.py for tasks to queue
[2026-07-25T09:08:03.373+0000] {logging_mixin.py:190} INFO - [2026-07-25T09:08:03.373+0000] {dagbag.py:588} INFO - Filling up the DagBag from /home/airflow/.local/lib/python3.12/site-packages/airflow/example_dags/example_sla_dag.py
[2026-07-25T09:08:03.379+0000] {processor.py:925} INFO - DAG(s) 'example_sla_dag' retrieved from /home/airflow/.local/lib/python3.12/site-packages/airflow/example_dags/example_sla_dag.py
[2026-07-25T09:08:03.393+0000] {logging_mixin.py:190} INFO - [2026-07-25T09:08:03.393+0000] {dag.py:3239} INFO - Sync 1 DAGs
[2026-07-25T09:08:03.411+0000] {logging_mixin.py:190} INFO - [2026-07-25T09:08:03.411+0000] {dag.py:4180} INFO - Setting next_dagrun for example_sla_dag to 2026-07-25 09:06:00+00:00, run_after=2026-07-25 09:08:00+00:00
[2026-07-25T09:08:03.423+0000] {processor.py:208} INFO - Processing /home/airflow/.local/lib/python3.12/site-packages/airflow/example_dags/example_sla_dag.py took 0.056 seconds
[2026-07-25T09:08:33.734+0000] {processor.py:186} INFO - Started process (PID=363) to work on /home/airflow/.local/lib/python3.12/site-packages/airflow/example_dags/example_sla_dag.py
[2026-07-25T09:08:33.735+0000] {processor.py:914} INFO - Processing file /home/airflow/.local/lib/python3.12/site-packages/airflow/example_dags/example_sla_dag.py for tasks to queue
[2026-07-25T09:08:33.737+0000] {logging_mixin.py:190} INFO - [2026-07-25T09:08:33.737+0000] {dagbag.py:588} INFO - Filling up the DagBag from /home/airflow/.local/lib/python3.12/site-packages/airflow/example_dags/example_sla_dag.py
[2026-07-25T09:08:33.744+0000] {processor.py:925} INFO - DAG(s) 'example_sla_dag' retrieved from /home/airflow/.local/lib/python3.12/site-packages/airflow/example_dags/example_sla_dag.py
[2026-07-25T09:08:33.756+0000] {logging_mixin.py:190} INFO - [2026-07-25T09:08:33.756+0000] {dag.py:3239} INFO - Sync 1 DAGs
[2026-07-25T09:08:33.771+0000] {logging_mixin.py:190} INFO - [2026-07-25T09:08:33.771+0000] {dag.py:4180} INFO - Setting next_dagrun for example_sla_dag to 2026-07-25 09:06:00+00:00, run_after=2026-07-25 09:08:00+00:00
[2026-07-25T09:08:33.782+0000] {processor.py:208} INFO - Processing /home/airflow/.local/lib/python3.12/site-packages/airflow/example_dags/example_sla_dag.py took 0.051 seconds
[2026-07-25T09:09:04.692+0000] {processor.py:186} INFO - Started process (PID=425) to work on /home/airflow/.local/lib/python3.12/site-packages/airflow/example_dags/example_sla_dag.py
[2026-07-25T09:09:04.693+0000] {processor.py:914} INFO - Processing file /home/airflow/.local/lib/python3.12/site-packages/airflow/example_dags/example_sla_dag.py for tasks to queue
[2026-07-25T09:09:04.695+0000] {logging_mixin.py:190} INFO - [2026-07-25T09:09:04.695+0000] {dagbag.py:588} INFO - Filling up the DagBag from /home/airflow/.local/lib/python3.12/site-packages/airflow/example_dags/example_sla_dag.py
[2026-07-25T09:09:04.701+0000] {processor.py:925} INFO - DAG(s) 'example_sla_dag' retrieved from /home/airflow/.local/lib/python3.12/site-packages/airflow/example_dags/example_sla_dag.py
[2026-07-25T09:09:04.714+0000] {logging_mixin.py:190} INFO - [2026-07-25T09:09:04.714+0000] {dag.py:3239} INFO - Sync 1 DAGs
[2026-07-25T09:09:04.728+0000] {logging_mixin.py:190} INFO - [2026-07-25T09:09:04.727+0000] {dag.py:4180} INFO - Setting next_dagrun for example_sla_dag to 2026-07-25 09:06:00+00:00, run_after=2026-07-25 09:08:00+00:00
[2026-07-25T09:09:04.741+0000] {processor.py:208} INFO - Processing /home/airflow/.local/lib/python3.12/site-packages/airflow/example_dags/example_sla_dag.py took 0.053 seconds
[2026-07-25T09:09:35.526+0000] {processor.py:186} INFO - Started process (PID=487) to work on /home/airflow/.local/lib/python3.12/site-packages/airflow/example_dags/example_sla_dag.py
[2026-07-25T09:09:35.526+0000] {processor.py:914} INFO - Processing file /home/airflow/.local/lib/python3.12/site-packages/airflow/example_dags/example_sla_dag.py for tasks to queue
[2026-07-25T09:09:35.528+0000] {logging_mixin.py:190} INFO - [2026-07-25T09:09:35.528+0000] {dagbag.py:588} INFO - Filling up the DagBag from /home/airflow/.local/lib/python3.12/site-packages/airflow/example_dags/example_sla_dag.py
[2026-07-25T09:09:35.535+0000] {processor.py:925} INFO - DAG(s) 'example_sla_dag' retrieved from /home/airflow/.local/lib/python3.12/site-packages/airflow/example_dags/example_sla_dag.py
[2026-07-25T09:09:35.548+0000] {logging_mixin.py:190} INFO - [2026-07-25T09:09:35.548+0000] {dag.py:3239} INFO - Sync 1 DAGs
[2026-07-25T09:09:35.563+0000] {logging_mixin.py:190} INFO - [2026-07-25T09:09:35.563+0000] {dag.py:4180} INFO - Setting next_dagrun for example_sla_dag to 2026-07-25 09:06:00+00:00, run_after=2026-07-25 09:08:00+00:00
[2026-07-25T09:09:35.582+0000] {processor.py:208} INFO - Processing /home/airflow/.local/lib/python3.12/site-packages/airflow/example_dags/example_sla_dag.py took 0.060 seconds
[2026-07-25T09:10:05.733+0000] {processor.py:186} INFO - Started process (PID=550) to work on /home/airflow/.local/lib/python3.12/site-packages/airflow/example_dags/example_sla_dag.py
[2026-07-25T09:10:05.734+0000] {processor.py:914} INFO - Processing file /home/airflow/.local/lib/python3.12/site-packages/airflow/example_dags/example_sla_dag.py for tasks to queue
[2026-07-25T09:10:05.736+0000] {logging_mixin.py:190} INFO - [2026-07-25T09:10:05.736+0000] {dagbag.py:588} INFO - Filling up the DagBag from /home/airflow/.local/lib/python3.12/site-packages/airflow/example_dags/example_sla_dag.py
[2026-07-25T09:10:05.743+0000] {processor.py:925} INFO - DAG(s) 'example_sla_dag' retrieved from /home/airflow/.local/lib/python3.12/site-packages/airflow/example_dags/example_sla_dag.py
[2026-07-25T09:10:05.758+0000] {logging_mixin.py:190} INFO - [2026-07-25T09:10:05.758+0000] {dag.py:3239} INFO - Sync 1 DAGs
[2026-07-25T09:10:05.772+0000] {logging_mixin.py:190} INFO - [2026-07-25T09:10:05.772+0000] {dag.py:4180} INFO - Setting next_dagrun for example_sla_dag to 2026-07-25 09:08:00+00:00, run_after=2026-07-25 09:10:00+00:00
[2026-07-25T09:10:05.784+0000] {processor.py:208} INFO - Processing /home/airflow/.local/lib/python3.12/site-packages/airflow/example_dags/example_sla_dag.py took 0.055 seconds
[2026-07-25T09:10:36.339+0000] {processor.py:186} INFO - Started process (PID=613) to work on /home/airflow/.local/lib/python3.12/site-packages/airflow/example_dags/example_sla_dag.py
[2026-07-25T09:10:36.340+0000] {processor.py:914} INFO - Processing file /home/airflow/.local/lib/python3.12/site-packages/airflow/example_dags/example_sla_dag.py for tasks to queue
[2026-07-25T09:10:36.341+0000] {logging_mixin.py:190} INFO - [2026-07-25T09:10:36.341+0000] {dagbag.py:588} INFO - Filling up the DagBag from /home/airflow/.local/lib/python3.12/site-packages/airflow/example_dags/example_sla_dag.py
[2026-07-25T09:10:36.348+0000] {processor.py:925} INFO - DAG(s) 'example_sla_dag' retrieved from /home/airflow/.local/lib/python3.12/site-packages/airflow/example_dags/example_sla_dag.py
[2026-07-25T09:10:36.360+0000] {logging_mixin.py:190} INFO - [2026-07-25T09:10:36.360+0000] {dag.py:3239} INFO - Sync 1 DAGs
[2026-07-25T09:10:36.375+0000] {logging_mixin.py:190} INFO - [2026-07-25T09:10:36.375+0000] {dag.py:4180} INFO - Setting next_dagrun for example_sla_dag to 2026-07-25 09:08:00+00:00, run_after=2026-07-25 09:10:00+00:00
[2026-07-25T09:10:36.389+0000] {processor.py:208} INFO - Processing /home/airflow/.local/lib/python3.12/site-packages/airflow/example_dags/example_sla_dag.py took 0.054 seconds
[2026-07-25T09:11:06.573+0000] {processor.py:186} INFO - Started process (PID=676) to work on /home/airflow/.local/lib/python3.12/site-packages/airflow/example_dags/example_sla_dag.py
[2026-07-25T09:11:06.574+0000] {processor.py:914} INFO - Processing file /home/airflow/.local/lib/python3.12/site-packages/airflow/example_dags/example_sla_dag.py for tasks to queue
[2026-07-25T09:11:06.576+0000] {logging_mixin.py:190} INFO - [2026-07-25T09:11:06.576+0000] {dagbag.py:588} INFO - Filling up the DagBag from /home/airflow/.local/lib/python3.12/site-packages/airflow/example_dags/example_sla_dag.py
[2026-07-25T09:11:06.582+0000] {processor.py:925} INFO - DAG(s) 'example_sla_dag' retrieved from /home/airflow/.local/lib/python3.12/site-packages/airflow/example_dags/example_sla_dag.py
[2026-07-25T09:11:06.595+0000] {logging_mixin.py:190} INFO - [2026-07-25T09:11:06.595+0000] {dag.py:3239} INFO - Sync 1 DAGs
[2026-07-25T09:11:06.610+0000] {logging_mixin.py:190} INFO - [2026-07-25T09:11:06.610+0000] {dag.py:4180} INFO - Setting next_dagrun for example_sla_dag to 2026-07-25 09:08:00+00:00, run_after=2026-07-25 09:10:00+00:00
[2026-07-25T09:11:06.623+0000] {processor.py:208} INFO - Processing /home/airflow/.local/lib/python3.12/site-packages/airflow/example_dags/example_sla_dag.py took 0.053 seconds
[2026-07-25T09:11:40.073+0000] {processor.py:186} INFO - Started process (PID=739) to work on /home/airflow/.local/lib/python3.12/site-packages/airflow/example_dags/example_sla_dag.py
[2026-07-25T09:11:40.074+0000] {processor.py:914} INFO - Processing file /home/airflow/.local/lib/python3.12/site-packages/airflow/example_dags/example_sla_dag.py for tasks to queue
[2026-07-25T09:11:40.076+0000] {logging_mixin.py:190} INFO - [2026-07-25T09:11:40.075+0000] {dagbag.py:588} INFO - Filling up the DagBag from /home/airflow/.local/lib/python3.12/site-packages/airflow/example_dags/example_sla_dag.py
[2026-07-25T09:11:40.082+0000] {processor.py:925} INFO - DAG(s) 'example_sla_dag' retrieved from /home/airflow/.local/lib/python3.12/site-packages/airflow/example_dags/example_sla_dag.py
[2026-07-25T09:11:40.095+0000] {logging_mixin.py:190} INFO - [2026-07-25T09:11:40.095+0000] {dag.py:3239} INFO - Sync 1 DAGs
[2026-07-25T09:11:40.111+0000] {logging_mixin.py:190} INFO - [2026-07-25T09:11:40.111+0000] {dag.py:4180} INFO - Setting next_dagrun for example_sla_dag to 2026-07-25 09:08:00+00:00, run_after=2026-07-25 09:10:00+00:00
[2026-07-25T09:11:40.123+0000] {processor.py:208} INFO - Processing /home/airflow/.local/lib/python3.12/site-packages/airflow/example_dags/example_sla_dag.py took 0.053 seconds
[2026-07-25T09:12:14.758+0000] {processor.py:186} INFO - Started process (PID=802) to work on /home/airflow/.local/lib/python3.12/site-packages/airflow/example_dags/example_sla_dag.py
[2026-07-25T09:12:14.759+0000] {processor.py:914} INFO - Processing file /home/airflow/.local/lib/python3.12/site-packages/airflow/example_dags/example_sla_dag.py for tasks to queue
[2026-07-25T09:12:14.761+0000] {logging_mixin.py:190} INFO - [2026-07-25T09:12:14.761+0000] {dagbag.py:588} INFO - Filling up the DagBag from /home/airflow/.local/lib/python3.12/site-packages/airflow/example_dags/example_sla_dag.py
[2026-07-25T09:12:14.767+0000] {processor.py:925} INFO - DAG(s) 'example_sla_dag' retrieved from /home/airflow/.local/lib/python3.12/site-packages/airflow/example_dags/example_sla_dag.py
[2026-07-25T09:12:14.780+0000] {logging_mixin.py:190} INFO - [2026-07-25T09:12:14.780+0000] {dag.py:3239} INFO - Sync 1 DAGs
[2026-07-25T09:12:14.794+0000] {logging_mixin.py:190} INFO - [2026-07-25T09:12:14.794+0000] {dag.py:4180} INFO - Setting next_dagrun for example_sla_dag to 2026-07-25 09:10:00+00:00, run_after=2026-07-25 09:12:00+00:00
[2026-07-25T09:12:14.805+0000] {processor.py:208} INFO - Processing /home/airflow/.local/lib/python3.12/site-packages/airflow/example_dags/example_sla_dag.py took 0.051 seconds
[2026-07-25T09:12:45.415+0000] {processor.py:186} INFO - Started process (PID=864) to work on /home/airflow/.local/lib/python3.12/site-packages/airflow/example_dags/example_sla_dag.py
[2026-07-25T09:12:45.416+0000] {processor.py:914} INFO - Processing file /home/airflow/.local/lib/python3.12/site-packages/airflow/example_dags/example_sla_dag.py for tasks to queue
[2026-07-25T09:12:45.418+0000] {logging_mixin.py:190} INFO - [2026-07-25T09:12:45.418+0000] {dagbag.py:588} INFO - Filling up the DagBag from /home/airflow/.local/lib/python3.12/site-packages/airflow/example_dags/example_sla_dag.py
[2026-07-25T09:12:45.424+0000] {processor.py:925} INFO - DAG(s) 'example_sla_dag' retrieved from /home/airflow/.local/lib/python3.12/site-packages/airflow/example_dags/example_sla_dag.py
[2026-07-25T09:12:45.436+0000] {logging_mixin.py:190} INFO - [2026-07-25T09:12:45.436+0000] {dag.py:3239} INFO - Sync 1 DAGs
[2026-07-25T09:12:45.450+0000] {logging_mixin.py:190} INFO - [2026-07-25T09:12:45.450+0000] {dag.py:4180} INFO - Setting next_dagrun for example_sla_dag to 2026-07-25 09:10:00+00:00, run_after=2026-07-25 09:12:00+00:00
[2026-07-25T09:12:45.463+0000] {processor.py:208} INFO - Processing /home/airflow/.local/lib/python3.12/site-packages/airflow/example_dags/example_sla_dag.py took 0.051 seconds
[2026-07-25T09:13:15.881+0000] {processor.py:186} INFO - Started process (PID=926) to work on /home/airflow/.local/lib/python3.12/site-packages/airflow/example_dags/example_sla_dag.py
[2026-07-25T09:13:15.882+0000] {processor.py:914} INFO - Processing file /home/airflow/.local/lib/python3.12/site-packages/airflow/example_dags/example_sla_dag.py for tasks to queue
[2026-07-25T09:13:15.885+0000] {logging_mixin.py:190} INFO - [2026-07-25T09:13:15.884+0000] {dagbag.py:588} INFO - Filling up the DagBag from /home/airflow/.local/lib/python3.12/site-packages/airflow/example_dags/example_sla_dag.py
[2026-07-25T09:13:15.892+0000] {processor.py:925} INFO - DAG(s) 'example_sla_dag' retrieved from /home/airflow/.local/lib/python3.12/site-packages/airflow/example_dags/example_sla_dag.py
[2026-07-25T09:13:15.907+0000] {logging_mixin.py:190} INFO - [2026-07-25T09:13:15.906+0000] {dag.py:3239} INFO - Sync 1 DAGs
[2026-07-25T09:13:15.924+0000] {logging_mixin.py:190} INFO - [2026-07-25T09:13:15.924+0000] {dag.py:4180} INFO - Setting next_dagrun for example_sla_dag to 2026-07-25 09:10:00+00:00, run_after=2026-07-25 09:12:00+00:00
[2026-07-25T09:13:15.937+0000] {processor.py:208} INFO - Processing /home/airflow/.local/lib/python3.12/site-packages/airflow/example_dags/example_sla_dag.py took 0.061 seconds
[2026-07-25T09:13:46.374+0000] {processor.py:186} INFO - Started process (PID=995) to work on /home/airflow/.local/lib/python3.12/site-packages/airflow/example_dags/example_sla_dag.py
[2026-07-25T09:13:46.375+0000] {processor.py:914} INFO - Processing file /home/airflow/.local/lib/python3.12/site-packages/airflow/example_dags/example_sla_dag.py for tasks to queue
[2026-07-25T09:13:46.377+0000] {logging_mixin.py:190} INFO - [2026-07-25T09:13:46.377+0000] {dagbag.py:588} INFO - Filling up the DagBag from /home/airflow/.local/lib/python3.12/site-packages/airflow/example_dags/example_sla_dag.py
[2026-07-25T09:13:46.384+0000] {processor.py:925} INFO - DAG(s) 'example_sla_dag' retrieved from /home/airflow/.local/lib/python3.12/site-packages/airflow/example_dags/example_sla_dag.py
[2026-07-25T09:13:46.398+0000] {logging_mixin.py:190} INFO - [2026-07-25T09:13:46.398+0000] {dag.py:3239} INFO - Sync 1 DAGs
[2026-07-25T09:13:46.412+0000] {logging_mixin.py:190} INFO - [2026-07-25T09:13:46.412+0000] {dag.py:4180} INFO - Setting next_dagrun for example_sla_dag to 2026-07-25 09:10:00+00:00, run_after=2026-07-25 09:12:00+00:00
[2026-07-25T09:13:46.424+0000] {processor.py:208} INFO - Processing /home/airflow/.local/lib/python3.12/site-packages/airflow/example_dags/example_sla_dag.py took 0.053 seconds
[2026-07-25T09:14:16.607+0000] {processor.py:186} INFO - Started process (PID=1057) to work on /home/airflow/.local/lib/python3.12/site-packages/airflow/example_dags/example_sla_dag.py
[2026-07-25T09:14:16.608+0000] {processor.py:914} INFO - Processing file /home/airflow/.local/lib/python3.12/site-packages/airflow/example_dags/example_sla_dag.py for tasks to queue
[2026-07-25T09:14:16.611+0000] {logging_mixin.py:190} INFO - [2026-07-25T09:14:16.610+0000] {dagbag.py:588} INFO - Filling up the DagBag from /home/airflow/.local/lib/python3.12/site-packages/airflow/example_dags/example_sla_dag.py
[2026-07-25T09:14:16.617+0000] {processor.py:925} INFO - DAG(s) 'example_sla_dag' retrieved from /home/airflow/.local/lib/python3.12/site-packages/airflow/example_dags/example_sla_dag.py
[2026-07-25T09:14:16.629+0000] {logging_mixin.py:190} INFO - [2026-07-25T09:14:16.629+0000] {dag.py:3239} INFO - Sync 1 DAGs
[2026-07-25T09:14:16.643+0000] {logging_mixin.py:190} INFO - [2026-07-25T09:14:16.643+0000] {dag.py:4180} INFO - Setting next_dagrun for example_sla_dag to 2026-07-25 09:12:00+00:00, run_after=2026-07-25 09:14:00+00:00
[2026-07-25T09:14:16.655+0000] {processor.py:208} INFO - Processing /home/airflow/.local/lib/python3.12/site-packages/airflow/example_dags/example_sla_dag.py took 0.050 seconds
[2026-07-25T09:15:45.053+0000] {processor.py:186} INFO - Started process (PID=114) to work on /home/airflow/.local/lib/python3.12/site-packages/airflow/example_dags/example_sla_dag.py
[2026-07-25T09:15:45.054+0000] {processor.py:914} INFO - Processing file /home/airflow/.local/lib/python3.12/site-packages/airflow/example_dags/example_sla_dag.py for tasks to queue
[2026-07-25T09:15:45.056+0000] {logging_mixin.py:190} INFO - [2026-07-25T09:15:45.056+0000] {dagbag.py:588} INFO - Filling up the DagBag from /home/airflow/.local/lib/python3.12/site-packages/airflow/example_dags/example_sla_dag.py
[2026-07-25T09:15:45.063+0000] {processor.py:925} INFO - DAG(s) 'example_sla_dag' retrieved from /home/airflow/.local/lib/python3.12/site-packages/airflow/example_dags/example_sla_dag.py
[2026-07-25T09:15:45.077+0000] {logging_mixin.py:190} INFO - [2026-07-25T09:15:45.077+0000] {dag.py:3239} INFO - Sync 1 DAGs
[2026-07-25T09:15:45.095+0000] {logging_mixin.py:190} INFO - [2026-07-25T09:15:45.094+0000] {dag.py:4180} INFO - Setting next_dagrun for example_sla_dag to 2026-07-25 09:12:00+00:00, run_after=2026-07-25 09:14:00+00:00
[2026-07-25T09:15:45.106+0000] {processor.py:208} INFO - Processing /home/airflow/.local/lib/python3.12/site-packages/airflow/example_dags/example_sla_dag.py took 0.056 seconds
[2026-07-25T09:16:15.260+0000] {processor.py:186} INFO - Started process (PID=176) to work on /home/airflow/.local/lib/python3.12/site-packages/airflow/example_dags/example_sla_dag.py
[2026-07-25T09:16:15.261+0000] {processor.py:914} INFO - Processing file /home/airflow/.local/lib/python3.12/site-packages/airflow/example_dags/example_sla_dag.py for tasks to queue
[2026-07-25T09:16:15.263+0000] {logging_mixin.py:190} INFO - [2026-07-25T09:16:15.263+0000] {dagbag.py:588} INFO - Filling up the DagBag from /home/airflow/.local/lib/python3.12/site-packages/airflow/example_dags/example_sla_dag.py
[2026-07-25T09:16:15.271+0000] {processor.py:925} INFO - DAG(s) 'example_sla_dag' retrieved from /home/airflow/.local/lib/python3.12/site-packages/airflow/example_dags/example_sla_dag.py
[2026-07-25T09:16:15.284+0000] {logging_mixin.py:190} INFO - [2026-07-25T09:16:15.284+0000] {dag.py:3239} INFO - Sync 1 DAGs
[2026-07-25T09:16:15.299+0000] {logging_mixin.py:190} INFO - [2026-07-25T09:16:15.299+0000] {dag.py:4180} INFO - Setting next_dagrun for example_sla_dag to 2026-07-25 09:14:00+00:00, run_after=2026-07-25 09:16:00+00:00
[2026-07-25T09:16:15.310+0000] {processor.py:208} INFO - Processing /home/airflow/.local/lib/python3.12/site-packages/airflow/example_dags/example_sla_dag.py took 0.054 seconds
[2026-07-25T09:16:48.825+0000] {processor.py:186} INFO - Started process (PID=238) to work on /home/airflow/.local/lib/python3.12/site-packages/airflow/example_dags/example_sla_dag.py
[2026-07-25T09:16:48.827+0000] {processor.py:914} INFO - Processing file /home/airflow/.local/lib/python3.12/site-packages/airflow/example_dags/example_sla_dag.py for tasks to queue
[2026-07-25T09:16:48.828+0000] {logging_mixin.py:190} INFO - [2026-07-25T09:16:48.828+0000] {dagbag.py:588} INFO - Filling up the DagBag from /home/airflow/.local/lib/python3.12/site-packages/airflow/example_dags/example_sla_dag.py
[2026-07-25T09:16:48.835+0000] {processor.py:925} INFO - DAG(s) 'example_sla_dag' retrieved from /home/airflow/.local/lib/python3.12/site-packages/airflow/example_dags/example_sla_dag.py
[2026-07-25T09:16:48.848+0000] {logging_mixin.py:190} INFO - [2026-07-25T09:16:48.848+0000] {dag.py:3239} INFO - Sync 1 DAGs
[2026-07-25T09:16:48.865+0000] {logging_mixin.py:190} INFO - [2026-07-25T09:16:48.865+0000] {dag.py:4180} INFO - Setting next_dagrun for example_sla_dag to 2026-07-25 09:14:00+00:00, run_after=2026-07-25 09:16:00+00:00
[2026-07-25T09:16:48.878+0000] {processor.py:208} INFO - Processing /home/airflow/.local/lib/python3.12/site-packages/airflow/example_dags/example_sla_dag.py took 0.056 seconds
[2026-07-25T09:17:23.207+0000] {processor.py:186} INFO - Started process (PID=301) to work on /home/airflow/.local/lib/python3.12/site-packages/airflow/example_dags/example_sla_dag.py
[2026-07-25T09:17:23.208+0000] {processor.py:914} INFO - Processing file /home/airflow/.local/lib/python3.12/site-packages/airflow/example_dags/example_sla_dag.py for tasks to queue
[2026-07-25T09:17:23.210+0000] {logging_mixin.py:190} INFO - [2026-07-25T09:17:23.210+0000] {dagbag.py:588} INFO - Filling up the DagBag from /home/airflow/.local/lib/python3.12/site-packages/airflow/example_dags/example_sla_dag.py
[2026-07-25T09:17:23.217+0000] {processor.py:925} INFO - DAG(s) 'example_sla_dag' retrieved from /home/airflow/.local/lib/python3.12/site-packages/airflow/example_dags/example_sla_dag.py
[2026-07-25T09:17:23.230+0000] {logging_mixin.py:190} INFO - [2026-07-25T09:17:23.230+0000] {dag.py:3239} INFO - Sync 1 DAGs
[2026-07-25T09:17:23.246+0000] {logging_mixin.py:190} INFO - [2026-07-25T09:17:23.246+0000] {dag.py:4180} INFO - Setting next_dagrun for example_sla_dag to 2026-07-25 09:14:00+00:00, run_after=2026-07-25 09:16:00+00:00
[2026-07-25T09:17:23.257+0000] {processor.py:208} INFO - Processing /home/airflow/.local/lib/python3.12/site-packages/airflow/example_dags/example_sla_dag.py took 0.053 seconds
[2026-07-25T09:17:57.217+0000] {processor.py:186} INFO - Started process (PID=364) to work on /home/airflow/.local/lib/python3.12/site-packages/airflow/example_dags/example_sla_dag.py
[2026-07-25T09:17:57.218+0000] {processor.py:914} INFO - Processing file /home/airflow/.local/lib/python3.12/site-packages/airflow/example_dags/example_sla_dag.py for tasks to queue
[2026-07-25T09:17:57.221+0000] {logging_mixin.py:190} INFO - [2026-07-25T09:17:57.221+0000] {dagbag.py:588} INFO - Filling up the DagBag from /home/airflow/.local/lib/python3.12/site-packages/airflow/example_dags/example_sla_dag.py
[2026-07-25T09:17:57.228+0000] {processor.py:925} INFO - DAG(s) 'example_sla_dag' retrieved from /home/airflow/.local/lib/python3.12/site-packages/airflow/example_dags/example_sla_dag.py
[2026-07-25T09:17:57.239+0000] {logging_mixin.py:190} INFO - [2026-07-25T09:17:57.239+0000] {dag.py:3239} INFO - Sync 1 DAGs
[2026-07-25T09:17:57.253+0000] {logging_mixin.py:190} INFO - [2026-07-25T09:17:57.253+0000] {dag.py:4180} INFO - Setting next_dagrun for example_sla_dag to 2026-07-25 09:14:00+00:00, run_after=2026-07-25 09:16:00+00:00
[2026-07-25T09:17:57.264+0000] {processor.py:208} INFO - Processing /home/airflow/.local/lib/python3.12/site-packages/airflow/example_dags/example_sla_dag.py took 0.051 seconds
[2026-07-25T09:18:27.945+0000] {processor.py:186} INFO - Started process (PID=426) to work on /home/airflow/.local/lib/python3.12/site-packages/airflow/example_dags/example_sla_dag.py
[2026-07-25T09:18:27.946+0000] {processor.py:914} INFO - Processing file /home/airflow/.local/lib/python3.12/site-packages/airflow/example_dags/example_sla_dag.py for tasks to queue
[2026-07-25T09:18:27.949+0000] {logging_mixin.py:190} INFO - [2026-07-25T09:18:27.949+0000] {dagbag.py:588} INFO - Filling up the DagBag from /home/airflow/.local/lib/python3.12/site-packages/airflow/example_dags/example_sla_dag.py
[2026-07-25T09:18:27.956+0000] {processor.py:925} INFO - DAG(s) 'example_sla_dag' retrieved from /home/airflow/.local/lib/python3.12/site-packages/airflow/example_dags/example_sla_dag.py
[2026-07-25T09:18:27.970+0000] {logging_mixin.py:190} INFO - [2026-07-25T09:18:27.969+0000] {dag.py:3239} INFO - Sync 1 DAGs
[2026-07-25T09:18:27.985+0000] {logging_mixin.py:190} INFO - [2026-07-25T09:18:27.985+0000] {dag.py:4180} INFO - Setting next_dagrun for example_sla_dag to 2026-07-25 09:16:00+00:00, run_after=2026-07-25 09:18:00+00:00
[2026-07-25T09:18:27.996+0000] {processor.py:208} INFO - Processing /home/airflow/.local/lib/python3.12/site-packages/airflow/example_dags/example_sla_dag.py took 0.055 seconds
[2026-07-25T09:18:58.462+0000] {processor.py:186} INFO - Started process (PID=488) to work on /home/airflow/.local/lib/python3.12/site-packages/airflow/example_dags/example_sla_dag.py
[2026-07-25T09:18:58.463+0000] {processor.py:914} INFO - Processing file /home/airflow/.local/lib/python3.12/site-packages/airflow/example_dags/example_sla_dag.py for tasks to queue
[2026-07-25T09:18:58.465+0000] {logging_mixin.py:190} INFO - [2026-07-25T09:18:58.465+0000] {dagbag.py:588} INFO - Filling up the DagBag from /home/airflow/.local/lib/python3.12/site-packages/airflow/example_dags/example_sla_dag.py
[2026-07-25T09:18:58.472+0000] {processor.py:925} INFO - DAG(s) 'example_sla_dag' retrieved from /home/airflow/.local/lib/python3.12/site-packages/airflow/example_dags/example_sla_dag.py
[2026-07-25T09:18:58.485+0000] {logging_mixin.py:190} INFO - [2026-07-25T09:18:58.485+0000] {dag.py:3239} INFO - Sync 1 DAGs
[2026-07-25T09:18:58.501+0000] {logging_mixin.py:190} INFO - [2026-07-25T09:18:58.500+0000] {dag.py:4180} INFO - Setting next_dagrun for example_sla_dag to 2026-07-25 09:16:00+00:00, run_after=2026-07-25 09:18:00+00:00
[2026-07-25T09:18:58.513+0000] {processor.py:208} INFO - Processing /home/airflow/.local/lib/python3.12/site-packages/airflow/example_dags/example_sla_dag.py took 0.054 seconds
[2026-07-25T09:19:28.949+0000] {processor.py:186} INFO - Started process (PID=550) to work on /home/airflow/.local/lib/python3.12/site-packages/airflow/example_dags/example_sla_dag.py
[2026-07-25T09:19:28.950+0000] {processor.py:914} INFO - Processing file /home/airflow/.local/lib/python3.12/site-packages/airflow/example_dags/example_sla_dag.py for tasks to queue
[2026-07-25T09:19:28.952+0000] {logging_mixin.py:190} INFO - [2026-07-25T09:19:28.952+0000] {dagbag.py:588} INFO - Filling up the DagBag from /home/airflow/.local/lib/python3.12/site-packages/airflow/example_dags/example_sla_dag.py
[2026-07-25T09:19:28.959+0000] {processor.py:925} INFO - DAG(s) 'example_sla_dag' retrieved from /home/airflow/.local/lib/python3.12/site-packages/airflow/example_dags/example_sla_dag.py
[2026-07-25T09:19:28.973+0000] {logging_mixin.py:190} INFO - [2026-07-25T09:19:28.973+0000] {dag.py:3239} INFO - Sync 1 DAGs
[2026-07-25T09:19:28.988+0000] {logging_mixin.py:190} INFO - [2026-07-25T09:19:28.988+0000] {dag.py:4180} INFO - Setting next_dagrun for example_sla_dag to 2026-07-25 09:16:00+00:00, run_after=2026-07-25 09:18:00+00:00
[2026-07-25T09:19:29.001+0000] {processor.py:208} INFO - Processing /home/airflow/.local/lib/python3.12/site-packages/airflow/example_dags/example_sla_dag.py took 0.055 seconds
[2026-07-25T09:20:57.965+0000] {processor.py:186} INFO - Started process (PID=114) to work on /home/airflow/.local/lib/python3.12/site-packages/airflow/example_dags/example_sla_dag.py
[2026-07-25T09:20:57.966+0000] {processor.py:914} INFO - Processing file /home/airflow/.local/lib/python3.12/site-packages/airflow/example_dags/example_sla_dag.py for tasks to queue
[2026-07-25T09:20:57.968+0000] {logging_mixin.py:190} INFO - [2026-07-25T09:20:57.968+0000] {dagbag.py:588} INFO - Filling up the DagBag from /home/airflow/.local/lib/python3.12/site-packages/airflow/example_dags/example_sla_dag.py
[2026-07-25T09:20:57.975+0000] {processor.py:925} INFO - DAG(s) 'example_sla_dag' retrieved from /home/airflow/.local/lib/python3.12/site-packages/airflow/example_dags/example_sla_dag.py
[2026-07-25T09:20:57.991+0000] {logging_mixin.py:190} INFO - [2026-07-25T09:20:57.991+0000] {dag.py:3239} INFO - Sync 1 DAGs
[2026-07-25T09:20:58.008+0000] {logging_mixin.py:190} INFO - [2026-07-25T09:20:58.008+0000] {dag.py:4180} INFO - Setting next_dagrun for example_sla_dag to 2026-07-25 09:18:00+00:00, run_after=2026-07-25 09:20:00+00:00
[2026-07-25T09:20:58.021+0000] {processor.py:208} INFO - Processing /home/airflow/.local/lib/python3.12/site-packages/airflow/example_dags/example_sla_dag.py took 0.060 seconds
[2026-07-25T09:21:28.800+0000] {processor.py:186} INFO - Started process (PID=176) to work on /home/airflow/.local/lib/python3.12/site-packages/airflow/example_dags/example_sla_dag.py
[2026-07-25T09:21:28.802+0000] {processor.py:914} INFO - Processing file /home/airflow/.local/lib/python3.12/site-packages/airflow/example_dags/example_sla_dag.py for tasks to queue
[2026-07-25T09:21:28.804+0000] {logging_mixin.py:190} INFO - [2026-07-25T09:21:28.804+0000] {dagbag.py:588} INFO - Filling up the DagBag from /home/airflow/.local/lib/python3.12/site-packages/airflow/example_dags/example_sla_dag.py
[2026-07-25T09:21:28.813+0000] {processor.py:925} INFO - DAG(s) 'example_sla_dag' retrieved from /home/airflow/.local/lib/python3.12/site-packages/airflow/example_dags/example_sla_dag.py
[2026-07-25T09:21:28.828+0000] {logging_mixin.py:190} INFO - [2026-07-25T09:21:28.828+0000] {dag.py:3239} INFO - Sync 1 DAGs
[2026-07-25T09:21:28.847+0000] {logging_mixin.py:190} INFO - [2026-07-25T09:21:28.847+0000] {dag.py:4180} INFO - Setting next_dagrun for example_sla_dag to 2026-07-25 09:18:00+00:00, run_after=2026-07-25 09:20:00+00:00
[2026-07-25T09:21:28.861+0000] {processor.py:208} INFO - Processing /home/airflow/.local/lib/python3.12/site-packages/airflow/example_dags/example_sla_dag.py took 0.066 seconds
[2026-07-25T09:22:00.505+0000] {processor.py:186} INFO - Started process (PID=238) to work on /home/airflow/.local/lib/python3.12/site-packages/airflow/example_dags/example_sla_dag.py
[2026-07-25T09:22:00.506+0000] {processor.py:914} INFO - Processing file /home/airflow/.local/lib/python3.12/site-packages/airflow/example_dags/example_sla_dag.py for tasks to queue
[2026-07-25T09:22:00.508+0000] {logging_mixin.py:190} INFO - [2026-07-25T09:22:00.508+0000] {dagbag.py:588} INFO - Filling up the DagBag from /home/airflow/.local/lib/python3.12/site-packages/airflow/example_dags/example_sla_dag.py
[2026-07-25T09:22:00.515+0000] {processor.py:925} INFO - DAG(s) 'example_sla_dag' retrieved from /home/airflow/.local/lib/python3.12/site-packages/airflow/example_dags/example_sla_dag.py
[2026-07-25T09:22:00.532+0000] {logging_mixin.py:190} INFO - [2026-07-25T09:22:00.531+0000] {dag.py:3239} INFO - Sync 1 DAGs
[2026-07-25T09:22:00.549+0000] {logging_mixin.py:190} INFO - [2026-07-25T09:22:00.549+0000] {dag.py:4180} INFO - Setting next_dagrun for example_sla_dag to 2026-07-25 09:20:00+00:00, run_after=2026-07-25 09:22:00+00:00
[2026-07-25T09:22:00.562+0000] {processor.py:208} INFO - Processing /home/airflow/.local/lib/python3.12/site-packages/airflow/example_dags/example_sla_dag.py took 0.061 seconds
[2026-07-25T09:22:34.929+0000] {processor.py:186} INFO - Started process (PID=301) to work on /home/airflow/.local/lib/python3.12/site-packages/airflow/example_dags/example_sla_dag.py
[2026-07-25T09:22:34.930+0000] {processor.py:914} INFO - Processing file /home/airflow/.local/lib/python3.12/site-packages/airflow/example_dags/example_sla_dag.py for tasks to queue
[2026-07-25T09:22:34.933+0000] {logging_mixin.py:190} INFO - [2026-07-25T09:22:34.932+0000] {dagbag.py:588} INFO - Filling up the DagBag from /home/airflow/.local/lib/python3.12/site-packages/airflow/example_dags/example_sla_dag.py
[2026-07-25T09:22:34.939+0000] {processor.py:925} INFO - DAG(s) 'example_sla_dag' retrieved from /home/airflow/.local/lib/python3.12/site-packages/airflow/example_dags/example_sla_dag.py
[2026-07-25T09:22:34.952+0000] {logging_mixin.py:190} INFO - [2026-07-25T09:22:34.952+0000] {dag.py:3239} INFO - Sync 1 DAGs
[2026-07-25T09:22:34.965+0000] {logging_mixin.py:190} INFO - [2026-07-25T09:22:34.965+0000] {dag.py:4180} INFO - Setting next_dagrun for example_sla_dag to 2026-07-25 09:20:00+00:00, run_after=2026-07-25 09:22:00+00:00
[2026-07-25T09:22:34.976+0000] {processor.py:208} INFO - Processing /home/airflow/.local/lib/python3.12/site-packages/airflow/example_dags/example_sla_dag.py took 0.050 seconds
[2026-07-25T09:24:08.568+0000] {processor.py:186} INFO - Started process (PID=114) to work on /home/airflow/.local/lib/python3.12/site-packages/airflow/example_dags/example_sla_dag.py
[2026-07-25T09:24:08.569+0000] {processor.py:914} INFO - Processing file /home/airflow/.local/lib/python3.12/site-packages/airflow/example_dags/example_sla_dag.py for tasks to queue
[2026-07-25T09:24:08.572+0000] {logging_mixin.py:190} INFO - [2026-07-25T09:24:08.572+0000] {dagbag.py:588} INFO - Filling up the DagBag from /home/airflow/.local/lib/python3.12/site-packages/airflow/example_dags/example_sla_dag.py
[2026-07-25T09:24:08.580+0000] {processor.py:925} INFO - DAG(s) 'example_sla_dag' retrieved from /home/airflow/.local/lib/python3.12/site-packages/airflow/example_dags/example_sla_dag.py
[2026-07-25T09:24:08.594+0000] {logging_mixin.py:190} INFO - [2026-07-25T09:24:08.594+0000] {dag.py:3239} INFO - Sync 1 DAGs
[2026-07-25T09:24:08.611+0000] {logging_mixin.py:190} INFO - [2026-07-25T09:24:08.611+0000] {dag.py:4180} INFO - Setting next_dagrun for example_sla_dag to 2026-07-25 09:22:00+00:00, run_after=2026-07-25 09:24:00+00:00
[2026-07-25T09:24:08.624+0000] {processor.py:208} INFO - Processing /home/airflow/.local/lib/python3.12/site-packages/airflow/example_dags/example_sla_dag.py took 0.059 seconds
[2026-07-25T09:24:39.295+0000] {processor.py:186} INFO - Started process (PID=176) to work on /home/airflow/.local/lib/python3.12/site-packages/airflow/example_dags/example_sla_dag.py
[2026-07-25T09:24:39.296+0000] {processor.py:914} INFO - Processing file /home/airflow/.local/lib/python3.12/site-packages/airflow/example_dags/example_sla_dag.py for tasks to queue
[2026-07-25T09:24:39.298+0000] {logging_mixin.py:190} INFO - [2026-07-25T09:24:39.298+0000] {dagbag.py:588} INFO - Filling up the DagBag from /home/airflow/.local/lib/python3.12/site-packages/airflow/example_dags/example_sla_dag.py
[2026-07-25T09:24:39.307+0000] {processor.py:925} INFO - DAG(s) 'example_sla_dag' retrieved from /home/airflow/.local/lib/python3.12/site-packages/airflow/example_dags/example_sla_dag.py
[2026-07-25T09:24:39.321+0000] {logging_mixin.py:190} INFO - [2026-07-25T09:24:39.321+0000] {dag.py:3239} INFO - Sync 1 DAGs
[2026-07-25T09:24:39.338+0000] {logging_mixin.py:190} INFO - [2026-07-25T09:24:39.338+0000] {dag.py:4180} INFO - Setting next_dagrun for example_sla_dag to 2026-07-25 09:22:00+00:00, run_after=2026-07-25 09:24:00+00:00
[2026-07-25T09:24:39.350+0000] {processor.py:208} INFO - Processing /home/airflow/.local/lib/python3.12/site-packages/airflow/example_dags/example_sla_dag.py took 0.061 seconds
[2026-07-25T09:25:12.127+0000] {processor.py:186} INFO - Started process (PID=238) to work on /home/airflow/.local/lib/python3.12/site-packages/airflow/example_dags/example_sla_dag.py
[2026-07-25T09:25:12.128+0000] {processor.py:914} INFO - Processing file /home/airflow/.local/lib/python3.12/site-packages/airflow/example_dags/example_sla_dag.py for tasks to queue
[2026-07-25T09:25:12.130+0000] {logging_mixin.py:190} INFO - [2026-07-25T09:25:12.130+0000] {dagbag.py:588} INFO - Filling up the DagBag from /home/airflow/.local/lib/python3.12/site-packages/airflow/example_dags/example_sla_dag.py
[2026-07-25T09:25:12.137+0000] {processor.py:925} INFO - DAG(s) 'example_sla_dag' retrieved from /home/airflow/.local/lib/python3.12/site-packages/airflow/example_dags/example_sla_dag.py
[2026-07-25T09:25:12.150+0000] {logging_mixin.py:190} INFO - [2026-07-25T09:25:12.150+0000] {dag.py:3239} INFO - Sync 1 DAGs
[2026-07-25T09:25:12.165+0000] {logging_mixin.py:190} INFO - [2026-07-25T09:25:12.165+0000] {dag.py:4180} INFO - Setting next_dagrun for example_sla_dag to 2026-07-25 09:22:00+00:00, run_after=2026-07-25 09:24:00+00:00
[2026-07-25T09:25:12.184+0000] {processor.py:208} INFO - Processing /home/airflow/.local/lib/python3.12/site-packages/airflow/example_dags/example_sla_dag.py took 0.061 seconds
[2026-07-25T09:25:46.037+0000] {processor.py:186} INFO - Started process (PID=301) to work on /home/airflow/.local/lib/python3.12/site-packages/airflow/example_dags/example_sla_dag.py
[2026-07-25T09:25:46.038+0000] {processor.py:914} INFO - Processing file /home/airflow/.local/lib/python3.12/site-packages/airflow/example_dags/example_sla_dag.py for tasks to queue
[2026-07-25T09:25:46.040+0000] {logging_mixin.py:190} INFO - [2026-07-25T09:25:46.039+0000] {dagbag.py:588} INFO - Filling up the DagBag from /home/airflow/.local/lib/python3.12/site-packages/airflow/example_dags/example_sla_dag.py
[2026-07-25T09:25:46.046+0000] {processor.py:925} INFO - DAG(s) 'example_sla_dag' retrieved from /home/airflow/.local/lib/python3.12/site-packages/airflow/example_dags/example_sla_dag.py
[2026-07-25T09:25:46.058+0000] {logging_mixin.py:190} INFO - [2026-07-25T09:25:46.058+0000] {dag.py:3239} INFO - Sync 1 DAGs
[2026-07-25T09:25:46.073+0000] {logging_mixin.py:190} INFO - [2026-07-25T09:25:46.073+0000] {dag.py:4180} INFO - Setting next_dagrun for example_sla_dag to 2026-07-25 09:22:00+00:00, run_after=2026-07-25 09:24:00+00:00
[2026-07-25T09:25:46.095+0000] {processor.py:208} INFO - Processing /home/airflow/.local/lib/python3.12/site-packages/airflow/example_dags/example_sla_dag.py took 0.062 seconds
[2026-07-25T09:27:03.615+0000] {processor.py:186} INFO - Started process (PID=114) to work on /home/airflow/.local/lib/python3.12/site-packages/airflow/example_dags/example_sla_dag.py
[2026-07-25T09:27:03.616+0000] {processor.py:914} INFO - Processing file /home/airflow/.local/lib/python3.12/site-packages/airflow/example_dags/example_sla_dag.py for tasks to queue
[2026-07-25T09:27:03.618+0000] {logging_mixin.py:190} INFO - [2026-07-25T09:27:03.618+0000] {dagbag.py:588} INFO - Filling up the DagBag from /home/airflow/.local/lib/python3.12/site-packages/airflow/example_dags/example_sla_dag.py
[2026-07-25T09:27:03.626+0000] {processor.py:925} INFO - DAG(s) 'example_sla_dag' retrieved from /home/airflow/.local/lib/python3.12/site-packages/airflow/example_dags/example_sla_dag.py
[2026-07-25T09:27:03.697+0000] {logging_mixin.py:190} INFO - [2026-07-25T09:27:03.696+0000] {override.py:1932} INFO - Created Permission View: can edit on DAG:example_sla_dag
[2026-07-25T09:27:03.704+0000] {logging_mixin.py:190} INFO - [2026-07-25T09:27:03.704+0000] {override.py:1932} INFO - Created Permission View: can read on DAG:example_sla_dag
[2026-07-25T09:27:03.709+0000] {logging_mixin.py:190} INFO - [2026-07-25T09:27:03.709+0000] {override.py:1932} INFO - Created Permission View: can delete on DAG:example_sla_dag
[2026-07-25T09:27:03.716+0000] {logging_mixin.py:190} INFO - [2026-07-25T09:27:03.716+0000] {override.py:1932} INFO - Created Permission View: menu access on DAG Run:example_sla_dag
[2026-07-25T09:27:03.722+0000] {logging_mixin.py:190} INFO - [2026-07-25T09:27:03.721+0000] {override.py:1932} INFO - Created Permission View: can read on DAG Run:example_sla_dag
[2026-07-25T09:27:03.726+0000] {logging_mixin.py:190} INFO - [2026-07-25T09:27:03.726+0000] {override.py:1932} INFO - Created Permission View: can create on DAG Run:example_sla_dag
[2026-07-25T09:27:03.732+0000] {logging_mixin.py:190} INFO - [2026-07-25T09:27:03.732+0000] {override.py:1932} INFO - Created Permission View: can delete on DAG Run:example_sla_dag
[2026-07-25T09:27:03.732+0000] {logging_mixin.py:190} INFO - [2026-07-25T09:27:03.732+0000] {dag.py:3239} INFO - Sync 1 DAGs
[2026-07-25T09:27:03.743+0000] {logging_mixin.py:190} INFO - [2026-07-25T09:27:03.742+0000] {dag.py:3262} INFO - Creating ORM DAG for example_sla_dag
[2026-07-25T09:27:03.751+0000] {logging_mixin.py:190} INFO - [2026-07-25T09:27:03.751+0000] {dag.py:4180} INFO - Setting next_dagrun for example_sla_dag to 2026-07-25 09:24:00+00:00, run_after=2026-07-25 09:26:00+00:00
[2026-07-25T09:27:03.762+0000] {processor.py:208} INFO - Processing /home/airflow/.local/lib/python3.12/site-packages/airflow/example_dags/example_sla_dag.py took 0.150 seconds
[2026-07-25T09:27:33.798+0000] {processor.py:186} INFO - Started process (PID=176) to work on /home/airflow/.local/lib/python3.12/site-packages/airflow/example_dags/example_sla_dag.py
[2026-07-25T09:27:33.799+0000] {processor.py:914} INFO - Processing file /home/airflow/.local/lib/python3.12/site-packages/airflow/example_dags/example_sla_dag.py for tasks to queue
[2026-07-25T09:27:33.800+0000] {logging_mixin.py:190} INFO - [2026-07-25T09:27:33.800+0000] {dagbag.py:588} INFO - Filling up the DagBag from /home/airflow/.local/lib/python3.12/site-packages/airflow/example_dags/example_sla_dag.py
[2026-07-25T09:27:33.808+0000] {processor.py:925} INFO - DAG(s) 'example_sla_dag' retrieved from /home/airflow/.local/lib/python3.12/site-packages/airflow/example_dags/example_sla_dag.py
[2026-07-25T09:27:33.821+0000] {logging_mixin.py:190} INFO - [2026-07-25T09:27:33.821+0000] {dag.py:3239} INFO - Sync 1 DAGs
[2026-07-25T09:27:33.835+0000] {logging_mixin.py:190} INFO - [2026-07-25T09:27:33.835+0000] {dag.py:4180} INFO - Setting next_dagrun for example_sla_dag to 2026-07-25 09:24:00+00:00, run_after=2026-07-25 09:26:00+00:00
[2026-07-25T09:27:33.846+0000] {processor.py:208} INFO - Processing /home/airflow/.local/lib/python3.12/site-packages/airflow/example_dags/example_sla_dag.py took 0.052 seconds
[2026-07-25T09:28:05.484+0000] {processor.py:186} INFO - Started process (PID=238) to work on /home/airflow/.local/lib/python3.12/site-packages/airflow/example_dags/example_sla_dag.py
[2026-07-25T09:28:05.485+0000] {processor.py:914} INFO - Processing file /home/airflow/.local/lib/python3.12/site-packages/airflow/example_dags/example_sla_dag.py for tasks to queue
[2026-07-25T09:28:05.488+0000] {logging_mixin.py:190} INFO - [2026-07-25T09:28:05.488+0000] {dagbag.py:588} INFO - Filling up the DagBag from /home/airflow/.local/lib/python3.12/site-packages/airflow/example_dags/example_sla_dag.py
[2026-07-25T09:28:05.497+0000] {processor.py:925} INFO - DAG(s) 'example_sla_dag' retrieved from /home/airflow/.local/lib/python3.12/site-packages/airflow/example_dags/example_sla_dag.py
[2026-07-25T09:28:05.513+0000] {logging_mixin.py:190} INFO - [2026-07-25T09:28:05.513+0000] {dag.py:3239} INFO - Sync 1 DAGs
[2026-07-25T09:28:05.530+0000] {logging_mixin.py:190} INFO - [2026-07-25T09:28:05.530+0000] {dag.py:4180} INFO - Setting next_dagrun for example_sla_dag to 2026-07-25 09:26:00+00:00, run_after=2026-07-25 09:28:00+00:00
[2026-07-25T09:28:05.559+0000] {processor.py:208} INFO - Processing /home/airflow/.local/lib/python3.12/site-packages/airflow/example_dags/example_sla_dag.py took 0.079 seconds
[2026-07-25T09:28:35.668+0000] {processor.py:186} INFO - Started process (PID=300) to work on /home/airflow/.local/lib/python3.12/site-packages/airflow/example_dags/example_sla_dag.py
[2026-07-25T09:28:35.669+0000] {processor.py:914} INFO - Processing file /home/airflow/.local/lib/python3.12/site-packages/airflow/example_dags/example_sla_dag.py for tasks to queue
[2026-07-25T09:28:35.672+0000] {logging_mixin.py:190} INFO - [2026-07-25T09:28:35.672+0000] {dagbag.py:588} INFO - Filling up the DagBag from /home/airflow/.local/lib/python3.12/site-packages/airflow/example_dags/example_sla_dag.py
[2026-07-25T09:28:35.680+0000] {processor.py:925} INFO - DAG(s) 'example_sla_dag' retrieved from /home/airflow/.local/lib/python3.12/site-packages/airflow/example_dags/example_sla_dag.py
[2026-07-25T09:28:35.696+0000] {logging_mixin.py:190} INFO - [2026-07-25T09:28:35.696+0000] {dag.py:3239} INFO - Sync 1 DAGs
[2026-07-25T09:28:35.715+0000] {logging_mixin.py:190} INFO - [2026-07-25T09:28:35.715+0000] {dag.py:4180} INFO - Setting next_dagrun for example_sla_dag to 2026-07-25 09:26:00+00:00, run_after=2026-07-25 09:28:00+00:00
[2026-07-25T09:28:35.728+0000] {processor.py:208} INFO - Processing /home/airflow/.local/lib/python3.12/site-packages/airflow/example_dags/example_sla_dag.py took 0.065 seconds
[2026-07-25T09:29:05.915+0000] {processor.py:186} INFO - Started process (PID=362) to work on /home/airflow/.local/lib/python3.12/site-packages/airflow/example_dags/example_sla_dag.py
[2026-07-25T09:29:05.916+0000] {processor.py:914} INFO - Processing file /home/airflow/.local/lib/python3.12/site-packages/airflow/example_dags/example_sla_dag.py for tasks to queue
[2026-07-25T09:29:05.918+0000] {logging_mixin.py:190} INFO - [2026-07-25T09:29:05.918+0000] {dagbag.py:588} INFO - Filling up the DagBag from /home/airflow/.local/lib/python3.12/site-packages/airflow/example_dags/example_sla_dag.py
[2026-07-25T09:29:05.925+0000] {processor.py:925} INFO - DAG(s) 'example_sla_dag' retrieved from /home/airflow/.local/lib/python3.12/site-packages/airflow/example_dags/example_sla_dag.py
[2026-07-25T09:29:05.939+0000] {logging_mixin.py:190} INFO - [2026-07-25T09:29:05.939+0000] {dag.py:3239} INFO - Sync 1 DAGs
[2026-07-25T09:29:05.957+0000] {logging_mixin.py:190} INFO - [2026-07-25T09:29:05.957+0000] {dag.py:4180} INFO - Setting next_dagrun for example_sla_dag to 2026-07-25 09:26:00+00:00, run_after=2026-07-25 09:28:00+00:00
[2026-07-25T09:29:05.972+0000] {processor.py:208} INFO - Processing /home/airflow/.local/lib/python3.12/site-packages/airflow/example_dags/example_sla_dag.py took 0.062 seconds
[2026-07-25T09:29:36.060+0000] {processor.py:186} INFO - Started process (PID=424) to work on /home/airflow/.local/lib/python3.12/site-packages/airflow/example_dags/example_sla_dag.py
[2026-07-25T09:29:36.061+0000] {processor.py:914} INFO - Processing file /home/airflow/.local/lib/python3.12/site-packages/airflow/example_dags/example_sla_dag.py for tasks to queue
[2026-07-25T09:29:36.063+0000] {logging_mixin.py:190} INFO - [2026-07-25T09:29:36.062+0000] {dagbag.py:588} INFO - Filling up the DagBag from /home/airflow/.local/lib/python3.12/site-packages/airflow/example_dags/example_sla_dag.py
[2026-07-25T09:29:36.070+0000] {processor.py:925} INFO - DAG(s) 'example_sla_dag' retrieved from /home/airflow/.local/lib/python3.12/site-packages/airflow/example_dags/example_sla_dag.py
[2026-07-25T09:29:36.083+0000] {logging_mixin.py:190} INFO - [2026-07-25T09:29:36.083+0000] {dag.py:3239} INFO - Sync 1 DAGs
[2026-07-25T09:29:36.099+0000] {logging_mixin.py:190} INFO - [2026-07-25T09:29:36.099+0000] {dag.py:4180} INFO - Setting next_dagrun for example_sla_dag to 2026-07-25 09:26:00+00:00, run_after=2026-07-25 09:28:00+00:00
[2026-07-25T09:29:36.111+0000] {processor.py:208} INFO - Processing /home/airflow/.local/lib/python3.12/site-packages/airflow/example_dags/example_sla_dag.py took 0.054 seconds
[2026-07-25T09:30:06.739+0000] {processor.py:186} INFO - Started process (PID=487) to work on /home/airflow/.local/lib/python3.12/site-packages/airflow/example_dags/example_sla_dag.py
[2026-07-25T09:30:06.740+0000] {processor.py:914} INFO - Processing file /home/airflow/.local/lib/python3.12/site-packages/airflow/example_dags/example_sla_dag.py for tasks to queue
[2026-07-25T09:30:06.742+0000] {logging_mixin.py:190} INFO - [2026-07-25T09:30:06.742+0000] {dagbag.py:588} INFO - Filling up the DagBag from /home/airflow/.local/lib/python3.12/site-packages/airflow/example_dags/example_sla_dag.py
[2026-07-25T09:30:06.749+0000] {processor.py:925} INFO - DAG(s) 'example_sla_dag' retrieved from /home/airflow/.local/lib/python3.12/site-packages/airflow/example_dags/example_sla_dag.py
[2026-07-25T09:30:06.761+0000] {logging_mixin.py:190} INFO - [2026-07-25T09:30:06.761+0000] {dag.py:3239} INFO - Sync 1 DAGs
[2026-07-25T09:30:06.775+0000] {logging_mixin.py:190} INFO - [2026-07-25T09:30:06.775+0000] {dag.py:4180} INFO - Setting next_dagrun for example_sla_dag to 2026-07-25 09:28:00+00:00, run_after=2026-07-25 09:30:00+00:00
[2026-07-25T09:30:06.787+0000] {processor.py:208} INFO - Processing /home/airflow/.local/lib/python3.12/site-packages/airflow/example_dags/example_sla_dag.py took 0.052 seconds
[2026-07-25T09:30:36.949+0000] {processor.py:186} INFO - Started process (PID=550) to work on /home/airflow/.local/lib/python3.12/site-packages/airflow/example_dags/example_sla_dag.py
[2026-07-25T09:30:36.950+0000] {processor.py:914} INFO - Processing file /home/airflow/.local/lib/python3.12/site-packages/airflow/example_dags/example_sla_dag.py for tasks to queue
[2026-07-25T09:30:36.952+0000] {logging_mixin.py:190} INFO - [2026-07-25T09:30:36.952+0000] {dagbag.py:588} INFO - Filling up the DagBag from /home/airflow/.local/lib/python3.12/site-packages/airflow/example_dags/example_sla_dag.py
[2026-07-25T09:30:36.959+0000] {processor.py:925} INFO - DAG(s) 'example_sla_dag' retrieved from /home/airflow/.local/lib/python3.12/site-packages/airflow/example_dags/example_sla_dag.py
[2026-07-25T09:30:36.974+0000] {logging_mixin.py:190} INFO - [2026-07-25T09:30:36.974+0000] {dag.py:3239} INFO - Sync 1 DAGs
[2026-07-25T09:30:36.990+0000] {logging_mixin.py:190} INFO - [2026-07-25T09:30:36.990+0000] {dag.py:4180} INFO - Setting next_dagrun for example_sla_dag to 2026-07-25 09:28:00+00:00, run_after=2026-07-25 09:30:00+00:00
[2026-07-25T09:30:37.006+0000] {processor.py:208} INFO - Processing /home/airflow/.local/lib/python3.12/site-packages/airflow/example_dags/example_sla_dag.py took 0.061 seconds
