[2026-07-25T09:06:20.025+0000] {processor.py:186} INFO - Started process (PID=98) to work on /home/airflow/.local/lib/python3.12/site-packages/airflow/example_dags/example_branch_operator_decorator.py
[2026-07-25T09:06:20.025+0000] {processor.py:914} INFO - Processing file /home/airflow/.local/lib/python3.12/site-packages/airflow/example_dags/example_branch_operator_decorator.py for tasks to queue
[2026-07-25T09:06:20.027+0000] {logging_mixin.py:190} INFO - [2026-07-25T09:06:20.027+0000] {dagbag.py:588} INFO - Filling up the DagBag from /home/airflow/.local/lib/python3.12/site-packages/airflow/example_dags/example_branch_operator_decorator.py
[2026-07-25T09:06:20.041+0000] {processor.py:925} INFO - DAG(s) 'example_branch_python_operator_decorator' retrieved from /home/airflow/.local/lib/python3.12/site-packages/airflow/example_dags/example_branch_operator_decorator.py
[2026-07-25T09:06:20.125+0000] {logging_mixin.py:190} INFO - [2026-07-25T09:06:20.124+0000] {override.py:1932} INFO - Created Permission View: can edit on DAG:example_branch_python_operator_decorator
[2026-07-25T09:06:20.131+0000] {logging_mixin.py:190} INFO - [2026-07-25T09:06:20.131+0000] {override.py:1932} INFO - Created Permission View: can read on DAG:example_branch_python_operator_decorator
[2026-07-25T09:06:20.137+0000] {logging_mixin.py:190} INFO - [2026-07-25T09:06:20.136+0000] {override.py:1932} INFO - Created Permission View: can delete on DAG:example_branch_python_operator_decorator
[2026-07-25T09:06:20.145+0000] {logging_mixin.py:190} INFO - [2026-07-25T09:06:20.145+0000] {override.py:1932} INFO - Created Permission View: can create on DAG Run:example_branch_python_operator_decorator
[2026-07-25T09:06:20.150+0000] {logging_mixin.py:190} INFO - [2026-07-25T09:06:20.150+0000] {override.py:1932} INFO - Created Permission View: can read on DAG Run:example_branch_python_operator_decorator
[2026-07-25T09:06:20.155+0000] {logging_mixin.py:190} INFO - [2026-07-25T09:06:20.155+0000] {override.py:1932} INFO - Created Permission View: can delete on DAG Run:example_branch_python_operator_decorator
[2026-07-25T09:06:20.160+0000] {logging_mixin.py:190} INFO - [2026-07-25T09:06:20.160+0000] {override.py:1932} INFO - Created Permission View: menu access on DAG Run:example_branch_python_operator_decorator
[2026-07-25T09:06:20.161+0000] {logging_mixin.py:190} INFO - [2026-07-25T09:06:20.161+0000] {dag.py:3239} INFO - Sync 1 DAGs
[2026-07-25T09:06:20.170+0000] {logging_mixin.py:190} INFO - [2026-07-25T09:06:20.170+0000] {dag.py:3262} INFO - Creating ORM DAG for example_branch_python_operator_decorator
[2026-07-25T09:06:20.176+0000] {logging_mixin.py:190} INFO - [2026-07-25T09:06:20.176+0000] {dag.py:4180} INFO - Setting next_dagrun for example_branch_python_operator_decorator to 2026-07-24 00:00:00+00:00, run_after=2026-07-25 00:00:00+00:00
[2026-07-25T09:06:20.190+0000] {processor.py:208} INFO - Processing /home/airflow/.local/lib/python3.12/site-packages/airflow/example_dags/example_branch_operator_decorator.py took 0.168 seconds
[2026-07-25T09:06:54.176+0000] {processor.py:186} INFO - Started process (PID=161) to work on /home/airflow/.local/lib/python3.12/site-packages/airflow/example_dags/example_branch_operator_decorator.py
[2026-07-25T09:06:54.177+0000] {processor.py:914} INFO - Processing file /home/airflow/.local/lib/python3.12/site-packages/airflow/example_dags/example_branch_operator_decorator.py for tasks to queue
[2026-07-25T09:06:54.178+0000] {logging_mixin.py:190} INFO - [2026-07-25T09:06:54.178+0000] {dagbag.py:588} INFO - Filling up the DagBag from /home/airflow/.local/lib/python3.12/site-packages/airflow/example_dags/example_branch_operator_decorator.py
[2026-07-25T09:06:54.191+0000] {processor.py:925} INFO - DAG(s) 'example_branch_python_operator_decorator' retrieved from /home/airflow/.local/lib/python3.12/site-packages/airflow/example_dags/example_branch_operator_decorator.py
[2026-07-25T09:06:54.209+0000] {logging_mixin.py:190} INFO - [2026-07-25T09:06:54.209+0000] {dag.py:3239} INFO - Sync 1 DAGs
[2026-07-25T09:06:54.224+0000] {logging_mixin.py:190} INFO - [2026-07-25T09:06:54.224+0000] {dag.py:4180} INFO - Setting next_dagrun for example_branch_python_operator_decorator to 2026-07-24 00:00:00+00:00, run_after=2026-07-25 00:00:00+00:00
[2026-07-25T09:06:54.236+0000] {processor.py:208} INFO - Processing /home/airflow/.local/lib/python3.12/site-packages/airflow/example_dags/example_branch_operator_decorator.py took 0.064 seconds
[2026-07-25T09:07:26.621+0000] {processor.py:186} INFO - Started process (PID=223) to work on /home/airflow/.local/lib/python3.12/site-packages/airflow/example_dags/example_branch_operator_decorator.py
[2026-07-25T09:07:26.622+0000] {processor.py:914} INFO - Processing file /home/airflow/.local/lib/python3.12/site-packages/airflow/example_dags/example_branch_operator_decorator.py for tasks to queue
[2026-07-25T09:07:26.625+0000] {logging_mixin.py:190} INFO - [2026-07-25T09:07:26.624+0000] {dagbag.py:588} INFO - Filling up the DagBag from /home/airflow/.local/lib/python3.12/site-packages/airflow/example_dags/example_branch_operator_decorator.py
[2026-07-25T09:07:26.643+0000] {processor.py:925} INFO - DAG(s) 'example_branch_python_operator_decorator' retrieved from /home/airflow/.local/lib/python3.12/site-packages/airflow/example_dags/example_branch_operator_decorator.py
[2026-07-25T09:07:26.663+0000] {logging_mixin.py:190} INFO - [2026-07-25T09:07:26.663+0000] {dag.py:3239} INFO - Sync 1 DAGs
[2026-07-25T09:07:26.679+0000] {logging_mixin.py:190} INFO - [2026-07-25T09:07:26.679+0000] {dag.py:4180} INFO - Setting next_dagrun for example_branch_python_operator_decorator to 2026-07-24 00:00:00+00:00, run_after=2026-07-25 00:00:00+00:00
[2026-07-25T09:07:26.692+0000] {processor.py:208} INFO - Processing /home/airflow/.local/lib/python3.12/site-packages/airflow/example_dags/example_branch_operator_decorator.py took 0.077 seconds
[2026-07-25T09:07:56.747+0000] {processor.py:186} INFO - Started process (PID=285) to work on /home/airflow/.local/lib/python3.12/site-packages/airflow/example_dags/example_branch_operator_decorator.py
[2026-07-25T09:07:56.748+0000] {processor.py:914} INFO - Processing file /home/airflow/.local/lib/python3.12/site-packages/airflow/example_dags/example_branch_operator_decorator.py for tasks to queue
[2026-07-25T09:07:56.750+0000] {logging_mixin.py:190} INFO - [2026-07-25T09:07:56.750+0000] {dagbag.py:588} INFO - Filling up the DagBag from /home/airflow/.local/lib/python3.12/site-packages/airflow/example_dags/example_branch_operator_decorator.py
[2026-07-25T09:07:56.765+0000] {processor.py:925} INFO - DAG(s) 'example_branch_python_operator_decorator' retrieved from /home/airflow/.local/lib/python3.12/site-packages/airflow/example_dags/example_branch_operator_decorator.py
[2026-07-25T09:07:56.783+0000] {logging_mixin.py:190} INFO - [2026-07-25T09:07:56.783+0000] {dag.py:3239} INFO - Sync 1 DAGs
[2026-07-25T09:07:56.797+0000] {logging_mixin.py:190} INFO - [2026-07-25T09:07:56.797+0000] {dag.py:4180} INFO - Setting next_dagrun for example_branch_python_operator_decorator to 2026-07-24 00:00:00+00:00, run_after=2026-07-25 00:00:00+00:00
[2026-07-25T09:07:56.811+0000] {processor.py:208} INFO - Processing /home/airflow/.local/lib/python3.12/site-packages/airflow/example_dags/example_branch_operator_decorator.py took 0.068 seconds
[2026-07-25T09:08:27.040+0000] {processor.py:186} INFO - Started process (PID=347) to work on /home/airflow/.local/lib/python3.12/site-packages/airflow/example_dags/example_branch_operator_decorator.py
[2026-07-25T09:08:27.041+0000] {processor.py:914} INFO - Processing file /home/airflow/.local/lib/python3.12/site-packages/airflow/example_dags/example_branch_operator_decorator.py for tasks to queue
[2026-07-25T09:08:27.042+0000] {logging_mixin.py:190} INFO - [2026-07-25T09:08:27.042+0000] {dagbag.py:588} INFO - Filling up the DagBag from /home/airflow/.local/lib/python3.12/site-packages/airflow/example_dags/example_branch_operator_decorator.py
[2026-07-25T09:08:27.055+0000] {processor.py:925} INFO - DAG(s) 'example_branch_python_operator_decorator' retrieved from /home/airflow/.local/lib/python3.12/site-packages/airflow/example_dags/example_branch_operator_decorator.py
[2026-07-25T09:08:27.072+0000] {logging_mixin.py:190} INFO - [2026-07-25T09:08:27.072+0000] {dag.py:3239} INFO - Sync 1 DAGs
[2026-07-25T09:08:27.086+0000] {logging_mixin.py:190} INFO - [2026-07-25T09:08:27.086+0000] {dag.py:4180} INFO - Setting next_dagrun for example_branch_python_operator_decorator to 2026-07-24 00:00:00+00:00, run_after=2026-07-25 00:00:00+00:00
[2026-07-25T09:08:27.098+0000] {processor.py:208} INFO - Processing /home/airflow/.local/lib/python3.12/site-packages/airflow/example_dags/example_branch_operator_decorator.py took 0.062 seconds
[2026-07-25T09:08:57.982+0000] {processor.py:186} INFO - Started process (PID=410) to work on /home/airflow/.local/lib/python3.12/site-packages/airflow/example_dags/example_branch_operator_decorator.py
[2026-07-25T09:08:57.983+0000] {processor.py:914} INFO - Processing file /home/airflow/.local/lib/python3.12/site-packages/airflow/example_dags/example_branch_operator_decorator.py for tasks to queue
[2026-07-25T09:08:57.985+0000] {logging_mixin.py:190} INFO - [2026-07-25T09:08:57.984+0000] {dagbag.py:588} INFO - Filling up the DagBag from /home/airflow/.local/lib/python3.12/site-packages/airflow/example_dags/example_branch_operator_decorator.py
[2026-07-25T09:08:57.997+0000] {processor.py:925} INFO - DAG(s) 'example_branch_python_operator_decorator' retrieved from /home/airflow/.local/lib/python3.12/site-packages/airflow/example_dags/example_branch_operator_decorator.py
[2026-07-25T09:08:58.014+0000] {logging_mixin.py:190} INFO - [2026-07-25T09:08:58.014+0000] {dag.py:3239} INFO - Sync 1 DAGs
[2026-07-25T09:08:58.028+0000] {logging_mixin.py:190} INFO - [2026-07-25T09:08:58.028+0000] {dag.py:4180} INFO - Setting next_dagrun for example_branch_python_operator_decorator to 2026-07-24 00:00:00+00:00, run_after=2026-07-25 00:00:00+00:00
[2026-07-25T09:08:58.041+0000] {processor.py:208} INFO - Processing /home/airflow/.local/lib/python3.12/site-packages/airflow/example_dags/example_branch_operator_decorator.py took 0.062 seconds
[2026-07-25T09:09:28.940+0000] {processor.py:186} INFO - Started process (PID=473) to work on /home/airflow/.local/lib/python3.12/site-packages/airflow/example_dags/example_branch_operator_decorator.py
[2026-07-25T09:09:28.941+0000] {processor.py:914} INFO - Processing file /home/airflow/.local/lib/python3.12/site-packages/airflow/example_dags/example_branch_operator_decorator.py for tasks to queue
[2026-07-25T09:09:28.943+0000] {logging_mixin.py:190} INFO - [2026-07-25T09:09:28.942+0000] {dagbag.py:588} INFO - Filling up the DagBag from /home/airflow/.local/lib/python3.12/site-packages/airflow/example_dags/example_branch_operator_decorator.py
[2026-07-25T09:09:28.956+0000] {processor.py:925} INFO - DAG(s) 'example_branch_python_operator_decorator' retrieved from /home/airflow/.local/lib/python3.12/site-packages/airflow/example_dags/example_branch_operator_decorator.py
[2026-07-25T09:09:28.972+0000] {logging_mixin.py:190} INFO - [2026-07-25T09:09:28.972+0000] {dag.py:3239} INFO - Sync 1 DAGs
[2026-07-25T09:09:28.985+0000] {logging_mixin.py:190} INFO - [2026-07-25T09:09:28.985+0000] {dag.py:4180} INFO - Setting next_dagrun for example_branch_python_operator_decorator to 2026-07-24 00:00:00+00:00, run_after=2026-07-25 00:00:00+00:00
[2026-07-25T09:09:28.997+0000] {processor.py:208} INFO - Processing /home/airflow/.local/lib/python3.12/site-packages/airflow/example_dags/example_branch_operator_decorator.py took 0.061 seconds
[2026-07-25T09:09:59.212+0000] {processor.py:186} INFO - Started process (PID=536) to work on /home/airflow/.local/lib/python3.12/site-packages/airflow/example_dags/example_branch_operator_decorator.py
[2026-07-25T09:09:59.213+0000] {processor.py:914} INFO - Processing file /home/airflow/.local/lib/python3.12/site-packages/airflow/example_dags/example_branch_operator_decorator.py for tasks to queue
[2026-07-25T09:09:59.215+0000] {logging_mixin.py:190} INFO - [2026-07-25T09:09:59.215+0000] {dagbag.py:588} INFO - Filling up the DagBag from /home/airflow/.local/lib/python3.12/site-packages/airflow/example_dags/example_branch_operator_decorator.py
[2026-07-25T09:09:59.230+0000] {processor.py:925} INFO - DAG(s) 'example_branch_python_operator_decorator' retrieved from /home/airflow/.local/lib/python3.12/site-packages/airflow/example_dags/example_branch_operator_decorator.py
[2026-07-25T09:09:59.248+0000] {logging_mixin.py:190} INFO - [2026-07-25T09:09:59.248+0000] {dag.py:3239} INFO - Sync 1 DAGs
[2026-07-25T09:09:59.264+0000] {logging_mixin.py:190} INFO - [2026-07-25T09:09:59.264+0000] {dag.py:4180} INFO - Setting next_dagrun for example_branch_python_operator_decorator to 2026-07-24 00:00:00+00:00, run_after=2026-07-25 00:00:00+00:00
[2026-07-25T09:09:59.277+0000] {processor.py:208} INFO - Processing /home/airflow/.local/lib/python3.12/site-packages/airflow/example_dags/example_branch_operator_decorator.py took 0.069 seconds
[2026-07-25T09:10:29.764+0000] {processor.py:186} INFO - Started process (PID=599) to work on /home/airflow/.local/lib/python3.12/site-packages/airflow/example_dags/example_branch_operator_decorator.py
[2026-07-25T09:10:29.765+0000] {processor.py:914} INFO - Processing file /home/airflow/.local/lib/python3.12/site-packages/airflow/example_dags/example_branch_operator_decorator.py for tasks to queue
[2026-07-25T09:10:29.767+0000] {logging_mixin.py:190} INFO - [2026-07-25T09:10:29.767+0000] {dagbag.py:588} INFO - Filling up the DagBag from /home/airflow/.local/lib/python3.12/site-packages/airflow/example_dags/example_branch_operator_decorator.py
[2026-07-25T09:10:29.780+0000] {processor.py:925} INFO - DAG(s) 'example_branch_python_operator_decorator' retrieved from /home/airflow/.local/lib/python3.12/site-packages/airflow/example_dags/example_branch_operator_decorator.py
[2026-07-25T09:10:29.797+0000] {logging_mixin.py:190} INFO - [2026-07-25T09:10:29.797+0000] {dag.py:3239} INFO - Sync 1 DAGs
[2026-07-25T09:10:29.812+0000] {logging_mixin.py:190} INFO - [2026-07-25T09:10:29.812+0000] {dag.py:4180} INFO - Setting next_dagrun for example_branch_python_operator_decorator to 2026-07-24 00:00:00+00:00, run_after=2026-07-25 00:00:00+00:00
[2026-07-25T09:10:29.823+0000] {processor.py:208} INFO - Processing /home/airflow/.local/lib/python3.12/site-packages/airflow/example_dags/example_branch_operator_decorator.py took 0.063 seconds
[2026-07-25T09:11:00.533+0000] {processor.py:186} INFO - Started process (PID=660) to work on /home/airflow/.local/lib/python3.12/site-packages/airflow/example_dags/example_branch_operator_decorator.py
[2026-07-25T09:11:00.534+0000] {processor.py:914} INFO - Processing file /home/airflow/.local/lib/python3.12/site-packages/airflow/example_dags/example_branch_operator_decorator.py for tasks to queue
[2026-07-25T09:11:00.536+0000] {logging_mixin.py:190} INFO - [2026-07-25T09:11:00.535+0000] {dagbag.py:588} INFO - Filling up the DagBag from /home/airflow/.local/lib/python3.12/site-packages/airflow/example_dags/example_branch_operator_decorator.py
[2026-07-25T09:11:00.548+0000] {processor.py:925} INFO - DAG(s) 'example_branch_python_operator_decorator' retrieved from /home/airflow/.local/lib/python3.12/site-packages/airflow/example_dags/example_branch_operator_decorator.py
[2026-07-25T09:11:00.566+0000] {logging_mixin.py:190} INFO - [2026-07-25T09:11:00.566+0000] {dag.py:3239} INFO - Sync 1 DAGs
[2026-07-25T09:11:00.580+0000] {logging_mixin.py:190} INFO - [2026-07-25T09:11:00.580+0000] {dag.py:4180} INFO - Setting next_dagrun for example_branch_python_operator_decorator to 2026-07-24 00:00:00+00:00, run_after=2026-07-25 00:00:00+00:00
[2026-07-25T09:11:00.592+0000] {processor.py:208} INFO - Processing /home/airflow/.local/lib/python3.12/site-packages/airflow/example_dags/example_branch_operator_decorator.py took 0.062 seconds
[2026-07-25T09:11:31.310+0000] {processor.py:186} INFO - Started process (PID=723) to work on /home/airflow/.local/lib/python3.12/site-packages/airflow/example_dags/example_branch_operator_decorator.py
[2026-07-25T09:11:31.311+0000] {processor.py:914} INFO - Processing file /home/airflow/.local/lib/python3.12/site-packages/airflow/example_dags/example_branch_operator_decorator.py for tasks to queue
[2026-07-25T09:11:31.313+0000] {logging_mixin.py:190} INFO - [2026-07-25T09:11:31.313+0000] {dagbag.py:588} INFO - Filling up the DagBag from /home/airflow/.local/lib/python3.12/site-packages/airflow/example_dags/example_branch_operator_decorator.py
[2026-07-25T09:11:31.327+0000] {processor.py:925} INFO - DAG(s) 'example_branch_python_operator_decorator' retrieved from /home/airflow/.local/lib/python3.12/site-packages/airflow/example_dags/example_branch_operator_decorator.py
[2026-07-25T09:11:31.347+0000] {logging_mixin.py:190} INFO - [2026-07-25T09:11:31.347+0000] {dag.py:3239} INFO - Sync 1 DAGs
[2026-07-25T09:11:31.362+0000] {logging_mixin.py:190} INFO - [2026-07-25T09:11:31.362+0000] {dag.py:4180} INFO - Setting next_dagrun for example_branch_python_operator_decorator to 2026-07-24 00:00:00+00:00, run_after=2026-07-25 00:00:00+00:00
[2026-07-25T09:11:31.373+0000] {processor.py:208} INFO - Processing /home/airflow/.local/lib/python3.12/site-packages/airflow/example_dags/example_branch_operator_decorator.py took 0.066 seconds
[2026-07-25T09:12:04.777+0000] {processor.py:186} INFO - Started process (PID=786) to work on /home/airflow/.local/lib/python3.12/site-packages/airflow/example_dags/example_branch_operator_decorator.py
[2026-07-25T09:12:04.778+0000] {processor.py:914} INFO - Processing file /home/airflow/.local/lib/python3.12/site-packages/airflow/example_dags/example_branch_operator_decorator.py for tasks to queue
[2026-07-25T09:12:04.780+0000] {logging_mixin.py:190} INFO - [2026-07-25T09:12:04.780+0000] {dagbag.py:588} INFO - Filling up the DagBag from /home/airflow/.local/lib/python3.12/site-packages/airflow/example_dags/example_branch_operator_decorator.py
[2026-07-25T09:12:04.792+0000] {processor.py:925} INFO - DAG(s) 'example_branch_python_operator_decorator' retrieved from /home/airflow/.local/lib/python3.12/site-packages/airflow/example_dags/example_branch_operator_decorator.py
[2026-07-25T09:12:04.811+0000] {logging_mixin.py:190} INFO - [2026-07-25T09:12:04.811+0000] {dag.py:3239} INFO - Sync 1 DAGs
[2026-07-25T09:12:04.827+0000] {logging_mixin.py:190} INFO - [2026-07-25T09:12:04.826+0000] {dag.py:4180} INFO - Setting next_dagrun for example_branch_python_operator_decorator to 2026-07-24 00:00:00+00:00, run_after=2026-07-25 00:00:00+00:00
[2026-07-25T09:12:04.838+0000] {processor.py:208} INFO - Processing /home/airflow/.local/lib/python3.12/site-packages/airflow/example_dags/example_branch_operator_decorator.py took 0.064 seconds
[2026-07-25T09:12:35.575+0000] {processor.py:186} INFO - Started process (PID=848) to work on /home/airflow/.local/lib/python3.12/site-packages/airflow/example_dags/example_branch_operator_decorator.py
[2026-07-25T09:12:35.576+0000] {processor.py:914} INFO - Processing file /home/airflow/.local/lib/python3.12/site-packages/airflow/example_dags/example_branch_operator_decorator.py for tasks to queue
[2026-07-25T09:12:35.578+0000] {logging_mixin.py:190} INFO - [2026-07-25T09:12:35.578+0000] {dagbag.py:588} INFO - Filling up the DagBag from /home/airflow/.local/lib/python3.12/site-packages/airflow/example_dags/example_branch_operator_decorator.py
[2026-07-25T09:12:35.591+0000] {processor.py:925} INFO - DAG(s) 'example_branch_python_operator_decorator' retrieved from /home/airflow/.local/lib/python3.12/site-packages/airflow/example_dags/example_branch_operator_decorator.py
[2026-07-25T09:12:35.609+0000] {logging_mixin.py:190} INFO - [2026-07-25T09:12:35.609+0000] {dag.py:3239} INFO - Sync 1 DAGs
[2026-07-25T09:12:35.624+0000] {logging_mixin.py:190} INFO - [2026-07-25T09:12:35.624+0000] {dag.py:4180} INFO - Setting next_dagrun for example_branch_python_operator_decorator to 2026-07-24 00:00:00+00:00, run_after=2026-07-25 00:00:00+00:00
[2026-07-25T09:12:35.635+0000] {processor.py:208} INFO - Processing /home/airflow/.local/lib/python3.12/site-packages/airflow/example_dags/example_branch_operator_decorator.py took 0.064 seconds
[2026-07-25T09:13:05.831+0000] {processor.py:186} INFO - Started process (PID=910) to work on /home/airflow/.local/lib/python3.12/site-packages/airflow/example_dags/example_branch_operator_decorator.py
[2026-07-25T09:13:05.832+0000] {processor.py:914} INFO - Processing file /home/airflow/.local/lib/python3.12/site-packages/airflow/example_dags/example_branch_operator_decorator.py for tasks to queue
[2026-07-25T09:13:05.834+0000] {logging_mixin.py:190} INFO - [2026-07-25T09:13:05.833+0000] {dagbag.py:588} INFO - Filling up the DagBag from /home/airflow/.local/lib/python3.12/site-packages/airflow/example_dags/example_branch_operator_decorator.py
[2026-07-25T09:13:05.848+0000] {processor.py:925} INFO - DAG(s) 'example_branch_python_operator_decorator' retrieved from /home/airflow/.local/lib/python3.12/site-packages/airflow/example_dags/example_branch_operator_decorator.py
[2026-07-25T09:13:05.866+0000] {logging_mixin.py:190} INFO - [2026-07-25T09:13:05.866+0000] {dag.py:3239} INFO - Sync 1 DAGs
[2026-07-25T09:13:05.880+0000] {logging_mixin.py:190} INFO - [2026-07-25T09:13:05.880+0000] {dag.py:4180} INFO - Setting next_dagrun for example_branch_python_operator_decorator to 2026-07-24 00:00:00+00:00, run_after=2026-07-25 00:00:00+00:00
[2026-07-25T09:13:05.893+0000] {processor.py:208} INFO - Processing /home/airflow/.local/lib/python3.12/site-packages/airflow/example_dags/example_branch_operator_decorator.py took 0.067 seconds
[2026-07-25T09:13:36.434+0000] {processor.py:186} INFO - Started process (PID=973) to work on /home/airflow/.local/lib/python3.12/site-packages/airflow/example_dags/example_branch_operator_decorator.py
[2026-07-25T09:13:36.435+0000] {processor.py:914} INFO - Processing file /home/airflow/.local/lib/python3.12/site-packages/airflow/example_dags/example_branch_operator_decorator.py for tasks to queue
[2026-07-25T09:13:36.438+0000] {logging_mixin.py:190} INFO - [2026-07-25T09:13:36.438+0000] {dagbag.py:588} INFO - Filling up the DagBag from /home/airflow/.local/lib/python3.12/site-packages/airflow/example_dags/example_branch_operator_decorator.py
[2026-07-25T09:13:36.457+0000] {processor.py:925} INFO - DAG(s) 'example_branch_python_operator_decorator' retrieved from /home/airflow/.local/lib/python3.12/site-packages/airflow/example_dags/example_branch_operator_decorator.py
[2026-07-25T09:13:36.478+0000] {logging_mixin.py:190} INFO - [2026-07-25T09:13:36.478+0000] {dag.py:3239} INFO - Sync 1 DAGs
[2026-07-25T09:13:36.494+0000] {logging_mixin.py:190} INFO - [2026-07-25T09:13:36.494+0000] {dag.py:4180} INFO - Setting next_dagrun for example_branch_python_operator_decorator to 2026-07-24 00:00:00+00:00, run_after=2026-07-25 00:00:00+00:00
[2026-07-25T09:13:36.507+0000] {processor.py:208} INFO - Processing /home/airflow/.local/lib/python3.12/site-packages/airflow/example_dags/example_branch_operator_decorator.py took 0.078 seconds
[2026-07-25T09:14:07.128+0000] {processor.py:186} INFO - Started process (PID=1036) to work on /home/airflow/.local/lib/python3.12/site-packages/airflow/example_dags/example_branch_operator_decorator.py
[2026-07-25T09:14:07.129+0000] {processor.py:914} INFO - Processing file /home/airflow/.local/lib/python3.12/site-packages/airflow/example_dags/example_branch_operator_decorator.py for tasks to queue
[2026-07-25T09:14:07.131+0000] {logging_mixin.py:190} INFO - [2026-07-25T09:14:07.131+0000] {dagbag.py:588} INFO - Filling up the DagBag from /home/airflow/.local/lib/python3.12/site-packages/airflow/example_dags/example_branch_operator_decorator.py
[2026-07-25T09:14:07.145+0000] {processor.py:925} INFO - DAG(s) 'example_branch_python_operator_decorator' retrieved from /home/airflow/.local/lib/python3.12/site-packages/airflow/example_dags/example_branch_operator_decorator.py
[2026-07-25T09:14:07.162+0000] {logging_mixin.py:190} INFO - [2026-07-25T09:14:07.162+0000] {dag.py:3239} INFO - Sync 1 DAGs
[2026-07-25T09:14:07.175+0000] {logging_mixin.py:190} INFO - [2026-07-25T09:14:07.175+0000] {dag.py:4180} INFO - Setting next_dagrun for example_branch_python_operator_decorator to 2026-07-24 00:00:00+00:00, run_after=2026-07-25 00:00:00+00:00
[2026-07-25T09:14:07.186+0000] {processor.py:208} INFO - Processing /home/airflow/.local/lib/python3.12/site-packages/airflow/example_dags/example_branch_operator_decorator.py took 0.061 seconds
[2026-07-25T09:14:37.312+0000] {processor.py:186} INFO - Started process (PID=1098) to work on /home/airflow/.local/lib/python3.12/site-packages/airflow/example_dags/example_branch_operator_decorator.py
[2026-07-25T09:14:37.313+0000] {processor.py:914} INFO - Processing file /home/airflow/.local/lib/python3.12/site-packages/airflow/example_dags/example_branch_operator_decorator.py for tasks to queue
[2026-07-25T09:14:37.314+0000] {logging_mixin.py:190} INFO - [2026-07-25T09:14:37.314+0000] {dagbag.py:588} INFO - Filling up the DagBag from /home/airflow/.local/lib/python3.12/site-packages/airflow/example_dags/example_branch_operator_decorator.py
[2026-07-25T09:14:37.328+0000] {processor.py:925} INFO - DAG(s) 'example_branch_python_operator_decorator' retrieved from /home/airflow/.local/lib/python3.12/site-packages/airflow/example_dags/example_branch_operator_decorator.py
[2026-07-25T09:14:37.346+0000] {logging_mixin.py:190} INFO - [2026-07-25T09:14:37.346+0000] {dag.py:3239} INFO - Sync 1 DAGs
[2026-07-25T09:14:37.361+0000] {logging_mixin.py:190} INFO - [2026-07-25T09:14:37.361+0000] {dag.py:4180} INFO - Setting next_dagrun for example_branch_python_operator_decorator to 2026-07-24 00:00:00+00:00, run_after=2026-07-25 00:00:00+00:00
[2026-07-25T09:14:37.372+0000] {processor.py:208} INFO - Processing /home/airflow/.local/lib/python3.12/site-packages/airflow/example_dags/example_branch_operator_decorator.py took 0.064 seconds
[2026-07-25T09:15:39.480+0000] {processor.py:186} INFO - Started process (PID=98) to work on /home/airflow/.local/lib/python3.12/site-packages/airflow/example_dags/example_branch_operator_decorator.py
[2026-07-25T09:15:39.481+0000] {processor.py:914} INFO - Processing file /home/airflow/.local/lib/python3.12/site-packages/airflow/example_dags/example_branch_operator_decorator.py for tasks to queue
[2026-07-25T09:15:39.483+0000] {logging_mixin.py:190} INFO - [2026-07-25T09:15:39.483+0000] {dagbag.py:588} INFO - Filling up the DagBag from /home/airflow/.local/lib/python3.12/site-packages/airflow/example_dags/example_branch_operator_decorator.py
[2026-07-25T09:15:39.497+0000] {processor.py:925} INFO - DAG(s) 'example_branch_python_operator_decorator' retrieved from /home/airflow/.local/lib/python3.12/site-packages/airflow/example_dags/example_branch_operator_decorator.py
[2026-07-25T09:15:39.574+0000] {logging_mixin.py:190} INFO - [2026-07-25T09:15:39.573+0000] {dag.py:3239} INFO - Sync 1 DAGs
[2026-07-25T09:15:39.588+0000] {logging_mixin.py:190} INFO - [2026-07-25T09:15:39.588+0000] {dag.py:4180} INFO - Setting next_dagrun for example_branch_python_operator_decorator to 2026-07-24 00:00:00+00:00, run_after=2026-07-25 00:00:00+00:00
[2026-07-25T09:15:39.600+0000] {processor.py:208} INFO - Processing /home/airflow/.local/lib/python3.12/site-packages/airflow/example_dags/example_branch_operator_decorator.py took 0.124 seconds
[2026-07-25T09:16:11.345+0000] {processor.py:186} INFO - Started process (PID=160) to work on /home/airflow/.local/lib/python3.12/site-packages/airflow/example_dags/example_branch_operator_decorator.py
[2026-07-25T09:16:11.346+0000] {processor.py:914} INFO - Processing file /home/airflow/.local/lib/python3.12/site-packages/airflow/example_dags/example_branch_operator_decorator.py for tasks to queue
[2026-07-25T09:16:11.348+0000] {logging_mixin.py:190} INFO - [2026-07-25T09:16:11.348+0000] {dagbag.py:588} INFO - Filling up the DagBag from /home/airflow/.local/lib/python3.12/site-packages/airflow/example_dags/example_branch_operator_decorator.py
[2026-07-25T09:16:11.363+0000] {processor.py:925} INFO - DAG(s) 'example_branch_python_operator_decorator' retrieved from /home/airflow/.local/lib/python3.12/site-packages/airflow/example_dags/example_branch_operator_decorator.py
[2026-07-25T09:16:11.382+0000] {logging_mixin.py:190} INFO - [2026-07-25T09:16:11.382+0000] {dag.py:3239} INFO - Sync 1 DAGs
[2026-07-25T09:16:11.398+0000] {logging_mixin.py:190} INFO - [2026-07-25T09:16:11.398+0000] {dag.py:4180} INFO - Setting next_dagrun for example_branch_python_operator_decorator to 2026-07-24 00:00:00+00:00, run_after=2026-07-25 00:00:00+00:00
[2026-07-25T09:16:11.409+0000] {processor.py:208} INFO - Processing /home/airflow/.local/lib/python3.12/site-packages/airflow/example_dags/example_branch_operator_decorator.py took 0.069 seconds
[2026-07-25T09:16:42.062+0000] {processor.py:186} INFO - Started process (PID=222) to work on /home/airflow/.local/lib/python3.12/site-packages/airflow/example_dags/example_branch_operator_decorator.py
[2026-07-25T09:16:42.063+0000] {processor.py:914} INFO - Processing file /home/airflow/.local/lib/python3.12/site-packages/airflow/example_dags/example_branch_operator_decorator.py for tasks to queue
[2026-07-25T09:16:42.064+0000] {logging_mixin.py:190} INFO - [2026-07-25T09:16:42.064+0000] {dagbag.py:588} INFO - Filling up the DagBag from /home/airflow/.local/lib/python3.12/site-packages/airflow/example_dags/example_branch_operator_decorator.py
[2026-07-25T09:16:42.078+0000] {processor.py:925} INFO - DAG(s) 'example_branch_python_operator_decorator' retrieved from /home/airflow/.local/lib/python3.12/site-packages/airflow/example_dags/example_branch_operator_decorator.py
[2026-07-25T09:16:42.095+0000] {logging_mixin.py:190} INFO - [2026-07-25T09:16:42.095+0000] {dag.py:3239} INFO - Sync 1 DAGs
[2026-07-25T09:16:42.109+0000] {logging_mixin.py:190} INFO - [2026-07-25T09:16:42.109+0000] {dag.py:4180} INFO - Setting next_dagrun for example_branch_python_operator_decorator to 2026-07-24 00:00:00+00:00, run_after=2026-07-25 00:00:00+00:00
[2026-07-25T09:16:42.121+0000] {processor.py:208} INFO - Processing /home/airflow/.local/lib/python3.12/site-packages/airflow/example_dags/example_branch_operator_decorator.py took 0.062 seconds
[2026-07-25T09:17:12.592+0000] {processor.py:186} INFO - Started process (PID=284) to work on /home/airflow/.local/lib/python3.12/site-packages/airflow/example_dags/example_branch_operator_decorator.py
[2026-07-25T09:17:12.593+0000] {processor.py:914} INFO - Processing file /home/airflow/.local/lib/python3.12/site-packages/airflow/example_dags/example_branch_operator_decorator.py for tasks to queue
[2026-07-25T09:17:12.595+0000] {logging_mixin.py:190} INFO - [2026-07-25T09:17:12.595+0000] {dagbag.py:588} INFO - Filling up the DagBag from /home/airflow/.local/lib/python3.12/site-packages/airflow/example_dags/example_branch_operator_decorator.py
[2026-07-25T09:17:12.608+0000] {processor.py:925} INFO - DAG(s) 'example_branch_python_operator_decorator' retrieved from /home/airflow/.local/lib/python3.12/site-packages/airflow/example_dags/example_branch_operator_decorator.py
[2026-07-25T09:17:12.624+0000] {logging_mixin.py:190} INFO - [2026-07-25T09:17:12.624+0000] {dag.py:3239} INFO - Sync 1 DAGs
[2026-07-25T09:17:12.639+0000] {logging_mixin.py:190} INFO - [2026-07-25T09:17:12.639+0000] {dag.py:4180} INFO - Setting next_dagrun for example_branch_python_operator_decorator to 2026-07-24 00:00:00+00:00, run_after=2026-07-25 00:00:00+00:00
[2026-07-25T09:17:12.650+0000] {processor.py:208} INFO - Processing /home/airflow/.local/lib/python3.12/site-packages/airflow/example_dags/example_branch_operator_decorator.py took 0.061 seconds
[2026-07-25T09:17:42.989+0000] {processor.py:186} INFO - Started process (PID=347) to work on /home/airflow/.local/lib/python3.12/site-packages/airflow/example_dags/example_branch_operator_decorator.py
[2026-07-25T09:17:42.990+0000] {processor.py:914} INFO - Processing file /home/airflow/.local/lib/python3.12/site-packages/airflow/example_dags/example_branch_operator_decorator.py for tasks to queue
[2026-07-25T09:17:42.992+0000] {logging_mixin.py:190} INFO - [2026-07-25T09:17:42.992+0000] {dagbag.py:588} INFO - Filling up the DagBag from /home/airflow/.local/lib/python3.12/site-packages/airflow/example_dags/example_branch_operator_decorator.py
[2026-07-25T09:17:43.005+0000] {processor.py:925} INFO - DAG(s) 'example_branch_python_operator_decorator' retrieved from /home/airflow/.local/lib/python3.12/site-packages/airflow/example_dags/example_branch_operator_decorator.py
[2026-07-25T09:17:43.022+0000] {logging_mixin.py:190} INFO - [2026-07-25T09:17:43.022+0000] {dag.py:3239} INFO - Sync 1 DAGs
[2026-07-25T09:17:43.035+0000] {logging_mixin.py:190} INFO - [2026-07-25T09:17:43.035+0000] {dag.py:4180} INFO - Setting next_dagrun for example_branch_python_operator_decorator to 2026-07-24 00:00:00+00:00, run_after=2026-07-25 00:00:00+00:00
[2026-07-25T09:17:43.046+0000] {processor.py:208} INFO - Processing /home/airflow/.local/lib/python3.12/site-packages/airflow/example_dags/example_branch_operator_decorator.py took 0.060 seconds
[2026-07-25T09:18:13.346+0000] {processor.py:186} INFO - Started process (PID=410) to work on /home/airflow/.local/lib/python3.12/site-packages/airflow/example_dags/example_branch_operator_decorator.py
[2026-07-25T09:18:13.347+0000] {processor.py:914} INFO - Processing file /home/airflow/.local/lib/python3.12/site-packages/airflow/example_dags/example_branch_operator_decorator.py for tasks to queue
[2026-07-25T09:18:13.349+0000] {logging_mixin.py:190} INFO - [2026-07-25T09:18:13.349+0000] {dagbag.py:588} INFO - Filling up the DagBag from /home/airflow/.local/lib/python3.12/site-packages/airflow/example_dags/example_branch_operator_decorator.py
[2026-07-25T09:18:13.362+0000] {processor.py:925} INFO - DAG(s) 'example_branch_python_operator_decorator' retrieved from /home/airflow/.local/lib/python3.12/site-packages/airflow/example_dags/example_branch_operator_decorator.py
[2026-07-25T09:18:13.380+0000] {logging_mixin.py:190} INFO - [2026-07-25T09:18:13.380+0000] {dag.py:3239} INFO - Sync 1 DAGs
[2026-07-25T09:18:13.393+0000] {logging_mixin.py:190} INFO - [2026-07-25T09:18:13.393+0000] {dag.py:4180} INFO - Setting next_dagrun for example_branch_python_operator_decorator to 2026-07-24 00:00:00+00:00, run_after=2026-07-25 00:00:00+00:00
[2026-07-25T09:18:13.404+0000] {processor.py:208} INFO - Processing /home/airflow/.local/lib/python3.12/site-packages/airflow/example_dags/example_branch_operator_decorator.py took 0.061 seconds
[2026-07-25T09:18:43.671+0000] {processor.py:186} INFO - Started process (PID=473) to work on /home/airflow/.local/lib/python3.12/site-packages/airflow/example_dags/example_branch_operator_decorator.py
[2026-07-25T09:18:43.673+0000] {processor.py:914} INFO - Processing file /home/airflow/.local/lib/python3.12/site-packages/airflow/example_dags/example_branch_operator_decorator.py for tasks to queue
[2026-07-25T09:18:43.676+0000] {logging_mixin.py:190} INFO - [2026-07-25T09:18:43.675+0000] {dagbag.py:588} INFO - Filling up the DagBag from /home/airflow/.local/lib/python3.12/site-packages/airflow/example_dags/example_branch_operator_decorator.py
[2026-07-25T09:18:43.693+0000] {processor.py:925} INFO - DAG(s) 'example_branch_python_operator_decorator' retrieved from /home/airflow/.local/lib/python3.12/site-packages/airflow/example_dags/example_branch_operator_decorator.py
[2026-07-25T09:18:43.712+0000] {logging_mixin.py:190} INFO - [2026-07-25T09:18:43.712+0000] {dag.py:3239} INFO - Sync 1 DAGs
[2026-07-25T09:18:43.726+0000] {logging_mixin.py:190} INFO - [2026-07-25T09:18:43.726+0000] {dag.py:4180} INFO - Setting next_dagrun for example_branch_python_operator_decorator to 2026-07-24 00:00:00+00:00, run_after=2026-07-25 00:00:00+00:00
[2026-07-25T09:18:43.738+0000] {processor.py:208} INFO - Processing /home/airflow/.local/lib/python3.12/site-packages/airflow/example_dags/example_branch_operator_decorator.py took 0.073 seconds
[2026-07-25T09:19:14.512+0000] {processor.py:186} INFO - Started process (PID=536) to work on /home/airflow/.local/lib/python3.12/site-packages/airflow/example_dags/example_branch_operator_decorator.py
[2026-07-25T09:19:14.513+0000] {processor.py:914} INFO - Processing file /home/airflow/.local/lib/python3.12/site-packages/airflow/example_dags/example_branch_operator_decorator.py for tasks to queue
[2026-07-25T09:19:14.515+0000] {logging_mixin.py:190} INFO - [2026-07-25T09:19:14.515+0000] {dagbag.py:588} INFO - Filling up the DagBag from /home/airflow/.local/lib/python3.12/site-packages/airflow/example_dags/example_branch_operator_decorator.py
[2026-07-25T09:19:14.531+0000] {processor.py:925} INFO - DAG(s) 'example_branch_python_operator_decorator' retrieved from /home/airflow/.local/lib/python3.12/site-packages/airflow/example_dags/example_branch_operator_decorator.py
[2026-07-25T09:19:14.550+0000] {logging_mixin.py:190} INFO - [2026-07-25T09:19:14.550+0000] {dag.py:3239} INFO - Sync 1 DAGs
[2026-07-25T09:19:14.565+0000] {logging_mixin.py:190} INFO - [2026-07-25T09:19:14.565+0000] {dag.py:4180} INFO - Setting next_dagrun for example_branch_python_operator_decorator to 2026-07-24 00:00:00+00:00, run_after=2026-07-25 00:00:00+00:00
[2026-07-25T09:19:14.578+0000] {processor.py:208} INFO - Processing /home/airflow/.local/lib/python3.12/site-packages/airflow/example_dags/example_branch_operator_decorator.py took 0.071 seconds
[2026-07-25T09:20:51.542+0000] {processor.py:186} INFO - Started process (PID=98) to work on /home/airflow/.local/lib/python3.12/site-packages/airflow/example_dags/example_branch_operator_decorator.py
[2026-07-25T09:20:51.543+0000] {processor.py:914} INFO - Processing file /home/airflow/.local/lib/python3.12/site-packages/airflow/example_dags/example_branch_operator_decorator.py for tasks to queue
[2026-07-25T09:20:51.545+0000] {logging_mixin.py:190} INFO - [2026-07-25T09:20:51.545+0000] {dagbag.py:588} INFO - Filling up the DagBag from /home/airflow/.local/lib/python3.12/site-packages/airflow/example_dags/example_branch_operator_decorator.py
[2026-07-25T09:20:51.563+0000] {processor.py:925} INFO - DAG(s) 'example_branch_python_operator_decorator' retrieved from /home/airflow/.local/lib/python3.12/site-packages/airflow/example_dags/example_branch_operator_decorator.py
[2026-07-25T09:20:51.659+0000] {logging_mixin.py:190} INFO - [2026-07-25T09:20:51.658+0000] {dag.py:3239} INFO - Sync 1 DAGs
[2026-07-25T09:20:51.672+0000] {logging_mixin.py:190} INFO - [2026-07-25T09:20:51.672+0000] {dag.py:4180} INFO - Setting next_dagrun for example_branch_python_operator_decorator to 2026-07-24 00:00:00+00:00, run_after=2026-07-25 00:00:00+00:00
[2026-07-25T09:20:51.686+0000] {processor.py:208} INFO - Processing /home/airflow/.local/lib/python3.12/site-packages/airflow/example_dags/example_branch_operator_decorator.py took 0.148 seconds
[2026-07-25T09:21:24.086+0000] {processor.py:186} INFO - Started process (PID=160) to work on /home/airflow/.local/lib/python3.12/site-packages/airflow/example_dags/example_branch_operator_decorator.py
[2026-07-25T09:21:24.087+0000] {processor.py:914} INFO - Processing file /home/airflow/.local/lib/python3.12/site-packages/airflow/example_dags/example_branch_operator_decorator.py for tasks to queue
[2026-07-25T09:21:24.089+0000] {logging_mixin.py:190} INFO - [2026-07-25T09:21:24.088+0000] {dagbag.py:588} INFO - Filling up the DagBag from /home/airflow/.local/lib/python3.12/site-packages/airflow/example_dags/example_branch_operator_decorator.py
[2026-07-25T09:21:24.103+0000] {processor.py:925} INFO - DAG(s) 'example_branch_python_operator_decorator' retrieved from /home/airflow/.local/lib/python3.12/site-packages/airflow/example_dags/example_branch_operator_decorator.py
[2026-07-25T09:21:24.121+0000] {logging_mixin.py:190} INFO - [2026-07-25T09:21:24.121+0000] {dag.py:3239} INFO - Sync 1 DAGs
[2026-07-25T09:21:24.135+0000] {logging_mixin.py:190} INFO - [2026-07-25T09:21:24.135+0000] {dag.py:4180} INFO - Setting next_dagrun for example_branch_python_operator_decorator to 2026-07-24 00:00:00+00:00, run_after=2026-07-25 00:00:00+00:00
[2026-07-25T09:21:24.147+0000] {processor.py:208} INFO - Processing /home/airflow/.local/lib/python3.12/site-packages/airflow/example_dags/example_branch_operator_decorator.py took 0.065 seconds
[2026-07-25T09:21:54.547+0000] {processor.py:186} INFO - Started process (PID=222) to work on /home/airflow/.local/lib/python3.12/site-packages/airflow/example_dags/example_branch_operator_decorator.py
[2026-07-25T09:21:54.548+0000] {processor.py:914} INFO - Processing file /home/airflow/.local/lib/python3.12/site-packages/airflow/example_dags/example_branch_operator_decorator.py for tasks to queue
[2026-07-25T09:21:54.550+0000] {logging_mixin.py:190} INFO - [2026-07-25T09:21:54.550+0000] {dagbag.py:588} INFO - Filling up the DagBag from /home/airflow/.local/lib/python3.12/site-packages/airflow/example_dags/example_branch_operator_decorator.py
[2026-07-25T09:21:54.564+0000] {processor.py:925} INFO - DAG(s) 'example_branch_python_operator_decorator' retrieved from /home/airflow/.local/lib/python3.12/site-packages/airflow/example_dags/example_branch_operator_decorator.py
[2026-07-25T09:21:54.584+0000] {logging_mixin.py:190} INFO - [2026-07-25T09:21:54.584+0000] {dag.py:3239} INFO - Sync 1 DAGs
[2026-07-25T09:21:54.598+0000] {logging_mixin.py:190} INFO - [2026-07-25T09:21:54.598+0000] {dag.py:4180} INFO - Setting next_dagrun for example_branch_python_operator_decorator to 2026-07-24 00:00:00+00:00, run_after=2026-07-25 00:00:00+00:00
[2026-07-25T09:21:54.610+0000] {processor.py:208} INFO - Processing /home/airflow/.local/lib/python3.12/site-packages/airflow/example_dags/example_branch_operator_decorator.py took 0.066 seconds
[2026-07-25T09:22:24.811+0000] {processor.py:186} INFO - Started process (PID=284) to work on /home/airflow/.local/lib/python3.12/site-packages/airflow/example_dags/example_branch_operator_decorator.py
[2026-07-25T09:22:24.812+0000] {processor.py:914} INFO - Processing file /home/airflow/.local/lib/python3.12/site-packages/airflow/example_dags/example_branch_operator_decorator.py for tasks to queue
[2026-07-25T09:22:24.814+0000] {logging_mixin.py:190} INFO - [2026-07-25T09:22:24.814+0000] {dagbag.py:588} INFO - Filling up the DagBag from /home/airflow/.local/lib/python3.12/site-packages/airflow/example_dags/example_branch_operator_decorator.py
[2026-07-25T09:22:24.827+0000] {processor.py:925} INFO - DAG(s) 'example_branch_python_operator_decorator' retrieved from /home/airflow/.local/lib/python3.12/site-packages/airflow/example_dags/example_branch_operator_decorator.py
[2026-07-25T09:22:24.845+0000] {logging_mixin.py:190} INFO - [2026-07-25T09:22:24.845+0000] {dag.py:3239} INFO - Sync 1 DAGs
[2026-07-25T09:22:24.858+0000] {logging_mixin.py:190} INFO - [2026-07-25T09:22:24.858+0000] {dag.py:4180} INFO - Setting next_dagrun for example_branch_python_operator_decorator to 2026-07-24 00:00:00+00:00, run_after=2026-07-25 00:00:00+00:00
[2026-07-25T09:22:24.869+0000] {processor.py:208} INFO - Processing /home/airflow/.local/lib/python3.12/site-packages/airflow/example_dags/example_branch_operator_decorator.py took 0.062 seconds
[2026-07-25T09:24:02.924+0000] {processor.py:186} INFO - Started process (PID=98) to work on /home/airflow/.local/lib/python3.12/site-packages/airflow/example_dags/example_branch_operator_decorator.py
[2026-07-25T09:24:02.925+0000] {processor.py:914} INFO - Processing file /home/airflow/.local/lib/python3.12/site-packages/airflow/example_dags/example_branch_operator_decorator.py for tasks to queue
[2026-07-25T09:24:02.927+0000] {logging_mixin.py:190} INFO - [2026-07-25T09:24:02.927+0000] {dagbag.py:588} INFO - Filling up the DagBag from /home/airflow/.local/lib/python3.12/site-packages/airflow/example_dags/example_branch_operator_decorator.py
[2026-07-25T09:24:02.941+0000] {processor.py:925} INFO - DAG(s) 'example_branch_python_operator_decorator' retrieved from /home/airflow/.local/lib/python3.12/site-packages/airflow/example_dags/example_branch_operator_decorator.py
[2026-07-25T09:24:03.018+0000] {logging_mixin.py:190} INFO - [2026-07-25T09:24:03.018+0000] {dag.py:3239} INFO - Sync 1 DAGs
[2026-07-25T09:24:03.032+0000] {logging_mixin.py:190} INFO - [2026-07-25T09:24:03.032+0000] {dag.py:4180} INFO - Setting next_dagrun for example_branch_python_operator_decorator to 2026-07-24 00:00:00+00:00, run_after=2026-07-25 00:00:00+00:00
[2026-07-25T09:24:03.058+0000] {processor.py:208} INFO - Processing /home/airflow/.local/lib/python3.12/site-packages/airflow/example_dags/example_branch_operator_decorator.py took 0.138 seconds
[2026-07-25T09:24:35.340+0000] {processor.py:186} INFO - Started process (PID=160) to work on /home/airflow/.local/lib/python3.12/site-packages/airflow/example_dags/example_branch_operator_decorator.py
[2026-07-25T09:24:35.341+0000] {processor.py:914} INFO - Processing file /home/airflow/.local/lib/python3.12/site-packages/airflow/example_dags/example_branch_operator_decorator.py for tasks to queue
[2026-07-25T09:24:35.343+0000] {logging_mixin.py:190} INFO - [2026-07-25T09:24:35.342+0000] {dagbag.py:588} INFO - Filling up the DagBag from /home/airflow/.local/lib/python3.12/site-packages/airflow/example_dags/example_branch_operator_decorator.py
[2026-07-25T09:24:35.357+0000] {processor.py:925} INFO - DAG(s) 'example_branch_python_operator_decorator' retrieved from /home/airflow/.local/lib/python3.12/site-packages/airflow/example_dags/example_branch_operator_decorator.py
[2026-07-25T09:24:35.376+0000] {logging_mixin.py:190} INFO - [2026-07-25T09:24:35.376+0000] {dag.py:3239} INFO - Sync 1 DAGs
[2026-07-25T09:24:35.390+0000] {logging_mixin.py:190} INFO - [2026-07-25T09:24:35.390+0000] {dag.py:4180} INFO - Setting next_dagrun for example_branch_python_operator_decorator to 2026-07-24 00:00:00+00:00, run_after=2026-07-25 00:00:00+00:00
[2026-07-25T09:24:35.416+0000] {processor.py:208} INFO - Processing /home/airflow/.local/lib/python3.12/site-packages/airflow/example_dags/example_branch_operator_decorator.py took 0.080 seconds
[2026-07-25T09:25:05.612+0000] {processor.py:186} INFO - Started process (PID=222) to work on /home/airflow/.local/lib/python3.12/site-packages/airflow/example_dags/example_branch_operator_decorator.py
[2026-07-25T09:25:05.613+0000] {processor.py:914} INFO - Processing file /home/airflow/.local/lib/python3.12/site-packages/airflow/example_dags/example_branch_operator_decorator.py for tasks to queue
[2026-07-25T09:25:05.615+0000] {logging_mixin.py:190} INFO - [2026-07-25T09:25:05.615+0000] {dagbag.py:588} INFO - Filling up the DagBag from /home/airflow/.local/lib/python3.12/site-packages/airflow/example_dags/example_branch_operator_decorator.py
[2026-07-25T09:25:05.629+0000] {processor.py:925} INFO - DAG(s) 'example_branch_python_operator_decorator' retrieved from /home/airflow/.local/lib/python3.12/site-packages/airflow/example_dags/example_branch_operator_decorator.py
[2026-07-25T09:25:05.648+0000] {logging_mixin.py:190} INFO - [2026-07-25T09:25:05.647+0000] {dag.py:3239} INFO - Sync 1 DAGs
[2026-07-25T09:25:05.662+0000] {logging_mixin.py:190} INFO - [2026-07-25T09:25:05.662+0000] {dag.py:4180} INFO - Setting next_dagrun for example_branch_python_operator_decorator to 2026-07-24 00:00:00+00:00, run_after=2026-07-25 00:00:00+00:00
[2026-07-25T09:25:05.674+0000] {processor.py:208} INFO - Processing /home/airflow/.local/lib/python3.12/site-packages/airflow/example_dags/example_branch_operator_decorator.py took 0.066 seconds
[2026-07-25T09:25:36.417+0000] {processor.py:186} INFO - Started process (PID=284) to work on /home/airflow/.local/lib/python3.12/site-packages/airflow/example_dags/example_branch_operator_decorator.py
[2026-07-25T09:25:36.418+0000] {processor.py:914} INFO - Processing file /home/airflow/.local/lib/python3.12/site-packages/airflow/example_dags/example_branch_operator_decorator.py for tasks to queue
[2026-07-25T09:25:36.420+0000] {logging_mixin.py:190} INFO - [2026-07-25T09:25:36.420+0000] {dagbag.py:588} INFO - Filling up the DagBag from /home/airflow/.local/lib/python3.12/site-packages/airflow/example_dags/example_branch_operator_decorator.py
[2026-07-25T09:25:36.434+0000] {processor.py:925} INFO - DAG(s) 'example_branch_python_operator_decorator' retrieved from /home/airflow/.local/lib/python3.12/site-packages/airflow/example_dags/example_branch_operator_decorator.py
[2026-07-25T09:25:36.451+0000] {logging_mixin.py:190} INFO - [2026-07-25T09:25:36.451+0000] {dag.py:3239} INFO - Sync 1 DAGs
[2026-07-25T09:25:36.465+0000] {logging_mixin.py:190} INFO - [2026-07-25T09:25:36.464+0000] {dag.py:4180} INFO - Setting next_dagrun for example_branch_python_operator_decorator to 2026-07-24 00:00:00+00:00, run_after=2026-07-25 00:00:00+00:00
[2026-07-25T09:25:36.488+0000] {processor.py:208} INFO - Processing /home/airflow/.local/lib/python3.12/site-packages/airflow/example_dags/example_branch_operator_decorator.py took 0.074 seconds
[2026-07-25T09:26:56.519+0000] {processor.py:186} INFO - Started process (PID=98) to work on /home/airflow/.local/lib/python3.12/site-packages/airflow/example_dags/example_branch_operator_decorator.py
[2026-07-25T09:26:56.520+0000] {processor.py:914} INFO - Processing file /home/airflow/.local/lib/python3.12/site-packages/airflow/example_dags/example_branch_operator_decorator.py for tasks to queue
[2026-07-25T09:26:56.522+0000] {logging_mixin.py:190} INFO - [2026-07-25T09:26:56.521+0000] {dagbag.py:588} INFO - Filling up the DagBag from /home/airflow/.local/lib/python3.12/site-packages/airflow/example_dags/example_branch_operator_decorator.py
[2026-07-25T09:26:56.536+0000] {processor.py:925} INFO - DAG(s) 'example_branch_python_operator_decorator' retrieved from /home/airflow/.local/lib/python3.12/site-packages/airflow/example_dags/example_branch_operator_decorator.py
[2026-07-25T09:26:56.628+0000] {logging_mixin.py:190} INFO - [2026-07-25T09:26:56.628+0000] {override.py:1932} INFO - Created Permission View: can edit on DAG:example_branch_python_operator_decorator
[2026-07-25T09:26:56.635+0000] {logging_mixin.py:190} INFO - [2026-07-25T09:26:56.635+0000] {override.py:1932} INFO - Created Permission View: can read on DAG:example_branch_python_operator_decorator
[2026-07-25T09:26:56.640+0000] {logging_mixin.py:190} INFO - [2026-07-25T09:26:56.640+0000] {override.py:1932} INFO - Created Permission View: can delete on DAG:example_branch_python_operator_decorator
[2026-07-25T09:26:56.647+0000] {logging_mixin.py:190} INFO - [2026-07-25T09:26:56.647+0000] {override.py:1932} INFO - Created Permission View: menu access on DAG Run:example_branch_python_operator_decorator
[2026-07-25T09:26:56.653+0000] {logging_mixin.py:190} INFO - [2026-07-25T09:26:56.652+0000] {override.py:1932} INFO - Created Permission View: can read on DAG Run:example_branch_python_operator_decorator
[2026-07-25T09:26:56.657+0000] {logging_mixin.py:190} INFO - [2026-07-25T09:26:56.657+0000] {override.py:1932} INFO - Created Permission View: can create on DAG Run:example_branch_python_operator_decorator
[2026-07-25T09:26:56.662+0000] {logging_mixin.py:190} INFO - [2026-07-25T09:26:56.662+0000] {override.py:1932} INFO - Created Permission View: can delete on DAG Run:example_branch_python_operator_decorator
[2026-07-25T09:26:56.663+0000] {logging_mixin.py:190} INFO - [2026-07-25T09:26:56.663+0000] {dag.py:3239} INFO - Sync 1 DAGs
[2026-07-25T09:26:56.671+0000] {logging_mixin.py:190} INFO - [2026-07-25T09:26:56.671+0000] {dag.py:3262} INFO - Creating ORM DAG for example_branch_python_operator_decorator
[2026-07-25T09:26:56.678+0000] {logging_mixin.py:190} INFO - [2026-07-25T09:26:56.678+0000] {dag.py:4180} INFO - Setting next_dagrun for example_branch_python_operator_decorator to 2026-07-24 00:00:00+00:00, run_after=2026-07-25 00:00:00+00:00
[2026-07-25T09:26:56.690+0000] {processor.py:208} INFO - Processing /home/airflow/.local/lib/python3.12/site-packages/airflow/example_dags/example_branch_operator_decorator.py took 0.175 seconds
[2026-07-25T09:27:28.336+0000] {processor.py:186} INFO - Started process (PID=160) to work on /home/airflow/.local/lib/python3.12/site-packages/airflow/example_dags/example_branch_operator_decorator.py
[2026-07-25T09:27:28.337+0000] {processor.py:914} INFO - Processing file /home/airflow/.local/lib/python3.12/site-packages/airflow/example_dags/example_branch_operator_decorator.py for tasks to queue
[2026-07-25T09:27:28.339+0000] {logging_mixin.py:190} INFO - [2026-07-25T09:27:28.339+0000] {dagbag.py:588} INFO - Filling up the DagBag from /home/airflow/.local/lib/python3.12/site-packages/airflow/example_dags/example_branch_operator_decorator.py
[2026-07-25T09:27:28.353+0000] {processor.py:925} INFO - DAG(s) 'example_branch_python_operator_decorator' retrieved from /home/airflow/.local/lib/python3.12/site-packages/airflow/example_dags/example_branch_operator_decorator.py
[2026-07-25T09:27:28.371+0000] {logging_mixin.py:190} INFO - [2026-07-25T09:27:28.371+0000] {dag.py:3239} INFO - Sync 1 DAGs
[2026-07-25T09:27:28.385+0000] {logging_mixin.py:190} INFO - [2026-07-25T09:27:28.385+0000] {dag.py:4180} INFO - Setting next_dagrun for example_branch_python_operator_decorator to 2026-07-24 00:00:00+00:00, run_after=2026-07-25 00:00:00+00:00
[2026-07-25T09:27:28.396+0000] {processor.py:208} INFO - Processing /home/airflow/.local/lib/python3.12/site-packages/airflow/example_dags/example_branch_operator_decorator.py took 0.064 seconds
[2026-07-25T09:27:58.494+0000] {processor.py:186} INFO - Started process (PID=222) to work on /home/airflow/.local/lib/python3.12/site-packages/airflow/example_dags/example_branch_operator_decorator.py
[2026-07-25T09:27:58.495+0000] {processor.py:914} INFO - Processing file /home/airflow/.local/lib/python3.12/site-packages/airflow/example_dags/example_branch_operator_decorator.py for tasks to queue
[2026-07-25T09:27:58.497+0000] {logging_mixin.py:190} INFO - [2026-07-25T09:27:58.497+0000] {dagbag.py:588} INFO - Filling up the DagBag from /home/airflow/.local/lib/python3.12/site-packages/airflow/example_dags/example_branch_operator_decorator.py
[2026-07-25T09:27:58.510+0000] {processor.py:925} INFO - DAG(s) 'example_branch_python_operator_decorator' retrieved from /home/airflow/.local/lib/python3.12/site-packages/airflow/example_dags/example_branch_operator_decorator.py
[2026-07-25T09:27:58.528+0000] {logging_mixin.py:190} INFO - [2026-07-25T09:27:58.528+0000] {dag.py:3239} INFO - Sync 1 DAGs
[2026-07-25T09:27:58.542+0000] {logging_mixin.py:190} INFO - [2026-07-25T09:27:58.542+0000] {dag.py:4180} INFO - Setting next_dagrun for example_branch_python_operator_decorator to 2026-07-24 00:00:00+00:00, run_after=2026-07-25 00:00:00+00:00
[2026-07-25T09:27:58.556+0000] {processor.py:208} INFO - Processing /home/airflow/.local/lib/python3.12/site-packages/airflow/example_dags/example_branch_operator_decorator.py took 0.065 seconds
[2026-07-25T09:28:28.656+0000] {processor.py:186} INFO - Started process (PID=284) to work on /home/airflow/.local/lib/python3.12/site-packages/airflow/example_dags/example_branch_operator_decorator.py
[2026-07-25T09:28:28.657+0000] {processor.py:914} INFO - Processing file /home/airflow/.local/lib/python3.12/site-packages/airflow/example_dags/example_branch_operator_decorator.py for tasks to queue
[2026-07-25T09:28:28.659+0000] {logging_mixin.py:190} INFO - [2026-07-25T09:28:28.659+0000] {dagbag.py:588} INFO - Filling up the DagBag from /home/airflow/.local/lib/python3.12/site-packages/airflow/example_dags/example_branch_operator_decorator.py
[2026-07-25T09:28:28.673+0000] {processor.py:925} INFO - DAG(s) 'example_branch_python_operator_decorator' retrieved from /home/airflow/.local/lib/python3.12/site-packages/airflow/example_dags/example_branch_operator_decorator.py
[2026-07-25T09:28:28.693+0000] {logging_mixin.py:190} INFO - [2026-07-25T09:28:28.693+0000] {dag.py:3239} INFO - Sync 1 DAGs
[2026-07-25T09:28:28.708+0000] {logging_mixin.py:190} INFO - [2026-07-25T09:28:28.707+0000] {dag.py:4180} INFO - Setting next_dagrun for example_branch_python_operator_decorator to 2026-07-24 00:00:00+00:00, run_after=2026-07-25 00:00:00+00:00
[2026-07-25T09:28:28.726+0000] {processor.py:208} INFO - Processing /home/airflow/.local/lib/python3.12/site-packages/airflow/example_dags/example_branch_operator_decorator.py took 0.075 seconds
[2026-07-25T09:28:59.223+0000] {processor.py:186} INFO - Started process (PID=347) to work on /home/airflow/.local/lib/python3.12/site-packages/airflow/example_dags/example_branch_operator_decorator.py
[2026-07-25T09:28:59.223+0000] {processor.py:914} INFO - Processing file /home/airflow/.local/lib/python3.12/site-packages/airflow/example_dags/example_branch_operator_decorator.py for tasks to queue
[2026-07-25T09:28:59.225+0000] {logging_mixin.py:190} INFO - [2026-07-25T09:28:59.225+0000] {dagbag.py:588} INFO - Filling up the DagBag from /home/airflow/.local/lib/python3.12/site-packages/airflow/example_dags/example_branch_operator_decorator.py
[2026-07-25T09:28:59.238+0000] {processor.py:925} INFO - DAG(s) 'example_branch_python_operator_decorator' retrieved from /home/airflow/.local/lib/python3.12/site-packages/airflow/example_dags/example_branch_operator_decorator.py
[2026-07-25T09:28:59.256+0000] {logging_mixin.py:190} INFO - [2026-07-25T09:28:59.255+0000] {dag.py:3239} INFO - Sync 1 DAGs
[2026-07-25T09:28:59.269+0000] {logging_mixin.py:190} INFO - [2026-07-25T09:28:59.269+0000] {dag.py:4180} INFO - Setting next_dagrun for example_branch_python_operator_decorator to 2026-07-24 00:00:00+00:00, run_after=2026-07-25 00:00:00+00:00
[2026-07-25T09:28:59.293+0000] {processor.py:208} INFO - Processing /home/airflow/.local/lib/python3.12/site-packages/airflow/example_dags/example_branch_operator_decorator.py took 0.074 seconds
[2026-07-25T09:29:29.424+0000] {processor.py:186} INFO - Started process (PID=410) to work on /home/airflow/.local/lib/python3.12/site-packages/airflow/example_dags/example_branch_operator_decorator.py
[2026-07-25T09:29:29.425+0000] {processor.py:914} INFO - Processing file /home/airflow/.local/lib/python3.12/site-packages/airflow/example_dags/example_branch_operator_decorator.py for tasks to queue
[2026-07-25T09:29:29.426+0000] {logging_mixin.py:190} INFO - [2026-07-25T09:29:29.426+0000] {dagbag.py:588} INFO - Filling up the DagBag from /home/airflow/.local/lib/python3.12/site-packages/airflow/example_dags/example_branch_operator_decorator.py
[2026-07-25T09:29:29.440+0000] {processor.py:925} INFO - DAG(s) 'example_branch_python_operator_decorator' retrieved from /home/airflow/.local/lib/python3.12/site-packages/airflow/example_dags/example_branch_operator_decorator.py
[2026-07-25T09:29:29.459+0000] {logging_mixin.py:190} INFO - [2026-07-25T09:29:29.458+0000] {dag.py:3239} INFO - Sync 1 DAGs
[2026-07-25T09:29:29.473+0000] {logging_mixin.py:190} INFO - [2026-07-25T09:29:29.472+0000] {dag.py:4180} INFO - Setting next_dagrun for example_branch_python_operator_decorator to 2026-07-24 00:00:00+00:00, run_after=2026-07-25 00:00:00+00:00
[2026-07-25T09:29:29.485+0000] {processor.py:208} INFO - Processing /home/airflow/.local/lib/python3.12/site-packages/airflow/example_dags/example_branch_operator_decorator.py took 0.065 seconds
[2026-07-25T09:30:00.161+0000] {processor.py:186} INFO - Started process (PID=473) to work on /home/airflow/.local/lib/python3.12/site-packages/airflow/example_dags/example_branch_operator_decorator.py
[2026-07-25T09:30:00.162+0000] {processor.py:914} INFO - Processing file /home/airflow/.local/lib/python3.12/site-packages/airflow/example_dags/example_branch_operator_decorator.py for tasks to queue
[2026-07-25T09:30:00.165+0000] {logging_mixin.py:190} INFO - [2026-07-25T09:30:00.165+0000] {dagbag.py:588} INFO - Filling up the DagBag from /home/airflow/.local/lib/python3.12/site-packages/airflow/example_dags/example_branch_operator_decorator.py
[2026-07-25T09:30:00.181+0000] {processor.py:925} INFO - DAG(s) 'example_branch_python_operator_decorator' retrieved from /home/airflow/.local/lib/python3.12/site-packages/airflow/example_dags/example_branch_operator_decorator.py
[2026-07-25T09:30:00.202+0000] {logging_mixin.py:190} INFO - [2026-07-25T09:30:00.202+0000] {dag.py:3239} INFO - Sync 1 DAGs
[2026-07-25T09:30:00.218+0000] {logging_mixin.py:190} INFO - [2026-07-25T09:30:00.217+0000] {dag.py:4180} INFO - Setting next_dagrun for example_branch_python_operator_decorator to 2026-07-24 00:00:00+00:00, run_after=2026-07-25 00:00:00+00:00
[2026-07-25T09:30:00.229+0000] {processor.py:208} INFO - Processing /home/airflow/.local/lib/python3.12/site-packages/airflow/example_dags/example_branch_operator_decorator.py took 0.074 seconds
[2026-07-25T09:30:32.170+0000] {processor.py:186} INFO - Started process (PID=536) to work on /home/airflow/.local/lib/python3.12/site-packages/airflow/example_dags/example_branch_operator_decorator.py
[2026-07-25T09:30:32.171+0000] {processor.py:914} INFO - Processing file /home/airflow/.local/lib/python3.12/site-packages/airflow/example_dags/example_branch_operator_decorator.py for tasks to queue
[2026-07-25T09:30:32.173+0000] {logging_mixin.py:190} INFO - [2026-07-25T09:30:32.173+0000] {dagbag.py:588} INFO - Filling up the DagBag from /home/airflow/.local/lib/python3.12/site-packages/airflow/example_dags/example_branch_operator_decorator.py
[2026-07-25T09:30:32.190+0000] {processor.py:925} INFO - DAG(s) 'example_branch_python_operator_decorator' retrieved from /home/airflow/.local/lib/python3.12/site-packages/airflow/example_dags/example_branch_operator_decorator.py
[2026-07-25T09:30:32.210+0000] {logging_mixin.py:190} INFO - [2026-07-25T09:30:32.210+0000] {dag.py:3239} INFO - Sync 1 DAGs
[2026-07-25T09:30:32.227+0000] {logging_mixin.py:190} INFO - [2026-07-25T09:30:32.227+0000] {dag.py:4180} INFO - Setting next_dagrun for example_branch_python_operator_decorator to 2026-07-24 00:00:00+00:00, run_after=2026-07-25 00:00:00+00:00
[2026-07-25T09:30:32.244+0000] {processor.py:208} INFO - Processing /home/airflow/.local/lib/python3.12/site-packages/airflow/example_dags/example_branch_operator_decorator.py took 0.080 seconds
