[2026-07-25T09:06:22.788+0000] {processor.py:186} INFO - Started process (PID=110) to work on /home/airflow/.local/lib/python3.12/site-packages/airflow/example_dags/example_display_name.py
[2026-07-25T09:06:22.789+0000] {processor.py:914} INFO - Processing file /home/airflow/.local/lib/python3.12/site-packages/airflow/example_dags/example_display_name.py for tasks to queue
[2026-07-25T09:06:22.790+0000] {logging_mixin.py:190} INFO - [2026-07-25T09:06:22.790+0000] {dagbag.py:588} INFO - Filling up the DagBag from /home/airflow/.local/lib/python3.12/site-packages/airflow/example_dags/example_display_name.py
[2026-07-25T09:06:22.796+0000] {processor.py:925} INFO - DAG(s) 'example_display_name' retrieved from /home/airflow/.local/lib/python3.12/site-packages/airflow/example_dags/example_display_name.py
[2026-07-25T09:06:22.858+0000] {logging_mixin.py:190} INFO - [2026-07-25T09:06:22.858+0000] {override.py:1932} INFO - Created Permission View: can edit on DAG:example_display_name
[2026-07-25T09:06:22.865+0000] {logging_mixin.py:190} INFO - [2026-07-25T09:06:22.864+0000] {override.py:1932} INFO - Created Permission View: can read on DAG:example_display_name
[2026-07-25T09:06:22.870+0000] {logging_mixin.py:190} INFO - [2026-07-25T09:06:22.870+0000] {override.py:1932} INFO - Created Permission View: can delete on DAG:example_display_name
[2026-07-25T09:06:22.877+0000] {logging_mixin.py:190} INFO - [2026-07-25T09:06:22.877+0000] {override.py:1932} INFO - Created Permission View: can create on DAG Run:example_display_name
[2026-07-25T09:06:22.882+0000] {logging_mixin.py:190} INFO - [2026-07-25T09:06:22.882+0000] {override.py:1932} INFO - Created Permission View: can read on DAG Run:example_display_name
[2026-07-25T09:06:22.887+0000] {logging_mixin.py:190} INFO - [2026-07-25T09:06:22.887+0000] {override.py:1932} INFO - Created Permission View: can delete on DAG Run:example_display_name
[2026-07-25T09:06:22.894+0000] {logging_mixin.py:190} INFO - [2026-07-25T09:06:22.894+0000] {override.py:1932} INFO - Created Permission View: menu access on DAG Run:example_display_name
[2026-07-25T09:06:22.894+0000] {logging_mixin.py:190} INFO - [2026-07-25T09:06:22.894+0000] {dag.py:3239} INFO - Sync 1 DAGs
[2026-07-25T09:06:22.902+0000] {logging_mixin.py:190} INFO - [2026-07-25T09:06:22.902+0000] {dag.py:3262} INFO - Creating ORM DAG for example_display_name
[2026-07-25T09:06:22.903+0000] {logging_mixin.py:190} INFO - [2026-07-25T09:06:22.903+0000] {dag.py:4180} INFO - Setting next_dagrun for example_display_name to None, run_after=None
[2026-07-25T09:06:22.914+0000] {processor.py:208} INFO - Processing /home/airflow/.local/lib/python3.12/site-packages/airflow/example_dags/example_display_name.py took 0.129 seconds
[2026-07-25T09:06:54.972+0000] {processor.py:186} INFO - Started process (PID=172) to work on /home/airflow/.local/lib/python3.12/site-packages/airflow/example_dags/example_display_name.py
[2026-07-25T09:06:54.973+0000] {processor.py:914} INFO - Processing file /home/airflow/.local/lib/python3.12/site-packages/airflow/example_dags/example_display_name.py for tasks to queue
[2026-07-25T09:06:54.975+0000] {logging_mixin.py:190} INFO - [2026-07-25T09:06:54.975+0000] {dagbag.py:588} INFO - Filling up the DagBag from /home/airflow/.local/lib/python3.12/site-packages/airflow/example_dags/example_display_name.py
[2026-07-25T09:06:54.980+0000] {processor.py:925} INFO - DAG(s) 'example_display_name' retrieved from /home/airflow/.local/lib/python3.12/site-packages/airflow/example_dags/example_display_name.py
[2026-07-25T09:06:54.994+0000] {logging_mixin.py:190} INFO - [2026-07-25T09:06:54.994+0000] {dag.py:3239} INFO - Sync 1 DAGs
[2026-07-25T09:06:55.005+0000] {logging_mixin.py:190} INFO - [2026-07-25T09:06:55.005+0000] {dag.py:4180} INFO - Setting next_dagrun for example_display_name to None, run_after=None
[2026-07-25T09:06:55.017+0000] {processor.py:208} INFO - Processing /home/airflow/.local/lib/python3.12/site-packages/airflow/example_dags/example_display_name.py took 0.048 seconds
[2026-07-25T09:07:29.489+0000] {processor.py:186} INFO - Started process (PID=235) to work on /home/airflow/.local/lib/python3.12/site-packages/airflow/example_dags/example_display_name.py
[2026-07-25T09:07:29.489+0000] {processor.py:914} INFO - Processing file /home/airflow/.local/lib/python3.12/site-packages/airflow/example_dags/example_display_name.py for tasks to queue
[2026-07-25T09:07:29.491+0000] {logging_mixin.py:190} INFO - [2026-07-25T09:07:29.491+0000] {dagbag.py:588} INFO - Filling up the DagBag from /home/airflow/.local/lib/python3.12/site-packages/airflow/example_dags/example_display_name.py
[2026-07-25T09:07:29.496+0000] {processor.py:925} INFO - DAG(s) 'example_display_name' retrieved from /home/airflow/.local/lib/python3.12/site-packages/airflow/example_dags/example_display_name.py
[2026-07-25T09:07:29.507+0000] {logging_mixin.py:190} INFO - [2026-07-25T09:07:29.507+0000] {dag.py:3239} INFO - Sync 1 DAGs
[2026-07-25T09:07:29.516+0000] {logging_mixin.py:190} INFO - [2026-07-25T09:07:29.516+0000] {dag.py:4180} INFO - Setting next_dagrun for example_display_name to None, run_after=None
[2026-07-25T09:07:29.528+0000] {processor.py:208} INFO - Processing /home/airflow/.local/lib/python3.12/site-packages/airflow/example_dags/example_display_name.py took 0.043 seconds
[2026-07-25T09:08:00.485+0000] {processor.py:186} INFO - Started process (PID=297) to work on /home/airflow/.local/lib/python3.12/site-packages/airflow/example_dags/example_display_name.py
[2026-07-25T09:08:00.486+0000] {processor.py:914} INFO - Processing file /home/airflow/.local/lib/python3.12/site-packages/airflow/example_dags/example_display_name.py for tasks to queue
[2026-07-25T09:08:00.488+0000] {logging_mixin.py:190} INFO - [2026-07-25T09:08:00.488+0000] {dagbag.py:588} INFO - Filling up the DagBag from /home/airflow/.local/lib/python3.12/site-packages/airflow/example_dags/example_display_name.py
[2026-07-25T09:08:00.493+0000] {processor.py:925} INFO - DAG(s) 'example_display_name' retrieved from /home/airflow/.local/lib/python3.12/site-packages/airflow/example_dags/example_display_name.py
[2026-07-25T09:08:00.506+0000] {logging_mixin.py:190} INFO - [2026-07-25T09:08:00.506+0000] {dag.py:3239} INFO - Sync 1 DAGs
[2026-07-25T09:08:00.514+0000] {logging_mixin.py:190} INFO - [2026-07-25T09:08:00.514+0000] {dag.py:4180} INFO - Setting next_dagrun for example_display_name to None, run_after=None
[2026-07-25T09:08:00.525+0000] {processor.py:208} INFO - Processing /home/airflow/.local/lib/python3.12/site-packages/airflow/example_dags/example_display_name.py took 0.043 seconds
[2026-07-25T09:08:30.790+0000] {processor.py:186} INFO - Started process (PID=359) to work on /home/airflow/.local/lib/python3.12/site-packages/airflow/example_dags/example_display_name.py
[2026-07-25T09:08:30.790+0000] {processor.py:914} INFO - Processing file /home/airflow/.local/lib/python3.12/site-packages/airflow/example_dags/example_display_name.py for tasks to queue
[2026-07-25T09:08:30.793+0000] {logging_mixin.py:190} INFO - [2026-07-25T09:08:30.792+0000] {dagbag.py:588} INFO - Filling up the DagBag from /home/airflow/.local/lib/python3.12/site-packages/airflow/example_dags/example_display_name.py
[2026-07-25T09:08:30.798+0000] {processor.py:925} INFO - DAG(s) 'example_display_name' retrieved from /home/airflow/.local/lib/python3.12/site-packages/airflow/example_dags/example_display_name.py
[2026-07-25T09:08:30.811+0000] {logging_mixin.py:190} INFO - [2026-07-25T09:08:30.810+0000] {dag.py:3239} INFO - Sync 1 DAGs
[2026-07-25T09:08:30.820+0000] {logging_mixin.py:190} INFO - [2026-07-25T09:08:30.820+0000] {dag.py:4180} INFO - Setting next_dagrun for example_display_name to None, run_after=None
[2026-07-25T09:08:30.830+0000] {processor.py:208} INFO - Processing /home/airflow/.local/lib/python3.12/site-packages/airflow/example_dags/example_display_name.py took 0.044 seconds
[2026-07-25T09:09:01.595+0000] {processor.py:186} INFO - Started process (PID=421) to work on /home/airflow/.local/lib/python3.12/site-packages/airflow/example_dags/example_display_name.py
[2026-07-25T09:09:01.596+0000] {processor.py:914} INFO - Processing file /home/airflow/.local/lib/python3.12/site-packages/airflow/example_dags/example_display_name.py for tasks to queue
[2026-07-25T09:09:01.599+0000] {logging_mixin.py:190} INFO - [2026-07-25T09:09:01.598+0000] {dagbag.py:588} INFO - Filling up the DagBag from /home/airflow/.local/lib/python3.12/site-packages/airflow/example_dags/example_display_name.py
[2026-07-25T09:09:01.603+0000] {processor.py:925} INFO - DAG(s) 'example_display_name' retrieved from /home/airflow/.local/lib/python3.12/site-packages/airflow/example_dags/example_display_name.py
[2026-07-25T09:09:01.618+0000] {logging_mixin.py:190} INFO - [2026-07-25T09:09:01.618+0000] {dag.py:3239} INFO - Sync 1 DAGs
[2026-07-25T09:09:01.627+0000] {logging_mixin.py:190} INFO - [2026-07-25T09:09:01.627+0000] {dag.py:4180} INFO - Setting next_dagrun for example_display_name to None, run_after=None
[2026-07-25T09:09:01.639+0000] {processor.py:208} INFO - Processing /home/airflow/.local/lib/python3.12/site-packages/airflow/example_dags/example_display_name.py took 0.047 seconds
[2026-07-25T09:09:32.428+0000] {processor.py:186} INFO - Started process (PID=484) to work on /home/airflow/.local/lib/python3.12/site-packages/airflow/example_dags/example_display_name.py
[2026-07-25T09:09:32.429+0000] {processor.py:914} INFO - Processing file /home/airflow/.local/lib/python3.12/site-packages/airflow/example_dags/example_display_name.py for tasks to queue
[2026-07-25T09:09:32.431+0000] {logging_mixin.py:190} INFO - [2026-07-25T09:09:32.431+0000] {dagbag.py:588} INFO - Filling up the DagBag from /home/airflow/.local/lib/python3.12/site-packages/airflow/example_dags/example_display_name.py
[2026-07-25T09:09:32.437+0000] {processor.py:925} INFO - DAG(s) 'example_display_name' retrieved from /home/airflow/.local/lib/python3.12/site-packages/airflow/example_dags/example_display_name.py
[2026-07-25T09:09:32.451+0000] {logging_mixin.py:190} INFO - [2026-07-25T09:09:32.451+0000] {dag.py:3239} INFO - Sync 1 DAGs
[2026-07-25T09:09:32.460+0000] {logging_mixin.py:190} INFO - [2026-07-25T09:09:32.460+0000] {dag.py:4180} INFO - Setting next_dagrun for example_display_name to None, run_after=None
[2026-07-25T09:09:32.471+0000] {processor.py:208} INFO - Processing /home/airflow/.local/lib/python3.12/site-packages/airflow/example_dags/example_display_name.py took 0.048 seconds
[2026-07-25T09:10:02.645+0000] {processor.py:186} INFO - Started process (PID=547) to work on /home/airflow/.local/lib/python3.12/site-packages/airflow/example_dags/example_display_name.py
[2026-07-25T09:10:02.646+0000] {processor.py:914} INFO - Processing file /home/airflow/.local/lib/python3.12/site-packages/airflow/example_dags/example_display_name.py for tasks to queue
[2026-07-25T09:10:02.648+0000] {logging_mixin.py:190} INFO - [2026-07-25T09:10:02.647+0000] {dagbag.py:588} INFO - Filling up the DagBag from /home/airflow/.local/lib/python3.12/site-packages/airflow/example_dags/example_display_name.py
[2026-07-25T09:10:02.652+0000] {processor.py:925} INFO - DAG(s) 'example_display_name' retrieved from /home/airflow/.local/lib/python3.12/site-packages/airflow/example_dags/example_display_name.py
[2026-07-25T09:10:02.665+0000] {logging_mixin.py:190} INFO - [2026-07-25T09:10:02.665+0000] {dag.py:3239} INFO - Sync 1 DAGs
[2026-07-25T09:10:02.673+0000] {logging_mixin.py:190} INFO - [2026-07-25T09:10:02.673+0000] {dag.py:4180} INFO - Setting next_dagrun for example_display_name to None, run_after=None
[2026-07-25T09:10:02.685+0000] {processor.py:208} INFO - Processing /home/airflow/.local/lib/python3.12/site-packages/airflow/example_dags/example_display_name.py took 0.043 seconds
[2026-07-25T09:10:33.251+0000] {processor.py:186} INFO - Started process (PID=610) to work on /home/airflow/.local/lib/python3.12/site-packages/airflow/example_dags/example_display_name.py
[2026-07-25T09:10:33.252+0000] {processor.py:914} INFO - Processing file /home/airflow/.local/lib/python3.12/site-packages/airflow/example_dags/example_display_name.py for tasks to queue
[2026-07-25T09:10:33.254+0000] {logging_mixin.py:190} INFO - [2026-07-25T09:10:33.254+0000] {dagbag.py:588} INFO - Filling up the DagBag from /home/airflow/.local/lib/python3.12/site-packages/airflow/example_dags/example_display_name.py
[2026-07-25T09:10:33.258+0000] {processor.py:925} INFO - DAG(s) 'example_display_name' retrieved from /home/airflow/.local/lib/python3.12/site-packages/airflow/example_dags/example_display_name.py
[2026-07-25T09:10:33.270+0000] {logging_mixin.py:190} INFO - [2026-07-25T09:10:33.270+0000] {dag.py:3239} INFO - Sync 1 DAGs
[2026-07-25T09:10:33.278+0000] {logging_mixin.py:190} INFO - [2026-07-25T09:10:33.278+0000] {dag.py:4180} INFO - Setting next_dagrun for example_display_name to None, run_after=None
[2026-07-25T09:10:33.290+0000] {processor.py:208} INFO - Processing /home/airflow/.local/lib/python3.12/site-packages/airflow/example_dags/example_display_name.py took 0.042 seconds
[2026-07-25T09:11:05.496+0000] {processor.py:186} INFO - Started process (PID=673) to work on /home/airflow/.local/lib/python3.12/site-packages/airflow/example_dags/example_display_name.py
[2026-07-25T09:11:05.497+0000] {processor.py:914} INFO - Processing file /home/airflow/.local/lib/python3.12/site-packages/airflow/example_dags/example_display_name.py for tasks to queue
[2026-07-25T09:11:05.499+0000] {logging_mixin.py:190} INFO - [2026-07-25T09:11:05.499+0000] {dagbag.py:588} INFO - Filling up the DagBag from /home/airflow/.local/lib/python3.12/site-packages/airflow/example_dags/example_display_name.py
[2026-07-25T09:11:05.504+0000] {processor.py:925} INFO - DAG(s) 'example_display_name' retrieved from /home/airflow/.local/lib/python3.12/site-packages/airflow/example_dags/example_display_name.py
[2026-07-25T09:11:05.515+0000] {logging_mixin.py:190} INFO - [2026-07-25T09:11:05.515+0000] {dag.py:3239} INFO - Sync 1 DAGs
[2026-07-25T09:11:05.523+0000] {logging_mixin.py:190} INFO - [2026-07-25T09:11:05.523+0000] {dag.py:4180} INFO - Setting next_dagrun for example_display_name to None, run_after=None
[2026-07-25T09:11:05.534+0000] {processor.py:208} INFO - Processing /home/airflow/.local/lib/python3.12/site-packages/airflow/example_dags/example_display_name.py took 0.041 seconds
[2026-07-25T09:11:39.961+0000] {processor.py:186} INFO - Started process (PID=736) to work on /home/airflow/.local/lib/python3.12/site-packages/airflow/example_dags/example_display_name.py
[2026-07-25T09:11:39.962+0000] {processor.py:914} INFO - Processing file /home/airflow/.local/lib/python3.12/site-packages/airflow/example_dags/example_display_name.py for tasks to queue
[2026-07-25T09:11:39.964+0000] {logging_mixin.py:190} INFO - [2026-07-25T09:11:39.964+0000] {dagbag.py:588} INFO - Filling up the DagBag from /home/airflow/.local/lib/python3.12/site-packages/airflow/example_dags/example_display_name.py
[2026-07-25T09:11:39.969+0000] {processor.py:925} INFO - DAG(s) 'example_display_name' retrieved from /home/airflow/.local/lib/python3.12/site-packages/airflow/example_dags/example_display_name.py
[2026-07-25T09:11:39.981+0000] {logging_mixin.py:190} INFO - [2026-07-25T09:11:39.981+0000] {dag.py:3239} INFO - Sync 1 DAGs
[2026-07-25T09:11:39.989+0000] {logging_mixin.py:190} INFO - [2026-07-25T09:11:39.989+0000] {dag.py:4180} INFO - Setting next_dagrun for example_display_name to None, run_after=None
[2026-07-25T09:11:40.001+0000] {processor.py:208} INFO - Processing /home/airflow/.local/lib/python3.12/site-packages/airflow/example_dags/example_display_name.py took 0.043 seconds
[2026-07-25T09:12:11.460+0000] {processor.py:186} INFO - Started process (PID=798) to work on /home/airflow/.local/lib/python3.12/site-packages/airflow/example_dags/example_display_name.py
[2026-07-25T09:12:11.461+0000] {processor.py:914} INFO - Processing file /home/airflow/.local/lib/python3.12/site-packages/airflow/example_dags/example_display_name.py for tasks to queue
[2026-07-25T09:12:11.463+0000] {logging_mixin.py:190} INFO - [2026-07-25T09:12:11.463+0000] {dagbag.py:588} INFO - Filling up the DagBag from /home/airflow/.local/lib/python3.12/site-packages/airflow/example_dags/example_display_name.py
[2026-07-25T09:12:11.468+0000] {processor.py:925} INFO - DAG(s) 'example_display_name' retrieved from /home/airflow/.local/lib/python3.12/site-packages/airflow/example_dags/example_display_name.py
[2026-07-25T09:12:11.482+0000] {logging_mixin.py:190} INFO - [2026-07-25T09:12:11.482+0000] {dag.py:3239} INFO - Sync 1 DAGs
[2026-07-25T09:12:11.491+0000] {logging_mixin.py:190} INFO - [2026-07-25T09:12:11.491+0000] {dag.py:4180} INFO - Setting next_dagrun for example_display_name to None, run_after=None
[2026-07-25T09:12:11.503+0000] {processor.py:208} INFO - Processing /home/airflow/.local/lib/python3.12/site-packages/airflow/example_dags/example_display_name.py took 0.047 seconds
[2026-07-25T09:12:42.238+0000] {processor.py:186} INFO - Started process (PID=860) to work on /home/airflow/.local/lib/python3.12/site-packages/airflow/example_dags/example_display_name.py
[2026-07-25T09:12:42.239+0000] {processor.py:914} INFO - Processing file /home/airflow/.local/lib/python3.12/site-packages/airflow/example_dags/example_display_name.py for tasks to queue
[2026-07-25T09:12:42.241+0000] {logging_mixin.py:190} INFO - [2026-07-25T09:12:42.241+0000] {dagbag.py:588} INFO - Filling up the DagBag from /home/airflow/.local/lib/python3.12/site-packages/airflow/example_dags/example_display_name.py
[2026-07-25T09:12:42.246+0000] {processor.py:925} INFO - DAG(s) 'example_display_name' retrieved from /home/airflow/.local/lib/python3.12/site-packages/airflow/example_dags/example_display_name.py
[2026-07-25T09:12:42.258+0000] {logging_mixin.py:190} INFO - [2026-07-25T09:12:42.258+0000] {dag.py:3239} INFO - Sync 1 DAGs
[2026-07-25T09:12:42.266+0000] {logging_mixin.py:190} INFO - [2026-07-25T09:12:42.266+0000] {dag.py:4180} INFO - Setting next_dagrun for example_display_name to None, run_after=None
[2026-07-25T09:12:42.283+0000] {processor.py:208} INFO - Processing /home/airflow/.local/lib/python3.12/site-packages/airflow/example_dags/example_display_name.py took 0.048 seconds
[2026-07-25T09:13:13.008+0000] {processor.py:186} INFO - Started process (PID=923) to work on /home/airflow/.local/lib/python3.12/site-packages/airflow/example_dags/example_display_name.py
[2026-07-25T09:13:13.009+0000] {processor.py:914} INFO - Processing file /home/airflow/.local/lib/python3.12/site-packages/airflow/example_dags/example_display_name.py for tasks to queue
[2026-07-25T09:13:13.012+0000] {logging_mixin.py:190} INFO - [2026-07-25T09:13:13.011+0000] {dagbag.py:588} INFO - Filling up the DagBag from /home/airflow/.local/lib/python3.12/site-packages/airflow/example_dags/example_display_name.py
[2026-07-25T09:13:13.018+0000] {processor.py:925} INFO - DAG(s) 'example_display_name' retrieved from /home/airflow/.local/lib/python3.12/site-packages/airflow/example_dags/example_display_name.py
[2026-07-25T09:13:13.034+0000] {logging_mixin.py:190} INFO - [2026-07-25T09:13:13.034+0000] {dag.py:3239} INFO - Sync 1 DAGs
[2026-07-25T09:13:13.043+0000] {logging_mixin.py:190} INFO - [2026-07-25T09:13:13.043+0000] {dag.py:4180} INFO - Setting next_dagrun for example_display_name to None, run_after=None
[2026-07-25T09:13:13.055+0000] {processor.py:208} INFO - Processing /home/airflow/.local/lib/python3.12/site-packages/airflow/example_dags/example_display_name.py took 0.050 seconds
[2026-07-25T09:13:43.118+0000] {processor.py:186} INFO - Started process (PID=985) to work on /home/airflow/.local/lib/python3.12/site-packages/airflow/example_dags/example_display_name.py
[2026-07-25T09:13:43.119+0000] {processor.py:914} INFO - Processing file /home/airflow/.local/lib/python3.12/site-packages/airflow/example_dags/example_display_name.py for tasks to queue
[2026-07-25T09:13:43.120+0000] {logging_mixin.py:190} INFO - [2026-07-25T09:13:43.120+0000] {dagbag.py:588} INFO - Filling up the DagBag from /home/airflow/.local/lib/python3.12/site-packages/airflow/example_dags/example_display_name.py
[2026-07-25T09:13:43.125+0000] {processor.py:925} INFO - DAG(s) 'example_display_name' retrieved from /home/airflow/.local/lib/python3.12/site-packages/airflow/example_dags/example_display_name.py
[2026-07-25T09:13:43.137+0000] {logging_mixin.py:190} INFO - [2026-07-25T09:13:43.137+0000] {dag.py:3239} INFO - Sync 1 DAGs
[2026-07-25T09:13:43.146+0000] {logging_mixin.py:190} INFO - [2026-07-25T09:13:43.145+0000] {dag.py:4180} INFO - Setting next_dagrun for example_display_name to None, run_after=None
[2026-07-25T09:13:43.157+0000] {processor.py:208} INFO - Processing /home/airflow/.local/lib/python3.12/site-packages/airflow/example_dags/example_display_name.py took 0.043 seconds
[2026-07-25T09:14:13.435+0000] {processor.py:186} INFO - Started process (PID=1047) to work on /home/airflow/.local/lib/python3.12/site-packages/airflow/example_dags/example_display_name.py
[2026-07-25T09:14:13.436+0000] {processor.py:914} INFO - Processing file /home/airflow/.local/lib/python3.12/site-packages/airflow/example_dags/example_display_name.py for tasks to queue
[2026-07-25T09:14:13.438+0000] {logging_mixin.py:190} INFO - [2026-07-25T09:14:13.438+0000] {dagbag.py:588} INFO - Filling up the DagBag from /home/airflow/.local/lib/python3.12/site-packages/airflow/example_dags/example_display_name.py
[2026-07-25T09:14:13.443+0000] {processor.py:925} INFO - DAG(s) 'example_display_name' retrieved from /home/airflow/.local/lib/python3.12/site-packages/airflow/example_dags/example_display_name.py
[2026-07-25T09:14:13.455+0000] {logging_mixin.py:190} INFO - [2026-07-25T09:14:13.455+0000] {dag.py:3239} INFO - Sync 1 DAGs
[2026-07-25T09:14:13.463+0000] {logging_mixin.py:190} INFO - [2026-07-25T09:14:13.463+0000] {dag.py:4180} INFO - Setting next_dagrun for example_display_name to None, run_after=None
[2026-07-25T09:14:13.474+0000] {processor.py:208} INFO - Processing /home/airflow/.local/lib/python3.12/site-packages/airflow/example_dags/example_display_name.py took 0.042 seconds
[2026-07-25T09:15:41.787+0000] {processor.py:186} INFO - Started process (PID=110) to work on /home/airflow/.local/lib/python3.12/site-packages/airflow/example_dags/example_display_name.py
[2026-07-25T09:15:41.788+0000] {processor.py:914} INFO - Processing file /home/airflow/.local/lib/python3.12/site-packages/airflow/example_dags/example_display_name.py for tasks to queue
[2026-07-25T09:15:41.790+0000] {logging_mixin.py:190} INFO - [2026-07-25T09:15:41.790+0000] {dagbag.py:588} INFO - Filling up the DagBag from /home/airflow/.local/lib/python3.12/site-packages/airflow/example_dags/example_display_name.py
[2026-07-25T09:15:41.796+0000] {processor.py:925} INFO - DAG(s) 'example_display_name' retrieved from /home/airflow/.local/lib/python3.12/site-packages/airflow/example_dags/example_display_name.py
[2026-07-25T09:15:41.809+0000] {logging_mixin.py:190} INFO - [2026-07-25T09:15:41.809+0000] {dag.py:3239} INFO - Sync 1 DAGs
[2026-07-25T09:15:41.819+0000] {logging_mixin.py:190} INFO - [2026-07-25T09:15:41.819+0000] {dag.py:4180} INFO - Setting next_dagrun for example_display_name to None, run_after=None
[2026-07-25T09:15:41.830+0000] {processor.py:208} INFO - Processing /home/airflow/.local/lib/python3.12/site-packages/airflow/example_dags/example_display_name.py took 0.047 seconds
[2026-07-25T09:16:14.474+0000] {processor.py:186} INFO - Started process (PID=172) to work on /home/airflow/.local/lib/python3.12/site-packages/airflow/example_dags/example_display_name.py
[2026-07-25T09:16:14.475+0000] {processor.py:914} INFO - Processing file /home/airflow/.local/lib/python3.12/site-packages/airflow/example_dags/example_display_name.py for tasks to queue
[2026-07-25T09:16:14.477+0000] {logging_mixin.py:190} INFO - [2026-07-25T09:16:14.477+0000] {dagbag.py:588} INFO - Filling up the DagBag from /home/airflow/.local/lib/python3.12/site-packages/airflow/example_dags/example_display_name.py
[2026-07-25T09:16:14.482+0000] {processor.py:925} INFO - DAG(s) 'example_display_name' retrieved from /home/airflow/.local/lib/python3.12/site-packages/airflow/example_dags/example_display_name.py
[2026-07-25T09:16:14.494+0000] {logging_mixin.py:190} INFO - [2026-07-25T09:16:14.494+0000] {dag.py:3239} INFO - Sync 1 DAGs
[2026-07-25T09:16:14.503+0000] {logging_mixin.py:190} INFO - [2026-07-25T09:16:14.503+0000] {dag.py:4180} INFO - Setting next_dagrun for example_display_name to None, run_after=None
[2026-07-25T09:16:14.516+0000] {processor.py:208} INFO - Processing /home/airflow/.local/lib/python3.12/site-packages/airflow/example_dags/example_display_name.py took 0.044 seconds
[2026-07-25T09:16:48.697+0000] {processor.py:186} INFO - Started process (PID=235) to work on /home/airflow/.local/lib/python3.12/site-packages/airflow/example_dags/example_display_name.py
[2026-07-25T09:16:48.698+0000] {processor.py:914} INFO - Processing file /home/airflow/.local/lib/python3.12/site-packages/airflow/example_dags/example_display_name.py for tasks to queue
[2026-07-25T09:16:48.700+0000] {logging_mixin.py:190} INFO - [2026-07-25T09:16:48.700+0000] {dagbag.py:588} INFO - Filling up the DagBag from /home/airflow/.local/lib/python3.12/site-packages/airflow/example_dags/example_display_name.py
[2026-07-25T09:16:48.705+0000] {processor.py:925} INFO - DAG(s) 'example_display_name' retrieved from /home/airflow/.local/lib/python3.12/site-packages/airflow/example_dags/example_display_name.py
[2026-07-25T09:16:48.718+0000] {logging_mixin.py:190} INFO - [2026-07-25T09:16:48.718+0000] {dag.py:3239} INFO - Sync 1 DAGs
[2026-07-25T09:16:48.726+0000] {logging_mixin.py:190} INFO - [2026-07-25T09:16:48.726+0000] {dag.py:4180} INFO - Setting next_dagrun for example_display_name to None, run_after=None
[2026-07-25T09:16:48.737+0000] {processor.py:208} INFO - Processing /home/airflow/.local/lib/python3.12/site-packages/airflow/example_dags/example_display_name.py took 0.044 seconds
[2026-07-25T09:17:23.012+0000] {processor.py:186} INFO - Started process (PID=298) to work on /home/airflow/.local/lib/python3.12/site-packages/airflow/example_dags/example_display_name.py
[2026-07-25T09:17:23.013+0000] {processor.py:914} INFO - Processing file /home/airflow/.local/lib/python3.12/site-packages/airflow/example_dags/example_display_name.py for tasks to queue
[2026-07-25T09:17:23.015+0000] {logging_mixin.py:190} INFO - [2026-07-25T09:17:23.015+0000] {dagbag.py:588} INFO - Filling up the DagBag from /home/airflow/.local/lib/python3.12/site-packages/airflow/example_dags/example_display_name.py
[2026-07-25T09:17:23.020+0000] {processor.py:925} INFO - DAG(s) 'example_display_name' retrieved from /home/airflow/.local/lib/python3.12/site-packages/airflow/example_dags/example_display_name.py
[2026-07-25T09:17:23.033+0000] {logging_mixin.py:190} INFO - [2026-07-25T09:17:23.032+0000] {dag.py:3239} INFO - Sync 1 DAGs
[2026-07-25T09:17:23.041+0000] {logging_mixin.py:190} INFO - [2026-07-25T09:17:23.041+0000] {dag.py:4180} INFO - Setting next_dagrun for example_display_name to None, run_after=None
[2026-07-25T09:17:23.052+0000] {processor.py:208} INFO - Processing /home/airflow/.local/lib/python3.12/site-packages/airflow/example_dags/example_display_name.py took 0.044 seconds
[2026-07-25T09:17:57.020+0000] {processor.py:186} INFO - Started process (PID=361) to work on /home/airflow/.local/lib/python3.12/site-packages/airflow/example_dags/example_display_name.py
[2026-07-25T09:17:57.020+0000] {processor.py:914} INFO - Processing file /home/airflow/.local/lib/python3.12/site-packages/airflow/example_dags/example_display_name.py for tasks to queue
[2026-07-25T09:17:57.022+0000] {logging_mixin.py:190} INFO - [2026-07-25T09:17:57.022+0000] {dagbag.py:588} INFO - Filling up the DagBag from /home/airflow/.local/lib/python3.12/site-packages/airflow/example_dags/example_display_name.py
[2026-07-25T09:17:57.027+0000] {processor.py:925} INFO - DAG(s) 'example_display_name' retrieved from /home/airflow/.local/lib/python3.12/site-packages/airflow/example_dags/example_display_name.py
[2026-07-25T09:17:57.041+0000] {logging_mixin.py:190} INFO - [2026-07-25T09:17:57.040+0000] {dag.py:3239} INFO - Sync 1 DAGs
[2026-07-25T09:17:57.049+0000] {logging_mixin.py:190} INFO - [2026-07-25T09:17:57.049+0000] {dag.py:4180} INFO - Setting next_dagrun for example_display_name to None, run_after=None
[2026-07-25T09:17:57.061+0000] {processor.py:208} INFO - Processing /home/airflow/.local/lib/python3.12/site-packages/airflow/example_dags/example_display_name.py took 0.045 seconds
[2026-07-25T09:18:27.712+0000] {processor.py:186} INFO - Started process (PID=423) to work on /home/airflow/.local/lib/python3.12/site-packages/airflow/example_dags/example_display_name.py
[2026-07-25T09:18:27.713+0000] {processor.py:914} INFO - Processing file /home/airflow/.local/lib/python3.12/site-packages/airflow/example_dags/example_display_name.py for tasks to queue
[2026-07-25T09:18:27.715+0000] {logging_mixin.py:190} INFO - [2026-07-25T09:18:27.715+0000] {dagbag.py:588} INFO - Filling up the DagBag from /home/airflow/.local/lib/python3.12/site-packages/airflow/example_dags/example_display_name.py
[2026-07-25T09:18:27.722+0000] {processor.py:925} INFO - DAG(s) 'example_display_name' retrieved from /home/airflow/.local/lib/python3.12/site-packages/airflow/example_dags/example_display_name.py
[2026-07-25T09:18:27.737+0000] {logging_mixin.py:190} INFO - [2026-07-25T09:18:27.737+0000] {dag.py:3239} INFO - Sync 1 DAGs
[2026-07-25T09:18:27.749+0000] {logging_mixin.py:190} INFO - [2026-07-25T09:18:27.749+0000] {dag.py:4180} INFO - Setting next_dagrun for example_display_name to None, run_after=None
[2026-07-25T09:18:27.761+0000] {processor.py:208} INFO - Processing /home/airflow/.local/lib/python3.12/site-packages/airflow/example_dags/example_display_name.py took 0.053 seconds
[2026-07-25T09:18:58.264+0000] {processor.py:186} INFO - Started process (PID=485) to work on /home/airflow/.local/lib/python3.12/site-packages/airflow/example_dags/example_display_name.py
[2026-07-25T09:18:58.265+0000] {processor.py:914} INFO - Processing file /home/airflow/.local/lib/python3.12/site-packages/airflow/example_dags/example_display_name.py for tasks to queue
[2026-07-25T09:18:58.267+0000] {logging_mixin.py:190} INFO - [2026-07-25T09:18:58.267+0000] {dagbag.py:588} INFO - Filling up the DagBag from /home/airflow/.local/lib/python3.12/site-packages/airflow/example_dags/example_display_name.py
[2026-07-25T09:18:58.272+0000] {processor.py:925} INFO - DAG(s) 'example_display_name' retrieved from /home/airflow/.local/lib/python3.12/site-packages/airflow/example_dags/example_display_name.py
[2026-07-25T09:18:58.285+0000] {logging_mixin.py:190} INFO - [2026-07-25T09:18:58.285+0000] {dag.py:3239} INFO - Sync 1 DAGs
[2026-07-25T09:18:58.294+0000] {logging_mixin.py:190} INFO - [2026-07-25T09:18:58.294+0000] {dag.py:4180} INFO - Setting next_dagrun for example_display_name to None, run_after=None
[2026-07-25T09:18:58.306+0000] {processor.py:208} INFO - Processing /home/airflow/.local/lib/python3.12/site-packages/airflow/example_dags/example_display_name.py took 0.045 seconds
[2026-07-25T09:19:28.798+0000] {processor.py:186} INFO - Started process (PID=547) to work on /home/airflow/.local/lib/python3.12/site-packages/airflow/example_dags/example_display_name.py
[2026-07-25T09:19:28.799+0000] {processor.py:914} INFO - Processing file /home/airflow/.local/lib/python3.12/site-packages/airflow/example_dags/example_display_name.py for tasks to queue
[2026-07-25T09:19:28.801+0000] {logging_mixin.py:190} INFO - [2026-07-25T09:19:28.801+0000] {dagbag.py:588} INFO - Filling up the DagBag from /home/airflow/.local/lib/python3.12/site-packages/airflow/example_dags/example_display_name.py
[2026-07-25T09:19:28.806+0000] {processor.py:925} INFO - DAG(s) 'example_display_name' retrieved from /home/airflow/.local/lib/python3.12/site-packages/airflow/example_dags/example_display_name.py
[2026-07-25T09:19:28.819+0000] {logging_mixin.py:190} INFO - [2026-07-25T09:19:28.819+0000] {dag.py:3239} INFO - Sync 1 DAGs
[2026-07-25T09:19:28.829+0000] {logging_mixin.py:190} INFO - [2026-07-25T09:19:28.829+0000] {dag.py:4180} INFO - Setting next_dagrun for example_display_name to None, run_after=None
[2026-07-25T09:19:28.842+0000] {processor.py:208} INFO - Processing /home/airflow/.local/lib/python3.12/site-packages/airflow/example_dags/example_display_name.py took 0.048 seconds
[2026-07-25T09:20:54.527+0000] {processor.py:186} INFO - Started process (PID=110) to work on /home/airflow/.local/lib/python3.12/site-packages/airflow/example_dags/example_display_name.py
[2026-07-25T09:20:54.528+0000] {processor.py:914} INFO - Processing file /home/airflow/.local/lib/python3.12/site-packages/airflow/example_dags/example_display_name.py for tasks to queue
[2026-07-25T09:20:54.530+0000] {logging_mixin.py:190} INFO - [2026-07-25T09:20:54.530+0000] {dagbag.py:588} INFO - Filling up the DagBag from /home/airflow/.local/lib/python3.12/site-packages/airflow/example_dags/example_display_name.py
[2026-07-25T09:20:54.538+0000] {processor.py:925} INFO - DAG(s) 'example_display_name' retrieved from /home/airflow/.local/lib/python3.12/site-packages/airflow/example_dags/example_display_name.py
[2026-07-25T09:20:54.553+0000] {logging_mixin.py:190} INFO - [2026-07-25T09:20:54.553+0000] {dag.py:3239} INFO - Sync 1 DAGs
[2026-07-25T09:20:54.564+0000] {logging_mixin.py:190} INFO - [2026-07-25T09:20:54.564+0000] {dag.py:4180} INFO - Setting next_dagrun for example_display_name to None, run_after=None
[2026-07-25T09:20:54.577+0000] {processor.py:208} INFO - Processing /home/airflow/.local/lib/python3.12/site-packages/airflow/example_dags/example_display_name.py took 0.055 seconds
[2026-07-25T09:21:25.786+0000] {processor.py:186} INFO - Started process (PID=172) to work on /home/airflow/.local/lib/python3.12/site-packages/airflow/example_dags/example_display_name.py
[2026-07-25T09:21:25.787+0000] {processor.py:914} INFO - Processing file /home/airflow/.local/lib/python3.12/site-packages/airflow/example_dags/example_display_name.py for tasks to queue
[2026-07-25T09:21:25.789+0000] {logging_mixin.py:190} INFO - [2026-07-25T09:21:25.789+0000] {dagbag.py:588} INFO - Filling up the DagBag from /home/airflow/.local/lib/python3.12/site-packages/airflow/example_dags/example_display_name.py
[2026-07-25T09:21:25.794+0000] {processor.py:925} INFO - DAG(s) 'example_display_name' retrieved from /home/airflow/.local/lib/python3.12/site-packages/airflow/example_dags/example_display_name.py
[2026-07-25T09:21:25.810+0000] {logging_mixin.py:190} INFO - [2026-07-25T09:21:25.810+0000] {dag.py:3239} INFO - Sync 1 DAGs
[2026-07-25T09:21:25.823+0000] {logging_mixin.py:190} INFO - [2026-07-25T09:21:25.823+0000] {dag.py:4180} INFO - Setting next_dagrun for example_display_name to None, run_after=None
[2026-07-25T09:21:25.838+0000] {processor.py:208} INFO - Processing /home/airflow/.local/lib/python3.12/site-packages/airflow/example_dags/example_display_name.py took 0.056 seconds
[2026-07-25T09:22:00.267+0000] {processor.py:186} INFO - Started process (PID=235) to work on /home/airflow/.local/lib/python3.12/site-packages/airflow/example_dags/example_display_name.py
[2026-07-25T09:22:00.268+0000] {processor.py:914} INFO - Processing file /home/airflow/.local/lib/python3.12/site-packages/airflow/example_dags/example_display_name.py for tasks to queue
[2026-07-25T09:22:00.270+0000] {logging_mixin.py:190} INFO - [2026-07-25T09:22:00.269+0000] {dagbag.py:588} INFO - Filling up the DagBag from /home/airflow/.local/lib/python3.12/site-packages/airflow/example_dags/example_display_name.py
[2026-07-25T09:22:00.275+0000] {processor.py:925} INFO - DAG(s) 'example_display_name' retrieved from /home/airflow/.local/lib/python3.12/site-packages/airflow/example_dags/example_display_name.py
[2026-07-25T09:22:00.288+0000] {logging_mixin.py:190} INFO - [2026-07-25T09:22:00.287+0000] {dag.py:3239} INFO - Sync 1 DAGs
[2026-07-25T09:22:00.297+0000] {logging_mixin.py:190} INFO - [2026-07-25T09:22:00.296+0000] {dag.py:4180} INFO - Setting next_dagrun for example_display_name to None, run_after=None
[2026-07-25T09:22:00.308+0000] {processor.py:208} INFO - Processing /home/airflow/.local/lib/python3.12/site-packages/airflow/example_dags/example_display_name.py took 0.047 seconds
[2026-07-25T09:22:31.426+0000] {processor.py:186} INFO - Started process (PID=297) to work on /home/airflow/.local/lib/python3.12/site-packages/airflow/example_dags/example_display_name.py
[2026-07-25T09:22:31.427+0000] {processor.py:914} INFO - Processing file /home/airflow/.local/lib/python3.12/site-packages/airflow/example_dags/example_display_name.py for tasks to queue
[2026-07-25T09:22:31.429+0000] {logging_mixin.py:190} INFO - [2026-07-25T09:22:31.429+0000] {dagbag.py:588} INFO - Filling up the DagBag from /home/airflow/.local/lib/python3.12/site-packages/airflow/example_dags/example_display_name.py
[2026-07-25T09:22:31.434+0000] {processor.py:925} INFO - DAG(s) 'example_display_name' retrieved from /home/airflow/.local/lib/python3.12/site-packages/airflow/example_dags/example_display_name.py
[2026-07-25T09:22:31.447+0000] {logging_mixin.py:190} INFO - [2026-07-25T09:22:31.447+0000] {dag.py:3239} INFO - Sync 1 DAGs
[2026-07-25T09:22:31.455+0000] {logging_mixin.py:190} INFO - [2026-07-25T09:22:31.455+0000] {dag.py:4180} INFO - Setting next_dagrun for example_display_name to None, run_after=None
[2026-07-25T09:22:31.468+0000] {processor.py:208} INFO - Processing /home/airflow/.local/lib/python3.12/site-packages/airflow/example_dags/example_display_name.py took 0.045 seconds
[2026-07-25T09:24:05.562+0000] {processor.py:186} INFO - Started process (PID=110) to work on /home/airflow/.local/lib/python3.12/site-packages/airflow/example_dags/example_display_name.py
[2026-07-25T09:24:05.563+0000] {processor.py:914} INFO - Processing file /home/airflow/.local/lib/python3.12/site-packages/airflow/example_dags/example_display_name.py for tasks to queue
[2026-07-25T09:24:05.565+0000] {logging_mixin.py:190} INFO - [2026-07-25T09:24:05.565+0000] {dagbag.py:588} INFO - Filling up the DagBag from /home/airflow/.local/lib/python3.12/site-packages/airflow/example_dags/example_display_name.py
[2026-07-25T09:24:05.570+0000] {processor.py:925} INFO - DAG(s) 'example_display_name' retrieved from /home/airflow/.local/lib/python3.12/site-packages/airflow/example_dags/example_display_name.py
[2026-07-25T09:24:05.584+0000] {logging_mixin.py:190} INFO - [2026-07-25T09:24:05.584+0000] {dag.py:3239} INFO - Sync 1 DAGs
[2026-07-25T09:24:05.593+0000] {logging_mixin.py:190} INFO - [2026-07-25T09:24:05.593+0000] {dag.py:4180} INFO - Setting next_dagrun for example_display_name to None, run_after=None
[2026-07-25T09:24:05.604+0000] {processor.py:208} INFO - Processing /home/airflow/.local/lib/python3.12/site-packages/airflow/example_dags/example_display_name.py took 0.045 seconds
[2026-07-25T09:24:38.209+0000] {processor.py:186} INFO - Started process (PID=172) to work on /home/airflow/.local/lib/python3.12/site-packages/airflow/example_dags/example_display_name.py
[2026-07-25T09:24:38.210+0000] {processor.py:914} INFO - Processing file /home/airflow/.local/lib/python3.12/site-packages/airflow/example_dags/example_display_name.py for tasks to queue
[2026-07-25T09:24:38.212+0000] {logging_mixin.py:190} INFO - [2026-07-25T09:24:38.211+0000] {dagbag.py:588} INFO - Filling up the DagBag from /home/airflow/.local/lib/python3.12/site-packages/airflow/example_dags/example_display_name.py
[2026-07-25T09:24:38.217+0000] {processor.py:925} INFO - DAG(s) 'example_display_name' retrieved from /home/airflow/.local/lib/python3.12/site-packages/airflow/example_dags/example_display_name.py
[2026-07-25T09:24:38.231+0000] {logging_mixin.py:190} INFO - [2026-07-25T09:24:38.231+0000] {dag.py:3239} INFO - Sync 1 DAGs
[2026-07-25T09:24:38.239+0000] {logging_mixin.py:190} INFO - [2026-07-25T09:24:38.239+0000] {dag.py:4180} INFO - Setting next_dagrun for example_display_name to None, run_after=None
[2026-07-25T09:24:38.269+0000] {processor.py:208} INFO - Processing /home/airflow/.local/lib/python3.12/site-packages/airflow/example_dags/example_display_name.py took 0.065 seconds
[2026-07-25T09:25:09.150+0000] {processor.py:186} INFO - Started process (PID=234) to work on /home/airflow/.local/lib/python3.12/site-packages/airflow/example_dags/example_display_name.py
[2026-07-25T09:25:09.151+0000] {processor.py:914} INFO - Processing file /home/airflow/.local/lib/python3.12/site-packages/airflow/example_dags/example_display_name.py for tasks to queue
[2026-07-25T09:25:09.153+0000] {logging_mixin.py:190} INFO - [2026-07-25T09:25:09.153+0000] {dagbag.py:588} INFO - Filling up the DagBag from /home/airflow/.local/lib/python3.12/site-packages/airflow/example_dags/example_display_name.py
[2026-07-25T09:25:09.158+0000] {processor.py:925} INFO - DAG(s) 'example_display_name' retrieved from /home/airflow/.local/lib/python3.12/site-packages/airflow/example_dags/example_display_name.py
[2026-07-25T09:25:09.171+0000] {logging_mixin.py:190} INFO - [2026-07-25T09:25:09.171+0000] {dag.py:3239} INFO - Sync 1 DAGs
[2026-07-25T09:25:09.180+0000] {logging_mixin.py:190} INFO - [2026-07-25T09:25:09.180+0000] {dag.py:4180} INFO - Setting next_dagrun for example_display_name to None, run_after=None
[2026-07-25T09:25:09.206+0000] {processor.py:208} INFO - Processing /home/airflow/.local/lib/python3.12/site-packages/airflow/example_dags/example_display_name.py took 0.059 seconds
[2026-07-25T09:25:40.039+0000] {processor.py:186} INFO - Started process (PID=296) to work on /home/airflow/.local/lib/python3.12/site-packages/airflow/example_dags/example_display_name.py
[2026-07-25T09:25:40.040+0000] {processor.py:914} INFO - Processing file /home/airflow/.local/lib/python3.12/site-packages/airflow/example_dags/example_display_name.py for tasks to queue
[2026-07-25T09:25:40.042+0000] {logging_mixin.py:190} INFO - [2026-07-25T09:25:40.042+0000] {dagbag.py:588} INFO - Filling up the DagBag from /home/airflow/.local/lib/python3.12/site-packages/airflow/example_dags/example_display_name.py
[2026-07-25T09:25:40.047+0000] {processor.py:925} INFO - DAG(s) 'example_display_name' retrieved from /home/airflow/.local/lib/python3.12/site-packages/airflow/example_dags/example_display_name.py
[2026-07-25T09:25:40.060+0000] {logging_mixin.py:190} INFO - [2026-07-25T09:25:40.059+0000] {dag.py:3239} INFO - Sync 1 DAGs
[2026-07-25T09:25:40.068+0000] {logging_mixin.py:190} INFO - [2026-07-25T09:25:40.068+0000] {dag.py:4180} INFO - Setting next_dagrun for example_display_name to None, run_after=None
[2026-07-25T09:25:40.097+0000] {processor.py:208} INFO - Processing /home/airflow/.local/lib/python3.12/site-packages/airflow/example_dags/example_display_name.py took 0.061 seconds
[2026-07-25T09:26:58.925+0000] {processor.py:186} INFO - Started process (PID=110) to work on /home/airflow/.local/lib/python3.12/site-packages/airflow/example_dags/example_display_name.py
[2026-07-25T09:26:58.926+0000] {processor.py:914} INFO - Processing file /home/airflow/.local/lib/python3.12/site-packages/airflow/example_dags/example_display_name.py for tasks to queue
[2026-07-25T09:26:58.928+0000] {logging_mixin.py:190} INFO - [2026-07-25T09:26:58.927+0000] {dagbag.py:588} INFO - Filling up the DagBag from /home/airflow/.local/lib/python3.12/site-packages/airflow/example_dags/example_display_name.py
[2026-07-25T09:26:58.933+0000] {processor.py:925} INFO - DAG(s) 'example_display_name' retrieved from /home/airflow/.local/lib/python3.12/site-packages/airflow/example_dags/example_display_name.py
[2026-07-25T09:26:59.000+0000] {logging_mixin.py:190} INFO - [2026-07-25T09:26:58.999+0000] {override.py:1932} INFO - Created Permission View: can edit on DAG:example_display_name
[2026-07-25T09:26:59.007+0000] {logging_mixin.py:190} INFO - [2026-07-25T09:26:59.006+0000] {override.py:1932} INFO - Created Permission View: can read on DAG:example_display_name
[2026-07-25T09:26:59.012+0000] {logging_mixin.py:190} INFO - [2026-07-25T09:26:59.012+0000] {override.py:1932} INFO - Created Permission View: can delete on DAG:example_display_name
[2026-07-25T09:26:59.018+0000] {logging_mixin.py:190} INFO - [2026-07-25T09:26:59.018+0000] {override.py:1932} INFO - Created Permission View: menu access on DAG Run:example_display_name
[2026-07-25T09:26:59.023+0000] {logging_mixin.py:190} INFO - [2026-07-25T09:26:59.023+0000] {override.py:1932} INFO - Created Permission View: can read on DAG Run:example_display_name
[2026-07-25T09:26:59.028+0000] {logging_mixin.py:190} INFO - [2026-07-25T09:26:59.028+0000] {override.py:1932} INFO - Created Permission View: can create on DAG Run:example_display_name
[2026-07-25T09:26:59.033+0000] {logging_mixin.py:190} INFO - [2026-07-25T09:26:59.033+0000] {override.py:1932} INFO - Created Permission View: can delete on DAG Run:example_display_name
[2026-07-25T09:26:59.033+0000] {logging_mixin.py:190} INFO - [2026-07-25T09:26:59.033+0000] {dag.py:3239} INFO - Sync 1 DAGs
[2026-07-25T09:26:59.042+0000] {logging_mixin.py:190} INFO - [2026-07-25T09:26:59.042+0000] {dag.py:3262} INFO - Creating ORM DAG for example_display_name
[2026-07-25T09:26:59.042+0000] {logging_mixin.py:190} INFO - [2026-07-25T09:26:59.042+0000] {dag.py:4180} INFO - Setting next_dagrun for example_display_name to None, run_after=None
[2026-07-25T09:26:59.052+0000] {processor.py:208} INFO - Processing /home/airflow/.local/lib/python3.12/site-packages/airflow/example_dags/example_display_name.py took 0.131 seconds
[2026-07-25T09:27:30.623+0000] {processor.py:186} INFO - Started process (PID=172) to work on /home/airflow/.local/lib/python3.12/site-packages/airflow/example_dags/example_display_name.py
[2026-07-25T09:27:30.624+0000] {processor.py:914} INFO - Processing file /home/airflow/.local/lib/python3.12/site-packages/airflow/example_dags/example_display_name.py for tasks to queue
[2026-07-25T09:27:30.626+0000] {logging_mixin.py:190} INFO - [2026-07-25T09:27:30.626+0000] {dagbag.py:588} INFO - Filling up the DagBag from /home/airflow/.local/lib/python3.12/site-packages/airflow/example_dags/example_display_name.py
[2026-07-25T09:27:30.631+0000] {processor.py:925} INFO - DAG(s) 'example_display_name' retrieved from /home/airflow/.local/lib/python3.12/site-packages/airflow/example_dags/example_display_name.py
[2026-07-25T09:27:30.644+0000] {logging_mixin.py:190} INFO - [2026-07-25T09:27:30.643+0000] {dag.py:3239} INFO - Sync 1 DAGs
[2026-07-25T09:27:30.652+0000] {logging_mixin.py:190} INFO - [2026-07-25T09:27:30.652+0000] {dag.py:4180} INFO - Setting next_dagrun for example_display_name to None, run_after=None
[2026-07-25T09:27:30.663+0000] {processor.py:208} INFO - Processing /home/airflow/.local/lib/python3.12/site-packages/airflow/example_dags/example_display_name.py took 0.044 seconds
[2026-07-25T09:28:01.921+0000] {processor.py:186} INFO - Started process (PID=234) to work on /home/airflow/.local/lib/python3.12/site-packages/airflow/example_dags/example_display_name.py
[2026-07-25T09:28:01.922+0000] {processor.py:914} INFO - Processing file /home/airflow/.local/lib/python3.12/site-packages/airflow/example_dags/example_display_name.py for tasks to queue
[2026-07-25T09:28:01.924+0000] {logging_mixin.py:190} INFO - [2026-07-25T09:28:01.924+0000] {dagbag.py:588} INFO - Filling up the DagBag from /home/airflow/.local/lib/python3.12/site-packages/airflow/example_dags/example_display_name.py
[2026-07-25T09:28:01.930+0000] {processor.py:925} INFO - DAG(s) 'example_display_name' retrieved from /home/airflow/.local/lib/python3.12/site-packages/airflow/example_dags/example_display_name.py
[2026-07-25T09:28:01.944+0000] {logging_mixin.py:190} INFO - [2026-07-25T09:28:01.943+0000] {dag.py:3239} INFO - Sync 1 DAGs
[2026-07-25T09:28:01.952+0000] {logging_mixin.py:190} INFO - [2026-07-25T09:28:01.952+0000] {dag.py:4180} INFO - Setting next_dagrun for example_display_name to None, run_after=None
[2026-07-25T09:28:01.981+0000] {processor.py:208} INFO - Processing /home/airflow/.local/lib/python3.12/site-packages/airflow/example_dags/example_display_name.py took 0.063 seconds
[2026-07-25T09:28:32.410+0000] {processor.py:186} INFO - Started process (PID=296) to work on /home/airflow/.local/lib/python3.12/site-packages/airflow/example_dags/example_display_name.py
[2026-07-25T09:28:32.410+0000] {processor.py:914} INFO - Processing file /home/airflow/.local/lib/python3.12/site-packages/airflow/example_dags/example_display_name.py for tasks to queue
[2026-07-25T09:28:32.412+0000] {logging_mixin.py:190} INFO - [2026-07-25T09:28:32.412+0000] {dagbag.py:588} INFO - Filling up the DagBag from /home/airflow/.local/lib/python3.12/site-packages/airflow/example_dags/example_display_name.py
[2026-07-25T09:28:32.418+0000] {processor.py:925} INFO - DAG(s) 'example_display_name' retrieved from /home/airflow/.local/lib/python3.12/site-packages/airflow/example_dags/example_display_name.py
[2026-07-25T09:28:32.431+0000] {logging_mixin.py:190} INFO - [2026-07-25T09:28:32.431+0000] {dag.py:3239} INFO - Sync 1 DAGs
[2026-07-25T09:28:32.440+0000] {logging_mixin.py:190} INFO - [2026-07-25T09:28:32.440+0000] {dag.py:4180} INFO - Setting next_dagrun for example_display_name to None, run_after=None
[2026-07-25T09:28:32.450+0000] {processor.py:208} INFO - Processing /home/airflow/.local/lib/python3.12/site-packages/airflow/example_dags/example_display_name.py took 0.044 seconds
[2026-07-25T09:29:03.734+0000] {processor.py:186} INFO - Started process (PID=358) to work on /home/airflow/.local/lib/python3.12/site-packages/airflow/example_dags/example_display_name.py
[2026-07-25T09:29:03.735+0000] {processor.py:914} INFO - Processing file /home/airflow/.local/lib/python3.12/site-packages/airflow/example_dags/example_display_name.py for tasks to queue
[2026-07-25T09:29:03.737+0000] {logging_mixin.py:190} INFO - [2026-07-25T09:29:03.737+0000] {dagbag.py:588} INFO - Filling up the DagBag from /home/airflow/.local/lib/python3.12/site-packages/airflow/example_dags/example_display_name.py
[2026-07-25T09:29:03.743+0000] {processor.py:925} INFO - DAG(s) 'example_display_name' retrieved from /home/airflow/.local/lib/python3.12/site-packages/airflow/example_dags/example_display_name.py
[2026-07-25T09:29:03.756+0000] {logging_mixin.py:190} INFO - [2026-07-25T09:29:03.756+0000] {dag.py:3239} INFO - Sync 1 DAGs
[2026-07-25T09:29:03.765+0000] {logging_mixin.py:190} INFO - [2026-07-25T09:29:03.765+0000] {dag.py:4180} INFO - Setting next_dagrun for example_display_name to None, run_after=None
[2026-07-25T09:29:03.776+0000] {processor.py:208} INFO - Processing /home/airflow/.local/lib/python3.12/site-packages/airflow/example_dags/example_display_name.py took 0.046 seconds
[2026-07-25T09:29:33.956+0000] {processor.py:186} INFO - Started process (PID=421) to work on /home/airflow/.local/lib/python3.12/site-packages/airflow/example_dags/example_display_name.py
[2026-07-25T09:29:33.957+0000] {processor.py:914} INFO - Processing file /home/airflow/.local/lib/python3.12/site-packages/airflow/example_dags/example_display_name.py for tasks to queue
[2026-07-25T09:29:33.959+0000] {logging_mixin.py:190} INFO - [2026-07-25T09:29:33.959+0000] {dagbag.py:588} INFO - Filling up the DagBag from /home/airflow/.local/lib/python3.12/site-packages/airflow/example_dags/example_display_name.py
[2026-07-25T09:29:33.964+0000] {processor.py:925} INFO - DAG(s) 'example_display_name' retrieved from /home/airflow/.local/lib/python3.12/site-packages/airflow/example_dags/example_display_name.py
[2026-07-25T09:29:33.977+0000] {logging_mixin.py:190} INFO - [2026-07-25T09:29:33.977+0000] {dag.py:3239} INFO - Sync 1 DAGs
[2026-07-25T09:29:33.986+0000] {logging_mixin.py:190} INFO - [2026-07-25T09:29:33.986+0000] {dag.py:4180} INFO - Setting next_dagrun for example_display_name to None, run_after=None
[2026-07-25T09:29:34.012+0000] {processor.py:208} INFO - Processing /home/airflow/.local/lib/python3.12/site-packages/airflow/example_dags/example_display_name.py took 0.059 seconds
[2026-07-25T09:30:04.644+0000] {processor.py:186} INFO - Started process (PID=484) to work on /home/airflow/.local/lib/python3.12/site-packages/airflow/example_dags/example_display_name.py
[2026-07-25T09:30:04.645+0000] {processor.py:914} INFO - Processing file /home/airflow/.local/lib/python3.12/site-packages/airflow/example_dags/example_display_name.py for tasks to queue
[2026-07-25T09:30:04.648+0000] {logging_mixin.py:190} INFO - [2026-07-25T09:30:04.648+0000] {dagbag.py:588} INFO - Filling up the DagBag from /home/airflow/.local/lib/python3.12/site-packages/airflow/example_dags/example_display_name.py
[2026-07-25T09:30:04.654+0000] {processor.py:925} INFO - DAG(s) 'example_display_name' retrieved from /home/airflow/.local/lib/python3.12/site-packages/airflow/example_dags/example_display_name.py
[2026-07-25T09:30:04.669+0000] {logging_mixin.py:190} INFO - [2026-07-25T09:30:04.668+0000] {dag.py:3239} INFO - Sync 1 DAGs
[2026-07-25T09:30:04.678+0000] {logging_mixin.py:190} INFO - [2026-07-25T09:30:04.678+0000] {dag.py:4180} INFO - Setting next_dagrun for example_display_name to None, run_after=None
[2026-07-25T09:30:04.690+0000] {processor.py:208} INFO - Processing /home/airflow/.local/lib/python3.12/site-packages/airflow/example_dags/example_display_name.py took 0.050 seconds
[2026-07-25T09:30:34.842+0000] {processor.py:186} INFO - Started process (PID=547) to work on /home/airflow/.local/lib/python3.12/site-packages/airflow/example_dags/example_display_name.py
[2026-07-25T09:30:34.843+0000] {processor.py:914} INFO - Processing file /home/airflow/.local/lib/python3.12/site-packages/airflow/example_dags/example_display_name.py for tasks to queue
[2026-07-25T09:30:34.845+0000] {logging_mixin.py:190} INFO - [2026-07-25T09:30:34.845+0000] {dagbag.py:588} INFO - Filling up the DagBag from /home/airflow/.local/lib/python3.12/site-packages/airflow/example_dags/example_display_name.py
[2026-07-25T09:30:34.850+0000] {processor.py:925} INFO - DAG(s) 'example_display_name' retrieved from /home/airflow/.local/lib/python3.12/site-packages/airflow/example_dags/example_display_name.py
[2026-07-25T09:30:34.862+0000] {logging_mixin.py:190} INFO - [2026-07-25T09:30:34.862+0000] {dag.py:3239} INFO - Sync 1 DAGs
[2026-07-25T09:30:34.870+0000] {logging_mixin.py:190} INFO - [2026-07-25T09:30:34.870+0000] {dag.py:4180} INFO - Setting next_dagrun for example_display_name to None, run_after=None
[2026-07-25T09:30:34.898+0000] {processor.py:208} INFO - Processing /home/airflow/.local/lib/python3.12/site-packages/airflow/example_dags/example_display_name.py took 0.059 seconds
