[2026-07-25T09:06:27.019+0000] {processor.py:186} INFO - Started process (PID=113) to work on /home/airflow/.local/lib/python3.12/site-packages/airflow/example_dags/example_branch_labels.py
[2026-07-25T09:06:27.020+0000] {processor.py:914} INFO - Processing file /home/airflow/.local/lib/python3.12/site-packages/airflow/example_dags/example_branch_labels.py for tasks to queue
[2026-07-25T09:06:27.022+0000] {logging_mixin.py:190} INFO - [2026-07-25T09:06:27.022+0000] {dagbag.py:588} INFO - Filling up the DagBag from /home/airflow/.local/lib/python3.12/site-packages/airflow/example_dags/example_branch_labels.py
[2026-07-25T09:06:27.029+0000] {processor.py:925} INFO - DAG(s) 'example_branch_labels' retrieved from /home/airflow/.local/lib/python3.12/site-packages/airflow/example_dags/example_branch_labels.py
[2026-07-25T09:06:27.095+0000] {logging_mixin.py:190} INFO - [2026-07-25T09:06:27.095+0000] {override.py:1932} INFO - Created Permission View: can edit on DAG:example_branch_labels
[2026-07-25T09:06:27.102+0000] {logging_mixin.py:190} INFO - [2026-07-25T09:06:27.102+0000] {override.py:1932} INFO - Created Permission View: can read on DAG:example_branch_labels
[2026-07-25T09:06:27.108+0000] {logging_mixin.py:190} INFO - [2026-07-25T09:06:27.108+0000] {override.py:1932} INFO - Created Permission View: can delete on DAG:example_branch_labels
[2026-07-25T09:06:27.114+0000] {logging_mixin.py:190} INFO - [2026-07-25T09:06:27.114+0000] {override.py:1932} INFO - Created Permission View: can create on DAG Run:example_branch_labels
[2026-07-25T09:06:27.119+0000] {logging_mixin.py:190} INFO - [2026-07-25T09:06:27.119+0000] {override.py:1932} INFO - Created Permission View: can read on DAG Run:example_branch_labels
[2026-07-25T09:06:27.126+0000] {logging_mixin.py:190} INFO - [2026-07-25T09:06:27.126+0000] {override.py:1932} INFO - Created Permission View: can delete on DAG Run:example_branch_labels
[2026-07-25T09:06:27.131+0000] {logging_mixin.py:190} INFO - [2026-07-25T09:06:27.131+0000] {override.py:1932} INFO - Created Permission View: menu access on DAG Run:example_branch_labels
[2026-07-25T09:06:27.131+0000] {logging_mixin.py:190} INFO - [2026-07-25T09:06:27.131+0000] {dag.py:3239} INFO - Sync 1 DAGs
[2026-07-25T09:06:27.141+0000] {logging_mixin.py:190} INFO - [2026-07-25T09:06:27.141+0000] {dag.py:3262} INFO - Creating ORM DAG for example_branch_labels
[2026-07-25T09:06:27.146+0000] {logging_mixin.py:190} INFO - [2026-07-25T09:06:27.146+0000] {dag.py:4180} INFO - Setting next_dagrun for example_branch_labels to 2026-07-24 00:00:00+00:00, run_after=2026-07-25 00:00:00+00:00
[2026-07-25T09:06:27.156+0000] {processor.py:208} INFO - Processing /home/airflow/.local/lib/python3.12/site-packages/airflow/example_dags/example_branch_labels.py took 0.140 seconds
[2026-07-25T09:07:01.456+0000] {processor.py:186} INFO - Started process (PID=176) to work on /home/airflow/.local/lib/python3.12/site-packages/airflow/example_dags/example_branch_labels.py
[2026-07-25T09:07:01.457+0000] {processor.py:914} INFO - Processing file /home/airflow/.local/lib/python3.12/site-packages/airflow/example_dags/example_branch_labels.py for tasks to queue
[2026-07-25T09:07:01.459+0000] {logging_mixin.py:190} INFO - [2026-07-25T09:07:01.459+0000] {dagbag.py:588} INFO - Filling up the DagBag from /home/airflow/.local/lib/python3.12/site-packages/airflow/example_dags/example_branch_labels.py
[2026-07-25T09:07:01.466+0000] {processor.py:925} INFO - DAG(s) 'example_branch_labels' retrieved from /home/airflow/.local/lib/python3.12/site-packages/airflow/example_dags/example_branch_labels.py
[2026-07-25T09:07:01.478+0000] {logging_mixin.py:190} INFO - [2026-07-25T09:07:01.478+0000] {dag.py:3239} INFO - Sync 1 DAGs
[2026-07-25T09:07:01.492+0000] {logging_mixin.py:190} INFO - [2026-07-25T09:07:01.492+0000] {dag.py:4180} INFO - Setting next_dagrun for example_branch_labels to 2026-07-24 00:00:00+00:00, run_after=2026-07-25 00:00:00+00:00
[2026-07-25T09:07:01.504+0000] {processor.py:208} INFO - Processing /home/airflow/.local/lib/python3.12/site-packages/airflow/example_dags/example_branch_labels.py took 0.051 seconds
[2026-07-25T09:07:31.633+0000] {processor.py:186} INFO - Started process (PID=238) to work on /home/airflow/.local/lib/python3.12/site-packages/airflow/example_dags/example_branch_labels.py
[2026-07-25T09:07:31.634+0000] {processor.py:914} INFO - Processing file /home/airflow/.local/lib/python3.12/site-packages/airflow/example_dags/example_branch_labels.py for tasks to queue
[2026-07-25T09:07:31.635+0000] {logging_mixin.py:190} INFO - [2026-07-25T09:07:31.635+0000] {dagbag.py:588} INFO - Filling up the DagBag from /home/airflow/.local/lib/python3.12/site-packages/airflow/example_dags/example_branch_labels.py
[2026-07-25T09:07:31.642+0000] {processor.py:925} INFO - DAG(s) 'example_branch_labels' retrieved from /home/airflow/.local/lib/python3.12/site-packages/airflow/example_dags/example_branch_labels.py
[2026-07-25T09:07:31.655+0000] {logging_mixin.py:190} INFO - [2026-07-25T09:07:31.655+0000] {dag.py:3239} INFO - Sync 1 DAGs
[2026-07-25T09:07:31.669+0000] {logging_mixin.py:190} INFO - [2026-07-25T09:07:31.668+0000] {dag.py:4180} INFO - Setting next_dagrun for example_branch_labels to 2026-07-24 00:00:00+00:00, run_after=2026-07-25 00:00:00+00:00
[2026-07-25T09:07:31.679+0000] {processor.py:208} INFO - Processing /home/airflow/.local/lib/python3.12/site-packages/airflow/example_dags/example_branch_labels.py took 0.050 seconds
[2026-07-25T09:08:03.296+0000] {processor.py:186} INFO - Started process (PID=300) to work on /home/airflow/.local/lib/python3.12/site-packages/airflow/example_dags/example_branch_labels.py
[2026-07-25T09:08:03.297+0000] {processor.py:914} INFO - Processing file /home/airflow/.local/lib/python3.12/site-packages/airflow/example_dags/example_branch_labels.py for tasks to queue
[2026-07-25T09:08:03.299+0000] {logging_mixin.py:190} INFO - [2026-07-25T09:08:03.299+0000] {dagbag.py:588} INFO - Filling up the DagBag from /home/airflow/.local/lib/python3.12/site-packages/airflow/example_dags/example_branch_labels.py
[2026-07-25T09:08:03.305+0000] {processor.py:925} INFO - DAG(s) 'example_branch_labels' retrieved from /home/airflow/.local/lib/python3.12/site-packages/airflow/example_dags/example_branch_labels.py
[2026-07-25T09:08:03.319+0000] {logging_mixin.py:190} INFO - [2026-07-25T09:08:03.319+0000] {dag.py:3239} INFO - Sync 1 DAGs
[2026-07-25T09:08:03.332+0000] {logging_mixin.py:190} INFO - [2026-07-25T09:08:03.332+0000] {dag.py:4180} INFO - Setting next_dagrun for example_branch_labels to 2026-07-24 00:00:00+00:00, run_after=2026-07-25 00:00:00+00:00
[2026-07-25T09:08:03.346+0000] {processor.py:208} INFO - Processing /home/airflow/.local/lib/python3.12/site-packages/airflow/example_dags/example_branch_labels.py took 0.053 seconds
[2026-07-25T09:08:33.657+0000] {processor.py:186} INFO - Started process (PID=362) to work on /home/airflow/.local/lib/python3.12/site-packages/airflow/example_dags/example_branch_labels.py
[2026-07-25T09:08:33.658+0000] {processor.py:914} INFO - Processing file /home/airflow/.local/lib/python3.12/site-packages/airflow/example_dags/example_branch_labels.py for tasks to queue
[2026-07-25T09:08:33.660+0000] {logging_mixin.py:190} INFO - [2026-07-25T09:08:33.660+0000] {dagbag.py:588} INFO - Filling up the DagBag from /home/airflow/.local/lib/python3.12/site-packages/airflow/example_dags/example_branch_labels.py
[2026-07-25T09:08:33.666+0000] {processor.py:925} INFO - DAG(s) 'example_branch_labels' retrieved from /home/airflow/.local/lib/python3.12/site-packages/airflow/example_dags/example_branch_labels.py
[2026-07-25T09:08:33.681+0000] {logging_mixin.py:190} INFO - [2026-07-25T09:08:33.680+0000] {dag.py:3239} INFO - Sync 1 DAGs
[2026-07-25T09:08:33.696+0000] {logging_mixin.py:190} INFO - [2026-07-25T09:08:33.696+0000] {dag.py:4180} INFO - Setting next_dagrun for example_branch_labels to 2026-07-24 00:00:00+00:00, run_after=2026-07-25 00:00:00+00:00
[2026-07-25T09:08:33.708+0000] {processor.py:208} INFO - Processing /home/airflow/.local/lib/python3.12/site-packages/airflow/example_dags/example_branch_labels.py took 0.054 seconds
[2026-07-25T09:09:04.617+0000] {processor.py:186} INFO - Started process (PID=424) to work on /home/airflow/.local/lib/python3.12/site-packages/airflow/example_dags/example_branch_labels.py
[2026-07-25T09:09:04.618+0000] {processor.py:914} INFO - Processing file /home/airflow/.local/lib/python3.12/site-packages/airflow/example_dags/example_branch_labels.py for tasks to queue
[2026-07-25T09:09:04.620+0000] {logging_mixin.py:190} INFO - [2026-07-25T09:09:04.620+0000] {dagbag.py:588} INFO - Filling up the DagBag from /home/airflow/.local/lib/python3.12/site-packages/airflow/example_dags/example_branch_labels.py
[2026-07-25T09:09:04.626+0000] {processor.py:925} INFO - DAG(s) 'example_branch_labels' retrieved from /home/airflow/.local/lib/python3.12/site-packages/airflow/example_dags/example_branch_labels.py
[2026-07-25T09:09:04.641+0000] {logging_mixin.py:190} INFO - [2026-07-25T09:09:04.641+0000] {dag.py:3239} INFO - Sync 1 DAGs
[2026-07-25T09:09:04.656+0000] {logging_mixin.py:190} INFO - [2026-07-25T09:09:04.656+0000] {dag.py:4180} INFO - Setting next_dagrun for example_branch_labels to 2026-07-24 00:00:00+00:00, run_after=2026-07-25 00:00:00+00:00
[2026-07-25T09:09:04.668+0000] {processor.py:208} INFO - Processing /home/airflow/.local/lib/python3.12/site-packages/airflow/example_dags/example_branch_labels.py took 0.055 seconds
[2026-07-25T09:09:35.525+0000] {processor.py:186} INFO - Started process (PID=486) to work on /home/airflow/.local/lib/python3.12/site-packages/airflow/example_dags/example_branch_labels.py
[2026-07-25T09:09:35.526+0000] {processor.py:914} INFO - Processing file /home/airflow/.local/lib/python3.12/site-packages/airflow/example_dags/example_branch_labels.py for tasks to queue
[2026-07-25T09:09:35.528+0000] {logging_mixin.py:190} INFO - [2026-07-25T09:09:35.527+0000] {dagbag.py:588} INFO - Filling up the DagBag from /home/airflow/.local/lib/python3.12/site-packages/airflow/example_dags/example_branch_labels.py
[2026-07-25T09:09:35.534+0000] {processor.py:925} INFO - DAG(s) 'example_branch_labels' retrieved from /home/airflow/.local/lib/python3.12/site-packages/airflow/example_dags/example_branch_labels.py
[2026-07-25T09:09:35.549+0000] {logging_mixin.py:190} INFO - [2026-07-25T09:09:35.549+0000] {dag.py:3239} INFO - Sync 1 DAGs
[2026-07-25T09:09:35.562+0000] {logging_mixin.py:190} INFO - [2026-07-25T09:09:35.562+0000] {dag.py:4180} INFO - Setting next_dagrun for example_branch_labels to 2026-07-24 00:00:00+00:00, run_after=2026-07-25 00:00:00+00:00
[2026-07-25T09:09:35.577+0000] {processor.py:208} INFO - Processing /home/airflow/.local/lib/python3.12/site-packages/airflow/example_dags/example_branch_labels.py took 0.056 seconds
[2026-07-25T09:10:05.733+0000] {processor.py:186} INFO - Started process (PID=549) to work on /home/airflow/.local/lib/python3.12/site-packages/airflow/example_dags/example_branch_labels.py
[2026-07-25T09:10:05.734+0000] {processor.py:914} INFO - Processing file /home/airflow/.local/lib/python3.12/site-packages/airflow/example_dags/example_branch_labels.py for tasks to queue
[2026-07-25T09:10:05.736+0000] {logging_mixin.py:190} INFO - [2026-07-25T09:10:05.736+0000] {dagbag.py:588} INFO - Filling up the DagBag from /home/airflow/.local/lib/python3.12/site-packages/airflow/example_dags/example_branch_labels.py
[2026-07-25T09:10:05.744+0000] {processor.py:925} INFO - DAG(s) 'example_branch_labels' retrieved from /home/airflow/.local/lib/python3.12/site-packages/airflow/example_dags/example_branch_labels.py
[2026-07-25T09:10:05.758+0000] {logging_mixin.py:190} INFO - [2026-07-25T09:10:05.758+0000] {dag.py:3239} INFO - Sync 1 DAGs
[2026-07-25T09:10:05.772+0000] {logging_mixin.py:190} INFO - [2026-07-25T09:10:05.771+0000] {dag.py:4180} INFO - Setting next_dagrun for example_branch_labels to 2026-07-24 00:00:00+00:00, run_after=2026-07-25 00:00:00+00:00
[2026-07-25T09:10:05.783+0000] {processor.py:208} INFO - Processing /home/airflow/.local/lib/python3.12/site-packages/airflow/example_dags/example_branch_labels.py took 0.055 seconds
[2026-07-25T09:10:36.338+0000] {processor.py:186} INFO - Started process (PID=612) to work on /home/airflow/.local/lib/python3.12/site-packages/airflow/example_dags/example_branch_labels.py
[2026-07-25T09:10:36.338+0000] {processor.py:914} INFO - Processing file /home/airflow/.local/lib/python3.12/site-packages/airflow/example_dags/example_branch_labels.py for tasks to queue
[2026-07-25T09:10:36.340+0000] {logging_mixin.py:190} INFO - [2026-07-25T09:10:36.340+0000] {dagbag.py:588} INFO - Filling up the DagBag from /home/airflow/.local/lib/python3.12/site-packages/airflow/example_dags/example_branch_labels.py
[2026-07-25T09:10:36.347+0000] {processor.py:925} INFO - DAG(s) 'example_branch_labels' retrieved from /home/airflow/.local/lib/python3.12/site-packages/airflow/example_dags/example_branch_labels.py
[2026-07-25T09:10:36.360+0000] {logging_mixin.py:190} INFO - [2026-07-25T09:10:36.360+0000] {dag.py:3239} INFO - Sync 1 DAGs
[2026-07-25T09:10:36.374+0000] {logging_mixin.py:190} INFO - [2026-07-25T09:10:36.374+0000] {dag.py:4180} INFO - Setting next_dagrun for example_branch_labels to 2026-07-24 00:00:00+00:00, run_after=2026-07-25 00:00:00+00:00
[2026-07-25T09:10:36.385+0000] {processor.py:208} INFO - Processing /home/airflow/.local/lib/python3.12/site-packages/airflow/example_dags/example_branch_labels.py took 0.052 seconds
[2026-07-25T09:11:06.572+0000] {processor.py:186} INFO - Started process (PID=675) to work on /home/airflow/.local/lib/python3.12/site-packages/airflow/example_dags/example_branch_labels.py
[2026-07-25T09:11:06.573+0000] {processor.py:914} INFO - Processing file /home/airflow/.local/lib/python3.12/site-packages/airflow/example_dags/example_branch_labels.py for tasks to queue
[2026-07-25T09:11:06.575+0000] {logging_mixin.py:190} INFO - [2026-07-25T09:11:06.574+0000] {dagbag.py:588} INFO - Filling up the DagBag from /home/airflow/.local/lib/python3.12/site-packages/airflow/example_dags/example_branch_labels.py
[2026-07-25T09:11:06.582+0000] {processor.py:925} INFO - DAG(s) 'example_branch_labels' retrieved from /home/airflow/.local/lib/python3.12/site-packages/airflow/example_dags/example_branch_labels.py
[2026-07-25T09:11:06.595+0000] {logging_mixin.py:190} INFO - [2026-07-25T09:11:06.595+0000] {dag.py:3239} INFO - Sync 1 DAGs
[2026-07-25T09:11:06.609+0000] {logging_mixin.py:190} INFO - [2026-07-25T09:11:06.609+0000] {dag.py:4180} INFO - Setting next_dagrun for example_branch_labels to 2026-07-24 00:00:00+00:00, run_after=2026-07-25 00:00:00+00:00
[2026-07-25T09:11:06.620+0000] {processor.py:208} INFO - Processing /home/airflow/.local/lib/python3.12/site-packages/airflow/example_dags/example_branch_labels.py took 0.051 seconds
[2026-07-25T09:11:40.027+0000] {processor.py:186} INFO - Started process (PID=738) to work on /home/airflow/.local/lib/python3.12/site-packages/airflow/example_dags/example_branch_labels.py
[2026-07-25T09:11:40.027+0000] {processor.py:914} INFO - Processing file /home/airflow/.local/lib/python3.12/site-packages/airflow/example_dags/example_branch_labels.py for tasks to queue
[2026-07-25T09:11:40.029+0000] {logging_mixin.py:190} INFO - [2026-07-25T09:11:40.029+0000] {dagbag.py:588} INFO - Filling up the DagBag from /home/airflow/.local/lib/python3.12/site-packages/airflow/example_dags/example_branch_labels.py
[2026-07-25T09:11:40.035+0000] {processor.py:925} INFO - DAG(s) 'example_branch_labels' retrieved from /home/airflow/.local/lib/python3.12/site-packages/airflow/example_dags/example_branch_labels.py
[2026-07-25T09:11:40.048+0000] {logging_mixin.py:190} INFO - [2026-07-25T09:11:40.048+0000] {dag.py:3239} INFO - Sync 1 DAGs
[2026-07-25T09:11:40.061+0000] {logging_mixin.py:190} INFO - [2026-07-25T09:11:40.061+0000] {dag.py:4180} INFO - Setting next_dagrun for example_branch_labels to 2026-07-24 00:00:00+00:00, run_after=2026-07-25 00:00:00+00:00
[2026-07-25T09:11:40.072+0000] {processor.py:208} INFO - Processing /home/airflow/.local/lib/python3.12/site-packages/airflow/example_dags/example_branch_labels.py took 0.049 seconds
[2026-07-25T09:12:14.680+0000] {processor.py:186} INFO - Started process (PID=801) to work on /home/airflow/.local/lib/python3.12/site-packages/airflow/example_dags/example_branch_labels.py
[2026-07-25T09:12:14.680+0000] {processor.py:914} INFO - Processing file /home/airflow/.local/lib/python3.12/site-packages/airflow/example_dags/example_branch_labels.py for tasks to queue
[2026-07-25T09:12:14.683+0000] {logging_mixin.py:190} INFO - [2026-07-25T09:12:14.682+0000] {dagbag.py:588} INFO - Filling up the DagBag from /home/airflow/.local/lib/python3.12/site-packages/airflow/example_dags/example_branch_labels.py
[2026-07-25T09:12:14.689+0000] {processor.py:925} INFO - DAG(s) 'example_branch_labels' retrieved from /home/airflow/.local/lib/python3.12/site-packages/airflow/example_dags/example_branch_labels.py
[2026-07-25T09:12:14.702+0000] {logging_mixin.py:190} INFO - [2026-07-25T09:12:14.702+0000] {dag.py:3239} INFO - Sync 1 DAGs
[2026-07-25T09:12:14.718+0000] {logging_mixin.py:190} INFO - [2026-07-25T09:12:14.718+0000] {dag.py:4180} INFO - Setting next_dagrun for example_branch_labels to 2026-07-24 00:00:00+00:00, run_after=2026-07-25 00:00:00+00:00
[2026-07-25T09:12:14.731+0000] {processor.py:208} INFO - Processing /home/airflow/.local/lib/python3.12/site-packages/airflow/example_dags/example_branch_labels.py took 0.055 seconds
[2026-07-25T09:12:45.338+0000] {processor.py:186} INFO - Started process (PID=863) to work on /home/airflow/.local/lib/python3.12/site-packages/airflow/example_dags/example_branch_labels.py
[2026-07-25T09:12:45.339+0000] {processor.py:914} INFO - Processing file /home/airflow/.local/lib/python3.12/site-packages/airflow/example_dags/example_branch_labels.py for tasks to queue
[2026-07-25T09:12:45.341+0000] {logging_mixin.py:190} INFO - [2026-07-25T09:12:45.341+0000] {dagbag.py:588} INFO - Filling up the DagBag from /home/airflow/.local/lib/python3.12/site-packages/airflow/example_dags/example_branch_labels.py
[2026-07-25T09:12:45.348+0000] {processor.py:925} INFO - DAG(s) 'example_branch_labels' retrieved from /home/airflow/.local/lib/python3.12/site-packages/airflow/example_dags/example_branch_labels.py
[2026-07-25T09:12:45.363+0000] {logging_mixin.py:190} INFO - [2026-07-25T09:12:45.362+0000] {dag.py:3239} INFO - Sync 1 DAGs
[2026-07-25T09:12:45.377+0000] {logging_mixin.py:190} INFO - [2026-07-25T09:12:45.377+0000] {dag.py:4180} INFO - Setting next_dagrun for example_branch_labels to 2026-07-24 00:00:00+00:00, run_after=2026-07-25 00:00:00+00:00
[2026-07-25T09:12:45.390+0000] {processor.py:208} INFO - Processing /home/airflow/.local/lib/python3.12/site-packages/airflow/example_dags/example_branch_labels.py took 0.056 seconds
[2026-07-25T09:13:15.880+0000] {processor.py:186} INFO - Started process (PID=925) to work on /home/airflow/.local/lib/python3.12/site-packages/airflow/example_dags/example_branch_labels.py
[2026-07-25T09:13:15.881+0000] {processor.py:914} INFO - Processing file /home/airflow/.local/lib/python3.12/site-packages/airflow/example_dags/example_branch_labels.py for tasks to queue
[2026-07-25T09:13:15.884+0000] {logging_mixin.py:190} INFO - [2026-07-25T09:13:15.883+0000] {dagbag.py:588} INFO - Filling up the DagBag from /home/airflow/.local/lib/python3.12/site-packages/airflow/example_dags/example_branch_labels.py
[2026-07-25T09:13:15.891+0000] {processor.py:925} INFO - DAG(s) 'example_branch_labels' retrieved from /home/airflow/.local/lib/python3.12/site-packages/airflow/example_dags/example_branch_labels.py
[2026-07-25T09:13:15.907+0000] {logging_mixin.py:190} INFO - [2026-07-25T09:13:15.907+0000] {dag.py:3239} INFO - Sync 1 DAGs
[2026-07-25T09:13:15.923+0000] {logging_mixin.py:190} INFO - [2026-07-25T09:13:15.923+0000] {dag.py:4180} INFO - Setting next_dagrun for example_branch_labels to 2026-07-24 00:00:00+00:00, run_after=2026-07-25 00:00:00+00:00
[2026-07-25T09:13:15.936+0000] {processor.py:208} INFO - Processing /home/airflow/.local/lib/python3.12/site-packages/airflow/example_dags/example_branch_labels.py took 0.061 seconds
[2026-07-25T09:13:46.300+0000] {processor.py:186} INFO - Started process (PID=994) to work on /home/airflow/.local/lib/python3.12/site-packages/airflow/example_dags/example_branch_labels.py
[2026-07-25T09:13:46.301+0000] {processor.py:914} INFO - Processing file /home/airflow/.local/lib/python3.12/site-packages/airflow/example_dags/example_branch_labels.py for tasks to queue
[2026-07-25T09:13:46.303+0000] {logging_mixin.py:190} INFO - [2026-07-25T09:13:46.302+0000] {dagbag.py:588} INFO - Filling up the DagBag from /home/airflow/.local/lib/python3.12/site-packages/airflow/example_dags/example_branch_labels.py
[2026-07-25T09:13:46.310+0000] {processor.py:925} INFO - DAG(s) 'example_branch_labels' retrieved from /home/airflow/.local/lib/python3.12/site-packages/airflow/example_dags/example_branch_labels.py
[2026-07-25T09:13:46.324+0000] {logging_mixin.py:190} INFO - [2026-07-25T09:13:46.324+0000] {dag.py:3239} INFO - Sync 1 DAGs
[2026-07-25T09:13:46.338+0000] {logging_mixin.py:190} INFO - [2026-07-25T09:13:46.338+0000] {dag.py:4180} INFO - Setting next_dagrun for example_branch_labels to 2026-07-24 00:00:00+00:00, run_after=2026-07-25 00:00:00+00:00
[2026-07-25T09:13:46.349+0000] {processor.py:208} INFO - Processing /home/airflow/.local/lib/python3.12/site-packages/airflow/example_dags/example_branch_labels.py took 0.053 seconds
[2026-07-25T09:14:16.533+0000] {processor.py:186} INFO - Started process (PID=1056) to work on /home/airflow/.local/lib/python3.12/site-packages/airflow/example_dags/example_branch_labels.py
[2026-07-25T09:14:16.534+0000] {processor.py:914} INFO - Processing file /home/airflow/.local/lib/python3.12/site-packages/airflow/example_dags/example_branch_labels.py for tasks to queue
[2026-07-25T09:14:16.536+0000] {logging_mixin.py:190} INFO - [2026-07-25T09:14:16.536+0000] {dagbag.py:588} INFO - Filling up the DagBag from /home/airflow/.local/lib/python3.12/site-packages/airflow/example_dags/example_branch_labels.py
[2026-07-25T09:14:16.542+0000] {processor.py:925} INFO - DAG(s) 'example_branch_labels' retrieved from /home/airflow/.local/lib/python3.12/site-packages/airflow/example_dags/example_branch_labels.py
[2026-07-25T09:14:16.556+0000] {logging_mixin.py:190} INFO - [2026-07-25T09:14:16.556+0000] {dag.py:3239} INFO - Sync 1 DAGs
[2026-07-25T09:14:16.572+0000] {logging_mixin.py:190} INFO - [2026-07-25T09:14:16.572+0000] {dag.py:4180} INFO - Setting next_dagrun for example_branch_labels to 2026-07-24 00:00:00+00:00, run_after=2026-07-25 00:00:00+00:00
[2026-07-25T09:14:16.584+0000] {processor.py:208} INFO - Processing /home/airflow/.local/lib/python3.12/site-packages/airflow/example_dags/example_branch_labels.py took 0.054 seconds
[2026-07-25T09:15:44.978+0000] {processor.py:186} INFO - Started process (PID=113) to work on /home/airflow/.local/lib/python3.12/site-packages/airflow/example_dags/example_branch_labels.py
[2026-07-25T09:15:44.979+0000] {processor.py:914} INFO - Processing file /home/airflow/.local/lib/python3.12/site-packages/airflow/example_dags/example_branch_labels.py for tasks to queue
[2026-07-25T09:15:44.982+0000] {logging_mixin.py:190} INFO - [2026-07-25T09:15:44.981+0000] {dagbag.py:588} INFO - Filling up the DagBag from /home/airflow/.local/lib/python3.12/site-packages/airflow/example_dags/example_branch_labels.py
[2026-07-25T09:15:44.989+0000] {processor.py:925} INFO - DAG(s) 'example_branch_labels' retrieved from /home/airflow/.local/lib/python3.12/site-packages/airflow/example_dags/example_branch_labels.py
[2026-07-25T09:15:45.002+0000] {logging_mixin.py:190} INFO - [2026-07-25T09:15:45.002+0000] {dag.py:3239} INFO - Sync 1 DAGs
[2026-07-25T09:15:45.015+0000] {logging_mixin.py:190} INFO - [2026-07-25T09:15:45.015+0000] {dag.py:4180} INFO - Setting next_dagrun for example_branch_labels to 2026-07-24 00:00:00+00:00, run_after=2026-07-25 00:00:00+00:00
[2026-07-25T09:15:45.028+0000] {processor.py:208} INFO - Processing /home/airflow/.local/lib/python3.12/site-packages/airflow/example_dags/example_branch_labels.py took 0.054 seconds
[2026-07-25T09:16:15.185+0000] {processor.py:186} INFO - Started process (PID=175) to work on /home/airflow/.local/lib/python3.12/site-packages/airflow/example_dags/example_branch_labels.py
[2026-07-25T09:16:15.186+0000] {processor.py:914} INFO - Processing file /home/airflow/.local/lib/python3.12/site-packages/airflow/example_dags/example_branch_labels.py for tasks to queue
[2026-07-25T09:16:15.188+0000] {logging_mixin.py:190} INFO - [2026-07-25T09:16:15.188+0000] {dagbag.py:588} INFO - Filling up the DagBag from /home/airflow/.local/lib/python3.12/site-packages/airflow/example_dags/example_branch_labels.py
[2026-07-25T09:16:15.195+0000] {processor.py:925} INFO - DAG(s) 'example_branch_labels' retrieved from /home/airflow/.local/lib/python3.12/site-packages/airflow/example_dags/example_branch_labels.py
[2026-07-25T09:16:15.208+0000] {logging_mixin.py:190} INFO - [2026-07-25T09:16:15.208+0000] {dag.py:3239} INFO - Sync 1 DAGs
[2026-07-25T09:16:15.222+0000] {logging_mixin.py:190} INFO - [2026-07-25T09:16:15.222+0000] {dag.py:4180} INFO - Setting next_dagrun for example_branch_labels to 2026-07-24 00:00:00+00:00, run_after=2026-07-25 00:00:00+00:00
[2026-07-25T09:16:15.233+0000] {processor.py:208} INFO - Processing /home/airflow/.local/lib/python3.12/site-packages/airflow/example_dags/example_branch_labels.py took 0.052 seconds
[2026-07-25T09:16:48.798+0000] {processor.py:186} INFO - Started process (PID=237) to work on /home/airflow/.local/lib/python3.12/site-packages/airflow/example_dags/example_branch_labels.py
[2026-07-25T09:16:48.798+0000] {processor.py:914} INFO - Processing file /home/airflow/.local/lib/python3.12/site-packages/airflow/example_dags/example_branch_labels.py for tasks to queue
[2026-07-25T09:16:48.800+0000] {logging_mixin.py:190} INFO - [2026-07-25T09:16:48.800+0000] {dagbag.py:588} INFO - Filling up the DagBag from /home/airflow/.local/lib/python3.12/site-packages/airflow/example_dags/example_branch_labels.py
[2026-07-25T09:16:48.807+0000] {processor.py:925} INFO - DAG(s) 'example_branch_labels' retrieved from /home/airflow/.local/lib/python3.12/site-packages/airflow/example_dags/example_branch_labels.py
[2026-07-25T09:16:48.820+0000] {logging_mixin.py:190} INFO - [2026-07-25T09:16:48.820+0000] {dag.py:3239} INFO - Sync 1 DAGs
[2026-07-25T09:16:48.834+0000] {logging_mixin.py:190} INFO - [2026-07-25T09:16:48.834+0000] {dag.py:4180} INFO - Setting next_dagrun for example_branch_labels to 2026-07-24 00:00:00+00:00, run_after=2026-07-25 00:00:00+00:00
[2026-07-25T09:16:48.845+0000] {processor.py:208} INFO - Processing /home/airflow/.local/lib/python3.12/site-packages/airflow/example_dags/example_branch_labels.py took 0.051 seconds
[2026-07-25T09:17:23.139+0000] {processor.py:186} INFO - Started process (PID=300) to work on /home/airflow/.local/lib/python3.12/site-packages/airflow/example_dags/example_branch_labels.py
[2026-07-25T09:17:23.139+0000] {processor.py:914} INFO - Processing file /home/airflow/.local/lib/python3.12/site-packages/airflow/example_dags/example_branch_labels.py for tasks to queue
[2026-07-25T09:17:23.141+0000] {logging_mixin.py:190} INFO - [2026-07-25T09:17:23.141+0000] {dagbag.py:588} INFO - Filling up the DagBag from /home/airflow/.local/lib/python3.12/site-packages/airflow/example_dags/example_branch_labels.py
[2026-07-25T09:17:23.148+0000] {processor.py:925} INFO - DAG(s) 'example_branch_labels' retrieved from /home/airflow/.local/lib/python3.12/site-packages/airflow/example_dags/example_branch_labels.py
[2026-07-25T09:17:23.161+0000] {logging_mixin.py:190} INFO - [2026-07-25T09:17:23.161+0000] {dag.py:3239} INFO - Sync 1 DAGs
[2026-07-25T09:17:23.174+0000] {logging_mixin.py:190} INFO - [2026-07-25T09:17:23.174+0000] {dag.py:4180} INFO - Setting next_dagrun for example_branch_labels to 2026-07-24 00:00:00+00:00, run_after=2026-07-25 00:00:00+00:00
[2026-07-25T09:17:23.184+0000] {processor.py:208} INFO - Processing /home/airflow/.local/lib/python3.12/site-packages/airflow/example_dags/example_branch_labels.py took 0.049 seconds
[2026-07-25T09:17:57.146+0000] {processor.py:186} INFO - Started process (PID=363) to work on /home/airflow/.local/lib/python3.12/site-packages/airflow/example_dags/example_branch_labels.py
[2026-07-25T09:17:57.147+0000] {processor.py:914} INFO - Processing file /home/airflow/.local/lib/python3.12/site-packages/airflow/example_dags/example_branch_labels.py for tasks to queue
[2026-07-25T09:17:57.149+0000] {logging_mixin.py:190} INFO - [2026-07-25T09:17:57.149+0000] {dagbag.py:588} INFO - Filling up the DagBag from /home/airflow/.local/lib/python3.12/site-packages/airflow/example_dags/example_branch_labels.py
[2026-07-25T09:17:57.155+0000] {processor.py:925} INFO - DAG(s) 'example_branch_labels' retrieved from /home/airflow/.local/lib/python3.12/site-packages/airflow/example_dags/example_branch_labels.py
[2026-07-25T09:17:57.169+0000] {logging_mixin.py:190} INFO - [2026-07-25T09:17:57.168+0000] {dag.py:3239} INFO - Sync 1 DAGs
[2026-07-25T09:17:57.182+0000] {logging_mixin.py:190} INFO - [2026-07-25T09:17:57.182+0000] {dag.py:4180} INFO - Setting next_dagrun for example_branch_labels to 2026-07-24 00:00:00+00:00, run_after=2026-07-25 00:00:00+00:00
[2026-07-25T09:17:57.192+0000] {processor.py:208} INFO - Processing /home/airflow/.local/lib/python3.12/site-packages/airflow/example_dags/example_branch_labels.py took 0.049 seconds
[2026-07-25T09:18:27.860+0000] {processor.py:186} INFO - Started process (PID=425) to work on /home/airflow/.local/lib/python3.12/site-packages/airflow/example_dags/example_branch_labels.py
[2026-07-25T09:18:27.861+0000] {processor.py:914} INFO - Processing file /home/airflow/.local/lib/python3.12/site-packages/airflow/example_dags/example_branch_labels.py for tasks to queue
[2026-07-25T09:18:27.863+0000] {logging_mixin.py:190} INFO - [2026-07-25T09:18:27.863+0000] {dagbag.py:588} INFO - Filling up the DagBag from /home/airflow/.local/lib/python3.12/site-packages/airflow/example_dags/example_branch_labels.py
[2026-07-25T09:18:27.870+0000] {processor.py:925} INFO - DAG(s) 'example_branch_labels' retrieved from /home/airflow/.local/lib/python3.12/site-packages/airflow/example_dags/example_branch_labels.py
[2026-07-25T09:18:27.884+0000] {logging_mixin.py:190} INFO - [2026-07-25T09:18:27.884+0000] {dag.py:3239} INFO - Sync 1 DAGs
[2026-07-25T09:18:27.898+0000] {logging_mixin.py:190} INFO - [2026-07-25T09:18:27.898+0000] {dag.py:4180} INFO - Setting next_dagrun for example_branch_labels to 2026-07-24 00:00:00+00:00, run_after=2026-07-25 00:00:00+00:00
[2026-07-25T09:18:27.910+0000] {processor.py:208} INFO - Processing /home/airflow/.local/lib/python3.12/site-packages/airflow/example_dags/example_branch_labels.py took 0.054 seconds
[2026-07-25T09:18:58.392+0000] {processor.py:186} INFO - Started process (PID=487) to work on /home/airflow/.local/lib/python3.12/site-packages/airflow/example_dags/example_branch_labels.py
[2026-07-25T09:18:58.392+0000] {processor.py:914} INFO - Processing file /home/airflow/.local/lib/python3.12/site-packages/airflow/example_dags/example_branch_labels.py for tasks to queue
[2026-07-25T09:18:58.394+0000] {logging_mixin.py:190} INFO - [2026-07-25T09:18:58.394+0000] {dagbag.py:588} INFO - Filling up the DagBag from /home/airflow/.local/lib/python3.12/site-packages/airflow/example_dags/example_branch_labels.py
[2026-07-25T09:18:58.401+0000] {processor.py:925} INFO - DAG(s) 'example_branch_labels' retrieved from /home/airflow/.local/lib/python3.12/site-packages/airflow/example_dags/example_branch_labels.py
[2026-07-25T09:18:58.413+0000] {logging_mixin.py:190} INFO - [2026-07-25T09:18:58.413+0000] {dag.py:3239} INFO - Sync 1 DAGs
[2026-07-25T09:18:58.427+0000] {logging_mixin.py:190} INFO - [2026-07-25T09:18:58.427+0000] {dag.py:4180} INFO - Setting next_dagrun for example_branch_labels to 2026-07-24 00:00:00+00:00, run_after=2026-07-25 00:00:00+00:00
[2026-07-25T09:18:58.438+0000] {processor.py:208} INFO - Processing /home/airflow/.local/lib/python3.12/site-packages/airflow/example_dags/example_branch_labels.py took 0.050 seconds
[2026-07-25T09:19:28.872+0000] {processor.py:186} INFO - Started process (PID=549) to work on /home/airflow/.local/lib/python3.12/site-packages/airflow/example_dags/example_branch_labels.py
[2026-07-25T09:19:28.873+0000] {processor.py:914} INFO - Processing file /home/airflow/.local/lib/python3.12/site-packages/airflow/example_dags/example_branch_labels.py for tasks to queue
[2026-07-25T09:19:28.875+0000] {logging_mixin.py:190} INFO - [2026-07-25T09:19:28.875+0000] {dagbag.py:588} INFO - Filling up the DagBag from /home/airflow/.local/lib/python3.12/site-packages/airflow/example_dags/example_branch_labels.py
[2026-07-25T09:19:28.881+0000] {processor.py:925} INFO - DAG(s) 'example_branch_labels' retrieved from /home/airflow/.local/lib/python3.12/site-packages/airflow/example_dags/example_branch_labels.py
[2026-07-25T09:19:28.895+0000] {logging_mixin.py:190} INFO - [2026-07-25T09:19:28.895+0000] {dag.py:3239} INFO - Sync 1 DAGs
[2026-07-25T09:19:28.908+0000] {logging_mixin.py:190} INFO - [2026-07-25T09:19:28.907+0000] {dag.py:4180} INFO - Setting next_dagrun for example_branch_labels to 2026-07-24 00:00:00+00:00, run_after=2026-07-25 00:00:00+00:00
[2026-07-25T09:19:28.920+0000] {processor.py:208} INFO - Processing /home/airflow/.local/lib/python3.12/site-packages/airflow/example_dags/example_branch_labels.py took 0.051 seconds
[2026-07-25T09:20:57.890+0000] {processor.py:186} INFO - Started process (PID=113) to work on /home/airflow/.local/lib/python3.12/site-packages/airflow/example_dags/example_branch_labels.py
[2026-07-25T09:20:57.891+0000] {processor.py:914} INFO - Processing file /home/airflow/.local/lib/python3.12/site-packages/airflow/example_dags/example_branch_labels.py for tasks to queue
[2026-07-25T09:20:57.893+0000] {logging_mixin.py:190} INFO - [2026-07-25T09:20:57.893+0000] {dagbag.py:588} INFO - Filling up the DagBag from /home/airflow/.local/lib/python3.12/site-packages/airflow/example_dags/example_branch_labels.py
[2026-07-25T09:20:57.900+0000] {processor.py:925} INFO - DAG(s) 'example_branch_labels' retrieved from /home/airflow/.local/lib/python3.12/site-packages/airflow/example_dags/example_branch_labels.py
[2026-07-25T09:20:57.914+0000] {logging_mixin.py:190} INFO - [2026-07-25T09:20:57.914+0000] {dag.py:3239} INFO - Sync 1 DAGs
[2026-07-25T09:20:57.928+0000] {logging_mixin.py:190} INFO - [2026-07-25T09:20:57.928+0000] {dag.py:4180} INFO - Setting next_dagrun for example_branch_labels to 2026-07-24 00:00:00+00:00, run_after=2026-07-25 00:00:00+00:00
[2026-07-25T09:20:57.940+0000] {processor.py:208} INFO - Processing /home/airflow/.local/lib/python3.12/site-packages/airflow/example_dags/example_branch_labels.py took 0.053 seconds
[2026-07-25T09:21:28.725+0000] {processor.py:186} INFO - Started process (PID=175) to work on /home/airflow/.local/lib/python3.12/site-packages/airflow/example_dags/example_branch_labels.py
[2026-07-25T09:21:28.726+0000] {processor.py:914} INFO - Processing file /home/airflow/.local/lib/python3.12/site-packages/airflow/example_dags/example_branch_labels.py for tasks to queue
[2026-07-25T09:21:28.728+0000] {logging_mixin.py:190} INFO - [2026-07-25T09:21:28.728+0000] {dagbag.py:588} INFO - Filling up the DagBag from /home/airflow/.local/lib/python3.12/site-packages/airflow/example_dags/example_branch_labels.py
[2026-07-25T09:21:28.735+0000] {processor.py:925} INFO - DAG(s) 'example_branch_labels' retrieved from /home/airflow/.local/lib/python3.12/site-packages/airflow/example_dags/example_branch_labels.py
[2026-07-25T09:21:28.749+0000] {logging_mixin.py:190} INFO - [2026-07-25T09:21:28.749+0000] {dag.py:3239} INFO - Sync 1 DAGs
[2026-07-25T09:21:28.762+0000] {logging_mixin.py:190} INFO - [2026-07-25T09:21:28.762+0000] {dag.py:4180} INFO - Setting next_dagrun for example_branch_labels to 2026-07-24 00:00:00+00:00, run_after=2026-07-25 00:00:00+00:00
[2026-07-25T09:21:28.774+0000] {processor.py:208} INFO - Processing /home/airflow/.local/lib/python3.12/site-packages/airflow/example_dags/example_branch_labels.py took 0.052 seconds
[2026-07-25T09:22:00.417+0000] {processor.py:186} INFO - Started process (PID=237) to work on /home/airflow/.local/lib/python3.12/site-packages/airflow/example_dags/example_branch_labels.py
[2026-07-25T09:22:00.418+0000] {processor.py:914} INFO - Processing file /home/airflow/.local/lib/python3.12/site-packages/airflow/example_dags/example_branch_labels.py for tasks to queue
[2026-07-25T09:22:00.420+0000] {logging_mixin.py:190} INFO - [2026-07-25T09:22:00.420+0000] {dagbag.py:588} INFO - Filling up the DagBag from /home/airflow/.local/lib/python3.12/site-packages/airflow/example_dags/example_branch_labels.py
[2026-07-25T09:22:00.427+0000] {processor.py:925} INFO - DAG(s) 'example_branch_labels' retrieved from /home/airflow/.local/lib/python3.12/site-packages/airflow/example_dags/example_branch_labels.py
[2026-07-25T09:22:00.441+0000] {logging_mixin.py:190} INFO - [2026-07-25T09:22:00.441+0000] {dag.py:3239} INFO - Sync 1 DAGs
[2026-07-25T09:22:00.459+0000] {logging_mixin.py:190} INFO - [2026-07-25T09:22:00.458+0000] {dag.py:4180} INFO - Setting next_dagrun for example_branch_labels to 2026-07-24 00:00:00+00:00, run_after=2026-07-25 00:00:00+00:00
[2026-07-25T09:22:00.473+0000] {processor.py:208} INFO - Processing /home/airflow/.local/lib/python3.12/site-packages/airflow/example_dags/example_branch_labels.py took 0.060 seconds
[2026-07-25T09:22:34.856+0000] {processor.py:186} INFO - Started process (PID=300) to work on /home/airflow/.local/lib/python3.12/site-packages/airflow/example_dags/example_branch_labels.py
[2026-07-25T09:22:34.857+0000] {processor.py:914} INFO - Processing file /home/airflow/.local/lib/python3.12/site-packages/airflow/example_dags/example_branch_labels.py for tasks to queue
[2026-07-25T09:22:34.859+0000] {logging_mixin.py:190} INFO - [2026-07-25T09:22:34.859+0000] {dagbag.py:588} INFO - Filling up the DagBag from /home/airflow/.local/lib/python3.12/site-packages/airflow/example_dags/example_branch_labels.py
[2026-07-25T09:22:34.866+0000] {processor.py:925} INFO - DAG(s) 'example_branch_labels' retrieved from /home/airflow/.local/lib/python3.12/site-packages/airflow/example_dags/example_branch_labels.py
[2026-07-25T09:22:34.879+0000] {logging_mixin.py:190} INFO - [2026-07-25T09:22:34.879+0000] {dag.py:3239} INFO - Sync 1 DAGs
[2026-07-25T09:22:34.893+0000] {logging_mixin.py:190} INFO - [2026-07-25T09:22:34.893+0000] {dag.py:4180} INFO - Setting next_dagrun for example_branch_labels to 2026-07-24 00:00:00+00:00, run_after=2026-07-25 00:00:00+00:00
[2026-07-25T09:22:34.904+0000] {processor.py:208} INFO - Processing /home/airflow/.local/lib/python3.12/site-packages/airflow/example_dags/example_branch_labels.py took 0.051 seconds
[2026-07-25T09:24:08.443+0000] {processor.py:186} INFO - Started process (PID=113) to work on /home/airflow/.local/lib/python3.12/site-packages/airflow/example_dags/example_branch_labels.py
[2026-07-25T09:24:08.444+0000] {processor.py:914} INFO - Processing file /home/airflow/.local/lib/python3.12/site-packages/airflow/example_dags/example_branch_labels.py for tasks to queue
[2026-07-25T09:24:08.446+0000] {logging_mixin.py:190} INFO - [2026-07-25T09:24:08.446+0000] {dagbag.py:588} INFO - Filling up the DagBag from /home/airflow/.local/lib/python3.12/site-packages/airflow/example_dags/example_branch_labels.py
[2026-07-25T09:24:08.453+0000] {processor.py:925} INFO - DAG(s) 'example_branch_labels' retrieved from /home/airflow/.local/lib/python3.12/site-packages/airflow/example_dags/example_branch_labels.py
[2026-07-25T09:24:08.478+0000] {logging_mixin.py:190} INFO - [2026-07-25T09:24:08.478+0000] {dag.py:3239} INFO - Sync 1 DAGs
[2026-07-25T09:24:08.508+0000] {logging_mixin.py:190} INFO - [2026-07-25T09:24:08.507+0000] {dag.py:4180} INFO - Setting next_dagrun for example_branch_labels to 2026-07-24 00:00:00+00:00, run_after=2026-07-25 00:00:00+00:00
[2026-07-25T09:24:08.540+0000] {processor.py:208} INFO - Processing /home/airflow/.local/lib/python3.12/site-packages/airflow/example_dags/example_branch_labels.py took 0.100 seconds
[2026-07-25T09:24:39.207+0000] {processor.py:186} INFO - Started process (PID=175) to work on /home/airflow/.local/lib/python3.12/site-packages/airflow/example_dags/example_branch_labels.py
[2026-07-25T09:24:39.208+0000] {processor.py:914} INFO - Processing file /home/airflow/.local/lib/python3.12/site-packages/airflow/example_dags/example_branch_labels.py for tasks to queue
[2026-07-25T09:24:39.209+0000] {logging_mixin.py:190} INFO - [2026-07-25T09:24:39.209+0000] {dagbag.py:588} INFO - Filling up the DagBag from /home/airflow/.local/lib/python3.12/site-packages/airflow/example_dags/example_branch_labels.py
[2026-07-25T09:24:39.217+0000] {processor.py:925} INFO - DAG(s) 'example_branch_labels' retrieved from /home/airflow/.local/lib/python3.12/site-packages/airflow/example_dags/example_branch_labels.py
[2026-07-25T09:24:39.233+0000] {logging_mixin.py:190} INFO - [2026-07-25T09:24:39.232+0000] {dag.py:3239} INFO - Sync 1 DAGs
[2026-07-25T09:24:39.248+0000] {logging_mixin.py:190} INFO - [2026-07-25T09:24:39.248+0000] {dag.py:4180} INFO - Setting next_dagrun for example_branch_labels to 2026-07-24 00:00:00+00:00, run_after=2026-07-25 00:00:00+00:00
[2026-07-25T09:24:39.264+0000] {processor.py:208} INFO - Processing /home/airflow/.local/lib/python3.12/site-packages/airflow/example_dags/example_branch_labels.py took 0.061 seconds
[2026-07-25T09:25:12.049+0000] {processor.py:186} INFO - Started process (PID=237) to work on /home/airflow/.local/lib/python3.12/site-packages/airflow/example_dags/example_branch_labels.py
[2026-07-25T09:25:12.050+0000] {processor.py:914} INFO - Processing file /home/airflow/.local/lib/python3.12/site-packages/airflow/example_dags/example_branch_labels.py for tasks to queue
[2026-07-25T09:25:12.052+0000] {logging_mixin.py:190} INFO - [2026-07-25T09:25:12.052+0000] {dagbag.py:588} INFO - Filling up the DagBag from /home/airflow/.local/lib/python3.12/site-packages/airflow/example_dags/example_branch_labels.py
[2026-07-25T09:25:12.062+0000] {processor.py:925} INFO - DAG(s) 'example_branch_labels' retrieved from /home/airflow/.local/lib/python3.12/site-packages/airflow/example_dags/example_branch_labels.py
[2026-07-25T09:25:12.076+0000] {logging_mixin.py:190} INFO - [2026-07-25T09:25:12.076+0000] {dag.py:3239} INFO - Sync 1 DAGs
[2026-07-25T09:25:12.090+0000] {logging_mixin.py:190} INFO - [2026-07-25T09:25:12.090+0000] {dag.py:4180} INFO - Setting next_dagrun for example_branch_labels to 2026-07-24 00:00:00+00:00, run_after=2026-07-25 00:00:00+00:00
[2026-07-25T09:25:12.101+0000] {processor.py:208} INFO - Processing /home/airflow/.local/lib/python3.12/site-packages/airflow/example_dags/example_branch_labels.py took 0.055 seconds
[2026-07-25T09:25:45.956+0000] {processor.py:186} INFO - Started process (PID=300) to work on /home/airflow/.local/lib/python3.12/site-packages/airflow/example_dags/example_branch_labels.py
[2026-07-25T09:25:45.957+0000] {processor.py:914} INFO - Processing file /home/airflow/.local/lib/python3.12/site-packages/airflow/example_dags/example_branch_labels.py for tasks to queue
[2026-07-25T09:25:45.959+0000] {logging_mixin.py:190} INFO - [2026-07-25T09:25:45.959+0000] {dagbag.py:588} INFO - Filling up the DagBag from /home/airflow/.local/lib/python3.12/site-packages/airflow/example_dags/example_branch_labels.py
[2026-07-25T09:25:45.966+0000] {processor.py:925} INFO - DAG(s) 'example_branch_labels' retrieved from /home/airflow/.local/lib/python3.12/site-packages/airflow/example_dags/example_branch_labels.py
[2026-07-25T09:25:45.980+0000] {logging_mixin.py:190} INFO - [2026-07-25T09:25:45.980+0000] {dag.py:3239} INFO - Sync 1 DAGs
[2026-07-25T09:25:45.995+0000] {logging_mixin.py:190} INFO - [2026-07-25T09:25:45.995+0000] {dag.py:4180} INFO - Setting next_dagrun for example_branch_labels to 2026-07-24 00:00:00+00:00, run_after=2026-07-25 00:00:00+00:00
[2026-07-25T09:25:46.013+0000] {processor.py:208} INFO - Processing /home/airflow/.local/lib/python3.12/site-packages/airflow/example_dags/example_branch_labels.py took 0.061 seconds
[2026-07-25T09:27:03.440+0000] {processor.py:186} INFO - Started process (PID=113) to work on /home/airflow/.local/lib/python3.12/site-packages/airflow/example_dags/example_branch_labels.py
[2026-07-25T09:27:03.441+0000] {processor.py:914} INFO - Processing file /home/airflow/.local/lib/python3.12/site-packages/airflow/example_dags/example_branch_labels.py for tasks to queue
[2026-07-25T09:27:03.443+0000] {logging_mixin.py:190} INFO - [2026-07-25T09:27:03.443+0000] {dagbag.py:588} INFO - Filling up the DagBag from /home/airflow/.local/lib/python3.12/site-packages/airflow/example_dags/example_branch_labels.py
[2026-07-25T09:27:03.450+0000] {processor.py:925} INFO - DAG(s) 'example_branch_labels' retrieved from /home/airflow/.local/lib/python3.12/site-packages/airflow/example_dags/example_branch_labels.py
[2026-07-25T09:27:03.531+0000] {logging_mixin.py:190} INFO - [2026-07-25T09:27:03.530+0000] {override.py:1932} INFO - Created Permission View: can edit on DAG:example_branch_labels
[2026-07-25T09:27:03.538+0000] {logging_mixin.py:190} INFO - [2026-07-25T09:27:03.538+0000] {override.py:1932} INFO - Created Permission View: can read on DAG:example_branch_labels
[2026-07-25T09:27:03.543+0000] {logging_mixin.py:190} INFO - [2026-07-25T09:27:03.543+0000] {override.py:1932} INFO - Created Permission View: can delete on DAG:example_branch_labels
[2026-07-25T09:27:03.550+0000] {logging_mixin.py:190} INFO - [2026-07-25T09:27:03.550+0000] {override.py:1932} INFO - Created Permission View: menu access on DAG Run:example_branch_labels
[2026-07-25T09:27:03.555+0000] {logging_mixin.py:190} INFO - [2026-07-25T09:27:03.555+0000] {override.py:1932} INFO - Created Permission View: can read on DAG Run:example_branch_labels
[2026-07-25T09:27:03.560+0000] {logging_mixin.py:190} INFO - [2026-07-25T09:27:03.560+0000] {override.py:1932} INFO - Created Permission View: can create on DAG Run:example_branch_labels
[2026-07-25T09:27:03.565+0000] {logging_mixin.py:190} INFO - [2026-07-25T09:27:03.565+0000] {override.py:1932} INFO - Created Permission View: can delete on DAG Run:example_branch_labels
[2026-07-25T09:27:03.565+0000] {logging_mixin.py:190} INFO - [2026-07-25T09:27:03.565+0000] {dag.py:3239} INFO - Sync 1 DAGs
[2026-07-25T09:27:03.573+0000] {logging_mixin.py:190} INFO - [2026-07-25T09:27:03.573+0000] {dag.py:3262} INFO - Creating ORM DAG for example_branch_labels
[2026-07-25T09:27:03.579+0000] {logging_mixin.py:190} INFO - [2026-07-25T09:27:03.578+0000] {dag.py:4180} INFO - Setting next_dagrun for example_branch_labels to 2026-07-24 00:00:00+00:00, run_after=2026-07-25 00:00:00+00:00
[2026-07-25T09:27:03.588+0000] {processor.py:208} INFO - Processing /home/airflow/.local/lib/python3.12/site-packages/airflow/example_dags/example_branch_labels.py took 0.151 seconds
[2026-07-25T09:27:33.718+0000] {processor.py:186} INFO - Started process (PID=175) to work on /home/airflow/.local/lib/python3.12/site-packages/airflow/example_dags/example_branch_labels.py
[2026-07-25T09:27:33.719+0000] {processor.py:914} INFO - Processing file /home/airflow/.local/lib/python3.12/site-packages/airflow/example_dags/example_branch_labels.py for tasks to queue
[2026-07-25T09:27:33.720+0000] {logging_mixin.py:190} INFO - [2026-07-25T09:27:33.720+0000] {dagbag.py:588} INFO - Filling up the DagBag from /home/airflow/.local/lib/python3.12/site-packages/airflow/example_dags/example_branch_labels.py
[2026-07-25T09:27:33.728+0000] {processor.py:925} INFO - DAG(s) 'example_branch_labels' retrieved from /home/airflow/.local/lib/python3.12/site-packages/airflow/example_dags/example_branch_labels.py
[2026-07-25T09:27:33.742+0000] {logging_mixin.py:190} INFO - [2026-07-25T09:27:33.742+0000] {dag.py:3239} INFO - Sync 1 DAGs
[2026-07-25T09:27:33.756+0000] {logging_mixin.py:190} INFO - [2026-07-25T09:27:33.756+0000] {dag.py:4180} INFO - Setting next_dagrun for example_branch_labels to 2026-07-24 00:00:00+00:00, run_after=2026-07-25 00:00:00+00:00
[2026-07-25T09:27:33.772+0000] {processor.py:208} INFO - Processing /home/airflow/.local/lib/python3.12/site-packages/airflow/example_dags/example_branch_labels.py took 0.058 seconds
[2026-07-25T09:28:05.403+0000] {processor.py:186} INFO - Started process (PID=237) to work on /home/airflow/.local/lib/python3.12/site-packages/airflow/example_dags/example_branch_labels.py
[2026-07-25T09:28:05.404+0000] {processor.py:914} INFO - Processing file /home/airflow/.local/lib/python3.12/site-packages/airflow/example_dags/example_branch_labels.py for tasks to queue
[2026-07-25T09:28:05.406+0000] {logging_mixin.py:190} INFO - [2026-07-25T09:28:05.406+0000] {dagbag.py:588} INFO - Filling up the DagBag from /home/airflow/.local/lib/python3.12/site-packages/airflow/example_dags/example_branch_labels.py
[2026-07-25T09:28:05.413+0000] {processor.py:925} INFO - DAG(s) 'example_branch_labels' retrieved from /home/airflow/.local/lib/python3.12/site-packages/airflow/example_dags/example_branch_labels.py
[2026-07-25T09:28:05.431+0000] {logging_mixin.py:190} INFO - [2026-07-25T09:28:05.431+0000] {dag.py:3239} INFO - Sync 1 DAGs
[2026-07-25T09:28:05.446+0000] {logging_mixin.py:190} INFO - [2026-07-25T09:28:05.446+0000] {dag.py:4180} INFO - Setting next_dagrun for example_branch_labels to 2026-07-24 00:00:00+00:00, run_after=2026-07-25 00:00:00+00:00
[2026-07-25T09:28:05.459+0000] {processor.py:208} INFO - Processing /home/airflow/.local/lib/python3.12/site-packages/airflow/example_dags/example_branch_labels.py took 0.059 seconds
[2026-07-25T09:28:35.586+0000] {processor.py:186} INFO - Started process (PID=299) to work on /home/airflow/.local/lib/python3.12/site-packages/airflow/example_dags/example_branch_labels.py
[2026-07-25T09:28:35.587+0000] {processor.py:914} INFO - Processing file /home/airflow/.local/lib/python3.12/site-packages/airflow/example_dags/example_branch_labels.py for tasks to queue
[2026-07-25T09:28:35.589+0000] {logging_mixin.py:190} INFO - [2026-07-25T09:28:35.589+0000] {dagbag.py:588} INFO - Filling up the DagBag from /home/airflow/.local/lib/python3.12/site-packages/airflow/example_dags/example_branch_labels.py
[2026-07-25T09:28:35.596+0000] {processor.py:925} INFO - DAG(s) 'example_branch_labels' retrieved from /home/airflow/.local/lib/python3.12/site-packages/airflow/example_dags/example_branch_labels.py
[2026-07-25T09:28:35.612+0000] {logging_mixin.py:190} INFO - [2026-07-25T09:28:35.612+0000] {dag.py:3239} INFO - Sync 1 DAGs
[2026-07-25T09:28:35.627+0000] {logging_mixin.py:190} INFO - [2026-07-25T09:28:35.627+0000] {dag.py:4180} INFO - Setting next_dagrun for example_branch_labels to 2026-07-24 00:00:00+00:00, run_after=2026-07-25 00:00:00+00:00
[2026-07-25T09:28:35.639+0000] {processor.py:208} INFO - Processing /home/airflow/.local/lib/python3.12/site-packages/airflow/example_dags/example_branch_labels.py took 0.058 seconds
[2026-07-25T09:29:05.829+0000] {processor.py:186} INFO - Started process (PID=361) to work on /home/airflow/.local/lib/python3.12/site-packages/airflow/example_dags/example_branch_labels.py
[2026-07-25T09:29:05.830+0000] {processor.py:914} INFO - Processing file /home/airflow/.local/lib/python3.12/site-packages/airflow/example_dags/example_branch_labels.py for tasks to queue
[2026-07-25T09:29:05.833+0000] {logging_mixin.py:190} INFO - [2026-07-25T09:29:05.833+0000] {dagbag.py:588} INFO - Filling up the DagBag from /home/airflow/.local/lib/python3.12/site-packages/airflow/example_dags/example_branch_labels.py
[2026-07-25T09:29:05.840+0000] {processor.py:925} INFO - DAG(s) 'example_branch_labels' retrieved from /home/airflow/.local/lib/python3.12/site-packages/airflow/example_dags/example_branch_labels.py
[2026-07-25T09:29:05.858+0000] {logging_mixin.py:190} INFO - [2026-07-25T09:29:05.858+0000] {dag.py:3239} INFO - Sync 1 DAGs
[2026-07-25T09:29:05.875+0000] {logging_mixin.py:190} INFO - [2026-07-25T09:29:05.875+0000] {dag.py:4180} INFO - Setting next_dagrun for example_branch_labels to 2026-07-24 00:00:00+00:00, run_after=2026-07-25 00:00:00+00:00
[2026-07-25T09:29:05.888+0000] {processor.py:208} INFO - Processing /home/airflow/.local/lib/python3.12/site-packages/airflow/example_dags/example_branch_labels.py took 0.064 seconds
[2026-07-25T09:29:36.060+0000] {processor.py:186} INFO - Started process (PID=423) to work on /home/airflow/.local/lib/python3.12/site-packages/airflow/example_dags/example_branch_labels.py
[2026-07-25T09:29:36.061+0000] {processor.py:914} INFO - Processing file /home/airflow/.local/lib/python3.12/site-packages/airflow/example_dags/example_branch_labels.py for tasks to queue
[2026-07-25T09:29:36.063+0000] {logging_mixin.py:190} INFO - [2026-07-25T09:29:36.062+0000] {dagbag.py:588} INFO - Filling up the DagBag from /home/airflow/.local/lib/python3.12/site-packages/airflow/example_dags/example_branch_labels.py
[2026-07-25T09:29:36.069+0000] {processor.py:925} INFO - DAG(s) 'example_branch_labels' retrieved from /home/airflow/.local/lib/python3.12/site-packages/airflow/example_dags/example_branch_labels.py
[2026-07-25T09:29:36.083+0000] {logging_mixin.py:190} INFO - [2026-07-25T09:29:36.083+0000] {dag.py:3239} INFO - Sync 1 DAGs
[2026-07-25T09:29:36.097+0000] {logging_mixin.py:190} INFO - [2026-07-25T09:29:36.096+0000] {dag.py:4180} INFO - Setting next_dagrun for example_branch_labels to 2026-07-24 00:00:00+00:00, run_after=2026-07-25 00:00:00+00:00
[2026-07-25T09:29:36.108+0000] {processor.py:208} INFO - Processing /home/airflow/.local/lib/python3.12/site-packages/airflow/example_dags/example_branch_labels.py took 0.052 seconds
[2026-07-25T09:30:06.738+0000] {processor.py:186} INFO - Started process (PID=486) to work on /home/airflow/.local/lib/python3.12/site-packages/airflow/example_dags/example_branch_labels.py
[2026-07-25T09:30:06.739+0000] {processor.py:914} INFO - Processing file /home/airflow/.local/lib/python3.12/site-packages/airflow/example_dags/example_branch_labels.py for tasks to queue
[2026-07-25T09:30:06.741+0000] {logging_mixin.py:190} INFO - [2026-07-25T09:30:06.740+0000] {dagbag.py:588} INFO - Filling up the DagBag from /home/airflow/.local/lib/python3.12/site-packages/airflow/example_dags/example_branch_labels.py
[2026-07-25T09:30:06.748+0000] {processor.py:925} INFO - DAG(s) 'example_branch_labels' retrieved from /home/airflow/.local/lib/python3.12/site-packages/airflow/example_dags/example_branch_labels.py
[2026-07-25T09:30:06.761+0000] {logging_mixin.py:190} INFO - [2026-07-25T09:30:06.761+0000] {dag.py:3239} INFO - Sync 1 DAGs
[2026-07-25T09:30:06.774+0000] {logging_mixin.py:190} INFO - [2026-07-25T09:30:06.774+0000] {dag.py:4180} INFO - Setting next_dagrun for example_branch_labels to 2026-07-24 00:00:00+00:00, run_after=2026-07-25 00:00:00+00:00
[2026-07-25T09:30:06.786+0000] {processor.py:208} INFO - Processing /home/airflow/.local/lib/python3.12/site-packages/airflow/example_dags/example_branch_labels.py took 0.051 seconds
[2026-07-25T09:30:36.948+0000] {processor.py:186} INFO - Started process (PID=549) to work on /home/airflow/.local/lib/python3.12/site-packages/airflow/example_dags/example_branch_labels.py
[2026-07-25T09:30:36.949+0000] {processor.py:914} INFO - Processing file /home/airflow/.local/lib/python3.12/site-packages/airflow/example_dags/example_branch_labels.py for tasks to queue
[2026-07-25T09:30:36.952+0000] {logging_mixin.py:190} INFO - [2026-07-25T09:30:36.951+0000] {dagbag.py:588} INFO - Filling up the DagBag from /home/airflow/.local/lib/python3.12/site-packages/airflow/example_dags/example_branch_labels.py
[2026-07-25T09:30:36.959+0000] {processor.py:925} INFO - DAG(s) 'example_branch_labels' retrieved from /home/airflow/.local/lib/python3.12/site-packages/airflow/example_dags/example_branch_labels.py
[2026-07-25T09:30:36.975+0000] {logging_mixin.py:190} INFO - [2026-07-25T09:30:36.975+0000] {dag.py:3239} INFO - Sync 1 DAGs
[2026-07-25T09:30:36.989+0000] {logging_mixin.py:190} INFO - [2026-07-25T09:30:36.988+0000] {dag.py:4180} INFO - Setting next_dagrun for example_branch_labels to 2026-07-24 00:00:00+00:00, run_after=2026-07-25 00:00:00+00:00
[2026-07-25T09:30:37.004+0000] {processor.py:208} INFO - Processing /home/airflow/.local/lib/python3.12/site-packages/airflow/example_dags/example_branch_labels.py took 0.061 seconds
