[2026-07-25T09:06:19.662+0000] {processor.py:186} INFO - Started process (PID=96) to work on /home/airflow/.local/lib/python3.12/site-packages/airflow/example_dags/example_sensors.py
[2026-07-25T09:06:19.664+0000] {processor.py:914} INFO - Processing file /home/airflow/.local/lib/python3.12/site-packages/airflow/example_dags/example_sensors.py for tasks to queue
[2026-07-25T09:06:19.666+0000] {logging_mixin.py:190} INFO - [2026-07-25T09:06:19.666+0000] {dagbag.py:588} INFO - Filling up the DagBag from /home/airflow/.local/lib/python3.12/site-packages/airflow/example_dags/example_sensors.py
[2026-07-25T09:06:19.675+0000] {processor.py:925} INFO - DAG(s) 'example_sensors' retrieved from /home/airflow/.local/lib/python3.12/site-packages/airflow/example_dags/example_sensors.py
[2026-07-25T09:06:19.758+0000] {logging_mixin.py:190} INFO - [2026-07-25T09:06:19.757+0000] {override.py:1932} INFO - Created Permission View: can edit on DAG:example_sensors
[2026-07-25T09:06:19.765+0000] {logging_mixin.py:190} INFO - [2026-07-25T09:06:19.765+0000] {override.py:1932} INFO - Created Permission View: can read on DAG:example_sensors
[2026-07-25T09:06:19.770+0000] {logging_mixin.py:190} INFO - [2026-07-25T09:06:19.770+0000] {override.py:1932} INFO - Created Permission View: can delete on DAG:example_sensors
[2026-07-25T09:06:19.777+0000] {logging_mixin.py:190} INFO - [2026-07-25T09:06:19.777+0000] {override.py:1932} INFO - Created Permission View: can create on DAG Run:example_sensors
[2026-07-25T09:06:19.784+0000] {logging_mixin.py:190} INFO - [2026-07-25T09:06:19.784+0000] {override.py:1932} INFO - Created Permission View: can read on DAG Run:example_sensors
[2026-07-25T09:06:19.789+0000] {logging_mixin.py:190} INFO - [2026-07-25T09:06:19.789+0000] {override.py:1932} INFO - Created Permission View: can delete on DAG Run:example_sensors
[2026-07-25T09:06:19.794+0000] {logging_mixin.py:190} INFO - [2026-07-25T09:06:19.794+0000] {override.py:1932} INFO - Created Permission View: menu access on DAG Run:example_sensors
[2026-07-25T09:06:19.794+0000] {logging_mixin.py:190} INFO - [2026-07-25T09:06:19.794+0000] {dag.py:3239} INFO - Sync 1 DAGs
[2026-07-25T09:06:19.803+0000] {logging_mixin.py:190} INFO - [2026-07-25T09:06:19.803+0000] {dag.py:3262} INFO - Creating ORM DAG for example_sensors
[2026-07-25T09:06:19.803+0000] {logging_mixin.py:190} INFO - [2026-07-25T09:06:19.803+0000] {dag.py:4180} INFO - Setting next_dagrun for example_sensors to None, run_after=None
[2026-07-25T09:06:19.814+0000] {processor.py:208} INFO - Processing /home/airflow/.local/lib/python3.12/site-packages/airflow/example_dags/example_sensors.py took 0.157 seconds
[2026-07-25T09:06:52.558+0000] {processor.py:186} INFO - Started process (PID=158) to work on /home/airflow/.local/lib/python3.12/site-packages/airflow/example_dags/example_sensors.py
[2026-07-25T09:06:52.559+0000] {processor.py:914} INFO - Processing file /home/airflow/.local/lib/python3.12/site-packages/airflow/example_dags/example_sensors.py for tasks to queue
[2026-07-25T09:06:52.561+0000] {logging_mixin.py:190} INFO - [2026-07-25T09:06:52.560+0000] {dagbag.py:588} INFO - Filling up the DagBag from /home/airflow/.local/lib/python3.12/site-packages/airflow/example_dags/example_sensors.py
[2026-07-25T09:06:52.570+0000] {processor.py:925} INFO - DAG(s) 'example_sensors' retrieved from /home/airflow/.local/lib/python3.12/site-packages/airflow/example_dags/example_sensors.py
[2026-07-25T09:06:52.590+0000] {logging_mixin.py:190} INFO - [2026-07-25T09:06:52.590+0000] {dag.py:3239} INFO - Sync 1 DAGs
[2026-07-25T09:06:52.599+0000] {logging_mixin.py:190} INFO - [2026-07-25T09:06:52.599+0000] {dag.py:4180} INFO - Setting next_dagrun for example_sensors to None, run_after=None
[2026-07-25T09:06:52.610+0000] {processor.py:208} INFO - Processing /home/airflow/.local/lib/python3.12/site-packages/airflow/example_dags/example_sensors.py took 0.055 seconds
[2026-07-25T09:07:23.342+0000] {processor.py:186} INFO - Started process (PID=220) to work on /home/airflow/.local/lib/python3.12/site-packages/airflow/example_dags/example_sensors.py
[2026-07-25T09:07:23.343+0000] {processor.py:914} INFO - Processing file /home/airflow/.local/lib/python3.12/site-packages/airflow/example_dags/example_sensors.py for tasks to queue
[2026-07-25T09:07:23.346+0000] {logging_mixin.py:190} INFO - [2026-07-25T09:07:23.346+0000] {dagbag.py:588} INFO - Filling up the DagBag from /home/airflow/.local/lib/python3.12/site-packages/airflow/example_dags/example_sensors.py
[2026-07-25T09:07:23.354+0000] {processor.py:925} INFO - DAG(s) 'example_sensors' retrieved from /home/airflow/.local/lib/python3.12/site-packages/airflow/example_dags/example_sensors.py
[2026-07-25T09:07:23.374+0000] {logging_mixin.py:190} INFO - [2026-07-25T09:07:23.374+0000] {dag.py:3239} INFO - Sync 1 DAGs
[2026-07-25T09:07:23.383+0000] {logging_mixin.py:190} INFO - [2026-07-25T09:07:23.383+0000] {dag.py:4180} INFO - Setting next_dagrun for example_sensors to None, run_after=None
[2026-07-25T09:07:23.396+0000] {processor.py:208} INFO - Processing /home/airflow/.local/lib/python3.12/site-packages/airflow/example_dags/example_sensors.py took 0.059 seconds
[2026-07-25T09:07:53.577+0000] {processor.py:186} INFO - Started process (PID=282) to work on /home/airflow/.local/lib/python3.12/site-packages/airflow/example_dags/example_sensors.py
[2026-07-25T09:07:53.578+0000] {processor.py:914} INFO - Processing file /home/airflow/.local/lib/python3.12/site-packages/airflow/example_dags/example_sensors.py for tasks to queue
[2026-07-25T09:07:53.580+0000] {logging_mixin.py:190} INFO - [2026-07-25T09:07:53.580+0000] {dagbag.py:588} INFO - Filling up the DagBag from /home/airflow/.local/lib/python3.12/site-packages/airflow/example_dags/example_sensors.py
[2026-07-25T09:07:53.586+0000] {processor.py:925} INFO - DAG(s) 'example_sensors' retrieved from /home/airflow/.local/lib/python3.12/site-packages/airflow/example_dags/example_sensors.py
[2026-07-25T09:07:53.602+0000] {logging_mixin.py:190} INFO - [2026-07-25T09:07:53.602+0000] {dag.py:3239} INFO - Sync 1 DAGs
[2026-07-25T09:07:53.610+0000] {logging_mixin.py:190} INFO - [2026-07-25T09:07:53.610+0000] {dag.py:4180} INFO - Setting next_dagrun for example_sensors to None, run_after=None
[2026-07-25T09:07:53.621+0000] {processor.py:208} INFO - Processing /home/airflow/.local/lib/python3.12/site-packages/airflow/example_dags/example_sensors.py took 0.047 seconds
[2026-07-25T09:08:24.022+0000] {processor.py:186} INFO - Started process (PID=345) to work on /home/airflow/.local/lib/python3.12/site-packages/airflow/example_dags/example_sensors.py
[2026-07-25T09:08:24.023+0000] {processor.py:914} INFO - Processing file /home/airflow/.local/lib/python3.12/site-packages/airflow/example_dags/example_sensors.py for tasks to queue
[2026-07-25T09:08:24.025+0000] {logging_mixin.py:190} INFO - [2026-07-25T09:08:24.024+0000] {dagbag.py:588} INFO - Filling up the DagBag from /home/airflow/.local/lib/python3.12/site-packages/airflow/example_dags/example_sensors.py
[2026-07-25T09:08:24.032+0000] {processor.py:925} INFO - DAG(s) 'example_sensors' retrieved from /home/airflow/.local/lib/python3.12/site-packages/airflow/example_dags/example_sensors.py
[2026-07-25T09:08:24.048+0000] {logging_mixin.py:190} INFO - [2026-07-25T09:08:24.048+0000] {dag.py:3239} INFO - Sync 1 DAGs
[2026-07-25T09:08:24.056+0000] {logging_mixin.py:190} INFO - [2026-07-25T09:08:24.056+0000] {dag.py:4180} INFO - Setting next_dagrun for example_sensors to None, run_after=None
[2026-07-25T09:08:24.068+0000] {processor.py:208} INFO - Processing /home/airflow/.local/lib/python3.12/site-packages/airflow/example_dags/example_sensors.py took 0.049 seconds
[2026-07-25T09:08:54.960+0000] {processor.py:186} INFO - Started process (PID=408) to work on /home/airflow/.local/lib/python3.12/site-packages/airflow/example_dags/example_sensors.py
[2026-07-25T09:08:54.961+0000] {processor.py:914} INFO - Processing file /home/airflow/.local/lib/python3.12/site-packages/airflow/example_dags/example_sensors.py for tasks to queue
[2026-07-25T09:08:54.963+0000] {logging_mixin.py:190} INFO - [2026-07-25T09:08:54.962+0000] {dagbag.py:588} INFO - Filling up the DagBag from /home/airflow/.local/lib/python3.12/site-packages/airflow/example_dags/example_sensors.py
[2026-07-25T09:08:54.970+0000] {processor.py:925} INFO - DAG(s) 'example_sensors' retrieved from /home/airflow/.local/lib/python3.12/site-packages/airflow/example_dags/example_sensors.py
[2026-07-25T09:08:54.985+0000] {logging_mixin.py:190} INFO - [2026-07-25T09:08:54.985+0000] {dag.py:3239} INFO - Sync 1 DAGs
[2026-07-25T09:08:54.993+0000] {logging_mixin.py:190} INFO - [2026-07-25T09:08:54.993+0000] {dag.py:4180} INFO - Setting next_dagrun for example_sensors to None, run_after=None
[2026-07-25T09:08:55.004+0000] {processor.py:208} INFO - Processing /home/airflow/.local/lib/python3.12/site-packages/airflow/example_dags/example_sensors.py took 0.048 seconds
[2026-07-25T09:09:25.918+0000] {processor.py:186} INFO - Started process (PID=471) to work on /home/airflow/.local/lib/python3.12/site-packages/airflow/example_dags/example_sensors.py
[2026-07-25T09:09:25.919+0000] {processor.py:914} INFO - Processing file /home/airflow/.local/lib/python3.12/site-packages/airflow/example_dags/example_sensors.py for tasks to queue
[2026-07-25T09:09:25.921+0000] {logging_mixin.py:190} INFO - [2026-07-25T09:09:25.920+0000] {dagbag.py:588} INFO - Filling up the DagBag from /home/airflow/.local/lib/python3.12/site-packages/airflow/example_dags/example_sensors.py
[2026-07-25T09:09:25.929+0000] {processor.py:925} INFO - DAG(s) 'example_sensors' retrieved from /home/airflow/.local/lib/python3.12/site-packages/airflow/example_dags/example_sensors.py
[2026-07-25T09:09:25.947+0000] {logging_mixin.py:190} INFO - [2026-07-25T09:09:25.947+0000] {dag.py:3239} INFO - Sync 1 DAGs
[2026-07-25T09:09:25.956+0000] {logging_mixin.py:190} INFO - [2026-07-25T09:09:25.956+0000] {dag.py:4180} INFO - Setting next_dagrun for example_sensors to None, run_after=None
[2026-07-25T09:09:25.969+0000] {processor.py:208} INFO - Processing /home/airflow/.local/lib/python3.12/site-packages/airflow/example_dags/example_sensors.py took 0.055 seconds
[2026-07-25T09:09:56.191+0000] {processor.py:186} INFO - Started process (PID=534) to work on /home/airflow/.local/lib/python3.12/site-packages/airflow/example_dags/example_sensors.py
[2026-07-25T09:09:56.192+0000] {processor.py:914} INFO - Processing file /home/airflow/.local/lib/python3.12/site-packages/airflow/example_dags/example_sensors.py for tasks to queue
[2026-07-25T09:09:56.194+0000] {logging_mixin.py:190} INFO - [2026-07-25T09:09:56.194+0000] {dagbag.py:588} INFO - Filling up the DagBag from /home/airflow/.local/lib/python3.12/site-packages/airflow/example_dags/example_sensors.py
[2026-07-25T09:09:56.202+0000] {processor.py:925} INFO - DAG(s) 'example_sensors' retrieved from /home/airflow/.local/lib/python3.12/site-packages/airflow/example_dags/example_sensors.py
[2026-07-25T09:09:56.221+0000] {logging_mixin.py:190} INFO - [2026-07-25T09:09:56.221+0000] {dag.py:3239} INFO - Sync 1 DAGs
[2026-07-25T09:09:56.231+0000] {logging_mixin.py:190} INFO - [2026-07-25T09:09:56.231+0000] {dag.py:4180} INFO - Setting next_dagrun for example_sensors to None, run_after=None
[2026-07-25T09:09:56.245+0000] {processor.py:208} INFO - Processing /home/airflow/.local/lib/python3.12/site-packages/airflow/example_dags/example_sensors.py took 0.059 seconds
[2026-07-25T09:10:29.615+0000] {processor.py:186} INFO - Started process (PID=597) to work on /home/airflow/.local/lib/python3.12/site-packages/airflow/example_dags/example_sensors.py
[2026-07-25T09:10:29.616+0000] {processor.py:914} INFO - Processing file /home/airflow/.local/lib/python3.12/site-packages/airflow/example_dags/example_sensors.py for tasks to queue
[2026-07-25T09:10:29.618+0000] {logging_mixin.py:190} INFO - [2026-07-25T09:10:29.618+0000] {dagbag.py:588} INFO - Filling up the DagBag from /home/airflow/.local/lib/python3.12/site-packages/airflow/example_dags/example_sensors.py
[2026-07-25T09:10:29.625+0000] {processor.py:925} INFO - DAG(s) 'example_sensors' retrieved from /home/airflow/.local/lib/python3.12/site-packages/airflow/example_dags/example_sensors.py
[2026-07-25T09:10:29.640+0000] {logging_mixin.py:190} INFO - [2026-07-25T09:10:29.640+0000] {dag.py:3239} INFO - Sync 1 DAGs
[2026-07-25T09:10:29.648+0000] {logging_mixin.py:190} INFO - [2026-07-25T09:10:29.648+0000] {dag.py:4180} INFO - Setting next_dagrun for example_sensors to None, run_after=None
[2026-07-25T09:10:29.659+0000] {processor.py:208} INFO - Processing /home/airflow/.local/lib/python3.12/site-packages/airflow/example_dags/example_sensors.py took 0.048 seconds
[2026-07-25T09:11:00.453+0000] {processor.py:186} INFO - Started process (PID=658) to work on /home/airflow/.local/lib/python3.12/site-packages/airflow/example_dags/example_sensors.py
[2026-07-25T09:11:00.454+0000] {processor.py:914} INFO - Processing file /home/airflow/.local/lib/python3.12/site-packages/airflow/example_dags/example_sensors.py for tasks to queue
[2026-07-25T09:11:00.456+0000] {logging_mixin.py:190} INFO - [2026-07-25T09:11:00.456+0000] {dagbag.py:588} INFO - Filling up the DagBag from /home/airflow/.local/lib/python3.12/site-packages/airflow/example_dags/example_sensors.py
[2026-07-25T09:11:00.463+0000] {processor.py:925} INFO - DAG(s) 'example_sensors' retrieved from /home/airflow/.local/lib/python3.12/site-packages/airflow/example_dags/example_sensors.py
[2026-07-25T09:11:00.479+0000] {logging_mixin.py:190} INFO - [2026-07-25T09:11:00.479+0000] {dag.py:3239} INFO - Sync 1 DAGs
[2026-07-25T09:11:00.487+0000] {logging_mixin.py:190} INFO - [2026-07-25T09:11:00.487+0000] {dag.py:4180} INFO - Setting next_dagrun for example_sensors to None, run_after=None
[2026-07-25T09:11:00.500+0000] {processor.py:208} INFO - Processing /home/airflow/.local/lib/python3.12/site-packages/airflow/example_dags/example_sensors.py took 0.051 seconds
[2026-07-25T09:11:31.239+0000] {processor.py:186} INFO - Started process (PID=721) to work on /home/airflow/.local/lib/python3.12/site-packages/airflow/example_dags/example_sensors.py
[2026-07-25T09:11:31.240+0000] {processor.py:914} INFO - Processing file /home/airflow/.local/lib/python3.12/site-packages/airflow/example_dags/example_sensors.py for tasks to queue
[2026-07-25T09:11:31.242+0000] {logging_mixin.py:190} INFO - [2026-07-25T09:11:31.242+0000] {dagbag.py:588} INFO - Filling up the DagBag from /home/airflow/.local/lib/python3.12/site-packages/airflow/example_dags/example_sensors.py
[2026-07-25T09:11:31.249+0000] {processor.py:925} INFO - DAG(s) 'example_sensors' retrieved from /home/airflow/.local/lib/python3.12/site-packages/airflow/example_dags/example_sensors.py
[2026-07-25T09:11:31.264+0000] {logging_mixin.py:190} INFO - [2026-07-25T09:11:31.264+0000] {dag.py:3239} INFO - Sync 1 DAGs
[2026-07-25T09:11:31.273+0000] {logging_mixin.py:190} INFO - [2026-07-25T09:11:31.273+0000] {dag.py:4180} INFO - Setting next_dagrun for example_sensors to None, run_after=None
[2026-07-25T09:11:31.284+0000] {processor.py:208} INFO - Processing /home/airflow/.local/lib/python3.12/site-packages/airflow/example_dags/example_sensors.py took 0.049 seconds
[2026-07-25T09:12:04.621+0000] {processor.py:186} INFO - Started process (PID=784) to work on /home/airflow/.local/lib/python3.12/site-packages/airflow/example_dags/example_sensors.py
[2026-07-25T09:12:04.622+0000] {processor.py:914} INFO - Processing file /home/airflow/.local/lib/python3.12/site-packages/airflow/example_dags/example_sensors.py for tasks to queue
[2026-07-25T09:12:04.624+0000] {logging_mixin.py:190} INFO - [2026-07-25T09:12:04.624+0000] {dagbag.py:588} INFO - Filling up the DagBag from /home/airflow/.local/lib/python3.12/site-packages/airflow/example_dags/example_sensors.py
[2026-07-25T09:12:04.631+0000] {processor.py:925} INFO - DAG(s) 'example_sensors' retrieved from /home/airflow/.local/lib/python3.12/site-packages/airflow/example_dags/example_sensors.py
[2026-07-25T09:12:04.647+0000] {logging_mixin.py:190} INFO - [2026-07-25T09:12:04.647+0000] {dag.py:3239} INFO - Sync 1 DAGs
[2026-07-25T09:12:04.656+0000] {logging_mixin.py:190} INFO - [2026-07-25T09:12:04.656+0000] {dag.py:4180} INFO - Setting next_dagrun for example_sensors to None, run_after=None
[2026-07-25T09:12:04.667+0000] {processor.py:208} INFO - Processing /home/airflow/.local/lib/python3.12/site-packages/airflow/example_dags/example_sensors.py took 0.049 seconds
[2026-07-25T09:12:35.414+0000] {processor.py:186} INFO - Started process (PID=846) to work on /home/airflow/.local/lib/python3.12/site-packages/airflow/example_dags/example_sensors.py
[2026-07-25T09:12:35.414+0000] {processor.py:914} INFO - Processing file /home/airflow/.local/lib/python3.12/site-packages/airflow/example_dags/example_sensors.py for tasks to queue
[2026-07-25T09:12:35.416+0000] {logging_mixin.py:190} INFO - [2026-07-25T09:12:35.416+0000] {dagbag.py:588} INFO - Filling up the DagBag from /home/airflow/.local/lib/python3.12/site-packages/airflow/example_dags/example_sensors.py
[2026-07-25T09:12:35.423+0000] {processor.py:925} INFO - DAG(s) 'example_sensors' retrieved from /home/airflow/.local/lib/python3.12/site-packages/airflow/example_dags/example_sensors.py
[2026-07-25T09:12:35.440+0000] {logging_mixin.py:190} INFO - [2026-07-25T09:12:35.440+0000] {dag.py:3239} INFO - Sync 1 DAGs
[2026-07-25T09:12:35.448+0000] {logging_mixin.py:190} INFO - [2026-07-25T09:12:35.448+0000] {dag.py:4180} INFO - Setting next_dagrun for example_sensors to None, run_after=None
[2026-07-25T09:12:35.461+0000] {processor.py:208} INFO - Processing /home/airflow/.local/lib/python3.12/site-packages/airflow/example_dags/example_sensors.py took 0.050 seconds
[2026-07-25T09:13:05.746+0000] {processor.py:186} INFO - Started process (PID=908) to work on /home/airflow/.local/lib/python3.12/site-packages/airflow/example_dags/example_sensors.py
[2026-07-25T09:13:05.747+0000] {processor.py:914} INFO - Processing file /home/airflow/.local/lib/python3.12/site-packages/airflow/example_dags/example_sensors.py for tasks to queue
[2026-07-25T09:13:05.749+0000] {logging_mixin.py:190} INFO - [2026-07-25T09:13:05.749+0000] {dagbag.py:588} INFO - Filling up the DagBag from /home/airflow/.local/lib/python3.12/site-packages/airflow/example_dags/example_sensors.py
[2026-07-25T09:13:05.756+0000] {processor.py:925} INFO - DAG(s) 'example_sensors' retrieved from /home/airflow/.local/lib/python3.12/site-packages/airflow/example_dags/example_sensors.py
[2026-07-25T09:13:05.773+0000] {logging_mixin.py:190} INFO - [2026-07-25T09:13:05.773+0000] {dag.py:3239} INFO - Sync 1 DAGs
[2026-07-25T09:13:05.783+0000] {logging_mixin.py:190} INFO - [2026-07-25T09:13:05.783+0000] {dag.py:4180} INFO - Setting next_dagrun for example_sensors to None, run_after=None
[2026-07-25T09:13:05.797+0000] {processor.py:208} INFO - Processing /home/airflow/.local/lib/python3.12/site-packages/airflow/example_dags/example_sensors.py took 0.055 seconds
[2026-07-25T09:13:36.356+0000] {processor.py:186} INFO - Started process (PID=971) to work on /home/airflow/.local/lib/python3.12/site-packages/airflow/example_dags/example_sensors.py
[2026-07-25T09:13:36.357+0000] {processor.py:914} INFO - Processing file /home/airflow/.local/lib/python3.12/site-packages/airflow/example_dags/example_sensors.py for tasks to queue
[2026-07-25T09:13:36.359+0000] {logging_mixin.py:190} INFO - [2026-07-25T09:13:36.359+0000] {dagbag.py:588} INFO - Filling up the DagBag from /home/airflow/.local/lib/python3.12/site-packages/airflow/example_dags/example_sensors.py
[2026-07-25T09:13:36.366+0000] {processor.py:925} INFO - DAG(s) 'example_sensors' retrieved from /home/airflow/.local/lib/python3.12/site-packages/airflow/example_dags/example_sensors.py
[2026-07-25T09:13:36.381+0000] {logging_mixin.py:190} INFO - [2026-07-25T09:13:36.381+0000] {dag.py:3239} INFO - Sync 1 DAGs
[2026-07-25T09:13:36.390+0000] {logging_mixin.py:190} INFO - [2026-07-25T09:13:36.390+0000] {dag.py:4180} INFO - Setting next_dagrun for example_sensors to None, run_after=None
[2026-07-25T09:13:36.402+0000] {processor.py:208} INFO - Processing /home/airflow/.local/lib/python3.12/site-packages/airflow/example_dags/example_sensors.py took 0.049 seconds
[2026-07-25T09:14:06.981+0000] {processor.py:186} INFO - Started process (PID=1034) to work on /home/airflow/.local/lib/python3.12/site-packages/airflow/example_dags/example_sensors.py
[2026-07-25T09:14:06.982+0000] {processor.py:914} INFO - Processing file /home/airflow/.local/lib/python3.12/site-packages/airflow/example_dags/example_sensors.py for tasks to queue
[2026-07-25T09:14:06.983+0000] {logging_mixin.py:190} INFO - [2026-07-25T09:14:06.983+0000] {dagbag.py:588} INFO - Filling up the DagBag from /home/airflow/.local/lib/python3.12/site-packages/airflow/example_dags/example_sensors.py
[2026-07-25T09:14:06.990+0000] {processor.py:925} INFO - DAG(s) 'example_sensors' retrieved from /home/airflow/.local/lib/python3.12/site-packages/airflow/example_dags/example_sensors.py
[2026-07-25T09:14:07.006+0000] {logging_mixin.py:190} INFO - [2026-07-25T09:14:07.006+0000] {dag.py:3239} INFO - Sync 1 DAGs
[2026-07-25T09:14:07.014+0000] {logging_mixin.py:190} INFO - [2026-07-25T09:14:07.014+0000] {dag.py:4180} INFO - Setting next_dagrun for example_sensors to None, run_after=None
[2026-07-25T09:14:07.026+0000] {processor.py:208} INFO - Processing /home/airflow/.local/lib/python3.12/site-packages/airflow/example_dags/example_sensors.py took 0.048 seconds
[2026-07-25T09:14:37.132+0000] {processor.py:186} INFO - Started process (PID=1096) to work on /home/airflow/.local/lib/python3.12/site-packages/airflow/example_dags/example_sensors.py
[2026-07-25T09:14:37.133+0000] {processor.py:914} INFO - Processing file /home/airflow/.local/lib/python3.12/site-packages/airflow/example_dags/example_sensors.py for tasks to queue
[2026-07-25T09:14:37.135+0000] {logging_mixin.py:190} INFO - [2026-07-25T09:14:37.135+0000] {dagbag.py:588} INFO - Filling up the DagBag from /home/airflow/.local/lib/python3.12/site-packages/airflow/example_dags/example_sensors.py
[2026-07-25T09:14:37.143+0000] {processor.py:925} INFO - DAG(s) 'example_sensors' retrieved from /home/airflow/.local/lib/python3.12/site-packages/airflow/example_dags/example_sensors.py
[2026-07-25T09:14:37.161+0000] {logging_mixin.py:190} INFO - [2026-07-25T09:14:37.161+0000] {dag.py:3239} INFO - Sync 1 DAGs
[2026-07-25T09:14:37.171+0000] {logging_mixin.py:190} INFO - [2026-07-25T09:14:37.171+0000] {dag.py:4180} INFO - Setting next_dagrun for example_sensors to None, run_after=None
[2026-07-25T09:14:37.182+0000] {processor.py:208} INFO - Processing /home/airflow/.local/lib/python3.12/site-packages/airflow/example_dags/example_sensors.py took 0.054 seconds
[2026-07-25T09:15:39.307+0000] {processor.py:186} INFO - Started process (PID=96) to work on /home/airflow/.local/lib/python3.12/site-packages/airflow/example_dags/example_sensors.py
[2026-07-25T09:15:39.308+0000] {processor.py:914} INFO - Processing file /home/airflow/.local/lib/python3.12/site-packages/airflow/example_dags/example_sensors.py for tasks to queue
[2026-07-25T09:15:39.310+0000] {logging_mixin.py:190} INFO - [2026-07-25T09:15:39.310+0000] {dagbag.py:588} INFO - Filling up the DagBag from /home/airflow/.local/lib/python3.12/site-packages/airflow/example_dags/example_sensors.py
[2026-07-25T09:15:39.319+0000] {processor.py:925} INFO - DAG(s) 'example_sensors' retrieved from /home/airflow/.local/lib/python3.12/site-packages/airflow/example_dags/example_sensors.py
[2026-07-25T09:15:39.342+0000] {logging_mixin.py:190} INFO - [2026-07-25T09:15:39.342+0000] {dag.py:3239} INFO - Sync 1 DAGs
[2026-07-25T09:15:39.353+0000] {logging_mixin.py:190} INFO - [2026-07-25T09:15:39.353+0000] {dag.py:4180} INFO - Setting next_dagrun for example_sensors to None, run_after=None
[2026-07-25T09:15:39.364+0000] {processor.py:208} INFO - Processing /home/airflow/.local/lib/python3.12/site-packages/airflow/example_dags/example_sensors.py took 0.061 seconds
[2026-07-25T09:16:11.187+0000] {processor.py:186} INFO - Started process (PID=158) to work on /home/airflow/.local/lib/python3.12/site-packages/airflow/example_dags/example_sensors.py
[2026-07-25T09:16:11.188+0000] {processor.py:914} INFO - Processing file /home/airflow/.local/lib/python3.12/site-packages/airflow/example_dags/example_sensors.py for tasks to queue
[2026-07-25T09:16:11.190+0000] {logging_mixin.py:190} INFO - [2026-07-25T09:16:11.190+0000] {dagbag.py:588} INFO - Filling up the DagBag from /home/airflow/.local/lib/python3.12/site-packages/airflow/example_dags/example_sensors.py
[2026-07-25T09:16:11.198+0000] {processor.py:925} INFO - DAG(s) 'example_sensors' retrieved from /home/airflow/.local/lib/python3.12/site-packages/airflow/example_dags/example_sensors.py
[2026-07-25T09:16:11.216+0000] {logging_mixin.py:190} INFO - [2026-07-25T09:16:11.216+0000] {dag.py:3239} INFO - Sync 1 DAGs
[2026-07-25T09:16:11.225+0000] {logging_mixin.py:190} INFO - [2026-07-25T09:16:11.225+0000] {dag.py:4180} INFO - Setting next_dagrun for example_sensors to None, run_after=None
[2026-07-25T09:16:11.237+0000] {processor.py:208} INFO - Processing /home/airflow/.local/lib/python3.12/site-packages/airflow/example_dags/example_sensors.py took 0.055 seconds
[2026-07-25T09:16:41.908+0000] {processor.py:186} INFO - Started process (PID=220) to work on /home/airflow/.local/lib/python3.12/site-packages/airflow/example_dags/example_sensors.py
[2026-07-25T09:16:41.909+0000] {processor.py:914} INFO - Processing file /home/airflow/.local/lib/python3.12/site-packages/airflow/example_dags/example_sensors.py for tasks to queue
[2026-07-25T09:16:41.911+0000] {logging_mixin.py:190} INFO - [2026-07-25T09:16:41.911+0000] {dagbag.py:588} INFO - Filling up the DagBag from /home/airflow/.local/lib/python3.12/site-packages/airflow/example_dags/example_sensors.py
[2026-07-25T09:16:41.921+0000] {processor.py:925} INFO - DAG(s) 'example_sensors' retrieved from /home/airflow/.local/lib/python3.12/site-packages/airflow/example_dags/example_sensors.py
[2026-07-25T09:16:41.939+0000] {logging_mixin.py:190} INFO - [2026-07-25T09:16:41.939+0000] {dag.py:3239} INFO - Sync 1 DAGs
[2026-07-25T09:16:41.948+0000] {logging_mixin.py:190} INFO - [2026-07-25T09:16:41.948+0000] {dag.py:4180} INFO - Setting next_dagrun for example_sensors to None, run_after=None
[2026-07-25T09:16:41.959+0000] {processor.py:208} INFO - Processing /home/airflow/.local/lib/python3.12/site-packages/airflow/example_dags/example_sensors.py took 0.056 seconds
[2026-07-25T09:17:12.516+0000] {processor.py:186} INFO - Started process (PID=282) to work on /home/airflow/.local/lib/python3.12/site-packages/airflow/example_dags/example_sensors.py
[2026-07-25T09:17:12.517+0000] {processor.py:914} INFO - Processing file /home/airflow/.local/lib/python3.12/site-packages/airflow/example_dags/example_sensors.py for tasks to queue
[2026-07-25T09:17:12.519+0000] {logging_mixin.py:190} INFO - [2026-07-25T09:17:12.519+0000] {dagbag.py:588} INFO - Filling up the DagBag from /home/airflow/.local/lib/python3.12/site-packages/airflow/example_dags/example_sensors.py
[2026-07-25T09:17:12.526+0000] {processor.py:925} INFO - DAG(s) 'example_sensors' retrieved from /home/airflow/.local/lib/python3.12/site-packages/airflow/example_dags/example_sensors.py
[2026-07-25T09:17:12.543+0000] {logging_mixin.py:190} INFO - [2026-07-25T09:17:12.543+0000] {dag.py:3239} INFO - Sync 1 DAGs
[2026-07-25T09:17:12.551+0000] {logging_mixin.py:190} INFO - [2026-07-25T09:17:12.551+0000] {dag.py:4180} INFO - Setting next_dagrun for example_sensors to None, run_after=None
[2026-07-25T09:17:12.562+0000] {processor.py:208} INFO - Processing /home/airflow/.local/lib/python3.12/site-packages/airflow/example_dags/example_sensors.py took 0.049 seconds
[2026-07-25T09:17:42.828+0000] {processor.py:186} INFO - Started process (PID=345) to work on /home/airflow/.local/lib/python3.12/site-packages/airflow/example_dags/example_sensors.py
[2026-07-25T09:17:42.829+0000] {processor.py:914} INFO - Processing file /home/airflow/.local/lib/python3.12/site-packages/airflow/example_dags/example_sensors.py for tasks to queue
[2026-07-25T09:17:42.831+0000] {logging_mixin.py:190} INFO - [2026-07-25T09:17:42.831+0000] {dagbag.py:588} INFO - Filling up the DagBag from /home/airflow/.local/lib/python3.12/site-packages/airflow/example_dags/example_sensors.py
[2026-07-25T09:17:42.838+0000] {processor.py:925} INFO - DAG(s) 'example_sensors' retrieved from /home/airflow/.local/lib/python3.12/site-packages/airflow/example_dags/example_sensors.py
[2026-07-25T09:17:42.853+0000] {logging_mixin.py:190} INFO - [2026-07-25T09:17:42.853+0000] {dag.py:3239} INFO - Sync 1 DAGs
[2026-07-25T09:17:42.861+0000] {logging_mixin.py:190} INFO - [2026-07-25T09:17:42.861+0000] {dag.py:4180} INFO - Setting next_dagrun for example_sensors to None, run_after=None
[2026-07-25T09:17:42.872+0000] {processor.py:208} INFO - Processing /home/airflow/.local/lib/python3.12/site-packages/airflow/example_dags/example_sensors.py took 0.047 seconds
[2026-07-25T09:18:13.266+0000] {processor.py:186} INFO - Started process (PID=408) to work on /home/airflow/.local/lib/python3.12/site-packages/airflow/example_dags/example_sensors.py
[2026-07-25T09:18:13.266+0000] {processor.py:914} INFO - Processing file /home/airflow/.local/lib/python3.12/site-packages/airflow/example_dags/example_sensors.py for tasks to queue
[2026-07-25T09:18:13.268+0000] {logging_mixin.py:190} INFO - [2026-07-25T09:18:13.268+0000] {dagbag.py:588} INFO - Filling up the DagBag from /home/airflow/.local/lib/python3.12/site-packages/airflow/example_dags/example_sensors.py
[2026-07-25T09:18:13.275+0000] {processor.py:925} INFO - DAG(s) 'example_sensors' retrieved from /home/airflow/.local/lib/python3.12/site-packages/airflow/example_dags/example_sensors.py
[2026-07-25T09:18:13.294+0000] {logging_mixin.py:190} INFO - [2026-07-25T09:18:13.294+0000] {dag.py:3239} INFO - Sync 1 DAGs
[2026-07-25T09:18:13.303+0000] {logging_mixin.py:190} INFO - [2026-07-25T09:18:13.303+0000] {dag.py:4180} INFO - Setting next_dagrun for example_sensors to None, run_after=None
[2026-07-25T09:18:13.315+0000] {processor.py:208} INFO - Processing /home/airflow/.local/lib/python3.12/site-packages/airflow/example_dags/example_sensors.py took 0.053 seconds
[2026-07-25T09:18:43.582+0000] {processor.py:186} INFO - Started process (PID=471) to work on /home/airflow/.local/lib/python3.12/site-packages/airflow/example_dags/example_sensors.py
[2026-07-25T09:18:43.583+0000] {processor.py:914} INFO - Processing file /home/airflow/.local/lib/python3.12/site-packages/airflow/example_dags/example_sensors.py for tasks to queue
[2026-07-25T09:18:43.585+0000] {logging_mixin.py:190} INFO - [2026-07-25T09:18:43.584+0000] {dagbag.py:588} INFO - Filling up the DagBag from /home/airflow/.local/lib/python3.12/site-packages/airflow/example_dags/example_sensors.py
[2026-07-25T09:18:43.593+0000] {processor.py:925} INFO - DAG(s) 'example_sensors' retrieved from /home/airflow/.local/lib/python3.12/site-packages/airflow/example_dags/example_sensors.py
[2026-07-25T09:18:43.612+0000] {logging_mixin.py:190} INFO - [2026-07-25T09:18:43.612+0000] {dag.py:3239} INFO - Sync 1 DAGs
[2026-07-25T09:18:43.622+0000] {logging_mixin.py:190} INFO - [2026-07-25T09:18:43.622+0000] {dag.py:4180} INFO - Setting next_dagrun for example_sensors to None, run_after=None
[2026-07-25T09:18:43.636+0000] {processor.py:208} INFO - Processing /home/airflow/.local/lib/python3.12/site-packages/airflow/example_dags/example_sensors.py took 0.058 seconds
[2026-07-25T09:19:14.347+0000] {processor.py:186} INFO - Started process (PID=534) to work on /home/airflow/.local/lib/python3.12/site-packages/airflow/example_dags/example_sensors.py
[2026-07-25T09:19:14.348+0000] {processor.py:914} INFO - Processing file /home/airflow/.local/lib/python3.12/site-packages/airflow/example_dags/example_sensors.py for tasks to queue
[2026-07-25T09:19:14.352+0000] {logging_mixin.py:190} INFO - [2026-07-25T09:19:14.351+0000] {dagbag.py:588} INFO - Filling up the DagBag from /home/airflow/.local/lib/python3.12/site-packages/airflow/example_dags/example_sensors.py
[2026-07-25T09:19:14.361+0000] {processor.py:925} INFO - DAG(s) 'example_sensors' retrieved from /home/airflow/.local/lib/python3.12/site-packages/airflow/example_dags/example_sensors.py
[2026-07-25T09:19:14.381+0000] {logging_mixin.py:190} INFO - [2026-07-25T09:19:14.381+0000] {dag.py:3239} INFO - Sync 1 DAGs
[2026-07-25T09:19:14.392+0000] {logging_mixin.py:190} INFO - [2026-07-25T09:19:14.392+0000] {dag.py:4180} INFO - Setting next_dagrun for example_sensors to None, run_after=None
[2026-07-25T09:19:14.403+0000] {processor.py:208} INFO - Processing /home/airflow/.local/lib/python3.12/site-packages/airflow/example_dags/example_sensors.py took 0.062 seconds
[2026-07-25T09:20:51.356+0000] {processor.py:186} INFO - Started process (PID=96) to work on /home/airflow/.local/lib/python3.12/site-packages/airflow/example_dags/example_sensors.py
[2026-07-25T09:20:51.357+0000] {processor.py:914} INFO - Processing file /home/airflow/.local/lib/python3.12/site-packages/airflow/example_dags/example_sensors.py for tasks to queue
[2026-07-25T09:20:51.359+0000] {logging_mixin.py:190} INFO - [2026-07-25T09:20:51.359+0000] {dagbag.py:588} INFO - Filling up the DagBag from /home/airflow/.local/lib/python3.12/site-packages/airflow/example_dags/example_sensors.py
[2026-07-25T09:20:51.367+0000] {processor.py:925} INFO - DAG(s) 'example_sensors' retrieved from /home/airflow/.local/lib/python3.12/site-packages/airflow/example_dags/example_sensors.py
[2026-07-25T09:20:51.390+0000] {logging_mixin.py:190} INFO - [2026-07-25T09:20:51.390+0000] {dag.py:3239} INFO - Sync 1 DAGs
[2026-07-25T09:20:51.400+0000] {logging_mixin.py:190} INFO - [2026-07-25T09:20:51.400+0000] {dag.py:4180} INFO - Setting next_dagrun for example_sensors to None, run_after=None
[2026-07-25T09:20:51.412+0000] {processor.py:208} INFO - Processing /home/airflow/.local/lib/python3.12/site-packages/airflow/example_dags/example_sensors.py took 0.061 seconds
[2026-07-25T09:21:23.917+0000] {processor.py:186} INFO - Started process (PID=158) to work on /home/airflow/.local/lib/python3.12/site-packages/airflow/example_dags/example_sensors.py
[2026-07-25T09:21:23.918+0000] {processor.py:914} INFO - Processing file /home/airflow/.local/lib/python3.12/site-packages/airflow/example_dags/example_sensors.py for tasks to queue
[2026-07-25T09:21:23.920+0000] {logging_mixin.py:190} INFO - [2026-07-25T09:21:23.920+0000] {dagbag.py:588} INFO - Filling up the DagBag from /home/airflow/.local/lib/python3.12/site-packages/airflow/example_dags/example_sensors.py
[2026-07-25T09:21:23.928+0000] {processor.py:925} INFO - DAG(s) 'example_sensors' retrieved from /home/airflow/.local/lib/python3.12/site-packages/airflow/example_dags/example_sensors.py
[2026-07-25T09:21:23.945+0000] {logging_mixin.py:190} INFO - [2026-07-25T09:21:23.945+0000] {dag.py:3239} INFO - Sync 1 DAGs
[2026-07-25T09:21:23.954+0000] {logging_mixin.py:190} INFO - [2026-07-25T09:21:23.954+0000] {dag.py:4180} INFO - Setting next_dagrun for example_sensors to None, run_after=None
[2026-07-25T09:21:23.965+0000] {processor.py:208} INFO - Processing /home/airflow/.local/lib/python3.12/site-packages/airflow/example_dags/example_sensors.py took 0.052 seconds
[2026-07-25T09:21:54.384+0000] {processor.py:186} INFO - Started process (PID=220) to work on /home/airflow/.local/lib/python3.12/site-packages/airflow/example_dags/example_sensors.py
[2026-07-25T09:21:54.385+0000] {processor.py:914} INFO - Processing file /home/airflow/.local/lib/python3.12/site-packages/airflow/example_dags/example_sensors.py for tasks to queue
[2026-07-25T09:21:54.386+0000] {logging_mixin.py:190} INFO - [2026-07-25T09:21:54.386+0000] {dagbag.py:588} INFO - Filling up the DagBag from /home/airflow/.local/lib/python3.12/site-packages/airflow/example_dags/example_sensors.py
[2026-07-25T09:21:54.394+0000] {processor.py:925} INFO - DAG(s) 'example_sensors' retrieved from /home/airflow/.local/lib/python3.12/site-packages/airflow/example_dags/example_sensors.py
[2026-07-25T09:21:54.410+0000] {logging_mixin.py:190} INFO - [2026-07-25T09:21:54.410+0000] {dag.py:3239} INFO - Sync 1 DAGs
[2026-07-25T09:21:54.419+0000] {logging_mixin.py:190} INFO - [2026-07-25T09:21:54.419+0000] {dag.py:4180} INFO - Setting next_dagrun for example_sensors to None, run_after=None
[2026-07-25T09:21:54.431+0000] {processor.py:208} INFO - Processing /home/airflow/.local/lib/python3.12/site-packages/airflow/example_dags/example_sensors.py took 0.051 seconds
[2026-07-25T09:22:24.730+0000] {processor.py:186} INFO - Started process (PID=282) to work on /home/airflow/.local/lib/python3.12/site-packages/airflow/example_dags/example_sensors.py
[2026-07-25T09:22:24.731+0000] {processor.py:914} INFO - Processing file /home/airflow/.local/lib/python3.12/site-packages/airflow/example_dags/example_sensors.py for tasks to queue
[2026-07-25T09:22:24.733+0000] {logging_mixin.py:190} INFO - [2026-07-25T09:22:24.733+0000] {dagbag.py:588} INFO - Filling up the DagBag from /home/airflow/.local/lib/python3.12/site-packages/airflow/example_dags/example_sensors.py
[2026-07-25T09:22:24.742+0000] {processor.py:925} INFO - DAG(s) 'example_sensors' retrieved from /home/airflow/.local/lib/python3.12/site-packages/airflow/example_dags/example_sensors.py
[2026-07-25T09:22:24.758+0000] {logging_mixin.py:190} INFO - [2026-07-25T09:22:24.758+0000] {dag.py:3239} INFO - Sync 1 DAGs
[2026-07-25T09:22:24.766+0000] {logging_mixin.py:190} INFO - [2026-07-25T09:22:24.766+0000] {dag.py:4180} INFO - Setting next_dagrun for example_sensors to None, run_after=None
[2026-07-25T09:22:24.778+0000] {processor.py:208} INFO - Processing /home/airflow/.local/lib/python3.12/site-packages/airflow/example_dags/example_sensors.py took 0.051 seconds
[2026-07-25T09:24:02.726+0000] {processor.py:186} INFO - Started process (PID=96) to work on /home/airflow/.local/lib/python3.12/site-packages/airflow/example_dags/example_sensors.py
[2026-07-25T09:24:02.727+0000] {processor.py:914} INFO - Processing file /home/airflow/.local/lib/python3.12/site-packages/airflow/example_dags/example_sensors.py for tasks to queue
[2026-07-25T09:24:02.729+0000] {logging_mixin.py:190} INFO - [2026-07-25T09:24:02.728+0000] {dagbag.py:588} INFO - Filling up the DagBag from /home/airflow/.local/lib/python3.12/site-packages/airflow/example_dags/example_sensors.py
[2026-07-25T09:24:02.737+0000] {processor.py:925} INFO - DAG(s) 'example_sensors' retrieved from /home/airflow/.local/lib/python3.12/site-packages/airflow/example_dags/example_sensors.py
[2026-07-25T09:24:02.758+0000] {logging_mixin.py:190} INFO - [2026-07-25T09:24:02.758+0000] {dag.py:3239} INFO - Sync 1 DAGs
[2026-07-25T09:24:02.767+0000] {logging_mixin.py:190} INFO - [2026-07-25T09:24:02.767+0000] {dag.py:4180} INFO - Setting next_dagrun for example_sensors to None, run_after=None
[2026-07-25T09:24:02.778+0000] {processor.py:208} INFO - Processing /home/airflow/.local/lib/python3.12/site-packages/airflow/example_dags/example_sensors.py took 0.056 seconds
[2026-07-25T09:24:35.172+0000] {processor.py:186} INFO - Started process (PID=158) to work on /home/airflow/.local/lib/python3.12/site-packages/airflow/example_dags/example_sensors.py
[2026-07-25T09:24:35.172+0000] {processor.py:914} INFO - Processing file /home/airflow/.local/lib/python3.12/site-packages/airflow/example_dags/example_sensors.py for tasks to queue
[2026-07-25T09:24:35.174+0000] {logging_mixin.py:190} INFO - [2026-07-25T09:24:35.174+0000] {dagbag.py:588} INFO - Filling up the DagBag from /home/airflow/.local/lib/python3.12/site-packages/airflow/example_dags/example_sensors.py
[2026-07-25T09:24:35.181+0000] {processor.py:925} INFO - DAG(s) 'example_sensors' retrieved from /home/airflow/.local/lib/python3.12/site-packages/airflow/example_dags/example_sensors.py
[2026-07-25T09:24:35.197+0000] {logging_mixin.py:190} INFO - [2026-07-25T09:24:35.197+0000] {dag.py:3239} INFO - Sync 1 DAGs
[2026-07-25T09:24:35.215+0000] {logging_mixin.py:190} INFO - [2026-07-25T09:24:35.215+0000] {dag.py:4180} INFO - Setting next_dagrun for example_sensors to None, run_after=None
[2026-07-25T09:24:35.228+0000] {processor.py:208} INFO - Processing /home/airflow/.local/lib/python3.12/site-packages/airflow/example_dags/example_sensors.py took 0.060 seconds
[2026-07-25T09:25:05.431+0000] {processor.py:186} INFO - Started process (PID=220) to work on /home/airflow/.local/lib/python3.12/site-packages/airflow/example_dags/example_sensors.py
[2026-07-25T09:25:05.432+0000] {processor.py:914} INFO - Processing file /home/airflow/.local/lib/python3.12/site-packages/airflow/example_dags/example_sensors.py for tasks to queue
[2026-07-25T09:25:05.434+0000] {logging_mixin.py:190} INFO - [2026-07-25T09:25:05.434+0000] {dagbag.py:588} INFO - Filling up the DagBag from /home/airflow/.local/lib/python3.12/site-packages/airflow/example_dags/example_sensors.py
[2026-07-25T09:25:05.442+0000] {processor.py:925} INFO - DAG(s) 'example_sensors' retrieved from /home/airflow/.local/lib/python3.12/site-packages/airflow/example_dags/example_sensors.py
[2026-07-25T09:25:05.460+0000] {logging_mixin.py:190} INFO - [2026-07-25T09:25:05.459+0000] {dag.py:3239} INFO - Sync 1 DAGs
[2026-07-25T09:25:05.469+0000] {logging_mixin.py:190} INFO - [2026-07-25T09:25:05.469+0000] {dag.py:4180} INFO - Setting next_dagrun for example_sensors to None, run_after=None
[2026-07-25T09:25:05.487+0000] {processor.py:208} INFO - Processing /home/airflow/.local/lib/python3.12/site-packages/airflow/example_dags/example_sensors.py took 0.060 seconds
[2026-07-25T09:25:36.334+0000] {processor.py:186} INFO - Started process (PID=282) to work on /home/airflow/.local/lib/python3.12/site-packages/airflow/example_dags/example_sensors.py
[2026-07-25T09:25:36.335+0000] {processor.py:914} INFO - Processing file /home/airflow/.local/lib/python3.12/site-packages/airflow/example_dags/example_sensors.py for tasks to queue
[2026-07-25T09:25:36.337+0000] {logging_mixin.py:190} INFO - [2026-07-25T09:25:36.336+0000] {dagbag.py:588} INFO - Filling up the DagBag from /home/airflow/.local/lib/python3.12/site-packages/airflow/example_dags/example_sensors.py
[2026-07-25T09:25:36.344+0000] {processor.py:925} INFO - DAG(s) 'example_sensors' retrieved from /home/airflow/.local/lib/python3.12/site-packages/airflow/example_dags/example_sensors.py
[2026-07-25T09:25:36.363+0000] {logging_mixin.py:190} INFO - [2026-07-25T09:25:36.362+0000] {dag.py:3239} INFO - Sync 1 DAGs
[2026-07-25T09:25:36.372+0000] {logging_mixin.py:190} INFO - [2026-07-25T09:25:36.371+0000] {dag.py:4180} INFO - Setting next_dagrun for example_sensors to None, run_after=None
[2026-07-25T09:25:36.386+0000] {processor.py:208} INFO - Processing /home/airflow/.local/lib/python3.12/site-packages/airflow/example_dags/example_sensors.py took 0.055 seconds
[2026-07-25T09:26:56.146+0000] {processor.py:186} INFO - Started process (PID=96) to work on /home/airflow/.local/lib/python3.12/site-packages/airflow/example_dags/example_sensors.py
[2026-07-25T09:26:56.147+0000] {processor.py:914} INFO - Processing file /home/airflow/.local/lib/python3.12/site-packages/airflow/example_dags/example_sensors.py for tasks to queue
[2026-07-25T09:26:56.149+0000] {logging_mixin.py:190} INFO - [2026-07-25T09:26:56.149+0000] {dagbag.py:588} INFO - Filling up the DagBag from /home/airflow/.local/lib/python3.12/site-packages/airflow/example_dags/example_sensors.py
[2026-07-25T09:26:56.157+0000] {processor.py:925} INFO - DAG(s) 'example_sensors' retrieved from /home/airflow/.local/lib/python3.12/site-packages/airflow/example_dags/example_sensors.py
[2026-07-25T09:26:56.239+0000] {logging_mixin.py:190} INFO - [2026-07-25T09:26:56.239+0000] {override.py:1932} INFO - Created Permission View: can edit on DAG:example_sensors
[2026-07-25T09:26:56.246+0000] {logging_mixin.py:190} INFO - [2026-07-25T09:26:56.246+0000] {override.py:1932} INFO - Created Permission View: can read on DAG:example_sensors
[2026-07-25T09:26:56.251+0000] {logging_mixin.py:190} INFO - [2026-07-25T09:26:56.251+0000] {override.py:1932} INFO - Created Permission View: can delete on DAG:example_sensors
[2026-07-25T09:26:56.257+0000] {logging_mixin.py:190} INFO - [2026-07-25T09:26:56.257+0000] {override.py:1932} INFO - Created Permission View: menu access on DAG Run:example_sensors
[2026-07-25T09:26:56.262+0000] {logging_mixin.py:190} INFO - [2026-07-25T09:26:56.262+0000] {override.py:1932} INFO - Created Permission View: can read on DAG Run:example_sensors
[2026-07-25T09:26:56.267+0000] {logging_mixin.py:190} INFO - [2026-07-25T09:26:56.267+0000] {override.py:1932} INFO - Created Permission View: can create on DAG Run:example_sensors
[2026-07-25T09:26:56.271+0000] {logging_mixin.py:190} INFO - [2026-07-25T09:26:56.271+0000] {override.py:1932} INFO - Created Permission View: can delete on DAG Run:example_sensors
[2026-07-25T09:26:56.272+0000] {logging_mixin.py:190} INFO - [2026-07-25T09:26:56.272+0000] {dag.py:3239} INFO - Sync 1 DAGs
[2026-07-25T09:26:56.280+0000] {logging_mixin.py:190} INFO - [2026-07-25T09:26:56.280+0000] {dag.py:3262} INFO - Creating ORM DAG for example_sensors
[2026-07-25T09:26:56.281+0000] {logging_mixin.py:190} INFO - [2026-07-25T09:26:56.281+0000] {dag.py:4180} INFO - Setting next_dagrun for example_sensors to None, run_after=None
[2026-07-25T09:26:56.291+0000] {processor.py:208} INFO - Processing /home/airflow/.local/lib/python3.12/site-packages/airflow/example_dags/example_sensors.py took 0.148 seconds
[2026-07-25T09:27:28.167+0000] {processor.py:186} INFO - Started process (PID=158) to work on /home/airflow/.local/lib/python3.12/site-packages/airflow/example_dags/example_sensors.py
[2026-07-25T09:27:28.168+0000] {processor.py:914} INFO - Processing file /home/airflow/.local/lib/python3.12/site-packages/airflow/example_dags/example_sensors.py for tasks to queue
[2026-07-25T09:27:28.170+0000] {logging_mixin.py:190} INFO - [2026-07-25T09:27:28.170+0000] {dagbag.py:588} INFO - Filling up the DagBag from /home/airflow/.local/lib/python3.12/site-packages/airflow/example_dags/example_sensors.py
[2026-07-25T09:27:28.177+0000] {processor.py:925} INFO - DAG(s) 'example_sensors' retrieved from /home/airflow/.local/lib/python3.12/site-packages/airflow/example_dags/example_sensors.py
[2026-07-25T09:27:28.195+0000] {logging_mixin.py:190} INFO - [2026-07-25T09:27:28.195+0000] {dag.py:3239} INFO - Sync 1 DAGs
[2026-07-25T09:27:28.203+0000] {logging_mixin.py:190} INFO - [2026-07-25T09:27:28.203+0000] {dag.py:4180} INFO - Setting next_dagrun for example_sensors to None, run_after=None
[2026-07-25T09:27:28.224+0000] {processor.py:208} INFO - Processing /home/airflow/.local/lib/python3.12/site-packages/airflow/example_dags/example_sensors.py took 0.061 seconds
[2026-07-25T09:27:58.302+0000] {processor.py:186} INFO - Started process (PID=220) to work on /home/airflow/.local/lib/python3.12/site-packages/airflow/example_dags/example_sensors.py
[2026-07-25T09:27:58.303+0000] {processor.py:914} INFO - Processing file /home/airflow/.local/lib/python3.12/site-packages/airflow/example_dags/example_sensors.py for tasks to queue
[2026-07-25T09:27:58.306+0000] {logging_mixin.py:190} INFO - [2026-07-25T09:27:58.306+0000] {dagbag.py:588} INFO - Filling up the DagBag from /home/airflow/.local/lib/python3.12/site-packages/airflow/example_dags/example_sensors.py
[2026-07-25T09:27:58.313+0000] {processor.py:925} INFO - DAG(s) 'example_sensors' retrieved from /home/airflow/.local/lib/python3.12/site-packages/airflow/example_dags/example_sensors.py
[2026-07-25T09:27:58.337+0000] {logging_mixin.py:190} INFO - [2026-07-25T09:27:58.336+0000] {dag.py:3239} INFO - Sync 1 DAGs
[2026-07-25T09:27:58.347+0000] {logging_mixin.py:190} INFO - [2026-07-25T09:27:58.347+0000] {dag.py:4180} INFO - Setting next_dagrun for example_sensors to None, run_after=None
[2026-07-25T09:27:58.360+0000] {processor.py:208} INFO - Processing /home/airflow/.local/lib/python3.12/site-packages/airflow/example_dags/example_sensors.py took 0.062 seconds
[2026-07-25T09:28:28.448+0000] {processor.py:186} INFO - Started process (PID=282) to work on /home/airflow/.local/lib/python3.12/site-packages/airflow/example_dags/example_sensors.py
[2026-07-25T09:28:28.449+0000] {processor.py:914} INFO - Processing file /home/airflow/.local/lib/python3.12/site-packages/airflow/example_dags/example_sensors.py for tasks to queue
[2026-07-25T09:28:28.451+0000] {logging_mixin.py:190} INFO - [2026-07-25T09:28:28.451+0000] {dagbag.py:588} INFO - Filling up the DagBag from /home/airflow/.local/lib/python3.12/site-packages/airflow/example_dags/example_sensors.py
[2026-07-25T09:28:28.460+0000] {processor.py:925} INFO - DAG(s) 'example_sensors' retrieved from /home/airflow/.local/lib/python3.12/site-packages/airflow/example_dags/example_sensors.py
[2026-07-25T09:28:28.481+0000] {logging_mixin.py:190} INFO - [2026-07-25T09:28:28.481+0000] {dag.py:3239} INFO - Sync 1 DAGs
[2026-07-25T09:28:28.492+0000] {logging_mixin.py:190} INFO - [2026-07-25T09:28:28.492+0000] {dag.py:4180} INFO - Setting next_dagrun for example_sensors to None, run_after=None
[2026-07-25T09:28:28.516+0000] {processor.py:208} INFO - Processing /home/airflow/.local/lib/python3.12/site-packages/airflow/example_dags/example_sensors.py took 0.073 seconds
[2026-07-25T09:28:59.123+0000] {processor.py:186} INFO - Started process (PID=345) to work on /home/airflow/.local/lib/python3.12/site-packages/airflow/example_dags/example_sensors.py
[2026-07-25T09:28:59.123+0000] {processor.py:914} INFO - Processing file /home/airflow/.local/lib/python3.12/site-packages/airflow/example_dags/example_sensors.py for tasks to queue
[2026-07-25T09:28:59.125+0000] {logging_mixin.py:190} INFO - [2026-07-25T09:28:59.125+0000] {dagbag.py:588} INFO - Filling up the DagBag from /home/airflow/.local/lib/python3.12/site-packages/airflow/example_dags/example_sensors.py
[2026-07-25T09:28:59.133+0000] {processor.py:925} INFO - DAG(s) 'example_sensors' retrieved from /home/airflow/.local/lib/python3.12/site-packages/airflow/example_dags/example_sensors.py
[2026-07-25T09:28:59.150+0000] {logging_mixin.py:190} INFO - [2026-07-25T09:28:59.150+0000] {dag.py:3239} INFO - Sync 1 DAGs
[2026-07-25T09:28:59.161+0000] {logging_mixin.py:190} INFO - [2026-07-25T09:28:59.161+0000] {dag.py:4180} INFO - Setting next_dagrun for example_sensors to None, run_after=None
[2026-07-25T09:28:59.191+0000] {processor.py:208} INFO - Processing /home/airflow/.local/lib/python3.12/site-packages/airflow/example_dags/example_sensors.py took 0.072 seconds
[2026-07-25T09:29:29.317+0000] {processor.py:186} INFO - Started process (PID=409) to work on /home/airflow/.local/lib/python3.12/site-packages/airflow/example_dags/example_sensors.py
[2026-07-25T09:29:29.318+0000] {processor.py:914} INFO - Processing file /home/airflow/.local/lib/python3.12/site-packages/airflow/example_dags/example_sensors.py for tasks to queue
[2026-07-25T09:29:29.320+0000] {logging_mixin.py:190} INFO - [2026-07-25T09:29:29.320+0000] {dagbag.py:588} INFO - Filling up the DagBag from /home/airflow/.local/lib/python3.12/site-packages/airflow/example_dags/example_sensors.py
[2026-07-25T09:29:29.327+0000] {processor.py:925} INFO - DAG(s) 'example_sensors' retrieved from /home/airflow/.local/lib/python3.12/site-packages/airflow/example_dags/example_sensors.py
[2026-07-25T09:29:29.350+0000] {logging_mixin.py:190} INFO - [2026-07-25T09:29:29.350+0000] {dag.py:3239} INFO - Sync 1 DAGs
[2026-07-25T09:29:29.359+0000] {logging_mixin.py:190} INFO - [2026-07-25T09:29:29.359+0000] {dag.py:4180} INFO - Setting next_dagrun for example_sensors to None, run_after=None
[2026-07-25T09:29:29.390+0000] {processor.py:208} INFO - Processing /home/airflow/.local/lib/python3.12/site-packages/airflow/example_dags/example_sensors.py took 0.076 seconds
[2026-07-25T09:30:00.070+0000] {processor.py:186} INFO - Started process (PID=471) to work on /home/airflow/.local/lib/python3.12/site-packages/airflow/example_dags/example_sensors.py
[2026-07-25T09:30:00.070+0000] {processor.py:914} INFO - Processing file /home/airflow/.local/lib/python3.12/site-packages/airflow/example_dags/example_sensors.py for tasks to queue
[2026-07-25T09:30:00.072+0000] {logging_mixin.py:190} INFO - [2026-07-25T09:30:00.072+0000] {dagbag.py:588} INFO - Filling up the DagBag from /home/airflow/.local/lib/python3.12/site-packages/airflow/example_dags/example_sensors.py
[2026-07-25T09:30:00.079+0000] {processor.py:925} INFO - DAG(s) 'example_sensors' retrieved from /home/airflow/.local/lib/python3.12/site-packages/airflow/example_dags/example_sensors.py
[2026-07-25T09:30:00.095+0000] {logging_mixin.py:190} INFO - [2026-07-25T09:30:00.095+0000] {dag.py:3239} INFO - Sync 1 DAGs
[2026-07-25T09:30:00.104+0000] {logging_mixin.py:190} INFO - [2026-07-25T09:30:00.104+0000] {dag.py:4180} INFO - Setting next_dagrun for example_sensors to None, run_after=None
[2026-07-25T09:30:00.124+0000] {processor.py:208} INFO - Processing /home/airflow/.local/lib/python3.12/site-packages/airflow/example_dags/example_sensors.py took 0.057 seconds
[2026-07-25T09:30:32.014+0000] {processor.py:186} INFO - Started process (PID=534) to work on /home/airflow/.local/lib/python3.12/site-packages/airflow/example_dags/example_sensors.py
[2026-07-25T09:30:32.015+0000] {processor.py:914} INFO - Processing file /home/airflow/.local/lib/python3.12/site-packages/airflow/example_dags/example_sensors.py for tasks to queue
[2026-07-25T09:30:32.016+0000] {logging_mixin.py:190} INFO - [2026-07-25T09:30:32.016+0000] {dagbag.py:588} INFO - Filling up the DagBag from /home/airflow/.local/lib/python3.12/site-packages/airflow/example_dags/example_sensors.py
[2026-07-25T09:30:32.024+0000] {processor.py:925} INFO - DAG(s) 'example_sensors' retrieved from /home/airflow/.local/lib/python3.12/site-packages/airflow/example_dags/example_sensors.py
[2026-07-25T09:30:32.040+0000] {logging_mixin.py:190} INFO - [2026-07-25T09:30:32.040+0000] {dag.py:3239} INFO - Sync 1 DAGs
[2026-07-25T09:30:32.049+0000] {logging_mixin.py:190} INFO - [2026-07-25T09:30:32.048+0000] {dag.py:4180} INFO - Setting next_dagrun for example_sensors to None, run_after=None
[2026-07-25T09:30:32.059+0000] {processor.py:208} INFO - Processing /home/airflow/.local/lib/python3.12/site-packages/airflow/example_dags/example_sensors.py took 0.049 seconds
