[2026-07-25T09:06:27.345+0000] {processor.py:186} INFO - Started process (PID=115) to work on /home/airflow/.local/lib/python3.12/site-packages/airflow/example_dags/example_params_ui_tutorial.py
[2026-07-25T09:06:27.346+0000] {processor.py:914} INFO - Processing file /home/airflow/.local/lib/python3.12/site-packages/airflow/example_dags/example_params_ui_tutorial.py for tasks to queue
[2026-07-25T09:06:27.349+0000] {logging_mixin.py:190} INFO - [2026-07-25T09:06:27.349+0000] {dagbag.py:588} INFO - Filling up the DagBag from /home/airflow/.local/lib/python3.12/site-packages/airflow/example_dags/example_params_ui_tutorial.py
[2026-07-25T09:06:27.361+0000] {processor.py:925} INFO - DAG(s) 'example_params_ui_tutorial' retrieved from /home/airflow/.local/lib/python3.12/site-packages/airflow/example_dags/example_params_ui_tutorial.py
[2026-07-25T09:06:27.439+0000] {logging_mixin.py:190} INFO - [2026-07-25T09:06:27.439+0000] {override.py:1932} INFO - Created Permission View: can edit on DAG:example_params_ui_tutorial
[2026-07-25T09:06:27.454+0000] {logging_mixin.py:190} INFO - [2026-07-25T09:06:27.454+0000] {override.py:1932} INFO - Created Permission View: can read on DAG:example_params_ui_tutorial
[2026-07-25T09:06:27.460+0000] {logging_mixin.py:190} INFO - [2026-07-25T09:06:27.459+0000] {override.py:1932} INFO - Created Permission View: can delete on DAG:example_params_ui_tutorial
[2026-07-25T09:06:27.466+0000] {logging_mixin.py:190} INFO - [2026-07-25T09:06:27.466+0000] {override.py:1932} INFO - Created Permission View: can create on DAG Run:example_params_ui_tutorial
[2026-07-25T09:06:27.472+0000] {logging_mixin.py:190} INFO - [2026-07-25T09:06:27.472+0000] {override.py:1932} INFO - Created Permission View: can read on DAG Run:example_params_ui_tutorial
[2026-07-25T09:06:27.479+0000] {logging_mixin.py:190} INFO - [2026-07-25T09:06:27.479+0000] {override.py:1932} INFO - Created Permission View: can delete on DAG Run:example_params_ui_tutorial
[2026-07-25T09:06:27.484+0000] {logging_mixin.py:190} INFO - [2026-07-25T09:06:27.484+0000] {override.py:1932} INFO - Created Permission View: menu access on DAG Run:example_params_ui_tutorial
[2026-07-25T09:06:27.485+0000] {logging_mixin.py:190} INFO - [2026-07-25T09:06:27.485+0000] {dag.py:3239} INFO - Sync 1 DAGs
[2026-07-25T09:06:27.492+0000] {logging_mixin.py:190} INFO - [2026-07-25T09:06:27.492+0000] {dag.py:3262} INFO - Creating ORM DAG for example_params_ui_tutorial
[2026-07-25T09:06:27.493+0000] {logging_mixin.py:190} INFO - [2026-07-25T09:06:27.493+0000] {dag.py:4180} INFO - Setting next_dagrun for example_params_ui_tutorial to None, run_after=None
[2026-07-25T09:06:27.503+0000] {processor.py:208} INFO - Processing /home/airflow/.local/lib/python3.12/site-packages/airflow/example_dags/example_params_ui_tutorial.py took 0.163 seconds
[2026-07-25T09:07:01.627+0000] {processor.py:186} INFO - Started process (PID=178) to work on /home/airflow/.local/lib/python3.12/site-packages/airflow/example_dags/example_params_ui_tutorial.py
[2026-07-25T09:07:01.628+0000] {processor.py:914} INFO - Processing file /home/airflow/.local/lib/python3.12/site-packages/airflow/example_dags/example_params_ui_tutorial.py for tasks to queue
[2026-07-25T09:07:01.630+0000] {logging_mixin.py:190} INFO - [2026-07-25T09:07:01.629+0000] {dagbag.py:588} INFO - Filling up the DagBag from /home/airflow/.local/lib/python3.12/site-packages/airflow/example_dags/example_params_ui_tutorial.py
[2026-07-25T09:07:01.635+0000] {processor.py:925} INFO - DAG(s) 'example_params_ui_tutorial' retrieved from /home/airflow/.local/lib/python3.12/site-packages/airflow/example_dags/example_params_ui_tutorial.py
[2026-07-25T09:07:01.660+0000] {logging_mixin.py:190} INFO - [2026-07-25T09:07:01.660+0000] {dag.py:3239} INFO - Sync 1 DAGs
[2026-07-25T09:07:01.669+0000] {logging_mixin.py:190} INFO - [2026-07-25T09:07:01.668+0000] {dag.py:4180} INFO - Setting next_dagrun for example_params_ui_tutorial to None, run_after=None
[2026-07-25T09:07:01.681+0000] {processor.py:208} INFO - Processing /home/airflow/.local/lib/python3.12/site-packages/airflow/example_dags/example_params_ui_tutorial.py took 0.057 seconds
[2026-07-25T09:07:36.072+0000] {processor.py:186} INFO - Started process (PID=241) to work on /home/airflow/.local/lib/python3.12/site-packages/airflow/example_dags/example_params_ui_tutorial.py
[2026-07-25T09:07:36.073+0000] {processor.py:914} INFO - Processing file /home/airflow/.local/lib/python3.12/site-packages/airflow/example_dags/example_params_ui_tutorial.py for tasks to queue
[2026-07-25T09:07:36.075+0000] {logging_mixin.py:190} INFO - [2026-07-25T09:07:36.075+0000] {dagbag.py:588} INFO - Filling up the DagBag from /home/airflow/.local/lib/python3.12/site-packages/airflow/example_dags/example_params_ui_tutorial.py
[2026-07-25T09:07:36.082+0000] {processor.py:925} INFO - DAG(s) 'example_params_ui_tutorial' retrieved from /home/airflow/.local/lib/python3.12/site-packages/airflow/example_dags/example_params_ui_tutorial.py
[2026-07-25T09:07:36.108+0000] {logging_mixin.py:190} INFO - [2026-07-25T09:07:36.108+0000] {dag.py:3239} INFO - Sync 1 DAGs
[2026-07-25T09:07:36.117+0000] {logging_mixin.py:190} INFO - [2026-07-25T09:07:36.117+0000] {dag.py:4180} INFO - Setting next_dagrun for example_params_ui_tutorial to None, run_after=None
[2026-07-25T09:07:36.128+0000] {processor.py:208} INFO - Processing /home/airflow/.local/lib/python3.12/site-packages/airflow/example_dags/example_params_ui_tutorial.py took 0.060 seconds
[2026-07-25T09:08:06.194+0000] {processor.py:186} INFO - Started process (PID=303) to work on /home/airflow/.local/lib/python3.12/site-packages/airflow/example_dags/example_params_ui_tutorial.py
[2026-07-25T09:08:06.195+0000] {processor.py:914} INFO - Processing file /home/airflow/.local/lib/python3.12/site-packages/airflow/example_dags/example_params_ui_tutorial.py for tasks to queue
[2026-07-25T09:08:06.197+0000] {logging_mixin.py:190} INFO - [2026-07-25T09:08:06.196+0000] {dagbag.py:588} INFO - Filling up the DagBag from /home/airflow/.local/lib/python3.12/site-packages/airflow/example_dags/example_params_ui_tutorial.py
[2026-07-25T09:08:06.202+0000] {processor.py:925} INFO - DAG(s) 'example_params_ui_tutorial' retrieved from /home/airflow/.local/lib/python3.12/site-packages/airflow/example_dags/example_params_ui_tutorial.py
[2026-07-25T09:08:06.228+0000] {logging_mixin.py:190} INFO - [2026-07-25T09:08:06.228+0000] {dag.py:3239} INFO - Sync 1 DAGs
[2026-07-25T09:08:06.236+0000] {logging_mixin.py:190} INFO - [2026-07-25T09:08:06.236+0000] {dag.py:4180} INFO - Setting next_dagrun for example_params_ui_tutorial to None, run_after=None
[2026-07-25T09:08:06.247+0000] {processor.py:208} INFO - Processing /home/airflow/.local/lib/python3.12/site-packages/airflow/example_dags/example_params_ui_tutorial.py took 0.056 seconds
[2026-07-25T09:08:38.202+0000] {processor.py:186} INFO - Started process (PID=365) to work on /home/airflow/.local/lib/python3.12/site-packages/airflow/example_dags/example_params_ui_tutorial.py
[2026-07-25T09:08:38.203+0000] {processor.py:914} INFO - Processing file /home/airflow/.local/lib/python3.12/site-packages/airflow/example_dags/example_params_ui_tutorial.py for tasks to queue
[2026-07-25T09:08:38.205+0000] {logging_mixin.py:190} INFO - [2026-07-25T09:08:38.205+0000] {dagbag.py:588} INFO - Filling up the DagBag from /home/airflow/.local/lib/python3.12/site-packages/airflow/example_dags/example_params_ui_tutorial.py
[2026-07-25T09:08:38.211+0000] {processor.py:925} INFO - DAG(s) 'example_params_ui_tutorial' retrieved from /home/airflow/.local/lib/python3.12/site-packages/airflow/example_dags/example_params_ui_tutorial.py
[2026-07-25T09:08:38.235+0000] {logging_mixin.py:190} INFO - [2026-07-25T09:08:38.235+0000] {dag.py:3239} INFO - Sync 1 DAGs
[2026-07-25T09:08:38.244+0000] {logging_mixin.py:190} INFO - [2026-07-25T09:08:38.244+0000] {dag.py:4180} INFO - Setting next_dagrun for example_params_ui_tutorial to None, run_after=None
[2026-07-25T09:08:38.255+0000] {processor.py:208} INFO - Processing /home/airflow/.local/lib/python3.12/site-packages/airflow/example_dags/example_params_ui_tutorial.py took 0.056 seconds
[2026-07-25T09:09:12.455+0000] {processor.py:186} INFO - Started process (PID=428) to work on /home/airflow/.local/lib/python3.12/site-packages/airflow/example_dags/example_params_ui_tutorial.py
[2026-07-25T09:09:12.456+0000] {processor.py:914} INFO - Processing file /home/airflow/.local/lib/python3.12/site-packages/airflow/example_dags/example_params_ui_tutorial.py for tasks to queue
[2026-07-25T09:09:12.458+0000] {logging_mixin.py:190} INFO - [2026-07-25T09:09:12.458+0000] {dagbag.py:588} INFO - Filling up the DagBag from /home/airflow/.local/lib/python3.12/site-packages/airflow/example_dags/example_params_ui_tutorial.py
[2026-07-25T09:09:12.464+0000] {processor.py:925} INFO - DAG(s) 'example_params_ui_tutorial' retrieved from /home/airflow/.local/lib/python3.12/site-packages/airflow/example_dags/example_params_ui_tutorial.py
[2026-07-25T09:09:12.489+0000] {logging_mixin.py:190} INFO - [2026-07-25T09:09:12.489+0000] {dag.py:3239} INFO - Sync 1 DAGs
[2026-07-25T09:09:12.498+0000] {logging_mixin.py:190} INFO - [2026-07-25T09:09:12.498+0000] {dag.py:4180} INFO - Setting next_dagrun for example_params_ui_tutorial to None, run_after=None
[2026-07-25T09:09:12.511+0000] {processor.py:208} INFO - Processing /home/airflow/.local/lib/python3.12/site-packages/airflow/example_dags/example_params_ui_tutorial.py took 0.059 seconds
[2026-07-25T09:09:45.997+0000] {processor.py:186} INFO - Started process (PID=497) to work on /home/airflow/.local/lib/python3.12/site-packages/airflow/example_dags/example_params_ui_tutorial.py
[2026-07-25T09:09:45.998+0000] {processor.py:914} INFO - Processing file /home/airflow/.local/lib/python3.12/site-packages/airflow/example_dags/example_params_ui_tutorial.py for tasks to queue
[2026-07-25T09:09:45.999+0000] {logging_mixin.py:190} INFO - [2026-07-25T09:09:45.999+0000] {dagbag.py:588} INFO - Filling up the DagBag from /home/airflow/.local/lib/python3.12/site-packages/airflow/example_dags/example_params_ui_tutorial.py
[2026-07-25T09:09:46.005+0000] {processor.py:925} INFO - DAG(s) 'example_params_ui_tutorial' retrieved from /home/airflow/.local/lib/python3.12/site-packages/airflow/example_dags/example_params_ui_tutorial.py
[2026-07-25T09:09:46.033+0000] {logging_mixin.py:190} INFO - [2026-07-25T09:09:46.033+0000] {dag.py:3239} INFO - Sync 1 DAGs
[2026-07-25T09:09:46.042+0000] {logging_mixin.py:190} INFO - [2026-07-25T09:09:46.042+0000] {dag.py:4180} INFO - Setting next_dagrun for example_params_ui_tutorial to None, run_after=None
[2026-07-25T09:09:46.054+0000] {processor.py:208} INFO - Processing /home/airflow/.local/lib/python3.12/site-packages/airflow/example_dags/example_params_ui_tutorial.py took 0.060 seconds
[2026-07-25T09:10:16.573+0000] {processor.py:186} INFO - Started process (PID=562) to work on /home/airflow/.local/lib/python3.12/site-packages/airflow/example_dags/example_params_ui_tutorial.py
[2026-07-25T09:10:16.574+0000] {processor.py:914} INFO - Processing file /home/airflow/.local/lib/python3.12/site-packages/airflow/example_dags/example_params_ui_tutorial.py for tasks to queue
[2026-07-25T09:10:16.575+0000] {logging_mixin.py:190} INFO - [2026-07-25T09:10:16.575+0000] {dagbag.py:588} INFO - Filling up the DagBag from /home/airflow/.local/lib/python3.12/site-packages/airflow/example_dags/example_params_ui_tutorial.py
[2026-07-25T09:10:16.581+0000] {processor.py:925} INFO - DAG(s) 'example_params_ui_tutorial' retrieved from /home/airflow/.local/lib/python3.12/site-packages/airflow/example_dags/example_params_ui_tutorial.py
[2026-07-25T09:10:16.606+0000] {logging_mixin.py:190} INFO - [2026-07-25T09:10:16.606+0000] {dag.py:3239} INFO - Sync 1 DAGs
[2026-07-25T09:10:16.615+0000] {logging_mixin.py:190} INFO - [2026-07-25T09:10:16.615+0000] {dag.py:4180} INFO - Setting next_dagrun for example_params_ui_tutorial to None, run_after=None
[2026-07-25T09:10:16.627+0000] {processor.py:208} INFO - Processing /home/airflow/.local/lib/python3.12/site-packages/airflow/example_dags/example_params_ui_tutorial.py took 0.057 seconds
[2026-07-25T09:10:47.669+0000] {processor.py:186} INFO - Started process (PID=624) to work on /home/airflow/.local/lib/python3.12/site-packages/airflow/example_dags/example_params_ui_tutorial.py
[2026-07-25T09:10:47.670+0000] {processor.py:914} INFO - Processing file /home/airflow/.local/lib/python3.12/site-packages/airflow/example_dags/example_params_ui_tutorial.py for tasks to queue
[2026-07-25T09:10:47.672+0000] {logging_mixin.py:190} INFO - [2026-07-25T09:10:47.672+0000] {dagbag.py:588} INFO - Filling up the DagBag from /home/airflow/.local/lib/python3.12/site-packages/airflow/example_dags/example_params_ui_tutorial.py
[2026-07-25T09:10:47.678+0000] {processor.py:925} INFO - DAG(s) 'example_params_ui_tutorial' retrieved from /home/airflow/.local/lib/python3.12/site-packages/airflow/example_dags/example_params_ui_tutorial.py
[2026-07-25T09:10:47.703+0000] {logging_mixin.py:190} INFO - [2026-07-25T09:10:47.703+0000] {dag.py:3239} INFO - Sync 1 DAGs
[2026-07-25T09:10:47.714+0000] {logging_mixin.py:190} INFO - [2026-07-25T09:10:47.714+0000] {dag.py:4180} INFO - Setting next_dagrun for example_params_ui_tutorial to None, run_after=None
[2026-07-25T09:10:47.727+0000] {processor.py:208} INFO - Processing /home/airflow/.local/lib/python3.12/site-packages/airflow/example_dags/example_params_ui_tutorial.py took 0.061 seconds
[2026-07-25T09:11:17.849+0000] {processor.py:186} INFO - Started process (PID=687) to work on /home/airflow/.local/lib/python3.12/site-packages/airflow/example_dags/example_params_ui_tutorial.py
[2026-07-25T09:11:17.850+0000] {processor.py:914} INFO - Processing file /home/airflow/.local/lib/python3.12/site-packages/airflow/example_dags/example_params_ui_tutorial.py for tasks to queue
[2026-07-25T09:11:17.852+0000] {logging_mixin.py:190} INFO - [2026-07-25T09:11:17.851+0000] {dagbag.py:588} INFO - Filling up the DagBag from /home/airflow/.local/lib/python3.12/site-packages/airflow/example_dags/example_params_ui_tutorial.py
[2026-07-25T09:11:17.858+0000] {processor.py:925} INFO - DAG(s) 'example_params_ui_tutorial' retrieved from /home/airflow/.local/lib/python3.12/site-packages/airflow/example_dags/example_params_ui_tutorial.py
[2026-07-25T09:11:17.885+0000] {logging_mixin.py:190} INFO - [2026-07-25T09:11:17.885+0000] {dag.py:3239} INFO - Sync 1 DAGs
[2026-07-25T09:11:17.893+0000] {logging_mixin.py:190} INFO - [2026-07-25T09:11:17.893+0000] {dag.py:4180} INFO - Setting next_dagrun for example_params_ui_tutorial to None, run_after=None
[2026-07-25T09:11:17.904+0000] {processor.py:208} INFO - Processing /home/airflow/.local/lib/python3.12/site-packages/airflow/example_dags/example_params_ui_tutorial.py took 0.058 seconds
[2026-07-25T09:11:48.230+0000] {processor.py:186} INFO - Started process (PID=749) to work on /home/airflow/.local/lib/python3.12/site-packages/airflow/example_dags/example_params_ui_tutorial.py
[2026-07-25T09:11:48.231+0000] {processor.py:914} INFO - Processing file /home/airflow/.local/lib/python3.12/site-packages/airflow/example_dags/example_params_ui_tutorial.py for tasks to queue
[2026-07-25T09:11:48.233+0000] {logging_mixin.py:190} INFO - [2026-07-25T09:11:48.233+0000] {dagbag.py:588} INFO - Filling up the DagBag from /home/airflow/.local/lib/python3.12/site-packages/airflow/example_dags/example_params_ui_tutorial.py
[2026-07-25T09:11:48.239+0000] {processor.py:925} INFO - DAG(s) 'example_params_ui_tutorial' retrieved from /home/airflow/.local/lib/python3.12/site-packages/airflow/example_dags/example_params_ui_tutorial.py
[2026-07-25T09:11:48.265+0000] {logging_mixin.py:190} INFO - [2026-07-25T09:11:48.265+0000] {dag.py:3239} INFO - Sync 1 DAGs
[2026-07-25T09:11:48.273+0000] {logging_mixin.py:190} INFO - [2026-07-25T09:11:48.273+0000] {dag.py:4180} INFO - Setting next_dagrun for example_params_ui_tutorial to None, run_after=None
[2026-07-25T09:11:48.285+0000] {processor.py:208} INFO - Processing /home/airflow/.local/lib/python3.12/site-packages/airflow/example_dags/example_params_ui_tutorial.py took 0.058 seconds
[2026-07-25T09:12:19.021+0000] {processor.py:186} INFO - Started process (PID=812) to work on /home/airflow/.local/lib/python3.12/site-packages/airflow/example_dags/example_params_ui_tutorial.py
[2026-07-25T09:12:19.022+0000] {processor.py:914} INFO - Processing file /home/airflow/.local/lib/python3.12/site-packages/airflow/example_dags/example_params_ui_tutorial.py for tasks to queue
[2026-07-25T09:12:19.024+0000] {logging_mixin.py:190} INFO - [2026-07-25T09:12:19.024+0000] {dagbag.py:588} INFO - Filling up the DagBag from /home/airflow/.local/lib/python3.12/site-packages/airflow/example_dags/example_params_ui_tutorial.py
[2026-07-25T09:12:19.031+0000] {processor.py:925} INFO - DAG(s) 'example_params_ui_tutorial' retrieved from /home/airflow/.local/lib/python3.12/site-packages/airflow/example_dags/example_params_ui_tutorial.py
[2026-07-25T09:12:19.058+0000] {logging_mixin.py:190} INFO - [2026-07-25T09:12:19.058+0000] {dag.py:3239} INFO - Sync 1 DAGs
[2026-07-25T09:12:19.068+0000] {logging_mixin.py:190} INFO - [2026-07-25T09:12:19.068+0000] {dag.py:4180} INFO - Setting next_dagrun for example_params_ui_tutorial to None, run_after=None
[2026-07-25T09:12:19.080+0000] {processor.py:208} INFO - Processing /home/airflow/.local/lib/python3.12/site-packages/airflow/example_dags/example_params_ui_tutorial.py took 0.063 seconds
[2026-07-25T09:12:49.912+0000] {processor.py:186} INFO - Started process (PID=875) to work on /home/airflow/.local/lib/python3.12/site-packages/airflow/example_dags/example_params_ui_tutorial.py
[2026-07-25T09:12:49.914+0000] {processor.py:914} INFO - Processing file /home/airflow/.local/lib/python3.12/site-packages/airflow/example_dags/example_params_ui_tutorial.py for tasks to queue
[2026-07-25T09:12:49.916+0000] {logging_mixin.py:190} INFO - [2026-07-25T09:12:49.916+0000] {dagbag.py:588} INFO - Filling up the DagBag from /home/airflow/.local/lib/python3.12/site-packages/airflow/example_dags/example_params_ui_tutorial.py
[2026-07-25T09:12:49.922+0000] {processor.py:925} INFO - DAG(s) 'example_params_ui_tutorial' retrieved from /home/airflow/.local/lib/python3.12/site-packages/airflow/example_dags/example_params_ui_tutorial.py
[2026-07-25T09:12:49.947+0000] {logging_mixin.py:190} INFO - [2026-07-25T09:12:49.947+0000] {dag.py:3239} INFO - Sync 1 DAGs
[2026-07-25T09:12:49.955+0000] {logging_mixin.py:190} INFO - [2026-07-25T09:12:49.955+0000] {dag.py:4180} INFO - Setting next_dagrun for example_params_ui_tutorial to None, run_after=None
[2026-07-25T09:12:49.966+0000] {processor.py:208} INFO - Processing /home/airflow/.local/lib/python3.12/site-packages/airflow/example_dags/example_params_ui_tutorial.py took 0.058 seconds
[2026-07-25T09:13:24.537+0000] {processor.py:186} INFO - Started process (PID=938) to work on /home/airflow/.local/lib/python3.12/site-packages/airflow/example_dags/example_params_ui_tutorial.py
[2026-07-25T09:13:24.538+0000] {processor.py:914} INFO - Processing file /home/airflow/.local/lib/python3.12/site-packages/airflow/example_dags/example_params_ui_tutorial.py for tasks to queue
[2026-07-25T09:13:24.540+0000] {logging_mixin.py:190} INFO - [2026-07-25T09:13:24.540+0000] {dagbag.py:588} INFO - Filling up the DagBag from /home/airflow/.local/lib/python3.12/site-packages/airflow/example_dags/example_params_ui_tutorial.py
[2026-07-25T09:13:24.546+0000] {processor.py:925} INFO - DAG(s) 'example_params_ui_tutorial' retrieved from /home/airflow/.local/lib/python3.12/site-packages/airflow/example_dags/example_params_ui_tutorial.py
[2026-07-25T09:13:24.571+0000] {logging_mixin.py:190} INFO - [2026-07-25T09:13:24.571+0000] {dag.py:3239} INFO - Sync 1 DAGs
[2026-07-25T09:13:24.580+0000] {logging_mixin.py:190} INFO - [2026-07-25T09:13:24.579+0000] {dag.py:4180} INFO - Setting next_dagrun for example_params_ui_tutorial to None, run_after=None
[2026-07-25T09:13:24.591+0000] {processor.py:208} INFO - Processing /home/airflow/.local/lib/python3.12/site-packages/airflow/example_dags/example_params_ui_tutorial.py took 0.057 seconds
[2026-07-25T09:13:54.643+0000] {processor.py:186} INFO - Started process (PID=1000) to work on /home/airflow/.local/lib/python3.12/site-packages/airflow/example_dags/example_params_ui_tutorial.py
[2026-07-25T09:13:54.644+0000] {processor.py:914} INFO - Processing file /home/airflow/.local/lib/python3.12/site-packages/airflow/example_dags/example_params_ui_tutorial.py for tasks to queue
[2026-07-25T09:13:54.646+0000] {logging_mixin.py:190} INFO - [2026-07-25T09:13:54.646+0000] {dagbag.py:588} INFO - Filling up the DagBag from /home/airflow/.local/lib/python3.12/site-packages/airflow/example_dags/example_params_ui_tutorial.py
[2026-07-25T09:13:54.652+0000] {processor.py:925} INFO - DAG(s) 'example_params_ui_tutorial' retrieved from /home/airflow/.local/lib/python3.12/site-packages/airflow/example_dags/example_params_ui_tutorial.py
[2026-07-25T09:13:54.680+0000] {logging_mixin.py:190} INFO - [2026-07-25T09:13:54.680+0000] {dag.py:3239} INFO - Sync 1 DAGs
[2026-07-25T09:13:54.690+0000] {logging_mixin.py:190} INFO - [2026-07-25T09:13:54.690+0000] {dag.py:4180} INFO - Setting next_dagrun for example_params_ui_tutorial to None, run_after=None
[2026-07-25T09:13:54.702+0000] {processor.py:208} INFO - Processing /home/airflow/.local/lib/python3.12/site-packages/airflow/example_dags/example_params_ui_tutorial.py took 0.062 seconds
[2026-07-25T09:14:24.791+0000] {processor.py:186} INFO - Started process (PID=1062) to work on /home/airflow/.local/lib/python3.12/site-packages/airflow/example_dags/example_params_ui_tutorial.py
[2026-07-25T09:14:24.792+0000] {processor.py:914} INFO - Processing file /home/airflow/.local/lib/python3.12/site-packages/airflow/example_dags/example_params_ui_tutorial.py for tasks to queue
[2026-07-25T09:14:24.794+0000] {logging_mixin.py:190} INFO - [2026-07-25T09:14:24.794+0000] {dagbag.py:588} INFO - Filling up the DagBag from /home/airflow/.local/lib/python3.12/site-packages/airflow/example_dags/example_params_ui_tutorial.py
[2026-07-25T09:14:24.800+0000] {processor.py:925} INFO - DAG(s) 'example_params_ui_tutorial' retrieved from /home/airflow/.local/lib/python3.12/site-packages/airflow/example_dags/example_params_ui_tutorial.py
[2026-07-25T09:14:24.826+0000] {logging_mixin.py:190} INFO - [2026-07-25T09:14:24.826+0000] {dag.py:3239} INFO - Sync 1 DAGs
[2026-07-25T09:14:24.834+0000] {logging_mixin.py:190} INFO - [2026-07-25T09:14:24.834+0000] {dag.py:4180} INFO - Setting next_dagrun for example_params_ui_tutorial to None, run_after=None
[2026-07-25T09:14:24.846+0000] {processor.py:208} INFO - Processing /home/airflow/.local/lib/python3.12/site-packages/airflow/example_dags/example_params_ui_tutorial.py took 0.058 seconds
[2026-07-25T09:15:45.132+0000] {processor.py:186} INFO - Started process (PID=115) to work on /home/airflow/.local/lib/python3.12/site-packages/airflow/example_dags/example_params_ui_tutorial.py
[2026-07-25T09:15:45.133+0000] {processor.py:914} INFO - Processing file /home/airflow/.local/lib/python3.12/site-packages/airflow/example_dags/example_params_ui_tutorial.py for tasks to queue
[2026-07-25T09:15:45.134+0000] {logging_mixin.py:190} INFO - [2026-07-25T09:15:45.134+0000] {dagbag.py:588} INFO - Filling up the DagBag from /home/airflow/.local/lib/python3.12/site-packages/airflow/example_dags/example_params_ui_tutorial.py
[2026-07-25T09:15:45.141+0000] {processor.py:925} INFO - DAG(s) 'example_params_ui_tutorial' retrieved from /home/airflow/.local/lib/python3.12/site-packages/airflow/example_dags/example_params_ui_tutorial.py
[2026-07-25T09:15:45.167+0000] {logging_mixin.py:190} INFO - [2026-07-25T09:15:45.167+0000] {dag.py:3239} INFO - Sync 1 DAGs
[2026-07-25T09:15:45.176+0000] {logging_mixin.py:190} INFO - [2026-07-25T09:15:45.176+0000] {dag.py:4180} INFO - Setting next_dagrun for example_params_ui_tutorial to None, run_after=None
[2026-07-25T09:15:45.187+0000] {processor.py:208} INFO - Processing /home/airflow/.local/lib/python3.12/site-packages/airflow/example_dags/example_params_ui_tutorial.py took 0.058 seconds
[2026-07-25T09:16:15.338+0000] {processor.py:186} INFO - Started process (PID=177) to work on /home/airflow/.local/lib/python3.12/site-packages/airflow/example_dags/example_params_ui_tutorial.py
[2026-07-25T09:16:15.339+0000] {processor.py:914} INFO - Processing file /home/airflow/.local/lib/python3.12/site-packages/airflow/example_dags/example_params_ui_tutorial.py for tasks to queue
[2026-07-25T09:16:15.342+0000] {logging_mixin.py:190} INFO - [2026-07-25T09:16:15.341+0000] {dagbag.py:588} INFO - Filling up the DagBag from /home/airflow/.local/lib/python3.12/site-packages/airflow/example_dags/example_params_ui_tutorial.py
[2026-07-25T09:16:15.349+0000] {processor.py:925} INFO - DAG(s) 'example_params_ui_tutorial' retrieved from /home/airflow/.local/lib/python3.12/site-packages/airflow/example_dags/example_params_ui_tutorial.py
[2026-07-25T09:16:15.378+0000] {logging_mixin.py:190} INFO - [2026-07-25T09:16:15.378+0000] {dag.py:3239} INFO - Sync 1 DAGs
[2026-07-25T09:16:15.388+0000] {logging_mixin.py:190} INFO - [2026-07-25T09:16:15.387+0000] {dag.py:4180} INFO - Setting next_dagrun for example_params_ui_tutorial to None, run_after=None
[2026-07-25T09:16:15.400+0000] {processor.py:208} INFO - Processing /home/airflow/.local/lib/python3.12/site-packages/airflow/example_dags/example_params_ui_tutorial.py took 0.066 seconds
[2026-07-25T09:16:48.871+0000] {processor.py:186} INFO - Started process (PID=239) to work on /home/airflow/.local/lib/python3.12/site-packages/airflow/example_dags/example_params_ui_tutorial.py
[2026-07-25T09:16:48.872+0000] {processor.py:914} INFO - Processing file /home/airflow/.local/lib/python3.12/site-packages/airflow/example_dags/example_params_ui_tutorial.py for tasks to queue
[2026-07-25T09:16:48.873+0000] {logging_mixin.py:190} INFO - [2026-07-25T09:16:48.873+0000] {dagbag.py:588} INFO - Filling up the DagBag from /home/airflow/.local/lib/python3.12/site-packages/airflow/example_dags/example_params_ui_tutorial.py
[2026-07-25T09:16:48.879+0000] {processor.py:925} INFO - DAG(s) 'example_params_ui_tutorial' retrieved from /home/airflow/.local/lib/python3.12/site-packages/airflow/example_dags/example_params_ui_tutorial.py
[2026-07-25T09:16:48.904+0000] {logging_mixin.py:190} INFO - [2026-07-25T09:16:48.904+0000] {dag.py:3239} INFO - Sync 1 DAGs
[2026-07-25T09:16:48.913+0000] {logging_mixin.py:190} INFO - [2026-07-25T09:16:48.913+0000] {dag.py:4180} INFO - Setting next_dagrun for example_params_ui_tutorial to None, run_after=None
[2026-07-25T09:16:48.926+0000] {processor.py:208} INFO - Processing /home/airflow/.local/lib/python3.12/site-packages/airflow/example_dags/example_params_ui_tutorial.py took 0.058 seconds
[2026-07-25T09:17:23.284+0000] {processor.py:186} INFO - Started process (PID=302) to work on /home/airflow/.local/lib/python3.12/site-packages/airflow/example_dags/example_params_ui_tutorial.py
[2026-07-25T09:17:23.286+0000] {processor.py:914} INFO - Processing file /home/airflow/.local/lib/python3.12/site-packages/airflow/example_dags/example_params_ui_tutorial.py for tasks to queue
[2026-07-25T09:17:23.288+0000] {logging_mixin.py:190} INFO - [2026-07-25T09:17:23.288+0000] {dagbag.py:588} INFO - Filling up the DagBag from /home/airflow/.local/lib/python3.12/site-packages/airflow/example_dags/example_params_ui_tutorial.py
[2026-07-25T09:17:23.295+0000] {processor.py:925} INFO - DAG(s) 'example_params_ui_tutorial' retrieved from /home/airflow/.local/lib/python3.12/site-packages/airflow/example_dags/example_params_ui_tutorial.py
[2026-07-25T09:17:23.321+0000] {logging_mixin.py:190} INFO - [2026-07-25T09:17:23.321+0000] {dag.py:3239} INFO - Sync 1 DAGs
[2026-07-25T09:17:23.331+0000] {logging_mixin.py:190} INFO - [2026-07-25T09:17:23.330+0000] {dag.py:4180} INFO - Setting next_dagrun for example_params_ui_tutorial to None, run_after=None
[2026-07-25T09:17:23.342+0000] {processor.py:208} INFO - Processing /home/airflow/.local/lib/python3.12/site-packages/airflow/example_dags/example_params_ui_tutorial.py took 0.063 seconds
[2026-07-25T09:17:57.287+0000] {processor.py:186} INFO - Started process (PID=365) to work on /home/airflow/.local/lib/python3.12/site-packages/airflow/example_dags/example_params_ui_tutorial.py
[2026-07-25T09:17:57.288+0000] {processor.py:914} INFO - Processing file /home/airflow/.local/lib/python3.12/site-packages/airflow/example_dags/example_params_ui_tutorial.py for tasks to queue
[2026-07-25T09:17:57.290+0000] {logging_mixin.py:190} INFO - [2026-07-25T09:17:57.290+0000] {dagbag.py:588} INFO - Filling up the DagBag from /home/airflow/.local/lib/python3.12/site-packages/airflow/example_dags/example_params_ui_tutorial.py
[2026-07-25T09:17:57.296+0000] {processor.py:925} INFO - DAG(s) 'example_params_ui_tutorial' retrieved from /home/airflow/.local/lib/python3.12/site-packages/airflow/example_dags/example_params_ui_tutorial.py
[2026-07-25T09:17:57.322+0000] {logging_mixin.py:190} INFO - [2026-07-25T09:17:57.321+0000] {dag.py:3239} INFO - Sync 1 DAGs
[2026-07-25T09:17:57.332+0000] {logging_mixin.py:190} INFO - [2026-07-25T09:17:57.332+0000] {dag.py:4180} INFO - Setting next_dagrun for example_params_ui_tutorial to None, run_after=None
[2026-07-25T09:17:57.343+0000] {processor.py:208} INFO - Processing /home/airflow/.local/lib/python3.12/site-packages/airflow/example_dags/example_params_ui_tutorial.py took 0.059 seconds
[2026-07-25T09:18:28.023+0000] {processor.py:186} INFO - Started process (PID=427) to work on /home/airflow/.local/lib/python3.12/site-packages/airflow/example_dags/example_params_ui_tutorial.py
[2026-07-25T09:18:28.024+0000] {processor.py:914} INFO - Processing file /home/airflow/.local/lib/python3.12/site-packages/airflow/example_dags/example_params_ui_tutorial.py for tasks to queue
[2026-07-25T09:18:28.026+0000] {logging_mixin.py:190} INFO - [2026-07-25T09:18:28.025+0000] {dagbag.py:588} INFO - Filling up the DagBag from /home/airflow/.local/lib/python3.12/site-packages/airflow/example_dags/example_params_ui_tutorial.py
[2026-07-25T09:18:28.032+0000] {processor.py:925} INFO - DAG(s) 'example_params_ui_tutorial' retrieved from /home/airflow/.local/lib/python3.12/site-packages/airflow/example_dags/example_params_ui_tutorial.py
[2026-07-25T09:18:28.058+0000] {logging_mixin.py:190} INFO - [2026-07-25T09:18:28.058+0000] {dag.py:3239} INFO - Sync 1 DAGs
[2026-07-25T09:18:28.068+0000] {logging_mixin.py:190} INFO - [2026-07-25T09:18:28.068+0000] {dag.py:4180} INFO - Setting next_dagrun for example_params_ui_tutorial to None, run_after=None
[2026-07-25T09:18:28.079+0000] {processor.py:208} INFO - Processing /home/airflow/.local/lib/python3.12/site-packages/airflow/example_dags/example_params_ui_tutorial.py took 0.060 seconds
[2026-07-25T09:18:58.540+0000] {processor.py:186} INFO - Started process (PID=489) to work on /home/airflow/.local/lib/python3.12/site-packages/airflow/example_dags/example_params_ui_tutorial.py
[2026-07-25T09:18:58.541+0000] {processor.py:914} INFO - Processing file /home/airflow/.local/lib/python3.12/site-packages/airflow/example_dags/example_params_ui_tutorial.py for tasks to queue
[2026-07-25T09:18:58.543+0000] {logging_mixin.py:190} INFO - [2026-07-25T09:18:58.543+0000] {dagbag.py:588} INFO - Filling up the DagBag from /home/airflow/.local/lib/python3.12/site-packages/airflow/example_dags/example_params_ui_tutorial.py
[2026-07-25T09:18:58.549+0000] {processor.py:925} INFO - DAG(s) 'example_params_ui_tutorial' retrieved from /home/airflow/.local/lib/python3.12/site-packages/airflow/example_dags/example_params_ui_tutorial.py
[2026-07-25T09:18:58.574+0000] {logging_mixin.py:190} INFO - [2026-07-25T09:18:58.574+0000] {dag.py:3239} INFO - Sync 1 DAGs
[2026-07-25T09:18:58.588+0000] {logging_mixin.py:190} INFO - [2026-07-25T09:18:58.588+0000] {dag.py:4180} INFO - Setting next_dagrun for example_params_ui_tutorial to None, run_after=None
[2026-07-25T09:18:58.605+0000] {processor.py:208} INFO - Processing /home/airflow/.local/lib/python3.12/site-packages/airflow/example_dags/example_params_ui_tutorial.py took 0.068 seconds
[2026-07-25T09:19:28.951+0000] {processor.py:186} INFO - Started process (PID=551) to work on /home/airflow/.local/lib/python3.12/site-packages/airflow/example_dags/example_params_ui_tutorial.py
[2026-07-25T09:19:28.952+0000] {processor.py:914} INFO - Processing file /home/airflow/.local/lib/python3.12/site-packages/airflow/example_dags/example_params_ui_tutorial.py for tasks to queue
[2026-07-25T09:19:28.954+0000] {logging_mixin.py:190} INFO - [2026-07-25T09:19:28.954+0000] {dagbag.py:588} INFO - Filling up the DagBag from /home/airflow/.local/lib/python3.12/site-packages/airflow/example_dags/example_params_ui_tutorial.py
[2026-07-25T09:19:28.959+0000] {processor.py:925} INFO - DAG(s) 'example_params_ui_tutorial' retrieved from /home/airflow/.local/lib/python3.12/site-packages/airflow/example_dags/example_params_ui_tutorial.py
[2026-07-25T09:19:28.985+0000] {logging_mixin.py:190} INFO - [2026-07-25T09:19:28.985+0000] {dag.py:3239} INFO - Sync 1 DAGs
[2026-07-25T09:19:28.993+0000] {logging_mixin.py:190} INFO - [2026-07-25T09:19:28.993+0000] {dag.py:4180} INFO - Setting next_dagrun for example_params_ui_tutorial to None, run_after=None
[2026-07-25T09:19:29.004+0000] {processor.py:208} INFO - Processing /home/airflow/.local/lib/python3.12/site-packages/airflow/example_dags/example_params_ui_tutorial.py took 0.057 seconds
[2026-07-25T09:20:58.048+0000] {processor.py:186} INFO - Started process (PID=115) to work on /home/airflow/.local/lib/python3.12/site-packages/airflow/example_dags/example_params_ui_tutorial.py
[2026-07-25T09:20:58.049+0000] {processor.py:914} INFO - Processing file /home/airflow/.local/lib/python3.12/site-packages/airflow/example_dags/example_params_ui_tutorial.py for tasks to queue
[2026-07-25T09:20:58.051+0000] {logging_mixin.py:190} INFO - [2026-07-25T09:20:58.051+0000] {dagbag.py:588} INFO - Filling up the DagBag from /home/airflow/.local/lib/python3.12/site-packages/airflow/example_dags/example_params_ui_tutorial.py
[2026-07-25T09:20:58.058+0000] {processor.py:925} INFO - DAG(s) 'example_params_ui_tutorial' retrieved from /home/airflow/.local/lib/python3.12/site-packages/airflow/example_dags/example_params_ui_tutorial.py
[2026-07-25T09:20:58.082+0000] {logging_mixin.py:190} INFO - [2026-07-25T09:20:58.082+0000] {dag.py:3239} INFO - Sync 1 DAGs
[2026-07-25T09:20:58.093+0000] {logging_mixin.py:190} INFO - [2026-07-25T09:20:58.092+0000] {dag.py:4180} INFO - Setting next_dagrun for example_params_ui_tutorial to None, run_after=None
[2026-07-25T09:20:58.105+0000] {processor.py:208} INFO - Processing /home/airflow/.local/lib/python3.12/site-packages/airflow/example_dags/example_params_ui_tutorial.py took 0.061 seconds
[2026-07-25T09:21:28.886+0000] {processor.py:186} INFO - Started process (PID=177) to work on /home/airflow/.local/lib/python3.12/site-packages/airflow/example_dags/example_params_ui_tutorial.py
[2026-07-25T09:21:28.887+0000] {processor.py:914} INFO - Processing file /home/airflow/.local/lib/python3.12/site-packages/airflow/example_dags/example_params_ui_tutorial.py for tasks to queue
[2026-07-25T09:21:28.888+0000] {logging_mixin.py:190} INFO - [2026-07-25T09:21:28.888+0000] {dagbag.py:588} INFO - Filling up the DagBag from /home/airflow/.local/lib/python3.12/site-packages/airflow/example_dags/example_params_ui_tutorial.py
[2026-07-25T09:21:28.894+0000] {processor.py:925} INFO - DAG(s) 'example_params_ui_tutorial' retrieved from /home/airflow/.local/lib/python3.12/site-packages/airflow/example_dags/example_params_ui_tutorial.py
[2026-07-25T09:21:28.920+0000] {logging_mixin.py:190} INFO - [2026-07-25T09:21:28.920+0000] {dag.py:3239} INFO - Sync 1 DAGs
[2026-07-25T09:21:28.928+0000] {logging_mixin.py:190} INFO - [2026-07-25T09:21:28.928+0000] {dag.py:4180} INFO - Setting next_dagrun for example_params_ui_tutorial to None, run_after=None
[2026-07-25T09:21:28.939+0000] {processor.py:208} INFO - Processing /home/airflow/.local/lib/python3.12/site-packages/airflow/example_dags/example_params_ui_tutorial.py took 0.057 seconds
[2026-07-25T09:22:00.591+0000] {processor.py:186} INFO - Started process (PID=239) to work on /home/airflow/.local/lib/python3.12/site-packages/airflow/example_dags/example_params_ui_tutorial.py
[2026-07-25T09:22:00.592+0000] {processor.py:914} INFO - Processing file /home/airflow/.local/lib/python3.12/site-packages/airflow/example_dags/example_params_ui_tutorial.py for tasks to queue
[2026-07-25T09:22:00.594+0000] {logging_mixin.py:190} INFO - [2026-07-25T09:22:00.594+0000] {dagbag.py:588} INFO - Filling up the DagBag from /home/airflow/.local/lib/python3.12/site-packages/airflow/example_dags/example_params_ui_tutorial.py
[2026-07-25T09:22:00.601+0000] {processor.py:925} INFO - DAG(s) 'example_params_ui_tutorial' retrieved from /home/airflow/.local/lib/python3.12/site-packages/airflow/example_dags/example_params_ui_tutorial.py
[2026-07-25T09:22:00.643+0000] {logging_mixin.py:190} INFO - [2026-07-25T09:22:00.643+0000] {dag.py:3239} INFO - Sync 1 DAGs
[2026-07-25T09:22:00.654+0000] {logging_mixin.py:190} INFO - [2026-07-25T09:22:00.654+0000] {dag.py:4180} INFO - Setting next_dagrun for example_params_ui_tutorial to None, run_after=None
[2026-07-25T09:22:00.667+0000] {processor.py:208} INFO - Processing /home/airflow/.local/lib/python3.12/site-packages/airflow/example_dags/example_params_ui_tutorial.py took 0.081 seconds
[2026-07-25T09:22:35.001+0000] {processor.py:186} INFO - Started process (PID=302) to work on /home/airflow/.local/lib/python3.12/site-packages/airflow/example_dags/example_params_ui_tutorial.py
[2026-07-25T09:22:35.002+0000] {processor.py:914} INFO - Processing file /home/airflow/.local/lib/python3.12/site-packages/airflow/example_dags/example_params_ui_tutorial.py for tasks to queue
[2026-07-25T09:22:35.004+0000] {logging_mixin.py:190} INFO - [2026-07-25T09:22:35.004+0000] {dagbag.py:588} INFO - Filling up the DagBag from /home/airflow/.local/lib/python3.12/site-packages/airflow/example_dags/example_params_ui_tutorial.py
[2026-07-25T09:22:35.010+0000] {processor.py:925} INFO - DAG(s) 'example_params_ui_tutorial' retrieved from /home/airflow/.local/lib/python3.12/site-packages/airflow/example_dags/example_params_ui_tutorial.py
[2026-07-25T09:22:35.036+0000] {logging_mixin.py:190} INFO - [2026-07-25T09:22:35.036+0000] {dag.py:3239} INFO - Sync 1 DAGs
[2026-07-25T09:22:35.046+0000] {logging_mixin.py:190} INFO - [2026-07-25T09:22:35.046+0000] {dag.py:4180} INFO - Setting next_dagrun for example_params_ui_tutorial to None, run_after=None
[2026-07-25T09:22:35.059+0000] {processor.py:208} INFO - Processing /home/airflow/.local/lib/python3.12/site-packages/airflow/example_dags/example_params_ui_tutorial.py took 0.061 seconds
[2026-07-25T09:24:08.654+0000] {processor.py:186} INFO - Started process (PID=115) to work on /home/airflow/.local/lib/python3.12/site-packages/airflow/example_dags/example_params_ui_tutorial.py
[2026-07-25T09:24:08.655+0000] {processor.py:914} INFO - Processing file /home/airflow/.local/lib/python3.12/site-packages/airflow/example_dags/example_params_ui_tutorial.py for tasks to queue
[2026-07-25T09:24:08.657+0000] {logging_mixin.py:190} INFO - [2026-07-25T09:24:08.657+0000] {dagbag.py:588} INFO - Filling up the DagBag from /home/airflow/.local/lib/python3.12/site-packages/airflow/example_dags/example_params_ui_tutorial.py
[2026-07-25T09:24:08.665+0000] {processor.py:925} INFO - DAG(s) 'example_params_ui_tutorial' retrieved from /home/airflow/.local/lib/python3.12/site-packages/airflow/example_dags/example_params_ui_tutorial.py
[2026-07-25T09:24:08.696+0000] {logging_mixin.py:190} INFO - [2026-07-25T09:24:08.696+0000] {dag.py:3239} INFO - Sync 1 DAGs
[2026-07-25T09:24:08.707+0000] {logging_mixin.py:190} INFO - [2026-07-25T09:24:08.707+0000] {dag.py:4180} INFO - Setting next_dagrun for example_params_ui_tutorial to None, run_after=None
[2026-07-25T09:24:08.721+0000] {processor.py:208} INFO - Processing /home/airflow/.local/lib/python3.12/site-packages/airflow/example_dags/example_params_ui_tutorial.py took 0.070 seconds
[2026-07-25T09:24:39.378+0000] {processor.py:186} INFO - Started process (PID=177) to work on /home/airflow/.local/lib/python3.12/site-packages/airflow/example_dags/example_params_ui_tutorial.py
[2026-07-25T09:24:39.379+0000] {processor.py:914} INFO - Processing file /home/airflow/.local/lib/python3.12/site-packages/airflow/example_dags/example_params_ui_tutorial.py for tasks to queue
[2026-07-25T09:24:39.381+0000] {logging_mixin.py:190} INFO - [2026-07-25T09:24:39.381+0000] {dagbag.py:588} INFO - Filling up the DagBag from /home/airflow/.local/lib/python3.12/site-packages/airflow/example_dags/example_params_ui_tutorial.py
[2026-07-25T09:24:39.388+0000] {processor.py:925} INFO - DAG(s) 'example_params_ui_tutorial' retrieved from /home/airflow/.local/lib/python3.12/site-packages/airflow/example_dags/example_params_ui_tutorial.py
[2026-07-25T09:24:39.415+0000] {logging_mixin.py:190} INFO - [2026-07-25T09:24:39.415+0000] {dag.py:3239} INFO - Sync 1 DAGs
[2026-07-25T09:24:39.426+0000] {logging_mixin.py:190} INFO - [2026-07-25T09:24:39.425+0000] {dag.py:4180} INFO - Setting next_dagrun for example_params_ui_tutorial to None, run_after=None
[2026-07-25T09:24:39.447+0000] {processor.py:208} INFO - Processing /home/airflow/.local/lib/python3.12/site-packages/airflow/example_dags/example_params_ui_tutorial.py took 0.072 seconds
[2026-07-25T09:25:12.210+0000] {processor.py:186} INFO - Started process (PID=239) to work on /home/airflow/.local/lib/python3.12/site-packages/airflow/example_dags/example_params_ui_tutorial.py
[2026-07-25T09:25:12.211+0000] {processor.py:914} INFO - Processing file /home/airflow/.local/lib/python3.12/site-packages/airflow/example_dags/example_params_ui_tutorial.py for tasks to queue
[2026-07-25T09:25:12.213+0000] {logging_mixin.py:190} INFO - [2026-07-25T09:25:12.213+0000] {dagbag.py:588} INFO - Filling up the DagBag from /home/airflow/.local/lib/python3.12/site-packages/airflow/example_dags/example_params_ui_tutorial.py
[2026-07-25T09:25:12.219+0000] {processor.py:925} INFO - DAG(s) 'example_params_ui_tutorial' retrieved from /home/airflow/.local/lib/python3.12/site-packages/airflow/example_dags/example_params_ui_tutorial.py
[2026-07-25T09:25:12.243+0000] {logging_mixin.py:190} INFO - [2026-07-25T09:25:12.243+0000] {dag.py:3239} INFO - Sync 1 DAGs
[2026-07-25T09:25:12.252+0000] {logging_mixin.py:190} INFO - [2026-07-25T09:25:12.252+0000] {dag.py:4180} INFO - Setting next_dagrun for example_params_ui_tutorial to None, run_after=None
[2026-07-25T09:25:12.266+0000] {processor.py:208} INFO - Processing /home/airflow/.local/lib/python3.12/site-packages/airflow/example_dags/example_params_ui_tutorial.py took 0.060 seconds
[2026-07-25T09:25:46.121+0000] {processor.py:186} INFO - Started process (PID=302) to work on /home/airflow/.local/lib/python3.12/site-packages/airflow/example_dags/example_params_ui_tutorial.py
[2026-07-25T09:25:46.122+0000] {processor.py:914} INFO - Processing file /home/airflow/.local/lib/python3.12/site-packages/airflow/example_dags/example_params_ui_tutorial.py for tasks to queue
[2026-07-25T09:25:46.124+0000] {logging_mixin.py:190} INFO - [2026-07-25T09:25:46.123+0000] {dagbag.py:588} INFO - Filling up the DagBag from /home/airflow/.local/lib/python3.12/site-packages/airflow/example_dags/example_params_ui_tutorial.py
[2026-07-25T09:25:46.130+0000] {processor.py:925} INFO - DAG(s) 'example_params_ui_tutorial' retrieved from /home/airflow/.local/lib/python3.12/site-packages/airflow/example_dags/example_params_ui_tutorial.py
[2026-07-25T09:25:46.158+0000] {logging_mixin.py:190} INFO - [2026-07-25T09:25:46.158+0000] {dag.py:3239} INFO - Sync 1 DAGs
[2026-07-25T09:25:46.169+0000] {logging_mixin.py:190} INFO - [2026-07-25T09:25:46.169+0000] {dag.py:4180} INFO - Setting next_dagrun for example_params_ui_tutorial to None, run_after=None
[2026-07-25T09:25:46.182+0000] {processor.py:208} INFO - Processing /home/airflow/.local/lib/python3.12/site-packages/airflow/example_dags/example_params_ui_tutorial.py took 0.065 seconds
[2026-07-25T09:27:03.790+0000] {processor.py:186} INFO - Started process (PID=115) to work on /home/airflow/.local/lib/python3.12/site-packages/airflow/example_dags/example_params_ui_tutorial.py
[2026-07-25T09:27:03.791+0000] {processor.py:914} INFO - Processing file /home/airflow/.local/lib/python3.12/site-packages/airflow/example_dags/example_params_ui_tutorial.py for tasks to queue
[2026-07-25T09:27:03.794+0000] {logging_mixin.py:190} INFO - [2026-07-25T09:27:03.794+0000] {dagbag.py:588} INFO - Filling up the DagBag from /home/airflow/.local/lib/python3.12/site-packages/airflow/example_dags/example_params_ui_tutorial.py
[2026-07-25T09:27:03.802+0000] {processor.py:925} INFO - DAG(s) 'example_params_ui_tutorial' retrieved from /home/airflow/.local/lib/python3.12/site-packages/airflow/example_dags/example_params_ui_tutorial.py
[2026-07-25T09:27:03.886+0000] {logging_mixin.py:190} INFO - [2026-07-25T09:27:03.886+0000] {override.py:1932} INFO - Created Permission View: can edit on DAG:example_params_ui_tutorial
[2026-07-25T09:27:03.894+0000] {logging_mixin.py:190} INFO - [2026-07-25T09:27:03.893+0000] {override.py:1932} INFO - Created Permission View: can read on DAG:example_params_ui_tutorial
[2026-07-25T09:27:03.899+0000] {logging_mixin.py:190} INFO - [2026-07-25T09:27:03.899+0000] {override.py:1932} INFO - Created Permission View: can delete on DAG:example_params_ui_tutorial
[2026-07-25T09:27:03.907+0000] {logging_mixin.py:190} INFO - [2026-07-25T09:27:03.907+0000] {override.py:1932} INFO - Created Permission View: menu access on DAG Run:example_params_ui_tutorial
[2026-07-25T09:27:03.912+0000] {logging_mixin.py:190} INFO - [2026-07-25T09:27:03.912+0000] {override.py:1932} INFO - Created Permission View: can read on DAG Run:example_params_ui_tutorial
[2026-07-25T09:27:03.917+0000] {logging_mixin.py:190} INFO - [2026-07-25T09:27:03.917+0000] {override.py:1932} INFO - Created Permission View: can create on DAG Run:example_params_ui_tutorial
[2026-07-25T09:27:03.922+0000] {logging_mixin.py:190} INFO - [2026-07-25T09:27:03.922+0000] {override.py:1932} INFO - Created Permission View: can delete on DAG Run:example_params_ui_tutorial
[2026-07-25T09:27:03.922+0000] {logging_mixin.py:190} INFO - [2026-07-25T09:27:03.922+0000] {dag.py:3239} INFO - Sync 1 DAGs
[2026-07-25T09:27:03.930+0000] {logging_mixin.py:190} INFO - [2026-07-25T09:27:03.930+0000] {dag.py:3262} INFO - Creating ORM DAG for example_params_ui_tutorial
[2026-07-25T09:27:03.931+0000] {logging_mixin.py:190} INFO - [2026-07-25T09:27:03.931+0000] {dag.py:4180} INFO - Setting next_dagrun for example_params_ui_tutorial to None, run_after=None
[2026-07-25T09:27:03.942+0000] {processor.py:208} INFO - Processing /home/airflow/.local/lib/python3.12/site-packages/airflow/example_dags/example_params_ui_tutorial.py took 0.155 seconds
[2026-07-25T09:27:38.186+0000] {processor.py:186} INFO - Started process (PID=178) to work on /home/airflow/.local/lib/python3.12/site-packages/airflow/example_dags/example_params_ui_tutorial.py
[2026-07-25T09:27:38.187+0000] {processor.py:914} INFO - Processing file /home/airflow/.local/lib/python3.12/site-packages/airflow/example_dags/example_params_ui_tutorial.py for tasks to queue
[2026-07-25T09:27:38.189+0000] {logging_mixin.py:190} INFO - [2026-07-25T09:27:38.189+0000] {dagbag.py:588} INFO - Filling up the DagBag from /home/airflow/.local/lib/python3.12/site-packages/airflow/example_dags/example_params_ui_tutorial.py
[2026-07-25T09:27:38.195+0000] {processor.py:925} INFO - DAG(s) 'example_params_ui_tutorial' retrieved from /home/airflow/.local/lib/python3.12/site-packages/airflow/example_dags/example_params_ui_tutorial.py
[2026-07-25T09:27:38.221+0000] {logging_mixin.py:190} INFO - [2026-07-25T09:27:38.221+0000] {dag.py:3239} INFO - Sync 1 DAGs
[2026-07-25T09:27:38.230+0000] {logging_mixin.py:190} INFO - [2026-07-25T09:27:38.230+0000] {dag.py:4180} INFO - Setting next_dagrun for example_params_ui_tutorial to None, run_after=None
[2026-07-25T09:27:38.257+0000] {processor.py:208} INFO - Processing /home/airflow/.local/lib/python3.12/site-packages/airflow/example_dags/example_params_ui_tutorial.py took 0.075 seconds
[2026-07-25T09:28:08.609+0000] {processor.py:186} INFO - Started process (PID=240) to work on /home/airflow/.local/lib/python3.12/site-packages/airflow/example_dags/example_params_ui_tutorial.py
[2026-07-25T09:28:08.610+0000] {processor.py:914} INFO - Processing file /home/airflow/.local/lib/python3.12/site-packages/airflow/example_dags/example_params_ui_tutorial.py for tasks to queue
[2026-07-25T09:28:08.612+0000] {logging_mixin.py:190} INFO - [2026-07-25T09:28:08.612+0000] {dagbag.py:588} INFO - Filling up the DagBag from /home/airflow/.local/lib/python3.12/site-packages/airflow/example_dags/example_params_ui_tutorial.py
[2026-07-25T09:28:08.618+0000] {processor.py:925} INFO - DAG(s) 'example_params_ui_tutorial' retrieved from /home/airflow/.local/lib/python3.12/site-packages/airflow/example_dags/example_params_ui_tutorial.py
[2026-07-25T09:28:08.644+0000] {logging_mixin.py:190} INFO - [2026-07-25T09:28:08.643+0000] {dag.py:3239} INFO - Sync 1 DAGs
[2026-07-25T09:28:08.652+0000] {logging_mixin.py:190} INFO - [2026-07-25T09:28:08.652+0000] {dag.py:4180} INFO - Setting next_dagrun for example_params_ui_tutorial to None, run_after=None
[2026-07-25T09:28:08.666+0000] {processor.py:208} INFO - Processing /home/airflow/.local/lib/python3.12/site-packages/airflow/example_dags/example_params_ui_tutorial.py took 0.063 seconds
[2026-07-25T09:28:40.204+0000] {processor.py:186} INFO - Started process (PID=302) to work on /home/airflow/.local/lib/python3.12/site-packages/airflow/example_dags/example_params_ui_tutorial.py
[2026-07-25T09:28:40.205+0000] {processor.py:914} INFO - Processing file /home/airflow/.local/lib/python3.12/site-packages/airflow/example_dags/example_params_ui_tutorial.py for tasks to queue
[2026-07-25T09:28:40.207+0000] {logging_mixin.py:190} INFO - [2026-07-25T09:28:40.207+0000] {dagbag.py:588} INFO - Filling up the DagBag from /home/airflow/.local/lib/python3.12/site-packages/airflow/example_dags/example_params_ui_tutorial.py
[2026-07-25T09:28:40.215+0000] {processor.py:925} INFO - DAG(s) 'example_params_ui_tutorial' retrieved from /home/airflow/.local/lib/python3.12/site-packages/airflow/example_dags/example_params_ui_tutorial.py
[2026-07-25T09:28:40.243+0000] {logging_mixin.py:190} INFO - [2026-07-25T09:28:40.243+0000] {dag.py:3239} INFO - Sync 1 DAGs
[2026-07-25T09:28:40.254+0000] {logging_mixin.py:190} INFO - [2026-07-25T09:28:40.254+0000] {dag.py:4180} INFO - Setting next_dagrun for example_params_ui_tutorial to None, run_after=None
[2026-07-25T09:28:40.266+0000] {processor.py:208} INFO - Processing /home/airflow/.local/lib/python3.12/site-packages/airflow/example_dags/example_params_ui_tutorial.py took 0.067 seconds
[2026-07-25T09:29:14.730+0000] {processor.py:186} INFO - Started process (PID=365) to work on /home/airflow/.local/lib/python3.12/site-packages/airflow/example_dags/example_params_ui_tutorial.py
[2026-07-25T09:29:14.730+0000] {processor.py:914} INFO - Processing file /home/airflow/.local/lib/python3.12/site-packages/airflow/example_dags/example_params_ui_tutorial.py for tasks to queue
[2026-07-25T09:29:14.733+0000] {logging_mixin.py:190} INFO - [2026-07-25T09:29:14.732+0000] {dagbag.py:588} INFO - Filling up the DagBag from /home/airflow/.local/lib/python3.12/site-packages/airflow/example_dags/example_params_ui_tutorial.py
[2026-07-25T09:29:14.739+0000] {processor.py:925} INFO - DAG(s) 'example_params_ui_tutorial' retrieved from /home/airflow/.local/lib/python3.12/site-packages/airflow/example_dags/example_params_ui_tutorial.py
[2026-07-25T09:29:14.765+0000] {logging_mixin.py:190} INFO - [2026-07-25T09:29:14.765+0000] {dag.py:3239} INFO - Sync 1 DAGs
[2026-07-25T09:29:14.774+0000] {logging_mixin.py:190} INFO - [2026-07-25T09:29:14.774+0000] {dag.py:4180} INFO - Setting next_dagrun for example_params_ui_tutorial to None, run_after=None
[2026-07-25T09:29:14.786+0000] {processor.py:208} INFO - Processing /home/airflow/.local/lib/python3.12/site-packages/airflow/example_dags/example_params_ui_tutorial.py took 0.060 seconds
[2026-07-25T09:29:45.191+0000] {processor.py:186} INFO - Started process (PID=427) to work on /home/airflow/.local/lib/python3.12/site-packages/airflow/example_dags/example_params_ui_tutorial.py
[2026-07-25T09:29:45.191+0000] {processor.py:914} INFO - Processing file /home/airflow/.local/lib/python3.12/site-packages/airflow/example_dags/example_params_ui_tutorial.py for tasks to queue
[2026-07-25T09:29:45.194+0000] {logging_mixin.py:190} INFO - [2026-07-25T09:29:45.194+0000] {dagbag.py:588} INFO - Filling up the DagBag from /home/airflow/.local/lib/python3.12/site-packages/airflow/example_dags/example_params_ui_tutorial.py
[2026-07-25T09:29:45.201+0000] {processor.py:925} INFO - DAG(s) 'example_params_ui_tutorial' retrieved from /home/airflow/.local/lib/python3.12/site-packages/airflow/example_dags/example_params_ui_tutorial.py
[2026-07-25T09:29:45.226+0000] {logging_mixin.py:190} INFO - [2026-07-25T09:29:45.226+0000] {dag.py:3239} INFO - Sync 1 DAGs
[2026-07-25T09:29:45.235+0000] {logging_mixin.py:190} INFO - [2026-07-25T09:29:45.235+0000] {dag.py:4180} INFO - Setting next_dagrun for example_params_ui_tutorial to None, run_after=None
[2026-07-25T09:29:45.255+0000] {processor.py:208} INFO - Processing /home/airflow/.local/lib/python3.12/site-packages/airflow/example_dags/example_params_ui_tutorial.py took 0.068 seconds
[2026-07-25T09:30:15.791+0000] {processor.py:186} INFO - Started process (PID=489) to work on /home/airflow/.local/lib/python3.12/site-packages/airflow/example_dags/example_params_ui_tutorial.py
[2026-07-25T09:30:15.792+0000] {processor.py:914} INFO - Processing file /home/airflow/.local/lib/python3.12/site-packages/airflow/example_dags/example_params_ui_tutorial.py for tasks to queue
[2026-07-25T09:30:15.794+0000] {logging_mixin.py:190} INFO - [2026-07-25T09:30:15.793+0000] {dagbag.py:588} INFO - Filling up the DagBag from /home/airflow/.local/lib/python3.12/site-packages/airflow/example_dags/example_params_ui_tutorial.py
[2026-07-25T09:30:15.801+0000] {processor.py:925} INFO - DAG(s) 'example_params_ui_tutorial' retrieved from /home/airflow/.local/lib/python3.12/site-packages/airflow/example_dags/example_params_ui_tutorial.py
[2026-07-25T09:30:15.828+0000] {logging_mixin.py:190} INFO - [2026-07-25T09:30:15.828+0000] {dag.py:3239} INFO - Sync 1 DAGs
[2026-07-25T09:30:15.837+0000] {logging_mixin.py:190} INFO - [2026-07-25T09:30:15.837+0000] {dag.py:4180} INFO - Setting next_dagrun for example_params_ui_tutorial to None, run_after=None
[2026-07-25T09:30:15.848+0000] {processor.py:208} INFO - Processing /home/airflow/.local/lib/python3.12/site-packages/airflow/example_dags/example_params_ui_tutorial.py took 0.062 seconds
[2026-07-25T09:30:46.059+0000] {processor.py:186} INFO - Started process (PID=551) to work on /home/airflow/.local/lib/python3.12/site-packages/airflow/example_dags/example_params_ui_tutorial.py
[2026-07-25T09:30:46.060+0000] {processor.py:914} INFO - Processing file /home/airflow/.local/lib/python3.12/site-packages/airflow/example_dags/example_params_ui_tutorial.py for tasks to queue
[2026-07-25T09:30:46.062+0000] {logging_mixin.py:190} INFO - [2026-07-25T09:30:46.062+0000] {dagbag.py:588} INFO - Filling up the DagBag from /home/airflow/.local/lib/python3.12/site-packages/airflow/example_dags/example_params_ui_tutorial.py
[2026-07-25T09:30:46.068+0000] {processor.py:925} INFO - DAG(s) 'example_params_ui_tutorial' retrieved from /home/airflow/.local/lib/python3.12/site-packages/airflow/example_dags/example_params_ui_tutorial.py
[2026-07-25T09:30:46.091+0000] {logging_mixin.py:190} INFO - [2026-07-25T09:30:46.091+0000] {dag.py:3239} INFO - Sync 1 DAGs
[2026-07-25T09:30:46.099+0000] {logging_mixin.py:190} INFO - [2026-07-25T09:30:46.099+0000] {dag.py:4180} INFO - Setting next_dagrun for example_params_ui_tutorial to None, run_after=None
[2026-07-25T09:30:46.109+0000] {processor.py:208} INFO - Processing /home/airflow/.local/lib/python3.12/site-packages/airflow/example_dags/example_params_ui_tutorial.py took 0.053 seconds
