[2026-07-25T09:06:14.295+0000] {processor.py:186} INFO - Started process (PID=83) to work on /home/airflow/.local/lib/python3.12/site-packages/airflow/example_dags/example_python_operator.py
[2026-07-25T09:06:14.297+0000] {processor.py:914} INFO - Processing file /home/airflow/.local/lib/python3.12/site-packages/airflow/example_dags/example_python_operator.py for tasks to queue
[2026-07-25T09:06:14.299+0000] {logging_mixin.py:190} INFO - [2026-07-25T09:06:14.299+0000] {dagbag.py:588} INFO - Filling up the DagBag from /home/airflow/.local/lib/python3.12/site-packages/airflow/example_dags/example_python_operator.py
[2026-07-25T09:06:14.311+0000] {processor.py:925} INFO - DAG(s) 'example_python_operator' retrieved from /home/airflow/.local/lib/python3.12/site-packages/airflow/example_dags/example_python_operator.py
[2026-07-25T09:06:14.390+0000] {logging_mixin.py:190} INFO - [2026-07-25T09:06:14.390+0000] {override.py:1932} INFO - Created Permission View: can edit on DAG:example_python_operator
[2026-07-25T09:06:14.397+0000] {logging_mixin.py:190} INFO - [2026-07-25T09:06:14.397+0000] {override.py:1932} INFO - Created Permission View: can read on DAG:example_python_operator
[2026-07-25T09:06:14.402+0000] {logging_mixin.py:190} INFO - [2026-07-25T09:06:14.402+0000] {override.py:1932} INFO - Created Permission View: can delete on DAG:example_python_operator
[2026-07-25T09:06:14.408+0000] {logging_mixin.py:190} INFO - [2026-07-25T09:06:14.408+0000] {override.py:1932} INFO - Created Permission View: can create on DAG Run:example_python_operator
[2026-07-25T09:06:14.413+0000] {logging_mixin.py:190} INFO - [2026-07-25T09:06:14.413+0000] {override.py:1932} INFO - Created Permission View: can read on DAG Run:example_python_operator
[2026-07-25T09:06:14.419+0000] {logging_mixin.py:190} INFO - [2026-07-25T09:06:14.419+0000] {override.py:1932} INFO - Created Permission View: can delete on DAG Run:example_python_operator
[2026-07-25T09:06:14.424+0000] {logging_mixin.py:190} INFO - [2026-07-25T09:06:14.424+0000] {override.py:1932} INFO - Created Permission View: menu access on DAG Run:example_python_operator
[2026-07-25T09:06:14.425+0000] {logging_mixin.py:190} INFO - [2026-07-25T09:06:14.425+0000] {dag.py:3239} INFO - Sync 1 DAGs
[2026-07-25T09:06:14.434+0000] {logging_mixin.py:190} INFO - [2026-07-25T09:06:14.434+0000] {dag.py:3262} INFO - Creating ORM DAG for example_python_operator
[2026-07-25T09:06:14.435+0000] {logging_mixin.py:190} INFO - [2026-07-25T09:06:14.435+0000] {dag.py:4180} INFO - Setting next_dagrun for example_python_operator to None, run_after=None
[2026-07-25T09:06:14.446+0000] {processor.py:208} INFO - Processing /home/airflow/.local/lib/python3.12/site-packages/airflow/example_dags/example_python_operator.py took 0.155 seconds
[2026-07-25T09:06:44.881+0000] {processor.py:186} INFO - Started process (PID=145) to work on /home/airflow/.local/lib/python3.12/site-packages/airflow/example_dags/example_python_operator.py
[2026-07-25T09:06:44.882+0000] {processor.py:914} INFO - Processing file /home/airflow/.local/lib/python3.12/site-packages/airflow/example_dags/example_python_operator.py for tasks to queue
[2026-07-25T09:06:44.883+0000] {logging_mixin.py:190} INFO - [2026-07-25T09:06:44.883+0000] {dagbag.py:588} INFO - Filling up the DagBag from /home/airflow/.local/lib/python3.12/site-packages/airflow/example_dags/example_python_operator.py
[2026-07-25T09:06:44.891+0000] {processor.py:925} INFO - DAG(s) 'example_python_operator' retrieved from /home/airflow/.local/lib/python3.12/site-packages/airflow/example_dags/example_python_operator.py
[2026-07-25T09:06:44.905+0000] {logging_mixin.py:190} INFO - [2026-07-25T09:06:44.905+0000] {dag.py:3239} INFO - Sync 1 DAGs
[2026-07-25T09:06:44.913+0000] {logging_mixin.py:190} INFO - [2026-07-25T09:06:44.913+0000] {dag.py:4180} INFO - Setting next_dagrun for example_python_operator to None, run_after=None
[2026-07-25T09:06:44.925+0000] {processor.py:208} INFO - Processing /home/airflow/.local/lib/python3.12/site-packages/airflow/example_dags/example_python_operator.py took 0.048 seconds
[2026-07-25T09:07:14.959+0000] {processor.py:186} INFO - Started process (PID=208) to work on /home/airflow/.local/lib/python3.12/site-packages/airflow/example_dags/example_python_operator.py
[2026-07-25T09:07:14.960+0000] {processor.py:914} INFO - Processing file /home/airflow/.local/lib/python3.12/site-packages/airflow/example_dags/example_python_operator.py for tasks to queue
[2026-07-25T09:07:14.961+0000] {logging_mixin.py:190} INFO - [2026-07-25T09:07:14.961+0000] {dagbag.py:588} INFO - Filling up the DagBag from /home/airflow/.local/lib/python3.12/site-packages/airflow/example_dags/example_python_operator.py
[2026-07-25T09:07:14.969+0000] {processor.py:925} INFO - DAG(s) 'example_python_operator' retrieved from /home/airflow/.local/lib/python3.12/site-packages/airflow/example_dags/example_python_operator.py
[2026-07-25T09:07:14.982+0000] {logging_mixin.py:190} INFO - [2026-07-25T09:07:14.982+0000] {dag.py:3239} INFO - Sync 1 DAGs
[2026-07-25T09:07:14.991+0000] {logging_mixin.py:190} INFO - [2026-07-25T09:07:14.990+0000] {dag.py:4180} INFO - Setting next_dagrun for example_python_operator to None, run_after=None
[2026-07-25T09:07:15.002+0000] {processor.py:208} INFO - Processing /home/airflow/.local/lib/python3.12/site-packages/airflow/example_dags/example_python_operator.py took 0.046 seconds
[2026-07-25T09:07:45.392+0000] {processor.py:186} INFO - Started process (PID=277) to work on /home/airflow/.local/lib/python3.12/site-packages/airflow/example_dags/example_python_operator.py
[2026-07-25T09:07:45.393+0000] {processor.py:914} INFO - Processing file /home/airflow/.local/lib/python3.12/site-packages/airflow/example_dags/example_python_operator.py for tasks to queue
[2026-07-25T09:07:45.395+0000] {logging_mixin.py:190} INFO - [2026-07-25T09:07:45.395+0000] {dagbag.py:588} INFO - Filling up the DagBag from /home/airflow/.local/lib/python3.12/site-packages/airflow/example_dags/example_python_operator.py
[2026-07-25T09:07:45.403+0000] {processor.py:925} INFO - DAG(s) 'example_python_operator' retrieved from /home/airflow/.local/lib/python3.12/site-packages/airflow/example_dags/example_python_operator.py
[2026-07-25T09:07:45.417+0000] {logging_mixin.py:190} INFO - [2026-07-25T09:07:45.416+0000] {dag.py:3239} INFO - Sync 1 DAGs
[2026-07-25T09:07:45.425+0000] {logging_mixin.py:190} INFO - [2026-07-25T09:07:45.425+0000] {dag.py:4180} INFO - Setting next_dagrun for example_python_operator to None, run_after=None
[2026-07-25T09:07:45.438+0000] {processor.py:208} INFO - Processing /home/airflow/.local/lib/python3.12/site-packages/airflow/example_dags/example_python_operator.py took 0.049 seconds
[2026-07-25T09:08:15.755+0000] {processor.py:186} INFO - Started process (PID=340) to work on /home/airflow/.local/lib/python3.12/site-packages/airflow/example_dags/example_python_operator.py
[2026-07-25T09:08:15.756+0000] {processor.py:914} INFO - Processing file /home/airflow/.local/lib/python3.12/site-packages/airflow/example_dags/example_python_operator.py for tasks to queue
[2026-07-25T09:08:15.757+0000] {logging_mixin.py:190} INFO - [2026-07-25T09:08:15.757+0000] {dagbag.py:588} INFO - Filling up the DagBag from /home/airflow/.local/lib/python3.12/site-packages/airflow/example_dags/example_python_operator.py
[2026-07-25T09:08:15.765+0000] {processor.py:925} INFO - DAG(s) 'example_python_operator' retrieved from /home/airflow/.local/lib/python3.12/site-packages/airflow/example_dags/example_python_operator.py
[2026-07-25T09:08:15.779+0000] {logging_mixin.py:190} INFO - [2026-07-25T09:08:15.778+0000] {dag.py:3239} INFO - Sync 1 DAGs
[2026-07-25T09:08:15.787+0000] {logging_mixin.py:190} INFO - [2026-07-25T09:08:15.787+0000] {dag.py:4180} INFO - Setting next_dagrun for example_python_operator to None, run_after=None
[2026-07-25T09:08:15.797+0000] {processor.py:208} INFO - Processing /home/airflow/.local/lib/python3.12/site-packages/airflow/example_dags/example_python_operator.py took 0.046 seconds
[2026-07-25T09:08:46.697+0000] {processor.py:186} INFO - Started process (PID=403) to work on /home/airflow/.local/lib/python3.12/site-packages/airflow/example_dags/example_python_operator.py
[2026-07-25T09:08:46.697+0000] {processor.py:914} INFO - Processing file /home/airflow/.local/lib/python3.12/site-packages/airflow/example_dags/example_python_operator.py for tasks to queue
[2026-07-25T09:08:46.699+0000] {logging_mixin.py:190} INFO - [2026-07-25T09:08:46.699+0000] {dagbag.py:588} INFO - Filling up the DagBag from /home/airflow/.local/lib/python3.12/site-packages/airflow/example_dags/example_python_operator.py
[2026-07-25T09:08:46.707+0000] {processor.py:925} INFO - DAG(s) 'example_python_operator' retrieved from /home/airflow/.local/lib/python3.12/site-packages/airflow/example_dags/example_python_operator.py
[2026-07-25T09:08:46.720+0000] {logging_mixin.py:190} INFO - [2026-07-25T09:08:46.719+0000] {dag.py:3239} INFO - Sync 1 DAGs
[2026-07-25T09:08:46.728+0000] {logging_mixin.py:190} INFO - [2026-07-25T09:08:46.728+0000] {dag.py:4180} INFO - Setting next_dagrun for example_python_operator to None, run_after=None
[2026-07-25T09:08:46.739+0000] {processor.py:208} INFO - Processing /home/airflow/.local/lib/python3.12/site-packages/airflow/example_dags/example_python_operator.py took 0.045 seconds
[2026-07-25T09:09:20.641+0000] {processor.py:186} INFO - Started process (PID=466) to work on /home/airflow/.local/lib/python3.12/site-packages/airflow/example_dags/example_python_operator.py
[2026-07-25T09:09:20.642+0000] {processor.py:914} INFO - Processing file /home/airflow/.local/lib/python3.12/site-packages/airflow/example_dags/example_python_operator.py for tasks to queue
[2026-07-25T09:09:20.644+0000] {logging_mixin.py:190} INFO - [2026-07-25T09:09:20.644+0000] {dagbag.py:588} INFO - Filling up the DagBag from /home/airflow/.local/lib/python3.12/site-packages/airflow/example_dags/example_python_operator.py
[2026-07-25T09:09:20.652+0000] {processor.py:925} INFO - DAG(s) 'example_python_operator' retrieved from /home/airflow/.local/lib/python3.12/site-packages/airflow/example_dags/example_python_operator.py
[2026-07-25T09:09:20.665+0000] {logging_mixin.py:190} INFO - [2026-07-25T09:09:20.664+0000] {dag.py:3239} INFO - Sync 1 DAGs
[2026-07-25T09:09:20.674+0000] {logging_mixin.py:190} INFO - [2026-07-25T09:09:20.674+0000] {dag.py:4180} INFO - Setting next_dagrun for example_python_operator to None, run_after=None
[2026-07-25T09:09:20.685+0000] {processor.py:208} INFO - Processing /home/airflow/.local/lib/python3.12/site-packages/airflow/example_dags/example_python_operator.py took 0.047 seconds
[2026-07-25T09:09:54.796+0000] {processor.py:186} INFO - Started process (PID=529) to work on /home/airflow/.local/lib/python3.12/site-packages/airflow/example_dags/example_python_operator.py
[2026-07-25T09:09:54.797+0000] {processor.py:914} INFO - Processing file /home/airflow/.local/lib/python3.12/site-packages/airflow/example_dags/example_python_operator.py for tasks to queue
[2026-07-25T09:09:54.800+0000] {logging_mixin.py:190} INFO - [2026-07-25T09:09:54.800+0000] {dagbag.py:588} INFO - Filling up the DagBag from /home/airflow/.local/lib/python3.12/site-packages/airflow/example_dags/example_python_operator.py
[2026-07-25T09:09:54.812+0000] {processor.py:925} INFO - DAG(s) 'example_python_operator' retrieved from /home/airflow/.local/lib/python3.12/site-packages/airflow/example_dags/example_python_operator.py
[2026-07-25T09:09:54.833+0000] {logging_mixin.py:190} INFO - [2026-07-25T09:09:54.833+0000] {dag.py:3239} INFO - Sync 1 DAGs
[2026-07-25T09:09:54.848+0000] {logging_mixin.py:190} INFO - [2026-07-25T09:09:54.848+0000] {dag.py:4180} INFO - Setting next_dagrun for example_python_operator to None, run_after=None
[2026-07-25T09:09:54.863+0000] {processor.py:208} INFO - Processing /home/airflow/.local/lib/python3.12/site-packages/airflow/example_dags/example_python_operator.py took 0.073 seconds
[2026-07-25T09:10:25.947+0000] {processor.py:186} INFO - Started process (PID=591) to work on /home/airflow/.local/lib/python3.12/site-packages/airflow/example_dags/example_python_operator.py
[2026-07-25T09:10:25.948+0000] {processor.py:914} INFO - Processing file /home/airflow/.local/lib/python3.12/site-packages/airflow/example_dags/example_python_operator.py for tasks to queue
[2026-07-25T09:10:25.950+0000] {logging_mixin.py:190} INFO - [2026-07-25T09:10:25.950+0000] {dagbag.py:588} INFO - Filling up the DagBag from /home/airflow/.local/lib/python3.12/site-packages/airflow/example_dags/example_python_operator.py
[2026-07-25T09:10:25.959+0000] {processor.py:925} INFO - DAG(s) 'example_python_operator' retrieved from /home/airflow/.local/lib/python3.12/site-packages/airflow/example_dags/example_python_operator.py
[2026-07-25T09:10:25.977+0000] {logging_mixin.py:190} INFO - [2026-07-25T09:10:25.977+0000] {dag.py:3239} INFO - Sync 1 DAGs
[2026-07-25T09:10:25.988+0000] {logging_mixin.py:190} INFO - [2026-07-25T09:10:25.988+0000] {dag.py:4180} INFO - Setting next_dagrun for example_python_operator to None, run_after=None
[2026-07-25T09:10:26.006+0000] {processor.py:208} INFO - Processing /home/airflow/.local/lib/python3.12/site-packages/airflow/example_dags/example_python_operator.py took 0.063 seconds
[2026-07-25T09:10:56.197+0000] {processor.py:186} INFO - Started process (PID=653) to work on /home/airflow/.local/lib/python3.12/site-packages/airflow/example_dags/example_python_operator.py
[2026-07-25T09:10:56.198+0000] {processor.py:914} INFO - Processing file /home/airflow/.local/lib/python3.12/site-packages/airflow/example_dags/example_python_operator.py for tasks to queue
[2026-07-25T09:10:56.200+0000] {logging_mixin.py:190} INFO - [2026-07-25T09:10:56.200+0000] {dagbag.py:588} INFO - Filling up the DagBag from /home/airflow/.local/lib/python3.12/site-packages/airflow/example_dags/example_python_operator.py
[2026-07-25T09:10:56.208+0000] {processor.py:925} INFO - DAG(s) 'example_python_operator' retrieved from /home/airflow/.local/lib/python3.12/site-packages/airflow/example_dags/example_python_operator.py
[2026-07-25T09:10:56.223+0000] {logging_mixin.py:190} INFO - [2026-07-25T09:10:56.223+0000] {dag.py:3239} INFO - Sync 1 DAGs
[2026-07-25T09:10:56.232+0000] {logging_mixin.py:190} INFO - [2026-07-25T09:10:56.232+0000] {dag.py:4180} INFO - Setting next_dagrun for example_python_operator to None, run_after=None
[2026-07-25T09:10:56.243+0000] {processor.py:208} INFO - Processing /home/airflow/.local/lib/python3.12/site-packages/airflow/example_dags/example_python_operator.py took 0.049 seconds
[2026-07-25T09:11:29.799+0000] {processor.py:186} INFO - Started process (PID=716) to work on /home/airflow/.local/lib/python3.12/site-packages/airflow/example_dags/example_python_operator.py
[2026-07-25T09:11:29.799+0000] {processor.py:914} INFO - Processing file /home/airflow/.local/lib/python3.12/site-packages/airflow/example_dags/example_python_operator.py for tasks to queue
[2026-07-25T09:11:29.802+0000] {logging_mixin.py:190} INFO - [2026-07-25T09:11:29.801+0000] {dagbag.py:588} INFO - Filling up the DagBag from /home/airflow/.local/lib/python3.12/site-packages/airflow/example_dags/example_python_operator.py
[2026-07-25T09:11:29.810+0000] {processor.py:925} INFO - DAG(s) 'example_python_operator' retrieved from /home/airflow/.local/lib/python3.12/site-packages/airflow/example_dags/example_python_operator.py
[2026-07-25T09:11:29.825+0000] {logging_mixin.py:190} INFO - [2026-07-25T09:11:29.825+0000] {dag.py:3239} INFO - Sync 1 DAGs
[2026-07-25T09:11:29.833+0000] {logging_mixin.py:190} INFO - [2026-07-25T09:11:29.833+0000] {dag.py:4180} INFO - Setting next_dagrun for example_python_operator to None, run_after=None
[2026-07-25T09:11:29.847+0000] {processor.py:208} INFO - Processing /home/airflow/.local/lib/python3.12/site-packages/airflow/example_dags/example_python_operator.py took 0.052 seconds
[2026-07-25T09:12:00.519+0000] {processor.py:186} INFO - Started process (PID=777) to work on /home/airflow/.local/lib/python3.12/site-packages/airflow/example_dags/example_python_operator.py
[2026-07-25T09:12:00.520+0000] {processor.py:914} INFO - Processing file /home/airflow/.local/lib/python3.12/site-packages/airflow/example_dags/example_python_operator.py for tasks to queue
[2026-07-25T09:12:00.522+0000] {logging_mixin.py:190} INFO - [2026-07-25T09:12:00.522+0000] {dagbag.py:588} INFO - Filling up the DagBag from /home/airflow/.local/lib/python3.12/site-packages/airflow/example_dags/example_python_operator.py
[2026-07-25T09:12:00.529+0000] {processor.py:925} INFO - DAG(s) 'example_python_operator' retrieved from /home/airflow/.local/lib/python3.12/site-packages/airflow/example_dags/example_python_operator.py
[2026-07-25T09:12:00.543+0000] {logging_mixin.py:190} INFO - [2026-07-25T09:12:00.543+0000] {dag.py:3239} INFO - Sync 1 DAGs
[2026-07-25T09:12:00.551+0000] {logging_mixin.py:190} INFO - [2026-07-25T09:12:00.551+0000] {dag.py:4180} INFO - Setting next_dagrun for example_python_operator to None, run_after=None
[2026-07-25T09:12:00.562+0000] {processor.py:208} INFO - Processing /home/airflow/.local/lib/python3.12/site-packages/airflow/example_dags/example_python_operator.py took 0.047 seconds
[2026-07-25T09:12:31.086+0000] {processor.py:186} INFO - Started process (PID=840) to work on /home/airflow/.local/lib/python3.12/site-packages/airflow/example_dags/example_python_operator.py
[2026-07-25T09:12:31.087+0000] {processor.py:914} INFO - Processing file /home/airflow/.local/lib/python3.12/site-packages/airflow/example_dags/example_python_operator.py for tasks to queue
[2026-07-25T09:12:31.089+0000] {logging_mixin.py:190} INFO - [2026-07-25T09:12:31.089+0000] {dagbag.py:588} INFO - Filling up the DagBag from /home/airflow/.local/lib/python3.12/site-packages/airflow/example_dags/example_python_operator.py
[2026-07-25T09:12:31.099+0000] {processor.py:925} INFO - DAG(s) 'example_python_operator' retrieved from /home/airflow/.local/lib/python3.12/site-packages/airflow/example_dags/example_python_operator.py
[2026-07-25T09:12:31.116+0000] {logging_mixin.py:190} INFO - [2026-07-25T09:12:31.115+0000] {dag.py:3239} INFO - Sync 1 DAGs
[2026-07-25T09:12:31.125+0000] {logging_mixin.py:190} INFO - [2026-07-25T09:12:31.125+0000] {dag.py:4180} INFO - Setting next_dagrun for example_python_operator to None, run_after=None
[2026-07-25T09:12:31.138+0000] {processor.py:208} INFO - Processing /home/airflow/.local/lib/python3.12/site-packages/airflow/example_dags/example_python_operator.py took 0.055 seconds
[2026-07-25T09:13:01.482+0000] {processor.py:186} INFO - Started process (PID=903) to work on /home/airflow/.local/lib/python3.12/site-packages/airflow/example_dags/example_python_operator.py
[2026-07-25T09:13:01.483+0000] {processor.py:914} INFO - Processing file /home/airflow/.local/lib/python3.12/site-packages/airflow/example_dags/example_python_operator.py for tasks to queue
[2026-07-25T09:13:01.485+0000] {logging_mixin.py:190} INFO - [2026-07-25T09:13:01.484+0000] {dagbag.py:588} INFO - Filling up the DagBag from /home/airflow/.local/lib/python3.12/site-packages/airflow/example_dags/example_python_operator.py
[2026-07-25T09:13:01.494+0000] {processor.py:925} INFO - DAG(s) 'example_python_operator' retrieved from /home/airflow/.local/lib/python3.12/site-packages/airflow/example_dags/example_python_operator.py
[2026-07-25T09:13:01.511+0000] {logging_mixin.py:190} INFO - [2026-07-25T09:13:01.511+0000] {dag.py:3239} INFO - Sync 1 DAGs
[2026-07-25T09:13:01.520+0000] {logging_mixin.py:190} INFO - [2026-07-25T09:13:01.520+0000] {dag.py:4180} INFO - Setting next_dagrun for example_python_operator to None, run_after=None
[2026-07-25T09:13:01.531+0000] {processor.py:208} INFO - Processing /home/airflow/.local/lib/python3.12/site-packages/airflow/example_dags/example_python_operator.py took 0.053 seconds
[2026-07-25T09:13:32.043+0000] {processor.py:186} INFO - Started process (PID=965) to work on /home/airflow/.local/lib/python3.12/site-packages/airflow/example_dags/example_python_operator.py
[2026-07-25T09:13:32.044+0000] {processor.py:914} INFO - Processing file /home/airflow/.local/lib/python3.12/site-packages/airflow/example_dags/example_python_operator.py for tasks to queue
[2026-07-25T09:13:32.046+0000] {logging_mixin.py:190} INFO - [2026-07-25T09:13:32.046+0000] {dagbag.py:588} INFO - Filling up the DagBag from /home/airflow/.local/lib/python3.12/site-packages/airflow/example_dags/example_python_operator.py
[2026-07-25T09:13:32.054+0000] {processor.py:925} INFO - DAG(s) 'example_python_operator' retrieved from /home/airflow/.local/lib/python3.12/site-packages/airflow/example_dags/example_python_operator.py
[2026-07-25T09:13:32.068+0000] {logging_mixin.py:190} INFO - [2026-07-25T09:13:32.068+0000] {dag.py:3239} INFO - Sync 1 DAGs
[2026-07-25T09:13:32.076+0000] {logging_mixin.py:190} INFO - [2026-07-25T09:13:32.076+0000] {dag.py:4180} INFO - Setting next_dagrun for example_python_operator to None, run_after=None
[2026-07-25T09:13:32.087+0000] {processor.py:208} INFO - Processing /home/airflow/.local/lib/python3.12/site-packages/airflow/example_dags/example_python_operator.py took 0.047 seconds
[2026-07-25T09:14:02.661+0000] {processor.py:186} INFO - Started process (PID=1028) to work on /home/airflow/.local/lib/python3.12/site-packages/airflow/example_dags/example_python_operator.py
[2026-07-25T09:14:02.662+0000] {processor.py:914} INFO - Processing file /home/airflow/.local/lib/python3.12/site-packages/airflow/example_dags/example_python_operator.py for tasks to queue
[2026-07-25T09:14:02.663+0000] {logging_mixin.py:190} INFO - [2026-07-25T09:14:02.663+0000] {dagbag.py:588} INFO - Filling up the DagBag from /home/airflow/.local/lib/python3.12/site-packages/airflow/example_dags/example_python_operator.py
[2026-07-25T09:14:02.671+0000] {processor.py:925} INFO - DAG(s) 'example_python_operator' retrieved from /home/airflow/.local/lib/python3.12/site-packages/airflow/example_dags/example_python_operator.py
[2026-07-25T09:14:02.684+0000] {logging_mixin.py:190} INFO - [2026-07-25T09:14:02.684+0000] {dag.py:3239} INFO - Sync 1 DAGs
[2026-07-25T09:14:02.692+0000] {logging_mixin.py:190} INFO - [2026-07-25T09:14:02.692+0000] {dag.py:4180} INFO - Setting next_dagrun for example_python_operator to None, run_after=None
[2026-07-25T09:14:02.707+0000] {processor.py:208} INFO - Processing /home/airflow/.local/lib/python3.12/site-packages/airflow/example_dags/example_python_operator.py took 0.049 seconds
[2026-07-25T09:14:34.723+0000] {processor.py:186} INFO - Started process (PID=1091) to work on /home/airflow/.local/lib/python3.12/site-packages/airflow/example_dags/example_python_operator.py
[2026-07-25T09:14:34.724+0000] {processor.py:914} INFO - Processing file /home/airflow/.local/lib/python3.12/site-packages/airflow/example_dags/example_python_operator.py for tasks to queue
[2026-07-25T09:14:34.726+0000] {logging_mixin.py:190} INFO - [2026-07-25T09:14:34.725+0000] {dagbag.py:588} INFO - Filling up the DagBag from /home/airflow/.local/lib/python3.12/site-packages/airflow/example_dags/example_python_operator.py
[2026-07-25T09:14:34.733+0000] {processor.py:925} INFO - DAG(s) 'example_python_operator' retrieved from /home/airflow/.local/lib/python3.12/site-packages/airflow/example_dags/example_python_operator.py
[2026-07-25T09:14:34.747+0000] {logging_mixin.py:190} INFO - [2026-07-25T09:14:34.747+0000] {dag.py:3239} INFO - Sync 1 DAGs
[2026-07-25T09:14:34.757+0000] {logging_mixin.py:190} INFO - [2026-07-25T09:14:34.756+0000] {dag.py:4180} INFO - Setting next_dagrun for example_python_operator to None, run_after=None
[2026-07-25T09:14:34.768+0000] {processor.py:208} INFO - Processing /home/airflow/.local/lib/python3.12/site-packages/airflow/example_dags/example_python_operator.py took 0.049 seconds
[2026-07-25T09:15:34.053+0000] {processor.py:186} INFO - Started process (PID=83) to work on /home/airflow/.local/lib/python3.12/site-packages/airflow/example_dags/example_python_operator.py
[2026-07-25T09:15:34.053+0000] {processor.py:914} INFO - Processing file /home/airflow/.local/lib/python3.12/site-packages/airflow/example_dags/example_python_operator.py for tasks to queue
[2026-07-25T09:15:34.056+0000] {logging_mixin.py:190} INFO - [2026-07-25T09:15:34.056+0000] {dagbag.py:588} INFO - Filling up the DagBag from /home/airflow/.local/lib/python3.12/site-packages/airflow/example_dags/example_python_operator.py
[2026-07-25T09:15:34.068+0000] {processor.py:925} INFO - DAG(s) 'example_python_operator' retrieved from /home/airflow/.local/lib/python3.12/site-packages/airflow/example_dags/example_python_operator.py
[2026-07-25T09:15:34.157+0000] {logging_mixin.py:190} INFO - [2026-07-25T09:15:34.156+0000] {dag.py:3239} INFO - Sync 1 DAGs
[2026-07-25T09:15:34.166+0000] {logging_mixin.py:190} INFO - [2026-07-25T09:15:34.166+0000] {dag.py:4180} INFO - Setting next_dagrun for example_python_operator to None, run_after=None
[2026-07-25T09:15:34.184+0000] {processor.py:208} INFO - Processing /home/airflow/.local/lib/python3.12/site-packages/airflow/example_dags/example_python_operator.py took 0.135 seconds
[2026-07-25T09:16:04.793+0000] {processor.py:186} INFO - Started process (PID=145) to work on /home/airflow/.local/lib/python3.12/site-packages/airflow/example_dags/example_python_operator.py
[2026-07-25T09:16:04.794+0000] {processor.py:914} INFO - Processing file /home/airflow/.local/lib/python3.12/site-packages/airflow/example_dags/example_python_operator.py for tasks to queue
[2026-07-25T09:16:04.796+0000] {logging_mixin.py:190} INFO - [2026-07-25T09:16:04.796+0000] {dagbag.py:588} INFO - Filling up the DagBag from /home/airflow/.local/lib/python3.12/site-packages/airflow/example_dags/example_python_operator.py
[2026-07-25T09:16:04.803+0000] {processor.py:925} INFO - DAG(s) 'example_python_operator' retrieved from /home/airflow/.local/lib/python3.12/site-packages/airflow/example_dags/example_python_operator.py
[2026-07-25T09:16:04.817+0000] {logging_mixin.py:190} INFO - [2026-07-25T09:16:04.817+0000] {dag.py:3239} INFO - Sync 1 DAGs
[2026-07-25T09:16:04.825+0000] {logging_mixin.py:190} INFO - [2026-07-25T09:16:04.825+0000] {dag.py:4180} INFO - Setting next_dagrun for example_python_operator to None, run_after=None
[2026-07-25T09:16:04.837+0000] {processor.py:208} INFO - Processing /home/airflow/.local/lib/python3.12/site-packages/airflow/example_dags/example_python_operator.py took 0.047 seconds
[2026-07-25T09:16:35.597+0000] {processor.py:186} INFO - Started process (PID=208) to work on /home/airflow/.local/lib/python3.12/site-packages/airflow/example_dags/example_python_operator.py
[2026-07-25T09:16:35.598+0000] {processor.py:914} INFO - Processing file /home/airflow/.local/lib/python3.12/site-packages/airflow/example_dags/example_python_operator.py for tasks to queue
[2026-07-25T09:16:35.600+0000] {logging_mixin.py:190} INFO - [2026-07-25T09:16:35.600+0000] {dagbag.py:588} INFO - Filling up the DagBag from /home/airflow/.local/lib/python3.12/site-packages/airflow/example_dags/example_python_operator.py
[2026-07-25T09:16:35.608+0000] {processor.py:925} INFO - DAG(s) 'example_python_operator' retrieved from /home/airflow/.local/lib/python3.12/site-packages/airflow/example_dags/example_python_operator.py
[2026-07-25T09:16:35.622+0000] {logging_mixin.py:190} INFO - [2026-07-25T09:16:35.622+0000] {dag.py:3239} INFO - Sync 1 DAGs
[2026-07-25T09:16:35.631+0000] {logging_mixin.py:190} INFO - [2026-07-25T09:16:35.631+0000] {dag.py:4180} INFO - Setting next_dagrun for example_python_operator to None, run_after=None
[2026-07-25T09:16:35.643+0000] {processor.py:208} INFO - Processing /home/airflow/.local/lib/python3.12/site-packages/airflow/example_dags/example_python_operator.py took 0.050 seconds
[2026-07-25T09:17:06.244+0000] {processor.py:186} INFO - Started process (PID=271) to work on /home/airflow/.local/lib/python3.12/site-packages/airflow/example_dags/example_python_operator.py
[2026-07-25T09:17:06.245+0000] {processor.py:914} INFO - Processing file /home/airflow/.local/lib/python3.12/site-packages/airflow/example_dags/example_python_operator.py for tasks to queue
[2026-07-25T09:17:06.247+0000] {logging_mixin.py:190} INFO - [2026-07-25T09:17:06.247+0000] {dagbag.py:588} INFO - Filling up the DagBag from /home/airflow/.local/lib/python3.12/site-packages/airflow/example_dags/example_python_operator.py
[2026-07-25T09:17:06.255+0000] {processor.py:925} INFO - DAG(s) 'example_python_operator' retrieved from /home/airflow/.local/lib/python3.12/site-packages/airflow/example_dags/example_python_operator.py
[2026-07-25T09:17:06.269+0000] {logging_mixin.py:190} INFO - [2026-07-25T09:17:06.269+0000] {dag.py:3239} INFO - Sync 1 DAGs
[2026-07-25T09:17:06.277+0000] {logging_mixin.py:190} INFO - [2026-07-25T09:17:06.277+0000] {dag.py:4180} INFO - Setting next_dagrun for example_python_operator to None, run_after=None
[2026-07-25T09:17:06.288+0000] {processor.py:208} INFO - Processing /home/airflow/.local/lib/python3.12/site-packages/airflow/example_dags/example_python_operator.py took 0.048 seconds
[2026-07-25T09:17:36.646+0000] {processor.py:186} INFO - Started process (PID=334) to work on /home/airflow/.local/lib/python3.12/site-packages/airflow/example_dags/example_python_operator.py
[2026-07-25T09:17:36.647+0000] {processor.py:914} INFO - Processing file /home/airflow/.local/lib/python3.12/site-packages/airflow/example_dags/example_python_operator.py for tasks to queue
[2026-07-25T09:17:36.649+0000] {logging_mixin.py:190} INFO - [2026-07-25T09:17:36.649+0000] {dagbag.py:588} INFO - Filling up the DagBag from /home/airflow/.local/lib/python3.12/site-packages/airflow/example_dags/example_python_operator.py
[2026-07-25T09:17:36.659+0000] {processor.py:925} INFO - DAG(s) 'example_python_operator' retrieved from /home/airflow/.local/lib/python3.12/site-packages/airflow/example_dags/example_python_operator.py
[2026-07-25T09:17:36.675+0000] {logging_mixin.py:190} INFO - [2026-07-25T09:17:36.675+0000] {dag.py:3239} INFO - Sync 1 DAGs
[2026-07-25T09:17:36.684+0000] {logging_mixin.py:190} INFO - [2026-07-25T09:17:36.684+0000] {dag.py:4180} INFO - Setting next_dagrun for example_python_operator to None, run_after=None
[2026-07-25T09:17:36.696+0000] {processor.py:208} INFO - Processing /home/airflow/.local/lib/python3.12/site-packages/airflow/example_dags/example_python_operator.py took 0.053 seconds
[2026-07-25T09:18:06.999+0000] {processor.py:186} INFO - Started process (PID=403) to work on /home/airflow/.local/lib/python3.12/site-packages/airflow/example_dags/example_python_operator.py
[2026-07-25T09:18:07.000+0000] {processor.py:914} INFO - Processing file /home/airflow/.local/lib/python3.12/site-packages/airflow/example_dags/example_python_operator.py for tasks to queue
[2026-07-25T09:18:07.002+0000] {logging_mixin.py:190} INFO - [2026-07-25T09:18:07.002+0000] {dagbag.py:588} INFO - Filling up the DagBag from /home/airflow/.local/lib/python3.12/site-packages/airflow/example_dags/example_python_operator.py
[2026-07-25T09:18:07.009+0000] {processor.py:925} INFO - DAG(s) 'example_python_operator' retrieved from /home/airflow/.local/lib/python3.12/site-packages/airflow/example_dags/example_python_operator.py
[2026-07-25T09:18:07.023+0000] {logging_mixin.py:190} INFO - [2026-07-25T09:18:07.023+0000] {dag.py:3239} INFO - Sync 1 DAGs
[2026-07-25T09:18:07.034+0000] {logging_mixin.py:190} INFO - [2026-07-25T09:18:07.033+0000] {dag.py:4180} INFO - Setting next_dagrun for example_python_operator to None, run_after=None
[2026-07-25T09:18:07.047+0000] {processor.py:208} INFO - Processing /home/airflow/.local/lib/python3.12/site-packages/airflow/example_dags/example_python_operator.py took 0.052 seconds
[2026-07-25T09:18:38.296+0000] {processor.py:186} INFO - Started process (PID=466) to work on /home/airflow/.local/lib/python3.12/site-packages/airflow/example_dags/example_python_operator.py
[2026-07-25T09:18:38.297+0000] {processor.py:914} INFO - Processing file /home/airflow/.local/lib/python3.12/site-packages/airflow/example_dags/example_python_operator.py for tasks to queue
[2026-07-25T09:18:38.300+0000] {logging_mixin.py:190} INFO - [2026-07-25T09:18:38.300+0000] {dagbag.py:588} INFO - Filling up the DagBag from /home/airflow/.local/lib/python3.12/site-packages/airflow/example_dags/example_python_operator.py
[2026-07-25T09:18:38.311+0000] {processor.py:925} INFO - DAG(s) 'example_python_operator' retrieved from /home/airflow/.local/lib/python3.12/site-packages/airflow/example_dags/example_python_operator.py
[2026-07-25T09:18:38.328+0000] {logging_mixin.py:190} INFO - [2026-07-25T09:18:38.328+0000] {dag.py:3239} INFO - Sync 1 DAGs
[2026-07-25T09:18:38.340+0000] {logging_mixin.py:190} INFO - [2026-07-25T09:18:38.339+0000] {dag.py:4180} INFO - Setting next_dagrun for example_python_operator to None, run_after=None
[2026-07-25T09:18:38.356+0000] {processor.py:208} INFO - Processing /home/airflow/.local/lib/python3.12/site-packages/airflow/example_dags/example_python_operator.py took 0.066 seconds
[2026-07-25T09:19:09.016+0000] {processor.py:186} INFO - Started process (PID=527) to work on /home/airflow/.local/lib/python3.12/site-packages/airflow/example_dags/example_python_operator.py
[2026-07-25T09:19:09.017+0000] {processor.py:914} INFO - Processing file /home/airflow/.local/lib/python3.12/site-packages/airflow/example_dags/example_python_operator.py for tasks to queue
[2026-07-25T09:19:09.019+0000] {logging_mixin.py:190} INFO - [2026-07-25T09:19:09.019+0000] {dagbag.py:588} INFO - Filling up the DagBag from /home/airflow/.local/lib/python3.12/site-packages/airflow/example_dags/example_python_operator.py
[2026-07-25T09:19:09.028+0000] {processor.py:925} INFO - DAG(s) 'example_python_operator' retrieved from /home/airflow/.local/lib/python3.12/site-packages/airflow/example_dags/example_python_operator.py
[2026-07-25T09:19:09.045+0000] {logging_mixin.py:190} INFO - [2026-07-25T09:19:09.045+0000] {dag.py:3239} INFO - Sync 1 DAGs
[2026-07-25T09:19:09.055+0000] {logging_mixin.py:190} INFO - [2026-07-25T09:19:09.054+0000] {dag.py:4180} INFO - Setting next_dagrun for example_python_operator to None, run_after=None
[2026-07-25T09:19:09.066+0000] {processor.py:208} INFO - Processing /home/airflow/.local/lib/python3.12/site-packages/airflow/example_dags/example_python_operator.py took 0.056 seconds
[2026-07-25T09:20:45.483+0000] {processor.py:186} INFO - Started process (PID=83) to work on /home/airflow/.local/lib/python3.12/site-packages/airflow/example_dags/example_python_operator.py
[2026-07-25T09:20:45.484+0000] {processor.py:914} INFO - Processing file /home/airflow/.local/lib/python3.12/site-packages/airflow/example_dags/example_python_operator.py for tasks to queue
[2026-07-25T09:20:45.487+0000] {logging_mixin.py:190} INFO - [2026-07-25T09:20:45.487+0000] {dagbag.py:588} INFO - Filling up the DagBag from /home/airflow/.local/lib/python3.12/site-packages/airflow/example_dags/example_python_operator.py
[2026-07-25T09:20:45.502+0000] {processor.py:925} INFO - DAG(s) 'example_python_operator' retrieved from /home/airflow/.local/lib/python3.12/site-packages/airflow/example_dags/example_python_operator.py
[2026-07-25T09:20:45.598+0000] {logging_mixin.py:190} INFO - [2026-07-25T09:20:45.597+0000] {dag.py:3239} INFO - Sync 1 DAGs
[2026-07-25T09:20:45.607+0000] {logging_mixin.py:190} INFO - [2026-07-25T09:20:45.607+0000] {dag.py:4180} INFO - Setting next_dagrun for example_python_operator to None, run_after=None
[2026-07-25T09:20:45.623+0000] {processor.py:208} INFO - Processing /home/airflow/.local/lib/python3.12/site-packages/airflow/example_dags/example_python_operator.py took 0.145 seconds
[2026-07-25T09:21:15.978+0000] {processor.py:186} INFO - Started process (PID=151) to work on /home/airflow/.local/lib/python3.12/site-packages/airflow/example_dags/example_python_operator.py
[2026-07-25T09:21:15.979+0000] {processor.py:914} INFO - Processing file /home/airflow/.local/lib/python3.12/site-packages/airflow/example_dags/example_python_operator.py for tasks to queue
[2026-07-25T09:21:15.982+0000] {logging_mixin.py:190} INFO - [2026-07-25T09:21:15.981+0000] {dagbag.py:588} INFO - Filling up the DagBag from /home/airflow/.local/lib/python3.12/site-packages/airflow/example_dags/example_python_operator.py
[2026-07-25T09:21:15.994+0000] {processor.py:925} INFO - DAG(s) 'example_python_operator' retrieved from /home/airflow/.local/lib/python3.12/site-packages/airflow/example_dags/example_python_operator.py
[2026-07-25T09:21:16.011+0000] {logging_mixin.py:190} INFO - [2026-07-25T09:21:16.011+0000] {dag.py:3239} INFO - Sync 1 DAGs
[2026-07-25T09:21:16.025+0000] {logging_mixin.py:190} INFO - [2026-07-25T09:21:16.025+0000] {dag.py:4180} INFO - Setting next_dagrun for example_python_operator to None, run_after=None
[2026-07-25T09:21:16.040+0000] {processor.py:208} INFO - Processing /home/airflow/.local/lib/python3.12/site-packages/airflow/example_dags/example_python_operator.py took 0.068 seconds
[2026-07-25T09:21:47.027+0000] {processor.py:186} INFO - Started process (PID=214) to work on /home/airflow/.local/lib/python3.12/site-packages/airflow/example_dags/example_python_operator.py
[2026-07-25T09:21:47.028+0000] {processor.py:914} INFO - Processing file /home/airflow/.local/lib/python3.12/site-packages/airflow/example_dags/example_python_operator.py for tasks to queue
[2026-07-25T09:21:47.030+0000] {logging_mixin.py:190} INFO - [2026-07-25T09:21:47.030+0000] {dagbag.py:588} INFO - Filling up the DagBag from /home/airflow/.local/lib/python3.12/site-packages/airflow/example_dags/example_python_operator.py
[2026-07-25T09:21:47.038+0000] {processor.py:925} INFO - DAG(s) 'example_python_operator' retrieved from /home/airflow/.local/lib/python3.12/site-packages/airflow/example_dags/example_python_operator.py
[2026-07-25T09:21:47.053+0000] {logging_mixin.py:190} INFO - [2026-07-25T09:21:47.053+0000] {dag.py:3239} INFO - Sync 1 DAGs
[2026-07-25T09:21:47.063+0000] {logging_mixin.py:190} INFO - [2026-07-25T09:21:47.063+0000] {dag.py:4180} INFO - Setting next_dagrun for example_python_operator to None, run_after=None
[2026-07-25T09:21:47.076+0000] {processor.py:208} INFO - Processing /home/airflow/.local/lib/python3.12/site-packages/airflow/example_dags/example_python_operator.py took 0.053 seconds
[2026-07-25T09:22:17.463+0000] {processor.py:186} INFO - Started process (PID=277) to work on /home/airflow/.local/lib/python3.12/site-packages/airflow/example_dags/example_python_operator.py
[2026-07-25T09:22:17.464+0000] {processor.py:914} INFO - Processing file /home/airflow/.local/lib/python3.12/site-packages/airflow/example_dags/example_python_operator.py for tasks to queue
[2026-07-25T09:22:17.466+0000] {logging_mixin.py:190} INFO - [2026-07-25T09:22:17.466+0000] {dagbag.py:588} INFO - Filling up the DagBag from /home/airflow/.local/lib/python3.12/site-packages/airflow/example_dags/example_python_operator.py
[2026-07-25T09:22:17.474+0000] {processor.py:925} INFO - DAG(s) 'example_python_operator' retrieved from /home/airflow/.local/lib/python3.12/site-packages/airflow/example_dags/example_python_operator.py
[2026-07-25T09:22:17.488+0000] {logging_mixin.py:190} INFO - [2026-07-25T09:22:17.488+0000] {dag.py:3239} INFO - Sync 1 DAGs
[2026-07-25T09:22:17.497+0000] {logging_mixin.py:190} INFO - [2026-07-25T09:22:17.497+0000] {dag.py:4180} INFO - Setting next_dagrun for example_python_operator to None, run_after=None
[2026-07-25T09:22:17.510+0000] {processor.py:208} INFO - Processing /home/airflow/.local/lib/python3.12/site-packages/airflow/example_dags/example_python_operator.py took 0.050 seconds
[2026-07-25T09:23:57.318+0000] {processor.py:186} INFO - Started process (PID=83) to work on /home/airflow/.local/lib/python3.12/site-packages/airflow/example_dags/example_python_operator.py
[2026-07-25T09:23:57.319+0000] {processor.py:914} INFO - Processing file /home/airflow/.local/lib/python3.12/site-packages/airflow/example_dags/example_python_operator.py for tasks to queue
[2026-07-25T09:23:57.322+0000] {logging_mixin.py:190} INFO - [2026-07-25T09:23:57.322+0000] {dagbag.py:588} INFO - Filling up the DagBag from /home/airflow/.local/lib/python3.12/site-packages/airflow/example_dags/example_python_operator.py
[2026-07-25T09:23:57.333+0000] {processor.py:925} INFO - DAG(s) 'example_python_operator' retrieved from /home/airflow/.local/lib/python3.12/site-packages/airflow/example_dags/example_python_operator.py
[2026-07-25T09:23:57.440+0000] {logging_mixin.py:190} INFO - [2026-07-25T09:23:57.439+0000] {dag.py:3239} INFO - Sync 1 DAGs
[2026-07-25T09:23:57.451+0000] {logging_mixin.py:190} INFO - [2026-07-25T09:23:57.451+0000] {dag.py:4180} INFO - Setting next_dagrun for example_python_operator to None, run_after=None
[2026-07-25T09:23:57.475+0000] {processor.py:208} INFO - Processing /home/airflow/.local/lib/python3.12/site-packages/airflow/example_dags/example_python_operator.py took 0.161 seconds
[2026-07-25T09:24:28.472+0000] {processor.py:186} INFO - Started process (PID=151) to work on /home/airflow/.local/lib/python3.12/site-packages/airflow/example_dags/example_python_operator.py
[2026-07-25T09:24:28.473+0000] {processor.py:914} INFO - Processing file /home/airflow/.local/lib/python3.12/site-packages/airflow/example_dags/example_python_operator.py for tasks to queue
[2026-07-25T09:24:28.475+0000] {logging_mixin.py:190} INFO - [2026-07-25T09:24:28.475+0000] {dagbag.py:588} INFO - Filling up the DagBag from /home/airflow/.local/lib/python3.12/site-packages/airflow/example_dags/example_python_operator.py
[2026-07-25T09:24:28.485+0000] {processor.py:925} INFO - DAG(s) 'example_python_operator' retrieved from /home/airflow/.local/lib/python3.12/site-packages/airflow/example_dags/example_python_operator.py
[2026-07-25T09:24:28.501+0000] {logging_mixin.py:190} INFO - [2026-07-25T09:24:28.501+0000] {dag.py:3239} INFO - Sync 1 DAGs
[2026-07-25T09:24:28.510+0000] {logging_mixin.py:190} INFO - [2026-07-25T09:24:28.510+0000] {dag.py:4180} INFO - Setting next_dagrun for example_python_operator to None, run_after=None
[2026-07-25T09:24:28.522+0000] {processor.py:208} INFO - Processing /home/airflow/.local/lib/python3.12/site-packages/airflow/example_dags/example_python_operator.py took 0.054 seconds
[2026-07-25T09:24:59.065+0000] {processor.py:186} INFO - Started process (PID=214) to work on /home/airflow/.local/lib/python3.12/site-packages/airflow/example_dags/example_python_operator.py
[2026-07-25T09:24:59.066+0000] {processor.py:914} INFO - Processing file /home/airflow/.local/lib/python3.12/site-packages/airflow/example_dags/example_python_operator.py for tasks to queue
[2026-07-25T09:24:59.068+0000] {logging_mixin.py:190} INFO - [2026-07-25T09:24:59.068+0000] {dagbag.py:588} INFO - Filling up the DagBag from /home/airflow/.local/lib/python3.12/site-packages/airflow/example_dags/example_python_operator.py
[2026-07-25T09:24:59.077+0000] {processor.py:925} INFO - DAG(s) 'example_python_operator' retrieved from /home/airflow/.local/lib/python3.12/site-packages/airflow/example_dags/example_python_operator.py
[2026-07-25T09:24:59.091+0000] {logging_mixin.py:190} INFO - [2026-07-25T09:24:59.091+0000] {dag.py:3239} INFO - Sync 1 DAGs
[2026-07-25T09:24:59.100+0000] {logging_mixin.py:190} INFO - [2026-07-25T09:24:59.100+0000] {dag.py:4180} INFO - Setting next_dagrun for example_python_operator to None, run_after=None
[2026-07-25T09:24:59.112+0000] {processor.py:208} INFO - Processing /home/airflow/.local/lib/python3.12/site-packages/airflow/example_dags/example_python_operator.py took 0.053 seconds
[2026-07-25T09:25:30.044+0000] {processor.py:186} INFO - Started process (PID=277) to work on /home/airflow/.local/lib/python3.12/site-packages/airflow/example_dags/example_python_operator.py
[2026-07-25T09:25:30.045+0000] {processor.py:914} INFO - Processing file /home/airflow/.local/lib/python3.12/site-packages/airflow/example_dags/example_python_operator.py for tasks to queue
[2026-07-25T09:25:30.047+0000] {logging_mixin.py:190} INFO - [2026-07-25T09:25:30.047+0000] {dagbag.py:588} INFO - Filling up the DagBag from /home/airflow/.local/lib/python3.12/site-packages/airflow/example_dags/example_python_operator.py
[2026-07-25T09:25:30.056+0000] {processor.py:925} INFO - DAG(s) 'example_python_operator' retrieved from /home/airflow/.local/lib/python3.12/site-packages/airflow/example_dags/example_python_operator.py
[2026-07-25T09:25:30.070+0000] {logging_mixin.py:190} INFO - [2026-07-25T09:25:30.070+0000] {dag.py:3239} INFO - Sync 1 DAGs
[2026-07-25T09:25:30.078+0000] {logging_mixin.py:190} INFO - [2026-07-25T09:25:30.078+0000] {dag.py:4180} INFO - Setting next_dagrun for example_python_operator to None, run_after=None
[2026-07-25T09:25:30.101+0000] {processor.py:208} INFO - Processing /home/airflow/.local/lib/python3.12/site-packages/airflow/example_dags/example_python_operator.py took 0.060 seconds
[2026-07-25T09:26:50.422+0000] {processor.py:186} INFO - Started process (PID=89) to work on /home/airflow/.local/lib/python3.12/site-packages/airflow/example_dags/example_python_operator.py
[2026-07-25T09:26:50.423+0000] {processor.py:914} INFO - Processing file /home/airflow/.local/lib/python3.12/site-packages/airflow/example_dags/example_python_operator.py for tasks to queue
[2026-07-25T09:26:50.426+0000] {logging_mixin.py:190} INFO - [2026-07-25T09:26:50.426+0000] {dagbag.py:588} INFO - Filling up the DagBag from /home/airflow/.local/lib/python3.12/site-packages/airflow/example_dags/example_python_operator.py
[2026-07-25T09:26:50.442+0000] {processor.py:925} INFO - DAG(s) 'example_python_operator' retrieved from /home/airflow/.local/lib/python3.12/site-packages/airflow/example_dags/example_python_operator.py
[2026-07-25T09:26:50.542+0000] {logging_mixin.py:190} INFO - [2026-07-25T09:26:50.542+0000] {override.py:1932} INFO - Created Permission View: can edit on DAG:example_python_operator
[2026-07-25T09:26:50.550+0000] {logging_mixin.py:190} INFO - [2026-07-25T09:26:50.550+0000] {override.py:1932} INFO - Created Permission View: can read on DAG:example_python_operator
[2026-07-25T09:26:50.555+0000] {logging_mixin.py:190} INFO - [2026-07-25T09:26:50.555+0000] {override.py:1932} INFO - Created Permission View: can delete on DAG:example_python_operator
[2026-07-25T09:26:50.562+0000] {logging_mixin.py:190} INFO - [2026-07-25T09:26:50.562+0000] {override.py:1932} INFO - Created Permission View: menu access on DAG Run:example_python_operator
[2026-07-25T09:26:50.567+0000] {logging_mixin.py:190} INFO - [2026-07-25T09:26:50.567+0000] {override.py:1932} INFO - Created Permission View: can read on DAG Run:example_python_operator
[2026-07-25T09:26:50.572+0000] {logging_mixin.py:190} INFO - [2026-07-25T09:26:50.572+0000] {override.py:1932} INFO - Created Permission View: can create on DAG Run:example_python_operator
[2026-07-25T09:26:50.577+0000] {logging_mixin.py:190} INFO - [2026-07-25T09:26:50.577+0000] {override.py:1932} INFO - Created Permission View: can delete on DAG Run:example_python_operator
[2026-07-25T09:26:50.578+0000] {logging_mixin.py:190} INFO - [2026-07-25T09:26:50.578+0000] {dag.py:3239} INFO - Sync 1 DAGs
[2026-07-25T09:26:50.588+0000] {logging_mixin.py:190} INFO - [2026-07-25T09:26:50.588+0000] {dag.py:3262} INFO - Creating ORM DAG for example_python_operator
[2026-07-25T09:26:50.589+0000] {logging_mixin.py:190} INFO - [2026-07-25T09:26:50.589+0000] {dag.py:4180} INFO - Setting next_dagrun for example_python_operator to None, run_after=None
[2026-07-25T09:26:50.601+0000] {processor.py:208} INFO - Processing /home/airflow/.local/lib/python3.12/site-packages/airflow/example_dags/example_python_operator.py took 0.183 seconds
[2026-07-25T09:27:20.649+0000] {processor.py:186} INFO - Started process (PID=151) to work on /home/airflow/.local/lib/python3.12/site-packages/airflow/example_dags/example_python_operator.py
[2026-07-25T09:27:20.650+0000] {processor.py:914} INFO - Processing file /home/airflow/.local/lib/python3.12/site-packages/airflow/example_dags/example_python_operator.py for tasks to queue
[2026-07-25T09:27:20.652+0000] {logging_mixin.py:190} INFO - [2026-07-25T09:27:20.652+0000] {dagbag.py:588} INFO - Filling up the DagBag from /home/airflow/.local/lib/python3.12/site-packages/airflow/example_dags/example_python_operator.py
[2026-07-25T09:27:20.660+0000] {processor.py:925} INFO - DAG(s) 'example_python_operator' retrieved from /home/airflow/.local/lib/python3.12/site-packages/airflow/example_dags/example_python_operator.py
[2026-07-25T09:27:20.676+0000] {logging_mixin.py:190} INFO - [2026-07-25T09:27:20.676+0000] {dag.py:3239} INFO - Sync 1 DAGs
[2026-07-25T09:27:20.686+0000] {logging_mixin.py:190} INFO - [2026-07-25T09:27:20.685+0000] {dag.py:4180} INFO - Setting next_dagrun for example_python_operator to None, run_after=None
[2026-07-25T09:27:20.717+0000] {processor.py:208} INFO - Processing /home/airflow/.local/lib/python3.12/site-packages/airflow/example_dags/example_python_operator.py took 0.072 seconds
[2026-07-25T09:27:50.868+0000] {processor.py:186} INFO - Started process (PID=214) to work on /home/airflow/.local/lib/python3.12/site-packages/airflow/example_dags/example_python_operator.py
[2026-07-25T09:27:50.869+0000] {processor.py:914} INFO - Processing file /home/airflow/.local/lib/python3.12/site-packages/airflow/example_dags/example_python_operator.py for tasks to queue
[2026-07-25T09:27:50.871+0000] {logging_mixin.py:190} INFO - [2026-07-25T09:27:50.870+0000] {dagbag.py:588} INFO - Filling up the DagBag from /home/airflow/.local/lib/python3.12/site-packages/airflow/example_dags/example_python_operator.py
[2026-07-25T09:27:50.878+0000] {processor.py:925} INFO - DAG(s) 'example_python_operator' retrieved from /home/airflow/.local/lib/python3.12/site-packages/airflow/example_dags/example_python_operator.py
[2026-07-25T09:27:50.893+0000] {logging_mixin.py:190} INFO - [2026-07-25T09:27:50.892+0000] {dag.py:3239} INFO - Sync 1 DAGs
[2026-07-25T09:27:50.901+0000] {logging_mixin.py:190} INFO - [2026-07-25T09:27:50.901+0000] {dag.py:4180} INFO - Setting next_dagrun for example_python_operator to None, run_after=None
[2026-07-25T09:27:50.925+0000] {processor.py:208} INFO - Processing /home/airflow/.local/lib/python3.12/site-packages/airflow/example_dags/example_python_operator.py took 0.061 seconds
[2026-07-25T09:28:21.144+0000] {processor.py:186} INFO - Started process (PID=277) to work on /home/airflow/.local/lib/python3.12/site-packages/airflow/example_dags/example_python_operator.py
[2026-07-25T09:28:21.145+0000] {processor.py:914} INFO - Processing file /home/airflow/.local/lib/python3.12/site-packages/airflow/example_dags/example_python_operator.py for tasks to queue
[2026-07-25T09:28:21.147+0000] {logging_mixin.py:190} INFO - [2026-07-25T09:28:21.147+0000] {dagbag.py:588} INFO - Filling up the DagBag from /home/airflow/.local/lib/python3.12/site-packages/airflow/example_dags/example_python_operator.py
[2026-07-25T09:28:21.158+0000] {processor.py:925} INFO - DAG(s) 'example_python_operator' retrieved from /home/airflow/.local/lib/python3.12/site-packages/airflow/example_dags/example_python_operator.py
[2026-07-25T09:28:21.174+0000] {logging_mixin.py:190} INFO - [2026-07-25T09:28:21.174+0000] {dag.py:3239} INFO - Sync 1 DAGs
[2026-07-25T09:28:21.183+0000] {logging_mixin.py:190} INFO - [2026-07-25T09:28:21.183+0000] {dag.py:4180} INFO - Setting next_dagrun for example_python_operator to None, run_after=None
[2026-07-25T09:28:21.196+0000] {processor.py:208} INFO - Processing /home/airflow/.local/lib/python3.12/site-packages/airflow/example_dags/example_python_operator.py took 0.055 seconds
[2026-07-25T09:28:51.810+0000] {processor.py:186} INFO - Started process (PID=340) to work on /home/airflow/.local/lib/python3.12/site-packages/airflow/example_dags/example_python_operator.py
[2026-07-25T09:28:51.811+0000] {processor.py:914} INFO - Processing file /home/airflow/.local/lib/python3.12/site-packages/airflow/example_dags/example_python_operator.py for tasks to queue
[2026-07-25T09:28:51.813+0000] {logging_mixin.py:190} INFO - [2026-07-25T09:28:51.813+0000] {dagbag.py:588} INFO - Filling up the DagBag from /home/airflow/.local/lib/python3.12/site-packages/airflow/example_dags/example_python_operator.py
[2026-07-25T09:28:51.821+0000] {processor.py:925} INFO - DAG(s) 'example_python_operator' retrieved from /home/airflow/.local/lib/python3.12/site-packages/airflow/example_dags/example_python_operator.py
[2026-07-25T09:28:51.834+0000] {logging_mixin.py:190} INFO - [2026-07-25T09:28:51.834+0000] {dag.py:3239} INFO - Sync 1 DAGs
[2026-07-25T09:28:51.842+0000] {logging_mixin.py:190} INFO - [2026-07-25T09:28:51.842+0000] {dag.py:4180} INFO - Setting next_dagrun for example_python_operator to None, run_after=None
[2026-07-25T09:28:51.865+0000] {processor.py:208} INFO - Processing /home/airflow/.local/lib/python3.12/site-packages/airflow/example_dags/example_python_operator.py took 0.058 seconds
[2026-07-25T09:29:23.933+0000] {processor.py:186} INFO - Started process (PID=403) to work on /home/airflow/.local/lib/python3.12/site-packages/airflow/example_dags/example_python_operator.py
[2026-07-25T09:29:23.934+0000] {processor.py:914} INFO - Processing file /home/airflow/.local/lib/python3.12/site-packages/airflow/example_dags/example_python_operator.py for tasks to queue
[2026-07-25T09:29:23.936+0000] {logging_mixin.py:190} INFO - [2026-07-25T09:29:23.936+0000] {dagbag.py:588} INFO - Filling up the DagBag from /home/airflow/.local/lib/python3.12/site-packages/airflow/example_dags/example_python_operator.py
[2026-07-25T09:29:23.944+0000] {processor.py:925} INFO - DAG(s) 'example_python_operator' retrieved from /home/airflow/.local/lib/python3.12/site-packages/airflow/example_dags/example_python_operator.py
[2026-07-25T09:29:23.958+0000] {logging_mixin.py:190} INFO - [2026-07-25T09:29:23.957+0000] {dag.py:3239} INFO - Sync 1 DAGs
[2026-07-25T09:29:23.967+0000] {logging_mixin.py:190} INFO - [2026-07-25T09:29:23.967+0000] {dag.py:4180} INFO - Setting next_dagrun for example_python_operator to None, run_after=None
[2026-07-25T09:29:23.979+0000] {processor.py:208} INFO - Processing /home/airflow/.local/lib/python3.12/site-packages/airflow/example_dags/example_python_operator.py took 0.050 seconds
[2026-07-25T09:29:57.794+0000] {processor.py:186} INFO - Started process (PID=466) to work on /home/airflow/.local/lib/python3.12/site-packages/airflow/example_dags/example_python_operator.py
[2026-07-25T09:29:57.795+0000] {processor.py:914} INFO - Processing file /home/airflow/.local/lib/python3.12/site-packages/airflow/example_dags/example_python_operator.py for tasks to queue
[2026-07-25T09:29:57.797+0000] {logging_mixin.py:190} INFO - [2026-07-25T09:29:57.797+0000] {dagbag.py:588} INFO - Filling up the DagBag from /home/airflow/.local/lib/python3.12/site-packages/airflow/example_dags/example_python_operator.py
[2026-07-25T09:29:57.806+0000] {processor.py:925} INFO - DAG(s) 'example_python_operator' retrieved from /home/airflow/.local/lib/python3.12/site-packages/airflow/example_dags/example_python_operator.py
[2026-07-25T09:29:57.821+0000] {logging_mixin.py:190} INFO - [2026-07-25T09:29:57.821+0000] {dag.py:3239} INFO - Sync 1 DAGs
[2026-07-25T09:29:57.830+0000] {logging_mixin.py:190} INFO - [2026-07-25T09:29:57.830+0000] {dag.py:4180} INFO - Setting next_dagrun for example_python_operator to None, run_after=None
[2026-07-25T09:29:57.842+0000] {processor.py:208} INFO - Processing /home/airflow/.local/lib/python3.12/site-packages/airflow/example_dags/example_python_operator.py took 0.052 seconds
[2026-07-25T09:30:28.809+0000] {processor.py:186} INFO - Started process (PID=528) to work on /home/airflow/.local/lib/python3.12/site-packages/airflow/example_dags/example_python_operator.py
[2026-07-25T09:30:28.810+0000] {processor.py:914} INFO - Processing file /home/airflow/.local/lib/python3.12/site-packages/airflow/example_dags/example_python_operator.py for tasks to queue
[2026-07-25T09:30:28.812+0000] {logging_mixin.py:190} INFO - [2026-07-25T09:30:28.812+0000] {dagbag.py:588} INFO - Filling up the DagBag from /home/airflow/.local/lib/python3.12/site-packages/airflow/example_dags/example_python_operator.py
[2026-07-25T09:30:28.820+0000] {processor.py:925} INFO - DAG(s) 'example_python_operator' retrieved from /home/airflow/.local/lib/python3.12/site-packages/airflow/example_dags/example_python_operator.py
[2026-07-25T09:30:28.833+0000] {logging_mixin.py:190} INFO - [2026-07-25T09:30:28.833+0000] {dag.py:3239} INFO - Sync 1 DAGs
[2026-07-25T09:30:28.842+0000] {logging_mixin.py:190} INFO - [2026-07-25T09:30:28.842+0000] {dag.py:4180} INFO - Setting next_dagrun for example_python_operator to None, run_after=None
[2026-07-25T09:30:28.869+0000] {processor.py:208} INFO - Processing /home/airflow/.local/lib/python3.12/site-packages/airflow/example_dags/example_python_operator.py took 0.064 seconds
