[2026-07-25T09:06:19.295+0000] {processor.py:186} INFO - Started process (PID=94) to work on /home/airflow/.local/lib/python3.12/site-packages/airflow/example_dags/example_setup_teardown.py
[2026-07-25T09:06:19.296+0000] {processor.py:914} INFO - Processing file /home/airflow/.local/lib/python3.12/site-packages/airflow/example_dags/example_setup_teardown.py for tasks to queue
[2026-07-25T09:06:19.298+0000] {logging_mixin.py:190} INFO - [2026-07-25T09:06:19.298+0000] {dagbag.py:588} INFO - Filling up the DagBag from /home/airflow/.local/lib/python3.12/site-packages/airflow/example_dags/example_setup_teardown.py
[2026-07-25T09:06:19.309+0000] {processor.py:925} INFO - DAG(s) 'example_setup_teardown' retrieved from /home/airflow/.local/lib/python3.12/site-packages/airflow/example_dags/example_setup_teardown.py
[2026-07-25T09:06:19.381+0000] {logging_mixin.py:190} INFO - [2026-07-25T09:06:19.380+0000] {override.py:1932} INFO - Created Permission View: can edit on DAG:example_setup_teardown
[2026-07-25T09:06:19.387+0000] {logging_mixin.py:190} INFO - [2026-07-25T09:06:19.387+0000] {override.py:1932} INFO - Created Permission View: can read on DAG:example_setup_teardown
[2026-07-25T09:06:19.392+0000] {logging_mixin.py:190} INFO - [2026-07-25T09:06:19.392+0000] {override.py:1932} INFO - Created Permission View: can delete on DAG:example_setup_teardown
[2026-07-25T09:06:19.399+0000] {logging_mixin.py:190} INFO - [2026-07-25T09:06:19.399+0000] {override.py:1932} INFO - Created Permission View: can create on DAG Run:example_setup_teardown
[2026-07-25T09:06:19.405+0000] {logging_mixin.py:190} INFO - [2026-07-25T09:06:19.405+0000] {override.py:1932} INFO - Created Permission View: can read on DAG Run:example_setup_teardown
[2026-07-25T09:06:19.412+0000] {logging_mixin.py:190} INFO - [2026-07-25T09:06:19.412+0000] {override.py:1932} INFO - Created Permission View: can delete on DAG Run:example_setup_teardown
[2026-07-25T09:06:19.417+0000] {logging_mixin.py:190} INFO - [2026-07-25T09:06:19.417+0000] {override.py:1932} INFO - Created Permission View: menu access on DAG Run:example_setup_teardown
[2026-07-25T09:06:19.418+0000] {logging_mixin.py:190} INFO - [2026-07-25T09:06:19.418+0000] {dag.py:3239} INFO - Sync 1 DAGs
[2026-07-25T09:06:19.425+0000] {logging_mixin.py:190} INFO - [2026-07-25T09:06:19.425+0000] {dag.py:3262} INFO - Creating ORM DAG for example_setup_teardown
[2026-07-25T09:06:19.426+0000] {logging_mixin.py:190} INFO - [2026-07-25T09:06:19.426+0000] {dag.py:4180} INFO - Setting next_dagrun for example_setup_teardown to None, run_after=None
[2026-07-25T09:06:19.437+0000] {processor.py:208} INFO - Processing /home/airflow/.local/lib/python3.12/site-packages/airflow/example_dags/example_setup_teardown.py took 0.147 seconds
[2026-07-25T09:06:52.410+0000] {processor.py:186} INFO - Started process (PID=156) to work on /home/airflow/.local/lib/python3.12/site-packages/airflow/example_dags/example_setup_teardown.py
[2026-07-25T09:06:52.411+0000] {processor.py:914} INFO - Processing file /home/airflow/.local/lib/python3.12/site-packages/airflow/example_dags/example_setup_teardown.py for tasks to queue
[2026-07-25T09:06:52.413+0000] {logging_mixin.py:190} INFO - [2026-07-25T09:06:52.412+0000] {dagbag.py:588} INFO - Filling up the DagBag from /home/airflow/.local/lib/python3.12/site-packages/airflow/example_dags/example_setup_teardown.py
[2026-07-25T09:06:52.418+0000] {processor.py:925} INFO - DAG(s) 'example_setup_teardown' retrieved from /home/airflow/.local/lib/python3.12/site-packages/airflow/example_dags/example_setup_teardown.py
[2026-07-25T09:06:52.430+0000] {logging_mixin.py:190} INFO - [2026-07-25T09:06:52.430+0000] {dag.py:3239} INFO - Sync 1 DAGs
[2026-07-25T09:06:52.438+0000] {logging_mixin.py:190} INFO - [2026-07-25T09:06:52.438+0000] {dag.py:4180} INFO - Setting next_dagrun for example_setup_teardown to None, run_after=None
[2026-07-25T09:06:52.451+0000] {processor.py:208} INFO - Processing /home/airflow/.local/lib/python3.12/site-packages/airflow/example_dags/example_setup_teardown.py took 0.044 seconds
[2026-07-25T09:07:23.194+0000] {processor.py:186} INFO - Started process (PID=218) to work on /home/airflow/.local/lib/python3.12/site-packages/airflow/example_dags/example_setup_teardown.py
[2026-07-25T09:07:23.194+0000] {processor.py:914} INFO - Processing file /home/airflow/.local/lib/python3.12/site-packages/airflow/example_dags/example_setup_teardown.py for tasks to queue
[2026-07-25T09:07:23.196+0000] {logging_mixin.py:190} INFO - [2026-07-25T09:07:23.196+0000] {dagbag.py:588} INFO - Filling up the DagBag from /home/airflow/.local/lib/python3.12/site-packages/airflow/example_dags/example_setup_teardown.py
[2026-07-25T09:07:23.201+0000] {processor.py:925} INFO - DAG(s) 'example_setup_teardown' retrieved from /home/airflow/.local/lib/python3.12/site-packages/airflow/example_dags/example_setup_teardown.py
[2026-07-25T09:07:23.214+0000] {logging_mixin.py:190} INFO - [2026-07-25T09:07:23.214+0000] {dag.py:3239} INFO - Sync 1 DAGs
[2026-07-25T09:07:23.223+0000] {logging_mixin.py:190} INFO - [2026-07-25T09:07:23.223+0000] {dag.py:4180} INFO - Setting next_dagrun for example_setup_teardown to None, run_after=None
[2026-07-25T09:07:23.234+0000] {processor.py:208} INFO - Processing /home/airflow/.local/lib/python3.12/site-packages/airflow/example_dags/example_setup_teardown.py took 0.044 seconds
[2026-07-25T09:07:53.501+0000] {processor.py:186} INFO - Started process (PID=280) to work on /home/airflow/.local/lib/python3.12/site-packages/airflow/example_dags/example_setup_teardown.py
[2026-07-25T09:07:53.501+0000] {processor.py:914} INFO - Processing file /home/airflow/.local/lib/python3.12/site-packages/airflow/example_dags/example_setup_teardown.py for tasks to queue
[2026-07-25T09:07:53.503+0000] {logging_mixin.py:190} INFO - [2026-07-25T09:07:53.503+0000] {dagbag.py:588} INFO - Filling up the DagBag from /home/airflow/.local/lib/python3.12/site-packages/airflow/example_dags/example_setup_teardown.py
[2026-07-25T09:07:53.509+0000] {processor.py:925} INFO - DAG(s) 'example_setup_teardown' retrieved from /home/airflow/.local/lib/python3.12/site-packages/airflow/example_dags/example_setup_teardown.py
[2026-07-25T09:07:53.522+0000] {logging_mixin.py:190} INFO - [2026-07-25T09:07:53.522+0000] {dag.py:3239} INFO - Sync 1 DAGs
[2026-07-25T09:07:53.531+0000] {logging_mixin.py:190} INFO - [2026-07-25T09:07:53.531+0000] {dag.py:4180} INFO - Setting next_dagrun for example_setup_teardown to None, run_after=None
[2026-07-25T09:07:53.545+0000] {processor.py:208} INFO - Processing /home/airflow/.local/lib/python3.12/site-packages/airflow/example_dags/example_setup_teardown.py took 0.048 seconds
[2026-07-25T09:08:23.856+0000] {processor.py:186} INFO - Started process (PID=343) to work on /home/airflow/.local/lib/python3.12/site-packages/airflow/example_dags/example_setup_teardown.py
[2026-07-25T09:08:23.857+0000] {processor.py:914} INFO - Processing file /home/airflow/.local/lib/python3.12/site-packages/airflow/example_dags/example_setup_teardown.py for tasks to queue
[2026-07-25T09:08:23.859+0000] {logging_mixin.py:190} INFO - [2026-07-25T09:08:23.859+0000] {dagbag.py:588} INFO - Filling up the DagBag from /home/airflow/.local/lib/python3.12/site-packages/airflow/example_dags/example_setup_teardown.py
[2026-07-25T09:08:23.864+0000] {processor.py:925} INFO - DAG(s) 'example_setup_teardown' retrieved from /home/airflow/.local/lib/python3.12/site-packages/airflow/example_dags/example_setup_teardown.py
[2026-07-25T09:08:23.877+0000] {logging_mixin.py:190} INFO - [2026-07-25T09:08:23.877+0000] {dag.py:3239} INFO - Sync 1 DAGs
[2026-07-25T09:08:23.886+0000] {logging_mixin.py:190} INFO - [2026-07-25T09:08:23.886+0000] {dag.py:4180} INFO - Setting next_dagrun for example_setup_teardown to None, run_after=None
[2026-07-25T09:08:23.898+0000] {processor.py:208} INFO - Processing /home/airflow/.local/lib/python3.12/site-packages/airflow/example_dags/example_setup_teardown.py took 0.045 seconds
[2026-07-25T09:08:54.800+0000] {processor.py:186} INFO - Started process (PID=406) to work on /home/airflow/.local/lib/python3.12/site-packages/airflow/example_dags/example_setup_teardown.py
[2026-07-25T09:08:54.801+0000] {processor.py:914} INFO - Processing file /home/airflow/.local/lib/python3.12/site-packages/airflow/example_dags/example_setup_teardown.py for tasks to queue
[2026-07-25T09:08:54.803+0000] {logging_mixin.py:190} INFO - [2026-07-25T09:08:54.803+0000] {dagbag.py:588} INFO - Filling up the DagBag from /home/airflow/.local/lib/python3.12/site-packages/airflow/example_dags/example_setup_teardown.py
[2026-07-25T09:08:54.808+0000] {processor.py:925} INFO - DAG(s) 'example_setup_teardown' retrieved from /home/airflow/.local/lib/python3.12/site-packages/airflow/example_dags/example_setup_teardown.py
[2026-07-25T09:08:54.820+0000] {logging_mixin.py:190} INFO - [2026-07-25T09:08:54.820+0000] {dag.py:3239} INFO - Sync 1 DAGs
[2026-07-25T09:08:54.829+0000] {logging_mixin.py:190} INFO - [2026-07-25T09:08:54.828+0000] {dag.py:4180} INFO - Setting next_dagrun for example_setup_teardown to None, run_after=None
[2026-07-25T09:08:54.842+0000] {processor.py:208} INFO - Processing /home/airflow/.local/lib/python3.12/site-packages/airflow/example_dags/example_setup_teardown.py took 0.046 seconds
[2026-07-25T09:09:25.752+0000] {processor.py:186} INFO - Started process (PID=469) to work on /home/airflow/.local/lib/python3.12/site-packages/airflow/example_dags/example_setup_teardown.py
[2026-07-25T09:09:25.752+0000] {processor.py:914} INFO - Processing file /home/airflow/.local/lib/python3.12/site-packages/airflow/example_dags/example_setup_teardown.py for tasks to queue
[2026-07-25T09:09:25.755+0000] {logging_mixin.py:190} INFO - [2026-07-25T09:09:25.754+0000] {dagbag.py:588} INFO - Filling up the DagBag from /home/airflow/.local/lib/python3.12/site-packages/airflow/example_dags/example_setup_teardown.py
[2026-07-25T09:09:25.759+0000] {processor.py:925} INFO - DAG(s) 'example_setup_teardown' retrieved from /home/airflow/.local/lib/python3.12/site-packages/airflow/example_dags/example_setup_teardown.py
[2026-07-25T09:09:25.772+0000] {logging_mixin.py:190} INFO - [2026-07-25T09:09:25.772+0000] {dag.py:3239} INFO - Sync 1 DAGs
[2026-07-25T09:09:25.780+0000] {logging_mixin.py:190} INFO - [2026-07-25T09:09:25.780+0000] {dag.py:4180} INFO - Setting next_dagrun for example_setup_teardown to None, run_after=None
[2026-07-25T09:09:25.792+0000] {processor.py:208} INFO - Processing /home/airflow/.local/lib/python3.12/site-packages/airflow/example_dags/example_setup_teardown.py took 0.043 seconds
[2026-07-25T09:09:56.009+0000] {processor.py:186} INFO - Started process (PID=532) to work on /home/airflow/.local/lib/python3.12/site-packages/airflow/example_dags/example_setup_teardown.py
[2026-07-25T09:09:56.010+0000] {processor.py:914} INFO - Processing file /home/airflow/.local/lib/python3.12/site-packages/airflow/example_dags/example_setup_teardown.py for tasks to queue
[2026-07-25T09:09:56.016+0000] {logging_mixin.py:190} INFO - [2026-07-25T09:09:56.016+0000] {dagbag.py:588} INFO - Filling up the DagBag from /home/airflow/.local/lib/python3.12/site-packages/airflow/example_dags/example_setup_teardown.py
[2026-07-25T09:09:56.023+0000] {processor.py:925} INFO - DAG(s) 'example_setup_teardown' retrieved from /home/airflow/.local/lib/python3.12/site-packages/airflow/example_dags/example_setup_teardown.py
[2026-07-25T09:09:56.039+0000] {logging_mixin.py:190} INFO - [2026-07-25T09:09:56.038+0000] {dag.py:3239} INFO - Sync 1 DAGs
[2026-07-25T09:09:56.049+0000] {logging_mixin.py:190} INFO - [2026-07-25T09:09:56.049+0000] {dag.py:4180} INFO - Setting next_dagrun for example_setup_teardown to None, run_after=None
[2026-07-25T09:09:56.062+0000] {processor.py:208} INFO - Processing /home/airflow/.local/lib/python3.12/site-packages/airflow/example_dags/example_setup_teardown.py took 0.057 seconds
[2026-07-25T09:10:29.465+0000] {processor.py:186} INFO - Started process (PID=595) to work on /home/airflow/.local/lib/python3.12/site-packages/airflow/example_dags/example_setup_teardown.py
[2026-07-25T09:10:29.466+0000] {processor.py:914} INFO - Processing file /home/airflow/.local/lib/python3.12/site-packages/airflow/example_dags/example_setup_teardown.py for tasks to queue
[2026-07-25T09:10:29.468+0000] {logging_mixin.py:190} INFO - [2026-07-25T09:10:29.468+0000] {dagbag.py:588} INFO - Filling up the DagBag from /home/airflow/.local/lib/python3.12/site-packages/airflow/example_dags/example_setup_teardown.py
[2026-07-25T09:10:29.474+0000] {processor.py:925} INFO - DAG(s) 'example_setup_teardown' retrieved from /home/airflow/.local/lib/python3.12/site-packages/airflow/example_dags/example_setup_teardown.py
[2026-07-25T09:10:29.486+0000] {logging_mixin.py:190} INFO - [2026-07-25T09:10:29.486+0000] {dag.py:3239} INFO - Sync 1 DAGs
[2026-07-25T09:10:29.494+0000] {logging_mixin.py:190} INFO - [2026-07-25T09:10:29.494+0000] {dag.py:4180} INFO - Setting next_dagrun for example_setup_teardown to None, run_after=None
[2026-07-25T09:10:29.505+0000] {processor.py:208} INFO - Processing /home/airflow/.local/lib/python3.12/site-packages/airflow/example_dags/example_setup_teardown.py took 0.044 seconds
[2026-07-25T09:11:00.290+0000] {processor.py:186} INFO - Started process (PID=656) to work on /home/airflow/.local/lib/python3.12/site-packages/airflow/example_dags/example_setup_teardown.py
[2026-07-25T09:11:00.291+0000] {processor.py:914} INFO - Processing file /home/airflow/.local/lib/python3.12/site-packages/airflow/example_dags/example_setup_teardown.py for tasks to queue
[2026-07-25T09:11:00.293+0000] {logging_mixin.py:190} INFO - [2026-07-25T09:11:00.292+0000] {dagbag.py:588} INFO - Filling up the DagBag from /home/airflow/.local/lib/python3.12/site-packages/airflow/example_dags/example_setup_teardown.py
[2026-07-25T09:11:00.298+0000] {processor.py:925} INFO - DAG(s) 'example_setup_teardown' retrieved from /home/airflow/.local/lib/python3.12/site-packages/airflow/example_dags/example_setup_teardown.py
[2026-07-25T09:11:00.310+0000] {logging_mixin.py:190} INFO - [2026-07-25T09:11:00.310+0000] {dag.py:3239} INFO - Sync 1 DAGs
[2026-07-25T09:11:00.319+0000] {logging_mixin.py:190} INFO - [2026-07-25T09:11:00.319+0000] {dag.py:4180} INFO - Setting next_dagrun for example_setup_teardown to None, run_after=None
[2026-07-25T09:11:00.330+0000] {processor.py:208} INFO - Processing /home/airflow/.local/lib/python3.12/site-packages/airflow/example_dags/example_setup_teardown.py took 0.043 seconds
[2026-07-25T09:11:31.171+0000] {processor.py:186} INFO - Started process (PID=719) to work on /home/airflow/.local/lib/python3.12/site-packages/airflow/example_dags/example_setup_teardown.py
[2026-07-25T09:11:31.172+0000] {processor.py:914} INFO - Processing file /home/airflow/.local/lib/python3.12/site-packages/airflow/example_dags/example_setup_teardown.py for tasks to queue
[2026-07-25T09:11:31.174+0000] {logging_mixin.py:190} INFO - [2026-07-25T09:11:31.173+0000] {dagbag.py:588} INFO - Filling up the DagBag from /home/airflow/.local/lib/python3.12/site-packages/airflow/example_dags/example_setup_teardown.py
[2026-07-25T09:11:31.179+0000] {processor.py:925} INFO - DAG(s) 'example_setup_teardown' retrieved from /home/airflow/.local/lib/python3.12/site-packages/airflow/example_dags/example_setup_teardown.py
[2026-07-25T09:11:31.192+0000] {logging_mixin.py:190} INFO - [2026-07-25T09:11:31.192+0000] {dag.py:3239} INFO - Sync 1 DAGs
[2026-07-25T09:11:31.202+0000] {logging_mixin.py:190} INFO - [2026-07-25T09:11:31.202+0000] {dag.py:4180} INFO - Setting next_dagrun for example_setup_teardown to None, run_after=None
[2026-07-25T09:11:31.213+0000] {processor.py:208} INFO - Processing /home/airflow/.local/lib/python3.12/site-packages/airflow/example_dags/example_setup_teardown.py took 0.045 seconds
[2026-07-25T09:12:04.453+0000] {processor.py:186} INFO - Started process (PID=782) to work on /home/airflow/.local/lib/python3.12/site-packages/airflow/example_dags/example_setup_teardown.py
[2026-07-25T09:12:04.454+0000] {processor.py:914} INFO - Processing file /home/airflow/.local/lib/python3.12/site-packages/airflow/example_dags/example_setup_teardown.py for tasks to queue
[2026-07-25T09:12:04.456+0000] {logging_mixin.py:190} INFO - [2026-07-25T09:12:04.456+0000] {dagbag.py:588} INFO - Filling up the DagBag from /home/airflow/.local/lib/python3.12/site-packages/airflow/example_dags/example_setup_teardown.py
[2026-07-25T09:12:04.463+0000] {processor.py:925} INFO - DAG(s) 'example_setup_teardown' retrieved from /home/airflow/.local/lib/python3.12/site-packages/airflow/example_dags/example_setup_teardown.py
[2026-07-25T09:12:04.476+0000] {logging_mixin.py:190} INFO - [2026-07-25T09:12:04.476+0000] {dag.py:3239} INFO - Sync 1 DAGs
[2026-07-25T09:12:04.484+0000] {logging_mixin.py:190} INFO - [2026-07-25T09:12:04.484+0000] {dag.py:4180} INFO - Setting next_dagrun for example_setup_teardown to None, run_after=None
[2026-07-25T09:12:04.496+0000] {processor.py:208} INFO - Processing /home/airflow/.local/lib/python3.12/site-packages/airflow/example_dags/example_setup_teardown.py took 0.046 seconds
[2026-07-25T09:12:35.263+0000] {processor.py:186} INFO - Started process (PID=844) to work on /home/airflow/.local/lib/python3.12/site-packages/airflow/example_dags/example_setup_teardown.py
[2026-07-25T09:12:35.264+0000] {processor.py:914} INFO - Processing file /home/airflow/.local/lib/python3.12/site-packages/airflow/example_dags/example_setup_teardown.py for tasks to queue
[2026-07-25T09:12:35.266+0000] {logging_mixin.py:190} INFO - [2026-07-25T09:12:35.266+0000] {dagbag.py:588} INFO - Filling up the DagBag from /home/airflow/.local/lib/python3.12/site-packages/airflow/example_dags/example_setup_teardown.py
[2026-07-25T09:12:35.271+0000] {processor.py:925} INFO - DAG(s) 'example_setup_teardown' retrieved from /home/airflow/.local/lib/python3.12/site-packages/airflow/example_dags/example_setup_teardown.py
[2026-07-25T09:12:35.286+0000] {logging_mixin.py:190} INFO - [2026-07-25T09:12:35.286+0000] {dag.py:3239} INFO - Sync 1 DAGs
[2026-07-25T09:12:35.294+0000] {logging_mixin.py:190} INFO - [2026-07-25T09:12:35.294+0000] {dag.py:4180} INFO - Setting next_dagrun for example_setup_teardown to None, run_after=None
[2026-07-25T09:12:35.305+0000] {processor.py:208} INFO - Processing /home/airflow/.local/lib/python3.12/site-packages/airflow/example_dags/example_setup_teardown.py took 0.045 seconds
[2026-07-25T09:13:05.587+0000] {processor.py:186} INFO - Started process (PID=906) to work on /home/airflow/.local/lib/python3.12/site-packages/airflow/example_dags/example_setup_teardown.py
[2026-07-25T09:13:05.588+0000] {processor.py:914} INFO - Processing file /home/airflow/.local/lib/python3.12/site-packages/airflow/example_dags/example_setup_teardown.py for tasks to queue
[2026-07-25T09:13:05.590+0000] {logging_mixin.py:190} INFO - [2026-07-25T09:13:05.589+0000] {dagbag.py:588} INFO - Filling up the DagBag from /home/airflow/.local/lib/python3.12/site-packages/airflow/example_dags/example_setup_teardown.py
[2026-07-25T09:13:05.595+0000] {processor.py:925} INFO - DAG(s) 'example_setup_teardown' retrieved from /home/airflow/.local/lib/python3.12/site-packages/airflow/example_dags/example_setup_teardown.py
[2026-07-25T09:13:05.608+0000] {logging_mixin.py:190} INFO - [2026-07-25T09:13:05.608+0000] {dag.py:3239} INFO - Sync 1 DAGs
[2026-07-25T09:13:05.616+0000] {logging_mixin.py:190} INFO - [2026-07-25T09:13:05.616+0000] {dag.py:4180} INFO - Setting next_dagrun for example_setup_teardown to None, run_after=None
[2026-07-25T09:13:05.628+0000] {processor.py:208} INFO - Processing /home/airflow/.local/lib/python3.12/site-packages/airflow/example_dags/example_setup_teardown.py took 0.044 seconds
[2026-07-25T09:13:36.209+0000] {processor.py:186} INFO - Started process (PID=969) to work on /home/airflow/.local/lib/python3.12/site-packages/airflow/example_dags/example_setup_teardown.py
[2026-07-25T09:13:36.210+0000] {processor.py:914} INFO - Processing file /home/airflow/.local/lib/python3.12/site-packages/airflow/example_dags/example_setup_teardown.py for tasks to queue
[2026-07-25T09:13:36.212+0000] {logging_mixin.py:190} INFO - [2026-07-25T09:13:36.212+0000] {dagbag.py:588} INFO - Filling up the DagBag from /home/airflow/.local/lib/python3.12/site-packages/airflow/example_dags/example_setup_teardown.py
[2026-07-25T09:13:36.218+0000] {processor.py:925} INFO - DAG(s) 'example_setup_teardown' retrieved from /home/airflow/.local/lib/python3.12/site-packages/airflow/example_dags/example_setup_teardown.py
[2026-07-25T09:13:36.231+0000] {logging_mixin.py:190} INFO - [2026-07-25T09:13:36.231+0000] {dag.py:3239} INFO - Sync 1 DAGs
[2026-07-25T09:13:36.240+0000] {logging_mixin.py:190} INFO - [2026-07-25T09:13:36.240+0000] {dag.py:4180} INFO - Setting next_dagrun for example_setup_teardown to None, run_after=None
[2026-07-25T09:13:36.251+0000] {processor.py:208} INFO - Processing /home/airflow/.local/lib/python3.12/site-packages/airflow/example_dags/example_setup_teardown.py took 0.046 seconds
[2026-07-25T09:14:06.829+0000] {processor.py:186} INFO - Started process (PID=1032) to work on /home/airflow/.local/lib/python3.12/site-packages/airflow/example_dags/example_setup_teardown.py
[2026-07-25T09:14:06.830+0000] {processor.py:914} INFO - Processing file /home/airflow/.local/lib/python3.12/site-packages/airflow/example_dags/example_setup_teardown.py for tasks to queue
[2026-07-25T09:14:06.832+0000] {logging_mixin.py:190} INFO - [2026-07-25T09:14:06.832+0000] {dagbag.py:588} INFO - Filling up the DagBag from /home/airflow/.local/lib/python3.12/site-packages/airflow/example_dags/example_setup_teardown.py
[2026-07-25T09:14:06.838+0000] {processor.py:925} INFO - DAG(s) 'example_setup_teardown' retrieved from /home/airflow/.local/lib/python3.12/site-packages/airflow/example_dags/example_setup_teardown.py
[2026-07-25T09:14:06.851+0000] {logging_mixin.py:190} INFO - [2026-07-25T09:14:06.851+0000] {dag.py:3239} INFO - Sync 1 DAGs
[2026-07-25T09:14:06.860+0000] {logging_mixin.py:190} INFO - [2026-07-25T09:14:06.860+0000] {dag.py:4180} INFO - Setting next_dagrun for example_setup_teardown to None, run_after=None
[2026-07-25T09:14:06.871+0000] {processor.py:208} INFO - Processing /home/airflow/.local/lib/python3.12/site-packages/airflow/example_dags/example_setup_teardown.py took 0.045 seconds
[2026-07-25T09:14:36.962+0000] {processor.py:186} INFO - Started process (PID=1094) to work on /home/airflow/.local/lib/python3.12/site-packages/airflow/example_dags/example_setup_teardown.py
[2026-07-25T09:14:36.964+0000] {processor.py:914} INFO - Processing file /home/airflow/.local/lib/python3.12/site-packages/airflow/example_dags/example_setup_teardown.py for tasks to queue
[2026-07-25T09:14:36.966+0000] {logging_mixin.py:190} INFO - [2026-07-25T09:14:36.965+0000] {dagbag.py:588} INFO - Filling up the DagBag from /home/airflow/.local/lib/python3.12/site-packages/airflow/example_dags/example_setup_teardown.py
[2026-07-25T09:14:36.971+0000] {processor.py:925} INFO - DAG(s) 'example_setup_teardown' retrieved from /home/airflow/.local/lib/python3.12/site-packages/airflow/example_dags/example_setup_teardown.py
[2026-07-25T09:14:36.984+0000] {logging_mixin.py:190} INFO - [2026-07-25T09:14:36.984+0000] {dag.py:3239} INFO - Sync 1 DAGs
[2026-07-25T09:14:36.992+0000] {logging_mixin.py:190} INFO - [2026-07-25T09:14:36.992+0000] {dag.py:4180} INFO - Setting next_dagrun for example_setup_teardown to None, run_after=None
[2026-07-25T09:14:37.004+0000] {processor.py:208} INFO - Processing /home/airflow/.local/lib/python3.12/site-packages/airflow/example_dags/example_setup_teardown.py took 0.046 seconds
[2026-07-25T09:15:39.077+0000] {processor.py:186} INFO - Started process (PID=94) to work on /home/airflow/.local/lib/python3.12/site-packages/airflow/example_dags/example_setup_teardown.py
[2026-07-25T09:15:39.078+0000] {processor.py:914} INFO - Processing file /home/airflow/.local/lib/python3.12/site-packages/airflow/example_dags/example_setup_teardown.py for tasks to queue
[2026-07-25T09:15:39.081+0000] {logging_mixin.py:190} INFO - [2026-07-25T09:15:39.081+0000] {dagbag.py:588} INFO - Filling up the DagBag from /home/airflow/.local/lib/python3.12/site-packages/airflow/example_dags/example_setup_teardown.py
[2026-07-25T09:15:39.088+0000] {processor.py:925} INFO - DAG(s) 'example_setup_teardown' retrieved from /home/airflow/.local/lib/python3.12/site-packages/airflow/example_dags/example_setup_teardown.py
[2026-07-25T09:15:39.108+0000] {logging_mixin.py:190} INFO - [2026-07-25T09:15:39.108+0000] {dag.py:3239} INFO - Sync 1 DAGs
[2026-07-25T09:15:39.117+0000] {logging_mixin.py:190} INFO - [2026-07-25T09:15:39.117+0000] {dag.py:4180} INFO - Setting next_dagrun for example_setup_teardown to None, run_after=None
[2026-07-25T09:15:39.129+0000] {processor.py:208} INFO - Processing /home/airflow/.local/lib/python3.12/site-packages/airflow/example_dags/example_setup_teardown.py took 0.055 seconds
[2026-07-25T09:16:11.007+0000] {processor.py:186} INFO - Started process (PID=156) to work on /home/airflow/.local/lib/python3.12/site-packages/airflow/example_dags/example_setup_teardown.py
[2026-07-25T09:16:11.008+0000] {processor.py:914} INFO - Processing file /home/airflow/.local/lib/python3.12/site-packages/airflow/example_dags/example_setup_teardown.py for tasks to queue
[2026-07-25T09:16:11.011+0000] {logging_mixin.py:190} INFO - [2026-07-25T09:16:11.010+0000] {dagbag.py:588} INFO - Filling up the DagBag from /home/airflow/.local/lib/python3.12/site-packages/airflow/example_dags/example_setup_teardown.py
[2026-07-25T09:16:11.017+0000] {processor.py:925} INFO - DAG(s) 'example_setup_teardown' retrieved from /home/airflow/.local/lib/python3.12/site-packages/airflow/example_dags/example_setup_teardown.py
[2026-07-25T09:16:11.035+0000] {logging_mixin.py:190} INFO - [2026-07-25T09:16:11.035+0000] {dag.py:3239} INFO - Sync 1 DAGs
[2026-07-25T09:16:11.049+0000] {logging_mixin.py:190} INFO - [2026-07-25T09:16:11.049+0000] {dag.py:4180} INFO - Setting next_dagrun for example_setup_teardown to None, run_after=None
[2026-07-25T09:16:11.067+0000] {processor.py:208} INFO - Processing /home/airflow/.local/lib/python3.12/site-packages/airflow/example_dags/example_setup_teardown.py took 0.064 seconds
[2026-07-25T09:16:41.764+0000] {processor.py:186} INFO - Started process (PID=218) to work on /home/airflow/.local/lib/python3.12/site-packages/airflow/example_dags/example_setup_teardown.py
[2026-07-25T09:16:41.765+0000] {processor.py:914} INFO - Processing file /home/airflow/.local/lib/python3.12/site-packages/airflow/example_dags/example_setup_teardown.py for tasks to queue
[2026-07-25T09:16:41.767+0000] {logging_mixin.py:190} INFO - [2026-07-25T09:16:41.767+0000] {dagbag.py:588} INFO - Filling up the DagBag from /home/airflow/.local/lib/python3.12/site-packages/airflow/example_dags/example_setup_teardown.py
[2026-07-25T09:16:41.772+0000] {processor.py:925} INFO - DAG(s) 'example_setup_teardown' retrieved from /home/airflow/.local/lib/python3.12/site-packages/airflow/example_dags/example_setup_teardown.py
[2026-07-25T09:16:41.785+0000] {logging_mixin.py:190} INFO - [2026-07-25T09:16:41.785+0000] {dag.py:3239} INFO - Sync 1 DAGs
[2026-07-25T09:16:41.793+0000] {logging_mixin.py:190} INFO - [2026-07-25T09:16:41.793+0000] {dag.py:4180} INFO - Setting next_dagrun for example_setup_teardown to None, run_after=None
[2026-07-25T09:16:41.804+0000] {processor.py:208} INFO - Processing /home/airflow/.local/lib/python3.12/site-packages/airflow/example_dags/example_setup_teardown.py took 0.044 seconds
[2026-07-25T09:17:12.345+0000] {processor.py:186} INFO - Started process (PID=280) to work on /home/airflow/.local/lib/python3.12/site-packages/airflow/example_dags/example_setup_teardown.py
[2026-07-25T09:17:12.346+0000] {processor.py:914} INFO - Processing file /home/airflow/.local/lib/python3.12/site-packages/airflow/example_dags/example_setup_teardown.py for tasks to queue
[2026-07-25T09:17:12.349+0000] {logging_mixin.py:190} INFO - [2026-07-25T09:17:12.349+0000] {dagbag.py:588} INFO - Filling up the DagBag from /home/airflow/.local/lib/python3.12/site-packages/airflow/example_dags/example_setup_teardown.py
[2026-07-25T09:17:12.357+0000] {processor.py:925} INFO - DAG(s) 'example_setup_teardown' retrieved from /home/airflow/.local/lib/python3.12/site-packages/airflow/example_dags/example_setup_teardown.py
[2026-07-25T09:17:12.371+0000] {logging_mixin.py:190} INFO - [2026-07-25T09:17:12.371+0000] {dag.py:3239} INFO - Sync 1 DAGs
[2026-07-25T09:17:12.381+0000] {logging_mixin.py:190} INFO - [2026-07-25T09:17:12.380+0000] {dag.py:4180} INFO - Setting next_dagrun for example_setup_teardown to None, run_after=None
[2026-07-25T09:17:12.393+0000] {processor.py:208} INFO - Processing /home/airflow/.local/lib/python3.12/site-packages/airflow/example_dags/example_setup_teardown.py took 0.052 seconds
[2026-07-25T09:17:42.752+0000] {processor.py:186} INFO - Started process (PID=343) to work on /home/airflow/.local/lib/python3.12/site-packages/airflow/example_dags/example_setup_teardown.py
[2026-07-25T09:17:42.753+0000] {processor.py:914} INFO - Processing file /home/airflow/.local/lib/python3.12/site-packages/airflow/example_dags/example_setup_teardown.py for tasks to queue
[2026-07-25T09:17:42.756+0000] {logging_mixin.py:190} INFO - [2026-07-25T09:17:42.756+0000] {dagbag.py:588} INFO - Filling up the DagBag from /home/airflow/.local/lib/python3.12/site-packages/airflow/example_dags/example_setup_teardown.py
[2026-07-25T09:17:42.764+0000] {processor.py:925} INFO - DAG(s) 'example_setup_teardown' retrieved from /home/airflow/.local/lib/python3.12/site-packages/airflow/example_dags/example_setup_teardown.py
[2026-07-25T09:17:42.778+0000] {logging_mixin.py:190} INFO - [2026-07-25T09:17:42.778+0000] {dag.py:3239} INFO - Sync 1 DAGs
[2026-07-25T09:17:42.789+0000] {logging_mixin.py:190} INFO - [2026-07-25T09:17:42.789+0000] {dag.py:4180} INFO - Setting next_dagrun for example_setup_teardown to None, run_after=None
[2026-07-25T09:17:42.802+0000] {processor.py:208} INFO - Processing /home/airflow/.local/lib/python3.12/site-packages/airflow/example_dags/example_setup_teardown.py took 0.053 seconds
[2026-07-25T09:18:13.105+0000] {processor.py:186} INFO - Started process (PID=406) to work on /home/airflow/.local/lib/python3.12/site-packages/airflow/example_dags/example_setup_teardown.py
[2026-07-25T09:18:13.106+0000] {processor.py:914} INFO - Processing file /home/airflow/.local/lib/python3.12/site-packages/airflow/example_dags/example_setup_teardown.py for tasks to queue
[2026-07-25T09:18:13.108+0000] {logging_mixin.py:190} INFO - [2026-07-25T09:18:13.108+0000] {dagbag.py:588} INFO - Filling up the DagBag from /home/airflow/.local/lib/python3.12/site-packages/airflow/example_dags/example_setup_teardown.py
[2026-07-25T09:18:13.113+0000] {processor.py:925} INFO - DAG(s) 'example_setup_teardown' retrieved from /home/airflow/.local/lib/python3.12/site-packages/airflow/example_dags/example_setup_teardown.py
[2026-07-25T09:18:13.126+0000] {logging_mixin.py:190} INFO - [2026-07-25T09:18:13.126+0000] {dag.py:3239} INFO - Sync 1 DAGs
[2026-07-25T09:18:13.135+0000] {logging_mixin.py:190} INFO - [2026-07-25T09:18:13.135+0000] {dag.py:4180} INFO - Setting next_dagrun for example_setup_teardown to None, run_after=None
[2026-07-25T09:18:13.148+0000] {processor.py:208} INFO - Processing /home/airflow/.local/lib/python3.12/site-packages/airflow/example_dags/example_setup_teardown.py took 0.046 seconds
[2026-07-25T09:18:43.417+0000] {processor.py:186} INFO - Started process (PID=469) to work on /home/airflow/.local/lib/python3.12/site-packages/airflow/example_dags/example_setup_teardown.py
[2026-07-25T09:18:43.418+0000] {processor.py:914} INFO - Processing file /home/airflow/.local/lib/python3.12/site-packages/airflow/example_dags/example_setup_teardown.py for tasks to queue
[2026-07-25T09:18:43.421+0000] {logging_mixin.py:190} INFO - [2026-07-25T09:18:43.421+0000] {dagbag.py:588} INFO - Filling up the DagBag from /home/airflow/.local/lib/python3.12/site-packages/airflow/example_dags/example_setup_teardown.py
[2026-07-25T09:18:43.427+0000] {processor.py:925} INFO - DAG(s) 'example_setup_teardown' retrieved from /home/airflow/.local/lib/python3.12/site-packages/airflow/example_dags/example_setup_teardown.py
[2026-07-25T09:18:43.441+0000] {logging_mixin.py:190} INFO - [2026-07-25T09:18:43.440+0000] {dag.py:3239} INFO - Sync 1 DAGs
[2026-07-25T09:18:43.449+0000] {logging_mixin.py:190} INFO - [2026-07-25T09:18:43.449+0000] {dag.py:4180} INFO - Setting next_dagrun for example_setup_teardown to None, run_after=None
[2026-07-25T09:18:43.460+0000] {processor.py:208} INFO - Processing /home/airflow/.local/lib/python3.12/site-packages/airflow/example_dags/example_setup_teardown.py took 0.048 seconds
[2026-07-25T09:19:14.187+0000] {processor.py:186} INFO - Started process (PID=532) to work on /home/airflow/.local/lib/python3.12/site-packages/airflow/example_dags/example_setup_teardown.py
[2026-07-25T09:19:14.188+0000] {processor.py:914} INFO - Processing file /home/airflow/.local/lib/python3.12/site-packages/airflow/example_dags/example_setup_teardown.py for tasks to queue
[2026-07-25T09:19:14.192+0000] {logging_mixin.py:190} INFO - [2026-07-25T09:19:14.192+0000] {dagbag.py:588} INFO - Filling up the DagBag from /home/airflow/.local/lib/python3.12/site-packages/airflow/example_dags/example_setup_teardown.py
[2026-07-25T09:19:14.200+0000] {processor.py:925} INFO - DAG(s) 'example_setup_teardown' retrieved from /home/airflow/.local/lib/python3.12/site-packages/airflow/example_dags/example_setup_teardown.py
[2026-07-25T09:19:14.216+0000] {logging_mixin.py:190} INFO - [2026-07-25T09:19:14.215+0000] {dag.py:3239} INFO - Sync 1 DAGs
[2026-07-25T09:19:14.226+0000] {logging_mixin.py:190} INFO - [2026-07-25T09:19:14.225+0000] {dag.py:4180} INFO - Setting next_dagrun for example_setup_teardown to None, run_after=None
[2026-07-25T09:19:14.237+0000] {processor.py:208} INFO - Processing /home/airflow/.local/lib/python3.12/site-packages/airflow/example_dags/example_setup_teardown.py took 0.054 seconds
[2026-07-25T09:20:51.105+0000] {processor.py:186} INFO - Started process (PID=94) to work on /home/airflow/.local/lib/python3.12/site-packages/airflow/example_dags/example_setup_teardown.py
[2026-07-25T09:20:51.106+0000] {processor.py:914} INFO - Processing file /home/airflow/.local/lib/python3.12/site-packages/airflow/example_dags/example_setup_teardown.py for tasks to queue
[2026-07-25T09:20:51.109+0000] {logging_mixin.py:190} INFO - [2026-07-25T09:20:51.109+0000] {dagbag.py:588} INFO - Filling up the DagBag from /home/airflow/.local/lib/python3.12/site-packages/airflow/example_dags/example_setup_teardown.py
[2026-07-25T09:20:51.118+0000] {processor.py:925} INFO - DAG(s) 'example_setup_teardown' retrieved from /home/airflow/.local/lib/python3.12/site-packages/airflow/example_dags/example_setup_teardown.py
[2026-07-25T09:20:51.143+0000] {logging_mixin.py:190} INFO - [2026-07-25T09:20:51.143+0000] {dag.py:3239} INFO - Sync 1 DAGs
[2026-07-25T09:20:51.153+0000] {logging_mixin.py:190} INFO - [2026-07-25T09:20:51.153+0000] {dag.py:4180} INFO - Setting next_dagrun for example_setup_teardown to None, run_after=None
[2026-07-25T09:20:51.167+0000] {processor.py:208} INFO - Processing /home/airflow/.local/lib/python3.12/site-packages/airflow/example_dags/example_setup_teardown.py took 0.067 seconds
[2026-07-25T09:21:23.756+0000] {processor.py:186} INFO - Started process (PID=156) to work on /home/airflow/.local/lib/python3.12/site-packages/airflow/example_dags/example_setup_teardown.py
[2026-07-25T09:21:23.757+0000] {processor.py:914} INFO - Processing file /home/airflow/.local/lib/python3.12/site-packages/airflow/example_dags/example_setup_teardown.py for tasks to queue
[2026-07-25T09:21:23.759+0000] {logging_mixin.py:190} INFO - [2026-07-25T09:21:23.759+0000] {dagbag.py:588} INFO - Filling up the DagBag from /home/airflow/.local/lib/python3.12/site-packages/airflow/example_dags/example_setup_teardown.py
[2026-07-25T09:21:23.765+0000] {processor.py:925} INFO - DAG(s) 'example_setup_teardown' retrieved from /home/airflow/.local/lib/python3.12/site-packages/airflow/example_dags/example_setup_teardown.py
[2026-07-25T09:21:23.780+0000] {logging_mixin.py:190} INFO - [2026-07-25T09:21:23.780+0000] {dag.py:3239} INFO - Sync 1 DAGs
[2026-07-25T09:21:23.789+0000] {logging_mixin.py:190} INFO - [2026-07-25T09:21:23.789+0000] {dag.py:4180} INFO - Setting next_dagrun for example_setup_teardown to None, run_after=None
[2026-07-25T09:21:23.801+0000] {processor.py:208} INFO - Processing /home/airflow/.local/lib/python3.12/site-packages/airflow/example_dags/example_setup_teardown.py took 0.049 seconds
[2026-07-25T09:21:54.228+0000] {processor.py:186} INFO - Started process (PID=218) to work on /home/airflow/.local/lib/python3.12/site-packages/airflow/example_dags/example_setup_teardown.py
[2026-07-25T09:21:54.229+0000] {processor.py:914} INFO - Processing file /home/airflow/.local/lib/python3.12/site-packages/airflow/example_dags/example_setup_teardown.py for tasks to queue
[2026-07-25T09:21:54.231+0000] {logging_mixin.py:190} INFO - [2026-07-25T09:21:54.231+0000] {dagbag.py:588} INFO - Filling up the DagBag from /home/airflow/.local/lib/python3.12/site-packages/airflow/example_dags/example_setup_teardown.py
[2026-07-25T09:21:54.239+0000] {processor.py:925} INFO - DAG(s) 'example_setup_teardown' retrieved from /home/airflow/.local/lib/python3.12/site-packages/airflow/example_dags/example_setup_teardown.py
[2026-07-25T09:21:54.254+0000] {logging_mixin.py:190} INFO - [2026-07-25T09:21:54.254+0000] {dag.py:3239} INFO - Sync 1 DAGs
[2026-07-25T09:21:54.263+0000] {logging_mixin.py:190} INFO - [2026-07-25T09:21:54.263+0000] {dag.py:4180} INFO - Setting next_dagrun for example_setup_teardown to None, run_after=None
[2026-07-25T09:21:54.274+0000] {processor.py:208} INFO - Processing /home/airflow/.local/lib/python3.12/site-packages/airflow/example_dags/example_setup_teardown.py took 0.051 seconds
[2026-07-25T09:22:24.568+0000] {processor.py:186} INFO - Started process (PID=280) to work on /home/airflow/.local/lib/python3.12/site-packages/airflow/example_dags/example_setup_teardown.py
[2026-07-25T09:22:24.569+0000] {processor.py:914} INFO - Processing file /home/airflow/.local/lib/python3.12/site-packages/airflow/example_dags/example_setup_teardown.py for tasks to queue
[2026-07-25T09:22:24.571+0000] {logging_mixin.py:190} INFO - [2026-07-25T09:22:24.571+0000] {dagbag.py:588} INFO - Filling up the DagBag from /home/airflow/.local/lib/python3.12/site-packages/airflow/example_dags/example_setup_teardown.py
[2026-07-25T09:22:24.576+0000] {processor.py:925} INFO - DAG(s) 'example_setup_teardown' retrieved from /home/airflow/.local/lib/python3.12/site-packages/airflow/example_dags/example_setup_teardown.py
[2026-07-25T09:22:24.589+0000] {logging_mixin.py:190} INFO - [2026-07-25T09:22:24.589+0000] {dag.py:3239} INFO - Sync 1 DAGs
[2026-07-25T09:22:24.598+0000] {logging_mixin.py:190} INFO - [2026-07-25T09:22:24.598+0000] {dag.py:4180} INFO - Setting next_dagrun for example_setup_teardown to None, run_after=None
[2026-07-25T09:22:24.609+0000] {processor.py:208} INFO - Processing /home/airflow/.local/lib/python3.12/site-packages/airflow/example_dags/example_setup_teardown.py took 0.044 seconds
[2026-07-25T09:24:02.494+0000] {processor.py:186} INFO - Started process (PID=94) to work on /home/airflow/.local/lib/python3.12/site-packages/airflow/example_dags/example_setup_teardown.py
[2026-07-25T09:24:02.495+0000] {processor.py:914} INFO - Processing file /home/airflow/.local/lib/python3.12/site-packages/airflow/example_dags/example_setup_teardown.py for tasks to queue
[2026-07-25T09:24:02.497+0000] {logging_mixin.py:190} INFO - [2026-07-25T09:24:02.497+0000] {dagbag.py:588} INFO - Filling up the DagBag from /home/airflow/.local/lib/python3.12/site-packages/airflow/example_dags/example_setup_teardown.py
[2026-07-25T09:24:02.503+0000] {processor.py:925} INFO - DAG(s) 'example_setup_teardown' retrieved from /home/airflow/.local/lib/python3.12/site-packages/airflow/example_dags/example_setup_teardown.py
[2026-07-25T09:24:02.522+0000] {logging_mixin.py:190} INFO - [2026-07-25T09:24:02.522+0000] {dag.py:3239} INFO - Sync 1 DAGs
[2026-07-25T09:24:02.532+0000] {logging_mixin.py:190} INFO - [2026-07-25T09:24:02.531+0000] {dag.py:4180} INFO - Setting next_dagrun for example_setup_teardown to None, run_after=None
[2026-07-25T09:24:02.545+0000] {processor.py:208} INFO - Processing /home/airflow/.local/lib/python3.12/site-packages/airflow/example_dags/example_setup_teardown.py took 0.054 seconds
[2026-07-25T09:24:34.982+0000] {processor.py:186} INFO - Started process (PID=156) to work on /home/airflow/.local/lib/python3.12/site-packages/airflow/example_dags/example_setup_teardown.py
[2026-07-25T09:24:34.983+0000] {processor.py:914} INFO - Processing file /home/airflow/.local/lib/python3.12/site-packages/airflow/example_dags/example_setup_teardown.py for tasks to queue
[2026-07-25T09:24:34.985+0000] {logging_mixin.py:190} INFO - [2026-07-25T09:24:34.985+0000] {dagbag.py:588} INFO - Filling up the DagBag from /home/airflow/.local/lib/python3.12/site-packages/airflow/example_dags/example_setup_teardown.py
[2026-07-25T09:24:34.991+0000] {processor.py:925} INFO - DAG(s) 'example_setup_teardown' retrieved from /home/airflow/.local/lib/python3.12/site-packages/airflow/example_dags/example_setup_teardown.py
[2026-07-25T09:24:35.008+0000] {logging_mixin.py:190} INFO - [2026-07-25T09:24:35.007+0000] {dag.py:3239} INFO - Sync 1 DAGs
[2026-07-25T09:24:35.017+0000] {logging_mixin.py:190} INFO - [2026-07-25T09:24:35.017+0000] {dag.py:4180} INFO - Setting next_dagrun for example_setup_teardown to None, run_after=None
[2026-07-25T09:24:35.047+0000] {processor.py:208} INFO - Processing /home/airflow/.local/lib/python3.12/site-packages/airflow/example_dags/example_setup_teardown.py took 0.069 seconds
[2026-07-25T09:25:05.253+0000] {processor.py:186} INFO - Started process (PID=218) to work on /home/airflow/.local/lib/python3.12/site-packages/airflow/example_dags/example_setup_teardown.py
[2026-07-25T09:25:05.254+0000] {processor.py:914} INFO - Processing file /home/airflow/.local/lib/python3.12/site-packages/airflow/example_dags/example_setup_teardown.py for tasks to queue
[2026-07-25T09:25:05.257+0000] {logging_mixin.py:190} INFO - [2026-07-25T09:25:05.256+0000] {dagbag.py:588} INFO - Filling up the DagBag from /home/airflow/.local/lib/python3.12/site-packages/airflow/example_dags/example_setup_teardown.py
[2026-07-25T09:25:05.263+0000] {processor.py:925} INFO - DAG(s) 'example_setup_teardown' retrieved from /home/airflow/.local/lib/python3.12/site-packages/airflow/example_dags/example_setup_teardown.py
[2026-07-25T09:25:05.280+0000] {logging_mixin.py:190} INFO - [2026-07-25T09:25:05.280+0000] {dag.py:3239} INFO - Sync 1 DAGs
[2026-07-25T09:25:05.290+0000] {logging_mixin.py:190} INFO - [2026-07-25T09:25:05.290+0000] {dag.py:4180} INFO - Setting next_dagrun for example_setup_teardown to None, run_after=None
[2026-07-25T09:25:05.303+0000] {processor.py:208} INFO - Processing /home/airflow/.local/lib/python3.12/site-packages/airflow/example_dags/example_setup_teardown.py took 0.053 seconds
[2026-07-25T09:25:36.157+0000] {processor.py:186} INFO - Started process (PID=280) to work on /home/airflow/.local/lib/python3.12/site-packages/airflow/example_dags/example_setup_teardown.py
[2026-07-25T09:25:36.158+0000] {processor.py:914} INFO - Processing file /home/airflow/.local/lib/python3.12/site-packages/airflow/example_dags/example_setup_teardown.py for tasks to queue
[2026-07-25T09:25:36.160+0000] {logging_mixin.py:190} INFO - [2026-07-25T09:25:36.160+0000] {dagbag.py:588} INFO - Filling up the DagBag from /home/airflow/.local/lib/python3.12/site-packages/airflow/example_dags/example_setup_teardown.py
[2026-07-25T09:25:36.165+0000] {processor.py:925} INFO - DAG(s) 'example_setup_teardown' retrieved from /home/airflow/.local/lib/python3.12/site-packages/airflow/example_dags/example_setup_teardown.py
[2026-07-25T09:25:36.178+0000] {logging_mixin.py:190} INFO - [2026-07-25T09:25:36.178+0000] {dag.py:3239} INFO - Sync 1 DAGs
[2026-07-25T09:25:36.187+0000] {logging_mixin.py:190} INFO - [2026-07-25T09:25:36.187+0000] {dag.py:4180} INFO - Setting next_dagrun for example_setup_teardown to None, run_after=None
[2026-07-25T09:25:36.202+0000] {processor.py:208} INFO - Processing /home/airflow/.local/lib/python3.12/site-packages/airflow/example_dags/example_setup_teardown.py took 0.047 seconds
[2026-07-25T09:26:55.726+0000] {processor.py:186} INFO - Started process (PID=94) to work on /home/airflow/.local/lib/python3.12/site-packages/airflow/example_dags/example_setup_teardown.py
[2026-07-25T09:26:55.727+0000] {processor.py:914} INFO - Processing file /home/airflow/.local/lib/python3.12/site-packages/airflow/example_dags/example_setup_teardown.py for tasks to queue
[2026-07-25T09:26:55.729+0000] {logging_mixin.py:190} INFO - [2026-07-25T09:26:55.729+0000] {dagbag.py:588} INFO - Filling up the DagBag from /home/airflow/.local/lib/python3.12/site-packages/airflow/example_dags/example_setup_teardown.py
[2026-07-25T09:26:55.735+0000] {processor.py:925} INFO - DAG(s) 'example_setup_teardown' retrieved from /home/airflow/.local/lib/python3.12/site-packages/airflow/example_dags/example_setup_teardown.py
[2026-07-25T09:26:55.806+0000] {logging_mixin.py:190} INFO - [2026-07-25T09:26:55.805+0000] {override.py:1932} INFO - Created Permission View: can edit on DAG:example_setup_teardown
[2026-07-25T09:26:55.813+0000] {logging_mixin.py:190} INFO - [2026-07-25T09:26:55.813+0000] {override.py:1932} INFO - Created Permission View: can read on DAG:example_setup_teardown
[2026-07-25T09:26:55.818+0000] {logging_mixin.py:190} INFO - [2026-07-25T09:26:55.818+0000] {override.py:1932} INFO - Created Permission View: can delete on DAG:example_setup_teardown
[2026-07-25T09:26:55.824+0000] {logging_mixin.py:190} INFO - [2026-07-25T09:26:55.824+0000] {override.py:1932} INFO - Created Permission View: menu access on DAG Run:example_setup_teardown
[2026-07-25T09:26:55.829+0000] {logging_mixin.py:190} INFO - [2026-07-25T09:26:55.829+0000] {override.py:1932} INFO - Created Permission View: can read on DAG Run:example_setup_teardown
[2026-07-25T09:26:55.834+0000] {logging_mixin.py:190} INFO - [2026-07-25T09:26:55.834+0000] {override.py:1932} INFO - Created Permission View: can create on DAG Run:example_setup_teardown
[2026-07-25T09:26:55.839+0000] {logging_mixin.py:190} INFO - [2026-07-25T09:26:55.839+0000] {override.py:1932} INFO - Created Permission View: can delete on DAG Run:example_setup_teardown
[2026-07-25T09:26:55.840+0000] {logging_mixin.py:190} INFO - [2026-07-25T09:26:55.839+0000] {dag.py:3239} INFO - Sync 1 DAGs
[2026-07-25T09:26:55.847+0000] {logging_mixin.py:190} INFO - [2026-07-25T09:26:55.846+0000] {dag.py:3262} INFO - Creating ORM DAG for example_setup_teardown
[2026-07-25T09:26:55.847+0000] {logging_mixin.py:190} INFO - [2026-07-25T09:26:55.847+0000] {dag.py:4180} INFO - Setting next_dagrun for example_setup_teardown to None, run_after=None
[2026-07-25T09:26:55.858+0000] {processor.py:208} INFO - Processing /home/airflow/.local/lib/python3.12/site-packages/airflow/example_dags/example_setup_teardown.py took 0.136 seconds
[2026-07-25T09:27:27.989+0000] {processor.py:186} INFO - Started process (PID=156) to work on /home/airflow/.local/lib/python3.12/site-packages/airflow/example_dags/example_setup_teardown.py
[2026-07-25T09:27:27.990+0000] {processor.py:914} INFO - Processing file /home/airflow/.local/lib/python3.12/site-packages/airflow/example_dags/example_setup_teardown.py for tasks to queue
[2026-07-25T09:27:27.992+0000] {logging_mixin.py:190} INFO - [2026-07-25T09:27:27.992+0000] {dagbag.py:588} INFO - Filling up the DagBag from /home/airflow/.local/lib/python3.12/site-packages/airflow/example_dags/example_setup_teardown.py
[2026-07-25T09:27:27.998+0000] {processor.py:925} INFO - DAG(s) 'example_setup_teardown' retrieved from /home/airflow/.local/lib/python3.12/site-packages/airflow/example_dags/example_setup_teardown.py
[2026-07-25T09:27:28.011+0000] {logging_mixin.py:190} INFO - [2026-07-25T09:27:28.011+0000] {dag.py:3239} INFO - Sync 1 DAGs
[2026-07-25T09:27:28.020+0000] {logging_mixin.py:190} INFO - [2026-07-25T09:27:28.020+0000] {dag.py:4180} INFO - Setting next_dagrun for example_setup_teardown to None, run_after=None
[2026-07-25T09:27:28.041+0000] {processor.py:208} INFO - Processing /home/airflow/.local/lib/python3.12/site-packages/airflow/example_dags/example_setup_teardown.py took 0.055 seconds
[2026-07-25T09:27:58.094+0000] {processor.py:186} INFO - Started process (PID=218) to work on /home/airflow/.local/lib/python3.12/site-packages/airflow/example_dags/example_setup_teardown.py
[2026-07-25T09:27:58.095+0000] {processor.py:914} INFO - Processing file /home/airflow/.local/lib/python3.12/site-packages/airflow/example_dags/example_setup_teardown.py for tasks to queue
[2026-07-25T09:27:58.097+0000] {logging_mixin.py:190} INFO - [2026-07-25T09:27:58.097+0000] {dagbag.py:588} INFO - Filling up the DagBag from /home/airflow/.local/lib/python3.12/site-packages/airflow/example_dags/example_setup_teardown.py
[2026-07-25T09:27:58.102+0000] {processor.py:925} INFO - DAG(s) 'example_setup_teardown' retrieved from /home/airflow/.local/lib/python3.12/site-packages/airflow/example_dags/example_setup_teardown.py
[2026-07-25T09:27:58.119+0000] {logging_mixin.py:190} INFO - [2026-07-25T09:27:58.119+0000] {dag.py:3239} INFO - Sync 1 DAGs
[2026-07-25T09:27:58.130+0000] {logging_mixin.py:190} INFO - [2026-07-25T09:27:58.130+0000] {dag.py:4180} INFO - Setting next_dagrun for example_setup_teardown to None, run_after=None
[2026-07-25T09:27:58.153+0000] {processor.py:208} INFO - Processing /home/airflow/.local/lib/python3.12/site-packages/airflow/example_dags/example_setup_teardown.py took 0.063 seconds
[2026-07-25T09:28:28.262+0000] {processor.py:186} INFO - Started process (PID=280) to work on /home/airflow/.local/lib/python3.12/site-packages/airflow/example_dags/example_setup_teardown.py
[2026-07-25T09:28:28.263+0000] {processor.py:914} INFO - Processing file /home/airflow/.local/lib/python3.12/site-packages/airflow/example_dags/example_setup_teardown.py for tasks to queue
[2026-07-25T09:28:28.266+0000] {logging_mixin.py:190} INFO - [2026-07-25T09:28:28.266+0000] {dagbag.py:588} INFO - Filling up the DagBag from /home/airflow/.local/lib/python3.12/site-packages/airflow/example_dags/example_setup_teardown.py
[2026-07-25T09:28:28.273+0000] {processor.py:925} INFO - DAG(s) 'example_setup_teardown' retrieved from /home/airflow/.local/lib/python3.12/site-packages/airflow/example_dags/example_setup_teardown.py
[2026-07-25T09:28:28.289+0000] {logging_mixin.py:190} INFO - [2026-07-25T09:28:28.289+0000] {dag.py:3239} INFO - Sync 1 DAGs
[2026-07-25T09:28:28.301+0000] {logging_mixin.py:190} INFO - [2026-07-25T09:28:28.301+0000] {dag.py:4180} INFO - Setting next_dagrun for example_setup_teardown to None, run_after=None
[2026-07-25T09:28:28.318+0000] {processor.py:208} INFO - Processing /home/airflow/.local/lib/python3.12/site-packages/airflow/example_dags/example_setup_teardown.py took 0.060 seconds
[2026-07-25T09:28:58.927+0000] {processor.py:186} INFO - Started process (PID=343) to work on /home/airflow/.local/lib/python3.12/site-packages/airflow/example_dags/example_setup_teardown.py
[2026-07-25T09:28:58.928+0000] {processor.py:914} INFO - Processing file /home/airflow/.local/lib/python3.12/site-packages/airflow/example_dags/example_setup_teardown.py for tasks to queue
[2026-07-25T09:28:58.930+0000] {logging_mixin.py:190} INFO - [2026-07-25T09:28:58.930+0000] {dagbag.py:588} INFO - Filling up the DagBag from /home/airflow/.local/lib/python3.12/site-packages/airflow/example_dags/example_setup_teardown.py
[2026-07-25T09:28:58.936+0000] {processor.py:925} INFO - DAG(s) 'example_setup_teardown' retrieved from /home/airflow/.local/lib/python3.12/site-packages/airflow/example_dags/example_setup_teardown.py
[2026-07-25T09:28:58.949+0000] {logging_mixin.py:190} INFO - [2026-07-25T09:28:58.949+0000] {dag.py:3239} INFO - Sync 1 DAGs
[2026-07-25T09:28:58.958+0000] {logging_mixin.py:190} INFO - [2026-07-25T09:28:58.958+0000] {dag.py:4180} INFO - Setting next_dagrun for example_setup_teardown to None, run_after=None
[2026-07-25T09:28:58.987+0000] {processor.py:208} INFO - Processing /home/airflow/.local/lib/python3.12/site-packages/airflow/example_dags/example_setup_teardown.py took 0.064 seconds
[2026-07-25T09:29:29.037+0000] {processor.py:186} INFO - Started process (PID=406) to work on /home/airflow/.local/lib/python3.12/site-packages/airflow/example_dags/example_setup_teardown.py
[2026-07-25T09:29:29.038+0000] {processor.py:914} INFO - Processing file /home/airflow/.local/lib/python3.12/site-packages/airflow/example_dags/example_setup_teardown.py for tasks to queue
[2026-07-25T09:29:29.040+0000] {logging_mixin.py:190} INFO - [2026-07-25T09:29:29.040+0000] {dagbag.py:588} INFO - Filling up the DagBag from /home/airflow/.local/lib/python3.12/site-packages/airflow/example_dags/example_setup_teardown.py
[2026-07-25T09:29:29.046+0000] {processor.py:925} INFO - DAG(s) 'example_setup_teardown' retrieved from /home/airflow/.local/lib/python3.12/site-packages/airflow/example_dags/example_setup_teardown.py
[2026-07-25T09:29:29.058+0000] {logging_mixin.py:190} INFO - [2026-07-25T09:29:29.058+0000] {dag.py:3239} INFO - Sync 1 DAGs
[2026-07-25T09:29:29.066+0000] {logging_mixin.py:190} INFO - [2026-07-25T09:29:29.066+0000] {dag.py:4180} INFO - Setting next_dagrun for example_setup_teardown to None, run_after=None
[2026-07-25T09:29:29.093+0000] {processor.py:208} INFO - Processing /home/airflow/.local/lib/python3.12/site-packages/airflow/example_dags/example_setup_teardown.py took 0.060 seconds
[2026-07-25T09:29:59.890+0000] {processor.py:186} INFO - Started process (PID=469) to work on /home/airflow/.local/lib/python3.12/site-packages/airflow/example_dags/example_setup_teardown.py
[2026-07-25T09:29:59.890+0000] {processor.py:914} INFO - Processing file /home/airflow/.local/lib/python3.12/site-packages/airflow/example_dags/example_setup_teardown.py for tasks to queue
[2026-07-25T09:29:59.892+0000] {logging_mixin.py:190} INFO - [2026-07-25T09:29:59.892+0000] {dagbag.py:588} INFO - Filling up the DagBag from /home/airflow/.local/lib/python3.12/site-packages/airflow/example_dags/example_setup_teardown.py
[2026-07-25T09:29:59.898+0000] {processor.py:925} INFO - DAG(s) 'example_setup_teardown' retrieved from /home/airflow/.local/lib/python3.12/site-packages/airflow/example_dags/example_setup_teardown.py
[2026-07-25T09:29:59.913+0000] {logging_mixin.py:190} INFO - [2026-07-25T09:29:59.913+0000] {dag.py:3239} INFO - Sync 1 DAGs
[2026-07-25T09:29:59.922+0000] {logging_mixin.py:190} INFO - [2026-07-25T09:29:59.922+0000] {dag.py:4180} INFO - Setting next_dagrun for example_setup_teardown to None, run_after=None
[2026-07-25T09:29:59.934+0000] {processor.py:208} INFO - Processing /home/airflow/.local/lib/python3.12/site-packages/airflow/example_dags/example_setup_teardown.py took 0.049 seconds
[2026-07-25T09:30:31.830+0000] {processor.py:186} INFO - Started process (PID=532) to work on /home/airflow/.local/lib/python3.12/site-packages/airflow/example_dags/example_setup_teardown.py
[2026-07-25T09:30:31.831+0000] {processor.py:914} INFO - Processing file /home/airflow/.local/lib/python3.12/site-packages/airflow/example_dags/example_setup_teardown.py for tasks to queue
[2026-07-25T09:30:31.833+0000] {logging_mixin.py:190} INFO - [2026-07-25T09:30:31.833+0000] {dagbag.py:588} INFO - Filling up the DagBag from /home/airflow/.local/lib/python3.12/site-packages/airflow/example_dags/example_setup_teardown.py
[2026-07-25T09:30:31.839+0000] {processor.py:925} INFO - DAG(s) 'example_setup_teardown' retrieved from /home/airflow/.local/lib/python3.12/site-packages/airflow/example_dags/example_setup_teardown.py
[2026-07-25T09:30:31.854+0000] {logging_mixin.py:190} INFO - [2026-07-25T09:30:31.854+0000] {dag.py:3239} INFO - Sync 1 DAGs
[2026-07-25T09:30:31.864+0000] {logging_mixin.py:190} INFO - [2026-07-25T09:30:31.863+0000] {dag.py:4180} INFO - Setting next_dagrun for example_setup_teardown to None, run_after=None
[2026-07-25T09:30:31.886+0000] {processor.py:208} INFO - Processing /home/airflow/.local/lib/python3.12/site-packages/airflow/example_dags/example_setup_teardown.py took 0.061 seconds
