[2026-07-25T09:06:11.258+0000] {processor.py:186} INFO - Started process (PID=62) to work on /home/airflow/.local/lib/python3.12/site-packages/airflow/example_dags/example_task_group_decorator.py
[2026-07-25T09:06:11.259+0000] {processor.py:914} INFO - Processing file /home/airflow/.local/lib/python3.12/site-packages/airflow/example_dags/example_task_group_decorator.py for tasks to queue
[2026-07-25T09:06:11.262+0000] {logging_mixin.py:190} INFO - [2026-07-25T09:06:11.262+0000] {dagbag.py:588} INFO - Filling up the DagBag from /home/airflow/.local/lib/python3.12/site-packages/airflow/example_dags/example_task_group_decorator.py
[2026-07-25T09:06:11.285+0000] {processor.py:925} INFO - DAG(s) 'example_task_group_decorator' retrieved from /home/airflow/.local/lib/python3.12/site-packages/airflow/example_dags/example_task_group_decorator.py
[2026-07-25T09:06:11.446+0000] {logging_mixin.py:190} INFO - [2026-07-25T09:06:11.445+0000] {override.py:1932} INFO - Created Permission View: can edit on DAG:example_task_group_decorator
[2026-07-25T09:06:11.454+0000] {logging_mixin.py:190} INFO - [2026-07-25T09:06:11.453+0000] {override.py:1932} INFO - Created Permission View: can read on DAG:example_task_group_decorator
[2026-07-25T09:06:11.459+0000] {logging_mixin.py:190} INFO - [2026-07-25T09:06:11.459+0000] {override.py:1932} INFO - Created Permission View: can delete on DAG:example_task_group_decorator
[2026-07-25T09:06:11.467+0000] {logging_mixin.py:190} INFO - [2026-07-25T09:06:11.467+0000] {override.py:1932} INFO - Created Permission View: can create on DAG Run:example_task_group_decorator
[2026-07-25T09:06:11.474+0000] {logging_mixin.py:190} INFO - [2026-07-25T09:06:11.474+0000] {override.py:1932} INFO - Created Permission View: can read on DAG Run:example_task_group_decorator
[2026-07-25T09:06:11.482+0000] {logging_mixin.py:190} INFO - [2026-07-25T09:06:11.481+0000] {override.py:1932} INFO - Created Permission View: can delete on DAG Run:example_task_group_decorator
[2026-07-25T09:06:11.489+0000] {logging_mixin.py:190} INFO - [2026-07-25T09:06:11.489+0000] {override.py:1932} INFO - Created Permission View: menu access on DAG Run:example_task_group_decorator
[2026-07-25T09:06:11.490+0000] {logging_mixin.py:190} INFO - [2026-07-25T09:06:11.490+0000] {dag.py:3239} INFO - Sync 1 DAGs
[2026-07-25T09:06:11.499+0000] {logging_mixin.py:190} INFO - [2026-07-25T09:06:11.499+0000] {dag.py:3262} INFO - Creating ORM DAG for example_task_group_decorator
[2026-07-25T09:06:11.500+0000] {logging_mixin.py:190} INFO - [2026-07-25T09:06:11.500+0000] {dag.py:4180} INFO - Setting next_dagrun for example_task_group_decorator to None, run_after=None
[2026-07-25T09:06:11.514+0000] {processor.py:208} INFO - Processing /home/airflow/.local/lib/python3.12/site-packages/airflow/example_dags/example_task_group_decorator.py took 0.262 seconds
[2026-07-25T09:06:41.910+0000] {processor.py:186} INFO - Started process (PID=125) to work on /home/airflow/.local/lib/python3.12/site-packages/airflow/example_dags/example_task_group_decorator.py
[2026-07-25T09:06:41.911+0000] {processor.py:914} INFO - Processing file /home/airflow/.local/lib/python3.12/site-packages/airflow/example_dags/example_task_group_decorator.py for tasks to queue
[2026-07-25T09:06:41.913+0000] {logging_mixin.py:190} INFO - [2026-07-25T09:06:41.913+0000] {dagbag.py:588} INFO - Filling up the DagBag from /home/airflow/.local/lib/python3.12/site-packages/airflow/example_dags/example_task_group_decorator.py
[2026-07-25T09:06:41.924+0000] {processor.py:925} INFO - DAG(s) 'example_task_group_decorator' retrieved from /home/airflow/.local/lib/python3.12/site-packages/airflow/example_dags/example_task_group_decorator.py
[2026-07-25T09:06:41.943+0000] {logging_mixin.py:190} INFO - [2026-07-25T09:06:41.943+0000] {dag.py:3239} INFO - Sync 1 DAGs
[2026-07-25T09:06:41.955+0000] {logging_mixin.py:190} INFO - [2026-07-25T09:06:41.955+0000] {dag.py:4180} INFO - Setting next_dagrun for example_task_group_decorator to None, run_after=None
[2026-07-25T09:06:41.967+0000] {processor.py:208} INFO - Processing /home/airflow/.local/lib/python3.12/site-packages/airflow/example_dags/example_task_group_decorator.py took 0.061 seconds
[2026-07-25T09:07:12.020+0000] {processor.py:186} INFO - Started process (PID=188) to work on /home/airflow/.local/lib/python3.12/site-packages/airflow/example_dags/example_task_group_decorator.py
[2026-07-25T09:07:12.021+0000] {processor.py:914} INFO - Processing file /home/airflow/.local/lib/python3.12/site-packages/airflow/example_dags/example_task_group_decorator.py for tasks to queue
[2026-07-25T09:07:12.022+0000] {logging_mixin.py:190} INFO - [2026-07-25T09:07:12.022+0000] {dagbag.py:588} INFO - Filling up the DagBag from /home/airflow/.local/lib/python3.12/site-packages/airflow/example_dags/example_task_group_decorator.py
[2026-07-25T09:07:12.032+0000] {processor.py:925} INFO - DAG(s) 'example_task_group_decorator' retrieved from /home/airflow/.local/lib/python3.12/site-packages/airflow/example_dags/example_task_group_decorator.py
[2026-07-25T09:07:12.047+0000] {logging_mixin.py:190} INFO - [2026-07-25T09:07:12.047+0000] {dag.py:3239} INFO - Sync 1 DAGs
[2026-07-25T09:07:12.057+0000] {logging_mixin.py:190} INFO - [2026-07-25T09:07:12.057+0000] {dag.py:4180} INFO - Setting next_dagrun for example_task_group_decorator to None, run_after=None
[2026-07-25T09:07:12.067+0000] {processor.py:208} INFO - Processing /home/airflow/.local/lib/python3.12/site-packages/airflow/example_dags/example_task_group_decorator.py took 0.052 seconds
[2026-07-25T09:07:42.462+0000] {processor.py:186} INFO - Started process (PID=251) to work on /home/airflow/.local/lib/python3.12/site-packages/airflow/example_dags/example_task_group_decorator.py
[2026-07-25T09:07:42.463+0000] {processor.py:914} INFO - Processing file /home/airflow/.local/lib/python3.12/site-packages/airflow/example_dags/example_task_group_decorator.py for tasks to queue
[2026-07-25T09:07:42.466+0000] {logging_mixin.py:190} INFO - [2026-07-25T09:07:42.465+0000] {dagbag.py:588} INFO - Filling up the DagBag from /home/airflow/.local/lib/python3.12/site-packages/airflow/example_dags/example_task_group_decorator.py
[2026-07-25T09:07:42.474+0000] {processor.py:925} INFO - DAG(s) 'example_task_group_decorator' retrieved from /home/airflow/.local/lib/python3.12/site-packages/airflow/example_dags/example_task_group_decorator.py
[2026-07-25T09:07:42.489+0000] {logging_mixin.py:190} INFO - [2026-07-25T09:07:42.489+0000] {dag.py:3239} INFO - Sync 1 DAGs
[2026-07-25T09:07:42.497+0000] {logging_mixin.py:190} INFO - [2026-07-25T09:07:42.496+0000] {dag.py:4180} INFO - Setting next_dagrun for example_task_group_decorator to None, run_after=None
[2026-07-25T09:07:42.507+0000] {processor.py:208} INFO - Processing /home/airflow/.local/lib/python3.12/site-packages/airflow/example_dags/example_task_group_decorator.py took 0.048 seconds
[2026-07-25T09:08:12.913+0000] {processor.py:186} INFO - Started process (PID=314) to work on /home/airflow/.local/lib/python3.12/site-packages/airflow/example_dags/example_task_group_decorator.py
[2026-07-25T09:08:12.914+0000] {processor.py:914} INFO - Processing file /home/airflow/.local/lib/python3.12/site-packages/airflow/example_dags/example_task_group_decorator.py for tasks to queue
[2026-07-25T09:08:12.916+0000] {logging_mixin.py:190} INFO - [2026-07-25T09:08:12.915+0000] {dagbag.py:588} INFO - Filling up the DagBag from /home/airflow/.local/lib/python3.12/site-packages/airflow/example_dags/example_task_group_decorator.py
[2026-07-25T09:08:12.925+0000] {processor.py:925} INFO - DAG(s) 'example_task_group_decorator' retrieved from /home/airflow/.local/lib/python3.12/site-packages/airflow/example_dags/example_task_group_decorator.py
[2026-07-25T09:08:12.940+0000] {logging_mixin.py:190} INFO - [2026-07-25T09:08:12.940+0000] {dag.py:3239} INFO - Sync 1 DAGs
[2026-07-25T09:08:12.949+0000] {logging_mixin.py:190} INFO - [2026-07-25T09:08:12.949+0000] {dag.py:4180} INFO - Setting next_dagrun for example_task_group_decorator to None, run_after=None
[2026-07-25T09:08:12.960+0000] {processor.py:208} INFO - Processing /home/airflow/.local/lib/python3.12/site-packages/airflow/example_dags/example_task_group_decorator.py took 0.050 seconds
[2026-07-25T09:08:45.721+0000] {processor.py:186} INFO - Started process (PID=383) to work on /home/airflow/.local/lib/python3.12/site-packages/airflow/example_dags/example_task_group_decorator.py
[2026-07-25T09:08:45.722+0000] {processor.py:914} INFO - Processing file /home/airflow/.local/lib/python3.12/site-packages/airflow/example_dags/example_task_group_decorator.py for tasks to queue
[2026-07-25T09:08:45.723+0000] {logging_mixin.py:190} INFO - [2026-07-25T09:08:45.723+0000] {dagbag.py:588} INFO - Filling up the DagBag from /home/airflow/.local/lib/python3.12/site-packages/airflow/example_dags/example_task_group_decorator.py
[2026-07-25T09:08:45.732+0000] {processor.py:925} INFO - DAG(s) 'example_task_group_decorator' retrieved from /home/airflow/.local/lib/python3.12/site-packages/airflow/example_dags/example_task_group_decorator.py
[2026-07-25T09:08:45.747+0000] {logging_mixin.py:190} INFO - [2026-07-25T09:08:45.747+0000] {dag.py:3239} INFO - Sync 1 DAGs
[2026-07-25T09:08:45.755+0000] {logging_mixin.py:190} INFO - [2026-07-25T09:08:45.755+0000] {dag.py:4180} INFO - Setting next_dagrun for example_task_group_decorator to None, run_after=None
[2026-07-25T09:08:45.766+0000] {processor.py:208} INFO - Processing /home/airflow/.local/lib/python3.12/site-packages/airflow/example_dags/example_task_group_decorator.py took 0.049 seconds
[2026-07-25T09:09:15.915+0000] {processor.py:186} INFO - Started process (PID=442) to work on /home/airflow/.local/lib/python3.12/site-packages/airflow/example_dags/example_task_group_decorator.py
[2026-07-25T09:09:15.916+0000] {processor.py:914} INFO - Processing file /home/airflow/.local/lib/python3.12/site-packages/airflow/example_dags/example_task_group_decorator.py for tasks to queue
[2026-07-25T09:09:15.918+0000] {logging_mixin.py:190} INFO - [2026-07-25T09:09:15.918+0000] {dagbag.py:588} INFO - Filling up the DagBag from /home/airflow/.local/lib/python3.12/site-packages/airflow/example_dags/example_task_group_decorator.py
[2026-07-25T09:09:15.927+0000] {processor.py:925} INFO - DAG(s) 'example_task_group_decorator' retrieved from /home/airflow/.local/lib/python3.12/site-packages/airflow/example_dags/example_task_group_decorator.py
[2026-07-25T09:09:15.943+0000] {logging_mixin.py:190} INFO - [2026-07-25T09:09:15.943+0000] {dag.py:3239} INFO - Sync 1 DAGs
[2026-07-25T09:09:15.952+0000] {logging_mixin.py:190} INFO - [2026-07-25T09:09:15.952+0000] {dag.py:4180} INFO - Setting next_dagrun for example_task_group_decorator to None, run_after=None
[2026-07-25T09:09:15.963+0000] {processor.py:208} INFO - Processing /home/airflow/.local/lib/python3.12/site-packages/airflow/example_dags/example_task_group_decorator.py took 0.051 seconds
[2026-07-25T09:09:46.140+0000] {processor.py:186} INFO - Started process (PID=499) to work on /home/airflow/.local/lib/python3.12/site-packages/airflow/example_dags/example_task_group_decorator.py
[2026-07-25T09:09:46.141+0000] {processor.py:914} INFO - Processing file /home/airflow/.local/lib/python3.12/site-packages/airflow/example_dags/example_task_group_decorator.py for tasks to queue
[2026-07-25T09:09:46.143+0000] {logging_mixin.py:190} INFO - [2026-07-25T09:09:46.143+0000] {dagbag.py:588} INFO - Filling up the DagBag from /home/airflow/.local/lib/python3.12/site-packages/airflow/example_dags/example_task_group_decorator.py
[2026-07-25T09:09:46.152+0000] {processor.py:925} INFO - DAG(s) 'example_task_group_decorator' retrieved from /home/airflow/.local/lib/python3.12/site-packages/airflow/example_dags/example_task_group_decorator.py
[2026-07-25T09:09:46.167+0000] {logging_mixin.py:190} INFO - [2026-07-25T09:09:46.167+0000] {dag.py:3239} INFO - Sync 1 DAGs
[2026-07-25T09:09:46.176+0000] {logging_mixin.py:190} INFO - [2026-07-25T09:09:46.175+0000] {dag.py:4180} INFO - Setting next_dagrun for example_task_group_decorator to None, run_after=None
[2026-07-25T09:09:46.186+0000] {processor.py:208} INFO - Processing /home/airflow/.local/lib/python3.12/site-packages/airflow/example_dags/example_task_group_decorator.py took 0.050 seconds
[2026-07-25T09:10:16.412+0000] {processor.py:186} INFO - Started process (PID=559) to work on /home/airflow/.local/lib/python3.12/site-packages/airflow/example_dags/example_task_group_decorator.py
[2026-07-25T09:10:16.413+0000] {processor.py:914} INFO - Processing file /home/airflow/.local/lib/python3.12/site-packages/airflow/example_dags/example_task_group_decorator.py for tasks to queue
[2026-07-25T09:10:16.415+0000] {logging_mixin.py:190} INFO - [2026-07-25T09:10:16.414+0000] {dagbag.py:588} INFO - Filling up the DagBag from /home/airflow/.local/lib/python3.12/site-packages/airflow/example_dags/example_task_group_decorator.py
[2026-07-25T09:10:16.424+0000] {processor.py:925} INFO - DAG(s) 'example_task_group_decorator' retrieved from /home/airflow/.local/lib/python3.12/site-packages/airflow/example_dags/example_task_group_decorator.py
[2026-07-25T09:10:16.439+0000] {logging_mixin.py:190} INFO - [2026-07-25T09:10:16.439+0000] {dag.py:3239} INFO - Sync 1 DAGs
[2026-07-25T09:10:16.447+0000] {logging_mixin.py:190} INFO - [2026-07-25T09:10:16.447+0000] {dag.py:4180} INFO - Setting next_dagrun for example_task_group_decorator to None, run_after=None
[2026-07-25T09:10:16.458+0000] {processor.py:208} INFO - Processing /home/airflow/.local/lib/python3.12/site-packages/airflow/example_dags/example_task_group_decorator.py took 0.050 seconds
[2026-07-25T09:10:47.510+0000] {processor.py:186} INFO - Started process (PID=622) to work on /home/airflow/.local/lib/python3.12/site-packages/airflow/example_dags/example_task_group_decorator.py
[2026-07-25T09:10:47.511+0000] {processor.py:914} INFO - Processing file /home/airflow/.local/lib/python3.12/site-packages/airflow/example_dags/example_task_group_decorator.py for tasks to queue
[2026-07-25T09:10:47.513+0000] {logging_mixin.py:190} INFO - [2026-07-25T09:10:47.513+0000] {dagbag.py:588} INFO - Filling up the DagBag from /home/airflow/.local/lib/python3.12/site-packages/airflow/example_dags/example_task_group_decorator.py
[2026-07-25T09:10:47.523+0000] {processor.py:925} INFO - DAG(s) 'example_task_group_decorator' retrieved from /home/airflow/.local/lib/python3.12/site-packages/airflow/example_dags/example_task_group_decorator.py
[2026-07-25T09:10:47.538+0000] {logging_mixin.py:190} INFO - [2026-07-25T09:10:47.538+0000] {dag.py:3239} INFO - Sync 1 DAGs
[2026-07-25T09:10:47.548+0000] {logging_mixin.py:190} INFO - [2026-07-25T09:10:47.548+0000] {dag.py:4180} INFO - Setting next_dagrun for example_task_group_decorator to None, run_after=None
[2026-07-25T09:10:47.561+0000] {processor.py:208} INFO - Processing /home/airflow/.local/lib/python3.12/site-packages/airflow/example_dags/example_task_group_decorator.py took 0.055 seconds
[2026-07-25T09:11:17.695+0000] {processor.py:186} INFO - Started process (PID=684) to work on /home/airflow/.local/lib/python3.12/site-packages/airflow/example_dags/example_task_group_decorator.py
[2026-07-25T09:11:17.696+0000] {processor.py:914} INFO - Processing file /home/airflow/.local/lib/python3.12/site-packages/airflow/example_dags/example_task_group_decorator.py for tasks to queue
[2026-07-25T09:11:17.698+0000] {logging_mixin.py:190} INFO - [2026-07-25T09:11:17.698+0000] {dagbag.py:588} INFO - Filling up the DagBag from /home/airflow/.local/lib/python3.12/site-packages/airflow/example_dags/example_task_group_decorator.py
[2026-07-25T09:11:17.706+0000] {processor.py:925} INFO - DAG(s) 'example_task_group_decorator' retrieved from /home/airflow/.local/lib/python3.12/site-packages/airflow/example_dags/example_task_group_decorator.py
[2026-07-25T09:11:17.721+0000] {logging_mixin.py:190} INFO - [2026-07-25T09:11:17.721+0000] {dag.py:3239} INFO - Sync 1 DAGs
[2026-07-25T09:11:17.729+0000] {logging_mixin.py:190} INFO - [2026-07-25T09:11:17.729+0000] {dag.py:4180} INFO - Setting next_dagrun for example_task_group_decorator to None, run_after=None
[2026-07-25T09:11:17.740+0000] {processor.py:208} INFO - Processing /home/airflow/.local/lib/python3.12/site-packages/airflow/example_dags/example_task_group_decorator.py took 0.048 seconds
[2026-07-25T09:11:48.146+0000] {processor.py:186} INFO - Started process (PID=747) to work on /home/airflow/.local/lib/python3.12/site-packages/airflow/example_dags/example_task_group_decorator.py
[2026-07-25T09:11:48.146+0000] {processor.py:914} INFO - Processing file /home/airflow/.local/lib/python3.12/site-packages/airflow/example_dags/example_task_group_decorator.py for tasks to queue
[2026-07-25T09:11:48.148+0000] {logging_mixin.py:190} INFO - [2026-07-25T09:11:48.148+0000] {dagbag.py:588} INFO - Filling up the DagBag from /home/airflow/.local/lib/python3.12/site-packages/airflow/example_dags/example_task_group_decorator.py
[2026-07-25T09:11:48.159+0000] {processor.py:925} INFO - DAG(s) 'example_task_group_decorator' retrieved from /home/airflow/.local/lib/python3.12/site-packages/airflow/example_dags/example_task_group_decorator.py
[2026-07-25T09:11:48.180+0000] {logging_mixin.py:190} INFO - [2026-07-25T09:11:48.180+0000] {dag.py:3239} INFO - Sync 1 DAGs
[2026-07-25T09:11:48.189+0000] {logging_mixin.py:190} INFO - [2026-07-25T09:11:48.188+0000] {dag.py:4180} INFO - Setting next_dagrun for example_task_group_decorator to None, run_after=None
[2026-07-25T09:11:48.201+0000] {processor.py:208} INFO - Processing /home/airflow/.local/lib/python3.12/site-packages/airflow/example_dags/example_task_group_decorator.py took 0.060 seconds
[2026-07-25T09:12:18.854+0000] {processor.py:186} INFO - Started process (PID=810) to work on /home/airflow/.local/lib/python3.12/site-packages/airflow/example_dags/example_task_group_decorator.py
[2026-07-25T09:12:18.855+0000] {processor.py:914} INFO - Processing file /home/airflow/.local/lib/python3.12/site-packages/airflow/example_dags/example_task_group_decorator.py for tasks to queue
[2026-07-25T09:12:18.857+0000] {logging_mixin.py:190} INFO - [2026-07-25T09:12:18.856+0000] {dagbag.py:588} INFO - Filling up the DagBag from /home/airflow/.local/lib/python3.12/site-packages/airflow/example_dags/example_task_group_decorator.py
[2026-07-25T09:12:18.866+0000] {processor.py:925} INFO - DAG(s) 'example_task_group_decorator' retrieved from /home/airflow/.local/lib/python3.12/site-packages/airflow/example_dags/example_task_group_decorator.py
[2026-07-25T09:12:18.881+0000] {logging_mixin.py:190} INFO - [2026-07-25T09:12:18.881+0000] {dag.py:3239} INFO - Sync 1 DAGs
[2026-07-25T09:12:18.889+0000] {logging_mixin.py:190} INFO - [2026-07-25T09:12:18.888+0000] {dag.py:4180} INFO - Setting next_dagrun for example_task_group_decorator to None, run_after=None
[2026-07-25T09:12:18.899+0000] {processor.py:208} INFO - Processing /home/airflow/.local/lib/python3.12/site-packages/airflow/example_dags/example_task_group_decorator.py took 0.049 seconds
[2026-07-25T09:12:49.759+0000] {processor.py:186} INFO - Started process (PID=873) to work on /home/airflow/.local/lib/python3.12/site-packages/airflow/example_dags/example_task_group_decorator.py
[2026-07-25T09:12:49.760+0000] {processor.py:914} INFO - Processing file /home/airflow/.local/lib/python3.12/site-packages/airflow/example_dags/example_task_group_decorator.py for tasks to queue
[2026-07-25T09:12:49.762+0000] {logging_mixin.py:190} INFO - [2026-07-25T09:12:49.762+0000] {dagbag.py:588} INFO - Filling up the DagBag from /home/airflow/.local/lib/python3.12/site-packages/airflow/example_dags/example_task_group_decorator.py
[2026-07-25T09:12:49.772+0000] {processor.py:925} INFO - DAG(s) 'example_task_group_decorator' retrieved from /home/airflow/.local/lib/python3.12/site-packages/airflow/example_dags/example_task_group_decorator.py
[2026-07-25T09:12:49.788+0000] {logging_mixin.py:190} INFO - [2026-07-25T09:12:49.787+0000] {dag.py:3239} INFO - Sync 1 DAGs
[2026-07-25T09:12:49.796+0000] {logging_mixin.py:190} INFO - [2026-07-25T09:12:49.796+0000] {dag.py:4180} INFO - Setting next_dagrun for example_task_group_decorator to None, run_after=None
[2026-07-25T09:12:49.811+0000] {processor.py:208} INFO - Processing /home/airflow/.local/lib/python3.12/site-packages/airflow/example_dags/example_task_group_decorator.py took 0.055 seconds
[2026-07-25T09:13:19.912+0000] {processor.py:186} INFO - Started process (PID=934) to work on /home/airflow/.local/lib/python3.12/site-packages/airflow/example_dags/example_task_group_decorator.py
[2026-07-25T09:13:19.913+0000] {processor.py:914} INFO - Processing file /home/airflow/.local/lib/python3.12/site-packages/airflow/example_dags/example_task_group_decorator.py for tasks to queue
[2026-07-25T09:13:19.914+0000] {logging_mixin.py:190} INFO - [2026-07-25T09:13:19.914+0000] {dagbag.py:588} INFO - Filling up the DagBag from /home/airflow/.local/lib/python3.12/site-packages/airflow/example_dags/example_task_group_decorator.py
[2026-07-25T09:13:19.924+0000] {processor.py:925} INFO - DAG(s) 'example_task_group_decorator' retrieved from /home/airflow/.local/lib/python3.12/site-packages/airflow/example_dags/example_task_group_decorator.py
[2026-07-25T09:13:19.940+0000] {logging_mixin.py:190} INFO - [2026-07-25T09:13:19.940+0000] {dag.py:3239} INFO - Sync 1 DAGs
[2026-07-25T09:13:19.948+0000] {logging_mixin.py:190} INFO - [2026-07-25T09:13:19.948+0000] {dag.py:4180} INFO - Setting next_dagrun for example_task_group_decorator to None, run_after=None
[2026-07-25T09:13:19.959+0000] {processor.py:208} INFO - Processing /home/airflow/.local/lib/python3.12/site-packages/airflow/example_dags/example_task_group_decorator.py took 0.051 seconds
[2026-07-25T09:13:50.467+0000] {processor.py:186} INFO - Started process (PID=997) to work on /home/airflow/.local/lib/python3.12/site-packages/airflow/example_dags/example_task_group_decorator.py
[2026-07-25T09:13:50.468+0000] {processor.py:914} INFO - Processing file /home/airflow/.local/lib/python3.12/site-packages/airflow/example_dags/example_task_group_decorator.py for tasks to queue
[2026-07-25T09:13:50.470+0000] {logging_mixin.py:190} INFO - [2026-07-25T09:13:50.470+0000] {dagbag.py:588} INFO - Filling up the DagBag from /home/airflow/.local/lib/python3.12/site-packages/airflow/example_dags/example_task_group_decorator.py
[2026-07-25T09:13:50.481+0000] {processor.py:925} INFO - DAG(s) 'example_task_group_decorator' retrieved from /home/airflow/.local/lib/python3.12/site-packages/airflow/example_dags/example_task_group_decorator.py
[2026-07-25T09:13:50.497+0000] {logging_mixin.py:190} INFO - [2026-07-25T09:13:50.497+0000] {dag.py:3239} INFO - Sync 1 DAGs
[2026-07-25T09:13:50.506+0000] {logging_mixin.py:190} INFO - [2026-07-25T09:13:50.506+0000] {dag.py:4180} INFO - Setting next_dagrun for example_task_group_decorator to None, run_after=None
[2026-07-25T09:13:50.517+0000] {processor.py:208} INFO - Processing /home/airflow/.local/lib/python3.12/site-packages/airflow/example_dags/example_task_group_decorator.py took 0.053 seconds
[2026-07-25T09:14:20.701+0000] {processor.py:186} INFO - Started process (PID=1059) to work on /home/airflow/.local/lib/python3.12/site-packages/airflow/example_dags/example_task_group_decorator.py
[2026-07-25T09:14:20.702+0000] {processor.py:914} INFO - Processing file /home/airflow/.local/lib/python3.12/site-packages/airflow/example_dags/example_task_group_decorator.py for tasks to queue
[2026-07-25T09:14:20.704+0000] {logging_mixin.py:190} INFO - [2026-07-25T09:14:20.704+0000] {dagbag.py:588} INFO - Filling up the DagBag from /home/airflow/.local/lib/python3.12/site-packages/airflow/example_dags/example_task_group_decorator.py
[2026-07-25T09:14:20.713+0000] {processor.py:925} INFO - DAG(s) 'example_task_group_decorator' retrieved from /home/airflow/.local/lib/python3.12/site-packages/airflow/example_dags/example_task_group_decorator.py
[2026-07-25T09:14:20.728+0000] {logging_mixin.py:190} INFO - [2026-07-25T09:14:20.728+0000] {dag.py:3239} INFO - Sync 1 DAGs
[2026-07-25T09:14:20.736+0000] {logging_mixin.py:190} INFO - [2026-07-25T09:14:20.736+0000] {dag.py:4180} INFO - Setting next_dagrun for example_task_group_decorator to None, run_after=None
[2026-07-25T09:14:20.750+0000] {processor.py:208} INFO - Processing /home/airflow/.local/lib/python3.12/site-packages/airflow/example_dags/example_task_group_decorator.py took 0.052 seconds
[2026-07-25T09:15:32.549+0000] {processor.py:186} INFO - Started process (PID=62) to work on /home/airflow/.local/lib/python3.12/site-packages/airflow/example_dags/example_task_group_decorator.py
[2026-07-25T09:15:32.550+0000] {processor.py:914} INFO - Processing file /home/airflow/.local/lib/python3.12/site-packages/airflow/example_dags/example_task_group_decorator.py for tasks to queue
[2026-07-25T09:15:32.552+0000] {logging_mixin.py:190} INFO - [2026-07-25T09:15:32.552+0000] {dagbag.py:588} INFO - Filling up the DagBag from /home/airflow/.local/lib/python3.12/site-packages/airflow/example_dags/example_task_group_decorator.py
[2026-07-25T09:15:32.565+0000] {processor.py:925} INFO - DAG(s) 'example_task_group_decorator' retrieved from /home/airflow/.local/lib/python3.12/site-packages/airflow/example_dags/example_task_group_decorator.py
[2026-07-25T09:15:32.591+0000] {logging_mixin.py:190} INFO - [2026-07-25T09:15:32.591+0000] {dag.py:3239} INFO - Sync 1 DAGs
[2026-07-25T09:15:32.601+0000] {logging_mixin.py:190} INFO - [2026-07-25T09:15:32.600+0000] {dag.py:4180} INFO - Setting next_dagrun for example_task_group_decorator to None, run_after=None
[2026-07-25T09:15:32.614+0000] {processor.py:208} INFO - Processing /home/airflow/.local/lib/python3.12/site-packages/airflow/example_dags/example_task_group_decorator.py took 0.072 seconds
[2026-07-25T09:16:02.741+0000] {processor.py:186} INFO - Started process (PID=125) to work on /home/airflow/.local/lib/python3.12/site-packages/airflow/example_dags/example_task_group_decorator.py
[2026-07-25T09:16:02.741+0000] {processor.py:914} INFO - Processing file /home/airflow/.local/lib/python3.12/site-packages/airflow/example_dags/example_task_group_decorator.py for tasks to queue
[2026-07-25T09:16:02.743+0000] {logging_mixin.py:190} INFO - [2026-07-25T09:16:02.743+0000] {dagbag.py:588} INFO - Filling up the DagBag from /home/airflow/.local/lib/python3.12/site-packages/airflow/example_dags/example_task_group_decorator.py
[2026-07-25T09:16:02.756+0000] {processor.py:925} INFO - DAG(s) 'example_task_group_decorator' retrieved from /home/airflow/.local/lib/python3.12/site-packages/airflow/example_dags/example_task_group_decorator.py
[2026-07-25T09:16:02.776+0000] {logging_mixin.py:190} INFO - [2026-07-25T09:16:02.776+0000] {dag.py:3239} INFO - Sync 1 DAGs
[2026-07-25T09:16:02.789+0000] {logging_mixin.py:190} INFO - [2026-07-25T09:16:02.789+0000] {dag.py:4180} INFO - Setting next_dagrun for example_task_group_decorator to None, run_after=None
[2026-07-25T09:16:02.897+0000] {processor.py:208} INFO - Processing /home/airflow/.local/lib/python3.12/site-packages/airflow/example_dags/example_task_group_decorator.py took 0.161 seconds
[2026-07-25T09:16:33.502+0000] {processor.py:186} INFO - Started process (PID=188) to work on /home/airflow/.local/lib/python3.12/site-packages/airflow/example_dags/example_task_group_decorator.py
[2026-07-25T09:16:33.503+0000] {processor.py:914} INFO - Processing file /home/airflow/.local/lib/python3.12/site-packages/airflow/example_dags/example_task_group_decorator.py for tasks to queue
[2026-07-25T09:16:33.505+0000] {logging_mixin.py:190} INFO - [2026-07-25T09:16:33.505+0000] {dagbag.py:588} INFO - Filling up the DagBag from /home/airflow/.local/lib/python3.12/site-packages/airflow/example_dags/example_task_group_decorator.py
[2026-07-25T09:16:33.515+0000] {processor.py:925} INFO - DAG(s) 'example_task_group_decorator' retrieved from /home/airflow/.local/lib/python3.12/site-packages/airflow/example_dags/example_task_group_decorator.py
[2026-07-25T09:16:33.533+0000] {logging_mixin.py:190} INFO - [2026-07-25T09:16:33.533+0000] {dag.py:3239} INFO - Sync 1 DAGs
[2026-07-25T09:16:33.543+0000] {logging_mixin.py:190} INFO - [2026-07-25T09:16:33.543+0000] {dag.py:4180} INFO - Setting next_dagrun for example_task_group_decorator to None, run_after=None
[2026-07-25T09:16:33.554+0000] {processor.py:208} INFO - Processing /home/airflow/.local/lib/python3.12/site-packages/airflow/example_dags/example_task_group_decorator.py took 0.055 seconds
[2026-07-25T09:17:04.254+0000] {processor.py:186} INFO - Started process (PID=251) to work on /home/airflow/.local/lib/python3.12/site-packages/airflow/example_dags/example_task_group_decorator.py
[2026-07-25T09:17:04.254+0000] {processor.py:914} INFO - Processing file /home/airflow/.local/lib/python3.12/site-packages/airflow/example_dags/example_task_group_decorator.py for tasks to queue
[2026-07-25T09:17:04.256+0000] {logging_mixin.py:190} INFO - [2026-07-25T09:17:04.256+0000] {dagbag.py:588} INFO - Filling up the DagBag from /home/airflow/.local/lib/python3.12/site-packages/airflow/example_dags/example_task_group_decorator.py
[2026-07-25T09:17:04.266+0000] {processor.py:925} INFO - DAG(s) 'example_task_group_decorator' retrieved from /home/airflow/.local/lib/python3.12/site-packages/airflow/example_dags/example_task_group_decorator.py
[2026-07-25T09:17:04.282+0000] {logging_mixin.py:190} INFO - [2026-07-25T09:17:04.282+0000] {dag.py:3239} INFO - Sync 1 DAGs
[2026-07-25T09:17:04.289+0000] {logging_mixin.py:190} INFO - [2026-07-25T09:17:04.289+0000] {dag.py:4180} INFO - Setting next_dagrun for example_task_group_decorator to None, run_after=None
[2026-07-25T09:17:04.300+0000] {processor.py:208} INFO - Processing /home/airflow/.local/lib/python3.12/site-packages/airflow/example_dags/example_task_group_decorator.py took 0.049 seconds
[2026-07-25T09:17:34.643+0000] {processor.py:186} INFO - Started process (PID=314) to work on /home/airflow/.local/lib/python3.12/site-packages/airflow/example_dags/example_task_group_decorator.py
[2026-07-25T09:17:34.644+0000] {processor.py:914} INFO - Processing file /home/airflow/.local/lib/python3.12/site-packages/airflow/example_dags/example_task_group_decorator.py for tasks to queue
[2026-07-25T09:17:34.646+0000] {logging_mixin.py:190} INFO - [2026-07-25T09:17:34.646+0000] {dagbag.py:588} INFO - Filling up the DagBag from /home/airflow/.local/lib/python3.12/site-packages/airflow/example_dags/example_task_group_decorator.py
[2026-07-25T09:17:34.654+0000] {processor.py:925} INFO - DAG(s) 'example_task_group_decorator' retrieved from /home/airflow/.local/lib/python3.12/site-packages/airflow/example_dags/example_task_group_decorator.py
[2026-07-25T09:17:34.669+0000] {logging_mixin.py:190} INFO - [2026-07-25T09:17:34.669+0000] {dag.py:3239} INFO - Sync 1 DAGs
[2026-07-25T09:17:34.677+0000] {logging_mixin.py:190} INFO - [2026-07-25T09:17:34.677+0000] {dag.py:4180} INFO - Setting next_dagrun for example_task_group_decorator to None, run_after=None
[2026-07-25T09:17:34.688+0000] {processor.py:208} INFO - Processing /home/airflow/.local/lib/python3.12/site-packages/airflow/example_dags/example_task_group_decorator.py took 0.048 seconds
[2026-07-25T09:18:04.841+0000] {processor.py:186} INFO - Started process (PID=377) to work on /home/airflow/.local/lib/python3.12/site-packages/airflow/example_dags/example_task_group_decorator.py
[2026-07-25T09:18:04.842+0000] {processor.py:914} INFO - Processing file /home/airflow/.local/lib/python3.12/site-packages/airflow/example_dags/example_task_group_decorator.py for tasks to queue
[2026-07-25T09:18:04.844+0000] {logging_mixin.py:190} INFO - [2026-07-25T09:18:04.844+0000] {dagbag.py:588} INFO - Filling up the DagBag from /home/airflow/.local/lib/python3.12/site-packages/airflow/example_dags/example_task_group_decorator.py
[2026-07-25T09:18:04.853+0000] {processor.py:925} INFO - DAG(s) 'example_task_group_decorator' retrieved from /home/airflow/.local/lib/python3.12/site-packages/airflow/example_dags/example_task_group_decorator.py
[2026-07-25T09:18:04.869+0000] {logging_mixin.py:190} INFO - [2026-07-25T09:18:04.869+0000] {dag.py:3239} INFO - Sync 1 DAGs
[2026-07-25T09:18:04.877+0000] {logging_mixin.py:190} INFO - [2026-07-25T09:18:04.877+0000] {dag.py:4180} INFO - Setting next_dagrun for example_task_group_decorator to None, run_after=None
[2026-07-25T09:18:04.888+0000] {processor.py:208} INFO - Processing /home/airflow/.local/lib/python3.12/site-packages/airflow/example_dags/example_task_group_decorator.py took 0.050 seconds
[2026-07-25T09:18:35.524+0000] {processor.py:186} INFO - Started process (PID=439) to work on /home/airflow/.local/lib/python3.12/site-packages/airflow/example_dags/example_task_group_decorator.py
[2026-07-25T09:18:35.525+0000] {processor.py:914} INFO - Processing file /home/airflow/.local/lib/python3.12/site-packages/airflow/example_dags/example_task_group_decorator.py for tasks to queue
[2026-07-25T09:18:35.527+0000] {logging_mixin.py:190} INFO - [2026-07-25T09:18:35.527+0000] {dagbag.py:588} INFO - Filling up the DagBag from /home/airflow/.local/lib/python3.12/site-packages/airflow/example_dags/example_task_group_decorator.py
[2026-07-25T09:18:35.536+0000] {processor.py:925} INFO - DAG(s) 'example_task_group_decorator' retrieved from /home/airflow/.local/lib/python3.12/site-packages/airflow/example_dags/example_task_group_decorator.py
[2026-07-25T09:18:35.553+0000] {logging_mixin.py:190} INFO - [2026-07-25T09:18:35.553+0000] {dag.py:3239} INFO - Sync 1 DAGs
[2026-07-25T09:18:35.563+0000] {logging_mixin.py:190} INFO - [2026-07-25T09:18:35.563+0000] {dag.py:4180} INFO - Setting next_dagrun for example_task_group_decorator to None, run_after=None
[2026-07-25T09:18:35.575+0000] {processor.py:208} INFO - Processing /home/airflow/.local/lib/python3.12/site-packages/airflow/example_dags/example_task_group_decorator.py took 0.055 seconds
[2026-07-25T09:19:05.785+0000] {processor.py:186} INFO - Started process (PID=501) to work on /home/airflow/.local/lib/python3.12/site-packages/airflow/example_dags/example_task_group_decorator.py
[2026-07-25T09:19:05.786+0000] {processor.py:914} INFO - Processing file /home/airflow/.local/lib/python3.12/site-packages/airflow/example_dags/example_task_group_decorator.py for tasks to queue
[2026-07-25T09:19:05.788+0000] {logging_mixin.py:190} INFO - [2026-07-25T09:19:05.788+0000] {dagbag.py:588} INFO - Filling up the DagBag from /home/airflow/.local/lib/python3.12/site-packages/airflow/example_dags/example_task_group_decorator.py
[2026-07-25T09:19:05.798+0000] {processor.py:925} INFO - DAG(s) 'example_task_group_decorator' retrieved from /home/airflow/.local/lib/python3.12/site-packages/airflow/example_dags/example_task_group_decorator.py
[2026-07-25T09:19:05.814+0000] {logging_mixin.py:190} INFO - [2026-07-25T09:19:05.814+0000] {dag.py:3239} INFO - Sync 1 DAGs
[2026-07-25T09:19:05.824+0000] {logging_mixin.py:190} INFO - [2026-07-25T09:19:05.823+0000] {dag.py:4180} INFO - Setting next_dagrun for example_task_group_decorator to None, run_after=None
[2026-07-25T09:19:05.836+0000] {processor.py:208} INFO - Processing /home/airflow/.local/lib/python3.12/site-packages/airflow/example_dags/example_task_group_decorator.py took 0.054 seconds
[2026-07-25T09:20:43.607+0000] {processor.py:186} INFO - Started process (PID=62) to work on /home/airflow/.local/lib/python3.12/site-packages/airflow/example_dags/example_task_group_decorator.py
[2026-07-25T09:20:43.608+0000] {processor.py:914} INFO - Processing file /home/airflow/.local/lib/python3.12/site-packages/airflow/example_dags/example_task_group_decorator.py for tasks to queue
[2026-07-25T09:20:43.611+0000] {logging_mixin.py:190} INFO - [2026-07-25T09:20:43.610+0000] {dagbag.py:588} INFO - Filling up the DagBag from /home/airflow/.local/lib/python3.12/site-packages/airflow/example_dags/example_task_group_decorator.py
[2026-07-25T09:20:43.630+0000] {processor.py:925} INFO - DAG(s) 'example_task_group_decorator' retrieved from /home/airflow/.local/lib/python3.12/site-packages/airflow/example_dags/example_task_group_decorator.py
[2026-07-25T09:20:43.661+0000] {logging_mixin.py:190} INFO - [2026-07-25T09:20:43.661+0000] {dag.py:3239} INFO - Sync 1 DAGs
[2026-07-25T09:20:43.674+0000] {logging_mixin.py:190} INFO - [2026-07-25T09:20:43.673+0000] {dag.py:4180} INFO - Setting next_dagrun for example_task_group_decorator to None, run_after=None
[2026-07-25T09:20:43.687+0000] {processor.py:208} INFO - Processing /home/airflow/.local/lib/python3.12/site-packages/airflow/example_dags/example_task_group_decorator.py took 0.084 seconds
[2026-07-25T09:21:13.795+0000] {processor.py:186} INFO - Started process (PID=125) to work on /home/airflow/.local/lib/python3.12/site-packages/airflow/example_dags/example_task_group_decorator.py
[2026-07-25T09:21:13.796+0000] {processor.py:914} INFO - Processing file /home/airflow/.local/lib/python3.12/site-packages/airflow/example_dags/example_task_group_decorator.py for tasks to queue
[2026-07-25T09:21:13.799+0000] {logging_mixin.py:190} INFO - [2026-07-25T09:21:13.798+0000] {dagbag.py:588} INFO - Filling up the DagBag from /home/airflow/.local/lib/python3.12/site-packages/airflow/example_dags/example_task_group_decorator.py
[2026-07-25T09:21:13.810+0000] {processor.py:925} INFO - DAG(s) 'example_task_group_decorator' retrieved from /home/airflow/.local/lib/python3.12/site-packages/airflow/example_dags/example_task_group_decorator.py
[2026-07-25T09:21:13.831+0000] {logging_mixin.py:190} INFO - [2026-07-25T09:21:13.830+0000] {dag.py:3239} INFO - Sync 1 DAGs
[2026-07-25T09:21:13.842+0000] {logging_mixin.py:190} INFO - [2026-07-25T09:21:13.842+0000] {dag.py:4180} INFO - Setting next_dagrun for example_task_group_decorator to None, run_after=None
[2026-07-25T09:21:13.857+0000] {processor.py:208} INFO - Processing /home/airflow/.local/lib/python3.12/site-packages/airflow/example_dags/example_task_group_decorator.py took 0.065 seconds
[2026-07-25T09:21:43.946+0000] {processor.py:186} INFO - Started process (PID=188) to work on /home/airflow/.local/lib/python3.12/site-packages/airflow/example_dags/example_task_group_decorator.py
[2026-07-25T09:21:43.947+0000] {processor.py:914} INFO - Processing file /home/airflow/.local/lib/python3.12/site-packages/airflow/example_dags/example_task_group_decorator.py for tasks to queue
[2026-07-25T09:21:43.950+0000] {logging_mixin.py:190} INFO - [2026-07-25T09:21:43.950+0000] {dagbag.py:588} INFO - Filling up the DagBag from /home/airflow/.local/lib/python3.12/site-packages/airflow/example_dags/example_task_group_decorator.py
[2026-07-25T09:21:43.961+0000] {processor.py:925} INFO - DAG(s) 'example_task_group_decorator' retrieved from /home/airflow/.local/lib/python3.12/site-packages/airflow/example_dags/example_task_group_decorator.py
[2026-07-25T09:21:43.980+0000] {logging_mixin.py:190} INFO - [2026-07-25T09:21:43.980+0000] {dag.py:3239} INFO - Sync 1 DAGs
[2026-07-25T09:21:43.990+0000] {logging_mixin.py:190} INFO - [2026-07-25T09:21:43.990+0000] {dag.py:4180} INFO - Setting next_dagrun for example_task_group_decorator to None, run_after=None
[2026-07-25T09:21:44.002+0000] {processor.py:208} INFO - Processing /home/airflow/.local/lib/python3.12/site-packages/airflow/example_dags/example_task_group_decorator.py took 0.059 seconds
[2026-07-25T09:22:14.570+0000] {processor.py:186} INFO - Started process (PID=251) to work on /home/airflow/.local/lib/python3.12/site-packages/airflow/example_dags/example_task_group_decorator.py
[2026-07-25T09:22:14.570+0000] {processor.py:914} INFO - Processing file /home/airflow/.local/lib/python3.12/site-packages/airflow/example_dags/example_task_group_decorator.py for tasks to queue
[2026-07-25T09:22:14.573+0000] {logging_mixin.py:190} INFO - [2026-07-25T09:22:14.572+0000] {dagbag.py:588} INFO - Filling up the DagBag from /home/airflow/.local/lib/python3.12/site-packages/airflow/example_dags/example_task_group_decorator.py
[2026-07-25T09:22:14.583+0000] {processor.py:925} INFO - DAG(s) 'example_task_group_decorator' retrieved from /home/airflow/.local/lib/python3.12/site-packages/airflow/example_dags/example_task_group_decorator.py
[2026-07-25T09:22:14.602+0000] {logging_mixin.py:190} INFO - [2026-07-25T09:22:14.602+0000] {dag.py:3239} INFO - Sync 1 DAGs
[2026-07-25T09:22:14.612+0000] {logging_mixin.py:190} INFO - [2026-07-25T09:22:14.612+0000] {dag.py:4180} INFO - Setting next_dagrun for example_task_group_decorator to None, run_after=None
[2026-07-25T09:22:14.624+0000] {processor.py:208} INFO - Processing /home/airflow/.local/lib/python3.12/site-packages/airflow/example_dags/example_task_group_decorator.py took 0.058 seconds
[2026-07-25T09:23:55.352+0000] {processor.py:186} INFO - Started process (PID=62) to work on /home/airflow/.local/lib/python3.12/site-packages/airflow/example_dags/example_task_group_decorator.py
[2026-07-25T09:23:55.353+0000] {processor.py:914} INFO - Processing file /home/airflow/.local/lib/python3.12/site-packages/airflow/example_dags/example_task_group_decorator.py for tasks to queue
[2026-07-25T09:23:55.355+0000] {logging_mixin.py:190} INFO - [2026-07-25T09:23:55.355+0000] {dagbag.py:588} INFO - Filling up the DagBag from /home/airflow/.local/lib/python3.12/site-packages/airflow/example_dags/example_task_group_decorator.py
[2026-07-25T09:23:55.368+0000] {processor.py:925} INFO - DAG(s) 'example_task_group_decorator' retrieved from /home/airflow/.local/lib/python3.12/site-packages/airflow/example_dags/example_task_group_decorator.py
[2026-07-25T09:23:55.394+0000] {logging_mixin.py:190} INFO - [2026-07-25T09:23:55.393+0000] {dag.py:3239} INFO - Sync 1 DAGs
[2026-07-25T09:23:55.403+0000] {logging_mixin.py:190} INFO - [2026-07-25T09:23:55.403+0000] {dag.py:4180} INFO - Setting next_dagrun for example_task_group_decorator to None, run_after=None
[2026-07-25T09:23:55.416+0000] {processor.py:208} INFO - Processing /home/airflow/.local/lib/python3.12/site-packages/airflow/example_dags/example_task_group_decorator.py took 0.068 seconds
[2026-07-25T09:24:25.500+0000] {processor.py:186} INFO - Started process (PID=125) to work on /home/airflow/.local/lib/python3.12/site-packages/airflow/example_dags/example_task_group_decorator.py
[2026-07-25T09:24:25.501+0000] {processor.py:914} INFO - Processing file /home/airflow/.local/lib/python3.12/site-packages/airflow/example_dags/example_task_group_decorator.py for tasks to queue
[2026-07-25T09:24:25.503+0000] {logging_mixin.py:190} INFO - [2026-07-25T09:24:25.503+0000] {dagbag.py:588} INFO - Filling up the DagBag from /home/airflow/.local/lib/python3.12/site-packages/airflow/example_dags/example_task_group_decorator.py
[2026-07-25T09:24:25.515+0000] {processor.py:925} INFO - DAG(s) 'example_task_group_decorator' retrieved from /home/airflow/.local/lib/python3.12/site-packages/airflow/example_dags/example_task_group_decorator.py
[2026-07-25T09:24:25.531+0000] {logging_mixin.py:190} INFO - [2026-07-25T09:24:25.531+0000] {dag.py:3239} INFO - Sync 1 DAGs
[2026-07-25T09:24:25.540+0000] {logging_mixin.py:190} INFO - [2026-07-25T09:24:25.540+0000] {dag.py:4180} INFO - Setting next_dagrun for example_task_group_decorator to None, run_after=None
[2026-07-25T09:24:25.552+0000] {processor.py:208} INFO - Processing /home/airflow/.local/lib/python3.12/site-packages/airflow/example_dags/example_task_group_decorator.py took 0.055 seconds
[2026-07-25T09:24:56.000+0000] {processor.py:186} INFO - Started process (PID=188) to work on /home/airflow/.local/lib/python3.12/site-packages/airflow/example_dags/example_task_group_decorator.py
[2026-07-25T09:24:56.001+0000] {processor.py:914} INFO - Processing file /home/airflow/.local/lib/python3.12/site-packages/airflow/example_dags/example_task_group_decorator.py for tasks to queue
[2026-07-25T09:24:56.004+0000] {logging_mixin.py:190} INFO - [2026-07-25T09:24:56.003+0000] {dagbag.py:588} INFO - Filling up the DagBag from /home/airflow/.local/lib/python3.12/site-packages/airflow/example_dags/example_task_group_decorator.py
[2026-07-25T09:24:56.014+0000] {processor.py:925} INFO - DAG(s) 'example_task_group_decorator' retrieved from /home/airflow/.local/lib/python3.12/site-packages/airflow/example_dags/example_task_group_decorator.py
[2026-07-25T09:24:56.032+0000] {logging_mixin.py:190} INFO - [2026-07-25T09:24:56.032+0000] {dag.py:3239} INFO - Sync 1 DAGs
[2026-07-25T09:24:56.041+0000] {logging_mixin.py:190} INFO - [2026-07-25T09:24:56.041+0000] {dag.py:4180} INFO - Setting next_dagrun for example_task_group_decorator to None, run_after=None
[2026-07-25T09:24:56.071+0000] {processor.py:208} INFO - Processing /home/airflow/.local/lib/python3.12/site-packages/airflow/example_dags/example_task_group_decorator.py took 0.075 seconds
[2026-07-25T09:25:26.947+0000] {processor.py:186} INFO - Started process (PID=251) to work on /home/airflow/.local/lib/python3.12/site-packages/airflow/example_dags/example_task_group_decorator.py
[2026-07-25T09:25:26.948+0000] {processor.py:914} INFO - Processing file /home/airflow/.local/lib/python3.12/site-packages/airflow/example_dags/example_task_group_decorator.py for tasks to queue
[2026-07-25T09:25:26.950+0000] {logging_mixin.py:190} INFO - [2026-07-25T09:25:26.950+0000] {dagbag.py:588} INFO - Filling up the DagBag from /home/airflow/.local/lib/python3.12/site-packages/airflow/example_dags/example_task_group_decorator.py
[2026-07-25T09:25:26.961+0000] {processor.py:925} INFO - DAG(s) 'example_task_group_decorator' retrieved from /home/airflow/.local/lib/python3.12/site-packages/airflow/example_dags/example_task_group_decorator.py
[2026-07-25T09:25:26.978+0000] {logging_mixin.py:190} INFO - [2026-07-25T09:25:26.978+0000] {dag.py:3239} INFO - Sync 1 DAGs
[2026-07-25T09:25:26.987+0000] {logging_mixin.py:190} INFO - [2026-07-25T09:25:26.987+0000] {dag.py:4180} INFO - Setting next_dagrun for example_task_group_decorator to None, run_after=None
[2026-07-25T09:25:26.999+0000] {processor.py:208} INFO - Processing /home/airflow/.local/lib/python3.12/site-packages/airflow/example_dags/example_task_group_decorator.py took 0.055 seconds
[2026-07-25T09:26:47.204+0000] {processor.py:186} INFO - Started process (PID=62) to work on /home/airflow/.local/lib/python3.12/site-packages/airflow/example_dags/example_task_group_decorator.py
[2026-07-25T09:26:47.205+0000] {processor.py:914} INFO - Processing file /home/airflow/.local/lib/python3.12/site-packages/airflow/example_dags/example_task_group_decorator.py for tasks to queue
[2026-07-25T09:26:47.207+0000] {logging_mixin.py:190} INFO - [2026-07-25T09:26:47.207+0000] {dagbag.py:588} INFO - Filling up the DagBag from /home/airflow/.local/lib/python3.12/site-packages/airflow/example_dags/example_task_group_decorator.py
[2026-07-25T09:26:47.220+0000] {processor.py:925} INFO - DAG(s) 'example_task_group_decorator' retrieved from /home/airflow/.local/lib/python3.12/site-packages/airflow/example_dags/example_task_group_decorator.py
[2026-07-25T09:26:47.373+0000] {logging_mixin.py:190} INFO - [2026-07-25T09:26:47.372+0000] {override.py:1932} INFO - Created Permission View: can edit on DAG:example_task_group_decorator
[2026-07-25T09:26:47.381+0000] {logging_mixin.py:190} INFO - [2026-07-25T09:26:47.381+0000] {override.py:1932} INFO - Created Permission View: can read on DAG:example_task_group_decorator
[2026-07-25T09:26:47.387+0000] {logging_mixin.py:190} INFO - [2026-07-25T09:26:47.387+0000] {override.py:1932} INFO - Created Permission View: can delete on DAG:example_task_group_decorator
[2026-07-25T09:26:47.393+0000] {logging_mixin.py:190} INFO - [2026-07-25T09:26:47.393+0000] {override.py:1932} INFO - Created Permission View: menu access on DAG Run:example_task_group_decorator
[2026-07-25T09:26:47.399+0000] {logging_mixin.py:190} INFO - [2026-07-25T09:26:47.399+0000] {override.py:1932} INFO - Created Permission View: can read on DAG Run:example_task_group_decorator
[2026-07-25T09:26:47.404+0000] {logging_mixin.py:190} INFO - [2026-07-25T09:26:47.404+0000] {override.py:1932} INFO - Created Permission View: can create on DAG Run:example_task_group_decorator
[2026-07-25T09:26:47.410+0000] {logging_mixin.py:190} INFO - [2026-07-25T09:26:47.410+0000] {override.py:1932} INFO - Created Permission View: can delete on DAG Run:example_task_group_decorator
[2026-07-25T09:26:47.411+0000] {logging_mixin.py:190} INFO - [2026-07-25T09:26:47.411+0000] {dag.py:3239} INFO - Sync 1 DAGs
[2026-07-25T09:26:47.420+0000] {logging_mixin.py:190} INFO - [2026-07-25T09:26:47.420+0000] {dag.py:3262} INFO - Creating ORM DAG for example_task_group_decorator
[2026-07-25T09:26:47.421+0000] {logging_mixin.py:190} INFO - [2026-07-25T09:26:47.421+0000] {dag.py:4180} INFO - Setting next_dagrun for example_task_group_decorator to None, run_after=None
[2026-07-25T09:26:47.433+0000] {processor.py:208} INFO - Processing /home/airflow/.local/lib/python3.12/site-packages/airflow/example_dags/example_task_group_decorator.py took 0.234 seconds
[2026-07-25T09:27:17.490+0000] {processor.py:186} INFO - Started process (PID=125) to work on /home/airflow/.local/lib/python3.12/site-packages/airflow/example_dags/example_task_group_decorator.py
[2026-07-25T09:27:17.491+0000] {processor.py:914} INFO - Processing file /home/airflow/.local/lib/python3.12/site-packages/airflow/example_dags/example_task_group_decorator.py for tasks to queue
[2026-07-25T09:27:17.493+0000] {logging_mixin.py:190} INFO - [2026-07-25T09:27:17.493+0000] {dagbag.py:588} INFO - Filling up the DagBag from /home/airflow/.local/lib/python3.12/site-packages/airflow/example_dags/example_task_group_decorator.py
[2026-07-25T09:27:17.503+0000] {processor.py:925} INFO - DAG(s) 'example_task_group_decorator' retrieved from /home/airflow/.local/lib/python3.12/site-packages/airflow/example_dags/example_task_group_decorator.py
[2026-07-25T09:27:17.520+0000] {logging_mixin.py:190} INFO - [2026-07-25T09:27:17.520+0000] {dag.py:3239} INFO - Sync 1 DAGs
[2026-07-25T09:27:17.529+0000] {logging_mixin.py:190} INFO - [2026-07-25T09:27:17.529+0000] {dag.py:4180} INFO - Setting next_dagrun for example_task_group_decorator to None, run_after=None
[2026-07-25T09:27:17.543+0000] {processor.py:208} INFO - Processing /home/airflow/.local/lib/python3.12/site-packages/airflow/example_dags/example_task_group_decorator.py took 0.057 seconds
[2026-07-25T09:27:47.807+0000] {processor.py:186} INFO - Started process (PID=188) to work on /home/airflow/.local/lib/python3.12/site-packages/airflow/example_dags/example_task_group_decorator.py
[2026-07-25T09:27:47.808+0000] {processor.py:914} INFO - Processing file /home/airflow/.local/lib/python3.12/site-packages/airflow/example_dags/example_task_group_decorator.py for tasks to queue
[2026-07-25T09:27:47.810+0000] {logging_mixin.py:190} INFO - [2026-07-25T09:27:47.810+0000] {dagbag.py:588} INFO - Filling up the DagBag from /home/airflow/.local/lib/python3.12/site-packages/airflow/example_dags/example_task_group_decorator.py
[2026-07-25T09:27:47.820+0000] {processor.py:925} INFO - DAG(s) 'example_task_group_decorator' retrieved from /home/airflow/.local/lib/python3.12/site-packages/airflow/example_dags/example_task_group_decorator.py
[2026-07-25T09:27:47.837+0000] {logging_mixin.py:190} INFO - [2026-07-25T09:27:47.836+0000] {dag.py:3239} INFO - Sync 1 DAGs
[2026-07-25T09:27:47.845+0000] {logging_mixin.py:190} INFO - [2026-07-25T09:27:47.845+0000] {dag.py:4180} INFO - Setting next_dagrun for example_task_group_decorator to None, run_after=None
[2026-07-25T09:27:47.862+0000] {processor.py:208} INFO - Processing /home/airflow/.local/lib/python3.12/site-packages/airflow/example_dags/example_task_group_decorator.py took 0.058 seconds
[2026-07-25T09:28:18.202+0000] {processor.py:186} INFO - Started process (PID=251) to work on /home/airflow/.local/lib/python3.12/site-packages/airflow/example_dags/example_task_group_decorator.py
[2026-07-25T09:28:18.203+0000] {processor.py:914} INFO - Processing file /home/airflow/.local/lib/python3.12/site-packages/airflow/example_dags/example_task_group_decorator.py for tasks to queue
[2026-07-25T09:28:18.205+0000] {logging_mixin.py:190} INFO - [2026-07-25T09:28:18.205+0000] {dagbag.py:588} INFO - Filling up the DagBag from /home/airflow/.local/lib/python3.12/site-packages/airflow/example_dags/example_task_group_decorator.py
[2026-07-25T09:28:18.214+0000] {processor.py:925} INFO - DAG(s) 'example_task_group_decorator' retrieved from /home/airflow/.local/lib/python3.12/site-packages/airflow/example_dags/example_task_group_decorator.py
[2026-07-25T09:28:18.229+0000] {logging_mixin.py:190} INFO - [2026-07-25T09:28:18.229+0000] {dag.py:3239} INFO - Sync 1 DAGs
[2026-07-25T09:28:18.238+0000] {logging_mixin.py:190} INFO - [2026-07-25T09:28:18.238+0000] {dag.py:4180} INFO - Setting next_dagrun for example_task_group_decorator to None, run_after=None
[2026-07-25T09:28:18.259+0000] {processor.py:208} INFO - Processing /home/airflow/.local/lib/python3.12/site-packages/airflow/example_dags/example_task_group_decorator.py took 0.060 seconds
[2026-07-25T09:28:48.750+0000] {processor.py:186} INFO - Started process (PID=314) to work on /home/airflow/.local/lib/python3.12/site-packages/airflow/example_dags/example_task_group_decorator.py
[2026-07-25T09:28:48.751+0000] {processor.py:914} INFO - Processing file /home/airflow/.local/lib/python3.12/site-packages/airflow/example_dags/example_task_group_decorator.py for tasks to queue
[2026-07-25T09:28:48.753+0000] {logging_mixin.py:190} INFO - [2026-07-25T09:28:48.753+0000] {dagbag.py:588} INFO - Filling up the DagBag from /home/airflow/.local/lib/python3.12/site-packages/airflow/example_dags/example_task_group_decorator.py
[2026-07-25T09:28:48.762+0000] {processor.py:925} INFO - DAG(s) 'example_task_group_decorator' retrieved from /home/airflow/.local/lib/python3.12/site-packages/airflow/example_dags/example_task_group_decorator.py
[2026-07-25T09:28:48.780+0000] {logging_mixin.py:190} INFO - [2026-07-25T09:28:48.779+0000] {dag.py:3239} INFO - Sync 1 DAGs
[2026-07-25T09:28:48.789+0000] {logging_mixin.py:190} INFO - [2026-07-25T09:28:48.789+0000] {dag.py:4180} INFO - Setting next_dagrun for example_task_group_decorator to None, run_after=None
[2026-07-25T09:28:48.802+0000] {processor.py:208} INFO - Processing /home/airflow/.local/lib/python3.12/site-packages/airflow/example_dags/example_task_group_decorator.py took 0.056 seconds
[2026-07-25T09:29:19.355+0000] {processor.py:186} INFO - Started process (PID=376) to work on /home/airflow/.local/lib/python3.12/site-packages/airflow/example_dags/example_task_group_decorator.py
[2026-07-25T09:29:19.356+0000] {processor.py:914} INFO - Processing file /home/airflow/.local/lib/python3.12/site-packages/airflow/example_dags/example_task_group_decorator.py for tasks to queue
[2026-07-25T09:29:19.358+0000] {logging_mixin.py:190} INFO - [2026-07-25T09:29:19.358+0000] {dagbag.py:588} INFO - Filling up the DagBag from /home/airflow/.local/lib/python3.12/site-packages/airflow/example_dags/example_task_group_decorator.py
[2026-07-25T09:29:19.368+0000] {processor.py:925} INFO - DAG(s) 'example_task_group_decorator' retrieved from /home/airflow/.local/lib/python3.12/site-packages/airflow/example_dags/example_task_group_decorator.py
[2026-07-25T09:29:19.386+0000] {logging_mixin.py:190} INFO - [2026-07-25T09:29:19.386+0000] {dag.py:3239} INFO - Sync 1 DAGs
[2026-07-25T09:29:19.395+0000] {logging_mixin.py:190} INFO - [2026-07-25T09:29:19.395+0000] {dag.py:4180} INFO - Setting next_dagrun for example_task_group_decorator to None, run_after=None
[2026-07-25T09:29:19.415+0000] {processor.py:208} INFO - Processing /home/airflow/.local/lib/python3.12/site-packages/airflow/example_dags/example_task_group_decorator.py took 0.064 seconds
[2026-07-25T09:29:49.708+0000] {processor.py:186} INFO - Started process (PID=438) to work on /home/airflow/.local/lib/python3.12/site-packages/airflow/example_dags/example_task_group_decorator.py
[2026-07-25T09:29:49.709+0000] {processor.py:914} INFO - Processing file /home/airflow/.local/lib/python3.12/site-packages/airflow/example_dags/example_task_group_decorator.py for tasks to queue
[2026-07-25T09:29:49.711+0000] {logging_mixin.py:190} INFO - [2026-07-25T09:29:49.711+0000] {dagbag.py:588} INFO - Filling up the DagBag from /home/airflow/.local/lib/python3.12/site-packages/airflow/example_dags/example_task_group_decorator.py
[2026-07-25T09:29:49.720+0000] {processor.py:925} INFO - DAG(s) 'example_task_group_decorator' retrieved from /home/airflow/.local/lib/python3.12/site-packages/airflow/example_dags/example_task_group_decorator.py
[2026-07-25T09:29:49.738+0000] {logging_mixin.py:190} INFO - [2026-07-25T09:29:49.738+0000] {dag.py:3239} INFO - Sync 1 DAGs
[2026-07-25T09:29:49.749+0000] {logging_mixin.py:190} INFO - [2026-07-25T09:29:49.749+0000] {dag.py:4180} INFO - Setting next_dagrun for example_task_group_decorator to None, run_after=None
[2026-07-25T09:29:49.761+0000] {processor.py:208} INFO - Processing /home/airflow/.local/lib/python3.12/site-packages/airflow/example_dags/example_task_group_decorator.py took 0.057 seconds
[2026-07-25T09:30:20.376+0000] {processor.py:186} INFO - Started process (PID=500) to work on /home/airflow/.local/lib/python3.12/site-packages/airflow/example_dags/example_task_group_decorator.py
[2026-07-25T09:30:20.377+0000] {processor.py:914} INFO - Processing file /home/airflow/.local/lib/python3.12/site-packages/airflow/example_dags/example_task_group_decorator.py for tasks to queue
[2026-07-25T09:30:20.379+0000] {logging_mixin.py:190} INFO - [2026-07-25T09:30:20.378+0000] {dagbag.py:588} INFO - Filling up the DagBag from /home/airflow/.local/lib/python3.12/site-packages/airflow/example_dags/example_task_group_decorator.py
[2026-07-25T09:30:20.388+0000] {processor.py:925} INFO - DAG(s) 'example_task_group_decorator' retrieved from /home/airflow/.local/lib/python3.12/site-packages/airflow/example_dags/example_task_group_decorator.py
[2026-07-25T09:30:20.405+0000] {logging_mixin.py:190} INFO - [2026-07-25T09:30:20.405+0000] {dag.py:3239} INFO - Sync 1 DAGs
[2026-07-25T09:30:20.415+0000] {logging_mixin.py:190} INFO - [2026-07-25T09:30:20.415+0000] {dag.py:4180} INFO - Setting next_dagrun for example_task_group_decorator to None, run_after=None
[2026-07-25T09:30:20.426+0000] {processor.py:208} INFO - Processing /home/airflow/.local/lib/python3.12/site-packages/airflow/example_dags/example_task_group_decorator.py took 0.054 seconds
[2026-07-25T09:30:50.473+0000] {processor.py:186} INFO - Started process (PID=562) to work on /home/airflow/.local/lib/python3.12/site-packages/airflow/example_dags/example_task_group_decorator.py
[2026-07-25T09:30:50.474+0000] {processor.py:914} INFO - Processing file /home/airflow/.local/lib/python3.12/site-packages/airflow/example_dags/example_task_group_decorator.py for tasks to queue
[2026-07-25T09:30:50.476+0000] {logging_mixin.py:190} INFO - [2026-07-25T09:30:50.476+0000] {dagbag.py:588} INFO - Filling up the DagBag from /home/airflow/.local/lib/python3.12/site-packages/airflow/example_dags/example_task_group_decorator.py
[2026-07-25T09:30:50.485+0000] {processor.py:925} INFO - DAG(s) 'example_task_group_decorator' retrieved from /home/airflow/.local/lib/python3.12/site-packages/airflow/example_dags/example_task_group_decorator.py
[2026-07-25T09:30:50.503+0000] {logging_mixin.py:190} INFO - [2026-07-25T09:30:50.503+0000] {dag.py:3239} INFO - Sync 1 DAGs
[2026-07-25T09:30:50.511+0000] {logging_mixin.py:190} INFO - [2026-07-25T09:30:50.511+0000] {dag.py:4180} INFO - Setting next_dagrun for example_task_group_decorator to None, run_after=None
[2026-07-25T09:30:50.527+0000] {processor.py:208} INFO - Processing /home/airflow/.local/lib/python3.12/site-packages/airflow/example_dags/example_task_group_decorator.py took 0.058 seconds
