[2026-07-25T09:06:13.177+0000] {processor.py:186} INFO - Started process (PID=75) to work on /home/airflow/.local/lib/python3.12/site-packages/airflow/example_dags/example_kubernetes_executor.py
[2026-07-25T09:06:13.178+0000] {processor.py:914} INFO - Processing file /home/airflow/.local/lib/python3.12/site-packages/airflow/example_dags/example_kubernetes_executor.py for tasks to queue
[2026-07-25T09:06:13.179+0000] {logging_mixin.py:190} INFO - [2026-07-25T09:06:13.179+0000] {dagbag.py:588} INFO - Filling up the DagBag from /home/airflow/.local/lib/python3.12/site-packages/airflow/example_dags/example_kubernetes_executor.py
[2026-07-25T09:06:13.192+0000] {processor.py:925} INFO - DAG(s) 'example_kubernetes_executor' retrieved from /home/airflow/.local/lib/python3.12/site-packages/airflow/example_dags/example_kubernetes_executor.py
[2026-07-25T09:06:13.268+0000] {logging_mixin.py:190} INFO - [2026-07-25T09:06:13.267+0000] {override.py:1932} INFO - Created Permission View: can edit on DAG:example_kubernetes_executor
[2026-07-25T09:06:13.274+0000] {logging_mixin.py:190} INFO - [2026-07-25T09:06:13.274+0000] {override.py:1932} INFO - Created Permission View: can read on DAG:example_kubernetes_executor
[2026-07-25T09:06:13.279+0000] {logging_mixin.py:190} INFO - [2026-07-25T09:06:13.279+0000] {override.py:1932} INFO - Created Permission View: can delete on DAG:example_kubernetes_executor
[2026-07-25T09:06:13.289+0000] {logging_mixin.py:190} INFO - [2026-07-25T09:06:13.289+0000] {override.py:1932} INFO - Created Permission View: can create on DAG Run:example_kubernetes_executor
[2026-07-25T09:06:13.296+0000] {logging_mixin.py:190} INFO - [2026-07-25T09:06:13.296+0000] {override.py:1932} INFO - Created Permission View: can read on DAG Run:example_kubernetes_executor
[2026-07-25T09:06:13.302+0000] {logging_mixin.py:190} INFO - [2026-07-25T09:06:13.302+0000] {override.py:1932} INFO - Created Permission View: can delete on DAG Run:example_kubernetes_executor
[2026-07-25T09:06:13.307+0000] {logging_mixin.py:190} INFO - [2026-07-25T09:06:13.307+0000] {override.py:1932} INFO - Created Permission View: menu access on DAG Run:example_kubernetes_executor
[2026-07-25T09:06:13.308+0000] {logging_mixin.py:190} INFO - [2026-07-25T09:06:13.308+0000] {dag.py:3239} INFO - Sync 1 DAGs
[2026-07-25T09:06:13.320+0000] {logging_mixin.py:190} INFO - [2026-07-25T09:06:13.320+0000] {dag.py:3262} INFO - Creating ORM DAG for example_kubernetes_executor
[2026-07-25T09:06:13.321+0000] {logging_mixin.py:190} INFO - [2026-07-25T09:06:13.321+0000] {dag.py:4180} INFO - Setting next_dagrun for example_kubernetes_executor to None, run_after=None
[2026-07-25T09:06:13.333+0000] {processor.py:208} INFO - Processing /home/airflow/.local/lib/python3.12/site-packages/airflow/example_dags/example_kubernetes_executor.py took 0.160 seconds
[2026-07-25T09:06:43.557+0000] {processor.py:186} INFO - Started process (PID=138) to work on /home/airflow/.local/lib/python3.12/site-packages/airflow/example_dags/example_kubernetes_executor.py
[2026-07-25T09:06:43.558+0000] {processor.py:914} INFO - Processing file /home/airflow/.local/lib/python3.12/site-packages/airflow/example_dags/example_kubernetes_executor.py for tasks to queue
[2026-07-25T09:06:43.559+0000] {logging_mixin.py:190} INFO - [2026-07-25T09:06:43.559+0000] {dagbag.py:588} INFO - Filling up the DagBag from /home/airflow/.local/lib/python3.12/site-packages/airflow/example_dags/example_kubernetes_executor.py
[2026-07-25T09:06:43.568+0000] {processor.py:925} INFO - DAG(s) 'example_kubernetes_executor' retrieved from /home/airflow/.local/lib/python3.12/site-packages/airflow/example_dags/example_kubernetes_executor.py
[2026-07-25T09:06:43.585+0000] {logging_mixin.py:190} INFO - [2026-07-25T09:06:43.585+0000] {dag.py:3239} INFO - Sync 1 DAGs
[2026-07-25T09:06:43.594+0000] {logging_mixin.py:190} INFO - [2026-07-25T09:06:43.594+0000] {dag.py:4180} INFO - Setting next_dagrun for example_kubernetes_executor to None, run_after=None
[2026-07-25T09:06:43.606+0000] {processor.py:208} INFO - Processing /home/airflow/.local/lib/python3.12/site-packages/airflow/example_dags/example_kubernetes_executor.py took 0.052 seconds
[2026-07-25T09:07:14.580+0000] {processor.py:186} INFO - Started process (PID=201) to work on /home/airflow/.local/lib/python3.12/site-packages/airflow/example_dags/example_kubernetes_executor.py
[2026-07-25T09:07:14.580+0000] {processor.py:914} INFO - Processing file /home/airflow/.local/lib/python3.12/site-packages/airflow/example_dags/example_kubernetes_executor.py for tasks to queue
[2026-07-25T09:07:14.582+0000] {logging_mixin.py:190} INFO - [2026-07-25T09:07:14.582+0000] {dagbag.py:588} INFO - Filling up the DagBag from /home/airflow/.local/lib/python3.12/site-packages/airflow/example_dags/example_kubernetes_executor.py
[2026-07-25T09:07:14.592+0000] {processor.py:925} INFO - DAG(s) 'example_kubernetes_executor' retrieved from /home/airflow/.local/lib/python3.12/site-packages/airflow/example_dags/example_kubernetes_executor.py
[2026-07-25T09:07:14.609+0000] {logging_mixin.py:190} INFO - [2026-07-25T09:07:14.609+0000] {dag.py:3239} INFO - Sync 1 DAGs
[2026-07-25T09:07:14.618+0000] {logging_mixin.py:190} INFO - [2026-07-25T09:07:14.618+0000] {dag.py:4180} INFO - Setting next_dagrun for example_kubernetes_executor to None, run_after=None
[2026-07-25T09:07:14.630+0000] {processor.py:208} INFO - Processing /home/airflow/.local/lib/python3.12/site-packages/airflow/example_dags/example_kubernetes_executor.py took 0.054 seconds
[2026-07-25T09:07:45.007+0000] {processor.py:186} INFO - Started process (PID=264) to work on /home/airflow/.local/lib/python3.12/site-packages/airflow/example_dags/example_kubernetes_executor.py
[2026-07-25T09:07:45.007+0000] {processor.py:914} INFO - Processing file /home/airflow/.local/lib/python3.12/site-packages/airflow/example_dags/example_kubernetes_executor.py for tasks to queue
[2026-07-25T09:07:45.009+0000] {logging_mixin.py:190} INFO - [2026-07-25T09:07:45.009+0000] {dagbag.py:588} INFO - Filling up the DagBag from /home/airflow/.local/lib/python3.12/site-packages/airflow/example_dags/example_kubernetes_executor.py
[2026-07-25T09:07:45.018+0000] {processor.py:925} INFO - DAG(s) 'example_kubernetes_executor' retrieved from /home/airflow/.local/lib/python3.12/site-packages/airflow/example_dags/example_kubernetes_executor.py
[2026-07-25T09:07:45.033+0000] {logging_mixin.py:190} INFO - [2026-07-25T09:07:45.033+0000] {dag.py:3239} INFO - Sync 1 DAGs
[2026-07-25T09:07:45.041+0000] {logging_mixin.py:190} INFO - [2026-07-25T09:07:45.041+0000] {dag.py:4180} INFO - Setting next_dagrun for example_kubernetes_executor to None, run_after=None
[2026-07-25T09:07:45.053+0000] {processor.py:208} INFO - Processing /home/airflow/.local/lib/python3.12/site-packages/airflow/example_dags/example_kubernetes_executor.py took 0.049 seconds
[2026-07-25T09:08:15.471+0000] {processor.py:186} INFO - Started process (PID=333) to work on /home/airflow/.local/lib/python3.12/site-packages/airflow/example_dags/example_kubernetes_executor.py
[2026-07-25T09:08:15.472+0000] {processor.py:914} INFO - Processing file /home/airflow/.local/lib/python3.12/site-packages/airflow/example_dags/example_kubernetes_executor.py for tasks to queue
[2026-07-25T09:08:15.474+0000] {logging_mixin.py:190} INFO - [2026-07-25T09:08:15.474+0000] {dagbag.py:588} INFO - Filling up the DagBag from /home/airflow/.local/lib/python3.12/site-packages/airflow/example_dags/example_kubernetes_executor.py
[2026-07-25T09:08:15.484+0000] {processor.py:925} INFO - DAG(s) 'example_kubernetes_executor' retrieved from /home/airflow/.local/lib/python3.12/site-packages/airflow/example_dags/example_kubernetes_executor.py
[2026-07-25T09:08:15.499+0000] {logging_mixin.py:190} INFO - [2026-07-25T09:08:15.499+0000] {dag.py:3239} INFO - Sync 1 DAGs
[2026-07-25T09:08:15.508+0000] {logging_mixin.py:190} INFO - [2026-07-25T09:08:15.508+0000] {dag.py:4180} INFO - Setting next_dagrun for example_kubernetes_executor to None, run_after=None
[2026-07-25T09:08:15.519+0000] {processor.py:208} INFO - Processing /home/airflow/.local/lib/python3.12/site-packages/airflow/example_dags/example_kubernetes_executor.py took 0.052 seconds
[2026-07-25T09:08:46.327+0000] {processor.py:186} INFO - Started process (PID=396) to work on /home/airflow/.local/lib/python3.12/site-packages/airflow/example_dags/example_kubernetes_executor.py
[2026-07-25T09:08:46.328+0000] {processor.py:914} INFO - Processing file /home/airflow/.local/lib/python3.12/site-packages/airflow/example_dags/example_kubernetes_executor.py for tasks to queue
[2026-07-25T09:08:46.330+0000] {logging_mixin.py:190} INFO - [2026-07-25T09:08:46.329+0000] {dagbag.py:588} INFO - Filling up the DagBag from /home/airflow/.local/lib/python3.12/site-packages/airflow/example_dags/example_kubernetes_executor.py
[2026-07-25T09:08:46.339+0000] {processor.py:925} INFO - DAG(s) 'example_kubernetes_executor' retrieved from /home/airflow/.local/lib/python3.12/site-packages/airflow/example_dags/example_kubernetes_executor.py
[2026-07-25T09:08:46.356+0000] {logging_mixin.py:190} INFO - [2026-07-25T09:08:46.356+0000] {dag.py:3239} INFO - Sync 1 DAGs
[2026-07-25T09:08:46.365+0000] {logging_mixin.py:190} INFO - [2026-07-25T09:08:46.364+0000] {dag.py:4180} INFO - Setting next_dagrun for example_kubernetes_executor to None, run_after=None
[2026-07-25T09:08:46.376+0000] {processor.py:208} INFO - Processing /home/airflow/.local/lib/python3.12/site-packages/airflow/example_dags/example_kubernetes_executor.py took 0.052 seconds
[2026-07-25T09:09:20.263+0000] {processor.py:186} INFO - Started process (PID=459) to work on /home/airflow/.local/lib/python3.12/site-packages/airflow/example_dags/example_kubernetes_executor.py
[2026-07-25T09:09:20.264+0000] {processor.py:914} INFO - Processing file /home/airflow/.local/lib/python3.12/site-packages/airflow/example_dags/example_kubernetes_executor.py for tasks to queue
[2026-07-25T09:09:20.266+0000] {logging_mixin.py:190} INFO - [2026-07-25T09:09:20.266+0000] {dagbag.py:588} INFO - Filling up the DagBag from /home/airflow/.local/lib/python3.12/site-packages/airflow/example_dags/example_kubernetes_executor.py
[2026-07-25T09:09:20.276+0000] {processor.py:925} INFO - DAG(s) 'example_kubernetes_executor' retrieved from /home/airflow/.local/lib/python3.12/site-packages/airflow/example_dags/example_kubernetes_executor.py
[2026-07-25T09:09:20.290+0000] {logging_mixin.py:190} INFO - [2026-07-25T09:09:20.290+0000] {dag.py:3239} INFO - Sync 1 DAGs
[2026-07-25T09:09:20.299+0000] {logging_mixin.py:190} INFO - [2026-07-25T09:09:20.299+0000] {dag.py:4180} INFO - Setting next_dagrun for example_kubernetes_executor to None, run_after=None
[2026-07-25T09:09:20.311+0000] {processor.py:208} INFO - Processing /home/airflow/.local/lib/python3.12/site-packages/airflow/example_dags/example_kubernetes_executor.py took 0.051 seconds
[2026-07-25T09:09:54.151+0000] {processor.py:186} INFO - Started process (PID=522) to work on /home/airflow/.local/lib/python3.12/site-packages/airflow/example_dags/example_kubernetes_executor.py
[2026-07-25T09:09:54.152+0000] {processor.py:914} INFO - Processing file /home/airflow/.local/lib/python3.12/site-packages/airflow/example_dags/example_kubernetes_executor.py for tasks to queue
[2026-07-25T09:09:54.154+0000] {logging_mixin.py:190} INFO - [2026-07-25T09:09:54.154+0000] {dagbag.py:588} INFO - Filling up the DagBag from /home/airflow/.local/lib/python3.12/site-packages/airflow/example_dags/example_kubernetes_executor.py
[2026-07-25T09:09:54.164+0000] {processor.py:925} INFO - DAG(s) 'example_kubernetes_executor' retrieved from /home/airflow/.local/lib/python3.12/site-packages/airflow/example_dags/example_kubernetes_executor.py
[2026-07-25T09:09:54.180+0000] {logging_mixin.py:190} INFO - [2026-07-25T09:09:54.180+0000] {dag.py:3239} INFO - Sync 1 DAGs
[2026-07-25T09:09:54.190+0000] {logging_mixin.py:190} INFO - [2026-07-25T09:09:54.190+0000] {dag.py:4180} INFO - Setting next_dagrun for example_kubernetes_executor to None, run_after=None
[2026-07-25T09:09:54.207+0000] {processor.py:208} INFO - Processing /home/airflow/.local/lib/python3.12/site-packages/airflow/example_dags/example_kubernetes_executor.py took 0.060 seconds
[2026-07-25T09:10:24.539+0000] {processor.py:186} INFO - Started process (PID=583) to work on /home/airflow/.local/lib/python3.12/site-packages/airflow/example_dags/example_kubernetes_executor.py
[2026-07-25T09:10:24.540+0000] {processor.py:914} INFO - Processing file /home/airflow/.local/lib/python3.12/site-packages/airflow/example_dags/example_kubernetes_executor.py for tasks to queue
[2026-07-25T09:10:24.542+0000] {logging_mixin.py:190} INFO - [2026-07-25T09:10:24.542+0000] {dagbag.py:588} INFO - Filling up the DagBag from /home/airflow/.local/lib/python3.12/site-packages/airflow/example_dags/example_kubernetes_executor.py
[2026-07-25T09:10:24.553+0000] {processor.py:925} INFO - DAG(s) 'example_kubernetes_executor' retrieved from /home/airflow/.local/lib/python3.12/site-packages/airflow/example_dags/example_kubernetes_executor.py
[2026-07-25T09:10:24.570+0000] {logging_mixin.py:190} INFO - [2026-07-25T09:10:24.570+0000] {dag.py:3239} INFO - Sync 1 DAGs
[2026-07-25T09:10:24.580+0000] {logging_mixin.py:190} INFO - [2026-07-25T09:10:24.580+0000] {dag.py:4180} INFO - Setting next_dagrun for example_kubernetes_executor to None, run_after=None
[2026-07-25T09:10:24.593+0000] {processor.py:208} INFO - Processing /home/airflow/.local/lib/python3.12/site-packages/airflow/example_dags/example_kubernetes_executor.py took 0.058 seconds
[2026-07-25T09:10:55.170+0000] {processor.py:186} INFO - Started process (PID=646) to work on /home/airflow/.local/lib/python3.12/site-packages/airflow/example_dags/example_kubernetes_executor.py
[2026-07-25T09:10:55.171+0000] {processor.py:914} INFO - Processing file /home/airflow/.local/lib/python3.12/site-packages/airflow/example_dags/example_kubernetes_executor.py for tasks to queue
[2026-07-25T09:10:55.173+0000] {logging_mixin.py:190} INFO - [2026-07-25T09:10:55.173+0000] {dagbag.py:588} INFO - Filling up the DagBag from /home/airflow/.local/lib/python3.12/site-packages/airflow/example_dags/example_kubernetes_executor.py
[2026-07-25T09:10:55.182+0000] {processor.py:925} INFO - DAG(s) 'example_kubernetes_executor' retrieved from /home/airflow/.local/lib/python3.12/site-packages/airflow/example_dags/example_kubernetes_executor.py
[2026-07-25T09:10:55.199+0000] {logging_mixin.py:190} INFO - [2026-07-25T09:10:55.199+0000] {dag.py:3239} INFO - Sync 1 DAGs
[2026-07-25T09:10:55.207+0000] {logging_mixin.py:190} INFO - [2026-07-25T09:10:55.207+0000] {dag.py:4180} INFO - Setting next_dagrun for example_kubernetes_executor to None, run_after=None
[2026-07-25T09:10:55.220+0000] {processor.py:208} INFO - Processing /home/airflow/.local/lib/python3.12/site-packages/airflow/example_dags/example_kubernetes_executor.py took 0.054 seconds
[2026-07-25T09:11:25.767+0000] {processor.py:186} INFO - Started process (PID=707) to work on /home/airflow/.local/lib/python3.12/site-packages/airflow/example_dags/example_kubernetes_executor.py
[2026-07-25T09:11:25.768+0000] {processor.py:914} INFO - Processing file /home/airflow/.local/lib/python3.12/site-packages/airflow/example_dags/example_kubernetes_executor.py for tasks to queue
[2026-07-25T09:11:25.771+0000] {logging_mixin.py:190} INFO - [2026-07-25T09:11:25.771+0000] {dagbag.py:588} INFO - Filling up the DagBag from /home/airflow/.local/lib/python3.12/site-packages/airflow/example_dags/example_kubernetes_executor.py
[2026-07-25T09:11:25.779+0000] {processor.py:925} INFO - DAG(s) 'example_kubernetes_executor' retrieved from /home/airflow/.local/lib/python3.12/site-packages/airflow/example_dags/example_kubernetes_executor.py
[2026-07-25T09:11:25.795+0000] {logging_mixin.py:190} INFO - [2026-07-25T09:11:25.795+0000] {dag.py:3239} INFO - Sync 1 DAGs
[2026-07-25T09:11:25.804+0000] {logging_mixin.py:190} INFO - [2026-07-25T09:11:25.804+0000] {dag.py:4180} INFO - Setting next_dagrun for example_kubernetes_executor to None, run_after=None
[2026-07-25T09:11:25.816+0000] {processor.py:208} INFO - Processing /home/airflow/.local/lib/python3.12/site-packages/airflow/example_dags/example_kubernetes_executor.py took 0.052 seconds
[2026-07-25T09:11:56.174+0000] {processor.py:186} INFO - Started process (PID=770) to work on /home/airflow/.local/lib/python3.12/site-packages/airflow/example_dags/example_kubernetes_executor.py
[2026-07-25T09:11:56.177+0000] {processor.py:914} INFO - Processing file /home/airflow/.local/lib/python3.12/site-packages/airflow/example_dags/example_kubernetes_executor.py for tasks to queue
[2026-07-25T09:11:56.179+0000] {logging_mixin.py:190} INFO - [2026-07-25T09:11:56.179+0000] {dagbag.py:588} INFO - Filling up the DagBag from /home/airflow/.local/lib/python3.12/site-packages/airflow/example_dags/example_kubernetes_executor.py
[2026-07-25T09:11:56.189+0000] {processor.py:925} INFO - DAG(s) 'example_kubernetes_executor' retrieved from /home/airflow/.local/lib/python3.12/site-packages/airflow/example_dags/example_kubernetes_executor.py
[2026-07-25T09:11:56.207+0000] {logging_mixin.py:190} INFO - [2026-07-25T09:11:56.207+0000] {dag.py:3239} INFO - Sync 1 DAGs
[2026-07-25T09:11:56.218+0000] {logging_mixin.py:190} INFO - [2026-07-25T09:11:56.218+0000] {dag.py:4180} INFO - Setting next_dagrun for example_kubernetes_executor to None, run_after=None
[2026-07-25T09:11:56.230+0000] {processor.py:208} INFO - Processing /home/airflow/.local/lib/python3.12/site-packages/airflow/example_dags/example_kubernetes_executor.py took 0.059 seconds
[2026-07-25T09:12:26.862+0000] {processor.py:186} INFO - Started process (PID=833) to work on /home/airflow/.local/lib/python3.12/site-packages/airflow/example_dags/example_kubernetes_executor.py
[2026-07-25T09:12:26.863+0000] {processor.py:914} INFO - Processing file /home/airflow/.local/lib/python3.12/site-packages/airflow/example_dags/example_kubernetes_executor.py for tasks to queue
[2026-07-25T09:12:26.864+0000] {logging_mixin.py:190} INFO - [2026-07-25T09:12:26.864+0000] {dagbag.py:588} INFO - Filling up the DagBag from /home/airflow/.local/lib/python3.12/site-packages/airflow/example_dags/example_kubernetes_executor.py
[2026-07-25T09:12:26.874+0000] {processor.py:925} INFO - DAG(s) 'example_kubernetes_executor' retrieved from /home/airflow/.local/lib/python3.12/site-packages/airflow/example_dags/example_kubernetes_executor.py
[2026-07-25T09:12:26.890+0000] {logging_mixin.py:190} INFO - [2026-07-25T09:12:26.890+0000] {dag.py:3239} INFO - Sync 1 DAGs
[2026-07-25T09:12:26.898+0000] {logging_mixin.py:190} INFO - [2026-07-25T09:12:26.898+0000] {dag.py:4180} INFO - Setting next_dagrun for example_kubernetes_executor to None, run_after=None
[2026-07-25T09:12:26.909+0000] {processor.py:208} INFO - Processing /home/airflow/.local/lib/python3.12/site-packages/airflow/example_dags/example_kubernetes_executor.py took 0.051 seconds
[2026-07-25T09:12:56.992+0000] {processor.py:186} INFO - Started process (PID=895) to work on /home/airflow/.local/lib/python3.12/site-packages/airflow/example_dags/example_kubernetes_executor.py
[2026-07-25T09:12:56.992+0000] {processor.py:914} INFO - Processing file /home/airflow/.local/lib/python3.12/site-packages/airflow/example_dags/example_kubernetes_executor.py for tasks to queue
[2026-07-25T09:12:56.995+0000] {logging_mixin.py:190} INFO - [2026-07-25T09:12:56.994+0000] {dagbag.py:588} INFO - Filling up the DagBag from /home/airflow/.local/lib/python3.12/site-packages/airflow/example_dags/example_kubernetes_executor.py
[2026-07-25T09:12:57.007+0000] {processor.py:925} INFO - DAG(s) 'example_kubernetes_executor' retrieved from /home/airflow/.local/lib/python3.12/site-packages/airflow/example_dags/example_kubernetes_executor.py
[2026-07-25T09:12:57.024+0000] {logging_mixin.py:190} INFO - [2026-07-25T09:12:57.024+0000] {dag.py:3239} INFO - Sync 1 DAGs
[2026-07-25T09:12:57.033+0000] {logging_mixin.py:190} INFO - [2026-07-25T09:12:57.033+0000] {dag.py:4180} INFO - Setting next_dagrun for example_kubernetes_executor to None, run_after=None
[2026-07-25T09:12:57.045+0000] {processor.py:208} INFO - Processing /home/airflow/.local/lib/python3.12/site-packages/airflow/example_dags/example_kubernetes_executor.py took 0.057 seconds
[2026-07-25T09:13:27.728+0000] {processor.py:186} INFO - Started process (PID=958) to work on /home/airflow/.local/lib/python3.12/site-packages/airflow/example_dags/example_kubernetes_executor.py
[2026-07-25T09:13:27.729+0000] {processor.py:914} INFO - Processing file /home/airflow/.local/lib/python3.12/site-packages/airflow/example_dags/example_kubernetes_executor.py for tasks to queue
[2026-07-25T09:13:27.731+0000] {logging_mixin.py:190} INFO - [2026-07-25T09:13:27.731+0000] {dagbag.py:588} INFO - Filling up the DagBag from /home/airflow/.local/lib/python3.12/site-packages/airflow/example_dags/example_kubernetes_executor.py
[2026-07-25T09:13:27.740+0000] {processor.py:925} INFO - DAG(s) 'example_kubernetes_executor' retrieved from /home/airflow/.local/lib/python3.12/site-packages/airflow/example_dags/example_kubernetes_executor.py
[2026-07-25T09:13:27.754+0000] {logging_mixin.py:190} INFO - [2026-07-25T09:13:27.754+0000] {dag.py:3239} INFO - Sync 1 DAGs
[2026-07-25T09:13:27.762+0000] {logging_mixin.py:190} INFO - [2026-07-25T09:13:27.762+0000] {dag.py:4180} INFO - Setting next_dagrun for example_kubernetes_executor to None, run_after=None
[2026-07-25T09:13:27.773+0000] {processor.py:208} INFO - Processing /home/airflow/.local/lib/python3.12/site-packages/airflow/example_dags/example_kubernetes_executor.py took 0.049 seconds
[2026-07-25T09:13:59.199+0000] {processor.py:186} INFO - Started process (PID=1021) to work on /home/airflow/.local/lib/python3.12/site-packages/airflow/example_dags/example_kubernetes_executor.py
[2026-07-25T09:13:59.200+0000] {processor.py:914} INFO - Processing file /home/airflow/.local/lib/python3.12/site-packages/airflow/example_dags/example_kubernetes_executor.py for tasks to queue
[2026-07-25T09:13:59.201+0000] {logging_mixin.py:190} INFO - [2026-07-25T09:13:59.201+0000] {dagbag.py:588} INFO - Filling up the DagBag from /home/airflow/.local/lib/python3.12/site-packages/airflow/example_dags/example_kubernetes_executor.py
[2026-07-25T09:13:59.211+0000] {processor.py:925} INFO - DAG(s) 'example_kubernetes_executor' retrieved from /home/airflow/.local/lib/python3.12/site-packages/airflow/example_dags/example_kubernetes_executor.py
[2026-07-25T09:13:59.228+0000] {logging_mixin.py:190} INFO - [2026-07-25T09:13:59.228+0000] {dag.py:3239} INFO - Sync 1 DAGs
[2026-07-25T09:13:59.238+0000] {logging_mixin.py:190} INFO - [2026-07-25T09:13:59.238+0000] {dag.py:4180} INFO - Setting next_dagrun for example_kubernetes_executor to None, run_after=None
[2026-07-25T09:13:59.249+0000] {processor.py:208} INFO - Processing /home/airflow/.local/lib/python3.12/site-packages/airflow/example_dags/example_kubernetes_executor.py took 0.053 seconds
[2026-07-25T09:14:29.786+0000] {processor.py:186} INFO - Started process (PID=1079) to work on /home/airflow/.local/lib/python3.12/site-packages/airflow/example_dags/example_kubernetes_executor.py
[2026-07-25T09:14:29.787+0000] {processor.py:914} INFO - Processing file /home/airflow/.local/lib/python3.12/site-packages/airflow/example_dags/example_kubernetes_executor.py for tasks to queue
[2026-07-25T09:14:29.789+0000] {logging_mixin.py:190} INFO - [2026-07-25T09:14:29.789+0000] {dagbag.py:588} INFO - Filling up the DagBag from /home/airflow/.local/lib/python3.12/site-packages/airflow/example_dags/example_kubernetes_executor.py
[2026-07-25T09:14:29.798+0000] {processor.py:925} INFO - DAG(s) 'example_kubernetes_executor' retrieved from /home/airflow/.local/lib/python3.12/site-packages/airflow/example_dags/example_kubernetes_executor.py
[2026-07-25T09:14:29.814+0000] {logging_mixin.py:190} INFO - [2026-07-25T09:14:29.814+0000] {dag.py:3239} INFO - Sync 1 DAGs
[2026-07-25T09:14:29.823+0000] {logging_mixin.py:190} INFO - [2026-07-25T09:14:29.823+0000] {dag.py:4180} INFO - Setting next_dagrun for example_kubernetes_executor to None, run_after=None
[2026-07-25T09:14:29.835+0000] {processor.py:208} INFO - Processing /home/airflow/.local/lib/python3.12/site-packages/airflow/example_dags/example_kubernetes_executor.py took 0.052 seconds
[2026-07-25T09:15:33.257+0000] {processor.py:186} INFO - Started process (PID=75) to work on /home/airflow/.local/lib/python3.12/site-packages/airflow/example_dags/example_kubernetes_executor.py
[2026-07-25T09:15:33.258+0000] {processor.py:914} INFO - Processing file /home/airflow/.local/lib/python3.12/site-packages/airflow/example_dags/example_kubernetes_executor.py for tasks to queue
[2026-07-25T09:15:33.260+0000] {logging_mixin.py:190} INFO - [2026-07-25T09:15:33.260+0000] {dagbag.py:588} INFO - Filling up the DagBag from /home/airflow/.local/lib/python3.12/site-packages/airflow/example_dags/example_kubernetes_executor.py
[2026-07-25T09:15:33.273+0000] {processor.py:925} INFO - DAG(s) 'example_kubernetes_executor' retrieved from /home/airflow/.local/lib/python3.12/site-packages/airflow/example_dags/example_kubernetes_executor.py
[2026-07-25T09:15:33.294+0000] {logging_mixin.py:190} INFO - [2026-07-25T09:15:33.293+0000] {dag.py:3239} INFO - Sync 1 DAGs
[2026-07-25T09:15:33.304+0000] {logging_mixin.py:190} INFO - [2026-07-25T09:15:33.304+0000] {dag.py:4180} INFO - Setting next_dagrun for example_kubernetes_executor to None, run_after=None
[2026-07-25T09:15:33.315+0000] {processor.py:208} INFO - Processing /home/airflow/.local/lib/python3.12/site-packages/airflow/example_dags/example_kubernetes_executor.py took 0.061 seconds
[2026-07-25T09:16:03.487+0000] {processor.py:186} INFO - Started process (PID=138) to work on /home/airflow/.local/lib/python3.12/site-packages/airflow/example_dags/example_kubernetes_executor.py
[2026-07-25T09:16:03.488+0000] {processor.py:914} INFO - Processing file /home/airflow/.local/lib/python3.12/site-packages/airflow/example_dags/example_kubernetes_executor.py for tasks to queue
[2026-07-25T09:16:03.490+0000] {logging_mixin.py:190} INFO - [2026-07-25T09:16:03.490+0000] {dagbag.py:588} INFO - Filling up the DagBag from /home/airflow/.local/lib/python3.12/site-packages/airflow/example_dags/example_kubernetes_executor.py
[2026-07-25T09:16:03.500+0000] {processor.py:925} INFO - DAG(s) 'example_kubernetes_executor' retrieved from /home/airflow/.local/lib/python3.12/site-packages/airflow/example_dags/example_kubernetes_executor.py
[2026-07-25T09:16:03.516+0000] {logging_mixin.py:190} INFO - [2026-07-25T09:16:03.516+0000] {dag.py:3239} INFO - Sync 1 DAGs
[2026-07-25T09:16:03.525+0000] {logging_mixin.py:190} INFO - [2026-07-25T09:16:03.525+0000] {dag.py:4180} INFO - Setting next_dagrun for example_kubernetes_executor to None, run_after=None
[2026-07-25T09:16:03.536+0000] {processor.py:208} INFO - Processing /home/airflow/.local/lib/python3.12/site-packages/airflow/example_dags/example_kubernetes_executor.py took 0.053 seconds
[2026-07-25T09:16:34.257+0000] {processor.py:186} INFO - Started process (PID=201) to work on /home/airflow/.local/lib/python3.12/site-packages/airflow/example_dags/example_kubernetes_executor.py
[2026-07-25T09:16:34.257+0000] {processor.py:914} INFO - Processing file /home/airflow/.local/lib/python3.12/site-packages/airflow/example_dags/example_kubernetes_executor.py for tasks to queue
[2026-07-25T09:16:34.259+0000] {logging_mixin.py:190} INFO - [2026-07-25T09:16:34.259+0000] {dagbag.py:588} INFO - Filling up the DagBag from /home/airflow/.local/lib/python3.12/site-packages/airflow/example_dags/example_kubernetes_executor.py
[2026-07-25T09:16:34.268+0000] {processor.py:925} INFO - DAG(s) 'example_kubernetes_executor' retrieved from /home/airflow/.local/lib/python3.12/site-packages/airflow/example_dags/example_kubernetes_executor.py
[2026-07-25T09:16:34.285+0000] {logging_mixin.py:190} INFO - [2026-07-25T09:16:34.285+0000] {dag.py:3239} INFO - Sync 1 DAGs
[2026-07-25T09:16:34.293+0000] {logging_mixin.py:190} INFO - [2026-07-25T09:16:34.293+0000] {dag.py:4180} INFO - Setting next_dagrun for example_kubernetes_executor to None, run_after=None
[2026-07-25T09:16:34.305+0000] {processor.py:208} INFO - Processing /home/airflow/.local/lib/python3.12/site-packages/airflow/example_dags/example_kubernetes_executor.py took 0.052 seconds
[2026-07-25T09:17:04.938+0000] {processor.py:186} INFO - Started process (PID=264) to work on /home/airflow/.local/lib/python3.12/site-packages/airflow/example_dags/example_kubernetes_executor.py
[2026-07-25T09:17:04.939+0000] {processor.py:914} INFO - Processing file /home/airflow/.local/lib/python3.12/site-packages/airflow/example_dags/example_kubernetes_executor.py for tasks to queue
[2026-07-25T09:17:04.941+0000] {logging_mixin.py:190} INFO - [2026-07-25T09:17:04.941+0000] {dagbag.py:588} INFO - Filling up the DagBag from /home/airflow/.local/lib/python3.12/site-packages/airflow/example_dags/example_kubernetes_executor.py
[2026-07-25T09:17:04.949+0000] {processor.py:925} INFO - DAG(s) 'example_kubernetes_executor' retrieved from /home/airflow/.local/lib/python3.12/site-packages/airflow/example_dags/example_kubernetes_executor.py
[2026-07-25T09:17:04.964+0000] {logging_mixin.py:190} INFO - [2026-07-25T09:17:04.964+0000] {dag.py:3239} INFO - Sync 1 DAGs
[2026-07-25T09:17:04.972+0000] {logging_mixin.py:190} INFO - [2026-07-25T09:17:04.972+0000] {dag.py:4180} INFO - Setting next_dagrun for example_kubernetes_executor to None, run_after=None
[2026-07-25T09:17:04.983+0000] {processor.py:208} INFO - Processing /home/airflow/.local/lib/python3.12/site-packages/airflow/example_dags/example_kubernetes_executor.py took 0.048 seconds
[2026-07-25T09:17:35.331+0000] {processor.py:186} INFO - Started process (PID=327) to work on /home/airflow/.local/lib/python3.12/site-packages/airflow/example_dags/example_kubernetes_executor.py
[2026-07-25T09:17:35.331+0000] {processor.py:914} INFO - Processing file /home/airflow/.local/lib/python3.12/site-packages/airflow/example_dags/example_kubernetes_executor.py for tasks to queue
[2026-07-25T09:17:35.333+0000] {logging_mixin.py:190} INFO - [2026-07-25T09:17:35.333+0000] {dagbag.py:588} INFO - Filling up the DagBag from /home/airflow/.local/lib/python3.12/site-packages/airflow/example_dags/example_kubernetes_executor.py
[2026-07-25T09:17:35.342+0000] {processor.py:925} INFO - DAG(s) 'example_kubernetes_executor' retrieved from /home/airflow/.local/lib/python3.12/site-packages/airflow/example_dags/example_kubernetes_executor.py
[2026-07-25T09:17:35.357+0000] {logging_mixin.py:190} INFO - [2026-07-25T09:17:35.357+0000] {dag.py:3239} INFO - Sync 1 DAGs
[2026-07-25T09:17:35.365+0000] {logging_mixin.py:190} INFO - [2026-07-25T09:17:35.365+0000] {dag.py:4180} INFO - Setting next_dagrun for example_kubernetes_executor to None, run_after=None
[2026-07-25T09:17:35.376+0000] {processor.py:208} INFO - Processing /home/airflow/.local/lib/python3.12/site-packages/airflow/example_dags/example_kubernetes_executor.py took 0.049 seconds
[2026-07-25T09:18:05.747+0000] {processor.py:186} INFO - Started process (PID=390) to work on /home/airflow/.local/lib/python3.12/site-packages/airflow/example_dags/example_kubernetes_executor.py
[2026-07-25T09:18:05.748+0000] {processor.py:914} INFO - Processing file /home/airflow/.local/lib/python3.12/site-packages/airflow/example_dags/example_kubernetes_executor.py for tasks to queue
[2026-07-25T09:18:05.750+0000] {logging_mixin.py:190} INFO - [2026-07-25T09:18:05.749+0000] {dagbag.py:588} INFO - Filling up the DagBag from /home/airflow/.local/lib/python3.12/site-packages/airflow/example_dags/example_kubernetes_executor.py
[2026-07-25T09:18:05.759+0000] {processor.py:925} INFO - DAG(s) 'example_kubernetes_executor' retrieved from /home/airflow/.local/lib/python3.12/site-packages/airflow/example_dags/example_kubernetes_executor.py
[2026-07-25T09:18:05.775+0000] {logging_mixin.py:190} INFO - [2026-07-25T09:18:05.775+0000] {dag.py:3239} INFO - Sync 1 DAGs
[2026-07-25T09:18:05.784+0000] {logging_mixin.py:190} INFO - [2026-07-25T09:18:05.784+0000] {dag.py:4180} INFO - Setting next_dagrun for example_kubernetes_executor to None, run_after=None
[2026-07-25T09:18:05.796+0000] {processor.py:208} INFO - Processing /home/airflow/.local/lib/python3.12/site-packages/airflow/example_dags/example_kubernetes_executor.py took 0.053 seconds
[2026-07-25T09:18:36.460+0000] {processor.py:186} INFO - Started process (PID=452) to work on /home/airflow/.local/lib/python3.12/site-packages/airflow/example_dags/example_kubernetes_executor.py
[2026-07-25T09:18:36.461+0000] {processor.py:914} INFO - Processing file /home/airflow/.local/lib/python3.12/site-packages/airflow/example_dags/example_kubernetes_executor.py for tasks to queue
[2026-07-25T09:18:36.462+0000] {logging_mixin.py:190} INFO - [2026-07-25T09:18:36.462+0000] {dagbag.py:588} INFO - Filling up the DagBag from /home/airflow/.local/lib/python3.12/site-packages/airflow/example_dags/example_kubernetes_executor.py
[2026-07-25T09:18:36.471+0000] {processor.py:925} INFO - DAG(s) 'example_kubernetes_executor' retrieved from /home/airflow/.local/lib/python3.12/site-packages/airflow/example_dags/example_kubernetes_executor.py
[2026-07-25T09:18:36.487+0000] {logging_mixin.py:190} INFO - [2026-07-25T09:18:36.487+0000] {dag.py:3239} INFO - Sync 1 DAGs
[2026-07-25T09:18:36.496+0000] {logging_mixin.py:190} INFO - [2026-07-25T09:18:36.495+0000] {dag.py:4180} INFO - Setting next_dagrun for example_kubernetes_executor to None, run_after=None
[2026-07-25T09:18:36.507+0000] {processor.py:208} INFO - Processing /home/airflow/.local/lib/python3.12/site-packages/airflow/example_dags/example_kubernetes_executor.py took 0.051 seconds
[2026-07-25T09:19:06.682+0000] {processor.py:186} INFO - Started process (PID=514) to work on /home/airflow/.local/lib/python3.12/site-packages/airflow/example_dags/example_kubernetes_executor.py
[2026-07-25T09:19:06.683+0000] {processor.py:914} INFO - Processing file /home/airflow/.local/lib/python3.12/site-packages/airflow/example_dags/example_kubernetes_executor.py for tasks to queue
[2026-07-25T09:19:06.685+0000] {logging_mixin.py:190} INFO - [2026-07-25T09:19:06.685+0000] {dagbag.py:588} INFO - Filling up the DagBag from /home/airflow/.local/lib/python3.12/site-packages/airflow/example_dags/example_kubernetes_executor.py
[2026-07-25T09:19:06.695+0000] {processor.py:925} INFO - DAG(s) 'example_kubernetes_executor' retrieved from /home/airflow/.local/lib/python3.12/site-packages/airflow/example_dags/example_kubernetes_executor.py
[2026-07-25T09:19:06.714+0000] {logging_mixin.py:190} INFO - [2026-07-25T09:19:06.714+0000] {dag.py:3239} INFO - Sync 1 DAGs
[2026-07-25T09:19:06.728+0000] {logging_mixin.py:190} INFO - [2026-07-25T09:19:06.728+0000] {dag.py:4180} INFO - Setting next_dagrun for example_kubernetes_executor to None, run_after=None
[2026-07-25T09:19:06.740+0000] {processor.py:208} INFO - Processing /home/airflow/.local/lib/python3.12/site-packages/airflow/example_dags/example_kubernetes_executor.py took 0.062 seconds
[2026-07-25T09:20:44.565+0000] {processor.py:186} INFO - Started process (PID=75) to work on /home/airflow/.local/lib/python3.12/site-packages/airflow/example_dags/example_kubernetes_executor.py
[2026-07-25T09:20:44.571+0000] {processor.py:914} INFO - Processing file /home/airflow/.local/lib/python3.12/site-packages/airflow/example_dags/example_kubernetes_executor.py for tasks to queue
[2026-07-25T09:20:44.575+0000] {logging_mixin.py:190} INFO - [2026-07-25T09:20:44.575+0000] {dagbag.py:588} INFO - Filling up the DagBag from /home/airflow/.local/lib/python3.12/site-packages/airflow/example_dags/example_kubernetes_executor.py
[2026-07-25T09:20:44.599+0000] {processor.py:925} INFO - DAG(s) 'example_kubernetes_executor' retrieved from /home/airflow/.local/lib/python3.12/site-packages/airflow/example_dags/example_kubernetes_executor.py
[2026-07-25T09:20:44.641+0000] {logging_mixin.py:190} INFO - [2026-07-25T09:20:44.641+0000] {dag.py:3239} INFO - Sync 1 DAGs
[2026-07-25T09:20:44.659+0000] {logging_mixin.py:190} INFO - [2026-07-25T09:20:44.659+0000] {dag.py:4180} INFO - Setting next_dagrun for example_kubernetes_executor to None, run_after=None
[2026-07-25T09:20:44.677+0000] {processor.py:208} INFO - Processing /home/airflow/.local/lib/python3.12/site-packages/airflow/example_dags/example_kubernetes_executor.py took 0.132 seconds
[2026-07-25T09:21:15.552+0000] {processor.py:186} INFO - Started process (PID=138) to work on /home/airflow/.local/lib/python3.12/site-packages/airflow/example_dags/example_kubernetes_executor.py
[2026-07-25T09:21:15.553+0000] {processor.py:914} INFO - Processing file /home/airflow/.local/lib/python3.12/site-packages/airflow/example_dags/example_kubernetes_executor.py for tasks to queue
[2026-07-25T09:21:15.555+0000] {logging_mixin.py:190} INFO - [2026-07-25T09:21:15.555+0000] {dagbag.py:588} INFO - Filling up the DagBag from /home/airflow/.local/lib/python3.12/site-packages/airflow/example_dags/example_kubernetes_executor.py
[2026-07-25T09:21:15.564+0000] {processor.py:925} INFO - DAG(s) 'example_kubernetes_executor' retrieved from /home/airflow/.local/lib/python3.12/site-packages/airflow/example_dags/example_kubernetes_executor.py
[2026-07-25T09:21:15.582+0000] {logging_mixin.py:190} INFO - [2026-07-25T09:21:15.582+0000] {dag.py:3239} INFO - Sync 1 DAGs
[2026-07-25T09:21:15.590+0000] {logging_mixin.py:190} INFO - [2026-07-25T09:21:15.590+0000] {dag.py:4180} INFO - Setting next_dagrun for example_kubernetes_executor to None, run_after=None
[2026-07-25T09:21:15.603+0000] {processor.py:208} INFO - Processing /home/airflow/.local/lib/python3.12/site-packages/airflow/example_dags/example_kubernetes_executor.py took 0.056 seconds
[2026-07-25T09:21:45.700+0000] {processor.py:186} INFO - Started process (PID=201) to work on /home/airflow/.local/lib/python3.12/site-packages/airflow/example_dags/example_kubernetes_executor.py
[2026-07-25T09:21:45.701+0000] {processor.py:914} INFO - Processing file /home/airflow/.local/lib/python3.12/site-packages/airflow/example_dags/example_kubernetes_executor.py for tasks to queue
[2026-07-25T09:21:45.703+0000] {logging_mixin.py:190} INFO - [2026-07-25T09:21:45.703+0000] {dagbag.py:588} INFO - Filling up the DagBag from /home/airflow/.local/lib/python3.12/site-packages/airflow/example_dags/example_kubernetes_executor.py
[2026-07-25T09:21:45.712+0000] {processor.py:925} INFO - DAG(s) 'example_kubernetes_executor' retrieved from /home/airflow/.local/lib/python3.12/site-packages/airflow/example_dags/example_kubernetes_executor.py
[2026-07-25T09:21:45.729+0000] {logging_mixin.py:190} INFO - [2026-07-25T09:21:45.729+0000] {dag.py:3239} INFO - Sync 1 DAGs
[2026-07-25T09:21:45.741+0000] {logging_mixin.py:190} INFO - [2026-07-25T09:21:45.741+0000] {dag.py:4180} INFO - Setting next_dagrun for example_kubernetes_executor to None, run_after=None
[2026-07-25T09:21:45.754+0000] {processor.py:208} INFO - Processing /home/airflow/.local/lib/python3.12/site-packages/airflow/example_dags/example_kubernetes_executor.py took 0.058 seconds
[2026-07-25T09:22:16.141+0000] {processor.py:186} INFO - Started process (PID=270) to work on /home/airflow/.local/lib/python3.12/site-packages/airflow/example_dags/example_kubernetes_executor.py
[2026-07-25T09:22:16.142+0000] {processor.py:914} INFO - Processing file /home/airflow/.local/lib/python3.12/site-packages/airflow/example_dags/example_kubernetes_executor.py for tasks to queue
[2026-07-25T09:22:16.145+0000] {logging_mixin.py:190} INFO - [2026-07-25T09:22:16.144+0000] {dagbag.py:588} INFO - Filling up the DagBag from /home/airflow/.local/lib/python3.12/site-packages/airflow/example_dags/example_kubernetes_executor.py
[2026-07-25T09:22:16.156+0000] {processor.py:925} INFO - DAG(s) 'example_kubernetes_executor' retrieved from /home/airflow/.local/lib/python3.12/site-packages/airflow/example_dags/example_kubernetes_executor.py
[2026-07-25T09:22:16.174+0000] {logging_mixin.py:190} INFO - [2026-07-25T09:22:16.174+0000] {dag.py:3239} INFO - Sync 1 DAGs
[2026-07-25T09:22:16.183+0000] {logging_mixin.py:190} INFO - [2026-07-25T09:22:16.183+0000] {dag.py:4180} INFO - Setting next_dagrun for example_kubernetes_executor to None, run_after=None
[2026-07-25T09:22:16.195+0000] {processor.py:208} INFO - Processing /home/airflow/.local/lib/python3.12/site-packages/airflow/example_dags/example_kubernetes_executor.py took 0.059 seconds
[2026-07-25T09:23:56.357+0000] {processor.py:186} INFO - Started process (PID=75) to work on /home/airflow/.local/lib/python3.12/site-packages/airflow/example_dags/example_kubernetes_executor.py
[2026-07-25T09:23:56.358+0000] {processor.py:914} INFO - Processing file /home/airflow/.local/lib/python3.12/site-packages/airflow/example_dags/example_kubernetes_executor.py for tasks to queue
[2026-07-25T09:23:56.361+0000] {logging_mixin.py:190} INFO - [2026-07-25T09:23:56.361+0000] {dagbag.py:588} INFO - Filling up the DagBag from /home/airflow/.local/lib/python3.12/site-packages/airflow/example_dags/example_kubernetes_executor.py
[2026-07-25T09:23:56.378+0000] {processor.py:925} INFO - DAG(s) 'example_kubernetes_executor' retrieved from /home/airflow/.local/lib/python3.12/site-packages/airflow/example_dags/example_kubernetes_executor.py
[2026-07-25T09:23:56.409+0000] {logging_mixin.py:190} INFO - [2026-07-25T09:23:56.409+0000] {dag.py:3239} INFO - Sync 1 DAGs
[2026-07-25T09:23:56.424+0000] {logging_mixin.py:190} INFO - [2026-07-25T09:23:56.424+0000] {dag.py:4180} INFO - Setting next_dagrun for example_kubernetes_executor to None, run_after=None
[2026-07-25T09:23:56.441+0000] {processor.py:208} INFO - Processing /home/airflow/.local/lib/python3.12/site-packages/airflow/example_dags/example_kubernetes_executor.py took 0.088 seconds
[2026-07-25T09:24:28.058+0000] {processor.py:186} INFO - Started process (PID=144) to work on /home/airflow/.local/lib/python3.12/site-packages/airflow/example_dags/example_kubernetes_executor.py
[2026-07-25T09:24:28.059+0000] {processor.py:914} INFO - Processing file /home/airflow/.local/lib/python3.12/site-packages/airflow/example_dags/example_kubernetes_executor.py for tasks to queue
[2026-07-25T09:24:28.061+0000] {logging_mixin.py:190} INFO - [2026-07-25T09:24:28.061+0000] {dagbag.py:588} INFO - Filling up the DagBag from /home/airflow/.local/lib/python3.12/site-packages/airflow/example_dags/example_kubernetes_executor.py
[2026-07-25T09:24:28.073+0000] {processor.py:925} INFO - DAG(s) 'example_kubernetes_executor' retrieved from /home/airflow/.local/lib/python3.12/site-packages/airflow/example_dags/example_kubernetes_executor.py
[2026-07-25T09:24:28.091+0000] {logging_mixin.py:190} INFO - [2026-07-25T09:24:28.091+0000] {dag.py:3239} INFO - Sync 1 DAGs
[2026-07-25T09:24:28.100+0000] {logging_mixin.py:190} INFO - [2026-07-25T09:24:28.100+0000] {dag.py:4180} INFO - Setting next_dagrun for example_kubernetes_executor to None, run_after=None
[2026-07-25T09:24:28.112+0000] {processor.py:208} INFO - Processing /home/airflow/.local/lib/python3.12/site-packages/airflow/example_dags/example_kubernetes_executor.py took 0.058 seconds
[2026-07-25T09:24:58.715+0000] {processor.py:186} INFO - Started process (PID=207) to work on /home/airflow/.local/lib/python3.12/site-packages/airflow/example_dags/example_kubernetes_executor.py
[2026-07-25T09:24:58.715+0000] {processor.py:914} INFO - Processing file /home/airflow/.local/lib/python3.12/site-packages/airflow/example_dags/example_kubernetes_executor.py for tasks to queue
[2026-07-25T09:24:58.717+0000] {logging_mixin.py:190} INFO - [2026-07-25T09:24:58.717+0000] {dagbag.py:588} INFO - Filling up the DagBag from /home/airflow/.local/lib/python3.12/site-packages/airflow/example_dags/example_kubernetes_executor.py
[2026-07-25T09:24:58.727+0000] {processor.py:925} INFO - DAG(s) 'example_kubernetes_executor' retrieved from /home/airflow/.local/lib/python3.12/site-packages/airflow/example_dags/example_kubernetes_executor.py
[2026-07-25T09:24:58.744+0000] {logging_mixin.py:190} INFO - [2026-07-25T09:24:58.744+0000] {dag.py:3239} INFO - Sync 1 DAGs
[2026-07-25T09:24:58.754+0000] {logging_mixin.py:190} INFO - [2026-07-25T09:24:58.754+0000] {dag.py:4180} INFO - Setting next_dagrun for example_kubernetes_executor to None, run_after=None
[2026-07-25T09:24:58.767+0000] {processor.py:208} INFO - Processing /home/airflow/.local/lib/python3.12/site-packages/airflow/example_dags/example_kubernetes_executor.py took 0.056 seconds
[2026-07-25T09:25:29.665+0000] {processor.py:186} INFO - Started process (PID=270) to work on /home/airflow/.local/lib/python3.12/site-packages/airflow/example_dags/example_kubernetes_executor.py
[2026-07-25T09:25:29.666+0000] {processor.py:914} INFO - Processing file /home/airflow/.local/lib/python3.12/site-packages/airflow/example_dags/example_kubernetes_executor.py for tasks to queue
[2026-07-25T09:25:29.668+0000] {logging_mixin.py:190} INFO - [2026-07-25T09:25:29.668+0000] {dagbag.py:588} INFO - Filling up the DagBag from /home/airflow/.local/lib/python3.12/site-packages/airflow/example_dags/example_kubernetes_executor.py
[2026-07-25T09:25:29.677+0000] {processor.py:925} INFO - DAG(s) 'example_kubernetes_executor' retrieved from /home/airflow/.local/lib/python3.12/site-packages/airflow/example_dags/example_kubernetes_executor.py
[2026-07-25T09:25:29.697+0000] {logging_mixin.py:190} INFO - [2026-07-25T09:25:29.696+0000] {dag.py:3239} INFO - Sync 1 DAGs
[2026-07-25T09:25:29.707+0000] {logging_mixin.py:190} INFO - [2026-07-25T09:25:29.707+0000] {dag.py:4180} INFO - Setting next_dagrun for example_kubernetes_executor to None, run_after=None
[2026-07-25T09:25:29.734+0000] {processor.py:208} INFO - Processing /home/airflow/.local/lib/python3.12/site-packages/airflow/example_dags/example_kubernetes_executor.py took 0.075 seconds
[2026-07-25T09:26:49.245+0000] {processor.py:186} INFO - Started process (PID=75) to work on /home/airflow/.local/lib/python3.12/site-packages/airflow/example_dags/example_kubernetes_executor.py
[2026-07-25T09:26:49.246+0000] {processor.py:914} INFO - Processing file /home/airflow/.local/lib/python3.12/site-packages/airflow/example_dags/example_kubernetes_executor.py for tasks to queue
[2026-07-25T09:26:49.249+0000] {logging_mixin.py:190} INFO - [2026-07-25T09:26:49.248+0000] {dagbag.py:588} INFO - Filling up the DagBag from /home/airflow/.local/lib/python3.12/site-packages/airflow/example_dags/example_kubernetes_executor.py
[2026-07-25T09:26:49.263+0000] {processor.py:925} INFO - DAG(s) 'example_kubernetes_executor' retrieved from /home/airflow/.local/lib/python3.12/site-packages/airflow/example_dags/example_kubernetes_executor.py
[2026-07-25T09:26:49.352+0000] {logging_mixin.py:190} INFO - [2026-07-25T09:26:49.352+0000] {override.py:1932} INFO - Created Permission View: can edit on DAG:example_kubernetes_executor
[2026-07-25T09:26:49.360+0000] {logging_mixin.py:190} INFO - [2026-07-25T09:26:49.360+0000] {override.py:1932} INFO - Created Permission View: can read on DAG:example_kubernetes_executor
[2026-07-25T09:26:49.365+0000] {logging_mixin.py:190} INFO - [2026-07-25T09:26:49.365+0000] {override.py:1932} INFO - Created Permission View: can delete on DAG:example_kubernetes_executor
[2026-07-25T09:26:49.372+0000] {logging_mixin.py:190} INFO - [2026-07-25T09:26:49.372+0000] {override.py:1932} INFO - Created Permission View: menu access on DAG Run:example_kubernetes_executor
[2026-07-25T09:26:49.378+0000] {logging_mixin.py:190} INFO - [2026-07-25T09:26:49.377+0000] {override.py:1932} INFO - Created Permission View: can read on DAG Run:example_kubernetes_executor
[2026-07-25T09:26:49.383+0000] {logging_mixin.py:190} INFO - [2026-07-25T09:26:49.383+0000] {override.py:1932} INFO - Created Permission View: can create on DAG Run:example_kubernetes_executor
[2026-07-25T09:26:49.390+0000] {logging_mixin.py:190} INFO - [2026-07-25T09:26:49.389+0000] {override.py:1932} INFO - Created Permission View: can delete on DAG Run:example_kubernetes_executor
[2026-07-25T09:26:49.390+0000] {logging_mixin.py:190} INFO - [2026-07-25T09:26:49.390+0000] {dag.py:3239} INFO - Sync 1 DAGs
[2026-07-25T09:26:49.404+0000] {logging_mixin.py:190} INFO - [2026-07-25T09:26:49.404+0000] {dag.py:3262} INFO - Creating ORM DAG for example_kubernetes_executor
[2026-07-25T09:26:49.405+0000] {logging_mixin.py:190} INFO - [2026-07-25T09:26:49.405+0000] {dag.py:4180} INFO - Setting next_dagrun for example_kubernetes_executor to None, run_after=None
[2026-07-25T09:26:49.419+0000] {processor.py:208} INFO - Processing /home/airflow/.local/lib/python3.12/site-packages/airflow/example_dags/example_kubernetes_executor.py took 0.178 seconds
[2026-07-25T09:27:20.052+0000] {processor.py:186} INFO - Started process (PID=138) to work on /home/airflow/.local/lib/python3.12/site-packages/airflow/example_dags/example_kubernetes_executor.py
[2026-07-25T09:27:20.052+0000] {processor.py:914} INFO - Processing file /home/airflow/.local/lib/python3.12/site-packages/airflow/example_dags/example_kubernetes_executor.py for tasks to queue
[2026-07-25T09:27:20.055+0000] {logging_mixin.py:190} INFO - [2026-07-25T09:27:20.054+0000] {dagbag.py:588} INFO - Filling up the DagBag from /home/airflow/.local/lib/python3.12/site-packages/airflow/example_dags/example_kubernetes_executor.py
[2026-07-25T09:27:20.066+0000] {processor.py:925} INFO - DAG(s) 'example_kubernetes_executor' retrieved from /home/airflow/.local/lib/python3.12/site-packages/airflow/example_dags/example_kubernetes_executor.py
[2026-07-25T09:27:20.084+0000] {logging_mixin.py:190} INFO - [2026-07-25T09:27:20.084+0000] {dag.py:3239} INFO - Sync 1 DAGs
[2026-07-25T09:27:20.094+0000] {logging_mixin.py:190} INFO - [2026-07-25T09:27:20.094+0000] {dag.py:4180} INFO - Setting next_dagrun for example_kubernetes_executor to None, run_after=None
[2026-07-25T09:27:20.126+0000] {processor.py:208} INFO - Processing /home/airflow/.local/lib/python3.12/site-packages/airflow/example_dags/example_kubernetes_executor.py took 0.078 seconds
[2026-07-25T09:27:50.382+0000] {processor.py:186} INFO - Started process (PID=207) to work on /home/airflow/.local/lib/python3.12/site-packages/airflow/example_dags/example_kubernetes_executor.py
[2026-07-25T09:27:50.383+0000] {processor.py:914} INFO - Processing file /home/airflow/.local/lib/python3.12/site-packages/airflow/example_dags/example_kubernetes_executor.py for tasks to queue
[2026-07-25T09:27:50.385+0000] {logging_mixin.py:190} INFO - [2026-07-25T09:27:50.385+0000] {dagbag.py:588} INFO - Filling up the DagBag from /home/airflow/.local/lib/python3.12/site-packages/airflow/example_dags/example_kubernetes_executor.py
[2026-07-25T09:27:50.394+0000] {processor.py:925} INFO - DAG(s) 'example_kubernetes_executor' retrieved from /home/airflow/.local/lib/python3.12/site-packages/airflow/example_dags/example_kubernetes_executor.py
[2026-07-25T09:27:50.411+0000] {logging_mixin.py:190} INFO - [2026-07-25T09:27:50.411+0000] {dag.py:3239} INFO - Sync 1 DAGs
[2026-07-25T09:27:50.419+0000] {logging_mixin.py:190} INFO - [2026-07-25T09:27:50.419+0000] {dag.py:4180} INFO - Setting next_dagrun for example_kubernetes_executor to None, run_after=None
[2026-07-25T09:27:50.431+0000] {processor.py:208} INFO - Processing /home/airflow/.local/lib/python3.12/site-packages/airflow/example_dags/example_kubernetes_executor.py took 0.052 seconds
[2026-07-25T09:28:20.793+0000] {processor.py:186} INFO - Started process (PID=270) to work on /home/airflow/.local/lib/python3.12/site-packages/airflow/example_dags/example_kubernetes_executor.py
[2026-07-25T09:28:20.793+0000] {processor.py:914} INFO - Processing file /home/airflow/.local/lib/python3.12/site-packages/airflow/example_dags/example_kubernetes_executor.py for tasks to queue
[2026-07-25T09:28:20.795+0000] {logging_mixin.py:190} INFO - [2026-07-25T09:28:20.795+0000] {dagbag.py:588} INFO - Filling up the DagBag from /home/airflow/.local/lib/python3.12/site-packages/airflow/example_dags/example_kubernetes_executor.py
[2026-07-25T09:28:20.806+0000] {processor.py:925} INFO - DAG(s) 'example_kubernetes_executor' retrieved from /home/airflow/.local/lib/python3.12/site-packages/airflow/example_dags/example_kubernetes_executor.py
[2026-07-25T09:28:20.824+0000] {logging_mixin.py:190} INFO - [2026-07-25T09:28:20.824+0000] {dag.py:3239} INFO - Sync 1 DAGs
[2026-07-25T09:28:20.834+0000] {logging_mixin.py:190} INFO - [2026-07-25T09:28:20.833+0000] {dag.py:4180} INFO - Setting next_dagrun for example_kubernetes_executor to None, run_after=None
[2026-07-25T09:28:20.850+0000] {processor.py:208} INFO - Processing /home/airflow/.local/lib/python3.12/site-packages/airflow/example_dags/example_kubernetes_executor.py took 0.061 seconds
[2026-07-25T09:28:51.405+0000] {processor.py:186} INFO - Started process (PID=333) to work on /home/airflow/.local/lib/python3.12/site-packages/airflow/example_dags/example_kubernetes_executor.py
[2026-07-25T09:28:51.406+0000] {processor.py:914} INFO - Processing file /home/airflow/.local/lib/python3.12/site-packages/airflow/example_dags/example_kubernetes_executor.py for tasks to queue
[2026-07-25T09:28:51.408+0000] {logging_mixin.py:190} INFO - [2026-07-25T09:28:51.408+0000] {dagbag.py:588} INFO - Filling up the DagBag from /home/airflow/.local/lib/python3.12/site-packages/airflow/example_dags/example_kubernetes_executor.py
[2026-07-25T09:28:51.418+0000] {processor.py:925} INFO - DAG(s) 'example_kubernetes_executor' retrieved from /home/airflow/.local/lib/python3.12/site-packages/airflow/example_dags/example_kubernetes_executor.py
[2026-07-25T09:28:51.434+0000] {logging_mixin.py:190} INFO - [2026-07-25T09:28:51.434+0000] {dag.py:3239} INFO - Sync 1 DAGs
[2026-07-25T09:28:51.443+0000] {logging_mixin.py:190} INFO - [2026-07-25T09:28:51.443+0000] {dag.py:4180} INFO - Setting next_dagrun for example_kubernetes_executor to None, run_after=None
[2026-07-25T09:28:51.467+0000] {processor.py:208} INFO - Processing /home/airflow/.local/lib/python3.12/site-packages/airflow/example_dags/example_kubernetes_executor.py took 0.065 seconds
[2026-07-25T09:29:23.615+0000] {processor.py:186} INFO - Started process (PID=396) to work on /home/airflow/.local/lib/python3.12/site-packages/airflow/example_dags/example_kubernetes_executor.py
[2026-07-25T09:29:23.616+0000] {processor.py:914} INFO - Processing file /home/airflow/.local/lib/python3.12/site-packages/airflow/example_dags/example_kubernetes_executor.py for tasks to queue
[2026-07-25T09:29:23.618+0000] {logging_mixin.py:190} INFO - [2026-07-25T09:29:23.618+0000] {dagbag.py:588} INFO - Filling up the DagBag from /home/airflow/.local/lib/python3.12/site-packages/airflow/example_dags/example_kubernetes_executor.py
[2026-07-25T09:29:23.628+0000] {processor.py:925} INFO - DAG(s) 'example_kubernetes_executor' retrieved from /home/airflow/.local/lib/python3.12/site-packages/airflow/example_dags/example_kubernetes_executor.py
[2026-07-25T09:29:23.645+0000] {logging_mixin.py:190} INFO - [2026-07-25T09:29:23.645+0000] {dag.py:3239} INFO - Sync 1 DAGs
[2026-07-25T09:29:23.655+0000] {logging_mixin.py:190} INFO - [2026-07-25T09:29:23.655+0000] {dag.py:4180} INFO - Setting next_dagrun for example_kubernetes_executor to None, run_after=None
[2026-07-25T09:29:23.676+0000] {processor.py:208} INFO - Processing /home/airflow/.local/lib/python3.12/site-packages/airflow/example_dags/example_kubernetes_executor.py took 0.065 seconds
[2026-07-25T09:29:57.133+0000] {processor.py:186} INFO - Started process (PID=459) to work on /home/airflow/.local/lib/python3.12/site-packages/airflow/example_dags/example_kubernetes_executor.py
[2026-07-25T09:29:57.134+0000] {processor.py:914} INFO - Processing file /home/airflow/.local/lib/python3.12/site-packages/airflow/example_dags/example_kubernetes_executor.py for tasks to queue
[2026-07-25T09:29:57.136+0000] {logging_mixin.py:190} INFO - [2026-07-25T09:29:57.136+0000] {dagbag.py:588} INFO - Filling up the DagBag from /home/airflow/.local/lib/python3.12/site-packages/airflow/example_dags/example_kubernetes_executor.py
[2026-07-25T09:29:57.146+0000] {processor.py:925} INFO - DAG(s) 'example_kubernetes_executor' retrieved from /home/airflow/.local/lib/python3.12/site-packages/airflow/example_dags/example_kubernetes_executor.py
[2026-07-25T09:29:57.163+0000] {logging_mixin.py:190} INFO - [2026-07-25T09:29:57.163+0000] {dag.py:3239} INFO - Sync 1 DAGs
[2026-07-25T09:29:57.173+0000] {logging_mixin.py:190} INFO - [2026-07-25T09:29:57.173+0000] {dag.py:4180} INFO - Setting next_dagrun for example_kubernetes_executor to None, run_after=None
[2026-07-25T09:29:57.197+0000] {processor.py:208} INFO - Processing /home/airflow/.local/lib/python3.12/site-packages/airflow/example_dags/example_kubernetes_executor.py took 0.069 seconds
[2026-07-25T09:30:27.351+0000] {processor.py:186} INFO - Started process (PID=520) to work on /home/airflow/.local/lib/python3.12/site-packages/airflow/example_dags/example_kubernetes_executor.py
[2026-07-25T09:30:27.352+0000] {processor.py:914} INFO - Processing file /home/airflow/.local/lib/python3.12/site-packages/airflow/example_dags/example_kubernetes_executor.py for tasks to queue
[2026-07-25T09:30:27.354+0000] {logging_mixin.py:190} INFO - [2026-07-25T09:30:27.354+0000] {dagbag.py:588} INFO - Filling up the DagBag from /home/airflow/.local/lib/python3.12/site-packages/airflow/example_dags/example_kubernetes_executor.py
[2026-07-25T09:30:27.363+0000] {processor.py:925} INFO - DAG(s) 'example_kubernetes_executor' retrieved from /home/airflow/.local/lib/python3.12/site-packages/airflow/example_dags/example_kubernetes_executor.py
[2026-07-25T09:30:27.379+0000] {logging_mixin.py:190} INFO - [2026-07-25T09:30:27.379+0000] {dag.py:3239} INFO - Sync 1 DAGs
[2026-07-25T09:30:27.388+0000] {logging_mixin.py:190} INFO - [2026-07-25T09:30:27.387+0000] {dag.py:4180} INFO - Setting next_dagrun for example_kubernetes_executor to None, run_after=None
[2026-07-25T09:30:27.399+0000] {processor.py:208} INFO - Processing /home/airflow/.local/lib/python3.12/site-packages/airflow/example_dags/example_kubernetes_executor.py took 0.052 seconds
