[2026-07-25T09:06:27.530+0000] {processor.py:186} INFO - Started process (PID=117) to work on /home/airflow/.local/lib/python3.12/site-packages/airflow/example_dags/example_task_group.py
[2026-07-25T09:06:27.530+0000] {processor.py:914} INFO - Processing file /home/airflow/.local/lib/python3.12/site-packages/airflow/example_dags/example_task_group.py for tasks to queue
[2026-07-25T09:06:27.532+0000] {logging_mixin.py:190} INFO - [2026-07-25T09:06:27.532+0000] {dagbag.py:588} INFO - Filling up the DagBag from /home/airflow/.local/lib/python3.12/site-packages/airflow/example_dags/example_task_group.py
[2026-07-25T09:06:27.540+0000] {processor.py:925} INFO - DAG(s) 'example_task_group' retrieved from /home/airflow/.local/lib/python3.12/site-packages/airflow/example_dags/example_task_group.py
[2026-07-25T09:06:27.600+0000] {logging_mixin.py:190} INFO - [2026-07-25T09:06:27.600+0000] {override.py:1932} INFO - Created Permission View: can edit on DAG:example_task_group
[2026-07-25T09:06:27.607+0000] {logging_mixin.py:190} INFO - [2026-07-25T09:06:27.607+0000] {override.py:1932} INFO - Created Permission View: can read on DAG:example_task_group
[2026-07-25T09:06:27.612+0000] {logging_mixin.py:190} INFO - [2026-07-25T09:06:27.612+0000] {override.py:1932} INFO - Created Permission View: can delete on DAG:example_task_group
[2026-07-25T09:06:27.618+0000] {logging_mixin.py:190} INFO - [2026-07-25T09:06:27.618+0000] {override.py:1932} INFO - Created Permission View: can create on DAG Run:example_task_group
[2026-07-25T09:06:27.624+0000] {logging_mixin.py:190} INFO - [2026-07-25T09:06:27.624+0000] {override.py:1932} INFO - Created Permission View: can read on DAG Run:example_task_group
[2026-07-25T09:06:27.629+0000] {logging_mixin.py:190} INFO - [2026-07-25T09:06:27.628+0000] {override.py:1932} INFO - Created Permission View: can delete on DAG Run:example_task_group
[2026-07-25T09:06:27.633+0000] {logging_mixin.py:190} INFO - [2026-07-25T09:06:27.633+0000] {override.py:1932} INFO - Created Permission View: menu access on DAG Run:example_task_group
[2026-07-25T09:06:27.633+0000] {logging_mixin.py:190} INFO - [2026-07-25T09:06:27.633+0000] {dag.py:3239} INFO - Sync 1 DAGs
[2026-07-25T09:06:27.641+0000] {logging_mixin.py:190} INFO - [2026-07-25T09:06:27.640+0000] {dag.py:3262} INFO - Creating ORM DAG for example_task_group
[2026-07-25T09:06:27.641+0000] {logging_mixin.py:190} INFO - [2026-07-25T09:06:27.641+0000] {dag.py:4180} INFO - Setting next_dagrun for example_task_group to None, run_after=None
[2026-07-25T09:06:27.653+0000] {processor.py:208} INFO - Processing /home/airflow/.local/lib/python3.12/site-packages/airflow/example_dags/example_task_group.py took 0.127 seconds
[2026-07-25T09:07:01.707+0000] {processor.py:186} INFO - Started process (PID=180) to work on /home/airflow/.local/lib/python3.12/site-packages/airflow/example_dags/example_task_group.py
[2026-07-25T09:07:01.707+0000] {processor.py:914} INFO - Processing file /home/airflow/.local/lib/python3.12/site-packages/airflow/example_dags/example_task_group.py for tasks to queue
[2026-07-25T09:07:01.709+0000] {logging_mixin.py:190} INFO - [2026-07-25T09:07:01.709+0000] {dagbag.py:588} INFO - Filling up the DagBag from /home/airflow/.local/lib/python3.12/site-packages/airflow/example_dags/example_task_group.py
[2026-07-25T09:07:01.714+0000] {processor.py:925} INFO - DAG(s) 'example_task_group' retrieved from /home/airflow/.local/lib/python3.12/site-packages/airflow/example_dags/example_task_group.py
[2026-07-25T09:07:01.727+0000] {logging_mixin.py:190} INFO - [2026-07-25T09:07:01.727+0000] {dag.py:3239} INFO - Sync 1 DAGs
[2026-07-25T09:07:01.735+0000] {logging_mixin.py:190} INFO - [2026-07-25T09:07:01.735+0000] {dag.py:4180} INFO - Setting next_dagrun for example_task_group to None, run_after=None
[2026-07-25T09:07:01.746+0000] {processor.py:208} INFO - Processing /home/airflow/.local/lib/python3.12/site-packages/airflow/example_dags/example_task_group.py took 0.043 seconds
[2026-07-25T09:07:36.225+0000] {processor.py:186} INFO - Started process (PID=243) to work on /home/airflow/.local/lib/python3.12/site-packages/airflow/example_dags/example_task_group.py
[2026-07-25T09:07:36.226+0000] {processor.py:914} INFO - Processing file /home/airflow/.local/lib/python3.12/site-packages/airflow/example_dags/example_task_group.py for tasks to queue
[2026-07-25T09:07:36.228+0000] {logging_mixin.py:190} INFO - [2026-07-25T09:07:36.227+0000] {dagbag.py:588} INFO - Filling up the DagBag from /home/airflow/.local/lib/python3.12/site-packages/airflow/example_dags/example_task_group.py
[2026-07-25T09:07:36.233+0000] {processor.py:925} INFO - DAG(s) 'example_task_group' retrieved from /home/airflow/.local/lib/python3.12/site-packages/airflow/example_dags/example_task_group.py
[2026-07-25T09:07:36.246+0000] {logging_mixin.py:190} INFO - [2026-07-25T09:07:36.246+0000] {dag.py:3239} INFO - Sync 1 DAGs
[2026-07-25T09:07:36.255+0000] {logging_mixin.py:190} INFO - [2026-07-25T09:07:36.255+0000] {dag.py:4180} INFO - Setting next_dagrun for example_task_group to None, run_after=None
[2026-07-25T09:07:36.265+0000] {processor.py:208} INFO - Processing /home/airflow/.local/lib/python3.12/site-packages/airflow/example_dags/example_task_group.py took 0.044 seconds
[2026-07-25T09:08:10.656+0000] {processor.py:186} INFO - Started process (PID=306) to work on /home/airflow/.local/lib/python3.12/site-packages/airflow/example_dags/example_task_group.py
[2026-07-25T09:08:10.657+0000] {processor.py:914} INFO - Processing file /home/airflow/.local/lib/python3.12/site-packages/airflow/example_dags/example_task_group.py for tasks to queue
[2026-07-25T09:08:10.659+0000] {logging_mixin.py:190} INFO - [2026-07-25T09:08:10.659+0000] {dagbag.py:588} INFO - Filling up the DagBag from /home/airflow/.local/lib/python3.12/site-packages/airflow/example_dags/example_task_group.py
[2026-07-25T09:08:10.664+0000] {processor.py:925} INFO - DAG(s) 'example_task_group' retrieved from /home/airflow/.local/lib/python3.12/site-packages/airflow/example_dags/example_task_group.py
[2026-07-25T09:08:10.678+0000] {logging_mixin.py:190} INFO - [2026-07-25T09:08:10.678+0000] {dag.py:3239} INFO - Sync 1 DAGs
[2026-07-25T09:08:10.686+0000] {logging_mixin.py:190} INFO - [2026-07-25T09:08:10.686+0000] {dag.py:4180} INFO - Setting next_dagrun for example_task_group to None, run_after=None
[2026-07-25T09:08:10.698+0000] {processor.py:208} INFO - Processing /home/airflow/.local/lib/python3.12/site-packages/airflow/example_dags/example_task_group.py took 0.045 seconds
[2026-07-25T09:08:45.318+0000] {processor.py:186} INFO - Started process (PID=369) to work on /home/airflow/.local/lib/python3.12/site-packages/airflow/example_dags/example_task_group.py
[2026-07-25T09:08:45.319+0000] {processor.py:914} INFO - Processing file /home/airflow/.local/lib/python3.12/site-packages/airflow/example_dags/example_task_group.py for tasks to queue
[2026-07-25T09:08:45.322+0000] {logging_mixin.py:190} INFO - [2026-07-25T09:08:45.322+0000] {dagbag.py:588} INFO - Filling up the DagBag from /home/airflow/.local/lib/python3.12/site-packages/airflow/example_dags/example_task_group.py
[2026-07-25T09:08:45.329+0000] {processor.py:925} INFO - DAG(s) 'example_task_group' retrieved from /home/airflow/.local/lib/python3.12/site-packages/airflow/example_dags/example_task_group.py
[2026-07-25T09:08:45.346+0000] {logging_mixin.py:190} INFO - [2026-07-25T09:08:45.346+0000] {dag.py:3239} INFO - Sync 1 DAGs
[2026-07-25T09:08:45.357+0000] {logging_mixin.py:190} INFO - [2026-07-25T09:08:45.357+0000] {dag.py:4180} INFO - Setting next_dagrun for example_task_group to None, run_after=None
[2026-07-25T09:08:45.370+0000] {processor.py:208} INFO - Processing /home/airflow/.local/lib/python3.12/site-packages/airflow/example_dags/example_task_group.py took 0.056 seconds
[2026-07-25T09:09:15.627+0000] {processor.py:186} INFO - Started process (PID=437) to work on /home/airflow/.local/lib/python3.12/site-packages/airflow/example_dags/example_task_group.py
[2026-07-25T09:09:15.628+0000] {processor.py:914} INFO - Processing file /home/airflow/.local/lib/python3.12/site-packages/airflow/example_dags/example_task_group.py for tasks to queue
[2026-07-25T09:09:15.630+0000] {logging_mixin.py:190} INFO - [2026-07-25T09:09:15.630+0000] {dagbag.py:588} INFO - Filling up the DagBag from /home/airflow/.local/lib/python3.12/site-packages/airflow/example_dags/example_task_group.py
[2026-07-25T09:09:15.636+0000] {processor.py:925} INFO - DAG(s) 'example_task_group' retrieved from /home/airflow/.local/lib/python3.12/site-packages/airflow/example_dags/example_task_group.py
[2026-07-25T09:09:15.650+0000] {logging_mixin.py:190} INFO - [2026-07-25T09:09:15.650+0000] {dag.py:3239} INFO - Sync 1 DAGs
[2026-07-25T09:09:15.658+0000] {logging_mixin.py:190} INFO - [2026-07-25T09:09:15.658+0000] {dag.py:4180} INFO - Setting next_dagrun for example_task_group to None, run_after=None
[2026-07-25T09:09:15.671+0000] {processor.py:208} INFO - Processing /home/airflow/.local/lib/python3.12/site-packages/airflow/example_dags/example_task_group.py took 0.047 seconds
[2026-07-25T09:09:46.350+0000] {processor.py:186} INFO - Started process (PID=502) to work on /home/airflow/.local/lib/python3.12/site-packages/airflow/example_dags/example_task_group.py
[2026-07-25T09:09:46.351+0000] {processor.py:914} INFO - Processing file /home/airflow/.local/lib/python3.12/site-packages/airflow/example_dags/example_task_group.py for tasks to queue
[2026-07-25T09:09:46.353+0000] {logging_mixin.py:190} INFO - [2026-07-25T09:09:46.353+0000] {dagbag.py:588} INFO - Filling up the DagBag from /home/airflow/.local/lib/python3.12/site-packages/airflow/example_dags/example_task_group.py
[2026-07-25T09:09:46.358+0000] {processor.py:925} INFO - DAG(s) 'example_task_group' retrieved from /home/airflow/.local/lib/python3.12/site-packages/airflow/example_dags/example_task_group.py
[2026-07-25T09:09:46.371+0000] {logging_mixin.py:190} INFO - [2026-07-25T09:09:46.371+0000] {dag.py:3239} INFO - Sync 1 DAGs
[2026-07-25T09:09:46.379+0000] {logging_mixin.py:190} INFO - [2026-07-25T09:09:46.379+0000] {dag.py:4180} INFO - Setting next_dagrun for example_task_group to None, run_after=None
[2026-07-25T09:09:46.390+0000] {processor.py:208} INFO - Processing /home/airflow/.local/lib/python3.12/site-packages/airflow/example_dags/example_task_group.py took 0.043 seconds
[2026-07-25T09:10:16.724+0000] {processor.py:186} INFO - Started process (PID=564) to work on /home/airflow/.local/lib/python3.12/site-packages/airflow/example_dags/example_task_group.py
[2026-07-25T09:10:16.725+0000] {processor.py:914} INFO - Processing file /home/airflow/.local/lib/python3.12/site-packages/airflow/example_dags/example_task_group.py for tasks to queue
[2026-07-25T09:10:16.727+0000] {logging_mixin.py:190} INFO - [2026-07-25T09:10:16.726+0000] {dagbag.py:588} INFO - Filling up the DagBag from /home/airflow/.local/lib/python3.12/site-packages/airflow/example_dags/example_task_group.py
[2026-07-25T09:10:16.733+0000] {processor.py:925} INFO - DAG(s) 'example_task_group' retrieved from /home/airflow/.local/lib/python3.12/site-packages/airflow/example_dags/example_task_group.py
[2026-07-25T09:10:16.749+0000] {logging_mixin.py:190} INFO - [2026-07-25T09:10:16.748+0000] {dag.py:3239} INFO - Sync 1 DAGs
[2026-07-25T09:10:16.757+0000] {logging_mixin.py:190} INFO - [2026-07-25T09:10:16.757+0000] {dag.py:4180} INFO - Setting next_dagrun for example_task_group to None, run_after=None
[2026-07-25T09:10:16.767+0000] {processor.py:208} INFO - Processing /home/airflow/.local/lib/python3.12/site-packages/airflow/example_dags/example_task_group.py took 0.047 seconds
[2026-07-25T09:10:47.809+0000] {processor.py:186} INFO - Started process (PID=626) to work on /home/airflow/.local/lib/python3.12/site-packages/airflow/example_dags/example_task_group.py
[2026-07-25T09:10:47.810+0000] {processor.py:914} INFO - Processing file /home/airflow/.local/lib/python3.12/site-packages/airflow/example_dags/example_task_group.py for tasks to queue
[2026-07-25T09:10:47.812+0000] {logging_mixin.py:190} INFO - [2026-07-25T09:10:47.812+0000] {dagbag.py:588} INFO - Filling up the DagBag from /home/airflow/.local/lib/python3.12/site-packages/airflow/example_dags/example_task_group.py
[2026-07-25T09:10:47.819+0000] {processor.py:925} INFO - DAG(s) 'example_task_group' retrieved from /home/airflow/.local/lib/python3.12/site-packages/airflow/example_dags/example_task_group.py
[2026-07-25T09:10:47.835+0000] {logging_mixin.py:190} INFO - [2026-07-25T09:10:47.835+0000] {dag.py:3239} INFO - Sync 1 DAGs
[2026-07-25T09:10:47.845+0000] {logging_mixin.py:190} INFO - [2026-07-25T09:10:47.845+0000] {dag.py:4180} INFO - Setting next_dagrun for example_task_group to None, run_after=None
[2026-07-25T09:10:47.858+0000] {processor.py:208} INFO - Processing /home/airflow/.local/lib/python3.12/site-packages/airflow/example_dags/example_task_group.py took 0.053 seconds
[2026-07-25T09:11:18.000+0000] {processor.py:186} INFO - Started process (PID=689) to work on /home/airflow/.local/lib/python3.12/site-packages/airflow/example_dags/example_task_group.py
[2026-07-25T09:11:18.001+0000] {processor.py:914} INFO - Processing file /home/airflow/.local/lib/python3.12/site-packages/airflow/example_dags/example_task_group.py for tasks to queue
[2026-07-25T09:11:18.003+0000] {logging_mixin.py:190} INFO - [2026-07-25T09:11:18.002+0000] {dagbag.py:588} INFO - Filling up the DagBag from /home/airflow/.local/lib/python3.12/site-packages/airflow/example_dags/example_task_group.py
[2026-07-25T09:11:18.008+0000] {processor.py:925} INFO - DAG(s) 'example_task_group' retrieved from /home/airflow/.local/lib/python3.12/site-packages/airflow/example_dags/example_task_group.py
[2026-07-25T09:11:18.022+0000] {logging_mixin.py:190} INFO - [2026-07-25T09:11:18.022+0000] {dag.py:3239} INFO - Sync 1 DAGs
[2026-07-25T09:11:18.031+0000] {logging_mixin.py:190} INFO - [2026-07-25T09:11:18.031+0000] {dag.py:4180} INFO - Setting next_dagrun for example_task_group to None, run_after=None
[2026-07-25T09:11:18.043+0000] {processor.py:208} INFO - Processing /home/airflow/.local/lib/python3.12/site-packages/airflow/example_dags/example_task_group.py took 0.046 seconds
[2026-07-25T09:11:48.316+0000] {processor.py:186} INFO - Started process (PID=751) to work on /home/airflow/.local/lib/python3.12/site-packages/airflow/example_dags/example_task_group.py
[2026-07-25T09:11:48.317+0000] {processor.py:914} INFO - Processing file /home/airflow/.local/lib/python3.12/site-packages/airflow/example_dags/example_task_group.py for tasks to queue
[2026-07-25T09:11:48.320+0000] {logging_mixin.py:190} INFO - [2026-07-25T09:11:48.320+0000] {dagbag.py:588} INFO - Filling up the DagBag from /home/airflow/.local/lib/python3.12/site-packages/airflow/example_dags/example_task_group.py
[2026-07-25T09:11:48.327+0000] {processor.py:925} INFO - DAG(s) 'example_task_group' retrieved from /home/airflow/.local/lib/python3.12/site-packages/airflow/example_dags/example_task_group.py
[2026-07-25T09:11:48.343+0000] {logging_mixin.py:190} INFO - [2026-07-25T09:11:48.343+0000] {dag.py:3239} INFO - Sync 1 DAGs
[2026-07-25T09:11:48.354+0000] {logging_mixin.py:190} INFO - [2026-07-25T09:11:48.354+0000] {dag.py:4180} INFO - Setting next_dagrun for example_task_group to None, run_after=None
[2026-07-25T09:11:48.366+0000] {processor.py:208} INFO - Processing /home/airflow/.local/lib/python3.12/site-packages/airflow/example_dags/example_task_group.py took 0.054 seconds
[2026-07-25T09:12:19.091+0000] {processor.py:186} INFO - Started process (PID=814) to work on /home/airflow/.local/lib/python3.12/site-packages/airflow/example_dags/example_task_group.py
[2026-07-25T09:12:19.092+0000] {processor.py:914} INFO - Processing file /home/airflow/.local/lib/python3.12/site-packages/airflow/example_dags/example_task_group.py for tasks to queue
[2026-07-25T09:12:19.094+0000] {logging_mixin.py:190} INFO - [2026-07-25T09:12:19.093+0000] {dagbag.py:588} INFO - Filling up the DagBag from /home/airflow/.local/lib/python3.12/site-packages/airflow/example_dags/example_task_group.py
[2026-07-25T09:12:19.100+0000] {processor.py:925} INFO - DAG(s) 'example_task_group' retrieved from /home/airflow/.local/lib/python3.12/site-packages/airflow/example_dags/example_task_group.py
[2026-07-25T09:12:19.113+0000] {logging_mixin.py:190} INFO - [2026-07-25T09:12:19.113+0000] {dag.py:3239} INFO - Sync 1 DAGs
[2026-07-25T09:12:19.122+0000] {logging_mixin.py:190} INFO - [2026-07-25T09:12:19.122+0000] {dag.py:4180} INFO - Setting next_dagrun for example_task_group to None, run_after=None
[2026-07-25T09:12:19.134+0000] {processor.py:208} INFO - Processing /home/airflow/.local/lib/python3.12/site-packages/airflow/example_dags/example_task_group.py took 0.047 seconds
[2026-07-25T09:12:50.058+0000] {processor.py:186} INFO - Started process (PID=877) to work on /home/airflow/.local/lib/python3.12/site-packages/airflow/example_dags/example_task_group.py
[2026-07-25T09:12:50.059+0000] {processor.py:914} INFO - Processing file /home/airflow/.local/lib/python3.12/site-packages/airflow/example_dags/example_task_group.py for tasks to queue
[2026-07-25T09:12:50.061+0000] {logging_mixin.py:190} INFO - [2026-07-25T09:12:50.061+0000] {dagbag.py:588} INFO - Filling up the DagBag from /home/airflow/.local/lib/python3.12/site-packages/airflow/example_dags/example_task_group.py
[2026-07-25T09:12:50.067+0000] {processor.py:925} INFO - DAG(s) 'example_task_group' retrieved from /home/airflow/.local/lib/python3.12/site-packages/airflow/example_dags/example_task_group.py
[2026-07-25T09:12:50.080+0000] {logging_mixin.py:190} INFO - [2026-07-25T09:12:50.080+0000] {dag.py:3239} INFO - Sync 1 DAGs
[2026-07-25T09:12:50.088+0000] {logging_mixin.py:190} INFO - [2026-07-25T09:12:50.088+0000] {dag.py:4180} INFO - Setting next_dagrun for example_task_group to None, run_after=None
[2026-07-25T09:12:50.099+0000] {processor.py:208} INFO - Processing /home/airflow/.local/lib/python3.12/site-packages/airflow/example_dags/example_task_group.py took 0.044 seconds
[2026-07-25T09:13:24.688+0000] {processor.py:186} INFO - Started process (PID=940) to work on /home/airflow/.local/lib/python3.12/site-packages/airflow/example_dags/example_task_group.py
[2026-07-25T09:13:24.689+0000] {processor.py:914} INFO - Processing file /home/airflow/.local/lib/python3.12/site-packages/airflow/example_dags/example_task_group.py for tasks to queue
[2026-07-25T09:13:24.691+0000] {logging_mixin.py:190} INFO - [2026-07-25T09:13:24.691+0000] {dagbag.py:588} INFO - Filling up the DagBag from /home/airflow/.local/lib/python3.12/site-packages/airflow/example_dags/example_task_group.py
[2026-07-25T09:13:24.697+0000] {processor.py:925} INFO - DAG(s) 'example_task_group' retrieved from /home/airflow/.local/lib/python3.12/site-packages/airflow/example_dags/example_task_group.py
[2026-07-25T09:13:24.711+0000] {logging_mixin.py:190} INFO - [2026-07-25T09:13:24.711+0000] {dag.py:3239} INFO - Sync 1 DAGs
[2026-07-25T09:13:24.720+0000] {logging_mixin.py:190} INFO - [2026-07-25T09:13:24.720+0000] {dag.py:4180} INFO - Setting next_dagrun for example_task_group to None, run_after=None
[2026-07-25T09:13:24.731+0000] {processor.py:208} INFO - Processing /home/airflow/.local/lib/python3.12/site-packages/airflow/example_dags/example_task_group.py took 0.047 seconds
[2026-07-25T09:13:54.793+0000] {processor.py:186} INFO - Started process (PID=1002) to work on /home/airflow/.local/lib/python3.12/site-packages/airflow/example_dags/example_task_group.py
[2026-07-25T09:13:54.794+0000] {processor.py:914} INFO - Processing file /home/airflow/.local/lib/python3.12/site-packages/airflow/example_dags/example_task_group.py for tasks to queue
[2026-07-25T09:13:54.796+0000] {logging_mixin.py:190} INFO - [2026-07-25T09:13:54.796+0000] {dagbag.py:588} INFO - Filling up the DagBag from /home/airflow/.local/lib/python3.12/site-packages/airflow/example_dags/example_task_group.py
[2026-07-25T09:13:54.802+0000] {processor.py:925} INFO - DAG(s) 'example_task_group' retrieved from /home/airflow/.local/lib/python3.12/site-packages/airflow/example_dags/example_task_group.py
[2026-07-25T09:13:54.815+0000] {logging_mixin.py:190} INFO - [2026-07-25T09:13:54.815+0000] {dag.py:3239} INFO - Sync 1 DAGs
[2026-07-25T09:13:54.824+0000] {logging_mixin.py:190} INFO - [2026-07-25T09:13:54.824+0000] {dag.py:4180} INFO - Setting next_dagrun for example_task_group to None, run_after=None
[2026-07-25T09:13:54.836+0000] {processor.py:208} INFO - Processing /home/airflow/.local/lib/python3.12/site-packages/airflow/example_dags/example_task_group.py took 0.046 seconds
[2026-07-25T09:14:24.941+0000] {processor.py:186} INFO - Started process (PID=1064) to work on /home/airflow/.local/lib/python3.12/site-packages/airflow/example_dags/example_task_group.py
[2026-07-25T09:14:24.942+0000] {processor.py:914} INFO - Processing file /home/airflow/.local/lib/python3.12/site-packages/airflow/example_dags/example_task_group.py for tasks to queue
[2026-07-25T09:14:24.944+0000] {logging_mixin.py:190} INFO - [2026-07-25T09:14:24.944+0000] {dagbag.py:588} INFO - Filling up the DagBag from /home/airflow/.local/lib/python3.12/site-packages/airflow/example_dags/example_task_group.py
[2026-07-25T09:14:24.950+0000] {processor.py:925} INFO - DAG(s) 'example_task_group' retrieved from /home/airflow/.local/lib/python3.12/site-packages/airflow/example_dags/example_task_group.py
[2026-07-25T09:14:24.963+0000] {logging_mixin.py:190} INFO - [2026-07-25T09:14:24.963+0000] {dag.py:3239} INFO - Sync 1 DAGs
[2026-07-25T09:14:24.971+0000] {logging_mixin.py:190} INFO - [2026-07-25T09:14:24.971+0000] {dag.py:4180} INFO - Setting next_dagrun for example_task_group to None, run_after=None
[2026-07-25T09:14:24.983+0000] {processor.py:208} INFO - Processing /home/airflow/.local/lib/python3.12/site-packages/airflow/example_dags/example_task_group.py took 0.045 seconds
[2026-07-25T09:15:45.328+0000] {processor.py:186} INFO - Started process (PID=117) to work on /home/airflow/.local/lib/python3.12/site-packages/airflow/example_dags/example_task_group.py
[2026-07-25T09:15:45.329+0000] {processor.py:914} INFO - Processing file /home/airflow/.local/lib/python3.12/site-packages/airflow/example_dags/example_task_group.py for tasks to queue
[2026-07-25T09:15:45.331+0000] {logging_mixin.py:190} INFO - [2026-07-25T09:15:45.331+0000] {dagbag.py:588} INFO - Filling up the DagBag from /home/airflow/.local/lib/python3.12/site-packages/airflow/example_dags/example_task_group.py
[2026-07-25T09:15:45.339+0000] {processor.py:925} INFO - DAG(s) 'example_task_group' retrieved from /home/airflow/.local/lib/python3.12/site-packages/airflow/example_dags/example_task_group.py
[2026-07-25T09:15:45.354+0000] {logging_mixin.py:190} INFO - [2026-07-25T09:15:45.354+0000] {dag.py:3239} INFO - Sync 1 DAGs
[2026-07-25T09:15:45.363+0000] {logging_mixin.py:190} INFO - [2026-07-25T09:15:45.363+0000] {dag.py:4180} INFO - Setting next_dagrun for example_task_group to None, run_after=None
[2026-07-25T09:15:45.374+0000] {processor.py:208} INFO - Processing /home/airflow/.local/lib/python3.12/site-packages/airflow/example_dags/example_task_group.py took 0.051 seconds
[2026-07-25T09:16:15.502+0000] {processor.py:186} INFO - Started process (PID=179) to work on /home/airflow/.local/lib/python3.12/site-packages/airflow/example_dags/example_task_group.py
[2026-07-25T09:16:15.503+0000] {processor.py:914} INFO - Processing file /home/airflow/.local/lib/python3.12/site-packages/airflow/example_dags/example_task_group.py for tasks to queue
[2026-07-25T09:16:15.506+0000] {logging_mixin.py:190} INFO - [2026-07-25T09:16:15.506+0000] {dagbag.py:588} INFO - Filling up the DagBag from /home/airflow/.local/lib/python3.12/site-packages/airflow/example_dags/example_task_group.py
[2026-07-25T09:16:15.513+0000] {processor.py:925} INFO - DAG(s) 'example_task_group' retrieved from /home/airflow/.local/lib/python3.12/site-packages/airflow/example_dags/example_task_group.py
[2026-07-25T09:16:15.529+0000] {logging_mixin.py:190} INFO - [2026-07-25T09:16:15.529+0000] {dag.py:3239} INFO - Sync 1 DAGs
[2026-07-25T09:16:15.541+0000] {logging_mixin.py:190} INFO - [2026-07-25T09:16:15.541+0000] {dag.py:4180} INFO - Setting next_dagrun for example_task_group to None, run_after=None
[2026-07-25T09:16:15.554+0000] {processor.py:208} INFO - Processing /home/airflow/.local/lib/python3.12/site-packages/airflow/example_dags/example_task_group.py took 0.057 seconds
[2026-07-25T09:16:48.952+0000] {processor.py:186} INFO - Started process (PID=241) to work on /home/airflow/.local/lib/python3.12/site-packages/airflow/example_dags/example_task_group.py
[2026-07-25T09:16:48.954+0000] {processor.py:914} INFO - Processing file /home/airflow/.local/lib/python3.12/site-packages/airflow/example_dags/example_task_group.py for tasks to queue
[2026-07-25T09:16:48.956+0000] {logging_mixin.py:190} INFO - [2026-07-25T09:16:48.956+0000] {dagbag.py:588} INFO - Filling up the DagBag from /home/airflow/.local/lib/python3.12/site-packages/airflow/example_dags/example_task_group.py
[2026-07-25T09:16:48.962+0000] {processor.py:925} INFO - DAG(s) 'example_task_group' retrieved from /home/airflow/.local/lib/python3.12/site-packages/airflow/example_dags/example_task_group.py
[2026-07-25T09:16:48.976+0000] {logging_mixin.py:190} INFO - [2026-07-25T09:16:48.976+0000] {dag.py:3239} INFO - Sync 1 DAGs
[2026-07-25T09:16:48.985+0000] {logging_mixin.py:190} INFO - [2026-07-25T09:16:48.985+0000] {dag.py:4180} INFO - Setting next_dagrun for example_task_group to None, run_after=None
[2026-07-25T09:16:48.998+0000] {processor.py:208} INFO - Processing /home/airflow/.local/lib/python3.12/site-packages/airflow/example_dags/example_task_group.py took 0.050 seconds
[2026-07-25T09:17:23.368+0000] {processor.py:186} INFO - Started process (PID=304) to work on /home/airflow/.local/lib/python3.12/site-packages/airflow/example_dags/example_task_group.py
[2026-07-25T09:17:23.369+0000] {processor.py:914} INFO - Processing file /home/airflow/.local/lib/python3.12/site-packages/airflow/example_dags/example_task_group.py for tasks to queue
[2026-07-25T09:17:23.371+0000] {logging_mixin.py:190} INFO - [2026-07-25T09:17:23.371+0000] {dagbag.py:588} INFO - Filling up the DagBag from /home/airflow/.local/lib/python3.12/site-packages/airflow/example_dags/example_task_group.py
[2026-07-25T09:17:23.376+0000] {processor.py:925} INFO - DAG(s) 'example_task_group' retrieved from /home/airflow/.local/lib/python3.12/site-packages/airflow/example_dags/example_task_group.py
[2026-07-25T09:17:23.389+0000] {logging_mixin.py:190} INFO - [2026-07-25T09:17:23.389+0000] {dag.py:3239} INFO - Sync 1 DAGs
[2026-07-25T09:17:23.398+0000] {logging_mixin.py:190} INFO - [2026-07-25T09:17:23.398+0000] {dag.py:4180} INFO - Setting next_dagrun for example_task_group to None, run_after=None
[2026-07-25T09:17:23.408+0000] {processor.py:208} INFO - Processing /home/airflow/.local/lib/python3.12/site-packages/airflow/example_dags/example_task_group.py took 0.043 seconds
[2026-07-25T09:17:57.432+0000] {processor.py:186} INFO - Started process (PID=367) to work on /home/airflow/.local/lib/python3.12/site-packages/airflow/example_dags/example_task_group.py
[2026-07-25T09:17:57.433+0000] {processor.py:914} INFO - Processing file /home/airflow/.local/lib/python3.12/site-packages/airflow/example_dags/example_task_group.py for tasks to queue
[2026-07-25T09:17:57.435+0000] {logging_mixin.py:190} INFO - [2026-07-25T09:17:57.435+0000] {dagbag.py:588} INFO - Filling up the DagBag from /home/airflow/.local/lib/python3.12/site-packages/airflow/example_dags/example_task_group.py
[2026-07-25T09:17:57.442+0000] {processor.py:925} INFO - DAG(s) 'example_task_group' retrieved from /home/airflow/.local/lib/python3.12/site-packages/airflow/example_dags/example_task_group.py
[2026-07-25T09:17:57.458+0000] {logging_mixin.py:190} INFO - [2026-07-25T09:17:57.458+0000] {dag.py:3239} INFO - Sync 1 DAGs
[2026-07-25T09:17:57.468+0000] {logging_mixin.py:190} INFO - [2026-07-25T09:17:57.468+0000] {dag.py:4180} INFO - Setting next_dagrun for example_task_group to None, run_after=None
[2026-07-25T09:17:57.480+0000] {processor.py:208} INFO - Processing /home/airflow/.local/lib/python3.12/site-packages/airflow/example_dags/example_task_group.py took 0.052 seconds
[2026-07-25T09:18:31.084+0000] {processor.py:186} INFO - Started process (PID=430) to work on /home/airflow/.local/lib/python3.12/site-packages/airflow/example_dags/example_task_group.py
[2026-07-25T09:18:31.085+0000] {processor.py:914} INFO - Processing file /home/airflow/.local/lib/python3.12/site-packages/airflow/example_dags/example_task_group.py for tasks to queue
[2026-07-25T09:18:31.087+0000] {logging_mixin.py:190} INFO - [2026-07-25T09:18:31.087+0000] {dagbag.py:588} INFO - Filling up the DagBag from /home/airflow/.local/lib/python3.12/site-packages/airflow/example_dags/example_task_group.py
[2026-07-25T09:18:31.092+0000] {processor.py:925} INFO - DAG(s) 'example_task_group' retrieved from /home/airflow/.local/lib/python3.12/site-packages/airflow/example_dags/example_task_group.py
[2026-07-25T09:18:31.107+0000] {logging_mixin.py:190} INFO - [2026-07-25T09:18:31.107+0000] {dag.py:3239} INFO - Sync 1 DAGs
[2026-07-25T09:18:31.115+0000] {logging_mixin.py:190} INFO - [2026-07-25T09:18:31.115+0000] {dag.py:4180} INFO - Setting next_dagrun for example_task_group to None, run_after=None
[2026-07-25T09:18:31.126+0000] {processor.py:208} INFO - Processing /home/airflow/.local/lib/python3.12/site-packages/airflow/example_dags/example_task_group.py took 0.046 seconds
[2026-07-25T09:19:01.344+0000] {processor.py:186} INFO - Started process (PID=492) to work on /home/airflow/.local/lib/python3.12/site-packages/airflow/example_dags/example_task_group.py
[2026-07-25T09:19:01.345+0000] {processor.py:914} INFO - Processing file /home/airflow/.local/lib/python3.12/site-packages/airflow/example_dags/example_task_group.py for tasks to queue
[2026-07-25T09:19:01.347+0000] {logging_mixin.py:190} INFO - [2026-07-25T09:19:01.347+0000] {dagbag.py:588} INFO - Filling up the DagBag from /home/airflow/.local/lib/python3.12/site-packages/airflow/example_dags/example_task_group.py
[2026-07-25T09:19:01.352+0000] {processor.py:925} INFO - DAG(s) 'example_task_group' retrieved from /home/airflow/.local/lib/python3.12/site-packages/airflow/example_dags/example_task_group.py
[2026-07-25T09:19:01.367+0000] {logging_mixin.py:190} INFO - [2026-07-25T09:19:01.367+0000] {dag.py:3239} INFO - Sync 1 DAGs
[2026-07-25T09:19:01.377+0000] {logging_mixin.py:190} INFO - [2026-07-25T09:19:01.376+0000] {dag.py:4180} INFO - Setting next_dagrun for example_task_group to None, run_after=None
[2026-07-25T09:19:01.389+0000] {processor.py:208} INFO - Processing /home/airflow/.local/lib/python3.12/site-packages/airflow/example_dags/example_task_group.py took 0.049 seconds
[2026-07-25T09:19:32.052+0000] {processor.py:186} INFO - Started process (PID=554) to work on /home/airflow/.local/lib/python3.12/site-packages/airflow/example_dags/example_task_group.py
[2026-07-25T09:19:32.053+0000] {processor.py:914} INFO - Processing file /home/airflow/.local/lib/python3.12/site-packages/airflow/example_dags/example_task_group.py for tasks to queue
[2026-07-25T09:19:32.056+0000] {logging_mixin.py:190} INFO - [2026-07-25T09:19:32.055+0000] {dagbag.py:588} INFO - Filling up the DagBag from /home/airflow/.local/lib/python3.12/site-packages/airflow/example_dags/example_task_group.py
[2026-07-25T09:19:32.063+0000] {processor.py:925} INFO - DAG(s) 'example_task_group' retrieved from /home/airflow/.local/lib/python3.12/site-packages/airflow/example_dags/example_task_group.py
[2026-07-25T09:19:32.079+0000] {logging_mixin.py:190} INFO - [2026-07-25T09:19:32.079+0000] {dag.py:3239} INFO - Sync 1 DAGs
[2026-07-25T09:19:32.090+0000] {logging_mixin.py:190} INFO - [2026-07-25T09:19:32.090+0000] {dag.py:4180} INFO - Setting next_dagrun for example_task_group to None, run_after=None
[2026-07-25T09:19:32.106+0000] {processor.py:208} INFO - Processing /home/airflow/.local/lib/python3.12/site-packages/airflow/example_dags/example_task_group.py took 0.059 seconds
[2026-07-25T09:20:58.270+0000] {processor.py:186} INFO - Started process (PID=117) to work on /home/airflow/.local/lib/python3.12/site-packages/airflow/example_dags/example_task_group.py
[2026-07-25T09:20:58.271+0000] {processor.py:914} INFO - Processing file /home/airflow/.local/lib/python3.12/site-packages/airflow/example_dags/example_task_group.py for tasks to queue
[2026-07-25T09:20:58.274+0000] {logging_mixin.py:190} INFO - [2026-07-25T09:20:58.274+0000] {dagbag.py:588} INFO - Filling up the DagBag from /home/airflow/.local/lib/python3.12/site-packages/airflow/example_dags/example_task_group.py
[2026-07-25T09:20:58.281+0000] {processor.py:925} INFO - DAG(s) 'example_task_group' retrieved from /home/airflow/.local/lib/python3.12/site-packages/airflow/example_dags/example_task_group.py
[2026-07-25T09:20:58.299+0000] {logging_mixin.py:190} INFO - [2026-07-25T09:20:58.299+0000] {dag.py:3239} INFO - Sync 1 DAGs
[2026-07-25T09:20:58.311+0000] {logging_mixin.py:190} INFO - [2026-07-25T09:20:58.310+0000] {dag.py:4180} INFO - Setting next_dagrun for example_task_group to None, run_after=None
[2026-07-25T09:20:58.326+0000] {processor.py:208} INFO - Processing /home/airflow/.local/lib/python3.12/site-packages/airflow/example_dags/example_task_group.py took 0.061 seconds
[2026-07-25T09:21:29.032+0000] {processor.py:186} INFO - Started process (PID=179) to work on /home/airflow/.local/lib/python3.12/site-packages/airflow/example_dags/example_task_group.py
[2026-07-25T09:21:29.033+0000] {processor.py:914} INFO - Processing file /home/airflow/.local/lib/python3.12/site-packages/airflow/example_dags/example_task_group.py for tasks to queue
[2026-07-25T09:21:29.036+0000] {logging_mixin.py:190} INFO - [2026-07-25T09:21:29.035+0000] {dagbag.py:588} INFO - Filling up the DagBag from /home/airflow/.local/lib/python3.12/site-packages/airflow/example_dags/example_task_group.py
[2026-07-25T09:21:29.042+0000] {processor.py:925} INFO - DAG(s) 'example_task_group' retrieved from /home/airflow/.local/lib/python3.12/site-packages/airflow/example_dags/example_task_group.py
[2026-07-25T09:21:29.058+0000] {logging_mixin.py:190} INFO - [2026-07-25T09:21:29.058+0000] {dag.py:3239} INFO - Sync 1 DAGs
[2026-07-25T09:21:29.069+0000] {logging_mixin.py:190} INFO - [2026-07-25T09:21:29.069+0000] {dag.py:4180} INFO - Setting next_dagrun for example_task_group to None, run_after=None
[2026-07-25T09:21:29.082+0000] {processor.py:208} INFO - Processing /home/airflow/.local/lib/python3.12/site-packages/airflow/example_dags/example_task_group.py took 0.053 seconds
[2026-07-25T09:22:00.763+0000] {processor.py:186} INFO - Started process (PID=241) to work on /home/airflow/.local/lib/python3.12/site-packages/airflow/example_dags/example_task_group.py
[2026-07-25T09:22:00.764+0000] {processor.py:914} INFO - Processing file /home/airflow/.local/lib/python3.12/site-packages/airflow/example_dags/example_task_group.py for tasks to queue
[2026-07-25T09:22:00.766+0000] {logging_mixin.py:190} INFO - [2026-07-25T09:22:00.766+0000] {dagbag.py:588} INFO - Filling up the DagBag from /home/airflow/.local/lib/python3.12/site-packages/airflow/example_dags/example_task_group.py
[2026-07-25T09:22:00.771+0000] {processor.py:925} INFO - DAG(s) 'example_task_group' retrieved from /home/airflow/.local/lib/python3.12/site-packages/airflow/example_dags/example_task_group.py
[2026-07-25T09:22:00.788+0000] {logging_mixin.py:190} INFO - [2026-07-25T09:22:00.788+0000] {dag.py:3239} INFO - Sync 1 DAGs
[2026-07-25T09:22:00.799+0000] {logging_mixin.py:190} INFO - [2026-07-25T09:22:00.799+0000] {dag.py:4180} INFO - Setting next_dagrun for example_task_group to None, run_after=None
[2026-07-25T09:22:00.813+0000] {processor.py:208} INFO - Processing /home/airflow/.local/lib/python3.12/site-packages/airflow/example_dags/example_task_group.py took 0.053 seconds
[2026-07-25T09:22:35.151+0000] {processor.py:186} INFO - Started process (PID=304) to work on /home/airflow/.local/lib/python3.12/site-packages/airflow/example_dags/example_task_group.py
[2026-07-25T09:22:35.152+0000] {processor.py:914} INFO - Processing file /home/airflow/.local/lib/python3.12/site-packages/airflow/example_dags/example_task_group.py for tasks to queue
[2026-07-25T09:22:35.154+0000] {logging_mixin.py:190} INFO - [2026-07-25T09:22:35.154+0000] {dagbag.py:588} INFO - Filling up the DagBag from /home/airflow/.local/lib/python3.12/site-packages/airflow/example_dags/example_task_group.py
[2026-07-25T09:22:35.160+0000] {processor.py:925} INFO - DAG(s) 'example_task_group' retrieved from /home/airflow/.local/lib/python3.12/site-packages/airflow/example_dags/example_task_group.py
[2026-07-25T09:22:35.174+0000] {logging_mixin.py:190} INFO - [2026-07-25T09:22:35.174+0000] {dag.py:3239} INFO - Sync 1 DAGs
[2026-07-25T09:22:35.183+0000] {logging_mixin.py:190} INFO - [2026-07-25T09:22:35.183+0000] {dag.py:4180} INFO - Setting next_dagrun for example_task_group to None, run_after=None
[2026-07-25T09:22:35.194+0000] {processor.py:208} INFO - Processing /home/airflow/.local/lib/python3.12/site-packages/airflow/example_dags/example_task_group.py took 0.045 seconds
[2026-07-25T09:24:08.900+0000] {processor.py:186} INFO - Started process (PID=117) to work on /home/airflow/.local/lib/python3.12/site-packages/airflow/example_dags/example_task_group.py
[2026-07-25T09:24:08.901+0000] {processor.py:914} INFO - Processing file /home/airflow/.local/lib/python3.12/site-packages/airflow/example_dags/example_task_group.py for tasks to queue
[2026-07-25T09:24:08.904+0000] {logging_mixin.py:190} INFO - [2026-07-25T09:24:08.903+0000] {dagbag.py:588} INFO - Filling up the DagBag from /home/airflow/.local/lib/python3.12/site-packages/airflow/example_dags/example_task_group.py
[2026-07-25T09:24:08.911+0000] {processor.py:925} INFO - DAG(s) 'example_task_group' retrieved from /home/airflow/.local/lib/python3.12/site-packages/airflow/example_dags/example_task_group.py
[2026-07-25T09:24:08.927+0000] {logging_mixin.py:190} INFO - [2026-07-25T09:24:08.927+0000] {dag.py:3239} INFO - Sync 1 DAGs
[2026-07-25T09:24:08.936+0000] {logging_mixin.py:190} INFO - [2026-07-25T09:24:08.936+0000] {dag.py:4180} INFO - Setting next_dagrun for example_task_group to None, run_after=None
[2026-07-25T09:24:08.948+0000] {processor.py:208} INFO - Processing /home/airflow/.local/lib/python3.12/site-packages/airflow/example_dags/example_task_group.py took 0.052 seconds
[2026-07-25T09:24:39.551+0000] {processor.py:186} INFO - Started process (PID=179) to work on /home/airflow/.local/lib/python3.12/site-packages/airflow/example_dags/example_task_group.py
[2026-07-25T09:24:39.552+0000] {processor.py:914} INFO - Processing file /home/airflow/.local/lib/python3.12/site-packages/airflow/example_dags/example_task_group.py for tasks to queue
[2026-07-25T09:24:39.554+0000] {logging_mixin.py:190} INFO - [2026-07-25T09:24:39.554+0000] {dagbag.py:588} INFO - Filling up the DagBag from /home/airflow/.local/lib/python3.12/site-packages/airflow/example_dags/example_task_group.py
[2026-07-25T09:24:39.560+0000] {processor.py:925} INFO - DAG(s) 'example_task_group' retrieved from /home/airflow/.local/lib/python3.12/site-packages/airflow/example_dags/example_task_group.py
[2026-07-25T09:24:39.574+0000] {logging_mixin.py:190} INFO - [2026-07-25T09:24:39.574+0000] {dag.py:3239} INFO - Sync 1 DAGs
[2026-07-25T09:24:39.583+0000] {logging_mixin.py:190} INFO - [2026-07-25T09:24:39.583+0000] {dag.py:4180} INFO - Setting next_dagrun for example_task_group to None, run_after=None
[2026-07-25T09:24:39.595+0000] {processor.py:208} INFO - Processing /home/airflow/.local/lib/python3.12/site-packages/airflow/example_dags/example_task_group.py took 0.047 seconds
[2026-07-25T09:25:12.377+0000] {processor.py:186} INFO - Started process (PID=241) to work on /home/airflow/.local/lib/python3.12/site-packages/airflow/example_dags/example_task_group.py
[2026-07-25T09:25:12.378+0000] {processor.py:914} INFO - Processing file /home/airflow/.local/lib/python3.12/site-packages/airflow/example_dags/example_task_group.py for tasks to queue
[2026-07-25T09:25:12.379+0000] {logging_mixin.py:190} INFO - [2026-07-25T09:25:12.379+0000] {dagbag.py:588} INFO - Filling up the DagBag from /home/airflow/.local/lib/python3.12/site-packages/airflow/example_dags/example_task_group.py
[2026-07-25T09:25:12.385+0000] {processor.py:925} INFO - DAG(s) 'example_task_group' retrieved from /home/airflow/.local/lib/python3.12/site-packages/airflow/example_dags/example_task_group.py
[2026-07-25T09:25:12.399+0000] {logging_mixin.py:190} INFO - [2026-07-25T09:25:12.398+0000] {dag.py:3239} INFO - Sync 1 DAGs
[2026-07-25T09:25:12.407+0000] {logging_mixin.py:190} INFO - [2026-07-25T09:25:12.407+0000] {dag.py:4180} INFO - Setting next_dagrun for example_task_group to None, run_after=None
[2026-07-25T09:25:12.432+0000] {processor.py:208} INFO - Processing /home/airflow/.local/lib/python3.12/site-packages/airflow/example_dags/example_task_group.py took 0.059 seconds
[2026-07-25T09:25:46.290+0000] {processor.py:186} INFO - Started process (PID=304) to work on /home/airflow/.local/lib/python3.12/site-packages/airflow/example_dags/example_task_group.py
[2026-07-25T09:25:46.291+0000] {processor.py:914} INFO - Processing file /home/airflow/.local/lib/python3.12/site-packages/airflow/example_dags/example_task_group.py for tasks to queue
[2026-07-25T09:25:46.293+0000] {logging_mixin.py:190} INFO - [2026-07-25T09:25:46.293+0000] {dagbag.py:588} INFO - Filling up the DagBag from /home/airflow/.local/lib/python3.12/site-packages/airflow/example_dags/example_task_group.py
[2026-07-25T09:25:46.299+0000] {processor.py:925} INFO - DAG(s) 'example_task_group' retrieved from /home/airflow/.local/lib/python3.12/site-packages/airflow/example_dags/example_task_group.py
[2026-07-25T09:25:46.314+0000] {logging_mixin.py:190} INFO - [2026-07-25T09:25:46.314+0000] {dag.py:3239} INFO - Sync 1 DAGs
[2026-07-25T09:25:46.324+0000] {logging_mixin.py:190} INFO - [2026-07-25T09:25:46.324+0000] {dag.py:4180} INFO - Setting next_dagrun for example_task_group to None, run_after=None
[2026-07-25T09:25:46.336+0000] {processor.py:208} INFO - Processing /home/airflow/.local/lib/python3.12/site-packages/airflow/example_dags/example_task_group.py took 0.049 seconds
[2026-07-25T09:27:04.076+0000] {processor.py:186} INFO - Started process (PID=117) to work on /home/airflow/.local/lib/python3.12/site-packages/airflow/example_dags/example_task_group.py
[2026-07-25T09:27:04.077+0000] {processor.py:914} INFO - Processing file /home/airflow/.local/lib/python3.12/site-packages/airflow/example_dags/example_task_group.py for tasks to queue
[2026-07-25T09:27:04.079+0000] {logging_mixin.py:190} INFO - [2026-07-25T09:27:04.079+0000] {dagbag.py:588} INFO - Filling up the DagBag from /home/airflow/.local/lib/python3.12/site-packages/airflow/example_dags/example_task_group.py
[2026-07-25T09:27:04.085+0000] {processor.py:925} INFO - DAG(s) 'example_task_group' retrieved from /home/airflow/.local/lib/python3.12/site-packages/airflow/example_dags/example_task_group.py
[2026-07-25T09:27:04.148+0000] {logging_mixin.py:190} INFO - [2026-07-25T09:27:04.148+0000] {override.py:1932} INFO - Created Permission View: can edit on DAG:example_task_group
[2026-07-25T09:27:04.155+0000] {logging_mixin.py:190} INFO - [2026-07-25T09:27:04.155+0000] {override.py:1932} INFO - Created Permission View: can read on DAG:example_task_group
[2026-07-25T09:27:04.160+0000] {logging_mixin.py:190} INFO - [2026-07-25T09:27:04.160+0000] {override.py:1932} INFO - Created Permission View: can delete on DAG:example_task_group
[2026-07-25T09:27:04.166+0000] {logging_mixin.py:190} INFO - [2026-07-25T09:27:04.166+0000] {override.py:1932} INFO - Created Permission View: menu access on DAG Run:example_task_group
[2026-07-25T09:27:04.171+0000] {logging_mixin.py:190} INFO - [2026-07-25T09:27:04.171+0000] {override.py:1932} INFO - Created Permission View: can read on DAG Run:example_task_group
[2026-07-25T09:27:04.175+0000] {logging_mixin.py:190} INFO - [2026-07-25T09:27:04.175+0000] {override.py:1932} INFO - Created Permission View: can create on DAG Run:example_task_group
[2026-07-25T09:27:04.180+0000] {logging_mixin.py:190} INFO - [2026-07-25T09:27:04.180+0000] {override.py:1932} INFO - Created Permission View: can delete on DAG Run:example_task_group
[2026-07-25T09:27:04.181+0000] {logging_mixin.py:190} INFO - [2026-07-25T09:27:04.181+0000] {dag.py:3239} INFO - Sync 1 DAGs
[2026-07-25T09:27:04.189+0000] {logging_mixin.py:190} INFO - [2026-07-25T09:27:04.189+0000] {dag.py:3262} INFO - Creating ORM DAG for example_task_group
[2026-07-25T09:27:04.190+0000] {logging_mixin.py:190} INFO - [2026-07-25T09:27:04.189+0000] {dag.py:4180} INFO - Setting next_dagrun for example_task_group to None, run_after=None
[2026-07-25T09:27:04.200+0000] {processor.py:208} INFO - Processing /home/airflow/.local/lib/python3.12/site-packages/airflow/example_dags/example_task_group.py took 0.127 seconds
[2026-07-25T09:27:38.371+0000] {processor.py:186} INFO - Started process (PID=180) to work on /home/airflow/.local/lib/python3.12/site-packages/airflow/example_dags/example_task_group.py
[2026-07-25T09:27:38.372+0000] {processor.py:914} INFO - Processing file /home/airflow/.local/lib/python3.12/site-packages/airflow/example_dags/example_task_group.py for tasks to queue
[2026-07-25T09:27:38.374+0000] {logging_mixin.py:190} INFO - [2026-07-25T09:27:38.374+0000] {dagbag.py:588} INFO - Filling up the DagBag from /home/airflow/.local/lib/python3.12/site-packages/airflow/example_dags/example_task_group.py
[2026-07-25T09:27:38.380+0000] {processor.py:925} INFO - DAG(s) 'example_task_group' retrieved from /home/airflow/.local/lib/python3.12/site-packages/airflow/example_dags/example_task_group.py
[2026-07-25T09:27:38.396+0000] {logging_mixin.py:190} INFO - [2026-07-25T09:27:38.396+0000] {dag.py:3239} INFO - Sync 1 DAGs
[2026-07-25T09:27:38.406+0000] {logging_mixin.py:190} INFO - [2026-07-25T09:27:38.405+0000] {dag.py:4180} INFO - Setting next_dagrun for example_task_group to None, run_after=None
[2026-07-25T09:27:38.428+0000] {processor.py:208} INFO - Processing /home/airflow/.local/lib/python3.12/site-packages/airflow/example_dags/example_task_group.py took 0.061 seconds
[2026-07-25T09:28:08.777+0000] {processor.py:186} INFO - Started process (PID=242) to work on /home/airflow/.local/lib/python3.12/site-packages/airflow/example_dags/example_task_group.py
[2026-07-25T09:28:08.778+0000] {processor.py:914} INFO - Processing file /home/airflow/.local/lib/python3.12/site-packages/airflow/example_dags/example_task_group.py for tasks to queue
[2026-07-25T09:28:08.780+0000] {logging_mixin.py:190} INFO - [2026-07-25T09:28:08.780+0000] {dagbag.py:588} INFO - Filling up the DagBag from /home/airflow/.local/lib/python3.12/site-packages/airflow/example_dags/example_task_group.py
[2026-07-25T09:28:08.786+0000] {processor.py:925} INFO - DAG(s) 'example_task_group' retrieved from /home/airflow/.local/lib/python3.12/site-packages/airflow/example_dags/example_task_group.py
[2026-07-25T09:28:08.801+0000] {logging_mixin.py:190} INFO - [2026-07-25T09:28:08.801+0000] {dag.py:3239} INFO - Sync 1 DAGs
[2026-07-25T09:28:08.811+0000] {logging_mixin.py:190} INFO - [2026-07-25T09:28:08.811+0000] {dag.py:4180} INFO - Setting next_dagrun for example_task_group to None, run_after=None
[2026-07-25T09:28:08.836+0000] {processor.py:208} INFO - Processing /home/airflow/.local/lib/python3.12/site-packages/airflow/example_dags/example_task_group.py took 0.062 seconds
[2026-07-25T09:28:40.377+0000] {processor.py:186} INFO - Started process (PID=304) to work on /home/airflow/.local/lib/python3.12/site-packages/airflow/example_dags/example_task_group.py
[2026-07-25T09:28:40.378+0000] {processor.py:914} INFO - Processing file /home/airflow/.local/lib/python3.12/site-packages/airflow/example_dags/example_task_group.py for tasks to queue
[2026-07-25T09:28:40.380+0000] {logging_mixin.py:190} INFO - [2026-07-25T09:28:40.380+0000] {dagbag.py:588} INFO - Filling up the DagBag from /home/airflow/.local/lib/python3.12/site-packages/airflow/example_dags/example_task_group.py
[2026-07-25T09:28:40.386+0000] {processor.py:925} INFO - DAG(s) 'example_task_group' retrieved from /home/airflow/.local/lib/python3.12/site-packages/airflow/example_dags/example_task_group.py
[2026-07-25T09:28:40.400+0000] {logging_mixin.py:190} INFO - [2026-07-25T09:28:40.400+0000] {dag.py:3239} INFO - Sync 1 DAGs
[2026-07-25T09:28:40.409+0000] {logging_mixin.py:190} INFO - [2026-07-25T09:28:40.409+0000] {dag.py:4180} INFO - Setting next_dagrun for example_task_group to None, run_after=None
[2026-07-25T09:28:40.435+0000] {processor.py:208} INFO - Processing /home/airflow/.local/lib/python3.12/site-packages/airflow/example_dags/example_task_group.py took 0.062 seconds
[2026-07-25T09:29:14.896+0000] {processor.py:186} INFO - Started process (PID=367) to work on /home/airflow/.local/lib/python3.12/site-packages/airflow/example_dags/example_task_group.py
[2026-07-25T09:29:14.897+0000] {processor.py:914} INFO - Processing file /home/airflow/.local/lib/python3.12/site-packages/airflow/example_dags/example_task_group.py for tasks to queue
[2026-07-25T09:29:14.899+0000] {logging_mixin.py:190} INFO - [2026-07-25T09:29:14.899+0000] {dagbag.py:588} INFO - Filling up the DagBag from /home/airflow/.local/lib/python3.12/site-packages/airflow/example_dags/example_task_group.py
[2026-07-25T09:29:14.905+0000] {processor.py:925} INFO - DAG(s) 'example_task_group' retrieved from /home/airflow/.local/lib/python3.12/site-packages/airflow/example_dags/example_task_group.py
[2026-07-25T09:29:14.919+0000] {logging_mixin.py:190} INFO - [2026-07-25T09:29:14.919+0000] {dag.py:3239} INFO - Sync 1 DAGs
[2026-07-25T09:29:14.928+0000] {logging_mixin.py:190} INFO - [2026-07-25T09:29:14.927+0000] {dag.py:4180} INFO - Setting next_dagrun for example_task_group to None, run_after=None
[2026-07-25T09:29:14.939+0000] {processor.py:208} INFO - Processing /home/airflow/.local/lib/python3.12/site-packages/airflow/example_dags/example_task_group.py took 0.046 seconds
[2026-07-25T09:29:45.361+0000] {processor.py:186} INFO - Started process (PID=429) to work on /home/airflow/.local/lib/python3.12/site-packages/airflow/example_dags/example_task_group.py
[2026-07-25T09:29:45.362+0000] {processor.py:914} INFO - Processing file /home/airflow/.local/lib/python3.12/site-packages/airflow/example_dags/example_task_group.py for tasks to queue
[2026-07-25T09:29:45.364+0000] {logging_mixin.py:190} INFO - [2026-07-25T09:29:45.363+0000] {dagbag.py:588} INFO - Filling up the DagBag from /home/airflow/.local/lib/python3.12/site-packages/airflow/example_dags/example_task_group.py
[2026-07-25T09:29:45.369+0000] {processor.py:925} INFO - DAG(s) 'example_task_group' retrieved from /home/airflow/.local/lib/python3.12/site-packages/airflow/example_dags/example_task_group.py
[2026-07-25T09:29:45.384+0000] {logging_mixin.py:190} INFO - [2026-07-25T09:29:45.383+0000] {dag.py:3239} INFO - Sync 1 DAGs
[2026-07-25T09:29:45.392+0000] {logging_mixin.py:190} INFO - [2026-07-25T09:29:45.392+0000] {dag.py:4180} INFO - Setting next_dagrun for example_task_group to None, run_after=None
[2026-07-25T09:29:45.430+0000] {processor.py:208} INFO - Processing /home/airflow/.local/lib/python3.12/site-packages/airflow/example_dags/example_task_group.py took 0.073 seconds
[2026-07-25T09:30:15.956+0000] {processor.py:186} INFO - Started process (PID=491) to work on /home/airflow/.local/lib/python3.12/site-packages/airflow/example_dags/example_task_group.py
[2026-07-25T09:30:15.956+0000] {processor.py:914} INFO - Processing file /home/airflow/.local/lib/python3.12/site-packages/airflow/example_dags/example_task_group.py for tasks to queue
[2026-07-25T09:30:15.958+0000] {logging_mixin.py:190} INFO - [2026-07-25T09:30:15.958+0000] {dagbag.py:588} INFO - Filling up the DagBag from /home/airflow/.local/lib/python3.12/site-packages/airflow/example_dags/example_task_group.py
[2026-07-25T09:30:15.964+0000] {processor.py:925} INFO - DAG(s) 'example_task_group' retrieved from /home/airflow/.local/lib/python3.12/site-packages/airflow/example_dags/example_task_group.py
[2026-07-25T09:30:15.977+0000] {logging_mixin.py:190} INFO - [2026-07-25T09:30:15.977+0000] {dag.py:3239} INFO - Sync 1 DAGs
[2026-07-25T09:30:15.985+0000] {logging_mixin.py:190} INFO - [2026-07-25T09:30:15.984+0000] {dag.py:4180} INFO - Setting next_dagrun for example_task_group to None, run_after=None
[2026-07-25T09:30:15.999+0000] {processor.py:208} INFO - Processing /home/airflow/.local/lib/python3.12/site-packages/airflow/example_dags/example_task_group.py took 0.047 seconds
[2026-07-25T09:30:46.133+0000] {processor.py:186} INFO - Started process (PID=553) to work on /home/airflow/.local/lib/python3.12/site-packages/airflow/example_dags/example_task_group.py
[2026-07-25T09:30:46.134+0000] {processor.py:914} INFO - Processing file /home/airflow/.local/lib/python3.12/site-packages/airflow/example_dags/example_task_group.py for tasks to queue
[2026-07-25T09:30:46.136+0000] {logging_mixin.py:190} INFO - [2026-07-25T09:30:46.136+0000] {dagbag.py:588} INFO - Filling up the DagBag from /home/airflow/.local/lib/python3.12/site-packages/airflow/example_dags/example_task_group.py
[2026-07-25T09:30:46.141+0000] {processor.py:925} INFO - DAG(s) 'example_task_group' retrieved from /home/airflow/.local/lib/python3.12/site-packages/airflow/example_dags/example_task_group.py
[2026-07-25T09:30:46.154+0000] {logging_mixin.py:190} INFO - [2026-07-25T09:30:46.154+0000] {dag.py:3239} INFO - Sync 1 DAGs
[2026-07-25T09:30:46.162+0000] {logging_mixin.py:190} INFO - [2026-07-25T09:30:46.162+0000] {dag.py:4180} INFO - Setting next_dagrun for example_task_group to None, run_after=None
[2026-07-25T09:30:46.179+0000] {processor.py:208} INFO - Processing /home/airflow/.local/lib/python3.12/site-packages/airflow/example_dags/example_task_group.py took 0.048 seconds
