[2026-07-25T09:06:11.952+0000] {processor.py:186} INFO - Started process (PID=66) to work on /home/airflow/.local/lib/python3.12/site-packages/airflow/example_dags/example_nested_branch_dag.py
[2026-07-25T09:06:11.953+0000] {processor.py:914} INFO - Processing file /home/airflow/.local/lib/python3.12/site-packages/airflow/example_dags/example_nested_branch_dag.py for tasks to queue
[2026-07-25T09:06:11.955+0000] {logging_mixin.py:190} INFO - [2026-07-25T09:06:11.955+0000] {dagbag.py:588} INFO - Filling up the DagBag from /home/airflow/.local/lib/python3.12/site-packages/airflow/example_dags/example_nested_branch_dag.py
[2026-07-25T09:06:11.964+0000] {processor.py:925} INFO - DAG(s) 'example_nested_branch_dag' retrieved from /home/airflow/.local/lib/python3.12/site-packages/airflow/example_dags/example_nested_branch_dag.py
[2026-07-25T09:06:12.034+0000] {logging_mixin.py:190} INFO - [2026-07-25T09:06:12.033+0000] {override.py:1932} INFO - Created Permission View: can edit on DAG:example_nested_branch_dag
[2026-07-25T09:06:12.041+0000] {logging_mixin.py:190} INFO - [2026-07-25T09:06:12.041+0000] {override.py:1932} INFO - Created Permission View: can read on DAG:example_nested_branch_dag
[2026-07-25T09:06:12.048+0000] {logging_mixin.py:190} INFO - [2026-07-25T09:06:12.048+0000] {override.py:1932} INFO - Created Permission View: can delete on DAG:example_nested_branch_dag
[2026-07-25T09:06:12.056+0000] {logging_mixin.py:190} INFO - [2026-07-25T09:06:12.056+0000] {override.py:1932} INFO - Created Permission View: can create on DAG Run:example_nested_branch_dag
[2026-07-25T09:06:12.061+0000] {logging_mixin.py:190} INFO - [2026-07-25T09:06:12.061+0000] {override.py:1932} INFO - Created Permission View: can read on DAG Run:example_nested_branch_dag
[2026-07-25T09:06:12.066+0000] {logging_mixin.py:190} INFO - [2026-07-25T09:06:12.066+0000] {override.py:1932} INFO - Created Permission View: can delete on DAG Run:example_nested_branch_dag
[2026-07-25T09:06:12.072+0000] {logging_mixin.py:190} INFO - [2026-07-25T09:06:12.072+0000] {override.py:1932} INFO - Created Permission View: menu access on DAG Run:example_nested_branch_dag
[2026-07-25T09:06:12.073+0000] {logging_mixin.py:190} INFO - [2026-07-25T09:06:12.073+0000] {dag.py:3239} INFO - Sync 1 DAGs
[2026-07-25T09:06:12.082+0000] {logging_mixin.py:190} INFO - [2026-07-25T09:06:12.081+0000] {dag.py:3262} INFO - Creating ORM DAG for example_nested_branch_dag
[2026-07-25T09:06:12.088+0000] {logging_mixin.py:190} INFO - [2026-07-25T09:06:12.088+0000] {dag.py:4180} INFO - Setting next_dagrun for example_nested_branch_dag to 2026-07-24 00:00:00+00:00, run_after=2026-07-25 00:00:00+00:00
[2026-07-25T09:06:12.100+0000] {processor.py:208} INFO - Processing /home/airflow/.local/lib/python3.12/site-packages/airflow/example_dags/example_nested_branch_dag.py took 0.152 seconds
[2026-07-25T09:06:42.153+0000] {processor.py:186} INFO - Started process (PID=129) to work on /home/airflow/.local/lib/python3.12/site-packages/airflow/example_dags/example_nested_branch_dag.py
[2026-07-25T09:06:42.154+0000] {processor.py:914} INFO - Processing file /home/airflow/.local/lib/python3.12/site-packages/airflow/example_dags/example_nested_branch_dag.py for tasks to queue
[2026-07-25T09:06:42.156+0000] {logging_mixin.py:190} INFO - [2026-07-25T09:06:42.156+0000] {dagbag.py:588} INFO - Filling up the DagBag from /home/airflow/.local/lib/python3.12/site-packages/airflow/example_dags/example_nested_branch_dag.py
[2026-07-25T09:06:42.164+0000] {processor.py:925} INFO - DAG(s) 'example_nested_branch_dag' retrieved from /home/airflow/.local/lib/python3.12/site-packages/airflow/example_dags/example_nested_branch_dag.py
[2026-07-25T09:06:42.178+0000] {logging_mixin.py:190} INFO - [2026-07-25T09:06:42.178+0000] {dag.py:3239} INFO - Sync 1 DAGs
[2026-07-25T09:06:42.192+0000] {logging_mixin.py:190} INFO - [2026-07-25T09:06:42.192+0000] {dag.py:4180} INFO - Setting next_dagrun for example_nested_branch_dag to 2026-07-24 00:00:00+00:00, run_after=2026-07-25 00:00:00+00:00
[2026-07-25T09:06:42.203+0000] {processor.py:208} INFO - Processing /home/airflow/.local/lib/python3.12/site-packages/airflow/example_dags/example_nested_branch_dag.py took 0.053 seconds
[2026-07-25T09:07:12.238+0000] {processor.py:186} INFO - Started process (PID=192) to work on /home/airflow/.local/lib/python3.12/site-packages/airflow/example_dags/example_nested_branch_dag.py
[2026-07-25T09:07:12.239+0000] {processor.py:914} INFO - Processing file /home/airflow/.local/lib/python3.12/site-packages/airflow/example_dags/example_nested_branch_dag.py for tasks to queue
[2026-07-25T09:07:12.241+0000] {logging_mixin.py:190} INFO - [2026-07-25T09:07:12.241+0000] {dagbag.py:588} INFO - Filling up the DagBag from /home/airflow/.local/lib/python3.12/site-packages/airflow/example_dags/example_nested_branch_dag.py
[2026-07-25T09:07:12.248+0000] {processor.py:925} INFO - DAG(s) 'example_nested_branch_dag' retrieved from /home/airflow/.local/lib/python3.12/site-packages/airflow/example_dags/example_nested_branch_dag.py
[2026-07-25T09:07:12.263+0000] {logging_mixin.py:190} INFO - [2026-07-25T09:07:12.263+0000] {dag.py:3239} INFO - Sync 1 DAGs
[2026-07-25T09:07:12.278+0000] {logging_mixin.py:190} INFO - [2026-07-25T09:07:12.278+0000] {dag.py:4180} INFO - Setting next_dagrun for example_nested_branch_dag to 2026-07-24 00:00:00+00:00, run_after=2026-07-25 00:00:00+00:00
[2026-07-25T09:07:12.290+0000] {processor.py:208} INFO - Processing /home/airflow/.local/lib/python3.12/site-packages/airflow/example_dags/example_nested_branch_dag.py took 0.055 seconds
[2026-07-25T09:07:42.690+0000] {processor.py:186} INFO - Started process (PID=255) to work on /home/airflow/.local/lib/python3.12/site-packages/airflow/example_dags/example_nested_branch_dag.py
[2026-07-25T09:07:42.691+0000] {processor.py:914} INFO - Processing file /home/airflow/.local/lib/python3.12/site-packages/airflow/example_dags/example_nested_branch_dag.py for tasks to queue
[2026-07-25T09:07:42.693+0000] {logging_mixin.py:190} INFO - [2026-07-25T09:07:42.692+0000] {dagbag.py:588} INFO - Filling up the DagBag from /home/airflow/.local/lib/python3.12/site-packages/airflow/example_dags/example_nested_branch_dag.py
[2026-07-25T09:07:42.702+0000] {processor.py:925} INFO - DAG(s) 'example_nested_branch_dag' retrieved from /home/airflow/.local/lib/python3.12/site-packages/airflow/example_dags/example_nested_branch_dag.py
[2026-07-25T09:07:42.715+0000] {logging_mixin.py:190} INFO - [2026-07-25T09:07:42.715+0000] {dag.py:3239} INFO - Sync 1 DAGs
[2026-07-25T09:07:42.729+0000] {logging_mixin.py:190} INFO - [2026-07-25T09:07:42.729+0000] {dag.py:4180} INFO - Setting next_dagrun for example_nested_branch_dag to 2026-07-24 00:00:00+00:00, run_after=2026-07-25 00:00:00+00:00
[2026-07-25T09:07:42.740+0000] {processor.py:208} INFO - Processing /home/airflow/.local/lib/python3.12/site-packages/airflow/example_dags/example_nested_branch_dag.py took 0.054 seconds
[2026-07-25T09:08:13.139+0000] {processor.py:186} INFO - Started process (PID=318) to work on /home/airflow/.local/lib/python3.12/site-packages/airflow/example_dags/example_nested_branch_dag.py
[2026-07-25T09:08:13.139+0000] {processor.py:914} INFO - Processing file /home/airflow/.local/lib/python3.12/site-packages/airflow/example_dags/example_nested_branch_dag.py for tasks to queue
[2026-07-25T09:08:13.141+0000] {logging_mixin.py:190} INFO - [2026-07-25T09:08:13.141+0000] {dagbag.py:588} INFO - Filling up the DagBag from /home/airflow/.local/lib/python3.12/site-packages/airflow/example_dags/example_nested_branch_dag.py
[2026-07-25T09:08:13.149+0000] {processor.py:925} INFO - DAG(s) 'example_nested_branch_dag' retrieved from /home/airflow/.local/lib/python3.12/site-packages/airflow/example_dags/example_nested_branch_dag.py
[2026-07-25T09:08:13.162+0000] {logging_mixin.py:190} INFO - [2026-07-25T09:08:13.162+0000] {dag.py:3239} INFO - Sync 1 DAGs
[2026-07-25T09:08:13.175+0000] {logging_mixin.py:190} INFO - [2026-07-25T09:08:13.175+0000] {dag.py:4180} INFO - Setting next_dagrun for example_nested_branch_dag to 2026-07-24 00:00:00+00:00, run_after=2026-07-25 00:00:00+00:00
[2026-07-25T09:08:13.186+0000] {processor.py:208} INFO - Processing /home/airflow/.local/lib/python3.12/site-packages/airflow/example_dags/example_nested_branch_dag.py took 0.051 seconds
[2026-07-25T09:08:45.869+0000] {processor.py:186} INFO - Started process (PID=387) to work on /home/airflow/.local/lib/python3.12/site-packages/airflow/example_dags/example_nested_branch_dag.py
[2026-07-25T09:08:45.870+0000] {processor.py:914} INFO - Processing file /home/airflow/.local/lib/python3.12/site-packages/airflow/example_dags/example_nested_branch_dag.py for tasks to queue
[2026-07-25T09:08:45.872+0000] {logging_mixin.py:190} INFO - [2026-07-25T09:08:45.872+0000] {dagbag.py:588} INFO - Filling up the DagBag from /home/airflow/.local/lib/python3.12/site-packages/airflow/example_dags/example_nested_branch_dag.py
[2026-07-25T09:08:45.878+0000] {processor.py:925} INFO - DAG(s) 'example_nested_branch_dag' retrieved from /home/airflow/.local/lib/python3.12/site-packages/airflow/example_dags/example_nested_branch_dag.py
[2026-07-25T09:08:45.892+0000] {logging_mixin.py:190} INFO - [2026-07-25T09:08:45.892+0000] {dag.py:3239} INFO - Sync 1 DAGs
[2026-07-25T09:08:45.905+0000] {logging_mixin.py:190} INFO - [2026-07-25T09:08:45.905+0000] {dag.py:4180} INFO - Setting next_dagrun for example_nested_branch_dag to 2026-07-24 00:00:00+00:00, run_after=2026-07-25 00:00:00+00:00
[2026-07-25T09:08:45.918+0000] {processor.py:208} INFO - Processing /home/airflow/.local/lib/python3.12/site-packages/airflow/example_dags/example_nested_branch_dag.py took 0.053 seconds
[2026-07-25T09:09:19.655+0000] {processor.py:186} INFO - Started process (PID=450) to work on /home/airflow/.local/lib/python3.12/site-packages/airflow/example_dags/example_nested_branch_dag.py
[2026-07-25T09:09:19.656+0000] {processor.py:914} INFO - Processing file /home/airflow/.local/lib/python3.12/site-packages/airflow/example_dags/example_nested_branch_dag.py for tasks to queue
[2026-07-25T09:09:19.658+0000] {logging_mixin.py:190} INFO - [2026-07-25T09:09:19.658+0000] {dagbag.py:588} INFO - Filling up the DagBag from /home/airflow/.local/lib/python3.12/site-packages/airflow/example_dags/example_nested_branch_dag.py
[2026-07-25T09:09:19.665+0000] {processor.py:925} INFO - DAG(s) 'example_nested_branch_dag' retrieved from /home/airflow/.local/lib/python3.12/site-packages/airflow/example_dags/example_nested_branch_dag.py
[2026-07-25T09:09:19.679+0000] {logging_mixin.py:190} INFO - [2026-07-25T09:09:19.679+0000] {dag.py:3239} INFO - Sync 1 DAGs
[2026-07-25T09:09:19.692+0000] {logging_mixin.py:190} INFO - [2026-07-25T09:09:19.692+0000] {dag.py:4180} INFO - Setting next_dagrun for example_nested_branch_dag to 2026-07-24 00:00:00+00:00, run_after=2026-07-25 00:00:00+00:00
[2026-07-25T09:09:19.703+0000] {processor.py:208} INFO - Processing /home/airflow/.local/lib/python3.12/site-packages/airflow/example_dags/example_nested_branch_dag.py took 0.052 seconds
[2026-07-25T09:09:49.870+0000] {processor.py:186} INFO - Started process (PID=512) to work on /home/airflow/.local/lib/python3.12/site-packages/airflow/example_dags/example_nested_branch_dag.py
[2026-07-25T09:09:49.871+0000] {processor.py:914} INFO - Processing file /home/airflow/.local/lib/python3.12/site-packages/airflow/example_dags/example_nested_branch_dag.py for tasks to queue
[2026-07-25T09:09:49.873+0000] {logging_mixin.py:190} INFO - [2026-07-25T09:09:49.873+0000] {dagbag.py:588} INFO - Filling up the DagBag from /home/airflow/.local/lib/python3.12/site-packages/airflow/example_dags/example_nested_branch_dag.py
[2026-07-25T09:09:49.881+0000] {processor.py:925} INFO - DAG(s) 'example_nested_branch_dag' retrieved from /home/airflow/.local/lib/python3.12/site-packages/airflow/example_dags/example_nested_branch_dag.py
[2026-07-25T09:09:49.898+0000] {logging_mixin.py:190} INFO - [2026-07-25T09:09:49.898+0000] {dag.py:3239} INFO - Sync 1 DAGs
[2026-07-25T09:09:49.914+0000] {logging_mixin.py:190} INFO - [2026-07-25T09:09:49.914+0000] {dag.py:4180} INFO - Setting next_dagrun for example_nested_branch_dag to 2026-07-24 00:00:00+00:00, run_after=2026-07-25 00:00:00+00:00
[2026-07-25T09:09:49.926+0000] {processor.py:208} INFO - Processing /home/airflow/.local/lib/python3.12/site-packages/airflow/example_dags/example_nested_branch_dag.py took 0.060 seconds
[2026-07-25T09:10:20.335+0000] {processor.py:186} INFO - Started process (PID=574) to work on /home/airflow/.local/lib/python3.12/site-packages/airflow/example_dags/example_nested_branch_dag.py
[2026-07-25T09:10:20.336+0000] {processor.py:914} INFO - Processing file /home/airflow/.local/lib/python3.12/site-packages/airflow/example_dags/example_nested_branch_dag.py for tasks to queue
[2026-07-25T09:10:20.338+0000] {logging_mixin.py:190} INFO - [2026-07-25T09:10:20.338+0000] {dagbag.py:588} INFO - Filling up the DagBag from /home/airflow/.local/lib/python3.12/site-packages/airflow/example_dags/example_nested_branch_dag.py
[2026-07-25T09:10:20.345+0000] {processor.py:925} INFO - DAG(s) 'example_nested_branch_dag' retrieved from /home/airflow/.local/lib/python3.12/site-packages/airflow/example_dags/example_nested_branch_dag.py
[2026-07-25T09:10:20.359+0000] {logging_mixin.py:190} INFO - [2026-07-25T09:10:20.359+0000] {dag.py:3239} INFO - Sync 1 DAGs
[2026-07-25T09:10:20.372+0000] {logging_mixin.py:190} INFO - [2026-07-25T09:10:20.372+0000] {dag.py:4180} INFO - Setting next_dagrun for example_nested_branch_dag to 2026-07-24 00:00:00+00:00, run_after=2026-07-25 00:00:00+00:00
[2026-07-25T09:10:20.384+0000] {processor.py:208} INFO - Processing /home/airflow/.local/lib/python3.12/site-packages/airflow/example_dags/example_nested_branch_dag.py took 0.052 seconds
[2026-07-25T09:10:51.026+0000] {processor.py:186} INFO - Started process (PID=632) to work on /home/airflow/.local/lib/python3.12/site-packages/airflow/example_dags/example_nested_branch_dag.py
[2026-07-25T09:10:51.027+0000] {processor.py:914} INFO - Processing file /home/airflow/.local/lib/python3.12/site-packages/airflow/example_dags/example_nested_branch_dag.py for tasks to queue
[2026-07-25T09:10:51.029+0000] {logging_mixin.py:190} INFO - [2026-07-25T09:10:51.029+0000] {dagbag.py:588} INFO - Filling up the DagBag from /home/airflow/.local/lib/python3.12/site-packages/airflow/example_dags/example_nested_branch_dag.py
[2026-07-25T09:10:51.036+0000] {processor.py:925} INFO - DAG(s) 'example_nested_branch_dag' retrieved from /home/airflow/.local/lib/python3.12/site-packages/airflow/example_dags/example_nested_branch_dag.py
[2026-07-25T09:10:51.052+0000] {logging_mixin.py:190} INFO - [2026-07-25T09:10:51.052+0000] {dag.py:3239} INFO - Sync 1 DAGs
[2026-07-25T09:10:51.067+0000] {logging_mixin.py:190} INFO - [2026-07-25T09:10:51.067+0000] {dag.py:4180} INFO - Setting next_dagrun for example_nested_branch_dag to 2026-07-24 00:00:00+00:00, run_after=2026-07-25 00:00:00+00:00
[2026-07-25T09:10:51.079+0000] {processor.py:208} INFO - Processing /home/airflow/.local/lib/python3.12/site-packages/airflow/example_dags/example_nested_branch_dag.py took 0.057 seconds
[2026-07-25T09:11:21.114+0000] {processor.py:186} INFO - Started process (PID=695) to work on /home/airflow/.local/lib/python3.12/site-packages/airflow/example_dags/example_nested_branch_dag.py
[2026-07-25T09:11:21.115+0000] {processor.py:914} INFO - Processing file /home/airflow/.local/lib/python3.12/site-packages/airflow/example_dags/example_nested_branch_dag.py for tasks to queue
[2026-07-25T09:11:21.117+0000] {logging_mixin.py:190} INFO - [2026-07-25T09:11:21.117+0000] {dagbag.py:588} INFO - Filling up the DagBag from /home/airflow/.local/lib/python3.12/site-packages/airflow/example_dags/example_nested_branch_dag.py
[2026-07-25T09:11:21.125+0000] {processor.py:925} INFO - DAG(s) 'example_nested_branch_dag' retrieved from /home/airflow/.local/lib/python3.12/site-packages/airflow/example_dags/example_nested_branch_dag.py
[2026-07-25T09:11:21.139+0000] {logging_mixin.py:190} INFO - [2026-07-25T09:11:21.139+0000] {dag.py:3239} INFO - Sync 1 DAGs
[2026-07-25T09:11:21.152+0000] {logging_mixin.py:190} INFO - [2026-07-25T09:11:21.152+0000] {dag.py:4180} INFO - Setting next_dagrun for example_nested_branch_dag to 2026-07-24 00:00:00+00:00, run_after=2026-07-25 00:00:00+00:00
[2026-07-25T09:11:21.163+0000] {processor.py:208} INFO - Processing /home/airflow/.local/lib/python3.12/site-packages/airflow/example_dags/example_nested_branch_dag.py took 0.054 seconds
[2026-07-25T09:11:51.566+0000] {processor.py:186} INFO - Started process (PID=757) to work on /home/airflow/.local/lib/python3.12/site-packages/airflow/example_dags/example_nested_branch_dag.py
[2026-07-25T09:11:51.567+0000] {processor.py:914} INFO - Processing file /home/airflow/.local/lib/python3.12/site-packages/airflow/example_dags/example_nested_branch_dag.py for tasks to queue
[2026-07-25T09:11:51.571+0000] {logging_mixin.py:190} INFO - [2026-07-25T09:11:51.571+0000] {dagbag.py:588} INFO - Filling up the DagBag from /home/airflow/.local/lib/python3.12/site-packages/airflow/example_dags/example_nested_branch_dag.py
[2026-07-25T09:11:51.581+0000] {processor.py:925} INFO - DAG(s) 'example_nested_branch_dag' retrieved from /home/airflow/.local/lib/python3.12/site-packages/airflow/example_dags/example_nested_branch_dag.py
[2026-07-25T09:11:51.597+0000] {logging_mixin.py:190} INFO - [2026-07-25T09:11:51.597+0000] {dag.py:3239} INFO - Sync 1 DAGs
[2026-07-25T09:11:51.613+0000] {logging_mixin.py:190} INFO - [2026-07-25T09:11:51.613+0000] {dag.py:4180} INFO - Setting next_dagrun for example_nested_branch_dag to 2026-07-24 00:00:00+00:00, run_after=2026-07-25 00:00:00+00:00
[2026-07-25T09:11:51.625+0000] {processor.py:208} INFO - Processing /home/airflow/.local/lib/python3.12/site-packages/airflow/example_dags/example_nested_branch_dag.py took 0.063 seconds
[2026-07-25T09:12:22.298+0000] {processor.py:186} INFO - Started process (PID=820) to work on /home/airflow/.local/lib/python3.12/site-packages/airflow/example_dags/example_nested_branch_dag.py
[2026-07-25T09:12:22.298+0000] {processor.py:914} INFO - Processing file /home/airflow/.local/lib/python3.12/site-packages/airflow/example_dags/example_nested_branch_dag.py for tasks to queue
[2026-07-25T09:12:22.300+0000] {logging_mixin.py:190} INFO - [2026-07-25T09:12:22.300+0000] {dagbag.py:588} INFO - Filling up the DagBag from /home/airflow/.local/lib/python3.12/site-packages/airflow/example_dags/example_nested_branch_dag.py
[2026-07-25T09:12:22.308+0000] {processor.py:925} INFO - DAG(s) 'example_nested_branch_dag' retrieved from /home/airflow/.local/lib/python3.12/site-packages/airflow/example_dags/example_nested_branch_dag.py
[2026-07-25T09:12:22.321+0000] {logging_mixin.py:190} INFO - [2026-07-25T09:12:22.320+0000] {dag.py:3239} INFO - Sync 1 DAGs
[2026-07-25T09:12:22.334+0000] {logging_mixin.py:190} INFO - [2026-07-25T09:12:22.334+0000] {dag.py:4180} INFO - Setting next_dagrun for example_nested_branch_dag to 2026-07-24 00:00:00+00:00, run_after=2026-07-25 00:00:00+00:00
[2026-07-25T09:12:22.345+0000] {processor.py:208} INFO - Processing /home/airflow/.local/lib/python3.12/site-packages/airflow/example_dags/example_nested_branch_dag.py took 0.051 seconds
[2026-07-25T09:12:52.455+0000] {processor.py:186} INFO - Started process (PID=883) to work on /home/airflow/.local/lib/python3.12/site-packages/airflow/example_dags/example_nested_branch_dag.py
[2026-07-25T09:12:52.456+0000] {processor.py:914} INFO - Processing file /home/airflow/.local/lib/python3.12/site-packages/airflow/example_dags/example_nested_branch_dag.py for tasks to queue
[2026-07-25T09:12:52.458+0000] {logging_mixin.py:190} INFO - [2026-07-25T09:12:52.458+0000] {dagbag.py:588} INFO - Filling up the DagBag from /home/airflow/.local/lib/python3.12/site-packages/airflow/example_dags/example_nested_branch_dag.py
[2026-07-25T09:12:52.466+0000] {processor.py:925} INFO - DAG(s) 'example_nested_branch_dag' retrieved from /home/airflow/.local/lib/python3.12/site-packages/airflow/example_dags/example_nested_branch_dag.py
[2026-07-25T09:12:52.478+0000] {logging_mixin.py:190} INFO - [2026-07-25T09:12:52.478+0000] {dag.py:3239} INFO - Sync 1 DAGs
[2026-07-25T09:12:52.492+0000] {logging_mixin.py:190} INFO - [2026-07-25T09:12:52.492+0000] {dag.py:4180} INFO - Setting next_dagrun for example_nested_branch_dag to 2026-07-24 00:00:00+00:00, run_after=2026-07-25 00:00:00+00:00
[2026-07-25T09:12:52.502+0000] {processor.py:208} INFO - Processing /home/airflow/.local/lib/python3.12/site-packages/airflow/example_dags/example_nested_branch_dag.py took 0.050 seconds
[2026-07-25T09:13:25.060+0000] {processor.py:186} INFO - Started process (PID=946) to work on /home/airflow/.local/lib/python3.12/site-packages/airflow/example_dags/example_nested_branch_dag.py
[2026-07-25T09:13:25.060+0000] {processor.py:914} INFO - Processing file /home/airflow/.local/lib/python3.12/site-packages/airflow/example_dags/example_nested_branch_dag.py for tasks to queue
[2026-07-25T09:13:25.062+0000] {logging_mixin.py:190} INFO - [2026-07-25T09:13:25.062+0000] {dagbag.py:588} INFO - Filling up the DagBag from /home/airflow/.local/lib/python3.12/site-packages/airflow/example_dags/example_nested_branch_dag.py
[2026-07-25T09:13:25.070+0000] {processor.py:925} INFO - DAG(s) 'example_nested_branch_dag' retrieved from /home/airflow/.local/lib/python3.12/site-packages/airflow/example_dags/example_nested_branch_dag.py
[2026-07-25T09:13:25.084+0000] {logging_mixin.py:190} INFO - [2026-07-25T09:13:25.084+0000] {dag.py:3239} INFO - Sync 1 DAGs
[2026-07-25T09:13:25.097+0000] {logging_mixin.py:190} INFO - [2026-07-25T09:13:25.097+0000] {dag.py:4180} INFO - Setting next_dagrun for example_nested_branch_dag to 2026-07-24 00:00:00+00:00, run_after=2026-07-25 00:00:00+00:00
[2026-07-25T09:13:25.108+0000] {processor.py:208} INFO - Processing /home/airflow/.local/lib/python3.12/site-packages/airflow/example_dags/example_nested_branch_dag.py took 0.052 seconds
[2026-07-25T09:13:55.159+0000] {processor.py:186} INFO - Started process (PID=1008) to work on /home/airflow/.local/lib/python3.12/site-packages/airflow/example_dags/example_nested_branch_dag.py
[2026-07-25T09:13:55.160+0000] {processor.py:914} INFO - Processing file /home/airflow/.local/lib/python3.12/site-packages/airflow/example_dags/example_nested_branch_dag.py for tasks to queue
[2026-07-25T09:13:55.162+0000] {logging_mixin.py:190} INFO - [2026-07-25T09:13:55.162+0000] {dagbag.py:588} INFO - Filling up the DagBag from /home/airflow/.local/lib/python3.12/site-packages/airflow/example_dags/example_nested_branch_dag.py
[2026-07-25T09:13:55.170+0000] {processor.py:925} INFO - DAG(s) 'example_nested_branch_dag' retrieved from /home/airflow/.local/lib/python3.12/site-packages/airflow/example_dags/example_nested_branch_dag.py
[2026-07-25T09:13:55.185+0000] {logging_mixin.py:190} INFO - [2026-07-25T09:13:55.184+0000] {dag.py:3239} INFO - Sync 1 DAGs
[2026-07-25T09:13:55.200+0000] {logging_mixin.py:190} INFO - [2026-07-25T09:13:55.200+0000] {dag.py:4180} INFO - Setting next_dagrun for example_nested_branch_dag to 2026-07-24 00:00:00+00:00, run_after=2026-07-25 00:00:00+00:00
[2026-07-25T09:13:55.211+0000] {processor.py:208} INFO - Processing /home/airflow/.local/lib/python3.12/site-packages/airflow/example_dags/example_nested_branch_dag.py took 0.055 seconds
[2026-07-25T09:14:25.270+0000] {processor.py:186} INFO - Started process (PID=1070) to work on /home/airflow/.local/lib/python3.12/site-packages/airflow/example_dags/example_nested_branch_dag.py
[2026-07-25T09:14:25.270+0000] {processor.py:914} INFO - Processing file /home/airflow/.local/lib/python3.12/site-packages/airflow/example_dags/example_nested_branch_dag.py for tasks to queue
[2026-07-25T09:14:25.273+0000] {logging_mixin.py:190} INFO - [2026-07-25T09:14:25.272+0000] {dagbag.py:588} INFO - Filling up the DagBag from /home/airflow/.local/lib/python3.12/site-packages/airflow/example_dags/example_nested_branch_dag.py
[2026-07-25T09:14:25.280+0000] {processor.py:925} INFO - DAG(s) 'example_nested_branch_dag' retrieved from /home/airflow/.local/lib/python3.12/site-packages/airflow/example_dags/example_nested_branch_dag.py
[2026-07-25T09:14:25.294+0000] {logging_mixin.py:190} INFO - [2026-07-25T09:14:25.294+0000] {dag.py:3239} INFO - Sync 1 DAGs
[2026-07-25T09:14:25.307+0000] {logging_mixin.py:190} INFO - [2026-07-25T09:14:25.307+0000] {dag.py:4180} INFO - Setting next_dagrun for example_nested_branch_dag to 2026-07-24 00:00:00+00:00, run_after=2026-07-25 00:00:00+00:00
[2026-07-25T09:14:25.318+0000] {processor.py:208} INFO - Processing /home/airflow/.local/lib/python3.12/site-packages/airflow/example_dags/example_nested_branch_dag.py took 0.052 seconds
[2026-07-25T09:15:32.734+0000] {processor.py:186} INFO - Started process (PID=66) to work on /home/airflow/.local/lib/python3.12/site-packages/airflow/example_dags/example_nested_branch_dag.py
[2026-07-25T09:15:32.735+0000] {processor.py:914} INFO - Processing file /home/airflow/.local/lib/python3.12/site-packages/airflow/example_dags/example_nested_branch_dag.py for tasks to queue
[2026-07-25T09:15:32.740+0000] {logging_mixin.py:190} INFO - [2026-07-25T09:15:32.739+0000] {dagbag.py:588} INFO - Filling up the DagBag from /home/airflow/.local/lib/python3.12/site-packages/airflow/example_dags/example_nested_branch_dag.py
[2026-07-25T09:15:32.748+0000] {processor.py:925} INFO - DAG(s) 'example_nested_branch_dag' retrieved from /home/airflow/.local/lib/python3.12/site-packages/airflow/example_dags/example_nested_branch_dag.py
[2026-07-25T09:15:32.768+0000] {logging_mixin.py:190} INFO - [2026-07-25T09:15:32.768+0000] {dag.py:3239} INFO - Sync 1 DAGs
[2026-07-25T09:15:32.786+0000] {logging_mixin.py:190} INFO - [2026-07-25T09:15:32.786+0000] {dag.py:4180} INFO - Setting next_dagrun for example_nested_branch_dag to 2026-07-24 00:00:00+00:00, run_after=2026-07-25 00:00:00+00:00
[2026-07-25T09:15:32.798+0000] {processor.py:208} INFO - Processing /home/airflow/.local/lib/python3.12/site-packages/airflow/example_dags/example_nested_branch_dag.py took 0.067 seconds
[2026-07-25T09:16:03.019+0000] {processor.py:186} INFO - Started process (PID=129) to work on /home/airflow/.local/lib/python3.12/site-packages/airflow/example_dags/example_nested_branch_dag.py
[2026-07-25T09:16:03.020+0000] {processor.py:914} INFO - Processing file /home/airflow/.local/lib/python3.12/site-packages/airflow/example_dags/example_nested_branch_dag.py for tasks to queue
[2026-07-25T09:16:03.023+0000] {logging_mixin.py:190} INFO - [2026-07-25T09:16:03.023+0000] {dagbag.py:588} INFO - Filling up the DagBag from /home/airflow/.local/lib/python3.12/site-packages/airflow/example_dags/example_nested_branch_dag.py
[2026-07-25T09:16:03.033+0000] {processor.py:925} INFO - DAG(s) 'example_nested_branch_dag' retrieved from /home/airflow/.local/lib/python3.12/site-packages/airflow/example_dags/example_nested_branch_dag.py
[2026-07-25T09:16:03.046+0000] {logging_mixin.py:190} INFO - [2026-07-25T09:16:03.046+0000] {dag.py:3239} INFO - Sync 1 DAGs
[2026-07-25T09:16:03.060+0000] {logging_mixin.py:190} INFO - [2026-07-25T09:16:03.060+0000] {dag.py:4180} INFO - Setting next_dagrun for example_nested_branch_dag to 2026-07-24 00:00:00+00:00, run_after=2026-07-25 00:00:00+00:00
[2026-07-25T09:16:03.112+0000] {processor.py:208} INFO - Processing /home/airflow/.local/lib/python3.12/site-packages/airflow/example_dags/example_nested_branch_dag.py took 0.096 seconds
[2026-07-25T09:16:33.734+0000] {processor.py:186} INFO - Started process (PID=192) to work on /home/airflow/.local/lib/python3.12/site-packages/airflow/example_dags/example_nested_branch_dag.py
[2026-07-25T09:16:33.735+0000] {processor.py:914} INFO - Processing file /home/airflow/.local/lib/python3.12/site-packages/airflow/example_dags/example_nested_branch_dag.py for tasks to queue
[2026-07-25T09:16:33.736+0000] {logging_mixin.py:190} INFO - [2026-07-25T09:16:33.736+0000] {dagbag.py:588} INFO - Filling up the DagBag from /home/airflow/.local/lib/python3.12/site-packages/airflow/example_dags/example_nested_branch_dag.py
[2026-07-25T09:16:33.744+0000] {processor.py:925} INFO - DAG(s) 'example_nested_branch_dag' retrieved from /home/airflow/.local/lib/python3.12/site-packages/airflow/example_dags/example_nested_branch_dag.py
[2026-07-25T09:16:33.758+0000] {logging_mixin.py:190} INFO - [2026-07-25T09:16:33.758+0000] {dag.py:3239} INFO - Sync 1 DAGs
[2026-07-25T09:16:33.773+0000] {logging_mixin.py:190} INFO - [2026-07-25T09:16:33.772+0000] {dag.py:4180} INFO - Setting next_dagrun for example_nested_branch_dag to 2026-07-24 00:00:00+00:00, run_after=2026-07-25 00:00:00+00:00
[2026-07-25T09:16:33.786+0000] {processor.py:208} INFO - Processing /home/airflow/.local/lib/python3.12/site-packages/airflow/example_dags/example_nested_branch_dag.py took 0.055 seconds
[2026-07-25T09:17:04.479+0000] {processor.py:186} INFO - Started process (PID=255) to work on /home/airflow/.local/lib/python3.12/site-packages/airflow/example_dags/example_nested_branch_dag.py
[2026-07-25T09:17:04.480+0000] {processor.py:914} INFO - Processing file /home/airflow/.local/lib/python3.12/site-packages/airflow/example_dags/example_nested_branch_dag.py for tasks to queue
[2026-07-25T09:17:04.482+0000] {logging_mixin.py:190} INFO - [2026-07-25T09:17:04.482+0000] {dagbag.py:588} INFO - Filling up the DagBag from /home/airflow/.local/lib/python3.12/site-packages/airflow/example_dags/example_nested_branch_dag.py
[2026-07-25T09:17:04.489+0000] {processor.py:925} INFO - DAG(s) 'example_nested_branch_dag' retrieved from /home/airflow/.local/lib/python3.12/site-packages/airflow/example_dags/example_nested_branch_dag.py
[2026-07-25T09:17:04.502+0000] {logging_mixin.py:190} INFO - [2026-07-25T09:17:04.502+0000] {dag.py:3239} INFO - Sync 1 DAGs
[2026-07-25T09:17:04.517+0000] {logging_mixin.py:190} INFO - [2026-07-25T09:17:04.517+0000] {dag.py:4180} INFO - Setting next_dagrun for example_nested_branch_dag to 2026-07-24 00:00:00+00:00, run_after=2026-07-25 00:00:00+00:00
[2026-07-25T09:17:04.529+0000] {processor.py:208} INFO - Processing /home/airflow/.local/lib/python3.12/site-packages/airflow/example_dags/example_nested_branch_dag.py took 0.053 seconds
[2026-07-25T09:17:34.868+0000] {processor.py:186} INFO - Started process (PID=318) to work on /home/airflow/.local/lib/python3.12/site-packages/airflow/example_dags/example_nested_branch_dag.py
[2026-07-25T09:17:34.869+0000] {processor.py:914} INFO - Processing file /home/airflow/.local/lib/python3.12/site-packages/airflow/example_dags/example_nested_branch_dag.py for tasks to queue
[2026-07-25T09:17:34.870+0000] {logging_mixin.py:190} INFO - [2026-07-25T09:17:34.870+0000] {dagbag.py:588} INFO - Filling up the DagBag from /home/airflow/.local/lib/python3.12/site-packages/airflow/example_dags/example_nested_branch_dag.py
[2026-07-25T09:17:34.878+0000] {processor.py:925} INFO - DAG(s) 'example_nested_branch_dag' retrieved from /home/airflow/.local/lib/python3.12/site-packages/airflow/example_dags/example_nested_branch_dag.py
[2026-07-25T09:17:34.891+0000] {logging_mixin.py:190} INFO - [2026-07-25T09:17:34.891+0000] {dag.py:3239} INFO - Sync 1 DAGs
[2026-07-25T09:17:34.905+0000] {logging_mixin.py:190} INFO - [2026-07-25T09:17:34.905+0000] {dag.py:4180} INFO - Setting next_dagrun for example_nested_branch_dag to 2026-07-24 00:00:00+00:00, run_after=2026-07-25 00:00:00+00:00
[2026-07-25T09:17:34.917+0000] {processor.py:208} INFO - Processing /home/airflow/.local/lib/python3.12/site-packages/airflow/example_dags/example_nested_branch_dag.py took 0.053 seconds
[2026-07-25T09:18:05.120+0000] {processor.py:186} INFO - Started process (PID=381) to work on /home/airflow/.local/lib/python3.12/site-packages/airflow/example_dags/example_nested_branch_dag.py
[2026-07-25T09:18:05.120+0000] {processor.py:914} INFO - Processing file /home/airflow/.local/lib/python3.12/site-packages/airflow/example_dags/example_nested_branch_dag.py for tasks to queue
[2026-07-25T09:18:05.123+0000] {logging_mixin.py:190} INFO - [2026-07-25T09:18:05.122+0000] {dagbag.py:588} INFO - Filling up the DagBag from /home/airflow/.local/lib/python3.12/site-packages/airflow/example_dags/example_nested_branch_dag.py
[2026-07-25T09:18:05.130+0000] {processor.py:925} INFO - DAG(s) 'example_nested_branch_dag' retrieved from /home/airflow/.local/lib/python3.12/site-packages/airflow/example_dags/example_nested_branch_dag.py
[2026-07-25T09:18:05.145+0000] {logging_mixin.py:190} INFO - [2026-07-25T09:18:05.145+0000] {dag.py:3239} INFO - Sync 1 DAGs
[2026-07-25T09:18:05.159+0000] {logging_mixin.py:190} INFO - [2026-07-25T09:18:05.158+0000] {dag.py:4180} INFO - Setting next_dagrun for example_nested_branch_dag to 2026-07-24 00:00:00+00:00, run_after=2026-07-25 00:00:00+00:00
[2026-07-25T09:18:05.172+0000] {processor.py:208} INFO - Processing /home/airflow/.local/lib/python3.12/site-packages/airflow/example_dags/example_nested_branch_dag.py took 0.056 seconds
[2026-07-25T09:18:35.813+0000] {processor.py:186} INFO - Started process (PID=443) to work on /home/airflow/.local/lib/python3.12/site-packages/airflow/example_dags/example_nested_branch_dag.py
[2026-07-25T09:18:35.814+0000] {processor.py:914} INFO - Processing file /home/airflow/.local/lib/python3.12/site-packages/airflow/example_dags/example_nested_branch_dag.py for tasks to queue
[2026-07-25T09:18:35.816+0000] {logging_mixin.py:190} INFO - [2026-07-25T09:18:35.816+0000] {dagbag.py:588} INFO - Filling up the DagBag from /home/airflow/.local/lib/python3.12/site-packages/airflow/example_dags/example_nested_branch_dag.py
[2026-07-25T09:18:35.826+0000] {processor.py:925} INFO - DAG(s) 'example_nested_branch_dag' retrieved from /home/airflow/.local/lib/python3.12/site-packages/airflow/example_dags/example_nested_branch_dag.py
[2026-07-25T09:18:35.843+0000] {logging_mixin.py:190} INFO - [2026-07-25T09:18:35.842+0000] {dag.py:3239} INFO - Sync 1 DAGs
[2026-07-25T09:18:35.859+0000] {logging_mixin.py:190} INFO - [2026-07-25T09:18:35.859+0000] {dag.py:4180} INFO - Setting next_dagrun for example_nested_branch_dag to 2026-07-24 00:00:00+00:00, run_after=2026-07-25 00:00:00+00:00
[2026-07-25T09:18:35.872+0000] {processor.py:208} INFO - Processing /home/airflow/.local/lib/python3.12/site-packages/airflow/example_dags/example_nested_branch_dag.py took 0.063 seconds
[2026-07-25T09:19:06.078+0000] {processor.py:186} INFO - Started process (PID=505) to work on /home/airflow/.local/lib/python3.12/site-packages/airflow/example_dags/example_nested_branch_dag.py
[2026-07-25T09:19:06.079+0000] {processor.py:914} INFO - Processing file /home/airflow/.local/lib/python3.12/site-packages/airflow/example_dags/example_nested_branch_dag.py for tasks to queue
[2026-07-25T09:19:06.081+0000] {logging_mixin.py:190} INFO - [2026-07-25T09:19:06.081+0000] {dagbag.py:588} INFO - Filling up the DagBag from /home/airflow/.local/lib/python3.12/site-packages/airflow/example_dags/example_nested_branch_dag.py
[2026-07-25T09:19:06.088+0000] {processor.py:925} INFO - DAG(s) 'example_nested_branch_dag' retrieved from /home/airflow/.local/lib/python3.12/site-packages/airflow/example_dags/example_nested_branch_dag.py
[2026-07-25T09:19:06.103+0000] {logging_mixin.py:190} INFO - [2026-07-25T09:19:06.103+0000] {dag.py:3239} INFO - Sync 1 DAGs
[2026-07-25T09:19:06.120+0000] {logging_mixin.py:190} INFO - [2026-07-25T09:19:06.120+0000] {dag.py:4180} INFO - Setting next_dagrun for example_nested_branch_dag to 2026-07-24 00:00:00+00:00, run_after=2026-07-25 00:00:00+00:00
[2026-07-25T09:19:06.132+0000] {processor.py:208} INFO - Processing /home/airflow/.local/lib/python3.12/site-packages/airflow/example_dags/example_nested_branch_dag.py took 0.058 seconds
[2026-07-25T09:20:43.837+0000] {processor.py:186} INFO - Started process (PID=66) to work on /home/airflow/.local/lib/python3.12/site-packages/airflow/example_dags/example_nested_branch_dag.py
[2026-07-25T09:20:43.838+0000] {processor.py:914} INFO - Processing file /home/airflow/.local/lib/python3.12/site-packages/airflow/example_dags/example_nested_branch_dag.py for tasks to queue
[2026-07-25T09:20:43.845+0000] {logging_mixin.py:190} INFO - [2026-07-25T09:20:43.844+0000] {dagbag.py:588} INFO - Filling up the DagBag from /home/airflow/.local/lib/python3.12/site-packages/airflow/example_dags/example_nested_branch_dag.py
[2026-07-25T09:20:43.859+0000] {processor.py:925} INFO - DAG(s) 'example_nested_branch_dag' retrieved from /home/airflow/.local/lib/python3.12/site-packages/airflow/example_dags/example_nested_branch_dag.py
[2026-07-25T09:20:43.885+0000] {logging_mixin.py:190} INFO - [2026-07-25T09:20:43.885+0000] {dag.py:3239} INFO - Sync 1 DAGs
[2026-07-25T09:20:43.905+0000] {logging_mixin.py:190} INFO - [2026-07-25T09:20:43.905+0000] {dag.py:4180} INFO - Setting next_dagrun for example_nested_branch_dag to 2026-07-24 00:00:00+00:00, run_after=2026-07-25 00:00:00+00:00
[2026-07-25T09:20:43.921+0000] {processor.py:208} INFO - Processing /home/airflow/.local/lib/python3.12/site-packages/airflow/example_dags/example_nested_branch_dag.py took 0.089 seconds
[2026-07-25T09:21:14.049+0000] {processor.py:186} INFO - Started process (PID=129) to work on /home/airflow/.local/lib/python3.12/site-packages/airflow/example_dags/example_nested_branch_dag.py
[2026-07-25T09:21:14.051+0000] {processor.py:914} INFO - Processing file /home/airflow/.local/lib/python3.12/site-packages/airflow/example_dags/example_nested_branch_dag.py for tasks to queue
[2026-07-25T09:21:14.053+0000] {logging_mixin.py:190} INFO - [2026-07-25T09:21:14.052+0000] {dagbag.py:588} INFO - Filling up the DagBag from /home/airflow/.local/lib/python3.12/site-packages/airflow/example_dags/example_nested_branch_dag.py
[2026-07-25T09:21:14.061+0000] {processor.py:925} INFO - DAG(s) 'example_nested_branch_dag' retrieved from /home/airflow/.local/lib/python3.12/site-packages/airflow/example_dags/example_nested_branch_dag.py
[2026-07-25T09:21:14.075+0000] {logging_mixin.py:190} INFO - [2026-07-25T09:21:14.075+0000] {dag.py:3239} INFO - Sync 1 DAGs
[2026-07-25T09:21:14.090+0000] {logging_mixin.py:190} INFO - [2026-07-25T09:21:14.090+0000] {dag.py:4180} INFO - Setting next_dagrun for example_nested_branch_dag to 2026-07-24 00:00:00+00:00, run_after=2026-07-25 00:00:00+00:00
[2026-07-25T09:21:14.103+0000] {processor.py:208} INFO - Processing /home/airflow/.local/lib/python3.12/site-packages/airflow/example_dags/example_nested_branch_dag.py took 0.057 seconds
[2026-07-25T09:21:44.188+0000] {processor.py:186} INFO - Started process (PID=192) to work on /home/airflow/.local/lib/python3.12/site-packages/airflow/example_dags/example_nested_branch_dag.py
[2026-07-25T09:21:44.189+0000] {processor.py:914} INFO - Processing file /home/airflow/.local/lib/python3.12/site-packages/airflow/example_dags/example_nested_branch_dag.py for tasks to queue
[2026-07-25T09:21:44.191+0000] {logging_mixin.py:190} INFO - [2026-07-25T09:21:44.191+0000] {dagbag.py:588} INFO - Filling up the DagBag from /home/airflow/.local/lib/python3.12/site-packages/airflow/example_dags/example_nested_branch_dag.py
[2026-07-25T09:21:44.198+0000] {processor.py:925} INFO - DAG(s) 'example_nested_branch_dag' retrieved from /home/airflow/.local/lib/python3.12/site-packages/airflow/example_dags/example_nested_branch_dag.py
[2026-07-25T09:21:44.213+0000] {logging_mixin.py:190} INFO - [2026-07-25T09:21:44.213+0000] {dag.py:3239} INFO - Sync 1 DAGs
[2026-07-25T09:21:44.227+0000] {logging_mixin.py:190} INFO - [2026-07-25T09:21:44.227+0000] {dag.py:4180} INFO - Setting next_dagrun for example_nested_branch_dag to 2026-07-24 00:00:00+00:00, run_after=2026-07-25 00:00:00+00:00
[2026-07-25T09:21:44.238+0000] {processor.py:208} INFO - Processing /home/airflow/.local/lib/python3.12/site-packages/airflow/example_dags/example_nested_branch_dag.py took 0.053 seconds
[2026-07-25T09:22:14.726+0000] {processor.py:186} INFO - Started process (PID=255) to work on /home/airflow/.local/lib/python3.12/site-packages/airflow/example_dags/example_nested_branch_dag.py
[2026-07-25T09:22:14.727+0000] {processor.py:914} INFO - Processing file /home/airflow/.local/lib/python3.12/site-packages/airflow/example_dags/example_nested_branch_dag.py for tasks to queue
[2026-07-25T09:22:14.729+0000] {logging_mixin.py:190} INFO - [2026-07-25T09:22:14.729+0000] {dagbag.py:588} INFO - Filling up the DagBag from /home/airflow/.local/lib/python3.12/site-packages/airflow/example_dags/example_nested_branch_dag.py
[2026-07-25T09:22:14.736+0000] {processor.py:925} INFO - DAG(s) 'example_nested_branch_dag' retrieved from /home/airflow/.local/lib/python3.12/site-packages/airflow/example_dags/example_nested_branch_dag.py
[2026-07-25T09:22:14.749+0000] {logging_mixin.py:190} INFO - [2026-07-25T09:22:14.749+0000] {dag.py:3239} INFO - Sync 1 DAGs
[2026-07-25T09:22:14.763+0000] {logging_mixin.py:190} INFO - [2026-07-25T09:22:14.763+0000] {dag.py:4180} INFO - Setting next_dagrun for example_nested_branch_dag to 2026-07-24 00:00:00+00:00, run_after=2026-07-25 00:00:00+00:00
[2026-07-25T09:22:14.775+0000] {processor.py:208} INFO - Processing /home/airflow/.local/lib/python3.12/site-packages/airflow/example_dags/example_nested_branch_dag.py took 0.052 seconds
[2026-07-25T09:23:55.693+0000] {processor.py:186} INFO - Started process (PID=66) to work on /home/airflow/.local/lib/python3.12/site-packages/airflow/example_dags/example_nested_branch_dag.py
[2026-07-25T09:23:55.694+0000] {processor.py:914} INFO - Processing file /home/airflow/.local/lib/python3.12/site-packages/airflow/example_dags/example_nested_branch_dag.py for tasks to queue
[2026-07-25T09:23:55.696+0000] {logging_mixin.py:190} INFO - [2026-07-25T09:23:55.696+0000] {dagbag.py:588} INFO - Filling up the DagBag from /home/airflow/.local/lib/python3.12/site-packages/airflow/example_dags/example_nested_branch_dag.py
[2026-07-25T09:23:55.708+0000] {processor.py:925} INFO - DAG(s) 'example_nested_branch_dag' retrieved from /home/airflow/.local/lib/python3.12/site-packages/airflow/example_dags/example_nested_branch_dag.py
[2026-07-25T09:23:55.730+0000] {logging_mixin.py:190} INFO - [2026-07-25T09:23:55.730+0000] {dag.py:3239} INFO - Sync 1 DAGs
[2026-07-25T09:23:55.746+0000] {logging_mixin.py:190} INFO - [2026-07-25T09:23:55.746+0000] {dag.py:4180} INFO - Setting next_dagrun for example_nested_branch_dag to 2026-07-24 00:00:00+00:00, run_after=2026-07-25 00:00:00+00:00
[2026-07-25T09:23:55.759+0000] {processor.py:208} INFO - Processing /home/airflow/.local/lib/python3.12/site-packages/airflow/example_dags/example_nested_branch_dag.py took 0.071 seconds
[2026-07-25T09:24:27.609+0000] {processor.py:186} INFO - Started process (PID=129) to work on /home/airflow/.local/lib/python3.12/site-packages/airflow/example_dags/example_nested_branch_dag.py
[2026-07-25T09:24:27.610+0000] {processor.py:914} INFO - Processing file /home/airflow/.local/lib/python3.12/site-packages/airflow/example_dags/example_nested_branch_dag.py for tasks to queue
[2026-07-25T09:24:27.613+0000] {logging_mixin.py:190} INFO - [2026-07-25T09:24:27.613+0000] {dagbag.py:588} INFO - Filling up the DagBag from /home/airflow/.local/lib/python3.12/site-packages/airflow/example_dags/example_nested_branch_dag.py
[2026-07-25T09:24:27.623+0000] {processor.py:925} INFO - DAG(s) 'example_nested_branch_dag' retrieved from /home/airflow/.local/lib/python3.12/site-packages/airflow/example_dags/example_nested_branch_dag.py
[2026-07-25T09:24:27.636+0000] {logging_mixin.py:190} INFO - [2026-07-25T09:24:27.636+0000] {dag.py:3239} INFO - Sync 1 DAGs
[2026-07-25T09:24:27.650+0000] {logging_mixin.py:190} INFO - [2026-07-25T09:24:27.650+0000] {dag.py:4180} INFO - Setting next_dagrun for example_nested_branch_dag to 2026-07-24 00:00:00+00:00, run_after=2026-07-25 00:00:00+00:00
[2026-07-25T09:24:27.661+0000] {processor.py:208} INFO - Processing /home/airflow/.local/lib/python3.12/site-packages/airflow/example_dags/example_nested_branch_dag.py took 0.055 seconds
[2026-07-25T09:24:58.198+0000] {processor.py:186} INFO - Started process (PID=198) to work on /home/airflow/.local/lib/python3.12/site-packages/airflow/example_dags/example_nested_branch_dag.py
[2026-07-25T09:24:58.199+0000] {processor.py:914} INFO - Processing file /home/airflow/.local/lib/python3.12/site-packages/airflow/example_dags/example_nested_branch_dag.py for tasks to queue
[2026-07-25T09:24:58.201+0000] {logging_mixin.py:190} INFO - [2026-07-25T09:24:58.201+0000] {dagbag.py:588} INFO - Filling up the DagBag from /home/airflow/.local/lib/python3.12/site-packages/airflow/example_dags/example_nested_branch_dag.py
[2026-07-25T09:24:58.209+0000] {processor.py:925} INFO - DAG(s) 'example_nested_branch_dag' retrieved from /home/airflow/.local/lib/python3.12/site-packages/airflow/example_dags/example_nested_branch_dag.py
[2026-07-25T09:24:58.222+0000] {logging_mixin.py:190} INFO - [2026-07-25T09:24:58.222+0000] {dag.py:3239} INFO - Sync 1 DAGs
[2026-07-25T09:24:58.237+0000] {logging_mixin.py:190} INFO - [2026-07-25T09:24:58.237+0000] {dag.py:4180} INFO - Setting next_dagrun for example_nested_branch_dag to 2026-07-24 00:00:00+00:00, run_after=2026-07-25 00:00:00+00:00
[2026-07-25T09:24:58.262+0000] {processor.py:208} INFO - Processing /home/airflow/.local/lib/python3.12/site-packages/airflow/example_dags/example_nested_branch_dag.py took 0.069 seconds
[2026-07-25T09:25:29.057+0000] {processor.py:186} INFO - Started process (PID=261) to work on /home/airflow/.local/lib/python3.12/site-packages/airflow/example_dags/example_nested_branch_dag.py
[2026-07-25T09:25:29.058+0000] {processor.py:914} INFO - Processing file /home/airflow/.local/lib/python3.12/site-packages/airflow/example_dags/example_nested_branch_dag.py for tasks to queue
[2026-07-25T09:25:29.060+0000] {logging_mixin.py:190} INFO - [2026-07-25T09:25:29.060+0000] {dagbag.py:588} INFO - Filling up the DagBag from /home/airflow/.local/lib/python3.12/site-packages/airflow/example_dags/example_nested_branch_dag.py
[2026-07-25T09:25:29.068+0000] {processor.py:925} INFO - DAG(s) 'example_nested_branch_dag' retrieved from /home/airflow/.local/lib/python3.12/site-packages/airflow/example_dags/example_nested_branch_dag.py
[2026-07-25T09:25:29.082+0000] {logging_mixin.py:190} INFO - [2026-07-25T09:25:29.082+0000] {dag.py:3239} INFO - Sync 1 DAGs
[2026-07-25T09:25:29.100+0000] {logging_mixin.py:190} INFO - [2026-07-25T09:25:29.100+0000] {dag.py:4180} INFO - Setting next_dagrun for example_nested_branch_dag to 2026-07-24 00:00:00+00:00, run_after=2026-07-25 00:00:00+00:00
[2026-07-25T09:25:29.114+0000] {processor.py:208} INFO - Processing /home/airflow/.local/lib/python3.12/site-packages/airflow/example_dags/example_nested_branch_dag.py took 0.061 seconds
[2026-07-25T09:26:47.917+0000] {processor.py:186} INFO - Started process (PID=66) to work on /home/airflow/.local/lib/python3.12/site-packages/airflow/example_dags/example_nested_branch_dag.py
[2026-07-25T09:26:47.918+0000] {processor.py:914} INFO - Processing file /home/airflow/.local/lib/python3.12/site-packages/airflow/example_dags/example_nested_branch_dag.py for tasks to queue
[2026-07-25T09:26:47.920+0000] {logging_mixin.py:190} INFO - [2026-07-25T09:26:47.920+0000] {dagbag.py:588} INFO - Filling up the DagBag from /home/airflow/.local/lib/python3.12/site-packages/airflow/example_dags/example_nested_branch_dag.py
[2026-07-25T09:26:47.929+0000] {processor.py:925} INFO - DAG(s) 'example_nested_branch_dag' retrieved from /home/airflow/.local/lib/python3.12/site-packages/airflow/example_dags/example_nested_branch_dag.py
[2026-07-25T09:26:48.041+0000] {logging_mixin.py:190} INFO - [2026-07-25T09:26:48.040+0000] {override.py:1932} INFO - Created Permission View: can edit on DAG:example_nested_branch_dag
[2026-07-25T09:26:48.049+0000] {logging_mixin.py:190} INFO - [2026-07-25T09:26:48.049+0000] {override.py:1932} INFO - Created Permission View: can read on DAG:example_nested_branch_dag
[2026-07-25T09:26:48.055+0000] {logging_mixin.py:190} INFO - [2026-07-25T09:26:48.054+0000] {override.py:1932} INFO - Created Permission View: can delete on DAG:example_nested_branch_dag
[2026-07-25T09:26:48.061+0000] {logging_mixin.py:190} INFO - [2026-07-25T09:26:48.061+0000] {override.py:1932} INFO - Created Permission View: menu access on DAG Run:example_nested_branch_dag
[2026-07-25T09:26:48.066+0000] {logging_mixin.py:190} INFO - [2026-07-25T09:26:48.066+0000] {override.py:1932} INFO - Created Permission View: can read on DAG Run:example_nested_branch_dag
[2026-07-25T09:26:48.072+0000] {logging_mixin.py:190} INFO - [2026-07-25T09:26:48.071+0000] {override.py:1932} INFO - Created Permission View: can create on DAG Run:example_nested_branch_dag
[2026-07-25T09:26:48.077+0000] {logging_mixin.py:190} INFO - [2026-07-25T09:26:48.076+0000] {override.py:1932} INFO - Created Permission View: can delete on DAG Run:example_nested_branch_dag
[2026-07-25T09:26:48.077+0000] {logging_mixin.py:190} INFO - [2026-07-25T09:26:48.077+0000] {dag.py:3239} INFO - Sync 1 DAGs
[2026-07-25T09:26:48.087+0000] {logging_mixin.py:190} INFO - [2026-07-25T09:26:48.087+0000] {dag.py:3262} INFO - Creating ORM DAG for example_nested_branch_dag
[2026-07-25T09:26:48.094+0000] {logging_mixin.py:190} INFO - [2026-07-25T09:26:48.094+0000] {dag.py:4180} INFO - Setting next_dagrun for example_nested_branch_dag to 2026-07-24 00:00:00+00:00, run_after=2026-07-25 00:00:00+00:00
[2026-07-25T09:26:48.106+0000] {processor.py:208} INFO - Processing /home/airflow/.local/lib/python3.12/site-packages/airflow/example_dags/example_nested_branch_dag.py took 0.192 seconds
[2026-07-25T09:27:18.699+0000] {processor.py:186} INFO - Started process (PID=129) to work on /home/airflow/.local/lib/python3.12/site-packages/airflow/example_dags/example_nested_branch_dag.py
[2026-07-25T09:27:18.700+0000] {processor.py:914} INFO - Processing file /home/airflow/.local/lib/python3.12/site-packages/airflow/example_dags/example_nested_branch_dag.py for tasks to queue
[2026-07-25T09:27:18.702+0000] {logging_mixin.py:190} INFO - [2026-07-25T09:27:18.702+0000] {dagbag.py:588} INFO - Filling up the DagBag from /home/airflow/.local/lib/python3.12/site-packages/airflow/example_dags/example_nested_branch_dag.py
[2026-07-25T09:27:18.709+0000] {processor.py:925} INFO - DAG(s) 'example_nested_branch_dag' retrieved from /home/airflow/.local/lib/python3.12/site-packages/airflow/example_dags/example_nested_branch_dag.py
[2026-07-25T09:27:18.725+0000] {logging_mixin.py:190} INFO - [2026-07-25T09:27:18.725+0000] {dag.py:3239} INFO - Sync 1 DAGs
[2026-07-25T09:27:18.740+0000] {logging_mixin.py:190} INFO - [2026-07-25T09:27:18.740+0000] {dag.py:4180} INFO - Setting next_dagrun for example_nested_branch_dag to 2026-07-24 00:00:00+00:00, run_after=2026-07-25 00:00:00+00:00
[2026-07-25T09:27:18.754+0000] {processor.py:208} INFO - Processing /home/airflow/.local/lib/python3.12/site-packages/airflow/example_dags/example_nested_branch_dag.py took 0.059 seconds
[2026-07-25T09:27:49.010+0000] {processor.py:186} INFO - Started process (PID=192) to work on /home/airflow/.local/lib/python3.12/site-packages/airflow/example_dags/example_nested_branch_dag.py
[2026-07-25T09:27:49.010+0000] {processor.py:914} INFO - Processing file /home/airflow/.local/lib/python3.12/site-packages/airflow/example_dags/example_nested_branch_dag.py for tasks to queue
[2026-07-25T09:27:49.012+0000] {logging_mixin.py:190} INFO - [2026-07-25T09:27:49.012+0000] {dagbag.py:588} INFO - Filling up the DagBag from /home/airflow/.local/lib/python3.12/site-packages/airflow/example_dags/example_nested_branch_dag.py
[2026-07-25T09:27:49.020+0000] {processor.py:925} INFO - DAG(s) 'example_nested_branch_dag' retrieved from /home/airflow/.local/lib/python3.12/site-packages/airflow/example_dags/example_nested_branch_dag.py
[2026-07-25T09:27:49.034+0000] {logging_mixin.py:190} INFO - [2026-07-25T09:27:49.034+0000] {dag.py:3239} INFO - Sync 1 DAGs
[2026-07-25T09:27:49.049+0000] {logging_mixin.py:190} INFO - [2026-07-25T09:27:49.048+0000] {dag.py:4180} INFO - Setting next_dagrun for example_nested_branch_dag to 2026-07-24 00:00:00+00:00, run_after=2026-07-25 00:00:00+00:00
[2026-07-25T09:27:49.062+0000] {processor.py:208} INFO - Processing /home/airflow/.local/lib/python3.12/site-packages/airflow/example_dags/example_nested_branch_dag.py took 0.056 seconds
[2026-07-25T09:28:19.401+0000] {processor.py:186} INFO - Started process (PID=255) to work on /home/airflow/.local/lib/python3.12/site-packages/airflow/example_dags/example_nested_branch_dag.py
[2026-07-25T09:28:19.402+0000] {processor.py:914} INFO - Processing file /home/airflow/.local/lib/python3.12/site-packages/airflow/example_dags/example_nested_branch_dag.py for tasks to queue
[2026-07-25T09:28:19.404+0000] {logging_mixin.py:190} INFO - [2026-07-25T09:28:19.403+0000] {dagbag.py:588} INFO - Filling up the DagBag from /home/airflow/.local/lib/python3.12/site-packages/airflow/example_dags/example_nested_branch_dag.py
[2026-07-25T09:28:19.411+0000] {processor.py:925} INFO - DAG(s) 'example_nested_branch_dag' retrieved from /home/airflow/.local/lib/python3.12/site-packages/airflow/example_dags/example_nested_branch_dag.py
[2026-07-25T09:28:19.425+0000] {logging_mixin.py:190} INFO - [2026-07-25T09:28:19.425+0000] {dag.py:3239} INFO - Sync 1 DAGs
[2026-07-25T09:28:19.438+0000] {logging_mixin.py:190} INFO - [2026-07-25T09:28:19.438+0000] {dag.py:4180} INFO - Setting next_dagrun for example_nested_branch_dag to 2026-07-24 00:00:00+00:00, run_after=2026-07-25 00:00:00+00:00
[2026-07-25T09:28:19.457+0000] {processor.py:208} INFO - Processing /home/airflow/.local/lib/python3.12/site-packages/airflow/example_dags/example_nested_branch_dag.py took 0.060 seconds
[2026-07-25T09:28:49.999+0000] {processor.py:186} INFO - Started process (PID=318) to work on /home/airflow/.local/lib/python3.12/site-packages/airflow/example_dags/example_nested_branch_dag.py
[2026-07-25T09:28:50.000+0000] {processor.py:914} INFO - Processing file /home/airflow/.local/lib/python3.12/site-packages/airflow/example_dags/example_nested_branch_dag.py for tasks to queue
[2026-07-25T09:28:50.002+0000] {logging_mixin.py:190} INFO - [2026-07-25T09:28:50.002+0000] {dagbag.py:588} INFO - Filling up the DagBag from /home/airflow/.local/lib/python3.12/site-packages/airflow/example_dags/example_nested_branch_dag.py
[2026-07-25T09:28:50.010+0000] {processor.py:925} INFO - DAG(s) 'example_nested_branch_dag' retrieved from /home/airflow/.local/lib/python3.12/site-packages/airflow/example_dags/example_nested_branch_dag.py
[2026-07-25T09:28:50.023+0000] {logging_mixin.py:190} INFO - [2026-07-25T09:28:50.023+0000] {dag.py:3239} INFO - Sync 1 DAGs
[2026-07-25T09:28:50.037+0000] {logging_mixin.py:190} INFO - [2026-07-25T09:28:50.037+0000] {dag.py:4180} INFO - Setting next_dagrun for example_nested_branch_dag to 2026-07-24 00:00:00+00:00, run_after=2026-07-25 00:00:00+00:00
[2026-07-25T09:28:50.050+0000] {processor.py:208} INFO - Processing /home/airflow/.local/lib/python3.12/site-packages/airflow/example_dags/example_nested_branch_dag.py took 0.055 seconds
[2026-07-25T09:29:22.862+0000] {processor.py:186} INFO - Started process (PID=387) to work on /home/airflow/.local/lib/python3.12/site-packages/airflow/example_dags/example_nested_branch_dag.py
[2026-07-25T09:29:22.862+0000] {processor.py:914} INFO - Processing file /home/airflow/.local/lib/python3.12/site-packages/airflow/example_dags/example_nested_branch_dag.py for tasks to queue
[2026-07-25T09:29:22.865+0000] {logging_mixin.py:190} INFO - [2026-07-25T09:29:22.864+0000] {dagbag.py:588} INFO - Filling up the DagBag from /home/airflow/.local/lib/python3.12/site-packages/airflow/example_dags/example_nested_branch_dag.py
[2026-07-25T09:29:22.872+0000] {processor.py:925} INFO - DAG(s) 'example_nested_branch_dag' retrieved from /home/airflow/.local/lib/python3.12/site-packages/airflow/example_dags/example_nested_branch_dag.py
[2026-07-25T09:29:22.886+0000] {logging_mixin.py:190} INFO - [2026-07-25T09:29:22.886+0000] {dag.py:3239} INFO - Sync 1 DAGs
[2026-07-25T09:29:22.900+0000] {logging_mixin.py:190} INFO - [2026-07-25T09:29:22.900+0000] {dag.py:4180} INFO - Setting next_dagrun for example_nested_branch_dag to 2026-07-24 00:00:00+00:00, run_after=2026-07-25 00:00:00+00:00
[2026-07-25T09:29:22.912+0000] {processor.py:208} INFO - Processing /home/airflow/.local/lib/python3.12/site-packages/airflow/example_dags/example_nested_branch_dag.py took 0.054 seconds
[2026-07-25T09:29:53.021+0000] {processor.py:186} INFO - Started process (PID=449) to work on /home/airflow/.local/lib/python3.12/site-packages/airflow/example_dags/example_nested_branch_dag.py
[2026-07-25T09:29:53.022+0000] {processor.py:914} INFO - Processing file /home/airflow/.local/lib/python3.12/site-packages/airflow/example_dags/example_nested_branch_dag.py for tasks to queue
[2026-07-25T09:29:53.024+0000] {logging_mixin.py:190} INFO - [2026-07-25T09:29:53.024+0000] {dagbag.py:588} INFO - Filling up the DagBag from /home/airflow/.local/lib/python3.12/site-packages/airflow/example_dags/example_nested_branch_dag.py
[2026-07-25T09:29:53.033+0000] {processor.py:925} INFO - DAG(s) 'example_nested_branch_dag' retrieved from /home/airflow/.local/lib/python3.12/site-packages/airflow/example_dags/example_nested_branch_dag.py
[2026-07-25T09:29:53.048+0000] {logging_mixin.py:190} INFO - [2026-07-25T09:29:53.047+0000] {dag.py:3239} INFO - Sync 1 DAGs
[2026-07-25T09:29:53.062+0000] {logging_mixin.py:190} INFO - [2026-07-25T09:29:53.062+0000] {dag.py:4180} INFO - Setting next_dagrun for example_nested_branch_dag to 2026-07-24 00:00:00+00:00, run_after=2026-07-25 00:00:00+00:00
[2026-07-25T09:29:53.083+0000] {processor.py:208} INFO - Processing /home/airflow/.local/lib/python3.12/site-packages/airflow/example_dags/example_nested_branch_dag.py took 0.066 seconds
[2026-07-25T09:30:23.633+0000] {processor.py:186} INFO - Started process (PID=511) to work on /home/airflow/.local/lib/python3.12/site-packages/airflow/example_dags/example_nested_branch_dag.py
[2026-07-25T09:30:23.634+0000] {processor.py:914} INFO - Processing file /home/airflow/.local/lib/python3.12/site-packages/airflow/example_dags/example_nested_branch_dag.py for tasks to queue
[2026-07-25T09:30:23.636+0000] {logging_mixin.py:190} INFO - [2026-07-25T09:30:23.636+0000] {dagbag.py:588} INFO - Filling up the DagBag from /home/airflow/.local/lib/python3.12/site-packages/airflow/example_dags/example_nested_branch_dag.py
[2026-07-25T09:30:23.643+0000] {processor.py:925} INFO - DAG(s) 'example_nested_branch_dag' retrieved from /home/airflow/.local/lib/python3.12/site-packages/airflow/example_dags/example_nested_branch_dag.py
[2026-07-25T09:30:23.657+0000] {logging_mixin.py:190} INFO - [2026-07-25T09:30:23.657+0000] {dag.py:3239} INFO - Sync 1 DAGs
[2026-07-25T09:30:23.672+0000] {logging_mixin.py:190} INFO - [2026-07-25T09:30:23.672+0000] {dag.py:4180} INFO - Setting next_dagrun for example_nested_branch_dag to 2026-07-24 00:00:00+00:00, run_after=2026-07-25 00:00:00+00:00
[2026-07-25T09:30:23.701+0000] {processor.py:208} INFO - Processing /home/airflow/.local/lib/python3.12/site-packages/airflow/example_dags/example_nested_branch_dag.py took 0.071 seconds
[2026-07-25T09:30:54.643+0000] {processor.py:186} INFO - Started process (PID=573) to work on /home/airflow/.local/lib/python3.12/site-packages/airflow/example_dags/example_nested_branch_dag.py
[2026-07-25T09:30:54.644+0000] {processor.py:914} INFO - Processing file /home/airflow/.local/lib/python3.12/site-packages/airflow/example_dags/example_nested_branch_dag.py for tasks to queue
[2026-07-25T09:30:54.646+0000] {logging_mixin.py:190} INFO - [2026-07-25T09:30:54.645+0000] {dagbag.py:588} INFO - Filling up the DagBag from /home/airflow/.local/lib/python3.12/site-packages/airflow/example_dags/example_nested_branch_dag.py
[2026-07-25T09:30:54.653+0000] {processor.py:925} INFO - DAG(s) 'example_nested_branch_dag' retrieved from /home/airflow/.local/lib/python3.12/site-packages/airflow/example_dags/example_nested_branch_dag.py
[2026-07-25T09:30:54.666+0000] {logging_mixin.py:190} INFO - [2026-07-25T09:30:54.665+0000] {dag.py:3239} INFO - Sync 1 DAGs
[2026-07-25T09:30:54.679+0000] {logging_mixin.py:190} INFO - [2026-07-25T09:30:54.678+0000] {dag.py:4180} INFO - Setting next_dagrun for example_nested_branch_dag to 2026-07-24 00:00:00+00:00, run_after=2026-07-25 00:00:00+00:00
[2026-07-25T09:30:54.690+0000] {processor.py:208} INFO - Processing /home/airflow/.local/lib/python3.12/site-packages/airflow/example_dags/example_nested_branch_dag.py took 0.050 seconds
