[2026-07-25T09:06:20.811+0000] {processor.py:186} INFO - Started process (PID=101) to work on /home/airflow/.local/lib/python3.12/site-packages/airflow/example_dags/example_subdag_operator.py
[2026-07-25T09:06:20.812+0000] {processor.py:914} INFO - Processing file /home/airflow/.local/lib/python3.12/site-packages/airflow/example_dags/example_subdag_operator.py for tasks to queue
[2026-07-25T09:06:20.814+0000] {logging_mixin.py:190} INFO - [2026-07-25T09:06:20.814+0000] {dagbag.py:588} INFO - Filling up the DagBag from /home/airflow/.local/lib/python3.12/site-packages/airflow/example_dags/example_subdag_operator.py
[2026-07-25T09:06:20.842+0000] {processor.py:925} INFO - DAG(s) 'example_subdag_operator.section-1', 'example_subdag_operator.section-2', 'example_subdag_operator' retrieved from /home/airflow/.local/lib/python3.12/site-packages/airflow/example_dags/example_subdag_operator.py
[2026-07-25T09:06:20.947+0000] {logging_mixin.py:190} INFO - [2026-07-25T09:06:20.946+0000] {override.py:1932} INFO - Created Permission View: can edit on DAG:example_subdag_operator
[2026-07-25T09:06:20.955+0000] {logging_mixin.py:190} INFO - [2026-07-25T09:06:20.955+0000] {override.py:1932} INFO - Created Permission View: can read on DAG:example_subdag_operator
[2026-07-25T09:06:20.961+0000] {logging_mixin.py:190} INFO - [2026-07-25T09:06:20.961+0000] {override.py:1932} INFO - Created Permission View: can delete on DAG:example_subdag_operator
[2026-07-25T09:06:20.969+0000] {logging_mixin.py:190} INFO - [2026-07-25T09:06:20.968+0000] {override.py:1932} INFO - Created Permission View: can create on DAG Run:example_subdag_operator
[2026-07-25T09:06:20.975+0000] {logging_mixin.py:190} INFO - [2026-07-25T09:06:20.975+0000] {override.py:1932} INFO - Created Permission View: can read on DAG Run:example_subdag_operator
[2026-07-25T09:06:20.982+0000] {logging_mixin.py:190} INFO - [2026-07-25T09:06:20.982+0000] {override.py:1932} INFO - Created Permission View: can delete on DAG Run:example_subdag_operator
[2026-07-25T09:06:20.989+0000] {logging_mixin.py:190} INFO - [2026-07-25T09:06:20.989+0000] {override.py:1932} INFO - Created Permission View: menu access on DAG Run:example_subdag_operator
[2026-07-25T09:06:20.990+0000] {logging_mixin.py:190} INFO - [2026-07-25T09:06:20.990+0000] {dag.py:3239} INFO - Sync 3 DAGs
[2026-07-25T09:06:21.002+0000] {logging_mixin.py:190} INFO - [2026-07-25T09:06:21.001+0000] {dag.py:3262} INFO - Creating ORM DAG for example_subdag_operator
[2026-07-25T09:06:21.003+0000] {logging_mixin.py:190} INFO - [2026-07-25T09:06:21.002+0000] {dag.py:3262} INFO - Creating ORM DAG for example_subdag_operator.section-2
[2026-07-25T09:06:21.003+0000] {logging_mixin.py:190} INFO - [2026-07-25T09:06:21.003+0000] {dag.py:3262} INFO - Creating ORM DAG for example_subdag_operator.section-1
[2026-07-25T09:06:21.013+0000] {logging_mixin.py:190} INFO - [2026-07-25T09:06:21.013+0000] {dag.py:4180} INFO - Setting next_dagrun for example_subdag_operator to 2022-01-01 00:00:00+00:00, run_after=2022-01-01 00:00:00+00:00
[2026-07-25T09:06:21.014+0000] {logging_mixin.py:190} INFO - [2026-07-25T09:06:21.014+0000] {dag.py:4180} INFO - Setting next_dagrun for example_subdag_operator.section-1 to None, run_after=None
[2026-07-25T09:06:21.015+0000] {logging_mixin.py:190} INFO - [2026-07-25T09:06:21.015+0000] {dag.py:4180} INFO - Setting next_dagrun for example_subdag_operator.section-2 to None, run_after=None
[2026-07-25T09:06:21.022+0000] {logging_mixin.py:190} INFO - [2026-07-25T09:06:21.021+0000] {dag.py:3239} INFO - Sync 2 DAGs
[2026-07-25T09:06:21.026+0000] {logging_mixin.py:190} INFO - [2026-07-25T09:06:21.026+0000] {dag.py:4180} INFO - Setting next_dagrun for example_subdag_operator.section-1 to None, run_after=None
[2026-07-25T09:06:21.035+0000] {logging_mixin.py:190} INFO - [2026-07-25T09:06:21.035+0000] {dag.py:4180} INFO - Setting next_dagrun for example_subdag_operator.section-2 to None, run_after=None
[2026-07-25T09:06:21.053+0000] {processor.py:208} INFO - Processing /home/airflow/.local/lib/python3.12/site-packages/airflow/example_dags/example_subdag_operator.py took 0.246 seconds
[2026-07-25T09:06:54.397+0000] {processor.py:186} INFO - Started process (PID=164) to work on /home/airflow/.local/lib/python3.12/site-packages/airflow/example_dags/example_subdag_operator.py
[2026-07-25T09:06:54.397+0000] {processor.py:914} INFO - Processing file /home/airflow/.local/lib/python3.12/site-packages/airflow/example_dags/example_subdag_operator.py for tasks to queue
[2026-07-25T09:06:54.399+0000] {logging_mixin.py:190} INFO - [2026-07-25T09:06:54.399+0000] {dagbag.py:588} INFO - Filling up the DagBag from /home/airflow/.local/lib/python3.12/site-packages/airflow/example_dags/example_subdag_operator.py
[2026-07-25T09:06:54.415+0000] {processor.py:925} INFO - DAG(s) 'example_subdag_operator.section-1', 'example_subdag_operator.section-2', 'example_subdag_operator' retrieved from /home/airflow/.local/lib/python3.12/site-packages/airflow/example_dags/example_subdag_operator.py
[2026-07-25T09:06:54.423+0000] {logging_mixin.py:190} INFO - [2026-07-25T09:06:54.423+0000] {dag.py:3239} INFO - Sync 3 DAGs
[2026-07-25T09:06:54.436+0000] {logging_mixin.py:190} INFO - [2026-07-25T09:06:54.436+0000] {dag.py:4180} INFO - Setting next_dagrun for example_subdag_operator to 2022-01-01 00:00:00+00:00, run_after=2022-01-01 00:00:00+00:00
[2026-07-25T09:06:54.438+0000] {logging_mixin.py:190} INFO - [2026-07-25T09:06:54.438+0000] {dag.py:4180} INFO - Setting next_dagrun for example_subdag_operator.section-1 to None, run_after=None
[2026-07-25T09:06:54.439+0000] {logging_mixin.py:190} INFO - [2026-07-25T09:06:54.439+0000] {dag.py:4180} INFO - Setting next_dagrun for example_subdag_operator.section-2 to None, run_after=None
[2026-07-25T09:06:54.443+0000] {logging_mixin.py:190} INFO - [2026-07-25T09:06:54.443+0000] {dag.py:3239} INFO - Sync 2 DAGs
[2026-07-25T09:06:54.446+0000] {logging_mixin.py:190} INFO - [2026-07-25T09:06:54.446+0000] {dag.py:4180} INFO - Setting next_dagrun for example_subdag_operator.section-1 to None, run_after=None
[2026-07-25T09:06:54.447+0000] {logging_mixin.py:190} INFO - [2026-07-25T09:06:54.447+0000] {dag.py:4180} INFO - Setting next_dagrun for example_subdag_operator.section-2 to None, run_after=None
[2026-07-25T09:06:54.454+0000] {processor.py:208} INFO - Processing /home/airflow/.local/lib/python3.12/site-packages/airflow/example_dags/example_subdag_operator.py took 0.061 seconds
[2026-07-25T09:07:28.920+0000] {processor.py:186} INFO - Started process (PID=227) to work on /home/airflow/.local/lib/python3.12/site-packages/airflow/example_dags/example_subdag_operator.py
[2026-07-25T09:07:28.921+0000] {processor.py:914} INFO - Processing file /home/airflow/.local/lib/python3.12/site-packages/airflow/example_dags/example_subdag_operator.py for tasks to queue
[2026-07-25T09:07:28.923+0000] {logging_mixin.py:190} INFO - [2026-07-25T09:07:28.923+0000] {dagbag.py:588} INFO - Filling up the DagBag from /home/airflow/.local/lib/python3.12/site-packages/airflow/example_dags/example_subdag_operator.py
[2026-07-25T09:07:28.939+0000] {processor.py:925} INFO - DAG(s) 'example_subdag_operator.section-1', 'example_subdag_operator.section-2', 'example_subdag_operator' retrieved from /home/airflow/.local/lib/python3.12/site-packages/airflow/example_dags/example_subdag_operator.py
[2026-07-25T09:07:28.948+0000] {logging_mixin.py:190} INFO - [2026-07-25T09:07:28.948+0000] {dag.py:3239} INFO - Sync 3 DAGs
[2026-07-25T09:07:28.960+0000] {logging_mixin.py:190} INFO - [2026-07-25T09:07:28.960+0000] {dag.py:4180} INFO - Setting next_dagrun for example_subdag_operator to 2022-01-01 00:00:00+00:00, run_after=2022-01-01 00:00:00+00:00
[2026-07-25T09:07:28.962+0000] {logging_mixin.py:190} INFO - [2026-07-25T09:07:28.962+0000] {dag.py:4180} INFO - Setting next_dagrun for example_subdag_operator.section-1 to None, run_after=None
[2026-07-25T09:07:28.963+0000] {logging_mixin.py:190} INFO - [2026-07-25T09:07:28.963+0000] {dag.py:4180} INFO - Setting next_dagrun for example_subdag_operator.section-2 to None, run_after=None
[2026-07-25T09:07:28.967+0000] {logging_mixin.py:190} INFO - [2026-07-25T09:07:28.967+0000] {dag.py:3239} INFO - Sync 2 DAGs
[2026-07-25T09:07:28.970+0000] {logging_mixin.py:190} INFO - [2026-07-25T09:07:28.970+0000] {dag.py:4180} INFO - Setting next_dagrun for example_subdag_operator.section-1 to None, run_after=None
[2026-07-25T09:07:28.971+0000] {logging_mixin.py:190} INFO - [2026-07-25T09:07:28.971+0000] {dag.py:4180} INFO - Setting next_dagrun for example_subdag_operator.section-2 to None, run_after=None
[2026-07-25T09:07:28.979+0000] {processor.py:208} INFO - Processing /home/airflow/.local/lib/python3.12/site-packages/airflow/example_dags/example_subdag_operator.py took 0.062 seconds
[2026-07-25T09:07:59.898+0000] {processor.py:186} INFO - Started process (PID=289) to work on /home/airflow/.local/lib/python3.12/site-packages/airflow/example_dags/example_subdag_operator.py
[2026-07-25T09:07:59.899+0000] {processor.py:914} INFO - Processing file /home/airflow/.local/lib/python3.12/site-packages/airflow/example_dags/example_subdag_operator.py for tasks to queue
[2026-07-25T09:07:59.901+0000] {logging_mixin.py:190} INFO - [2026-07-25T09:07:59.901+0000] {dagbag.py:588} INFO - Filling up the DagBag from /home/airflow/.local/lib/python3.12/site-packages/airflow/example_dags/example_subdag_operator.py
[2026-07-25T09:07:59.917+0000] {processor.py:925} INFO - DAG(s) 'example_subdag_operator.section-1', 'example_subdag_operator.section-2', 'example_subdag_operator' retrieved from /home/airflow/.local/lib/python3.12/site-packages/airflow/example_dags/example_subdag_operator.py
[2026-07-25T09:07:59.926+0000] {logging_mixin.py:190} INFO - [2026-07-25T09:07:59.926+0000] {dag.py:3239} INFO - Sync 3 DAGs
[2026-07-25T09:07:59.939+0000] {logging_mixin.py:190} INFO - [2026-07-25T09:07:59.939+0000] {dag.py:4180} INFO - Setting next_dagrun for example_subdag_operator to 2022-01-01 00:00:00+00:00, run_after=2022-01-01 00:00:00+00:00
[2026-07-25T09:07:59.941+0000] {logging_mixin.py:190} INFO - [2026-07-25T09:07:59.941+0000] {dag.py:4180} INFO - Setting next_dagrun for example_subdag_operator.section-1 to None, run_after=None
[2026-07-25T09:07:59.942+0000] {logging_mixin.py:190} INFO - [2026-07-25T09:07:59.942+0000] {dag.py:4180} INFO - Setting next_dagrun for example_subdag_operator.section-2 to None, run_after=None
[2026-07-25T09:07:59.946+0000] {logging_mixin.py:190} INFO - [2026-07-25T09:07:59.946+0000] {dag.py:3239} INFO - Sync 2 DAGs
[2026-07-25T09:07:59.949+0000] {logging_mixin.py:190} INFO - [2026-07-25T09:07:59.949+0000] {dag.py:4180} INFO - Setting next_dagrun for example_subdag_operator.section-1 to None, run_after=None
[2026-07-25T09:07:59.950+0000] {logging_mixin.py:190} INFO - [2026-07-25T09:07:59.950+0000] {dag.py:4180} INFO - Setting next_dagrun for example_subdag_operator.section-2 to None, run_after=None
[2026-07-25T09:07:59.957+0000] {processor.py:208} INFO - Processing /home/airflow/.local/lib/python3.12/site-packages/airflow/example_dags/example_subdag_operator.py took 0.062 seconds
[2026-07-25T09:08:30.213+0000] {processor.py:186} INFO - Started process (PID=351) to work on /home/airflow/.local/lib/python3.12/site-packages/airflow/example_dags/example_subdag_operator.py
[2026-07-25T09:08:30.214+0000] {processor.py:914} INFO - Processing file /home/airflow/.local/lib/python3.12/site-packages/airflow/example_dags/example_subdag_operator.py for tasks to queue
[2026-07-25T09:08:30.216+0000] {logging_mixin.py:190} INFO - [2026-07-25T09:08:30.216+0000] {dagbag.py:588} INFO - Filling up the DagBag from /home/airflow/.local/lib/python3.12/site-packages/airflow/example_dags/example_subdag_operator.py
[2026-07-25T09:08:30.233+0000] {processor.py:925} INFO - DAG(s) 'example_subdag_operator.section-1', 'example_subdag_operator.section-2', 'example_subdag_operator' retrieved from /home/airflow/.local/lib/python3.12/site-packages/airflow/example_dags/example_subdag_operator.py
[2026-07-25T09:08:30.243+0000] {logging_mixin.py:190} INFO - [2026-07-25T09:08:30.243+0000] {dag.py:3239} INFO - Sync 3 DAGs
[2026-07-25T09:08:30.257+0000] {logging_mixin.py:190} INFO - [2026-07-25T09:08:30.257+0000] {dag.py:4180} INFO - Setting next_dagrun for example_subdag_operator to 2022-01-01 00:00:00+00:00, run_after=2022-01-01 00:00:00+00:00
[2026-07-25T09:08:30.259+0000] {logging_mixin.py:190} INFO - [2026-07-25T09:08:30.259+0000] {dag.py:4180} INFO - Setting next_dagrun for example_subdag_operator.section-1 to None, run_after=None
[2026-07-25T09:08:30.260+0000] {logging_mixin.py:190} INFO - [2026-07-25T09:08:30.260+0000] {dag.py:4180} INFO - Setting next_dagrun for example_subdag_operator.section-2 to None, run_after=None
[2026-07-25T09:08:30.263+0000] {logging_mixin.py:190} INFO - [2026-07-25T09:08:30.262+0000] {dag.py:3239} INFO - Sync 2 DAGs
[2026-07-25T09:08:30.266+0000] {logging_mixin.py:190} INFO - [2026-07-25T09:08:30.266+0000] {dag.py:4180} INFO - Setting next_dagrun for example_subdag_operator.section-1 to None, run_after=None
[2026-07-25T09:08:30.266+0000] {logging_mixin.py:190} INFO - [2026-07-25T09:08:30.266+0000] {dag.py:4180} INFO - Setting next_dagrun for example_subdag_operator.section-2 to None, run_after=None
[2026-07-25T09:08:30.275+0000] {processor.py:208} INFO - Processing /home/airflow/.local/lib/python3.12/site-packages/airflow/example_dags/example_subdag_operator.py took 0.066 seconds
[2026-07-25T09:09:01.085+0000] {processor.py:186} INFO - Started process (PID=413) to work on /home/airflow/.local/lib/python3.12/site-packages/airflow/example_dags/example_subdag_operator.py
[2026-07-25T09:09:01.086+0000] {processor.py:914} INFO - Processing file /home/airflow/.local/lib/python3.12/site-packages/airflow/example_dags/example_subdag_operator.py for tasks to queue
[2026-07-25T09:09:01.088+0000] {logging_mixin.py:190} INFO - [2026-07-25T09:09:01.088+0000] {dagbag.py:588} INFO - Filling up the DagBag from /home/airflow/.local/lib/python3.12/site-packages/airflow/example_dags/example_subdag_operator.py
[2026-07-25T09:09:01.105+0000] {processor.py:925} INFO - DAG(s) 'example_subdag_operator.section-1', 'example_subdag_operator.section-2', 'example_subdag_operator' retrieved from /home/airflow/.local/lib/python3.12/site-packages/airflow/example_dags/example_subdag_operator.py
[2026-07-25T09:09:01.115+0000] {logging_mixin.py:190} INFO - [2026-07-25T09:09:01.114+0000] {dag.py:3239} INFO - Sync 3 DAGs
[2026-07-25T09:09:01.129+0000] {logging_mixin.py:190} INFO - [2026-07-25T09:09:01.129+0000] {dag.py:4180} INFO - Setting next_dagrun for example_subdag_operator to 2022-01-01 00:00:00+00:00, run_after=2022-01-01 00:00:00+00:00
[2026-07-25T09:09:01.131+0000] {logging_mixin.py:190} INFO - [2026-07-25T09:09:01.131+0000] {dag.py:4180} INFO - Setting next_dagrun for example_subdag_operator.section-1 to None, run_after=None
[2026-07-25T09:09:01.132+0000] {logging_mixin.py:190} INFO - [2026-07-25T09:09:01.132+0000] {dag.py:4180} INFO - Setting next_dagrun for example_subdag_operator.section-2 to None, run_after=None
[2026-07-25T09:09:01.137+0000] {logging_mixin.py:190} INFO - [2026-07-25T09:09:01.137+0000] {dag.py:3239} INFO - Sync 2 DAGs
[2026-07-25T09:09:01.140+0000] {logging_mixin.py:190} INFO - [2026-07-25T09:09:01.140+0000] {dag.py:4180} INFO - Setting next_dagrun for example_subdag_operator.section-1 to None, run_after=None
[2026-07-25T09:09:01.141+0000] {logging_mixin.py:190} INFO - [2026-07-25T09:09:01.140+0000] {dag.py:4180} INFO - Setting next_dagrun for example_subdag_operator.section-2 to None, run_after=None
[2026-07-25T09:09:01.147+0000] {processor.py:208} INFO - Processing /home/airflow/.local/lib/python3.12/site-packages/airflow/example_dags/example_subdag_operator.py took 0.065 seconds
[2026-07-25T09:09:32.048+0000] {processor.py:186} INFO - Started process (PID=476) to work on /home/airflow/.local/lib/python3.12/site-packages/airflow/example_dags/example_subdag_operator.py
[2026-07-25T09:09:32.049+0000] {processor.py:914} INFO - Processing file /home/airflow/.local/lib/python3.12/site-packages/airflow/example_dags/example_subdag_operator.py for tasks to queue
[2026-07-25T09:09:32.051+0000] {logging_mixin.py:190} INFO - [2026-07-25T09:09:32.050+0000] {dagbag.py:588} INFO - Filling up the DagBag from /home/airflow/.local/lib/python3.12/site-packages/airflow/example_dags/example_subdag_operator.py
[2026-07-25T09:09:32.068+0000] {processor.py:925} INFO - DAG(s) 'example_subdag_operator.section-1', 'example_subdag_operator.section-2', 'example_subdag_operator' retrieved from /home/airflow/.local/lib/python3.12/site-packages/airflow/example_dags/example_subdag_operator.py
[2026-07-25T09:09:32.077+0000] {logging_mixin.py:190} INFO - [2026-07-25T09:09:32.077+0000] {dag.py:3239} INFO - Sync 3 DAGs
[2026-07-25T09:09:32.092+0000] {logging_mixin.py:190} INFO - [2026-07-25T09:09:32.092+0000] {dag.py:4180} INFO - Setting next_dagrun for example_subdag_operator to 2022-01-01 00:00:00+00:00, run_after=2022-01-01 00:00:00+00:00
[2026-07-25T09:09:32.094+0000] {logging_mixin.py:190} INFO - [2026-07-25T09:09:32.094+0000] {dag.py:4180} INFO - Setting next_dagrun for example_subdag_operator.section-1 to None, run_after=None
[2026-07-25T09:09:32.095+0000] {logging_mixin.py:190} INFO - [2026-07-25T09:09:32.095+0000] {dag.py:4180} INFO - Setting next_dagrun for example_subdag_operator.section-2 to None, run_after=None
[2026-07-25T09:09:32.099+0000] {logging_mixin.py:190} INFO - [2026-07-25T09:09:32.099+0000] {dag.py:3239} INFO - Sync 2 DAGs
[2026-07-25T09:09:32.102+0000] {logging_mixin.py:190} INFO - [2026-07-25T09:09:32.102+0000] {dag.py:4180} INFO - Setting next_dagrun for example_subdag_operator.section-1 to None, run_after=None
[2026-07-25T09:09:32.103+0000] {logging_mixin.py:190} INFO - [2026-07-25T09:09:32.103+0000] {dag.py:4180} INFO - Setting next_dagrun for example_subdag_operator.section-2 to None, run_after=None
[2026-07-25T09:09:32.111+0000] {processor.py:208} INFO - Processing /home/airflow/.local/lib/python3.12/site-packages/airflow/example_dags/example_subdag_operator.py took 0.066 seconds
[2026-07-25T09:10:02.321+0000] {processor.py:186} INFO - Started process (PID=539) to work on /home/airflow/.local/lib/python3.12/site-packages/airflow/example_dags/example_subdag_operator.py
[2026-07-25T09:10:02.322+0000] {processor.py:914} INFO - Processing file /home/airflow/.local/lib/python3.12/site-packages/airflow/example_dags/example_subdag_operator.py for tasks to queue
[2026-07-25T09:10:02.324+0000] {logging_mixin.py:190} INFO - [2026-07-25T09:10:02.324+0000] {dagbag.py:588} INFO - Filling up the DagBag from /home/airflow/.local/lib/python3.12/site-packages/airflow/example_dags/example_subdag_operator.py
[2026-07-25T09:10:02.343+0000] {processor.py:925} INFO - DAG(s) 'example_subdag_operator.section-1', 'example_subdag_operator.section-2', 'example_subdag_operator' retrieved from /home/airflow/.local/lib/python3.12/site-packages/airflow/example_dags/example_subdag_operator.py
[2026-07-25T09:10:02.352+0000] {logging_mixin.py:190} INFO - [2026-07-25T09:10:02.351+0000] {dag.py:3239} INFO - Sync 3 DAGs
[2026-07-25T09:10:02.365+0000] {logging_mixin.py:190} INFO - [2026-07-25T09:10:02.365+0000] {dag.py:4180} INFO - Setting next_dagrun for example_subdag_operator to 2022-01-01 00:00:00+00:00, run_after=2022-01-01 00:00:00+00:00
[2026-07-25T09:10:02.368+0000] {logging_mixin.py:190} INFO - [2026-07-25T09:10:02.367+0000] {dag.py:4180} INFO - Setting next_dagrun for example_subdag_operator.section-1 to None, run_after=None
[2026-07-25T09:10:02.369+0000] {logging_mixin.py:190} INFO - [2026-07-25T09:10:02.368+0000] {dag.py:4180} INFO - Setting next_dagrun for example_subdag_operator.section-2 to None, run_after=None
[2026-07-25T09:10:02.372+0000] {logging_mixin.py:190} INFO - [2026-07-25T09:10:02.372+0000] {dag.py:3239} INFO - Sync 2 DAGs
[2026-07-25T09:10:02.376+0000] {logging_mixin.py:190} INFO - [2026-07-25T09:10:02.376+0000] {dag.py:4180} INFO - Setting next_dagrun for example_subdag_operator.section-1 to None, run_after=None
[2026-07-25T09:10:02.376+0000] {logging_mixin.py:190} INFO - [2026-07-25T09:10:02.376+0000] {dag.py:4180} INFO - Setting next_dagrun for example_subdag_operator.section-2 to None, run_after=None
[2026-07-25T09:10:02.384+0000] {processor.py:208} INFO - Processing /home/airflow/.local/lib/python3.12/site-packages/airflow/example_dags/example_subdag_operator.py took 0.067 seconds
[2026-07-25T09:10:32.937+0000] {processor.py:186} INFO - Started process (PID=602) to work on /home/airflow/.local/lib/python3.12/site-packages/airflow/example_dags/example_subdag_operator.py
[2026-07-25T09:10:32.938+0000] {processor.py:914} INFO - Processing file /home/airflow/.local/lib/python3.12/site-packages/airflow/example_dags/example_subdag_operator.py for tasks to queue
[2026-07-25T09:10:32.940+0000] {logging_mixin.py:190} INFO - [2026-07-25T09:10:32.939+0000] {dagbag.py:588} INFO - Filling up the DagBag from /home/airflow/.local/lib/python3.12/site-packages/airflow/example_dags/example_subdag_operator.py
[2026-07-25T09:10:32.956+0000] {processor.py:925} INFO - DAG(s) 'example_subdag_operator.section-1', 'example_subdag_operator.section-2', 'example_subdag_operator' retrieved from /home/airflow/.local/lib/python3.12/site-packages/airflow/example_dags/example_subdag_operator.py
[2026-07-25T09:10:32.964+0000] {logging_mixin.py:190} INFO - [2026-07-25T09:10:32.964+0000] {dag.py:3239} INFO - Sync 3 DAGs
[2026-07-25T09:10:32.977+0000] {logging_mixin.py:190} INFO - [2026-07-25T09:10:32.977+0000] {dag.py:4180} INFO - Setting next_dagrun for example_subdag_operator to 2022-01-01 00:00:00+00:00, run_after=2022-01-01 00:00:00+00:00
[2026-07-25T09:10:32.980+0000] {logging_mixin.py:190} INFO - [2026-07-25T09:10:32.980+0000] {dag.py:4180} INFO - Setting next_dagrun for example_subdag_operator.section-1 to None, run_after=None
[2026-07-25T09:10:32.981+0000] {logging_mixin.py:190} INFO - [2026-07-25T09:10:32.981+0000] {dag.py:4180} INFO - Setting next_dagrun for example_subdag_operator.section-2 to None, run_after=None
[2026-07-25T09:10:32.985+0000] {logging_mixin.py:190} INFO - [2026-07-25T09:10:32.985+0000] {dag.py:3239} INFO - Sync 2 DAGs
[2026-07-25T09:10:32.988+0000] {logging_mixin.py:190} INFO - [2026-07-25T09:10:32.988+0000] {dag.py:4180} INFO - Setting next_dagrun for example_subdag_operator.section-1 to None, run_after=None
[2026-07-25T09:10:32.989+0000] {logging_mixin.py:190} INFO - [2026-07-25T09:10:32.988+0000] {dag.py:4180} INFO - Setting next_dagrun for example_subdag_operator.section-2 to None, run_after=None
[2026-07-25T09:10:32.997+0000] {processor.py:208} INFO - Processing /home/airflow/.local/lib/python3.12/site-packages/airflow/example_dags/example_subdag_operator.py took 0.063 seconds
[2026-07-25T09:11:05.200+0000] {processor.py:186} INFO - Started process (PID=665) to work on /home/airflow/.local/lib/python3.12/site-packages/airflow/example_dags/example_subdag_operator.py
[2026-07-25T09:11:05.201+0000] {processor.py:914} INFO - Processing file /home/airflow/.local/lib/python3.12/site-packages/airflow/example_dags/example_subdag_operator.py for tasks to queue
[2026-07-25T09:11:05.203+0000] {logging_mixin.py:190} INFO - [2026-07-25T09:11:05.203+0000] {dagbag.py:588} INFO - Filling up the DagBag from /home/airflow/.local/lib/python3.12/site-packages/airflow/example_dags/example_subdag_operator.py
[2026-07-25T09:11:05.220+0000] {processor.py:925} INFO - DAG(s) 'example_subdag_operator.section-1', 'example_subdag_operator.section-2', 'example_subdag_operator' retrieved from /home/airflow/.local/lib/python3.12/site-packages/airflow/example_dags/example_subdag_operator.py
[2026-07-25T09:11:05.229+0000] {logging_mixin.py:190} INFO - [2026-07-25T09:11:05.229+0000] {dag.py:3239} INFO - Sync 3 DAGs
[2026-07-25T09:11:05.243+0000] {logging_mixin.py:190} INFO - [2026-07-25T09:11:05.243+0000] {dag.py:4180} INFO - Setting next_dagrun for example_subdag_operator to 2022-01-01 00:00:00+00:00, run_after=2022-01-01 00:00:00+00:00
[2026-07-25T09:11:05.245+0000] {logging_mixin.py:190} INFO - [2026-07-25T09:11:05.245+0000] {dag.py:4180} INFO - Setting next_dagrun for example_subdag_operator.section-1 to None, run_after=None
[2026-07-25T09:11:05.246+0000] {logging_mixin.py:190} INFO - [2026-07-25T09:11:05.246+0000] {dag.py:4180} INFO - Setting next_dagrun for example_subdag_operator.section-2 to None, run_after=None
[2026-07-25T09:11:05.251+0000] {logging_mixin.py:190} INFO - [2026-07-25T09:11:05.251+0000] {dag.py:3239} INFO - Sync 2 DAGs
[2026-07-25T09:11:05.254+0000] {logging_mixin.py:190} INFO - [2026-07-25T09:11:05.254+0000] {dag.py:4180} INFO - Setting next_dagrun for example_subdag_operator.section-1 to None, run_after=None
[2026-07-25T09:11:05.254+0000] {logging_mixin.py:190} INFO - [2026-07-25T09:11:05.254+0000] {dag.py:4180} INFO - Setting next_dagrun for example_subdag_operator.section-2 to None, run_after=None
[2026-07-25T09:11:05.262+0000] {processor.py:208} INFO - Processing /home/airflow/.local/lib/python3.12/site-packages/airflow/example_dags/example_subdag_operator.py took 0.065 seconds
[2026-07-25T09:11:35.426+0000] {processor.py:186} INFO - Started process (PID=726) to work on /home/airflow/.local/lib/python3.12/site-packages/airflow/example_dags/example_subdag_operator.py
[2026-07-25T09:11:35.427+0000] {processor.py:914} INFO - Processing file /home/airflow/.local/lib/python3.12/site-packages/airflow/example_dags/example_subdag_operator.py for tasks to queue
[2026-07-25T09:11:35.429+0000] {logging_mixin.py:190} INFO - [2026-07-25T09:11:35.428+0000] {dagbag.py:588} INFO - Filling up the DagBag from /home/airflow/.local/lib/python3.12/site-packages/airflow/example_dags/example_subdag_operator.py
[2026-07-25T09:11:35.447+0000] {processor.py:925} INFO - DAG(s) 'example_subdag_operator.section-1', 'example_subdag_operator.section-2', 'example_subdag_operator' retrieved from /home/airflow/.local/lib/python3.12/site-packages/airflow/example_dags/example_subdag_operator.py
[2026-07-25T09:11:35.456+0000] {logging_mixin.py:190} INFO - [2026-07-25T09:11:35.456+0000] {dag.py:3239} INFO - Sync 3 DAGs
[2026-07-25T09:11:35.470+0000] {logging_mixin.py:190} INFO - [2026-07-25T09:11:35.470+0000] {dag.py:4180} INFO - Setting next_dagrun for example_subdag_operator to 2022-01-01 00:00:00+00:00, run_after=2022-01-01 00:00:00+00:00
[2026-07-25T09:11:35.472+0000] {logging_mixin.py:190} INFO - [2026-07-25T09:11:35.472+0000] {dag.py:4180} INFO - Setting next_dagrun for example_subdag_operator.section-1 to None, run_after=None
[2026-07-25T09:11:35.473+0000] {logging_mixin.py:190} INFO - [2026-07-25T09:11:35.473+0000] {dag.py:4180} INFO - Setting next_dagrun for example_subdag_operator.section-2 to None, run_after=None
[2026-07-25T09:11:35.478+0000] {logging_mixin.py:190} INFO - [2026-07-25T09:11:35.478+0000] {dag.py:3239} INFO - Sync 2 DAGs
[2026-07-25T09:11:35.482+0000] {logging_mixin.py:190} INFO - [2026-07-25T09:11:35.482+0000] {dag.py:4180} INFO - Setting next_dagrun for example_subdag_operator.section-1 to None, run_after=None
[2026-07-25T09:11:35.483+0000] {logging_mixin.py:190} INFO - [2026-07-25T09:11:35.483+0000] {dag.py:4180} INFO - Setting next_dagrun for example_subdag_operator.section-2 to None, run_after=None
[2026-07-25T09:11:35.490+0000] {processor.py:208} INFO - Processing /home/airflow/.local/lib/python3.12/site-packages/airflow/example_dags/example_subdag_operator.py took 0.068 seconds
[2026-07-25T09:12:05.957+0000] {processor.py:186} INFO - Started process (PID=789) to work on /home/airflow/.local/lib/python3.12/site-packages/airflow/example_dags/example_subdag_operator.py
[2026-07-25T09:12:05.958+0000] {processor.py:914} INFO - Processing file /home/airflow/.local/lib/python3.12/site-packages/airflow/example_dags/example_subdag_operator.py for tasks to queue
[2026-07-25T09:12:05.960+0000] {logging_mixin.py:190} INFO - [2026-07-25T09:12:05.960+0000] {dagbag.py:588} INFO - Filling up the DagBag from /home/airflow/.local/lib/python3.12/site-packages/airflow/example_dags/example_subdag_operator.py
[2026-07-25T09:12:05.977+0000] {processor.py:925} INFO - DAG(s) 'example_subdag_operator.section-1', 'example_subdag_operator.section-2', 'example_subdag_operator' retrieved from /home/airflow/.local/lib/python3.12/site-packages/airflow/example_dags/example_subdag_operator.py
[2026-07-25T09:12:05.985+0000] {logging_mixin.py:190} INFO - [2026-07-25T09:12:05.985+0000] {dag.py:3239} INFO - Sync 3 DAGs
[2026-07-25T09:12:05.999+0000] {logging_mixin.py:190} INFO - [2026-07-25T09:12:05.999+0000] {dag.py:4180} INFO - Setting next_dagrun for example_subdag_operator to 2022-01-01 00:00:00+00:00, run_after=2022-01-01 00:00:00+00:00
[2026-07-25T09:12:06.001+0000] {logging_mixin.py:190} INFO - [2026-07-25T09:12:06.001+0000] {dag.py:4180} INFO - Setting next_dagrun for example_subdag_operator.section-1 to None, run_after=None
[2026-07-25T09:12:06.002+0000] {logging_mixin.py:190} INFO - [2026-07-25T09:12:06.002+0000] {dag.py:4180} INFO - Setting next_dagrun for example_subdag_operator.section-2 to None, run_after=None
[2026-07-25T09:12:06.006+0000] {logging_mixin.py:190} INFO - [2026-07-25T09:12:06.006+0000] {dag.py:3239} INFO - Sync 2 DAGs
[2026-07-25T09:12:06.009+0000] {logging_mixin.py:190} INFO - [2026-07-25T09:12:06.009+0000] {dag.py:4180} INFO - Setting next_dagrun for example_subdag_operator.section-1 to None, run_after=None
[2026-07-25T09:12:06.010+0000] {logging_mixin.py:190} INFO - [2026-07-25T09:12:06.010+0000] {dag.py:4180} INFO - Setting next_dagrun for example_subdag_operator.section-2 to None, run_after=None
[2026-07-25T09:12:06.017+0000] {processor.py:208} INFO - Processing /home/airflow/.local/lib/python3.12/site-packages/airflow/example_dags/example_subdag_operator.py took 0.064 seconds
[2026-07-25T09:12:38.883+0000] {processor.py:186} INFO - Started process (PID=852) to work on /home/airflow/.local/lib/python3.12/site-packages/airflow/example_dags/example_subdag_operator.py
[2026-07-25T09:12:38.884+0000] {processor.py:914} INFO - Processing file /home/airflow/.local/lib/python3.12/site-packages/airflow/example_dags/example_subdag_operator.py for tasks to queue
[2026-07-25T09:12:38.886+0000] {logging_mixin.py:190} INFO - [2026-07-25T09:12:38.886+0000] {dagbag.py:588} INFO - Filling up the DagBag from /home/airflow/.local/lib/python3.12/site-packages/airflow/example_dags/example_subdag_operator.py
[2026-07-25T09:12:38.902+0000] {processor.py:925} INFO - DAG(s) 'example_subdag_operator.section-1', 'example_subdag_operator.section-2', 'example_subdag_operator' retrieved from /home/airflow/.local/lib/python3.12/site-packages/airflow/example_dags/example_subdag_operator.py
[2026-07-25T09:12:38.910+0000] {logging_mixin.py:190} INFO - [2026-07-25T09:12:38.910+0000] {dag.py:3239} INFO - Sync 3 DAGs
[2026-07-25T09:12:38.923+0000] {logging_mixin.py:190} INFO - [2026-07-25T09:12:38.923+0000] {dag.py:4180} INFO - Setting next_dagrun for example_subdag_operator to 2022-01-01 00:00:00+00:00, run_after=2022-01-01 00:00:00+00:00
[2026-07-25T09:12:38.925+0000] {logging_mixin.py:190} INFO - [2026-07-25T09:12:38.925+0000] {dag.py:4180} INFO - Setting next_dagrun for example_subdag_operator.section-1 to None, run_after=None
[2026-07-25T09:12:38.926+0000] {logging_mixin.py:190} INFO - [2026-07-25T09:12:38.926+0000] {dag.py:4180} INFO - Setting next_dagrun for example_subdag_operator.section-2 to None, run_after=None
[2026-07-25T09:12:38.930+0000] {logging_mixin.py:190} INFO - [2026-07-25T09:12:38.930+0000] {dag.py:3239} INFO - Sync 2 DAGs
[2026-07-25T09:12:38.933+0000] {logging_mixin.py:190} INFO - [2026-07-25T09:12:38.933+0000] {dag.py:4180} INFO - Setting next_dagrun for example_subdag_operator.section-1 to None, run_after=None
[2026-07-25T09:12:38.934+0000] {logging_mixin.py:190} INFO - [2026-07-25T09:12:38.934+0000] {dag.py:4180} INFO - Setting next_dagrun for example_subdag_operator.section-2 to None, run_after=None
[2026-07-25T09:12:38.942+0000] {processor.py:208} INFO - Processing /home/airflow/.local/lib/python3.12/site-packages/airflow/example_dags/example_subdag_operator.py took 0.062 seconds
[2026-07-25T09:13:09.013+0000] {processor.py:186} INFO - Started process (PID=914) to work on /home/airflow/.local/lib/python3.12/site-packages/airflow/example_dags/example_subdag_operator.py
[2026-07-25T09:13:09.014+0000] {processor.py:914} INFO - Processing file /home/airflow/.local/lib/python3.12/site-packages/airflow/example_dags/example_subdag_operator.py for tasks to queue
[2026-07-25T09:13:09.016+0000] {logging_mixin.py:190} INFO - [2026-07-25T09:13:09.016+0000] {dagbag.py:588} INFO - Filling up the DagBag from /home/airflow/.local/lib/python3.12/site-packages/airflow/example_dags/example_subdag_operator.py
[2026-07-25T09:13:09.033+0000] {processor.py:925} INFO - DAG(s) 'example_subdag_operator.section-1', 'example_subdag_operator.section-2', 'example_subdag_operator' retrieved from /home/airflow/.local/lib/python3.12/site-packages/airflow/example_dags/example_subdag_operator.py
[2026-07-25T09:13:09.043+0000] {logging_mixin.py:190} INFO - [2026-07-25T09:13:09.043+0000] {dag.py:3239} INFO - Sync 3 DAGs
[2026-07-25T09:13:09.058+0000] {logging_mixin.py:190} INFO - [2026-07-25T09:13:09.058+0000] {dag.py:4180} INFO - Setting next_dagrun for example_subdag_operator to 2022-01-01 00:00:00+00:00, run_after=2022-01-01 00:00:00+00:00
[2026-07-25T09:13:09.060+0000] {logging_mixin.py:190} INFO - [2026-07-25T09:13:09.060+0000] {dag.py:4180} INFO - Setting next_dagrun for example_subdag_operator.section-1 to None, run_after=None
[2026-07-25T09:13:09.061+0000] {logging_mixin.py:190} INFO - [2026-07-25T09:13:09.061+0000] {dag.py:4180} INFO - Setting next_dagrun for example_subdag_operator.section-2 to None, run_after=None
[2026-07-25T09:13:09.066+0000] {logging_mixin.py:190} INFO - [2026-07-25T09:13:09.066+0000] {dag.py:3239} INFO - Sync 2 DAGs
[2026-07-25T09:13:09.069+0000] {logging_mixin.py:190} INFO - [2026-07-25T09:13:09.069+0000] {dag.py:4180} INFO - Setting next_dagrun for example_subdag_operator.section-1 to None, run_after=None
[2026-07-25T09:13:09.070+0000] {logging_mixin.py:190} INFO - [2026-07-25T09:13:09.070+0000] {dag.py:4180} INFO - Setting next_dagrun for example_subdag_operator.section-2 to None, run_after=None
[2026-07-25T09:13:09.076+0000] {processor.py:208} INFO - Processing /home/airflow/.local/lib/python3.12/site-packages/airflow/example_dags/example_subdag_operator.py took 0.067 seconds
[2026-07-25T09:13:39.553+0000] {processor.py:186} INFO - Started process (PID=976) to work on /home/airflow/.local/lib/python3.12/site-packages/airflow/example_dags/example_subdag_operator.py
[2026-07-25T09:13:39.554+0000] {processor.py:914} INFO - Processing file /home/airflow/.local/lib/python3.12/site-packages/airflow/example_dags/example_subdag_operator.py for tasks to queue
[2026-07-25T09:13:39.556+0000] {logging_mixin.py:190} INFO - [2026-07-25T09:13:39.556+0000] {dagbag.py:588} INFO - Filling up the DagBag from /home/airflow/.local/lib/python3.12/site-packages/airflow/example_dags/example_subdag_operator.py
[2026-07-25T09:13:39.573+0000] {processor.py:925} INFO - DAG(s) 'example_subdag_operator.section-1', 'example_subdag_operator.section-2', 'example_subdag_operator' retrieved from /home/airflow/.local/lib/python3.12/site-packages/airflow/example_dags/example_subdag_operator.py
[2026-07-25T09:13:39.583+0000] {logging_mixin.py:190} INFO - [2026-07-25T09:13:39.583+0000] {dag.py:3239} INFO - Sync 3 DAGs
[2026-07-25T09:13:39.598+0000] {logging_mixin.py:190} INFO - [2026-07-25T09:13:39.598+0000] {dag.py:4180} INFO - Setting next_dagrun for example_subdag_operator to 2022-01-01 00:00:00+00:00, run_after=2022-01-01 00:00:00+00:00
[2026-07-25T09:13:39.600+0000] {logging_mixin.py:190} INFO - [2026-07-25T09:13:39.600+0000] {dag.py:4180} INFO - Setting next_dagrun for example_subdag_operator.section-1 to None, run_after=None
[2026-07-25T09:13:39.602+0000] {logging_mixin.py:190} INFO - [2026-07-25T09:13:39.601+0000] {dag.py:4180} INFO - Setting next_dagrun for example_subdag_operator.section-2 to None, run_after=None
[2026-07-25T09:13:39.606+0000] {logging_mixin.py:190} INFO - [2026-07-25T09:13:39.606+0000] {dag.py:3239} INFO - Sync 2 DAGs
[2026-07-25T09:13:39.610+0000] {logging_mixin.py:190} INFO - [2026-07-25T09:13:39.609+0000] {dag.py:4180} INFO - Setting next_dagrun for example_subdag_operator.section-1 to None, run_after=None
[2026-07-25T09:13:39.610+0000] {logging_mixin.py:190} INFO - [2026-07-25T09:13:39.610+0000] {dag.py:4180} INFO - Setting next_dagrun for example_subdag_operator.section-2 to None, run_after=None
[2026-07-25T09:13:39.617+0000] {processor.py:208} INFO - Processing /home/airflow/.local/lib/python3.12/site-packages/airflow/example_dags/example_subdag_operator.py took 0.067 seconds
[2026-07-25T09:14:10.094+0000] {processor.py:186} INFO - Started process (PID=1039) to work on /home/airflow/.local/lib/python3.12/site-packages/airflow/example_dags/example_subdag_operator.py
[2026-07-25T09:14:10.095+0000] {processor.py:914} INFO - Processing file /home/airflow/.local/lib/python3.12/site-packages/airflow/example_dags/example_subdag_operator.py for tasks to queue
[2026-07-25T09:14:10.097+0000] {logging_mixin.py:190} INFO - [2026-07-25T09:14:10.097+0000] {dagbag.py:588} INFO - Filling up the DagBag from /home/airflow/.local/lib/python3.12/site-packages/airflow/example_dags/example_subdag_operator.py
[2026-07-25T09:14:10.114+0000] {processor.py:925} INFO - DAG(s) 'example_subdag_operator.section-1', 'example_subdag_operator.section-2', 'example_subdag_operator' retrieved from /home/airflow/.local/lib/python3.12/site-packages/airflow/example_dags/example_subdag_operator.py
[2026-07-25T09:14:10.123+0000] {logging_mixin.py:190} INFO - [2026-07-25T09:14:10.123+0000] {dag.py:3239} INFO - Sync 3 DAGs
[2026-07-25T09:14:10.136+0000] {logging_mixin.py:190} INFO - [2026-07-25T09:14:10.136+0000] {dag.py:4180} INFO - Setting next_dagrun for example_subdag_operator to 2022-01-01 00:00:00+00:00, run_after=2022-01-01 00:00:00+00:00
[2026-07-25T09:14:10.139+0000] {logging_mixin.py:190} INFO - [2026-07-25T09:14:10.138+0000] {dag.py:4180} INFO - Setting next_dagrun for example_subdag_operator.section-1 to None, run_after=None
[2026-07-25T09:14:10.140+0000] {logging_mixin.py:190} INFO - [2026-07-25T09:14:10.139+0000] {dag.py:4180} INFO - Setting next_dagrun for example_subdag_operator.section-2 to None, run_after=None
[2026-07-25T09:14:10.144+0000] {logging_mixin.py:190} INFO - [2026-07-25T09:14:10.144+0000] {dag.py:3239} INFO - Sync 2 DAGs
[2026-07-25T09:14:10.147+0000] {logging_mixin.py:190} INFO - [2026-07-25T09:14:10.147+0000] {dag.py:4180} INFO - Setting next_dagrun for example_subdag_operator.section-1 to None, run_after=None
[2026-07-25T09:14:10.147+0000] {logging_mixin.py:190} INFO - [2026-07-25T09:14:10.147+0000] {dag.py:4180} INFO - Setting next_dagrun for example_subdag_operator.section-2 to None, run_after=None
[2026-07-25T09:14:10.157+0000] {processor.py:208} INFO - Processing /home/airflow/.local/lib/python3.12/site-packages/airflow/example_dags/example_subdag_operator.py took 0.067 seconds
[2026-07-25T09:15:39.777+0000] {processor.py:186} INFO - Started process (PID=101) to work on /home/airflow/.local/lib/python3.12/site-packages/airflow/example_dags/example_subdag_operator.py
[2026-07-25T09:15:39.777+0000] {processor.py:914} INFO - Processing file /home/airflow/.local/lib/python3.12/site-packages/airflow/example_dags/example_subdag_operator.py for tasks to queue
[2026-07-25T09:15:39.779+0000] {logging_mixin.py:190} INFO - [2026-07-25T09:15:39.779+0000] {dagbag.py:588} INFO - Filling up the DagBag from /home/airflow/.local/lib/python3.12/site-packages/airflow/example_dags/example_subdag_operator.py
[2026-07-25T09:15:39.800+0000] {processor.py:925} INFO - DAG(s) 'example_subdag_operator.section-1', 'example_subdag_operator.section-2', 'example_subdag_operator' retrieved from /home/airflow/.local/lib/python3.12/site-packages/airflow/example_dags/example_subdag_operator.py
[2026-07-25T09:15:39.818+0000] {logging_mixin.py:190} INFO - [2026-07-25T09:15:39.817+0000] {dag.py:3239} INFO - Sync 3 DAGs
[2026-07-25T09:15:39.835+0000] {logging_mixin.py:190} INFO - [2026-07-25T09:15:39.835+0000] {dag.py:4180} INFO - Setting next_dagrun for example_subdag_operator to 2022-01-01 00:00:00+00:00, run_after=2022-01-01 00:00:00+00:00
[2026-07-25T09:15:39.838+0000] {logging_mixin.py:190} INFO - [2026-07-25T09:15:39.838+0000] {dag.py:4180} INFO - Setting next_dagrun for example_subdag_operator.section-1 to None, run_after=None
[2026-07-25T09:15:39.839+0000] {logging_mixin.py:190} INFO - [2026-07-25T09:15:39.839+0000] {dag.py:4180} INFO - Setting next_dagrun for example_subdag_operator.section-2 to None, run_after=None
[2026-07-25T09:15:39.844+0000] {logging_mixin.py:190} INFO - [2026-07-25T09:15:39.843+0000] {dag.py:3239} INFO - Sync 2 DAGs
[2026-07-25T09:15:39.847+0000] {logging_mixin.py:190} INFO - [2026-07-25T09:15:39.847+0000] {dag.py:4180} INFO - Setting next_dagrun for example_subdag_operator.section-1 to None, run_after=None
[2026-07-25T09:15:39.847+0000] {logging_mixin.py:190} INFO - [2026-07-25T09:15:39.847+0000] {dag.py:4180} INFO - Setting next_dagrun for example_subdag_operator.section-2 to None, run_after=None
[2026-07-25T09:15:39.856+0000] {processor.py:208} INFO - Processing /home/airflow/.local/lib/python3.12/site-packages/airflow/example_dags/example_subdag_operator.py took 0.083 seconds
[2026-07-25T09:16:11.570+0000] {processor.py:186} INFO - Started process (PID=163) to work on /home/airflow/.local/lib/python3.12/site-packages/airflow/example_dags/example_subdag_operator.py
[2026-07-25T09:16:11.571+0000] {processor.py:914} INFO - Processing file /home/airflow/.local/lib/python3.12/site-packages/airflow/example_dags/example_subdag_operator.py for tasks to queue
[2026-07-25T09:16:11.573+0000] {logging_mixin.py:190} INFO - [2026-07-25T09:16:11.573+0000] {dagbag.py:588} INFO - Filling up the DagBag from /home/airflow/.local/lib/python3.12/site-packages/airflow/example_dags/example_subdag_operator.py
[2026-07-25T09:16:11.590+0000] {processor.py:925} INFO - DAG(s) 'example_subdag_operator.section-1', 'example_subdag_operator.section-2', 'example_subdag_operator' retrieved from /home/airflow/.local/lib/python3.12/site-packages/airflow/example_dags/example_subdag_operator.py
[2026-07-25T09:16:11.598+0000] {logging_mixin.py:190} INFO - [2026-07-25T09:16:11.598+0000] {dag.py:3239} INFO - Sync 3 DAGs
[2026-07-25T09:16:11.610+0000] {logging_mixin.py:190} INFO - [2026-07-25T09:16:11.610+0000] {dag.py:4180} INFO - Setting next_dagrun for example_subdag_operator to 2022-01-01 00:00:00+00:00, run_after=2022-01-01 00:00:00+00:00
[2026-07-25T09:16:11.613+0000] {logging_mixin.py:190} INFO - [2026-07-25T09:16:11.613+0000] {dag.py:4180} INFO - Setting next_dagrun for example_subdag_operator.section-1 to None, run_after=None
[2026-07-25T09:16:11.614+0000] {logging_mixin.py:190} INFO - [2026-07-25T09:16:11.614+0000] {dag.py:4180} INFO - Setting next_dagrun for example_subdag_operator.section-2 to None, run_after=None
[2026-07-25T09:16:11.618+0000] {logging_mixin.py:190} INFO - [2026-07-25T09:16:11.618+0000] {dag.py:3239} INFO - Sync 2 DAGs
[2026-07-25T09:16:11.622+0000] {logging_mixin.py:190} INFO - [2026-07-25T09:16:11.621+0000] {dag.py:4180} INFO - Setting next_dagrun for example_subdag_operator.section-1 to None, run_after=None
[2026-07-25T09:16:11.622+0000] {logging_mixin.py:190} INFO - [2026-07-25T09:16:11.622+0000] {dag.py:4180} INFO - Setting next_dagrun for example_subdag_operator.section-2 to None, run_after=None
[2026-07-25T09:16:11.629+0000] {processor.py:208} INFO - Processing /home/airflow/.local/lib/python3.12/site-packages/airflow/example_dags/example_subdag_operator.py took 0.062 seconds
[2026-07-25T09:16:42.286+0000] {processor.py:186} INFO - Started process (PID=225) to work on /home/airflow/.local/lib/python3.12/site-packages/airflow/example_dags/example_subdag_operator.py
[2026-07-25T09:16:42.287+0000] {processor.py:914} INFO - Processing file /home/airflow/.local/lib/python3.12/site-packages/airflow/example_dags/example_subdag_operator.py for tasks to queue
[2026-07-25T09:16:42.289+0000] {logging_mixin.py:190} INFO - [2026-07-25T09:16:42.289+0000] {dagbag.py:588} INFO - Filling up the DagBag from /home/airflow/.local/lib/python3.12/site-packages/airflow/example_dags/example_subdag_operator.py
[2026-07-25T09:16:42.305+0000] {processor.py:925} INFO - DAG(s) 'example_subdag_operator.section-1', 'example_subdag_operator.section-2', 'example_subdag_operator' retrieved from /home/airflow/.local/lib/python3.12/site-packages/airflow/example_dags/example_subdag_operator.py
[2026-07-25T09:16:42.313+0000] {logging_mixin.py:190} INFO - [2026-07-25T09:16:42.313+0000] {dag.py:3239} INFO - Sync 3 DAGs
[2026-07-25T09:16:42.325+0000] {logging_mixin.py:190} INFO - [2026-07-25T09:16:42.325+0000] {dag.py:4180} INFO - Setting next_dagrun for example_subdag_operator to 2022-01-01 00:00:00+00:00, run_after=2022-01-01 00:00:00+00:00
[2026-07-25T09:16:42.328+0000] {logging_mixin.py:190} INFO - [2026-07-25T09:16:42.328+0000] {dag.py:4180} INFO - Setting next_dagrun for example_subdag_operator.section-1 to None, run_after=None
[2026-07-25T09:16:42.329+0000] {logging_mixin.py:190} INFO - [2026-07-25T09:16:42.329+0000] {dag.py:4180} INFO - Setting next_dagrun for example_subdag_operator.section-2 to None, run_after=None
[2026-07-25T09:16:42.333+0000] {logging_mixin.py:190} INFO - [2026-07-25T09:16:42.332+0000] {dag.py:3239} INFO - Sync 2 DAGs
[2026-07-25T09:16:42.336+0000] {logging_mixin.py:190} INFO - [2026-07-25T09:16:42.336+0000] {dag.py:4180} INFO - Setting next_dagrun for example_subdag_operator.section-1 to None, run_after=None
[2026-07-25T09:16:42.336+0000] {logging_mixin.py:190} INFO - [2026-07-25T09:16:42.336+0000] {dag.py:4180} INFO - Setting next_dagrun for example_subdag_operator.section-2 to None, run_after=None
[2026-07-25T09:16:42.343+0000] {processor.py:208} INFO - Processing /home/airflow/.local/lib/python3.12/site-packages/airflow/example_dags/example_subdag_operator.py took 0.060 seconds
[2026-07-25T09:17:12.677+0000] {processor.py:186} INFO - Started process (PID=287) to work on /home/airflow/.local/lib/python3.12/site-packages/airflow/example_dags/example_subdag_operator.py
[2026-07-25T09:17:12.678+0000] {processor.py:914} INFO - Processing file /home/airflow/.local/lib/python3.12/site-packages/airflow/example_dags/example_subdag_operator.py for tasks to queue
[2026-07-25T09:17:12.680+0000] {logging_mixin.py:190} INFO - [2026-07-25T09:17:12.680+0000] {dagbag.py:588} INFO - Filling up the DagBag from /home/airflow/.local/lib/python3.12/site-packages/airflow/example_dags/example_subdag_operator.py
[2026-07-25T09:17:12.697+0000] {processor.py:925} INFO - DAG(s) 'example_subdag_operator.section-1', 'example_subdag_operator.section-2', 'example_subdag_operator' retrieved from /home/airflow/.local/lib/python3.12/site-packages/airflow/example_dags/example_subdag_operator.py
[2026-07-25T09:17:12.707+0000] {logging_mixin.py:190} INFO - [2026-07-25T09:17:12.707+0000] {dag.py:3239} INFO - Sync 3 DAGs
[2026-07-25T09:17:12.721+0000] {logging_mixin.py:190} INFO - [2026-07-25T09:17:12.721+0000] {dag.py:4180} INFO - Setting next_dagrun for example_subdag_operator to 2022-01-01 00:00:00+00:00, run_after=2022-01-01 00:00:00+00:00
[2026-07-25T09:17:12.723+0000] {logging_mixin.py:190} INFO - [2026-07-25T09:17:12.723+0000] {dag.py:4180} INFO - Setting next_dagrun for example_subdag_operator.section-1 to None, run_after=None
[2026-07-25T09:17:12.724+0000] {logging_mixin.py:190} INFO - [2026-07-25T09:17:12.724+0000] {dag.py:4180} INFO - Setting next_dagrun for example_subdag_operator.section-2 to None, run_after=None
[2026-07-25T09:17:12.728+0000] {logging_mixin.py:190} INFO - [2026-07-25T09:17:12.728+0000] {dag.py:3239} INFO - Sync 2 DAGs
[2026-07-25T09:17:12.732+0000] {logging_mixin.py:190} INFO - [2026-07-25T09:17:12.731+0000] {dag.py:4180} INFO - Setting next_dagrun for example_subdag_operator.section-1 to None, run_after=None
[2026-07-25T09:17:12.732+0000] {logging_mixin.py:190} INFO - [2026-07-25T09:17:12.732+0000] {dag.py:4180} INFO - Setting next_dagrun for example_subdag_operator.section-2 to None, run_after=None
[2026-07-25T09:17:12.740+0000] {processor.py:208} INFO - Processing /home/airflow/.local/lib/python3.12/site-packages/airflow/example_dags/example_subdag_operator.py took 0.066 seconds
[2026-07-25T09:17:43.073+0000] {processor.py:186} INFO - Started process (PID=350) to work on /home/airflow/.local/lib/python3.12/site-packages/airflow/example_dags/example_subdag_operator.py
[2026-07-25T09:17:43.074+0000] {processor.py:914} INFO - Processing file /home/airflow/.local/lib/python3.12/site-packages/airflow/example_dags/example_subdag_operator.py for tasks to queue
[2026-07-25T09:17:43.075+0000] {logging_mixin.py:190} INFO - [2026-07-25T09:17:43.075+0000] {dagbag.py:588} INFO - Filling up the DagBag from /home/airflow/.local/lib/python3.12/site-packages/airflow/example_dags/example_subdag_operator.py
[2026-07-25T09:17:43.092+0000] {processor.py:925} INFO - DAG(s) 'example_subdag_operator.section-1', 'example_subdag_operator.section-2', 'example_subdag_operator' retrieved from /home/airflow/.local/lib/python3.12/site-packages/airflow/example_dags/example_subdag_operator.py
[2026-07-25T09:17:43.100+0000] {logging_mixin.py:190} INFO - [2026-07-25T09:17:43.100+0000] {dag.py:3239} INFO - Sync 3 DAGs
[2026-07-25T09:17:43.113+0000] {logging_mixin.py:190} INFO - [2026-07-25T09:17:43.113+0000] {dag.py:4180} INFO - Setting next_dagrun for example_subdag_operator to 2022-01-01 00:00:00+00:00, run_after=2022-01-01 00:00:00+00:00
[2026-07-25T09:17:43.115+0000] {logging_mixin.py:190} INFO - [2026-07-25T09:17:43.115+0000] {dag.py:4180} INFO - Setting next_dagrun for example_subdag_operator.section-1 to None, run_after=None
[2026-07-25T09:17:43.116+0000] {logging_mixin.py:190} INFO - [2026-07-25T09:17:43.116+0000] {dag.py:4180} INFO - Setting next_dagrun for example_subdag_operator.section-2 to None, run_after=None
[2026-07-25T09:17:43.120+0000] {logging_mixin.py:190} INFO - [2026-07-25T09:17:43.120+0000] {dag.py:3239} INFO - Sync 2 DAGs
[2026-07-25T09:17:43.123+0000] {logging_mixin.py:190} INFO - [2026-07-25T09:17:43.123+0000] {dag.py:4180} INFO - Setting next_dagrun for example_subdag_operator.section-1 to None, run_after=None
[2026-07-25T09:17:43.124+0000] {logging_mixin.py:190} INFO - [2026-07-25T09:17:43.124+0000] {dag.py:4180} INFO - Setting next_dagrun for example_subdag_operator.section-2 to None, run_after=None
[2026-07-25T09:17:43.131+0000] {processor.py:208} INFO - Processing /home/airflow/.local/lib/python3.12/site-packages/airflow/example_dags/example_subdag_operator.py took 0.062 seconds
[2026-07-25T09:18:13.504+0000] {processor.py:186} INFO - Started process (PID=413) to work on /home/airflow/.local/lib/python3.12/site-packages/airflow/example_dags/example_subdag_operator.py
[2026-07-25T09:18:13.505+0000] {processor.py:914} INFO - Processing file /home/airflow/.local/lib/python3.12/site-packages/airflow/example_dags/example_subdag_operator.py for tasks to queue
[2026-07-25T09:18:13.507+0000] {logging_mixin.py:190} INFO - [2026-07-25T09:18:13.506+0000] {dagbag.py:588} INFO - Filling up the DagBag from /home/airflow/.local/lib/python3.12/site-packages/airflow/example_dags/example_subdag_operator.py
[2026-07-25T09:18:13.524+0000] {processor.py:925} INFO - DAG(s) 'example_subdag_operator.section-1', 'example_subdag_operator.section-2', 'example_subdag_operator' retrieved from /home/airflow/.local/lib/python3.12/site-packages/airflow/example_dags/example_subdag_operator.py
[2026-07-25T09:18:13.532+0000] {logging_mixin.py:190} INFO - [2026-07-25T09:18:13.532+0000] {dag.py:3239} INFO - Sync 3 DAGs
[2026-07-25T09:18:13.545+0000] {logging_mixin.py:190} INFO - [2026-07-25T09:18:13.545+0000] {dag.py:4180} INFO - Setting next_dagrun for example_subdag_operator to 2022-01-01 00:00:00+00:00, run_after=2022-01-01 00:00:00+00:00
[2026-07-25T09:18:13.547+0000] {logging_mixin.py:190} INFO - [2026-07-25T09:18:13.547+0000] {dag.py:4180} INFO - Setting next_dagrun for example_subdag_operator.section-1 to None, run_after=None
[2026-07-25T09:18:13.548+0000] {logging_mixin.py:190} INFO - [2026-07-25T09:18:13.548+0000] {dag.py:4180} INFO - Setting next_dagrun for example_subdag_operator.section-2 to None, run_after=None
[2026-07-25T09:18:13.552+0000] {logging_mixin.py:190} INFO - [2026-07-25T09:18:13.552+0000] {dag.py:3239} INFO - Sync 2 DAGs
[2026-07-25T09:18:13.556+0000] {logging_mixin.py:190} INFO - [2026-07-25T09:18:13.556+0000] {dag.py:4180} INFO - Setting next_dagrun for example_subdag_operator.section-1 to None, run_after=None
[2026-07-25T09:18:13.556+0000] {logging_mixin.py:190} INFO - [2026-07-25T09:18:13.556+0000] {dag.py:4180} INFO - Setting next_dagrun for example_subdag_operator.section-2 to None, run_after=None
[2026-07-25T09:18:13.564+0000] {processor.py:208} INFO - Processing /home/airflow/.local/lib/python3.12/site-packages/airflow/example_dags/example_subdag_operator.py took 0.063 seconds
[2026-07-25T09:18:43.850+0000] {processor.py:186} INFO - Started process (PID=476) to work on /home/airflow/.local/lib/python3.12/site-packages/airflow/example_dags/example_subdag_operator.py
[2026-07-25T09:18:43.851+0000] {processor.py:914} INFO - Processing file /home/airflow/.local/lib/python3.12/site-packages/airflow/example_dags/example_subdag_operator.py for tasks to queue
[2026-07-25T09:18:43.854+0000] {logging_mixin.py:190} INFO - [2026-07-25T09:18:43.854+0000] {dagbag.py:588} INFO - Filling up the DagBag from /home/airflow/.local/lib/python3.12/site-packages/airflow/example_dags/example_subdag_operator.py
[2026-07-25T09:18:43.877+0000] {processor.py:925} INFO - DAG(s) 'example_subdag_operator.section-1', 'example_subdag_operator.section-2', 'example_subdag_operator' retrieved from /home/airflow/.local/lib/python3.12/site-packages/airflow/example_dags/example_subdag_operator.py
[2026-07-25T09:18:43.888+0000] {logging_mixin.py:190} INFO - [2026-07-25T09:18:43.888+0000] {dag.py:3239} INFO - Sync 3 DAGs
[2026-07-25T09:18:43.906+0000] {logging_mixin.py:190} INFO - [2026-07-25T09:18:43.906+0000] {dag.py:4180} INFO - Setting next_dagrun for example_subdag_operator to 2022-01-01 00:00:00+00:00, run_after=2022-01-01 00:00:00+00:00
[2026-07-25T09:18:43.909+0000] {logging_mixin.py:190} INFO - [2026-07-25T09:18:43.908+0000] {dag.py:4180} INFO - Setting next_dagrun for example_subdag_operator.section-1 to None, run_after=None
[2026-07-25T09:18:43.910+0000] {logging_mixin.py:190} INFO - [2026-07-25T09:18:43.910+0000] {dag.py:4180} INFO - Setting next_dagrun for example_subdag_operator.section-2 to None, run_after=None
[2026-07-25T09:18:43.915+0000] {logging_mixin.py:190} INFO - [2026-07-25T09:18:43.915+0000] {dag.py:3239} INFO - Sync 2 DAGs
[2026-07-25T09:18:43.920+0000] {logging_mixin.py:190} INFO - [2026-07-25T09:18:43.920+0000] {dag.py:4180} INFO - Setting next_dagrun for example_subdag_operator.section-1 to None, run_after=None
[2026-07-25T09:18:43.920+0000] {logging_mixin.py:190} INFO - [2026-07-25T09:18:43.920+0000] {dag.py:4180} INFO - Setting next_dagrun for example_subdag_operator.section-2 to None, run_after=None
[2026-07-25T09:18:43.928+0000] {processor.py:208} INFO - Processing /home/airflow/.local/lib/python3.12/site-packages/airflow/example_dags/example_subdag_operator.py took 0.084 seconds
[2026-07-25T09:19:14.751+0000] {processor.py:186} INFO - Started process (PID=539) to work on /home/airflow/.local/lib/python3.12/site-packages/airflow/example_dags/example_subdag_operator.py
[2026-07-25T09:19:14.752+0000] {processor.py:914} INFO - Processing file /home/airflow/.local/lib/python3.12/site-packages/airflow/example_dags/example_subdag_operator.py for tasks to queue
[2026-07-25T09:19:14.754+0000] {logging_mixin.py:190} INFO - [2026-07-25T09:19:14.754+0000] {dagbag.py:588} INFO - Filling up the DagBag from /home/airflow/.local/lib/python3.12/site-packages/airflow/example_dags/example_subdag_operator.py
[2026-07-25T09:19:14.770+0000] {processor.py:925} INFO - DAG(s) 'example_subdag_operator.section-1', 'example_subdag_operator.section-2', 'example_subdag_operator' retrieved from /home/airflow/.local/lib/python3.12/site-packages/airflow/example_dags/example_subdag_operator.py
[2026-07-25T09:19:14.779+0000] {logging_mixin.py:190} INFO - [2026-07-25T09:19:14.779+0000] {dag.py:3239} INFO - Sync 3 DAGs
[2026-07-25T09:19:14.791+0000] {logging_mixin.py:190} INFO - [2026-07-25T09:19:14.791+0000] {dag.py:4180} INFO - Setting next_dagrun for example_subdag_operator to 2022-01-01 00:00:00+00:00, run_after=2022-01-01 00:00:00+00:00
[2026-07-25T09:19:14.793+0000] {logging_mixin.py:190} INFO - [2026-07-25T09:19:14.793+0000] {dag.py:4180} INFO - Setting next_dagrun for example_subdag_operator.section-1 to None, run_after=None
[2026-07-25T09:19:14.794+0000] {logging_mixin.py:190} INFO - [2026-07-25T09:19:14.794+0000] {dag.py:4180} INFO - Setting next_dagrun for example_subdag_operator.section-2 to None, run_after=None
[2026-07-25T09:19:14.799+0000] {logging_mixin.py:190} INFO - [2026-07-25T09:19:14.798+0000] {dag.py:3239} INFO - Sync 2 DAGs
[2026-07-25T09:19:14.802+0000] {logging_mixin.py:190} INFO - [2026-07-25T09:19:14.801+0000] {dag.py:4180} INFO - Setting next_dagrun for example_subdag_operator.section-1 to None, run_after=None
[2026-07-25T09:19:14.802+0000] {logging_mixin.py:190} INFO - [2026-07-25T09:19:14.802+0000] {dag.py:4180} INFO - Setting next_dagrun for example_subdag_operator.section-2 to None, run_after=None
[2026-07-25T09:19:14.812+0000] {processor.py:208} INFO - Processing /home/airflow/.local/lib/python3.12/site-packages/airflow/example_dags/example_subdag_operator.py took 0.064 seconds
[2026-07-25T09:20:51.879+0000] {processor.py:186} INFO - Started process (PID=101) to work on /home/airflow/.local/lib/python3.12/site-packages/airflow/example_dags/example_subdag_operator.py
[2026-07-25T09:20:51.880+0000] {processor.py:914} INFO - Processing file /home/airflow/.local/lib/python3.12/site-packages/airflow/example_dags/example_subdag_operator.py for tasks to queue
[2026-07-25T09:20:51.882+0000] {logging_mixin.py:190} INFO - [2026-07-25T09:20:51.882+0000] {dagbag.py:588} INFO - Filling up the DagBag from /home/airflow/.local/lib/python3.12/site-packages/airflow/example_dags/example_subdag_operator.py
[2026-07-25T09:20:51.905+0000] {processor.py:925} INFO - DAG(s) 'example_subdag_operator.section-1', 'example_subdag_operator.section-2', 'example_subdag_operator' retrieved from /home/airflow/.local/lib/python3.12/site-packages/airflow/example_dags/example_subdag_operator.py
[2026-07-25T09:20:51.923+0000] {logging_mixin.py:190} INFO - [2026-07-25T09:20:51.923+0000] {dag.py:3239} INFO - Sync 3 DAGs
[2026-07-25T09:20:51.939+0000] {logging_mixin.py:190} INFO - [2026-07-25T09:20:51.939+0000] {dag.py:4180} INFO - Setting next_dagrun for example_subdag_operator to 2022-01-01 00:00:00+00:00, run_after=2022-01-01 00:00:00+00:00
[2026-07-25T09:20:51.942+0000] {logging_mixin.py:190} INFO - [2026-07-25T09:20:51.942+0000] {dag.py:4180} INFO - Setting next_dagrun for example_subdag_operator.section-1 to None, run_after=None
[2026-07-25T09:20:51.943+0000] {logging_mixin.py:190} INFO - [2026-07-25T09:20:51.943+0000] {dag.py:4180} INFO - Setting next_dagrun for example_subdag_operator.section-2 to None, run_after=None
[2026-07-25T09:20:51.949+0000] {logging_mixin.py:190} INFO - [2026-07-25T09:20:51.949+0000] {dag.py:3239} INFO - Sync 2 DAGs
[2026-07-25T09:20:51.953+0000] {logging_mixin.py:190} INFO - [2026-07-25T09:20:51.953+0000] {dag.py:4180} INFO - Setting next_dagrun for example_subdag_operator.section-1 to None, run_after=None
[2026-07-25T09:20:51.953+0000] {logging_mixin.py:190} INFO - [2026-07-25T09:20:51.953+0000] {dag.py:4180} INFO - Setting next_dagrun for example_subdag_operator.section-2 to None, run_after=None
[2026-07-25T09:20:51.962+0000] {processor.py:208} INFO - Processing /home/airflow/.local/lib/python3.12/site-packages/airflow/example_dags/example_subdag_operator.py took 0.086 seconds
[2026-07-25T09:21:24.332+0000] {processor.py:186} INFO - Started process (PID=163) to work on /home/airflow/.local/lib/python3.12/site-packages/airflow/example_dags/example_subdag_operator.py
[2026-07-25T09:21:24.333+0000] {processor.py:914} INFO - Processing file /home/airflow/.local/lib/python3.12/site-packages/airflow/example_dags/example_subdag_operator.py for tasks to queue
[2026-07-25T09:21:24.335+0000] {logging_mixin.py:190} INFO - [2026-07-25T09:21:24.335+0000] {dagbag.py:588} INFO - Filling up the DagBag from /home/airflow/.local/lib/python3.12/site-packages/airflow/example_dags/example_subdag_operator.py
[2026-07-25T09:21:24.354+0000] {processor.py:925} INFO - DAG(s) 'example_subdag_operator.section-1', 'example_subdag_operator.section-2', 'example_subdag_operator' retrieved from /home/airflow/.local/lib/python3.12/site-packages/airflow/example_dags/example_subdag_operator.py
[2026-07-25T09:21:24.363+0000] {logging_mixin.py:190} INFO - [2026-07-25T09:21:24.363+0000] {dag.py:3239} INFO - Sync 3 DAGs
[2026-07-25T09:21:24.378+0000] {logging_mixin.py:190} INFO - [2026-07-25T09:21:24.378+0000] {dag.py:4180} INFO - Setting next_dagrun for example_subdag_operator to 2022-01-01 00:00:00+00:00, run_after=2022-01-01 00:00:00+00:00
[2026-07-25T09:21:24.381+0000] {logging_mixin.py:190} INFO - [2026-07-25T09:21:24.380+0000] {dag.py:4180} INFO - Setting next_dagrun for example_subdag_operator.section-1 to None, run_after=None
[2026-07-25T09:21:24.382+0000] {logging_mixin.py:190} INFO - [2026-07-25T09:21:24.382+0000] {dag.py:4180} INFO - Setting next_dagrun for example_subdag_operator.section-2 to None, run_after=None
[2026-07-25T09:21:24.387+0000] {logging_mixin.py:190} INFO - [2026-07-25T09:21:24.386+0000] {dag.py:3239} INFO - Sync 2 DAGs
[2026-07-25T09:21:24.390+0000] {logging_mixin.py:190} INFO - [2026-07-25T09:21:24.390+0000] {dag.py:4180} INFO - Setting next_dagrun for example_subdag_operator.section-1 to None, run_after=None
[2026-07-25T09:21:24.391+0000] {logging_mixin.py:190} INFO - [2026-07-25T09:21:24.391+0000] {dag.py:4180} INFO - Setting next_dagrun for example_subdag_operator.section-2 to None, run_after=None
[2026-07-25T09:21:24.401+0000] {processor.py:208} INFO - Processing /home/airflow/.local/lib/python3.12/site-packages/airflow/example_dags/example_subdag_operator.py took 0.072 seconds
[2026-07-25T09:21:54.780+0000] {processor.py:186} INFO - Started process (PID=225) to work on /home/airflow/.local/lib/python3.12/site-packages/airflow/example_dags/example_subdag_operator.py
[2026-07-25T09:21:54.780+0000] {processor.py:914} INFO - Processing file /home/airflow/.local/lib/python3.12/site-packages/airflow/example_dags/example_subdag_operator.py for tasks to queue
[2026-07-25T09:21:54.782+0000] {logging_mixin.py:190} INFO - [2026-07-25T09:21:54.782+0000] {dagbag.py:588} INFO - Filling up the DagBag from /home/airflow/.local/lib/python3.12/site-packages/airflow/example_dags/example_subdag_operator.py
[2026-07-25T09:21:54.799+0000] {processor.py:925} INFO - DAG(s) 'example_subdag_operator.section-1', 'example_subdag_operator.section-2', 'example_subdag_operator' retrieved from /home/airflow/.local/lib/python3.12/site-packages/airflow/example_dags/example_subdag_operator.py
[2026-07-25T09:21:54.807+0000] {logging_mixin.py:190} INFO - [2026-07-25T09:21:54.807+0000] {dag.py:3239} INFO - Sync 3 DAGs
[2026-07-25T09:21:54.822+0000] {logging_mixin.py:190} INFO - [2026-07-25T09:21:54.822+0000] {dag.py:4180} INFO - Setting next_dagrun for example_subdag_operator to 2022-01-01 00:00:00+00:00, run_after=2022-01-01 00:00:00+00:00
[2026-07-25T09:21:54.824+0000] {logging_mixin.py:190} INFO - [2026-07-25T09:21:54.824+0000] {dag.py:4180} INFO - Setting next_dagrun for example_subdag_operator.section-1 to None, run_after=None
[2026-07-25T09:21:54.825+0000] {logging_mixin.py:190} INFO - [2026-07-25T09:21:54.825+0000] {dag.py:4180} INFO - Setting next_dagrun for example_subdag_operator.section-2 to None, run_after=None
[2026-07-25T09:21:54.829+0000] {logging_mixin.py:190} INFO - [2026-07-25T09:21:54.829+0000] {dag.py:3239} INFO - Sync 2 DAGs
[2026-07-25T09:21:54.832+0000] {logging_mixin.py:190} INFO - [2026-07-25T09:21:54.832+0000] {dag.py:4180} INFO - Setting next_dagrun for example_subdag_operator.section-1 to None, run_after=None
[2026-07-25T09:21:54.833+0000] {logging_mixin.py:190} INFO - [2026-07-25T09:21:54.832+0000] {dag.py:4180} INFO - Setting next_dagrun for example_subdag_operator.section-2 to None, run_after=None
[2026-07-25T09:21:54.839+0000] {processor.py:208} INFO - Processing /home/airflow/.local/lib/python3.12/site-packages/airflow/example_dags/example_subdag_operator.py took 0.063 seconds
[2026-07-25T09:22:24.976+0000] {processor.py:186} INFO - Started process (PID=287) to work on /home/airflow/.local/lib/python3.12/site-packages/airflow/example_dags/example_subdag_operator.py
[2026-07-25T09:22:24.977+0000] {processor.py:914} INFO - Processing file /home/airflow/.local/lib/python3.12/site-packages/airflow/example_dags/example_subdag_operator.py for tasks to queue
[2026-07-25T09:22:24.979+0000] {logging_mixin.py:190} INFO - [2026-07-25T09:22:24.978+0000] {dagbag.py:588} INFO - Filling up the DagBag from /home/airflow/.local/lib/python3.12/site-packages/airflow/example_dags/example_subdag_operator.py
[2026-07-25T09:22:24.996+0000] {processor.py:925} INFO - DAG(s) 'example_subdag_operator.section-1', 'example_subdag_operator.section-2', 'example_subdag_operator' retrieved from /home/airflow/.local/lib/python3.12/site-packages/airflow/example_dags/example_subdag_operator.py
[2026-07-25T09:22:25.006+0000] {logging_mixin.py:190} INFO - [2026-07-25T09:22:25.006+0000] {dag.py:3239} INFO - Sync 3 DAGs
[2026-07-25T09:22:25.020+0000] {logging_mixin.py:190} INFO - [2026-07-25T09:22:25.020+0000] {dag.py:4180} INFO - Setting next_dagrun for example_subdag_operator to 2022-01-01 00:00:00+00:00, run_after=2022-01-01 00:00:00+00:00
[2026-07-25T09:22:25.022+0000] {logging_mixin.py:190} INFO - [2026-07-25T09:22:25.022+0000] {dag.py:4180} INFO - Setting next_dagrun for example_subdag_operator.section-1 to None, run_after=None
[2026-07-25T09:22:25.023+0000] {logging_mixin.py:190} INFO - [2026-07-25T09:22:25.023+0000] {dag.py:4180} INFO - Setting next_dagrun for example_subdag_operator.section-2 to None, run_after=None
[2026-07-25T09:22:25.028+0000] {logging_mixin.py:190} INFO - [2026-07-25T09:22:25.028+0000] {dag.py:3239} INFO - Sync 2 DAGs
[2026-07-25T09:22:25.032+0000] {logging_mixin.py:190} INFO - [2026-07-25T09:22:25.031+0000] {dag.py:4180} INFO - Setting next_dagrun for example_subdag_operator.section-1 to None, run_after=None
[2026-07-25T09:22:25.032+0000] {logging_mixin.py:190} INFO - [2026-07-25T09:22:25.032+0000] {dag.py:4180} INFO - Setting next_dagrun for example_subdag_operator.section-2 to None, run_after=None
[2026-07-25T09:22:25.040+0000] {processor.py:208} INFO - Processing /home/airflow/.local/lib/python3.12/site-packages/airflow/example_dags/example_subdag_operator.py took 0.068 seconds
[2026-07-25T09:24:03.267+0000] {processor.py:186} INFO - Started process (PID=101) to work on /home/airflow/.local/lib/python3.12/site-packages/airflow/example_dags/example_subdag_operator.py
[2026-07-25T09:24:03.267+0000] {processor.py:914} INFO - Processing file /home/airflow/.local/lib/python3.12/site-packages/airflow/example_dags/example_subdag_operator.py for tasks to queue
[2026-07-25T09:24:03.269+0000] {logging_mixin.py:190} INFO - [2026-07-25T09:24:03.269+0000] {dagbag.py:588} INFO - Filling up the DagBag from /home/airflow/.local/lib/python3.12/site-packages/airflow/example_dags/example_subdag_operator.py
[2026-07-25T09:24:03.290+0000] {processor.py:925} INFO - DAG(s) 'example_subdag_operator.section-1', 'example_subdag_operator.section-2', 'example_subdag_operator' retrieved from /home/airflow/.local/lib/python3.12/site-packages/airflow/example_dags/example_subdag_operator.py
[2026-07-25T09:24:03.303+0000] {logging_mixin.py:190} INFO - [2026-07-25T09:24:03.303+0000] {dag.py:3239} INFO - Sync 3 DAGs
[2026-07-25T09:24:03.318+0000] {logging_mixin.py:190} INFO - [2026-07-25T09:24:03.318+0000] {dag.py:4180} INFO - Setting next_dagrun for example_subdag_operator to 2022-01-01 00:00:00+00:00, run_after=2022-01-01 00:00:00+00:00
[2026-07-25T09:24:03.320+0000] {logging_mixin.py:190} INFO - [2026-07-25T09:24:03.320+0000] {dag.py:4180} INFO - Setting next_dagrun for example_subdag_operator.section-1 to None, run_after=None
[2026-07-25T09:24:03.321+0000] {logging_mixin.py:190} INFO - [2026-07-25T09:24:03.321+0000] {dag.py:4180} INFO - Setting next_dagrun for example_subdag_operator.section-2 to None, run_after=None
[2026-07-25T09:24:03.325+0000] {logging_mixin.py:190} INFO - [2026-07-25T09:24:03.325+0000] {dag.py:3239} INFO - Sync 2 DAGs
[2026-07-25T09:24:03.328+0000] {logging_mixin.py:190} INFO - [2026-07-25T09:24:03.328+0000] {dag.py:4180} INFO - Setting next_dagrun for example_subdag_operator.section-1 to None, run_after=None
[2026-07-25T09:24:03.329+0000] {logging_mixin.py:190} INFO - [2026-07-25T09:24:03.329+0000] {dag.py:4180} INFO - Setting next_dagrun for example_subdag_operator.section-2 to None, run_after=None
[2026-07-25T09:24:03.354+0000] {processor.py:208} INFO - Processing /home/airflow/.local/lib/python3.12/site-packages/airflow/example_dags/example_subdag_operator.py took 0.091 seconds
[2026-07-25T09:24:35.597+0000] {processor.py:186} INFO - Started process (PID=163) to work on /home/airflow/.local/lib/python3.12/site-packages/airflow/example_dags/example_subdag_operator.py
[2026-07-25T09:24:35.598+0000] {processor.py:914} INFO - Processing file /home/airflow/.local/lib/python3.12/site-packages/airflow/example_dags/example_subdag_operator.py for tasks to queue
[2026-07-25T09:24:35.600+0000] {logging_mixin.py:190} INFO - [2026-07-25T09:24:35.599+0000] {dagbag.py:588} INFO - Filling up the DagBag from /home/airflow/.local/lib/python3.12/site-packages/airflow/example_dags/example_subdag_operator.py
[2026-07-25T09:24:35.617+0000] {processor.py:925} INFO - DAG(s) 'example_subdag_operator.section-1', 'example_subdag_operator.section-2', 'example_subdag_operator' retrieved from /home/airflow/.local/lib/python3.12/site-packages/airflow/example_dags/example_subdag_operator.py
[2026-07-25T09:24:35.626+0000] {logging_mixin.py:190} INFO - [2026-07-25T09:24:35.626+0000] {dag.py:3239} INFO - Sync 3 DAGs
[2026-07-25T09:24:35.640+0000] {logging_mixin.py:190} INFO - [2026-07-25T09:24:35.639+0000] {dag.py:4180} INFO - Setting next_dagrun for example_subdag_operator to 2022-01-01 00:00:00+00:00, run_after=2022-01-01 00:00:00+00:00
[2026-07-25T09:24:35.642+0000] {logging_mixin.py:190} INFO - [2026-07-25T09:24:35.642+0000] {dag.py:4180} INFO - Setting next_dagrun for example_subdag_operator.section-1 to None, run_after=None
[2026-07-25T09:24:35.643+0000] {logging_mixin.py:190} INFO - [2026-07-25T09:24:35.643+0000] {dag.py:4180} INFO - Setting next_dagrun for example_subdag_operator.section-2 to None, run_after=None
[2026-07-25T09:24:35.647+0000] {logging_mixin.py:190} INFO - [2026-07-25T09:24:35.647+0000] {dag.py:3239} INFO - Sync 2 DAGs
[2026-07-25T09:24:35.651+0000] {logging_mixin.py:190} INFO - [2026-07-25T09:24:35.651+0000] {dag.py:4180} INFO - Setting next_dagrun for example_subdag_operator.section-1 to None, run_after=None
[2026-07-25T09:24:35.652+0000] {logging_mixin.py:190} INFO - [2026-07-25T09:24:35.652+0000] {dag.py:4180} INFO - Setting next_dagrun for example_subdag_operator.section-2 to None, run_after=None
[2026-07-25T09:24:35.669+0000] {processor.py:208} INFO - Processing /home/airflow/.local/lib/python3.12/site-packages/airflow/example_dags/example_subdag_operator.py took 0.076 seconds
[2026-07-25T09:25:05.850+0000] {processor.py:186} INFO - Started process (PID=225) to work on /home/airflow/.local/lib/python3.12/site-packages/airflow/example_dags/example_subdag_operator.py
[2026-07-25T09:25:05.851+0000] {processor.py:914} INFO - Processing file /home/airflow/.local/lib/python3.12/site-packages/airflow/example_dags/example_subdag_operator.py for tasks to queue
[2026-07-25T09:25:05.853+0000] {logging_mixin.py:190} INFO - [2026-07-25T09:25:05.853+0000] {dagbag.py:588} INFO - Filling up the DagBag from /home/airflow/.local/lib/python3.12/site-packages/airflow/example_dags/example_subdag_operator.py
[2026-07-25T09:25:05.872+0000] {processor.py:925} INFO - DAG(s) 'example_subdag_operator.section-1', 'example_subdag_operator.section-2', 'example_subdag_operator' retrieved from /home/airflow/.local/lib/python3.12/site-packages/airflow/example_dags/example_subdag_operator.py
[2026-07-25T09:25:05.882+0000] {logging_mixin.py:190} INFO - [2026-07-25T09:25:05.881+0000] {dag.py:3239} INFO - Sync 3 DAGs
[2026-07-25T09:25:05.896+0000] {logging_mixin.py:190} INFO - [2026-07-25T09:25:05.895+0000] {dag.py:4180} INFO - Setting next_dagrun for example_subdag_operator to 2022-01-01 00:00:00+00:00, run_after=2022-01-01 00:00:00+00:00
[2026-07-25T09:25:05.898+0000] {logging_mixin.py:190} INFO - [2026-07-25T09:25:05.898+0000] {dag.py:4180} INFO - Setting next_dagrun for example_subdag_operator.section-1 to None, run_after=None
[2026-07-25T09:25:05.899+0000] {logging_mixin.py:190} INFO - [2026-07-25T09:25:05.899+0000] {dag.py:4180} INFO - Setting next_dagrun for example_subdag_operator.section-2 to None, run_after=None
[2026-07-25T09:25:05.904+0000] {logging_mixin.py:190} INFO - [2026-07-25T09:25:05.904+0000] {dag.py:3239} INFO - Sync 2 DAGs
[2026-07-25T09:25:05.907+0000] {logging_mixin.py:190} INFO - [2026-07-25T09:25:05.907+0000] {dag.py:4180} INFO - Setting next_dagrun for example_subdag_operator.section-1 to None, run_after=None
[2026-07-25T09:25:05.908+0000] {logging_mixin.py:190} INFO - [2026-07-25T09:25:05.908+0000] {dag.py:4180} INFO - Setting next_dagrun for example_subdag_operator.section-2 to None, run_after=None
[2026-07-25T09:25:05.915+0000] {processor.py:208} INFO - Processing /home/airflow/.local/lib/python3.12/site-packages/airflow/example_dags/example_subdag_operator.py took 0.069 seconds
[2026-07-25T09:25:36.593+0000] {processor.py:186} INFO - Started process (PID=287) to work on /home/airflow/.local/lib/python3.12/site-packages/airflow/example_dags/example_subdag_operator.py
[2026-07-25T09:25:36.594+0000] {processor.py:914} INFO - Processing file /home/airflow/.local/lib/python3.12/site-packages/airflow/example_dags/example_subdag_operator.py for tasks to queue
[2026-07-25T09:25:36.596+0000] {logging_mixin.py:190} INFO - [2026-07-25T09:25:36.596+0000] {dagbag.py:588} INFO - Filling up the DagBag from /home/airflow/.local/lib/python3.12/site-packages/airflow/example_dags/example_subdag_operator.py
[2026-07-25T09:25:36.615+0000] {processor.py:925} INFO - DAG(s) 'example_subdag_operator.section-1', 'example_subdag_operator.section-2', 'example_subdag_operator' retrieved from /home/airflow/.local/lib/python3.12/site-packages/airflow/example_dags/example_subdag_operator.py
[2026-07-25T09:25:36.625+0000] {logging_mixin.py:190} INFO - [2026-07-25T09:25:36.625+0000] {dag.py:3239} INFO - Sync 3 DAGs
[2026-07-25T09:25:36.639+0000] {logging_mixin.py:190} INFO - [2026-07-25T09:25:36.639+0000] {dag.py:4180} INFO - Setting next_dagrun for example_subdag_operator to 2022-01-01 00:00:00+00:00, run_after=2022-01-01 00:00:00+00:00
[2026-07-25T09:25:36.641+0000] {logging_mixin.py:190} INFO - [2026-07-25T09:25:36.641+0000] {dag.py:4180} INFO - Setting next_dagrun for example_subdag_operator.section-1 to None, run_after=None
[2026-07-25T09:25:36.643+0000] {logging_mixin.py:190} INFO - [2026-07-25T09:25:36.642+0000] {dag.py:4180} INFO - Setting next_dagrun for example_subdag_operator.section-2 to None, run_after=None
[2026-07-25T09:25:36.647+0000] {logging_mixin.py:190} INFO - [2026-07-25T09:25:36.646+0000] {dag.py:3239} INFO - Sync 2 DAGs
[2026-07-25T09:25:36.650+0000] {logging_mixin.py:190} INFO - [2026-07-25T09:25:36.650+0000] {dag.py:4180} INFO - Setting next_dagrun for example_subdag_operator.section-1 to None, run_after=None
[2026-07-25T09:25:36.651+0000] {logging_mixin.py:190} INFO - [2026-07-25T09:25:36.650+0000] {dag.py:4180} INFO - Setting next_dagrun for example_subdag_operator.section-2 to None, run_after=None
[2026-07-25T09:25:36.658+0000] {processor.py:208} INFO - Processing /home/airflow/.local/lib/python3.12/site-packages/airflow/example_dags/example_subdag_operator.py took 0.067 seconds
[2026-07-25T09:26:57.140+0000] {processor.py:186} INFO - Started process (PID=101) to work on /home/airflow/.local/lib/python3.12/site-packages/airflow/example_dags/example_subdag_operator.py
[2026-07-25T09:26:57.141+0000] {processor.py:914} INFO - Processing file /home/airflow/.local/lib/python3.12/site-packages/airflow/example_dags/example_subdag_operator.py for tasks to queue
[2026-07-25T09:26:57.143+0000] {logging_mixin.py:190} INFO - [2026-07-25T09:26:57.143+0000] {dagbag.py:588} INFO - Filling up the DagBag from /home/airflow/.local/lib/python3.12/site-packages/airflow/example_dags/example_subdag_operator.py
[2026-07-25T09:26:57.165+0000] {processor.py:925} INFO - DAG(s) 'example_subdag_operator.section-1', 'example_subdag_operator.section-2', 'example_subdag_operator' retrieved from /home/airflow/.local/lib/python3.12/site-packages/airflow/example_dags/example_subdag_operator.py
[2026-07-25T09:26:57.239+0000] {logging_mixin.py:190} INFO - [2026-07-25T09:26:57.238+0000] {override.py:1932} INFO - Created Permission View: can edit on DAG:example_subdag_operator
[2026-07-25T09:26:57.246+0000] {logging_mixin.py:190} INFO - [2026-07-25T09:26:57.246+0000] {override.py:1932} INFO - Created Permission View: can read on DAG:example_subdag_operator
[2026-07-25T09:26:57.253+0000] {logging_mixin.py:190} INFO - [2026-07-25T09:26:57.253+0000] {override.py:1932} INFO - Created Permission View: can delete on DAG:example_subdag_operator
[2026-07-25T09:26:57.262+0000] {logging_mixin.py:190} INFO - [2026-07-25T09:26:57.261+0000] {override.py:1932} INFO - Created Permission View: menu access on DAG Run:example_subdag_operator
[2026-07-25T09:26:57.268+0000] {logging_mixin.py:190} INFO - [2026-07-25T09:26:57.267+0000] {override.py:1932} INFO - Created Permission View: can read on DAG Run:example_subdag_operator
[2026-07-25T09:26:57.274+0000] {logging_mixin.py:190} INFO - [2026-07-25T09:26:57.274+0000] {override.py:1932} INFO - Created Permission View: can create on DAG Run:example_subdag_operator
[2026-07-25T09:26:57.280+0000] {logging_mixin.py:190} INFO - [2026-07-25T09:26:57.280+0000] {override.py:1932} INFO - Created Permission View: can delete on DAG Run:example_subdag_operator
[2026-07-25T09:26:57.280+0000] {logging_mixin.py:190} INFO - [2026-07-25T09:26:57.280+0000] {dag.py:3239} INFO - Sync 3 DAGs
[2026-07-25T09:26:57.291+0000] {logging_mixin.py:190} INFO - [2026-07-25T09:26:57.291+0000] {dag.py:3262} INFO - Creating ORM DAG for example_subdag_operator.section-1
[2026-07-25T09:26:57.292+0000] {logging_mixin.py:190} INFO - [2026-07-25T09:26:57.292+0000] {dag.py:3262} INFO - Creating ORM DAG for example_subdag_operator.section-2
[2026-07-25T09:26:57.293+0000] {logging_mixin.py:190} INFO - [2026-07-25T09:26:57.293+0000] {dag.py:3262} INFO - Creating ORM DAG for example_subdag_operator
[2026-07-25T09:26:57.299+0000] {logging_mixin.py:190} INFO - [2026-07-25T09:26:57.299+0000] {dag.py:4180} INFO - Setting next_dagrun for example_subdag_operator to 2022-01-01 00:00:00+00:00, run_after=2022-01-01 00:00:00+00:00
[2026-07-25T09:26:57.300+0000] {logging_mixin.py:190} INFO - [2026-07-25T09:26:57.300+0000] {dag.py:4180} INFO - Setting next_dagrun for example_subdag_operator.section-1 to None, run_after=None
[2026-07-25T09:26:57.300+0000] {logging_mixin.py:190} INFO - [2026-07-25T09:26:57.300+0000] {dag.py:4180} INFO - Setting next_dagrun for example_subdag_operator.section-2 to None, run_after=None
[2026-07-25T09:26:57.306+0000] {logging_mixin.py:190} INFO - [2026-07-25T09:26:57.306+0000] {dag.py:3239} INFO - Sync 2 DAGs
[2026-07-25T09:26:57.310+0000] {logging_mixin.py:190} INFO - [2026-07-25T09:26:57.310+0000] {dag.py:4180} INFO - Setting next_dagrun for example_subdag_operator.section-1 to None, run_after=None
[2026-07-25T09:26:57.312+0000] {logging_mixin.py:190} INFO - [2026-07-25T09:26:57.312+0000] {dag.py:4180} INFO - Setting next_dagrun for example_subdag_operator.section-2 to None, run_after=None
[2026-07-25T09:26:57.322+0000] {processor.py:208} INFO - Processing /home/airflow/.local/lib/python3.12/site-packages/airflow/example_dags/example_subdag_operator.py took 0.186 seconds
[2026-07-25T09:27:28.588+0000] {processor.py:186} INFO - Started process (PID=163) to work on /home/airflow/.local/lib/python3.12/site-packages/airflow/example_dags/example_subdag_operator.py
[2026-07-25T09:27:28.589+0000] {processor.py:914} INFO - Processing file /home/airflow/.local/lib/python3.12/site-packages/airflow/example_dags/example_subdag_operator.py for tasks to queue
[2026-07-25T09:27:28.590+0000] {logging_mixin.py:190} INFO - [2026-07-25T09:27:28.590+0000] {dagbag.py:588} INFO - Filling up the DagBag from /home/airflow/.local/lib/python3.12/site-packages/airflow/example_dags/example_subdag_operator.py
[2026-07-25T09:27:28.608+0000] {processor.py:925} INFO - DAG(s) 'example_subdag_operator.section-1', 'example_subdag_operator.section-2', 'example_subdag_operator' retrieved from /home/airflow/.local/lib/python3.12/site-packages/airflow/example_dags/example_subdag_operator.py
[2026-07-25T09:27:28.617+0000] {logging_mixin.py:190} INFO - [2026-07-25T09:27:28.617+0000] {dag.py:3239} INFO - Sync 3 DAGs
[2026-07-25T09:27:28.630+0000] {logging_mixin.py:190} INFO - [2026-07-25T09:27:28.630+0000] {dag.py:4180} INFO - Setting next_dagrun for example_subdag_operator to 2022-01-01 00:00:00+00:00, run_after=2022-01-01 00:00:00+00:00
[2026-07-25T09:27:28.632+0000] {logging_mixin.py:190} INFO - [2026-07-25T09:27:28.632+0000] {dag.py:4180} INFO - Setting next_dagrun for example_subdag_operator.section-1 to None, run_after=None
[2026-07-25T09:27:28.633+0000] {logging_mixin.py:190} INFO - [2026-07-25T09:27:28.633+0000] {dag.py:4180} INFO - Setting next_dagrun for example_subdag_operator.section-2 to None, run_after=None
[2026-07-25T09:27:28.638+0000] {logging_mixin.py:190} INFO - [2026-07-25T09:27:28.637+0000] {dag.py:3239} INFO - Sync 2 DAGs
[2026-07-25T09:27:28.641+0000] {logging_mixin.py:190} INFO - [2026-07-25T09:27:28.641+0000] {dag.py:4180} INFO - Setting next_dagrun for example_subdag_operator.section-1 to None, run_after=None
[2026-07-25T09:27:28.642+0000] {logging_mixin.py:190} INFO - [2026-07-25T09:27:28.642+0000] {dag.py:4180} INFO - Setting next_dagrun for example_subdag_operator.section-2 to None, run_after=None
[2026-07-25T09:27:28.662+0000] {processor.py:208} INFO - Processing /home/airflow/.local/lib/python3.12/site-packages/airflow/example_dags/example_subdag_operator.py took 0.078 seconds
[2026-07-25T09:27:58.746+0000] {processor.py:186} INFO - Started process (PID=225) to work on /home/airflow/.local/lib/python3.12/site-packages/airflow/example_dags/example_subdag_operator.py
[2026-07-25T09:27:58.747+0000] {processor.py:914} INFO - Processing file /home/airflow/.local/lib/python3.12/site-packages/airflow/example_dags/example_subdag_operator.py for tasks to queue
[2026-07-25T09:27:58.749+0000] {logging_mixin.py:190} INFO - [2026-07-25T09:27:58.749+0000] {dagbag.py:588} INFO - Filling up the DagBag from /home/airflow/.local/lib/python3.12/site-packages/airflow/example_dags/example_subdag_operator.py
[2026-07-25T09:27:58.767+0000] {processor.py:925} INFO - DAG(s) 'example_subdag_operator.section-1', 'example_subdag_operator.section-2', 'example_subdag_operator' retrieved from /home/airflow/.local/lib/python3.12/site-packages/airflow/example_dags/example_subdag_operator.py
[2026-07-25T09:27:58.776+0000] {logging_mixin.py:190} INFO - [2026-07-25T09:27:58.776+0000] {dag.py:3239} INFO - Sync 3 DAGs
[2026-07-25T09:27:58.791+0000] {logging_mixin.py:190} INFO - [2026-07-25T09:27:58.791+0000] {dag.py:4180} INFO - Setting next_dagrun for example_subdag_operator to 2022-01-01 00:00:00+00:00, run_after=2022-01-01 00:00:00+00:00
[2026-07-25T09:27:58.793+0000] {logging_mixin.py:190} INFO - [2026-07-25T09:27:58.793+0000] {dag.py:4180} INFO - Setting next_dagrun for example_subdag_operator.section-1 to None, run_after=None
[2026-07-25T09:27:58.794+0000] {logging_mixin.py:190} INFO - [2026-07-25T09:27:58.794+0000] {dag.py:4180} INFO - Setting next_dagrun for example_subdag_operator.section-2 to None, run_after=None
[2026-07-25T09:27:58.799+0000] {logging_mixin.py:190} INFO - [2026-07-25T09:27:58.798+0000] {dag.py:3239} INFO - Sync 2 DAGs
[2026-07-25T09:27:58.802+0000] {logging_mixin.py:190} INFO - [2026-07-25T09:27:58.802+0000] {dag.py:4180} INFO - Setting next_dagrun for example_subdag_operator.section-1 to None, run_after=None
[2026-07-25T09:27:58.802+0000] {logging_mixin.py:190} INFO - [2026-07-25T09:27:58.802+0000] {dag.py:4180} INFO - Setting next_dagrun for example_subdag_operator.section-2 to None, run_after=None
[2026-07-25T09:27:58.825+0000] {processor.py:208} INFO - Processing /home/airflow/.local/lib/python3.12/site-packages/airflow/example_dags/example_subdag_operator.py took 0.083 seconds
[2026-07-25T09:28:29.851+0000] {processor.py:186} INFO - Started process (PID=287) to work on /home/airflow/.local/lib/python3.12/site-packages/airflow/example_dags/example_subdag_operator.py
[2026-07-25T09:28:29.852+0000] {processor.py:914} INFO - Processing file /home/airflow/.local/lib/python3.12/site-packages/airflow/example_dags/example_subdag_operator.py for tasks to queue
[2026-07-25T09:28:29.856+0000] {logging_mixin.py:190} INFO - [2026-07-25T09:28:29.855+0000] {dagbag.py:588} INFO - Filling up the DagBag from /home/airflow/.local/lib/python3.12/site-packages/airflow/example_dags/example_subdag_operator.py
[2026-07-25T09:28:29.881+0000] {processor.py:925} INFO - DAG(s) 'example_subdag_operator.section-1', 'example_subdag_operator.section-2', 'example_subdag_operator' retrieved from /home/airflow/.local/lib/python3.12/site-packages/airflow/example_dags/example_subdag_operator.py
[2026-07-25T09:28:29.892+0000] {logging_mixin.py:190} INFO - [2026-07-25T09:28:29.892+0000] {dag.py:3239} INFO - Sync 3 DAGs
[2026-07-25T09:28:29.910+0000] {logging_mixin.py:190} INFO - [2026-07-25T09:28:29.910+0000] {dag.py:4180} INFO - Setting next_dagrun for example_subdag_operator to 2022-01-01 00:00:00+00:00, run_after=2022-01-01 00:00:00+00:00
[2026-07-25T09:28:29.912+0000] {logging_mixin.py:190} INFO - [2026-07-25T09:28:29.912+0000] {dag.py:4180} INFO - Setting next_dagrun for example_subdag_operator.section-1 to None, run_after=None
[2026-07-25T09:28:29.913+0000] {logging_mixin.py:190} INFO - [2026-07-25T09:28:29.913+0000] {dag.py:4180} INFO - Setting next_dagrun for example_subdag_operator.section-2 to None, run_after=None
[2026-07-25T09:28:29.918+0000] {logging_mixin.py:190} INFO - [2026-07-25T09:28:29.918+0000] {dag.py:3239} INFO - Sync 2 DAGs
[2026-07-25T09:28:29.922+0000] {logging_mixin.py:190} INFO - [2026-07-25T09:28:29.921+0000] {dag.py:4180} INFO - Setting next_dagrun for example_subdag_operator.section-1 to None, run_after=None
[2026-07-25T09:28:29.922+0000] {logging_mixin.py:190} INFO - [2026-07-25T09:28:29.922+0000] {dag.py:4180} INFO - Setting next_dagrun for example_subdag_operator.section-2 to None, run_after=None
[2026-07-25T09:28:29.948+0000] {processor.py:208} INFO - Processing /home/airflow/.local/lib/python3.12/site-packages/airflow/example_dags/example_subdag_operator.py took 0.102 seconds
[2026-07-25T09:29:00.410+0000] {processor.py:186} INFO - Started process (PID=350) to work on /home/airflow/.local/lib/python3.12/site-packages/airflow/example_dags/example_subdag_operator.py
[2026-07-25T09:29:00.411+0000] {processor.py:914} INFO - Processing file /home/airflow/.local/lib/python3.12/site-packages/airflow/example_dags/example_subdag_operator.py for tasks to queue
[2026-07-25T09:29:00.414+0000] {logging_mixin.py:190} INFO - [2026-07-25T09:29:00.414+0000] {dagbag.py:588} INFO - Filling up the DagBag from /home/airflow/.local/lib/python3.12/site-packages/airflow/example_dags/example_subdag_operator.py
[2026-07-25T09:29:00.437+0000] {processor.py:925} INFO - DAG(s) 'example_subdag_operator.section-1', 'example_subdag_operator.section-2', 'example_subdag_operator' retrieved from /home/airflow/.local/lib/python3.12/site-packages/airflow/example_dags/example_subdag_operator.py
[2026-07-25T09:29:00.450+0000] {logging_mixin.py:190} INFO - [2026-07-25T09:29:00.450+0000] {dag.py:3239} INFO - Sync 3 DAGs
[2026-07-25T09:29:00.466+0000] {logging_mixin.py:190} INFO - [2026-07-25T09:29:00.466+0000] {dag.py:4180} INFO - Setting next_dagrun for example_subdag_operator to 2022-01-01 00:00:00+00:00, run_after=2022-01-01 00:00:00+00:00
[2026-07-25T09:29:00.468+0000] {logging_mixin.py:190} INFO - [2026-07-25T09:29:00.468+0000] {dag.py:4180} INFO - Setting next_dagrun for example_subdag_operator.section-1 to None, run_after=None
[2026-07-25T09:29:00.470+0000] {logging_mixin.py:190} INFO - [2026-07-25T09:29:00.470+0000] {dag.py:4180} INFO - Setting next_dagrun for example_subdag_operator.section-2 to None, run_after=None
[2026-07-25T09:29:00.475+0000] {logging_mixin.py:190} INFO - [2026-07-25T09:29:00.475+0000] {dag.py:3239} INFO - Sync 2 DAGs
[2026-07-25T09:29:00.478+0000] {logging_mixin.py:190} INFO - [2026-07-25T09:29:00.478+0000] {dag.py:4180} INFO - Setting next_dagrun for example_subdag_operator.section-1 to None, run_after=None
[2026-07-25T09:29:00.479+0000] {logging_mixin.py:190} INFO - [2026-07-25T09:29:00.479+0000] {dag.py:4180} INFO - Setting next_dagrun for example_subdag_operator.section-2 to None, run_after=None
[2026-07-25T09:29:00.495+0000] {processor.py:208} INFO - Processing /home/airflow/.local/lib/python3.12/site-packages/airflow/example_dags/example_subdag_operator.py took 0.091 seconds
[2026-07-25T09:29:30.587+0000] {processor.py:186} INFO - Started process (PID=413) to work on /home/airflow/.local/lib/python3.12/site-packages/airflow/example_dags/example_subdag_operator.py
[2026-07-25T09:29:30.588+0000] {processor.py:914} INFO - Processing file /home/airflow/.local/lib/python3.12/site-packages/airflow/example_dags/example_subdag_operator.py for tasks to queue
[2026-07-25T09:29:30.590+0000] {logging_mixin.py:190} INFO - [2026-07-25T09:29:30.590+0000] {dagbag.py:588} INFO - Filling up the DagBag from /home/airflow/.local/lib/python3.12/site-packages/airflow/example_dags/example_subdag_operator.py
[2026-07-25T09:29:30.610+0000] {processor.py:925} INFO - DAG(s) 'example_subdag_operator.section-1', 'example_subdag_operator.section-2', 'example_subdag_operator' retrieved from /home/airflow/.local/lib/python3.12/site-packages/airflow/example_dags/example_subdag_operator.py
[2026-07-25T09:29:30.620+0000] {logging_mixin.py:190} INFO - [2026-07-25T09:29:30.620+0000] {dag.py:3239} INFO - Sync 3 DAGs
[2026-07-25T09:29:30.635+0000] {logging_mixin.py:190} INFO - [2026-07-25T09:29:30.634+0000] {dag.py:4180} INFO - Setting next_dagrun for example_subdag_operator to 2022-01-01 00:00:00+00:00, run_after=2022-01-01 00:00:00+00:00
[2026-07-25T09:29:30.637+0000] {logging_mixin.py:190} INFO - [2026-07-25T09:29:30.637+0000] {dag.py:4180} INFO - Setting next_dagrun for example_subdag_operator.section-1 to None, run_after=None
[2026-07-25T09:29:30.638+0000] {logging_mixin.py:190} INFO - [2026-07-25T09:29:30.638+0000] {dag.py:4180} INFO - Setting next_dagrun for example_subdag_operator.section-2 to None, run_after=None
[2026-07-25T09:29:30.643+0000] {logging_mixin.py:190} INFO - [2026-07-25T09:29:30.643+0000] {dag.py:3239} INFO - Sync 2 DAGs
[2026-07-25T09:29:30.647+0000] {logging_mixin.py:190} INFO - [2026-07-25T09:29:30.646+0000] {dag.py:4180} INFO - Setting next_dagrun for example_subdag_operator.section-1 to None, run_after=None
[2026-07-25T09:29:30.647+0000] {logging_mixin.py:190} INFO - [2026-07-25T09:29:30.647+0000] {dag.py:4180} INFO - Setting next_dagrun for example_subdag_operator.section-2 to None, run_after=None
[2026-07-25T09:29:30.663+0000] {processor.py:208} INFO - Processing /home/airflow/.local/lib/python3.12/site-packages/airflow/example_dags/example_subdag_operator.py took 0.080 seconds
[2026-07-25T09:30:01.275+0000] {processor.py:186} INFO - Started process (PID=476) to work on /home/airflow/.local/lib/python3.12/site-packages/airflow/example_dags/example_subdag_operator.py
[2026-07-25T09:30:01.276+0000] {processor.py:914} INFO - Processing file /home/airflow/.local/lib/python3.12/site-packages/airflow/example_dags/example_subdag_operator.py for tasks to queue
[2026-07-25T09:30:01.278+0000] {logging_mixin.py:190} INFO - [2026-07-25T09:30:01.278+0000] {dagbag.py:588} INFO - Filling up the DagBag from /home/airflow/.local/lib/python3.12/site-packages/airflow/example_dags/example_subdag_operator.py
[2026-07-25T09:30:01.295+0000] {processor.py:925} INFO - DAG(s) 'example_subdag_operator.section-1', 'example_subdag_operator.section-2', 'example_subdag_operator' retrieved from /home/airflow/.local/lib/python3.12/site-packages/airflow/example_dags/example_subdag_operator.py
[2026-07-25T09:30:01.304+0000] {logging_mixin.py:190} INFO - [2026-07-25T09:30:01.304+0000] {dag.py:3239} INFO - Sync 3 DAGs
[2026-07-25T09:30:01.319+0000] {logging_mixin.py:190} INFO - [2026-07-25T09:30:01.319+0000] {dag.py:4180} INFO - Setting next_dagrun for example_subdag_operator to 2022-01-01 00:00:00+00:00, run_after=2022-01-01 00:00:00+00:00
[2026-07-25T09:30:01.321+0000] {logging_mixin.py:190} INFO - [2026-07-25T09:30:01.321+0000] {dag.py:4180} INFO - Setting next_dagrun for example_subdag_operator.section-1 to None, run_after=None
[2026-07-25T09:30:01.322+0000] {logging_mixin.py:190} INFO - [2026-07-25T09:30:01.322+0000] {dag.py:4180} INFO - Setting next_dagrun for example_subdag_operator.section-2 to None, run_after=None
[2026-07-25T09:30:01.326+0000] {logging_mixin.py:190} INFO - [2026-07-25T09:30:01.326+0000] {dag.py:3239} INFO - Sync 2 DAGs
[2026-07-25T09:30:01.329+0000] {logging_mixin.py:190} INFO - [2026-07-25T09:30:01.329+0000] {dag.py:4180} INFO - Setting next_dagrun for example_subdag_operator.section-1 to None, run_after=None
[2026-07-25T09:30:01.330+0000] {logging_mixin.py:190} INFO - [2026-07-25T09:30:01.330+0000] {dag.py:4180} INFO - Setting next_dagrun for example_subdag_operator.section-2 to None, run_after=None
[2026-07-25T09:30:01.351+0000] {processor.py:208} INFO - Processing /home/airflow/.local/lib/python3.12/site-packages/airflow/example_dags/example_subdag_operator.py took 0.080 seconds
[2026-07-25T09:30:32.419+0000] {processor.py:186} INFO - Started process (PID=539) to work on /home/airflow/.local/lib/python3.12/site-packages/airflow/example_dags/example_subdag_operator.py
[2026-07-25T09:30:32.420+0000] {processor.py:914} INFO - Processing file /home/airflow/.local/lib/python3.12/site-packages/airflow/example_dags/example_subdag_operator.py for tasks to queue
[2026-07-25T09:30:32.422+0000] {logging_mixin.py:190} INFO - [2026-07-25T09:30:32.422+0000] {dagbag.py:588} INFO - Filling up the DagBag from /home/airflow/.local/lib/python3.12/site-packages/airflow/example_dags/example_subdag_operator.py
[2026-07-25T09:30:32.438+0000] {processor.py:925} INFO - DAG(s) 'example_subdag_operator.section-1', 'example_subdag_operator.section-2', 'example_subdag_operator' retrieved from /home/airflow/.local/lib/python3.12/site-packages/airflow/example_dags/example_subdag_operator.py
[2026-07-25T09:30:32.446+0000] {logging_mixin.py:190} INFO - [2026-07-25T09:30:32.446+0000] {dag.py:3239} INFO - Sync 3 DAGs
[2026-07-25T09:30:32.459+0000] {logging_mixin.py:190} INFO - [2026-07-25T09:30:32.459+0000] {dag.py:4180} INFO - Setting next_dagrun for example_subdag_operator to 2022-01-01 00:00:00+00:00, run_after=2022-01-01 00:00:00+00:00
[2026-07-25T09:30:32.461+0000] {logging_mixin.py:190} INFO - [2026-07-25T09:30:32.461+0000] {dag.py:4180} INFO - Setting next_dagrun for example_subdag_operator.section-1 to None, run_after=None
[2026-07-25T09:30:32.462+0000] {logging_mixin.py:190} INFO - [2026-07-25T09:30:32.462+0000] {dag.py:4180} INFO - Setting next_dagrun for example_subdag_operator.section-2 to None, run_after=None
[2026-07-25T09:30:32.466+0000] {logging_mixin.py:190} INFO - [2026-07-25T09:30:32.466+0000] {dag.py:3239} INFO - Sync 2 DAGs
[2026-07-25T09:30:32.469+0000] {logging_mixin.py:190} INFO - [2026-07-25T09:30:32.469+0000] {dag.py:4180} INFO - Setting next_dagrun for example_subdag_operator.section-1 to None, run_after=None
[2026-07-25T09:30:32.470+0000] {logging_mixin.py:190} INFO - [2026-07-25T09:30:32.470+0000] {dag.py:4180} INFO - Setting next_dagrun for example_subdag_operator.section-2 to None, run_after=None
[2026-07-25T09:30:32.477+0000] {processor.py:208} INFO - Processing /home/airflow/.local/lib/python3.12/site-packages/airflow/example_dags/example_subdag_operator.py took 0.061 seconds
