[2026-07-25T09:06:12.139+0000] {processor.py:186} INFO - Started process (PID=68) to work on /home/airflow/.local/lib/python3.12/site-packages/airflow/example_dags/example_complex.py
[2026-07-25T09:06:12.140+0000] {processor.py:914} INFO - Processing file /home/airflow/.local/lib/python3.12/site-packages/airflow/example_dags/example_complex.py for tasks to queue
[2026-07-25T09:06:12.143+0000] {logging_mixin.py:190} INFO - [2026-07-25T09:06:12.142+0000] {dagbag.py:588} INFO - Filling up the DagBag from /home/airflow/.local/lib/python3.12/site-packages/airflow/example_dags/example_complex.py
[2026-07-25T09:06:12.158+0000] {processor.py:925} INFO - DAG(s) 'example_complex' retrieved from /home/airflow/.local/lib/python3.12/site-packages/airflow/example_dags/example_complex.py
[2026-07-25T09:06:12.249+0000] {logging_mixin.py:190} INFO - [2026-07-25T09:06:12.248+0000] {override.py:1932} INFO - Created Permission View: can edit on DAG:example_complex
[2026-07-25T09:06:12.259+0000] {logging_mixin.py:190} INFO - [2026-07-25T09:06:12.259+0000] {override.py:1932} INFO - Created Permission View: can read on DAG:example_complex
[2026-07-25T09:06:12.268+0000] {logging_mixin.py:190} INFO - [2026-07-25T09:06:12.268+0000] {override.py:1932} INFO - Created Permission View: can delete on DAG:example_complex
[2026-07-25T09:06:12.278+0000] {logging_mixin.py:190} INFO - [2026-07-25T09:06:12.278+0000] {override.py:1932} INFO - Created Permission View: can create on DAG Run:example_complex
[2026-07-25T09:06:12.283+0000] {logging_mixin.py:190} INFO - [2026-07-25T09:06:12.283+0000] {override.py:1932} INFO - Created Permission View: can read on DAG Run:example_complex
[2026-07-25T09:06:12.291+0000] {logging_mixin.py:190} INFO - [2026-07-25T09:06:12.290+0000] {override.py:1932} INFO - Created Permission View: can delete on DAG Run:example_complex
[2026-07-25T09:06:12.296+0000] {logging_mixin.py:190} INFO - [2026-07-25T09:06:12.296+0000] {override.py:1932} INFO - Created Permission View: menu access on DAG Run:example_complex
[2026-07-25T09:06:12.297+0000] {logging_mixin.py:190} INFO - [2026-07-25T09:06:12.297+0000] {dag.py:3239} INFO - Sync 1 DAGs
[2026-07-25T09:06:12.311+0000] {logging_mixin.py:190} INFO - [2026-07-25T09:06:12.311+0000] {dag.py:3262} INFO - Creating ORM DAG for example_complex
[2026-07-25T09:06:12.312+0000] {logging_mixin.py:190} INFO - [2026-07-25T09:06:12.312+0000] {dag.py:4180} INFO - Setting next_dagrun for example_complex to None, run_after=None
[2026-07-25T09:06:12.326+0000] {processor.py:208} INFO - Processing /home/airflow/.local/lib/python3.12/site-packages/airflow/example_dags/example_complex.py took 0.191 seconds
[2026-07-25T09:06:43.165+0000] {processor.py:186} INFO - Started process (PID=131) to work on /home/airflow/.local/lib/python3.12/site-packages/airflow/example_dags/example_complex.py
[2026-07-25T09:06:43.166+0000] {processor.py:914} INFO - Processing file /home/airflow/.local/lib/python3.12/site-packages/airflow/example_dags/example_complex.py for tasks to queue
[2026-07-25T09:06:43.168+0000] {logging_mixin.py:190} INFO - [2026-07-25T09:06:43.168+0000] {dagbag.py:588} INFO - Filling up the DagBag from /home/airflow/.local/lib/python3.12/site-packages/airflow/example_dags/example_complex.py
[2026-07-25T09:06:43.176+0000] {processor.py:925} INFO - DAG(s) 'example_complex' retrieved from /home/airflow/.local/lib/python3.12/site-packages/airflow/example_dags/example_complex.py
[2026-07-25T09:06:43.194+0000] {logging_mixin.py:190} INFO - [2026-07-25T09:06:43.194+0000] {dag.py:3239} INFO - Sync 1 DAGs
[2026-07-25T09:06:43.202+0000] {logging_mixin.py:190} INFO - [2026-07-25T09:06:43.202+0000] {dag.py:4180} INFO - Setting next_dagrun for example_complex to None, run_after=None
[2026-07-25T09:06:43.213+0000] {processor.py:208} INFO - Processing /home/airflow/.local/lib/python3.12/site-packages/airflow/example_dags/example_complex.py took 0.050 seconds
[2026-07-25T09:07:13.252+0000] {processor.py:186} INFO - Started process (PID=194) to work on /home/airflow/.local/lib/python3.12/site-packages/airflow/example_dags/example_complex.py
[2026-07-25T09:07:13.253+0000] {processor.py:914} INFO - Processing file /home/airflow/.local/lib/python3.12/site-packages/airflow/example_dags/example_complex.py for tasks to queue
[2026-07-25T09:07:13.254+0000] {logging_mixin.py:190} INFO - [2026-07-25T09:07:13.254+0000] {dagbag.py:588} INFO - Filling up the DagBag from /home/airflow/.local/lib/python3.12/site-packages/airflow/example_dags/example_complex.py
[2026-07-25T09:07:13.261+0000] {processor.py:925} INFO - DAG(s) 'example_complex' retrieved from /home/airflow/.local/lib/python3.12/site-packages/airflow/example_dags/example_complex.py
[2026-07-25T09:07:13.280+0000] {logging_mixin.py:190} INFO - [2026-07-25T09:07:13.279+0000] {dag.py:3239} INFO - Sync 1 DAGs
[2026-07-25T09:07:13.288+0000] {logging_mixin.py:190} INFO - [2026-07-25T09:07:13.288+0000] {dag.py:4180} INFO - Setting next_dagrun for example_complex to None, run_after=None
[2026-07-25T09:07:13.298+0000] {processor.py:208} INFO - Processing /home/airflow/.local/lib/python3.12/site-packages/airflow/example_dags/example_complex.py took 0.050 seconds
[2026-07-25T09:07:43.702+0000] {processor.py:186} INFO - Started process (PID=257) to work on /home/airflow/.local/lib/python3.12/site-packages/airflow/example_dags/example_complex.py
[2026-07-25T09:07:43.702+0000] {processor.py:914} INFO - Processing file /home/airflow/.local/lib/python3.12/site-packages/airflow/example_dags/example_complex.py for tasks to queue
[2026-07-25T09:07:43.704+0000] {logging_mixin.py:190} INFO - [2026-07-25T09:07:43.704+0000] {dagbag.py:588} INFO - Filling up the DagBag from /home/airflow/.local/lib/python3.12/site-packages/airflow/example_dags/example_complex.py
[2026-07-25T09:07:43.711+0000] {processor.py:925} INFO - DAG(s) 'example_complex' retrieved from /home/airflow/.local/lib/python3.12/site-packages/airflow/example_dags/example_complex.py
[2026-07-25T09:07:43.729+0000] {logging_mixin.py:190} INFO - [2026-07-25T09:07:43.729+0000] {dag.py:3239} INFO - Sync 1 DAGs
[2026-07-25T09:07:43.737+0000] {logging_mixin.py:190} INFO - [2026-07-25T09:07:43.737+0000] {dag.py:4180} INFO - Setting next_dagrun for example_complex to None, run_after=None
[2026-07-25T09:07:43.750+0000] {processor.py:208} INFO - Processing /home/airflow/.local/lib/python3.12/site-packages/airflow/example_dags/example_complex.py took 0.052 seconds
[2026-07-25T09:08:14.150+0000] {processor.py:186} INFO - Started process (PID=320) to work on /home/airflow/.local/lib/python3.12/site-packages/airflow/example_dags/example_complex.py
[2026-07-25T09:08:14.151+0000] {processor.py:914} INFO - Processing file /home/airflow/.local/lib/python3.12/site-packages/airflow/example_dags/example_complex.py for tasks to queue
[2026-07-25T09:08:14.153+0000] {logging_mixin.py:190} INFO - [2026-07-25T09:08:14.152+0000] {dagbag.py:588} INFO - Filling up the DagBag from /home/airflow/.local/lib/python3.12/site-packages/airflow/example_dags/example_complex.py
[2026-07-25T09:08:14.160+0000] {processor.py:925} INFO - DAG(s) 'example_complex' retrieved from /home/airflow/.local/lib/python3.12/site-packages/airflow/example_dags/example_complex.py
[2026-07-25T09:08:14.180+0000] {logging_mixin.py:190} INFO - [2026-07-25T09:08:14.180+0000] {dag.py:3239} INFO - Sync 1 DAGs
[2026-07-25T09:08:14.188+0000] {logging_mixin.py:190} INFO - [2026-07-25T09:08:14.188+0000] {dag.py:4180} INFO - Setting next_dagrun for example_complex to None, run_after=None
[2026-07-25T09:08:14.198+0000] {processor.py:208} INFO - Processing /home/airflow/.local/lib/python3.12/site-packages/airflow/example_dags/example_complex.py took 0.052 seconds
[2026-07-25T09:08:45.951+0000] {processor.py:186} INFO - Started process (PID=389) to work on /home/airflow/.local/lib/python3.12/site-packages/airflow/example_dags/example_complex.py
[2026-07-25T09:08:45.952+0000] {processor.py:914} INFO - Processing file /home/airflow/.local/lib/python3.12/site-packages/airflow/example_dags/example_complex.py for tasks to queue
[2026-07-25T09:08:45.954+0000] {logging_mixin.py:190} INFO - [2026-07-25T09:08:45.954+0000] {dagbag.py:588} INFO - Filling up the DagBag from /home/airflow/.local/lib/python3.12/site-packages/airflow/example_dags/example_complex.py
[2026-07-25T09:08:45.961+0000] {processor.py:925} INFO - DAG(s) 'example_complex' retrieved from /home/airflow/.local/lib/python3.12/site-packages/airflow/example_dags/example_complex.py
[2026-07-25T09:08:45.979+0000] {logging_mixin.py:190} INFO - [2026-07-25T09:08:45.979+0000] {dag.py:3239} INFO - Sync 1 DAGs
[2026-07-25T09:08:45.988+0000] {logging_mixin.py:190} INFO - [2026-07-25T09:08:45.988+0000] {dag.py:4180} INFO - Setting next_dagrun for example_complex to None, run_after=None
[2026-07-25T09:08:46.000+0000] {processor.py:208} INFO - Processing /home/airflow/.local/lib/python3.12/site-packages/airflow/example_dags/example_complex.py took 0.053 seconds
[2026-07-25T09:09:19.805+0000] {processor.py:186} INFO - Started process (PID=452) to work on /home/airflow/.local/lib/python3.12/site-packages/airflow/example_dags/example_complex.py
[2026-07-25T09:09:19.806+0000] {processor.py:914} INFO - Processing file /home/airflow/.local/lib/python3.12/site-packages/airflow/example_dags/example_complex.py for tasks to queue
[2026-07-25T09:09:19.808+0000] {logging_mixin.py:190} INFO - [2026-07-25T09:09:19.807+0000] {dagbag.py:588} INFO - Filling up the DagBag from /home/airflow/.local/lib/python3.12/site-packages/airflow/example_dags/example_complex.py
[2026-07-25T09:09:19.815+0000] {processor.py:925} INFO - DAG(s) 'example_complex' retrieved from /home/airflow/.local/lib/python3.12/site-packages/airflow/example_dags/example_complex.py
[2026-07-25T09:09:19.833+0000] {logging_mixin.py:190} INFO - [2026-07-25T09:09:19.833+0000] {dag.py:3239} INFO - Sync 1 DAGs
[2026-07-25T09:09:19.843+0000] {logging_mixin.py:190} INFO - [2026-07-25T09:09:19.843+0000] {dag.py:4180} INFO - Setting next_dagrun for example_complex to None, run_after=None
[2026-07-25T09:09:19.854+0000] {processor.py:208} INFO - Processing /home/airflow/.local/lib/python3.12/site-packages/airflow/example_dags/example_complex.py took 0.052 seconds
[2026-07-25T09:09:50.032+0000] {processor.py:186} INFO - Started process (PID=514) to work on /home/airflow/.local/lib/python3.12/site-packages/airflow/example_dags/example_complex.py
[2026-07-25T09:09:50.033+0000] {processor.py:914} INFO - Processing file /home/airflow/.local/lib/python3.12/site-packages/airflow/example_dags/example_complex.py for tasks to queue
[2026-07-25T09:09:50.035+0000] {logging_mixin.py:190} INFO - [2026-07-25T09:09:50.035+0000] {dagbag.py:588} INFO - Filling up the DagBag from /home/airflow/.local/lib/python3.12/site-packages/airflow/example_dags/example_complex.py
[2026-07-25T09:09:50.043+0000] {processor.py:925} INFO - DAG(s) 'example_complex' retrieved from /home/airflow/.local/lib/python3.12/site-packages/airflow/example_dags/example_complex.py
[2026-07-25T09:09:50.062+0000] {logging_mixin.py:190} INFO - [2026-07-25T09:09:50.062+0000] {dag.py:3239} INFO - Sync 1 DAGs
[2026-07-25T09:09:50.071+0000] {logging_mixin.py:190} INFO - [2026-07-25T09:09:50.071+0000] {dag.py:4180} INFO - Setting next_dagrun for example_complex to None, run_after=None
[2026-07-25T09:09:50.083+0000] {processor.py:208} INFO - Processing /home/airflow/.local/lib/python3.12/site-packages/airflow/example_dags/example_complex.py took 0.055 seconds
[2026-07-25T09:10:20.476+0000] {processor.py:186} INFO - Started process (PID=576) to work on /home/airflow/.local/lib/python3.12/site-packages/airflow/example_dags/example_complex.py
[2026-07-25T09:10:20.477+0000] {processor.py:914} INFO - Processing file /home/airflow/.local/lib/python3.12/site-packages/airflow/example_dags/example_complex.py for tasks to queue
[2026-07-25T09:10:20.478+0000] {logging_mixin.py:190} INFO - [2026-07-25T09:10:20.478+0000] {dagbag.py:588} INFO - Filling up the DagBag from /home/airflow/.local/lib/python3.12/site-packages/airflow/example_dags/example_complex.py
[2026-07-25T09:10:20.486+0000] {processor.py:925} INFO - DAG(s) 'example_complex' retrieved from /home/airflow/.local/lib/python3.12/site-packages/airflow/example_dags/example_complex.py
[2026-07-25T09:10:20.507+0000] {logging_mixin.py:190} INFO - [2026-07-25T09:10:20.507+0000] {dag.py:3239} INFO - Sync 1 DAGs
[2026-07-25T09:10:20.517+0000] {logging_mixin.py:190} INFO - [2026-07-25T09:10:20.517+0000] {dag.py:4180} INFO - Setting next_dagrun for example_complex to None, run_after=None
[2026-07-25T09:10:20.530+0000] {processor.py:208} INFO - Processing /home/airflow/.local/lib/python3.12/site-packages/airflow/example_dags/example_complex.py took 0.058 seconds
[2026-07-25T09:10:51.115+0000] {processor.py:186} INFO - Started process (PID=634) to work on /home/airflow/.local/lib/python3.12/site-packages/airflow/example_dags/example_complex.py
[2026-07-25T09:10:51.116+0000] {processor.py:914} INFO - Processing file /home/airflow/.local/lib/python3.12/site-packages/airflow/example_dags/example_complex.py for tasks to queue
[2026-07-25T09:10:51.118+0000] {logging_mixin.py:190} INFO - [2026-07-25T09:10:51.118+0000] {dagbag.py:588} INFO - Filling up the DagBag from /home/airflow/.local/lib/python3.12/site-packages/airflow/example_dags/example_complex.py
[2026-07-25T09:10:51.126+0000] {processor.py:925} INFO - DAG(s) 'example_complex' retrieved from /home/airflow/.local/lib/python3.12/site-packages/airflow/example_dags/example_complex.py
[2026-07-25T09:10:51.145+0000] {logging_mixin.py:190} INFO - [2026-07-25T09:10:51.145+0000] {dag.py:3239} INFO - Sync 1 DAGs
[2026-07-25T09:10:51.154+0000] {logging_mixin.py:190} INFO - [2026-07-25T09:10:51.154+0000] {dag.py:4180} INFO - Setting next_dagrun for example_complex to None, run_after=None
[2026-07-25T09:10:51.165+0000] {processor.py:208} INFO - Processing /home/airflow/.local/lib/python3.12/site-packages/airflow/example_dags/example_complex.py took 0.054 seconds
[2026-07-25T09:11:21.275+0000] {processor.py:186} INFO - Started process (PID=697) to work on /home/airflow/.local/lib/python3.12/site-packages/airflow/example_dags/example_complex.py
[2026-07-25T09:11:21.276+0000] {processor.py:914} INFO - Processing file /home/airflow/.local/lib/python3.12/site-packages/airflow/example_dags/example_complex.py for tasks to queue
[2026-07-25T09:11:21.278+0000] {logging_mixin.py:190} INFO - [2026-07-25T09:11:21.278+0000] {dagbag.py:588} INFO - Filling up the DagBag from /home/airflow/.local/lib/python3.12/site-packages/airflow/example_dags/example_complex.py
[2026-07-25T09:11:21.285+0000] {processor.py:925} INFO - DAG(s) 'example_complex' retrieved from /home/airflow/.local/lib/python3.12/site-packages/airflow/example_dags/example_complex.py
[2026-07-25T09:11:21.303+0000] {logging_mixin.py:190} INFO - [2026-07-25T09:11:21.303+0000] {dag.py:3239} INFO - Sync 1 DAGs
[2026-07-25T09:11:21.311+0000] {logging_mixin.py:190} INFO - [2026-07-25T09:11:21.311+0000] {dag.py:4180} INFO - Setting next_dagrun for example_complex to None, run_after=None
[2026-07-25T09:11:21.322+0000] {processor.py:208} INFO - Processing /home/airflow/.local/lib/python3.12/site-packages/airflow/example_dags/example_complex.py took 0.050 seconds
[2026-07-25T09:11:51.658+0000] {processor.py:186} INFO - Started process (PID=759) to work on /home/airflow/.local/lib/python3.12/site-packages/airflow/example_dags/example_complex.py
[2026-07-25T09:11:51.658+0000] {processor.py:914} INFO - Processing file /home/airflow/.local/lib/python3.12/site-packages/airflow/example_dags/example_complex.py for tasks to queue
[2026-07-25T09:11:51.660+0000] {logging_mixin.py:190} INFO - [2026-07-25T09:11:51.660+0000] {dagbag.py:588} INFO - Filling up the DagBag from /home/airflow/.local/lib/python3.12/site-packages/airflow/example_dags/example_complex.py
[2026-07-25T09:11:51.667+0000] {processor.py:925} INFO - DAG(s) 'example_complex' retrieved from /home/airflow/.local/lib/python3.12/site-packages/airflow/example_dags/example_complex.py
[2026-07-25T09:11:51.688+0000] {logging_mixin.py:190} INFO - [2026-07-25T09:11:51.688+0000] {dag.py:3239} INFO - Sync 1 DAGs
[2026-07-25T09:11:51.696+0000] {logging_mixin.py:190} INFO - [2026-07-25T09:11:51.696+0000] {dag.py:4180} INFO - Setting next_dagrun for example_complex to None, run_after=None
[2026-07-25T09:11:51.708+0000] {processor.py:208} INFO - Processing /home/airflow/.local/lib/python3.12/site-packages/airflow/example_dags/example_complex.py took 0.053 seconds
[2026-07-25T09:12:22.378+0000] {processor.py:186} INFO - Started process (PID=822) to work on /home/airflow/.local/lib/python3.12/site-packages/airflow/example_dags/example_complex.py
[2026-07-25T09:12:22.379+0000] {processor.py:914} INFO - Processing file /home/airflow/.local/lib/python3.12/site-packages/airflow/example_dags/example_complex.py for tasks to queue
[2026-07-25T09:12:22.381+0000] {logging_mixin.py:190} INFO - [2026-07-25T09:12:22.381+0000] {dagbag.py:588} INFO - Filling up the DagBag from /home/airflow/.local/lib/python3.12/site-packages/airflow/example_dags/example_complex.py
[2026-07-25T09:12:22.388+0000] {processor.py:925} INFO - DAG(s) 'example_complex' retrieved from /home/airflow/.local/lib/python3.12/site-packages/airflow/example_dags/example_complex.py
[2026-07-25T09:12:22.406+0000] {logging_mixin.py:190} INFO - [2026-07-25T09:12:22.406+0000] {dag.py:3239} INFO - Sync 1 DAGs
[2026-07-25T09:12:22.415+0000] {logging_mixin.py:190} INFO - [2026-07-25T09:12:22.415+0000] {dag.py:4180} INFO - Setting next_dagrun for example_complex to None, run_after=None
[2026-07-25T09:12:22.429+0000] {processor.py:208} INFO - Processing /home/airflow/.local/lib/python3.12/site-packages/airflow/example_dags/example_complex.py took 0.055 seconds
[2026-07-25T09:12:52.530+0000] {processor.py:186} INFO - Started process (PID=885) to work on /home/airflow/.local/lib/python3.12/site-packages/airflow/example_dags/example_complex.py
[2026-07-25T09:12:52.531+0000] {processor.py:914} INFO - Processing file /home/airflow/.local/lib/python3.12/site-packages/airflow/example_dags/example_complex.py for tasks to queue
[2026-07-25T09:12:52.533+0000] {logging_mixin.py:190} INFO - [2026-07-25T09:12:52.533+0000] {dagbag.py:588} INFO - Filling up the DagBag from /home/airflow/.local/lib/python3.12/site-packages/airflow/example_dags/example_complex.py
[2026-07-25T09:12:52.540+0000] {processor.py:925} INFO - DAG(s) 'example_complex' retrieved from /home/airflow/.local/lib/python3.12/site-packages/airflow/example_dags/example_complex.py
[2026-07-25T09:12:52.560+0000] {logging_mixin.py:190} INFO - [2026-07-25T09:12:52.560+0000] {dag.py:3239} INFO - Sync 1 DAGs
[2026-07-25T09:12:52.568+0000] {logging_mixin.py:190} INFO - [2026-07-25T09:12:52.568+0000] {dag.py:4180} INFO - Setting next_dagrun for example_complex to None, run_after=None
[2026-07-25T09:12:52.579+0000] {processor.py:208} INFO - Processing /home/airflow/.local/lib/python3.12/site-packages/airflow/example_dags/example_complex.py took 0.052 seconds
[2026-07-25T09:13:25.204+0000] {processor.py:186} INFO - Started process (PID=948) to work on /home/airflow/.local/lib/python3.12/site-packages/airflow/example_dags/example_complex.py
[2026-07-25T09:13:25.205+0000] {processor.py:914} INFO - Processing file /home/airflow/.local/lib/python3.12/site-packages/airflow/example_dags/example_complex.py for tasks to queue
[2026-07-25T09:13:25.206+0000] {logging_mixin.py:190} INFO - [2026-07-25T09:13:25.206+0000] {dagbag.py:588} INFO - Filling up the DagBag from /home/airflow/.local/lib/python3.12/site-packages/airflow/example_dags/example_complex.py
[2026-07-25T09:13:25.215+0000] {processor.py:925} INFO - DAG(s) 'example_complex' retrieved from /home/airflow/.local/lib/python3.12/site-packages/airflow/example_dags/example_complex.py
[2026-07-25T09:13:25.235+0000] {logging_mixin.py:190} INFO - [2026-07-25T09:13:25.235+0000] {dag.py:3239} INFO - Sync 1 DAGs
[2026-07-25T09:13:25.245+0000] {logging_mixin.py:190} INFO - [2026-07-25T09:13:25.245+0000] {dag.py:4180} INFO - Setting next_dagrun for example_complex to None, run_after=None
[2026-07-25T09:13:25.256+0000] {processor.py:208} INFO - Processing /home/airflow/.local/lib/python3.12/site-packages/airflow/example_dags/example_complex.py took 0.056 seconds
[2026-07-25T09:13:55.307+0000] {processor.py:186} INFO - Started process (PID=1010) to work on /home/airflow/.local/lib/python3.12/site-packages/airflow/example_dags/example_complex.py
[2026-07-25T09:13:55.307+0000] {processor.py:914} INFO - Processing file /home/airflow/.local/lib/python3.12/site-packages/airflow/example_dags/example_complex.py for tasks to queue
[2026-07-25T09:13:55.309+0000] {logging_mixin.py:190} INFO - [2026-07-25T09:13:55.309+0000] {dagbag.py:588} INFO - Filling up the DagBag from /home/airflow/.local/lib/python3.12/site-packages/airflow/example_dags/example_complex.py
[2026-07-25T09:13:55.317+0000] {processor.py:925} INFO - DAG(s) 'example_complex' retrieved from /home/airflow/.local/lib/python3.12/site-packages/airflow/example_dags/example_complex.py
[2026-07-25T09:13:55.336+0000] {logging_mixin.py:190} INFO - [2026-07-25T09:13:55.336+0000] {dag.py:3239} INFO - Sync 1 DAGs
[2026-07-25T09:13:55.344+0000] {logging_mixin.py:190} INFO - [2026-07-25T09:13:55.344+0000] {dag.py:4180} INFO - Setting next_dagrun for example_complex to None, run_after=None
[2026-07-25T09:13:55.355+0000] {processor.py:208} INFO - Processing /home/airflow/.local/lib/python3.12/site-packages/airflow/example_dags/example_complex.py took 0.052 seconds
[2026-07-25T09:14:25.430+0000] {processor.py:186} INFO - Started process (PID=1072) to work on /home/airflow/.local/lib/python3.12/site-packages/airflow/example_dags/example_complex.py
[2026-07-25T09:14:25.430+0000] {processor.py:914} INFO - Processing file /home/airflow/.local/lib/python3.12/site-packages/airflow/example_dags/example_complex.py for tasks to queue
[2026-07-25T09:14:25.432+0000] {logging_mixin.py:190} INFO - [2026-07-25T09:14:25.432+0000] {dagbag.py:588} INFO - Filling up the DagBag from /home/airflow/.local/lib/python3.12/site-packages/airflow/example_dags/example_complex.py
[2026-07-25T09:14:25.439+0000] {processor.py:925} INFO - DAG(s) 'example_complex' retrieved from /home/airflow/.local/lib/python3.12/site-packages/airflow/example_dags/example_complex.py
[2026-07-25T09:14:25.458+0000] {logging_mixin.py:190} INFO - [2026-07-25T09:14:25.458+0000] {dag.py:3239} INFO - Sync 1 DAGs
[2026-07-25T09:14:25.467+0000] {logging_mixin.py:190} INFO - [2026-07-25T09:14:25.467+0000] {dag.py:4180} INFO - Setting next_dagrun for example_complex to None, run_after=None
[2026-07-25T09:14:25.481+0000] {processor.py:208} INFO - Processing /home/airflow/.local/lib/python3.12/site-packages/airflow/example_dags/example_complex.py took 0.055 seconds
[2026-07-25T09:15:32.830+0000] {processor.py:186} INFO - Started process (PID=68) to work on /home/airflow/.local/lib/python3.12/site-packages/airflow/example_dags/example_complex.py
[2026-07-25T09:15:32.831+0000] {processor.py:914} INFO - Processing file /home/airflow/.local/lib/python3.12/site-packages/airflow/example_dags/example_complex.py for tasks to queue
[2026-07-25T09:15:32.833+0000] {logging_mixin.py:190} INFO - [2026-07-25T09:15:32.833+0000] {dagbag.py:588} INFO - Filling up the DagBag from /home/airflow/.local/lib/python3.12/site-packages/airflow/example_dags/example_complex.py
[2026-07-25T09:15:32.842+0000] {processor.py:925} INFO - DAG(s) 'example_complex' retrieved from /home/airflow/.local/lib/python3.12/site-packages/airflow/example_dags/example_complex.py
[2026-07-25T09:15:32.865+0000] {logging_mixin.py:190} INFO - [2026-07-25T09:15:32.864+0000] {dag.py:3239} INFO - Sync 1 DAGs
[2026-07-25T09:15:32.873+0000] {logging_mixin.py:190} INFO - [2026-07-25T09:15:32.873+0000] {dag.py:4180} INFO - Setting next_dagrun for example_complex to None, run_after=None
[2026-07-25T09:15:32.885+0000] {processor.py:208} INFO - Processing /home/airflow/.local/lib/python3.12/site-packages/airflow/example_dags/example_complex.py took 0.059 seconds
[2026-07-25T09:16:03.138+0000] {processor.py:186} INFO - Started process (PID=131) to work on /home/airflow/.local/lib/python3.12/site-packages/airflow/example_dags/example_complex.py
[2026-07-25T09:16:03.139+0000] {processor.py:914} INFO - Processing file /home/airflow/.local/lib/python3.12/site-packages/airflow/example_dags/example_complex.py for tasks to queue
[2026-07-25T09:16:03.141+0000] {logging_mixin.py:190} INFO - [2026-07-25T09:16:03.141+0000] {dagbag.py:588} INFO - Filling up the DagBag from /home/airflow/.local/lib/python3.12/site-packages/airflow/example_dags/example_complex.py
[2026-07-25T09:16:03.149+0000] {processor.py:925} INFO - DAG(s) 'example_complex' retrieved from /home/airflow/.local/lib/python3.12/site-packages/airflow/example_dags/example_complex.py
[2026-07-25T09:16:03.173+0000] {logging_mixin.py:190} INFO - [2026-07-25T09:16:03.173+0000] {dag.py:3239} INFO - Sync 1 DAGs
[2026-07-25T09:16:03.183+0000] {logging_mixin.py:190} INFO - [2026-07-25T09:16:03.183+0000] {dag.py:4180} INFO - Setting next_dagrun for example_complex to None, run_after=None
[2026-07-25T09:16:03.211+0000] {processor.py:208} INFO - Processing /home/airflow/.local/lib/python3.12/site-packages/airflow/example_dags/example_complex.py took 0.076 seconds
[2026-07-25T09:16:33.821+0000] {processor.py:186} INFO - Started process (PID=194) to work on /home/airflow/.local/lib/python3.12/site-packages/airflow/example_dags/example_complex.py
[2026-07-25T09:16:33.822+0000] {processor.py:914} INFO - Processing file /home/airflow/.local/lib/python3.12/site-packages/airflow/example_dags/example_complex.py for tasks to queue
[2026-07-25T09:16:33.824+0000] {logging_mixin.py:190} INFO - [2026-07-25T09:16:33.823+0000] {dagbag.py:588} INFO - Filling up the DagBag from /home/airflow/.local/lib/python3.12/site-packages/airflow/example_dags/example_complex.py
[2026-07-25T09:16:33.831+0000] {processor.py:925} INFO - DAG(s) 'example_complex' retrieved from /home/airflow/.local/lib/python3.12/site-packages/airflow/example_dags/example_complex.py
[2026-07-25T09:16:33.850+0000] {logging_mixin.py:190} INFO - [2026-07-25T09:16:33.850+0000] {dag.py:3239} INFO - Sync 1 DAGs
[2026-07-25T09:16:33.858+0000] {logging_mixin.py:190} INFO - [2026-07-25T09:16:33.858+0000] {dag.py:4180} INFO - Setting next_dagrun for example_complex to None, run_after=None
[2026-07-25T09:16:33.870+0000] {processor.py:208} INFO - Processing /home/airflow/.local/lib/python3.12/site-packages/airflow/example_dags/example_complex.py took 0.053 seconds
[2026-07-25T09:17:04.562+0000] {processor.py:186} INFO - Started process (PID=257) to work on /home/airflow/.local/lib/python3.12/site-packages/airflow/example_dags/example_complex.py
[2026-07-25T09:17:04.563+0000] {processor.py:914} INFO - Processing file /home/airflow/.local/lib/python3.12/site-packages/airflow/example_dags/example_complex.py for tasks to queue
[2026-07-25T09:17:04.565+0000] {logging_mixin.py:190} INFO - [2026-07-25T09:17:04.564+0000] {dagbag.py:588} INFO - Filling up the DagBag from /home/airflow/.local/lib/python3.12/site-packages/airflow/example_dags/example_complex.py
[2026-07-25T09:17:04.572+0000] {processor.py:925} INFO - DAG(s) 'example_complex' retrieved from /home/airflow/.local/lib/python3.12/site-packages/airflow/example_dags/example_complex.py
[2026-07-25T09:17:04.591+0000] {logging_mixin.py:190} INFO - [2026-07-25T09:17:04.591+0000] {dag.py:3239} INFO - Sync 1 DAGs
[2026-07-25T09:17:04.601+0000] {logging_mixin.py:190} INFO - [2026-07-25T09:17:04.600+0000] {dag.py:4180} INFO - Setting next_dagrun for example_complex to None, run_after=None
[2026-07-25T09:17:04.611+0000] {processor.py:208} INFO - Processing /home/airflow/.local/lib/python3.12/site-packages/airflow/example_dags/example_complex.py took 0.052 seconds
[2026-07-25T09:17:35.021+0000] {processor.py:186} INFO - Started process (PID=320) to work on /home/airflow/.local/lib/python3.12/site-packages/airflow/example_dags/example_complex.py
[2026-07-25T09:17:35.022+0000] {processor.py:914} INFO - Processing file /home/airflow/.local/lib/python3.12/site-packages/airflow/example_dags/example_complex.py for tasks to queue
[2026-07-25T09:17:35.024+0000] {logging_mixin.py:190} INFO - [2026-07-25T09:17:35.023+0000] {dagbag.py:588} INFO - Filling up the DagBag from /home/airflow/.local/lib/python3.12/site-packages/airflow/example_dags/example_complex.py
[2026-07-25T09:17:35.031+0000] {processor.py:925} INFO - DAG(s) 'example_complex' retrieved from /home/airflow/.local/lib/python3.12/site-packages/airflow/example_dags/example_complex.py
[2026-07-25T09:17:35.050+0000] {logging_mixin.py:190} INFO - [2026-07-25T09:17:35.050+0000] {dag.py:3239} INFO - Sync 1 DAGs
[2026-07-25T09:17:35.059+0000] {logging_mixin.py:190} INFO - [2026-07-25T09:17:35.059+0000] {dag.py:4180} INFO - Setting next_dagrun for example_complex to None, run_after=None
[2026-07-25T09:17:35.072+0000] {processor.py:208} INFO - Processing /home/airflow/.local/lib/python3.12/site-packages/airflow/example_dags/example_complex.py took 0.054 seconds
[2026-07-25T09:18:05.273+0000] {processor.py:186} INFO - Started process (PID=383) to work on /home/airflow/.local/lib/python3.12/site-packages/airflow/example_dags/example_complex.py
[2026-07-25T09:18:05.274+0000] {processor.py:914} INFO - Processing file /home/airflow/.local/lib/python3.12/site-packages/airflow/example_dags/example_complex.py for tasks to queue
[2026-07-25T09:18:05.276+0000] {logging_mixin.py:190} INFO - [2026-07-25T09:18:05.276+0000] {dagbag.py:588} INFO - Filling up the DagBag from /home/airflow/.local/lib/python3.12/site-packages/airflow/example_dags/example_complex.py
[2026-07-25T09:18:05.284+0000] {processor.py:925} INFO - DAG(s) 'example_complex' retrieved from /home/airflow/.local/lib/python3.12/site-packages/airflow/example_dags/example_complex.py
[2026-07-25T09:18:05.304+0000] {logging_mixin.py:190} INFO - [2026-07-25T09:18:05.304+0000] {dag.py:3239} INFO - Sync 1 DAGs
[2026-07-25T09:18:05.313+0000] {logging_mixin.py:190} INFO - [2026-07-25T09:18:05.313+0000] {dag.py:4180} INFO - Setting next_dagrun for example_complex to None, run_after=None
[2026-07-25T09:18:05.323+0000] {processor.py:208} INFO - Processing /home/airflow/.local/lib/python3.12/site-packages/airflow/example_dags/example_complex.py took 0.053 seconds
[2026-07-25T09:18:35.965+0000] {processor.py:186} INFO - Started process (PID=445) to work on /home/airflow/.local/lib/python3.12/site-packages/airflow/example_dags/example_complex.py
[2026-07-25T09:18:35.966+0000] {processor.py:914} INFO - Processing file /home/airflow/.local/lib/python3.12/site-packages/airflow/example_dags/example_complex.py for tasks to queue
[2026-07-25T09:18:35.968+0000] {logging_mixin.py:190} INFO - [2026-07-25T09:18:35.968+0000] {dagbag.py:588} INFO - Filling up the DagBag from /home/airflow/.local/lib/python3.12/site-packages/airflow/example_dags/example_complex.py
[2026-07-25T09:18:35.975+0000] {processor.py:925} INFO - DAG(s) 'example_complex' retrieved from /home/airflow/.local/lib/python3.12/site-packages/airflow/example_dags/example_complex.py
[2026-07-25T09:18:35.994+0000] {logging_mixin.py:190} INFO - [2026-07-25T09:18:35.994+0000] {dag.py:3239} INFO - Sync 1 DAGs
[2026-07-25T09:18:36.002+0000] {logging_mixin.py:190} INFO - [2026-07-25T09:18:36.002+0000] {dag.py:4180} INFO - Setting next_dagrun for example_complex to None, run_after=None
[2026-07-25T09:18:36.013+0000] {processor.py:208} INFO - Processing /home/airflow/.local/lib/python3.12/site-packages/airflow/example_dags/example_complex.py took 0.051 seconds
[2026-07-25T09:19:06.235+0000] {processor.py:186} INFO - Started process (PID=507) to work on /home/airflow/.local/lib/python3.12/site-packages/airflow/example_dags/example_complex.py
[2026-07-25T09:19:06.235+0000] {processor.py:914} INFO - Processing file /home/airflow/.local/lib/python3.12/site-packages/airflow/example_dags/example_complex.py for tasks to queue
[2026-07-25T09:19:06.237+0000] {logging_mixin.py:190} INFO - [2026-07-25T09:19:06.237+0000] {dagbag.py:588} INFO - Filling up the DagBag from /home/airflow/.local/lib/python3.12/site-packages/airflow/example_dags/example_complex.py
[2026-07-25T09:19:06.245+0000] {processor.py:925} INFO - DAG(s) 'example_complex' retrieved from /home/airflow/.local/lib/python3.12/site-packages/airflow/example_dags/example_complex.py
[2026-07-25T09:19:06.265+0000] {logging_mixin.py:190} INFO - [2026-07-25T09:19:06.265+0000] {dag.py:3239} INFO - Sync 1 DAGs
[2026-07-25T09:19:06.275+0000] {logging_mixin.py:190} INFO - [2026-07-25T09:19:06.275+0000] {dag.py:4180} INFO - Setting next_dagrun for example_complex to None, run_after=None
[2026-07-25T09:19:06.286+0000] {processor.py:208} INFO - Processing /home/airflow/.local/lib/python3.12/site-packages/airflow/example_dags/example_complex.py took 0.055 seconds
[2026-07-25T09:20:43.973+0000] {processor.py:186} INFO - Started process (PID=68) to work on /home/airflow/.local/lib/python3.12/site-packages/airflow/example_dags/example_complex.py
[2026-07-25T09:20:43.974+0000] {processor.py:914} INFO - Processing file /home/airflow/.local/lib/python3.12/site-packages/airflow/example_dags/example_complex.py for tasks to queue
[2026-07-25T09:20:43.977+0000] {logging_mixin.py:190} INFO - [2026-07-25T09:20:43.977+0000] {dagbag.py:588} INFO - Filling up the DagBag from /home/airflow/.local/lib/python3.12/site-packages/airflow/example_dags/example_complex.py
[2026-07-25T09:20:43.994+0000] {processor.py:925} INFO - DAG(s) 'example_complex' retrieved from /home/airflow/.local/lib/python3.12/site-packages/airflow/example_dags/example_complex.py
[2026-07-25T09:20:44.044+0000] {logging_mixin.py:190} INFO - [2026-07-25T09:20:44.044+0000] {dag.py:3239} INFO - Sync 1 DAGs
[2026-07-25T09:20:44.064+0000] {logging_mixin.py:190} INFO - [2026-07-25T09:20:44.064+0000] {dag.py:4180} INFO - Setting next_dagrun for example_complex to None, run_after=None
[2026-07-25T09:20:44.086+0000] {processor.py:208} INFO - Processing /home/airflow/.local/lib/python3.12/site-packages/airflow/example_dags/example_complex.py took 0.120 seconds
[2026-07-25T09:21:14.137+0000] {processor.py:186} INFO - Started process (PID=131) to work on /home/airflow/.local/lib/python3.12/site-packages/airflow/example_dags/example_complex.py
[2026-07-25T09:21:14.138+0000] {processor.py:914} INFO - Processing file /home/airflow/.local/lib/python3.12/site-packages/airflow/example_dags/example_complex.py for tasks to queue
[2026-07-25T09:21:14.139+0000] {logging_mixin.py:190} INFO - [2026-07-25T09:21:14.139+0000] {dagbag.py:588} INFO - Filling up the DagBag from /home/airflow/.local/lib/python3.12/site-packages/airflow/example_dags/example_complex.py
[2026-07-25T09:21:14.147+0000] {processor.py:925} INFO - DAG(s) 'example_complex' retrieved from /home/airflow/.local/lib/python3.12/site-packages/airflow/example_dags/example_complex.py
[2026-07-25T09:21:14.169+0000] {logging_mixin.py:190} INFO - [2026-07-25T09:21:14.169+0000] {dag.py:3239} INFO - Sync 1 DAGs
[2026-07-25T09:21:14.178+0000] {logging_mixin.py:190} INFO - [2026-07-25T09:21:14.178+0000] {dag.py:4180} INFO - Setting next_dagrun for example_complex to None, run_after=None
[2026-07-25T09:21:14.190+0000] {processor.py:208} INFO - Processing /home/airflow/.local/lib/python3.12/site-packages/airflow/example_dags/example_complex.py took 0.057 seconds
[2026-07-25T09:21:44.273+0000] {processor.py:186} INFO - Started process (PID=194) to work on /home/airflow/.local/lib/python3.12/site-packages/airflow/example_dags/example_complex.py
[2026-07-25T09:21:44.274+0000] {processor.py:914} INFO - Processing file /home/airflow/.local/lib/python3.12/site-packages/airflow/example_dags/example_complex.py for tasks to queue
[2026-07-25T09:21:44.276+0000] {logging_mixin.py:190} INFO - [2026-07-25T09:21:44.276+0000] {dagbag.py:588} INFO - Filling up the DagBag from /home/airflow/.local/lib/python3.12/site-packages/airflow/example_dags/example_complex.py
[2026-07-25T09:21:44.285+0000] {processor.py:925} INFO - DAG(s) 'example_complex' retrieved from /home/airflow/.local/lib/python3.12/site-packages/airflow/example_dags/example_complex.py
[2026-07-25T09:21:44.306+0000] {logging_mixin.py:190} INFO - [2026-07-25T09:21:44.306+0000] {dag.py:3239} INFO - Sync 1 DAGs
[2026-07-25T09:21:44.316+0000] {logging_mixin.py:190} INFO - [2026-07-25T09:21:44.316+0000] {dag.py:4180} INFO - Setting next_dagrun for example_complex to None, run_after=None
[2026-07-25T09:21:44.328+0000] {processor.py:208} INFO - Processing /home/airflow/.local/lib/python3.12/site-packages/airflow/example_dags/example_complex.py took 0.060 seconds
[2026-07-25T09:22:14.801+0000] {processor.py:186} INFO - Started process (PID=257) to work on /home/airflow/.local/lib/python3.12/site-packages/airflow/example_dags/example_complex.py
[2026-07-25T09:22:14.801+0000] {processor.py:914} INFO - Processing file /home/airflow/.local/lib/python3.12/site-packages/airflow/example_dags/example_complex.py for tasks to queue
[2026-07-25T09:22:14.803+0000] {logging_mixin.py:190} INFO - [2026-07-25T09:22:14.803+0000] {dagbag.py:588} INFO - Filling up the DagBag from /home/airflow/.local/lib/python3.12/site-packages/airflow/example_dags/example_complex.py
[2026-07-25T09:22:14.811+0000] {processor.py:925} INFO - DAG(s) 'example_complex' retrieved from /home/airflow/.local/lib/python3.12/site-packages/airflow/example_dags/example_complex.py
[2026-07-25T09:22:14.830+0000] {logging_mixin.py:190} INFO - [2026-07-25T09:22:14.830+0000] {dag.py:3239} INFO - Sync 1 DAGs
[2026-07-25T09:22:14.838+0000] {logging_mixin.py:190} INFO - [2026-07-25T09:22:14.838+0000] {dag.py:4180} INFO - Setting next_dagrun for example_complex to None, run_after=None
[2026-07-25T09:22:14.850+0000] {processor.py:208} INFO - Processing /home/airflow/.local/lib/python3.12/site-packages/airflow/example_dags/example_complex.py took 0.052 seconds
[2026-07-25T09:23:55.807+0000] {processor.py:186} INFO - Started process (PID=68) to work on /home/airflow/.local/lib/python3.12/site-packages/airflow/example_dags/example_complex.py
[2026-07-25T09:23:55.808+0000] {processor.py:914} INFO - Processing file /home/airflow/.local/lib/python3.12/site-packages/airflow/example_dags/example_complex.py for tasks to queue
[2026-07-25T09:23:55.810+0000] {logging_mixin.py:190} INFO - [2026-07-25T09:23:55.810+0000] {dagbag.py:588} INFO - Filling up the DagBag from /home/airflow/.local/lib/python3.12/site-packages/airflow/example_dags/example_complex.py
[2026-07-25T09:23:55.824+0000] {processor.py:925} INFO - DAG(s) 'example_complex' retrieved from /home/airflow/.local/lib/python3.12/site-packages/airflow/example_dags/example_complex.py
[2026-07-25T09:23:55.866+0000] {logging_mixin.py:190} INFO - [2026-07-25T09:23:55.866+0000] {dag.py:3239} INFO - Sync 1 DAGs
[2026-07-25T09:23:55.883+0000] {logging_mixin.py:190} INFO - [2026-07-25T09:23:55.883+0000] {dag.py:4180} INFO - Setting next_dagrun for example_complex to None, run_after=None
[2026-07-25T09:23:55.898+0000] {processor.py:208} INFO - Processing /home/airflow/.local/lib/python3.12/site-packages/airflow/example_dags/example_complex.py took 0.097 seconds
[2026-07-25T09:24:27.688+0000] {processor.py:186} INFO - Started process (PID=131) to work on /home/airflow/.local/lib/python3.12/site-packages/airflow/example_dags/example_complex.py
[2026-07-25T09:24:27.688+0000] {processor.py:914} INFO - Processing file /home/airflow/.local/lib/python3.12/site-packages/airflow/example_dags/example_complex.py for tasks to queue
[2026-07-25T09:24:27.691+0000] {logging_mixin.py:190} INFO - [2026-07-25T09:24:27.691+0000] {dagbag.py:588} INFO - Filling up the DagBag from /home/airflow/.local/lib/python3.12/site-packages/airflow/example_dags/example_complex.py
[2026-07-25T09:24:27.700+0000] {processor.py:925} INFO - DAG(s) 'example_complex' retrieved from /home/airflow/.local/lib/python3.12/site-packages/airflow/example_dags/example_complex.py
[2026-07-25T09:24:27.721+0000] {logging_mixin.py:190} INFO - [2026-07-25T09:24:27.721+0000] {dag.py:3239} INFO - Sync 1 DAGs
[2026-07-25T09:24:27.730+0000] {logging_mixin.py:190} INFO - [2026-07-25T09:24:27.730+0000] {dag.py:4180} INFO - Setting next_dagrun for example_complex to None, run_after=None
[2026-07-25T09:24:27.752+0000] {processor.py:208} INFO - Processing /home/airflow/.local/lib/python3.12/site-packages/airflow/example_dags/example_complex.py took 0.068 seconds
[2026-07-25T09:24:58.293+0000] {processor.py:186} INFO - Started process (PID=200) to work on /home/airflow/.local/lib/python3.12/site-packages/airflow/example_dags/example_complex.py
[2026-07-25T09:24:58.294+0000] {processor.py:914} INFO - Processing file /home/airflow/.local/lib/python3.12/site-packages/airflow/example_dags/example_complex.py for tasks to queue
[2026-07-25T09:24:58.296+0000] {logging_mixin.py:190} INFO - [2026-07-25T09:24:58.296+0000] {dagbag.py:588} INFO - Filling up the DagBag from /home/airflow/.local/lib/python3.12/site-packages/airflow/example_dags/example_complex.py
[2026-07-25T09:24:58.303+0000] {processor.py:925} INFO - DAG(s) 'example_complex' retrieved from /home/airflow/.local/lib/python3.12/site-packages/airflow/example_dags/example_complex.py
[2026-07-25T09:24:58.323+0000] {logging_mixin.py:190} INFO - [2026-07-25T09:24:58.323+0000] {dag.py:3239} INFO - Sync 1 DAGs
[2026-07-25T09:24:58.332+0000] {logging_mixin.py:190} INFO - [2026-07-25T09:24:58.332+0000] {dag.py:4180} INFO - Setting next_dagrun for example_complex to None, run_after=None
[2026-07-25T09:24:58.343+0000] {processor.py:208} INFO - Processing /home/airflow/.local/lib/python3.12/site-packages/airflow/example_dags/example_complex.py took 0.054 seconds
[2026-07-25T09:25:29.149+0000] {processor.py:186} INFO - Started process (PID=263) to work on /home/airflow/.local/lib/python3.12/site-packages/airflow/example_dags/example_complex.py
[2026-07-25T09:25:29.150+0000] {processor.py:914} INFO - Processing file /home/airflow/.local/lib/python3.12/site-packages/airflow/example_dags/example_complex.py for tasks to queue
[2026-07-25T09:25:29.153+0000] {logging_mixin.py:190} INFO - [2026-07-25T09:25:29.153+0000] {dagbag.py:588} INFO - Filling up the DagBag from /home/airflow/.local/lib/python3.12/site-packages/airflow/example_dags/example_complex.py
[2026-07-25T09:25:29.163+0000] {processor.py:925} INFO - DAG(s) 'example_complex' retrieved from /home/airflow/.local/lib/python3.12/site-packages/airflow/example_dags/example_complex.py
[2026-07-25T09:25:29.189+0000] {logging_mixin.py:190} INFO - [2026-07-25T09:25:29.189+0000] {dag.py:3239} INFO - Sync 1 DAGs
[2026-07-25T09:25:29.199+0000] {logging_mixin.py:190} INFO - [2026-07-25T09:25:29.199+0000] {dag.py:4180} INFO - Setting next_dagrun for example_complex to None, run_after=None
[2026-07-25T09:25:29.210+0000] {processor.py:208} INFO - Processing /home/airflow/.local/lib/python3.12/site-packages/airflow/example_dags/example_complex.py took 0.066 seconds
[2026-07-25T09:26:48.153+0000] {processor.py:186} INFO - Started process (PID=68) to work on /home/airflow/.local/lib/python3.12/site-packages/airflow/example_dags/example_complex.py
[2026-07-25T09:26:48.154+0000] {processor.py:914} INFO - Processing file /home/airflow/.local/lib/python3.12/site-packages/airflow/example_dags/example_complex.py for tasks to queue
[2026-07-25T09:26:48.157+0000] {logging_mixin.py:190} INFO - [2026-07-25T09:26:48.157+0000] {dagbag.py:588} INFO - Filling up the DagBag from /home/airflow/.local/lib/python3.12/site-packages/airflow/example_dags/example_complex.py
[2026-07-25T09:26:48.176+0000] {processor.py:925} INFO - DAG(s) 'example_complex' retrieved from /home/airflow/.local/lib/python3.12/site-packages/airflow/example_dags/example_complex.py
[2026-07-25T09:26:48.285+0000] {logging_mixin.py:190} INFO - [2026-07-25T09:26:48.285+0000] {override.py:1932} INFO - Created Permission View: can edit on DAG:example_complex
[2026-07-25T09:26:48.294+0000] {logging_mixin.py:190} INFO - [2026-07-25T09:26:48.294+0000] {override.py:1932} INFO - Created Permission View: can read on DAG:example_complex
[2026-07-25T09:26:48.299+0000] {logging_mixin.py:190} INFO - [2026-07-25T09:26:48.299+0000] {override.py:1932} INFO - Created Permission View: can delete on DAG:example_complex
[2026-07-25T09:26:48.306+0000] {logging_mixin.py:190} INFO - [2026-07-25T09:26:48.306+0000] {override.py:1932} INFO - Created Permission View: menu access on DAG Run:example_complex
[2026-07-25T09:26:48.312+0000] {logging_mixin.py:190} INFO - [2026-07-25T09:26:48.312+0000] {override.py:1932} INFO - Created Permission View: can read on DAG Run:example_complex
[2026-07-25T09:26:48.318+0000] {logging_mixin.py:190} INFO - [2026-07-25T09:26:48.317+0000] {override.py:1932} INFO - Created Permission View: can create on DAG Run:example_complex
[2026-07-25T09:26:48.323+0000] {logging_mixin.py:190} INFO - [2026-07-25T09:26:48.323+0000] {override.py:1932} INFO - Created Permission View: can delete on DAG Run:example_complex
[2026-07-25T09:26:48.324+0000] {logging_mixin.py:190} INFO - [2026-07-25T09:26:48.324+0000] {dag.py:3239} INFO - Sync 1 DAGs
[2026-07-25T09:26:48.332+0000] {logging_mixin.py:190} INFO - [2026-07-25T09:26:48.332+0000] {dag.py:3262} INFO - Creating ORM DAG for example_complex
[2026-07-25T09:26:48.333+0000] {logging_mixin.py:190} INFO - [2026-07-25T09:26:48.333+0000] {dag.py:4180} INFO - Setting next_dagrun for example_complex to None, run_after=None
[2026-07-25T09:26:48.346+0000] {processor.py:208} INFO - Processing /home/airflow/.local/lib/python3.12/site-packages/airflow/example_dags/example_complex.py took 0.201 seconds
[2026-07-25T09:27:18.787+0000] {processor.py:186} INFO - Started process (PID=131) to work on /home/airflow/.local/lib/python3.12/site-packages/airflow/example_dags/example_complex.py
[2026-07-25T09:27:18.788+0000] {processor.py:914} INFO - Processing file /home/airflow/.local/lib/python3.12/site-packages/airflow/example_dags/example_complex.py for tasks to queue
[2026-07-25T09:27:18.790+0000] {logging_mixin.py:190} INFO - [2026-07-25T09:27:18.790+0000] {dagbag.py:588} INFO - Filling up the DagBag from /home/airflow/.local/lib/python3.12/site-packages/airflow/example_dags/example_complex.py
[2026-07-25T09:27:18.799+0000] {processor.py:925} INFO - DAG(s) 'example_complex' retrieved from /home/airflow/.local/lib/python3.12/site-packages/airflow/example_dags/example_complex.py
[2026-07-25T09:27:18.818+0000] {logging_mixin.py:190} INFO - [2026-07-25T09:27:18.818+0000] {dag.py:3239} INFO - Sync 1 DAGs
[2026-07-25T09:27:18.827+0000] {logging_mixin.py:190} INFO - [2026-07-25T09:27:18.827+0000] {dag.py:4180} INFO - Setting next_dagrun for example_complex to None, run_after=None
[2026-07-25T09:27:18.838+0000] {processor.py:208} INFO - Processing /home/airflow/.local/lib/python3.12/site-packages/airflow/example_dags/example_complex.py took 0.055 seconds
[2026-07-25T09:27:49.095+0000] {processor.py:186} INFO - Started process (PID=194) to work on /home/airflow/.local/lib/python3.12/site-packages/airflow/example_dags/example_complex.py
[2026-07-25T09:27:49.096+0000] {processor.py:914} INFO - Processing file /home/airflow/.local/lib/python3.12/site-packages/airflow/example_dags/example_complex.py for tasks to queue
[2026-07-25T09:27:49.098+0000] {logging_mixin.py:190} INFO - [2026-07-25T09:27:49.098+0000] {dagbag.py:588} INFO - Filling up the DagBag from /home/airflow/.local/lib/python3.12/site-packages/airflow/example_dags/example_complex.py
[2026-07-25T09:27:49.106+0000] {processor.py:925} INFO - DAG(s) 'example_complex' retrieved from /home/airflow/.local/lib/python3.12/site-packages/airflow/example_dags/example_complex.py
[2026-07-25T09:27:49.126+0000] {logging_mixin.py:190} INFO - [2026-07-25T09:27:49.126+0000] {dag.py:3239} INFO - Sync 1 DAGs
[2026-07-25T09:27:49.136+0000] {logging_mixin.py:190} INFO - [2026-07-25T09:27:49.135+0000] {dag.py:4180} INFO - Setting next_dagrun for example_complex to None, run_after=None
[2026-07-25T09:27:49.147+0000] {processor.py:208} INFO - Processing /home/airflow/.local/lib/python3.12/site-packages/airflow/example_dags/example_complex.py took 0.055 seconds
[2026-07-25T09:28:19.489+0000] {processor.py:186} INFO - Started process (PID=257) to work on /home/airflow/.local/lib/python3.12/site-packages/airflow/example_dags/example_complex.py
[2026-07-25T09:28:19.490+0000] {processor.py:914} INFO - Processing file /home/airflow/.local/lib/python3.12/site-packages/airflow/example_dags/example_complex.py for tasks to queue
[2026-07-25T09:28:19.492+0000] {logging_mixin.py:190} INFO - [2026-07-25T09:28:19.492+0000] {dagbag.py:588} INFO - Filling up the DagBag from /home/airflow/.local/lib/python3.12/site-packages/airflow/example_dags/example_complex.py
[2026-07-25T09:28:19.500+0000] {processor.py:925} INFO - DAG(s) 'example_complex' retrieved from /home/airflow/.local/lib/python3.12/site-packages/airflow/example_dags/example_complex.py
[2026-07-25T09:28:19.522+0000] {logging_mixin.py:190} INFO - [2026-07-25T09:28:19.522+0000] {dag.py:3239} INFO - Sync 1 DAGs
[2026-07-25T09:28:19.532+0000] {logging_mixin.py:190} INFO - [2026-07-25T09:28:19.532+0000] {dag.py:4180} INFO - Setting next_dagrun for example_complex to None, run_after=None
[2026-07-25T09:28:19.563+0000] {processor.py:208} INFO - Processing /home/airflow/.local/lib/python3.12/site-packages/airflow/example_dags/example_complex.py took 0.078 seconds
[2026-07-25T09:28:50.084+0000] {processor.py:186} INFO - Started process (PID=320) to work on /home/airflow/.local/lib/python3.12/site-packages/airflow/example_dags/example_complex.py
[2026-07-25T09:28:50.085+0000] {processor.py:914} INFO - Processing file /home/airflow/.local/lib/python3.12/site-packages/airflow/example_dags/example_complex.py for tasks to queue
[2026-07-25T09:28:50.087+0000] {logging_mixin.py:190} INFO - [2026-07-25T09:28:50.087+0000] {dagbag.py:588} INFO - Filling up the DagBag from /home/airflow/.local/lib/python3.12/site-packages/airflow/example_dags/example_complex.py
[2026-07-25T09:28:50.096+0000] {processor.py:925} INFO - DAG(s) 'example_complex' retrieved from /home/airflow/.local/lib/python3.12/site-packages/airflow/example_dags/example_complex.py
[2026-07-25T09:28:50.119+0000] {logging_mixin.py:190} INFO - [2026-07-25T09:28:50.119+0000] {dag.py:3239} INFO - Sync 1 DAGs
[2026-07-25T09:28:50.131+0000] {logging_mixin.py:190} INFO - [2026-07-25T09:28:50.131+0000] {dag.py:4180} INFO - Setting next_dagrun for example_complex to None, run_after=None
[2026-07-25T09:28:50.156+0000] {processor.py:208} INFO - Processing /home/airflow/.local/lib/python3.12/site-packages/airflow/example_dags/example_complex.py took 0.076 seconds
[2026-07-25T09:29:23.026+0000] {processor.py:186} INFO - Started process (PID=389) to work on /home/airflow/.local/lib/python3.12/site-packages/airflow/example_dags/example_complex.py
[2026-07-25T09:29:23.027+0000] {processor.py:914} INFO - Processing file /home/airflow/.local/lib/python3.12/site-packages/airflow/example_dags/example_complex.py for tasks to queue
[2026-07-25T09:29:23.029+0000] {logging_mixin.py:190} INFO - [2026-07-25T09:29:23.029+0000] {dagbag.py:588} INFO - Filling up the DagBag from /home/airflow/.local/lib/python3.12/site-packages/airflow/example_dags/example_complex.py
[2026-07-25T09:29:23.036+0000] {processor.py:925} INFO - DAG(s) 'example_complex' retrieved from /home/airflow/.local/lib/python3.12/site-packages/airflow/example_dags/example_complex.py
[2026-07-25T09:29:23.056+0000] {logging_mixin.py:190} INFO - [2026-07-25T09:29:23.056+0000] {dag.py:3239} INFO - Sync 1 DAGs
[2026-07-25T09:29:23.065+0000] {logging_mixin.py:190} INFO - [2026-07-25T09:29:23.065+0000] {dag.py:4180} INFO - Setting next_dagrun for example_complex to None, run_after=None
[2026-07-25T09:29:23.084+0000] {processor.py:208} INFO - Processing /home/airflow/.local/lib/python3.12/site-packages/airflow/example_dags/example_complex.py took 0.062 seconds
[2026-07-25T09:29:53.177+0000] {processor.py:186} INFO - Started process (PID=451) to work on /home/airflow/.local/lib/python3.12/site-packages/airflow/example_dags/example_complex.py
[2026-07-25T09:29:53.178+0000] {processor.py:914} INFO - Processing file /home/airflow/.local/lib/python3.12/site-packages/airflow/example_dags/example_complex.py for tasks to queue
[2026-07-25T09:29:53.180+0000] {logging_mixin.py:190} INFO - [2026-07-25T09:29:53.180+0000] {dagbag.py:588} INFO - Filling up the DagBag from /home/airflow/.local/lib/python3.12/site-packages/airflow/example_dags/example_complex.py
[2026-07-25T09:29:53.187+0000] {processor.py:925} INFO - DAG(s) 'example_complex' retrieved from /home/airflow/.local/lib/python3.12/site-packages/airflow/example_dags/example_complex.py
[2026-07-25T09:29:53.206+0000] {logging_mixin.py:190} INFO - [2026-07-25T09:29:53.206+0000] {dag.py:3239} INFO - Sync 1 DAGs
[2026-07-25T09:29:53.215+0000] {logging_mixin.py:190} INFO - [2026-07-25T09:29:53.214+0000] {dag.py:4180} INFO - Setting next_dagrun for example_complex to None, run_after=None
[2026-07-25T09:29:53.238+0000] {processor.py:208} INFO - Processing /home/airflow/.local/lib/python3.12/site-packages/airflow/example_dags/example_complex.py took 0.064 seconds
[2026-07-25T09:30:23.796+0000] {processor.py:186} INFO - Started process (PID=513) to work on /home/airflow/.local/lib/python3.12/site-packages/airflow/example_dags/example_complex.py
[2026-07-25T09:30:23.797+0000] {processor.py:914} INFO - Processing file /home/airflow/.local/lib/python3.12/site-packages/airflow/example_dags/example_complex.py for tasks to queue
[2026-07-25T09:30:23.799+0000] {logging_mixin.py:190} INFO - [2026-07-25T09:30:23.799+0000] {dagbag.py:588} INFO - Filling up the DagBag from /home/airflow/.local/lib/python3.12/site-packages/airflow/example_dags/example_complex.py
[2026-07-25T09:30:23.806+0000] {processor.py:925} INFO - DAG(s) 'example_complex' retrieved from /home/airflow/.local/lib/python3.12/site-packages/airflow/example_dags/example_complex.py
[2026-07-25T09:30:23.826+0000] {logging_mixin.py:190} INFO - [2026-07-25T09:30:23.826+0000] {dag.py:3239} INFO - Sync 1 DAGs
[2026-07-25T09:30:23.835+0000] {logging_mixin.py:190} INFO - [2026-07-25T09:30:23.835+0000] {dag.py:4180} INFO - Setting next_dagrun for example_complex to None, run_after=None
[2026-07-25T09:30:23.846+0000] {processor.py:208} INFO - Processing /home/airflow/.local/lib/python3.12/site-packages/airflow/example_dags/example_complex.py took 0.053 seconds
[2026-07-25T09:30:54.783+0000] {processor.py:186} INFO - Started process (PID=575) to work on /home/airflow/.local/lib/python3.12/site-packages/airflow/example_dags/example_complex.py
[2026-07-25T09:30:54.784+0000] {processor.py:914} INFO - Processing file /home/airflow/.local/lib/python3.12/site-packages/airflow/example_dags/example_complex.py for tasks to queue
[2026-07-25T09:30:54.786+0000] {logging_mixin.py:190} INFO - [2026-07-25T09:30:54.786+0000] {dagbag.py:588} INFO - Filling up the DagBag from /home/airflow/.local/lib/python3.12/site-packages/airflow/example_dags/example_complex.py
[2026-07-25T09:30:54.794+0000] {processor.py:925} INFO - DAG(s) 'example_complex' retrieved from /home/airflow/.local/lib/python3.12/site-packages/airflow/example_dags/example_complex.py
[2026-07-25T09:30:54.812+0000] {logging_mixin.py:190} INFO - [2026-07-25T09:30:54.812+0000] {dag.py:3239} INFO - Sync 1 DAGs
[2026-07-25T09:30:54.822+0000] {logging_mixin.py:190} INFO - [2026-07-25T09:30:54.822+0000] {dag.py:4180} INFO - Setting next_dagrun for example_complex to None, run_after=None
[2026-07-25T09:30:54.845+0000] {processor.py:208} INFO - Processing /home/airflow/.local/lib/python3.12/site-packages/airflow/example_dags/example_complex.py took 0.065 seconds
