[2026-07-25T09:06:19.464+0000] {processor.py:186} INFO - Started process (PID=95) to work on /home/airflow/.local/lib/python3.12/site-packages/airflow/example_dags/example_branch_operator.py
[2026-07-25T09:06:19.465+0000] {processor.py:914} INFO - Processing file /home/airflow/.local/lib/python3.12/site-packages/airflow/example_dags/example_branch_operator.py for tasks to queue
[2026-07-25T09:06:19.467+0000] {logging_mixin.py:190} INFO - [2026-07-25T09:06:19.467+0000] {dagbag.py:588} INFO - Filling up the DagBag from /home/airflow/.local/lib/python3.12/site-packages/airflow/example_dags/example_branch_operator.py
[2026-07-25T09:06:19.479+0000] {processor.py:925} INFO - DAG(s) 'example_branch_operator' retrieved from /home/airflow/.local/lib/python3.12/site-packages/airflow/example_dags/example_branch_operator.py
[2026-07-25T09:06:19.559+0000] {logging_mixin.py:190} INFO - [2026-07-25T09:06:19.559+0000] {override.py:1932} INFO - Created Permission View: can edit on DAG:example_branch_operator
[2026-07-25T09:06:19.567+0000] {logging_mixin.py:190} INFO - [2026-07-25T09:06:19.567+0000] {override.py:1932} INFO - Created Permission View: can read on DAG:example_branch_operator
[2026-07-25T09:06:19.572+0000] {logging_mixin.py:190} INFO - [2026-07-25T09:06:19.572+0000] {override.py:1932} INFO - Created Permission View: can delete on DAG:example_branch_operator
[2026-07-25T09:06:19.579+0000] {logging_mixin.py:190} INFO - [2026-07-25T09:06:19.579+0000] {override.py:1932} INFO - Created Permission View: can create on DAG Run:example_branch_operator
[2026-07-25T09:06:19.584+0000] {logging_mixin.py:190} INFO - [2026-07-25T09:06:19.584+0000] {override.py:1932} INFO - Created Permission View: can read on DAG Run:example_branch_operator
[2026-07-25T09:06:19.589+0000] {logging_mixin.py:190} INFO - [2026-07-25T09:06:19.589+0000] {override.py:1932} INFO - Created Permission View: can delete on DAG Run:example_branch_operator
[2026-07-25T09:06:19.594+0000] {logging_mixin.py:190} INFO - [2026-07-25T09:06:19.594+0000] {override.py:1932} INFO - Created Permission View: menu access on DAG Run:example_branch_operator
[2026-07-25T09:06:19.595+0000] {logging_mixin.py:190} INFO - [2026-07-25T09:06:19.595+0000] {dag.py:3239} INFO - Sync 1 DAGs
[2026-07-25T09:06:19.605+0000] {logging_mixin.py:190} INFO - [2026-07-25T09:06:19.605+0000] {dag.py:3262} INFO - Creating ORM DAG for example_branch_operator
[2026-07-25T09:06:19.613+0000] {logging_mixin.py:190} INFO - [2026-07-25T09:06:19.613+0000] {dag.py:4180} INFO - Setting next_dagrun for example_branch_operator to 2026-07-24 00:00:00+00:00, run_after=2026-07-25 00:00:00+00:00
[2026-07-25T09:06:19.625+0000] {processor.py:208} INFO - Processing /home/airflow/.local/lib/python3.12/site-packages/airflow/example_dags/example_branch_operator.py took 0.165 seconds
[2026-07-25T09:06:52.476+0000] {processor.py:186} INFO - Started process (PID=157) to work on /home/airflow/.local/lib/python3.12/site-packages/airflow/example_dags/example_branch_operator.py
[2026-07-25T09:06:52.476+0000] {processor.py:914} INFO - Processing file /home/airflow/.local/lib/python3.12/site-packages/airflow/example_dags/example_branch_operator.py for tasks to queue
[2026-07-25T09:06:52.478+0000] {logging_mixin.py:190} INFO - [2026-07-25T09:06:52.478+0000] {dagbag.py:588} INFO - Filling up the DagBag from /home/airflow/.local/lib/python3.12/site-packages/airflow/example_dags/example_branch_operator.py
[2026-07-25T09:06:52.489+0000] {processor.py:925} INFO - DAG(s) 'example_branch_operator' retrieved from /home/airflow/.local/lib/python3.12/site-packages/airflow/example_dags/example_branch_operator.py
[2026-07-25T09:06:52.506+0000] {logging_mixin.py:190} INFO - [2026-07-25T09:06:52.506+0000] {dag.py:3239} INFO - Sync 1 DAGs
[2026-07-25T09:06:52.519+0000] {logging_mixin.py:190} INFO - [2026-07-25T09:06:52.519+0000] {dag.py:4180} INFO - Setting next_dagrun for example_branch_operator to 2026-07-24 00:00:00+00:00, run_after=2026-07-25 00:00:00+00:00
[2026-07-25T09:06:52.533+0000] {processor.py:208} INFO - Processing /home/airflow/.local/lib/python3.12/site-packages/airflow/example_dags/example_branch_operator.py took 0.061 seconds
[2026-07-25T09:07:23.260+0000] {processor.py:186} INFO - Started process (PID=219) to work on /home/airflow/.local/lib/python3.12/site-packages/airflow/example_dags/example_branch_operator.py
[2026-07-25T09:07:23.261+0000] {processor.py:914} INFO - Processing file /home/airflow/.local/lib/python3.12/site-packages/airflow/example_dags/example_branch_operator.py for tasks to queue
[2026-07-25T09:07:23.263+0000] {logging_mixin.py:190} INFO - [2026-07-25T09:07:23.263+0000] {dagbag.py:588} INFO - Filling up the DagBag from /home/airflow/.local/lib/python3.12/site-packages/airflow/example_dags/example_branch_operator.py
[2026-07-25T09:07:23.274+0000] {processor.py:925} INFO - DAG(s) 'example_branch_operator' retrieved from /home/airflow/.local/lib/python3.12/site-packages/airflow/example_dags/example_branch_operator.py
[2026-07-25T09:07:23.291+0000] {logging_mixin.py:190} INFO - [2026-07-25T09:07:23.291+0000] {dag.py:3239} INFO - Sync 1 DAGs
[2026-07-25T09:07:23.304+0000] {logging_mixin.py:190} INFO - [2026-07-25T09:07:23.304+0000] {dag.py:4180} INFO - Setting next_dagrun for example_branch_operator to 2026-07-24 00:00:00+00:00, run_after=2026-07-25 00:00:00+00:00
[2026-07-25T09:07:23.315+0000] {processor.py:208} INFO - Processing /home/airflow/.local/lib/python3.12/site-packages/airflow/example_dags/example_branch_operator.py took 0.059 seconds
[2026-07-25T09:07:53.577+0000] {processor.py:186} INFO - Started process (PID=281) to work on /home/airflow/.local/lib/python3.12/site-packages/airflow/example_dags/example_branch_operator.py
[2026-07-25T09:07:53.578+0000] {processor.py:914} INFO - Processing file /home/airflow/.local/lib/python3.12/site-packages/airflow/example_dags/example_branch_operator.py for tasks to queue
[2026-07-25T09:07:53.580+0000] {logging_mixin.py:190} INFO - [2026-07-25T09:07:53.579+0000] {dagbag.py:588} INFO - Filling up the DagBag from /home/airflow/.local/lib/python3.12/site-packages/airflow/example_dags/example_branch_operator.py
[2026-07-25T09:07:53.590+0000] {processor.py:925} INFO - DAG(s) 'example_branch_operator' retrieved from /home/airflow/.local/lib/python3.12/site-packages/airflow/example_dags/example_branch_operator.py
[2026-07-25T09:07:53.607+0000] {logging_mixin.py:190} INFO - [2026-07-25T09:07:53.607+0000] {dag.py:3239} INFO - Sync 1 DAGs
[2026-07-25T09:07:53.619+0000] {logging_mixin.py:190} INFO - [2026-07-25T09:07:53.619+0000] {dag.py:4180} INFO - Setting next_dagrun for example_branch_operator to 2026-07-24 00:00:00+00:00, run_after=2026-07-25 00:00:00+00:00
[2026-07-25T09:07:53.630+0000] {processor.py:208} INFO - Processing /home/airflow/.local/lib/python3.12/site-packages/airflow/example_dags/example_branch_operator.py took 0.056 seconds
[2026-07-25T09:08:23.928+0000] {processor.py:186} INFO - Started process (PID=344) to work on /home/airflow/.local/lib/python3.12/site-packages/airflow/example_dags/example_branch_operator.py
[2026-07-25T09:08:23.929+0000] {processor.py:914} INFO - Processing file /home/airflow/.local/lib/python3.12/site-packages/airflow/example_dags/example_branch_operator.py for tasks to queue
[2026-07-25T09:08:23.932+0000] {logging_mixin.py:190} INFO - [2026-07-25T09:08:23.931+0000] {dagbag.py:588} INFO - Filling up the DagBag from /home/airflow/.local/lib/python3.12/site-packages/airflow/example_dags/example_branch_operator.py
[2026-07-25T09:08:23.944+0000] {processor.py:925} INFO - DAG(s) 'example_branch_operator' retrieved from /home/airflow/.local/lib/python3.12/site-packages/airflow/example_dags/example_branch_operator.py
[2026-07-25T09:08:23.963+0000] {logging_mixin.py:190} INFO - [2026-07-25T09:08:23.963+0000] {dag.py:3239} INFO - Sync 1 DAGs
[2026-07-25T09:08:23.977+0000] {logging_mixin.py:190} INFO - [2026-07-25T09:08:23.977+0000] {dag.py:4180} INFO - Setting next_dagrun for example_branch_operator to 2026-07-24 00:00:00+00:00, run_after=2026-07-25 00:00:00+00:00
[2026-07-25T09:08:23.989+0000] {processor.py:208} INFO - Processing /home/airflow/.local/lib/python3.12/site-packages/airflow/example_dags/example_branch_operator.py took 0.065 seconds
[2026-07-25T09:08:54.872+0000] {processor.py:186} INFO - Started process (PID=407) to work on /home/airflow/.local/lib/python3.12/site-packages/airflow/example_dags/example_branch_operator.py
[2026-07-25T09:08:54.873+0000] {processor.py:914} INFO - Processing file /home/airflow/.local/lib/python3.12/site-packages/airflow/example_dags/example_branch_operator.py for tasks to queue
[2026-07-25T09:08:54.875+0000] {logging_mixin.py:190} INFO - [2026-07-25T09:08:54.875+0000] {dagbag.py:588} INFO - Filling up the DagBag from /home/airflow/.local/lib/python3.12/site-packages/airflow/example_dags/example_branch_operator.py
[2026-07-25T09:08:54.885+0000] {processor.py:925} INFO - DAG(s) 'example_branch_operator' retrieved from /home/airflow/.local/lib/python3.12/site-packages/airflow/example_dags/example_branch_operator.py
[2026-07-25T09:08:54.903+0000] {logging_mixin.py:190} INFO - [2026-07-25T09:08:54.903+0000] {dag.py:3239} INFO - Sync 1 DAGs
[2026-07-25T09:08:54.917+0000] {logging_mixin.py:190} INFO - [2026-07-25T09:08:54.917+0000] {dag.py:4180} INFO - Setting next_dagrun for example_branch_operator to 2026-07-24 00:00:00+00:00, run_after=2026-07-25 00:00:00+00:00
[2026-07-25T09:08:54.929+0000] {processor.py:208} INFO - Processing /home/airflow/.local/lib/python3.12/site-packages/airflow/example_dags/example_branch_operator.py took 0.060 seconds
[2026-07-25T09:09:25.823+0000] {processor.py:186} INFO - Started process (PID=470) to work on /home/airflow/.local/lib/python3.12/site-packages/airflow/example_dags/example_branch_operator.py
[2026-07-25T09:09:25.824+0000] {processor.py:914} INFO - Processing file /home/airflow/.local/lib/python3.12/site-packages/airflow/example_dags/example_branch_operator.py for tasks to queue
[2026-07-25T09:09:25.826+0000] {logging_mixin.py:190} INFO - [2026-07-25T09:09:25.825+0000] {dagbag.py:588} INFO - Filling up the DagBag from /home/airflow/.local/lib/python3.12/site-packages/airflow/example_dags/example_branch_operator.py
[2026-07-25T09:09:25.839+0000] {processor.py:925} INFO - DAG(s) 'example_branch_operator' retrieved from /home/airflow/.local/lib/python3.12/site-packages/airflow/example_dags/example_branch_operator.py
[2026-07-25T09:09:25.858+0000] {logging_mixin.py:190} INFO - [2026-07-25T09:09:25.858+0000] {dag.py:3239} INFO - Sync 1 DAGs
[2026-07-25T09:09:25.874+0000] {logging_mixin.py:190} INFO - [2026-07-25T09:09:25.874+0000] {dag.py:4180} INFO - Setting next_dagrun for example_branch_operator to 2026-07-24 00:00:00+00:00, run_after=2026-07-25 00:00:00+00:00
[2026-07-25T09:09:25.886+0000] {processor.py:208} INFO - Processing /home/airflow/.local/lib/python3.12/site-packages/airflow/example_dags/example_branch_operator.py took 0.068 seconds
[2026-07-25T09:09:56.095+0000] {processor.py:186} INFO - Started process (PID=533) to work on /home/airflow/.local/lib/python3.12/site-packages/airflow/example_dags/example_branch_operator.py
[2026-07-25T09:09:56.096+0000] {processor.py:914} INFO - Processing file /home/airflow/.local/lib/python3.12/site-packages/airflow/example_dags/example_branch_operator.py for tasks to queue
[2026-07-25T09:09:56.098+0000] {logging_mixin.py:190} INFO - [2026-07-25T09:09:56.098+0000] {dagbag.py:588} INFO - Filling up the DagBag from /home/airflow/.local/lib/python3.12/site-packages/airflow/example_dags/example_branch_operator.py
[2026-07-25T09:09:56.111+0000] {processor.py:925} INFO - DAG(s) 'example_branch_operator' retrieved from /home/airflow/.local/lib/python3.12/site-packages/airflow/example_dags/example_branch_operator.py
[2026-07-25T09:09:56.130+0000] {logging_mixin.py:190} INFO - [2026-07-25T09:09:56.130+0000] {dag.py:3239} INFO - Sync 1 DAGs
[2026-07-25T09:09:56.145+0000] {logging_mixin.py:190} INFO - [2026-07-25T09:09:56.145+0000] {dag.py:4180} INFO - Setting next_dagrun for example_branch_operator to 2026-07-24 00:00:00+00:00, run_after=2026-07-25 00:00:00+00:00
[2026-07-25T09:09:56.157+0000] {processor.py:208} INFO - Processing /home/airflow/.local/lib/python3.12/site-packages/airflow/example_dags/example_branch_operator.py took 0.067 seconds
[2026-07-25T09:10:29.530+0000] {processor.py:186} INFO - Started process (PID=596) to work on /home/airflow/.local/lib/python3.12/site-packages/airflow/example_dags/example_branch_operator.py
[2026-07-25T09:10:29.531+0000] {processor.py:914} INFO - Processing file /home/airflow/.local/lib/python3.12/site-packages/airflow/example_dags/example_branch_operator.py for tasks to queue
[2026-07-25T09:10:29.533+0000] {logging_mixin.py:190} INFO - [2026-07-25T09:10:29.533+0000] {dagbag.py:588} INFO - Filling up the DagBag from /home/airflow/.local/lib/python3.12/site-packages/airflow/example_dags/example_branch_operator.py
[2026-07-25T09:10:29.544+0000] {processor.py:925} INFO - DAG(s) 'example_branch_operator' retrieved from /home/airflow/.local/lib/python3.12/site-packages/airflow/example_dags/example_branch_operator.py
[2026-07-25T09:10:29.561+0000] {logging_mixin.py:190} INFO - [2026-07-25T09:10:29.561+0000] {dag.py:3239} INFO - Sync 1 DAGs
[2026-07-25T09:10:29.576+0000] {logging_mixin.py:190} INFO - [2026-07-25T09:10:29.576+0000] {dag.py:4180} INFO - Setting next_dagrun for example_branch_operator to 2026-07-24 00:00:00+00:00, run_after=2026-07-25 00:00:00+00:00
[2026-07-25T09:10:29.588+0000] {processor.py:208} INFO - Processing /home/airflow/.local/lib/python3.12/site-packages/airflow/example_dags/example_branch_operator.py took 0.061 seconds
[2026-07-25T09:11:00.360+0000] {processor.py:186} INFO - Started process (PID=657) to work on /home/airflow/.local/lib/python3.12/site-packages/airflow/example_dags/example_branch_operator.py
[2026-07-25T09:11:00.361+0000] {processor.py:914} INFO - Processing file /home/airflow/.local/lib/python3.12/site-packages/airflow/example_dags/example_branch_operator.py for tasks to queue
[2026-07-25T09:11:00.363+0000] {logging_mixin.py:190} INFO - [2026-07-25T09:11:00.363+0000] {dagbag.py:588} INFO - Filling up the DagBag from /home/airflow/.local/lib/python3.12/site-packages/airflow/example_dags/example_branch_operator.py
[2026-07-25T09:11:00.374+0000] {processor.py:925} INFO - DAG(s) 'example_branch_operator' retrieved from /home/airflow/.local/lib/python3.12/site-packages/airflow/example_dags/example_branch_operator.py
[2026-07-25T09:11:00.393+0000] {logging_mixin.py:190} INFO - [2026-07-25T09:11:00.393+0000] {dag.py:3239} INFO - Sync 1 DAGs
[2026-07-25T09:11:00.407+0000] {logging_mixin.py:190} INFO - [2026-07-25T09:11:00.407+0000] {dag.py:4180} INFO - Setting next_dagrun for example_branch_operator to 2026-07-24 00:00:00+00:00, run_after=2026-07-25 00:00:00+00:00
[2026-07-25T09:11:00.421+0000] {processor.py:208} INFO - Processing /home/airflow/.local/lib/python3.12/site-packages/airflow/example_dags/example_branch_operator.py took 0.064 seconds
[2026-07-25T09:11:31.172+0000] {processor.py:186} INFO - Started process (PID=720) to work on /home/airflow/.local/lib/python3.12/site-packages/airflow/example_dags/example_branch_operator.py
[2026-07-25T09:11:31.173+0000] {processor.py:914} INFO - Processing file /home/airflow/.local/lib/python3.12/site-packages/airflow/example_dags/example_branch_operator.py for tasks to queue
[2026-07-25T09:11:31.175+0000] {logging_mixin.py:190} INFO - [2026-07-25T09:11:31.175+0000] {dagbag.py:588} INFO - Filling up the DagBag from /home/airflow/.local/lib/python3.12/site-packages/airflow/example_dags/example_branch_operator.py
[2026-07-25T09:11:31.186+0000] {processor.py:925} INFO - DAG(s) 'example_branch_operator' retrieved from /home/airflow/.local/lib/python3.12/site-packages/airflow/example_dags/example_branch_operator.py
[2026-07-25T09:11:31.203+0000] {logging_mixin.py:190} INFO - [2026-07-25T09:11:31.203+0000] {dag.py:3239} INFO - Sync 1 DAGs
[2026-07-25T09:11:31.216+0000] {logging_mixin.py:190} INFO - [2026-07-25T09:11:31.216+0000] {dag.py:4180} INFO - Setting next_dagrun for example_branch_operator to 2026-07-24 00:00:00+00:00, run_after=2026-07-25 00:00:00+00:00
[2026-07-25T09:11:31.227+0000] {processor.py:208} INFO - Processing /home/airflow/.local/lib/python3.12/site-packages/airflow/example_dags/example_branch_operator.py took 0.058 seconds
[2026-07-25T09:12:04.524+0000] {processor.py:186} INFO - Started process (PID=783) to work on /home/airflow/.local/lib/python3.12/site-packages/airflow/example_dags/example_branch_operator.py
[2026-07-25T09:12:04.525+0000] {processor.py:914} INFO - Processing file /home/airflow/.local/lib/python3.12/site-packages/airflow/example_dags/example_branch_operator.py for tasks to queue
[2026-07-25T09:12:04.527+0000] {logging_mixin.py:190} INFO - [2026-07-25T09:12:04.527+0000] {dagbag.py:588} INFO - Filling up the DagBag from /home/airflow/.local/lib/python3.12/site-packages/airflow/example_dags/example_branch_operator.py
[2026-07-25T09:12:04.542+0000] {processor.py:925} INFO - DAG(s) 'example_branch_operator' retrieved from /home/airflow/.local/lib/python3.12/site-packages/airflow/example_dags/example_branch_operator.py
[2026-07-25T09:12:04.563+0000] {logging_mixin.py:190} INFO - [2026-07-25T09:12:04.563+0000] {dag.py:3239} INFO - Sync 1 DAGs
[2026-07-25T09:12:04.581+0000] {logging_mixin.py:190} INFO - [2026-07-25T09:12:04.581+0000] {dag.py:4180} INFO - Setting next_dagrun for example_branch_operator to 2026-07-24 00:00:00+00:00, run_after=2026-07-25 00:00:00+00:00
[2026-07-25T09:12:04.597+0000] {processor.py:208} INFO - Processing /home/airflow/.local/lib/python3.12/site-packages/airflow/example_dags/example_branch_operator.py took 0.078 seconds
[2026-07-25T09:12:35.330+0000] {processor.py:186} INFO - Started process (PID=845) to work on /home/airflow/.local/lib/python3.12/site-packages/airflow/example_dags/example_branch_operator.py
[2026-07-25T09:12:35.331+0000] {processor.py:914} INFO - Processing file /home/airflow/.local/lib/python3.12/site-packages/airflow/example_dags/example_branch_operator.py for tasks to queue
[2026-07-25T09:12:35.333+0000] {logging_mixin.py:190} INFO - [2026-07-25T09:12:35.333+0000] {dagbag.py:588} INFO - Filling up the DagBag from /home/airflow/.local/lib/python3.12/site-packages/airflow/example_dags/example_branch_operator.py
[2026-07-25T09:12:35.344+0000] {processor.py:925} INFO - DAG(s) 'example_branch_operator' retrieved from /home/airflow/.local/lib/python3.12/site-packages/airflow/example_dags/example_branch_operator.py
[2026-07-25T09:12:35.362+0000] {logging_mixin.py:190} INFO - [2026-07-25T09:12:35.362+0000] {dag.py:3239} INFO - Sync 1 DAGs
[2026-07-25T09:12:35.377+0000] {logging_mixin.py:190} INFO - [2026-07-25T09:12:35.376+0000] {dag.py:4180} INFO - Setting next_dagrun for example_branch_operator to 2026-07-24 00:00:00+00:00, run_after=2026-07-25 00:00:00+00:00
[2026-07-25T09:12:35.388+0000] {processor.py:208} INFO - Processing /home/airflow/.local/lib/python3.12/site-packages/airflow/example_dags/example_branch_operator.py took 0.061 seconds
[2026-07-25T09:13:05.658+0000] {processor.py:186} INFO - Started process (PID=907) to work on /home/airflow/.local/lib/python3.12/site-packages/airflow/example_dags/example_branch_operator.py
[2026-07-25T09:13:05.659+0000] {processor.py:914} INFO - Processing file /home/airflow/.local/lib/python3.12/site-packages/airflow/example_dags/example_branch_operator.py for tasks to queue
[2026-07-25T09:13:05.661+0000] {logging_mixin.py:190} INFO - [2026-07-25T09:13:05.660+0000] {dagbag.py:588} INFO - Filling up the DagBag from /home/airflow/.local/lib/python3.12/site-packages/airflow/example_dags/example_branch_operator.py
[2026-07-25T09:13:05.672+0000] {processor.py:925} INFO - DAG(s) 'example_branch_operator' retrieved from /home/airflow/.local/lib/python3.12/site-packages/airflow/example_dags/example_branch_operator.py
[2026-07-25T09:13:05.689+0000] {logging_mixin.py:190} INFO - [2026-07-25T09:13:05.689+0000] {dag.py:3239} INFO - Sync 1 DAGs
[2026-07-25T09:13:05.703+0000] {logging_mixin.py:190} INFO - [2026-07-25T09:13:05.703+0000] {dag.py:4180} INFO - Setting next_dagrun for example_branch_operator to 2026-07-24 00:00:00+00:00, run_after=2026-07-25 00:00:00+00:00
[2026-07-25T09:13:05.714+0000] {processor.py:208} INFO - Processing /home/airflow/.local/lib/python3.12/site-packages/airflow/example_dags/example_branch_operator.py took 0.059 seconds
[2026-07-25T09:13:36.275+0000] {processor.py:186} INFO - Started process (PID=970) to work on /home/airflow/.local/lib/python3.12/site-packages/airflow/example_dags/example_branch_operator.py
[2026-07-25T09:13:36.276+0000] {processor.py:914} INFO - Processing file /home/airflow/.local/lib/python3.12/site-packages/airflow/example_dags/example_branch_operator.py for tasks to queue
[2026-07-25T09:13:36.278+0000] {logging_mixin.py:190} INFO - [2026-07-25T09:13:36.277+0000] {dagbag.py:588} INFO - Filling up the DagBag from /home/airflow/.local/lib/python3.12/site-packages/airflow/example_dags/example_branch_operator.py
[2026-07-25T09:13:36.289+0000] {processor.py:925} INFO - DAG(s) 'example_branch_operator' retrieved from /home/airflow/.local/lib/python3.12/site-packages/airflow/example_dags/example_branch_operator.py
[2026-07-25T09:13:36.306+0000] {logging_mixin.py:190} INFO - [2026-07-25T09:13:36.306+0000] {dag.py:3239} INFO - Sync 1 DAGs
[2026-07-25T09:13:36.319+0000] {logging_mixin.py:190} INFO - [2026-07-25T09:13:36.319+0000] {dag.py:4180} INFO - Setting next_dagrun for example_branch_operator to 2026-07-24 00:00:00+00:00, run_after=2026-07-25 00:00:00+00:00
[2026-07-25T09:13:36.330+0000] {processor.py:208} INFO - Processing /home/airflow/.local/lib/python3.12/site-packages/airflow/example_dags/example_branch_operator.py took 0.059 seconds
[2026-07-25T09:14:06.896+0000] {processor.py:186} INFO - Started process (PID=1033) to work on /home/airflow/.local/lib/python3.12/site-packages/airflow/example_dags/example_branch_operator.py
[2026-07-25T09:14:06.897+0000] {processor.py:914} INFO - Processing file /home/airflow/.local/lib/python3.12/site-packages/airflow/example_dags/example_branch_operator.py for tasks to queue
[2026-07-25T09:14:06.899+0000] {logging_mixin.py:190} INFO - [2026-07-25T09:14:06.899+0000] {dagbag.py:588} INFO - Filling up the DagBag from /home/airflow/.local/lib/python3.12/site-packages/airflow/example_dags/example_branch_operator.py
[2026-07-25T09:14:06.911+0000] {processor.py:925} INFO - DAG(s) 'example_branch_operator' retrieved from /home/airflow/.local/lib/python3.12/site-packages/airflow/example_dags/example_branch_operator.py
[2026-07-25T09:14:06.930+0000] {logging_mixin.py:190} INFO - [2026-07-25T09:14:06.930+0000] {dag.py:3239} INFO - Sync 1 DAGs
[2026-07-25T09:14:06.945+0000] {logging_mixin.py:190} INFO - [2026-07-25T09:14:06.945+0000] {dag.py:4180} INFO - Setting next_dagrun for example_branch_operator to 2026-07-24 00:00:00+00:00, run_after=2026-07-25 00:00:00+00:00
[2026-07-25T09:14:06.956+0000] {processor.py:208} INFO - Processing /home/airflow/.local/lib/python3.12/site-packages/airflow/example_dags/example_branch_operator.py took 0.064 seconds
[2026-07-25T09:14:37.037+0000] {processor.py:186} INFO - Started process (PID=1095) to work on /home/airflow/.local/lib/python3.12/site-packages/airflow/example_dags/example_branch_operator.py
[2026-07-25T09:14:37.038+0000] {processor.py:914} INFO - Processing file /home/airflow/.local/lib/python3.12/site-packages/airflow/example_dags/example_branch_operator.py for tasks to queue
[2026-07-25T09:14:37.040+0000] {logging_mixin.py:190} INFO - [2026-07-25T09:14:37.039+0000] {dagbag.py:588} INFO - Filling up the DagBag from /home/airflow/.local/lib/python3.12/site-packages/airflow/example_dags/example_branch_operator.py
[2026-07-25T09:14:37.052+0000] {processor.py:925} INFO - DAG(s) 'example_branch_operator' retrieved from /home/airflow/.local/lib/python3.12/site-packages/airflow/example_dags/example_branch_operator.py
[2026-07-25T09:14:37.071+0000] {logging_mixin.py:190} INFO - [2026-07-25T09:14:37.071+0000] {dag.py:3239} INFO - Sync 1 DAGs
[2026-07-25T09:14:37.085+0000] {logging_mixin.py:190} INFO - [2026-07-25T09:14:37.085+0000] {dag.py:4180} INFO - Setting next_dagrun for example_branch_operator to 2026-07-24 00:00:00+00:00, run_after=2026-07-25 00:00:00+00:00
[2026-07-25T09:14:37.096+0000] {processor.py:208} INFO - Processing /home/airflow/.local/lib/python3.12/site-packages/airflow/example_dags/example_branch_operator.py took 0.063 seconds
[2026-07-25T09:15:39.154+0000] {processor.py:186} INFO - Started process (PID=95) to work on /home/airflow/.local/lib/python3.12/site-packages/airflow/example_dags/example_branch_operator.py
[2026-07-25T09:15:39.155+0000] {processor.py:914} INFO - Processing file /home/airflow/.local/lib/python3.12/site-packages/airflow/example_dags/example_branch_operator.py for tasks to queue
[2026-07-25T09:15:39.157+0000] {logging_mixin.py:190} INFO - [2026-07-25T09:15:39.157+0000] {dagbag.py:588} INFO - Filling up the DagBag from /home/airflow/.local/lib/python3.12/site-packages/airflow/example_dags/example_branch_operator.py
[2026-07-25T09:15:39.169+0000] {processor.py:925} INFO - DAG(s) 'example_branch_operator' retrieved from /home/airflow/.local/lib/python3.12/site-packages/airflow/example_dags/example_branch_operator.py
[2026-07-25T09:15:39.249+0000] {logging_mixin.py:190} INFO - [2026-07-25T09:15:39.249+0000] {dag.py:3239} INFO - Sync 1 DAGs
[2026-07-25T09:15:39.264+0000] {logging_mixin.py:190} INFO - [2026-07-25T09:15:39.264+0000] {dag.py:4180} INFO - Setting next_dagrun for example_branch_operator to 2026-07-24 00:00:00+00:00, run_after=2026-07-25 00:00:00+00:00
[2026-07-25T09:15:39.276+0000] {processor.py:208} INFO - Processing /home/airflow/.local/lib/python3.12/site-packages/airflow/example_dags/example_branch_operator.py took 0.126 seconds
[2026-07-25T09:16:11.096+0000] {processor.py:186} INFO - Started process (PID=157) to work on /home/airflow/.local/lib/python3.12/site-packages/airflow/example_dags/example_branch_operator.py
[2026-07-25T09:16:11.097+0000] {processor.py:914} INFO - Processing file /home/airflow/.local/lib/python3.12/site-packages/airflow/example_dags/example_branch_operator.py for tasks to queue
[2026-07-25T09:16:11.100+0000] {logging_mixin.py:190} INFO - [2026-07-25T09:16:11.099+0000] {dagbag.py:588} INFO - Filling up the DagBag from /home/airflow/.local/lib/python3.12/site-packages/airflow/example_dags/example_branch_operator.py
[2026-07-25T09:16:11.116+0000] {processor.py:925} INFO - DAG(s) 'example_branch_operator' retrieved from /home/airflow/.local/lib/python3.12/site-packages/airflow/example_dags/example_branch_operator.py
[2026-07-25T09:16:11.134+0000] {logging_mixin.py:190} INFO - [2026-07-25T09:16:11.134+0000] {dag.py:3239} INFO - Sync 1 DAGs
[2026-07-25T09:16:11.148+0000] {logging_mixin.py:190} INFO - [2026-07-25T09:16:11.148+0000] {dag.py:4180} INFO - Setting next_dagrun for example_branch_operator to 2026-07-24 00:00:00+00:00, run_after=2026-07-25 00:00:00+00:00
[2026-07-25T09:16:11.160+0000] {processor.py:208} INFO - Processing /home/airflow/.local/lib/python3.12/site-packages/airflow/example_dags/example_branch_operator.py took 0.069 seconds
[2026-07-25T09:16:41.827+0000] {processor.py:186} INFO - Started process (PID=219) to work on /home/airflow/.local/lib/python3.12/site-packages/airflow/example_dags/example_branch_operator.py
[2026-07-25T09:16:41.828+0000] {processor.py:914} INFO - Processing file /home/airflow/.local/lib/python3.12/site-packages/airflow/example_dags/example_branch_operator.py for tasks to queue
[2026-07-25T09:16:41.829+0000] {logging_mixin.py:190} INFO - [2026-07-25T09:16:41.829+0000] {dagbag.py:588} INFO - Filling up the DagBag from /home/airflow/.local/lib/python3.12/site-packages/airflow/example_dags/example_branch_operator.py
[2026-07-25T09:16:41.841+0000] {processor.py:925} INFO - DAG(s) 'example_branch_operator' retrieved from /home/airflow/.local/lib/python3.12/site-packages/airflow/example_dags/example_branch_operator.py
[2026-07-25T09:16:41.858+0000] {logging_mixin.py:190} INFO - [2026-07-25T09:16:41.858+0000] {dag.py:3239} INFO - Sync 1 DAGs
[2026-07-25T09:16:41.871+0000] {logging_mixin.py:190} INFO - [2026-07-25T09:16:41.870+0000] {dag.py:4180} INFO - Setting next_dagrun for example_branch_operator to 2026-07-24 00:00:00+00:00, run_after=2026-07-25 00:00:00+00:00
[2026-07-25T09:16:41.881+0000] {processor.py:208} INFO - Processing /home/airflow/.local/lib/python3.12/site-packages/airflow/example_dags/example_branch_operator.py took 0.058 seconds
[2026-07-25T09:17:12.425+0000] {processor.py:186} INFO - Started process (PID=281) to work on /home/airflow/.local/lib/python3.12/site-packages/airflow/example_dags/example_branch_operator.py
[2026-07-25T09:17:12.425+0000] {processor.py:914} INFO - Processing file /home/airflow/.local/lib/python3.12/site-packages/airflow/example_dags/example_branch_operator.py for tasks to queue
[2026-07-25T09:17:12.428+0000] {logging_mixin.py:190} INFO - [2026-07-25T09:17:12.428+0000] {dagbag.py:588} INFO - Filling up the DagBag from /home/airflow/.local/lib/python3.12/site-packages/airflow/example_dags/example_branch_operator.py
[2026-07-25T09:17:12.441+0000] {processor.py:925} INFO - DAG(s) 'example_branch_operator' retrieved from /home/airflow/.local/lib/python3.12/site-packages/airflow/example_dags/example_branch_operator.py
[2026-07-25T09:17:12.460+0000] {logging_mixin.py:190} INFO - [2026-07-25T09:17:12.459+0000] {dag.py:3239} INFO - Sync 1 DAGs
[2026-07-25T09:17:12.474+0000] {logging_mixin.py:190} INFO - [2026-07-25T09:17:12.474+0000] {dag.py:4180} INFO - Setting next_dagrun for example_branch_operator to 2026-07-24 00:00:00+00:00, run_after=2026-07-25 00:00:00+00:00
[2026-07-25T09:17:12.485+0000] {processor.py:208} INFO - Processing /home/airflow/.local/lib/python3.12/site-packages/airflow/example_dags/example_branch_operator.py took 0.065 seconds
[2026-07-25T09:17:42.821+0000] {processor.py:186} INFO - Started process (PID=344) to work on /home/airflow/.local/lib/python3.12/site-packages/airflow/example_dags/example_branch_operator.py
[2026-07-25T09:17:42.822+0000] {processor.py:914} INFO - Processing file /home/airflow/.local/lib/python3.12/site-packages/airflow/example_dags/example_branch_operator.py for tasks to queue
[2026-07-25T09:17:42.824+0000] {logging_mixin.py:190} INFO - [2026-07-25T09:17:42.823+0000] {dagbag.py:588} INFO - Filling up the DagBag from /home/airflow/.local/lib/python3.12/site-packages/airflow/example_dags/example_branch_operator.py
[2026-07-25T09:17:42.834+0000] {processor.py:925} INFO - DAG(s) 'example_branch_operator' retrieved from /home/airflow/.local/lib/python3.12/site-packages/airflow/example_dags/example_branch_operator.py
[2026-07-25T09:17:42.851+0000] {logging_mixin.py:190} INFO - [2026-07-25T09:17:42.851+0000] {dag.py:3239} INFO - Sync 1 DAGs
[2026-07-25T09:17:42.864+0000] {logging_mixin.py:190} INFO - [2026-07-25T09:17:42.864+0000] {dag.py:4180} INFO - Setting next_dagrun for example_branch_operator to 2026-07-24 00:00:00+00:00, run_after=2026-07-25 00:00:00+00:00
[2026-07-25T09:17:42.875+0000] {processor.py:208} INFO - Processing /home/airflow/.local/lib/python3.12/site-packages/airflow/example_dags/example_branch_operator.py took 0.058 seconds
[2026-07-25T09:18:13.177+0000] {processor.py:186} INFO - Started process (PID=407) to work on /home/airflow/.local/lib/python3.12/site-packages/airflow/example_dags/example_branch_operator.py
[2026-07-25T09:18:13.178+0000] {processor.py:914} INFO - Processing file /home/airflow/.local/lib/python3.12/site-packages/airflow/example_dags/example_branch_operator.py for tasks to queue
[2026-07-25T09:18:13.179+0000] {logging_mixin.py:190} INFO - [2026-07-25T09:18:13.179+0000] {dagbag.py:588} INFO - Filling up the DagBag from /home/airflow/.local/lib/python3.12/site-packages/airflow/example_dags/example_branch_operator.py
[2026-07-25T09:18:13.191+0000] {processor.py:925} INFO - DAG(s) 'example_branch_operator' retrieved from /home/airflow/.local/lib/python3.12/site-packages/airflow/example_dags/example_branch_operator.py
[2026-07-25T09:18:13.209+0000] {logging_mixin.py:190} INFO - [2026-07-25T09:18:13.209+0000] {dag.py:3239} INFO - Sync 1 DAGs
[2026-07-25T09:18:13.223+0000] {logging_mixin.py:190} INFO - [2026-07-25T09:18:13.223+0000] {dag.py:4180} INFO - Setting next_dagrun for example_branch_operator to 2026-07-24 00:00:00+00:00, run_after=2026-07-25 00:00:00+00:00
[2026-07-25T09:18:13.234+0000] {processor.py:208} INFO - Processing /home/airflow/.local/lib/python3.12/site-packages/airflow/example_dags/example_branch_operator.py took 0.060 seconds
[2026-07-25T09:18:43.490+0000] {processor.py:186} INFO - Started process (PID=470) to work on /home/airflow/.local/lib/python3.12/site-packages/airflow/example_dags/example_branch_operator.py
[2026-07-25T09:18:43.491+0000] {processor.py:914} INFO - Processing file /home/airflow/.local/lib/python3.12/site-packages/airflow/example_dags/example_branch_operator.py for tasks to queue
[2026-07-25T09:18:43.493+0000] {logging_mixin.py:190} INFO - [2026-07-25T09:18:43.492+0000] {dagbag.py:588} INFO - Filling up the DagBag from /home/airflow/.local/lib/python3.12/site-packages/airflow/example_dags/example_branch_operator.py
[2026-07-25T09:18:43.504+0000] {processor.py:925} INFO - DAG(s) 'example_branch_operator' retrieved from /home/airflow/.local/lib/python3.12/site-packages/airflow/example_dags/example_branch_operator.py
[2026-07-25T09:18:43.523+0000] {logging_mixin.py:190} INFO - [2026-07-25T09:18:43.522+0000] {dag.py:3239} INFO - Sync 1 DAGs
[2026-07-25T09:18:43.537+0000] {logging_mixin.py:190} INFO - [2026-07-25T09:18:43.537+0000] {dag.py:4180} INFO - Setting next_dagrun for example_branch_operator to 2026-07-24 00:00:00+00:00, run_after=2026-07-25 00:00:00+00:00
[2026-07-25T09:18:43.549+0000] {processor.py:208} INFO - Processing /home/airflow/.local/lib/python3.12/site-packages/airflow/example_dags/example_branch_operator.py took 0.063 seconds
[2026-07-25T09:19:14.263+0000] {processor.py:186} INFO - Started process (PID=533) to work on /home/airflow/.local/lib/python3.12/site-packages/airflow/example_dags/example_branch_operator.py
[2026-07-25T09:19:14.264+0000] {processor.py:914} INFO - Processing file /home/airflow/.local/lib/python3.12/site-packages/airflow/example_dags/example_branch_operator.py for tasks to queue
[2026-07-25T09:19:14.266+0000] {logging_mixin.py:190} INFO - [2026-07-25T09:19:14.265+0000] {dagbag.py:588} INFO - Filling up the DagBag from /home/airflow/.local/lib/python3.12/site-packages/airflow/example_dags/example_branch_operator.py
[2026-07-25T09:19:14.277+0000] {processor.py:925} INFO - DAG(s) 'example_branch_operator' retrieved from /home/airflow/.local/lib/python3.12/site-packages/airflow/example_dags/example_branch_operator.py
[2026-07-25T09:19:14.295+0000] {logging_mixin.py:190} INFO - [2026-07-25T09:19:14.295+0000] {dag.py:3239} INFO - Sync 1 DAGs
[2026-07-25T09:19:14.309+0000] {logging_mixin.py:190} INFO - [2026-07-25T09:19:14.308+0000] {dag.py:4180} INFO - Setting next_dagrun for example_branch_operator to 2026-07-24 00:00:00+00:00, run_after=2026-07-25 00:00:00+00:00
[2026-07-25T09:19:14.319+0000] {processor.py:208} INFO - Processing /home/airflow/.local/lib/python3.12/site-packages/airflow/example_dags/example_branch_operator.py took 0.060 seconds
[2026-07-25T09:20:51.195+0000] {processor.py:186} INFO - Started process (PID=95) to work on /home/airflow/.local/lib/python3.12/site-packages/airflow/example_dags/example_branch_operator.py
[2026-07-25T09:20:51.196+0000] {processor.py:914} INFO - Processing file /home/airflow/.local/lib/python3.12/site-packages/airflow/example_dags/example_branch_operator.py for tasks to queue
[2026-07-25T09:20:51.198+0000] {logging_mixin.py:190} INFO - [2026-07-25T09:20:51.198+0000] {dagbag.py:588} INFO - Filling up the DagBag from /home/airflow/.local/lib/python3.12/site-packages/airflow/example_dags/example_branch_operator.py
[2026-07-25T09:20:51.211+0000] {processor.py:925} INFO - DAG(s) 'example_branch_operator' retrieved from /home/airflow/.local/lib/python3.12/site-packages/airflow/example_dags/example_branch_operator.py
[2026-07-25T09:20:51.290+0000] {logging_mixin.py:190} INFO - [2026-07-25T09:20:51.290+0000] {dag.py:3239} INFO - Sync 1 DAGs
[2026-07-25T09:20:51.304+0000] {logging_mixin.py:190} INFO - [2026-07-25T09:20:51.304+0000] {dag.py:4180} INFO - Setting next_dagrun for example_branch_operator to 2026-07-24 00:00:00+00:00, run_after=2026-07-25 00:00:00+00:00
[2026-07-25T09:20:51.316+0000] {processor.py:208} INFO - Processing /home/airflow/.local/lib/python3.12/site-packages/airflow/example_dags/example_branch_operator.py took 0.124 seconds
[2026-07-25T09:21:23.829+0000] {processor.py:186} INFO - Started process (PID=157) to work on /home/airflow/.local/lib/python3.12/site-packages/airflow/example_dags/example_branch_operator.py
[2026-07-25T09:21:23.830+0000] {processor.py:914} INFO - Processing file /home/airflow/.local/lib/python3.12/site-packages/airflow/example_dags/example_branch_operator.py for tasks to queue
[2026-07-25T09:21:23.832+0000] {logging_mixin.py:190} INFO - [2026-07-25T09:21:23.832+0000] {dagbag.py:588} INFO - Filling up the DagBag from /home/airflow/.local/lib/python3.12/site-packages/airflow/example_dags/example_branch_operator.py
[2026-07-25T09:21:23.843+0000] {processor.py:925} INFO - DAG(s) 'example_branch_operator' retrieved from /home/airflow/.local/lib/python3.12/site-packages/airflow/example_dags/example_branch_operator.py
[2026-07-25T09:21:23.862+0000] {logging_mixin.py:190} INFO - [2026-07-25T09:21:23.862+0000] {dag.py:3239} INFO - Sync 1 DAGs
[2026-07-25T09:21:23.878+0000] {logging_mixin.py:190} INFO - [2026-07-25T09:21:23.878+0000] {dag.py:4180} INFO - Setting next_dagrun for example_branch_operator to 2026-07-24 00:00:00+00:00, run_after=2026-07-25 00:00:00+00:00
[2026-07-25T09:21:23.889+0000] {processor.py:208} INFO - Processing /home/airflow/.local/lib/python3.12/site-packages/airflow/example_dags/example_branch_operator.py took 0.064 seconds
[2026-07-25T09:21:54.301+0000] {processor.py:186} INFO - Started process (PID=219) to work on /home/airflow/.local/lib/python3.12/site-packages/airflow/example_dags/example_branch_operator.py
[2026-07-25T09:21:54.302+0000] {processor.py:914} INFO - Processing file /home/airflow/.local/lib/python3.12/site-packages/airflow/example_dags/example_branch_operator.py for tasks to queue
[2026-07-25T09:21:54.304+0000] {logging_mixin.py:190} INFO - [2026-07-25T09:21:54.304+0000] {dagbag.py:588} INFO - Filling up the DagBag from /home/airflow/.local/lib/python3.12/site-packages/airflow/example_dags/example_branch_operator.py
[2026-07-25T09:21:54.317+0000] {processor.py:925} INFO - DAG(s) 'example_branch_operator' retrieved from /home/airflow/.local/lib/python3.12/site-packages/airflow/example_dags/example_branch_operator.py
[2026-07-25T09:21:54.334+0000] {logging_mixin.py:190} INFO - [2026-07-25T09:21:54.334+0000] {dag.py:3239} INFO - Sync 1 DAGs
[2026-07-25T09:21:54.347+0000] {logging_mixin.py:190} INFO - [2026-07-25T09:21:54.347+0000] {dag.py:4180} INFO - Setting next_dagrun for example_branch_operator to 2026-07-24 00:00:00+00:00, run_after=2026-07-25 00:00:00+00:00
[2026-07-25T09:21:54.358+0000] {processor.py:208} INFO - Processing /home/airflow/.local/lib/python3.12/site-packages/airflow/example_dags/example_branch_operator.py took 0.060 seconds
[2026-07-25T09:22:24.642+0000] {processor.py:186} INFO - Started process (PID=281) to work on /home/airflow/.local/lib/python3.12/site-packages/airflow/example_dags/example_branch_operator.py
[2026-07-25T09:22:24.643+0000] {processor.py:914} INFO - Processing file /home/airflow/.local/lib/python3.12/site-packages/airflow/example_dags/example_branch_operator.py for tasks to queue
[2026-07-25T09:22:24.645+0000] {logging_mixin.py:190} INFO - [2026-07-25T09:22:24.644+0000] {dagbag.py:588} INFO - Filling up the DagBag from /home/airflow/.local/lib/python3.12/site-packages/airflow/example_dags/example_branch_operator.py
[2026-07-25T09:22:24.656+0000] {processor.py:925} INFO - DAG(s) 'example_branch_operator' retrieved from /home/airflow/.local/lib/python3.12/site-packages/airflow/example_dags/example_branch_operator.py
[2026-07-25T09:22:24.674+0000] {logging_mixin.py:190} INFO - [2026-07-25T09:22:24.674+0000] {dag.py:3239} INFO - Sync 1 DAGs
[2026-07-25T09:22:24.688+0000] {logging_mixin.py:190} INFO - [2026-07-25T09:22:24.688+0000] {dag.py:4180} INFO - Setting next_dagrun for example_branch_operator to 2026-07-24 00:00:00+00:00, run_after=2026-07-25 00:00:00+00:00
[2026-07-25T09:22:24.699+0000] {processor.py:208} INFO - Processing /home/airflow/.local/lib/python3.12/site-packages/airflow/example_dags/example_branch_operator.py took 0.062 seconds
[2026-07-25T09:24:02.573+0000] {processor.py:186} INFO - Started process (PID=95) to work on /home/airflow/.local/lib/python3.12/site-packages/airflow/example_dags/example_branch_operator.py
[2026-07-25T09:24:02.574+0000] {processor.py:914} INFO - Processing file /home/airflow/.local/lib/python3.12/site-packages/airflow/example_dags/example_branch_operator.py for tasks to queue
[2026-07-25T09:24:02.576+0000] {logging_mixin.py:190} INFO - [2026-07-25T09:24:02.576+0000] {dagbag.py:588} INFO - Filling up the DagBag from /home/airflow/.local/lib/python3.12/site-packages/airflow/example_dags/example_branch_operator.py
[2026-07-25T09:24:02.589+0000] {processor.py:925} INFO - DAG(s) 'example_branch_operator' retrieved from /home/airflow/.local/lib/python3.12/site-packages/airflow/example_dags/example_branch_operator.py
[2026-07-25T09:24:02.668+0000] {logging_mixin.py:190} INFO - [2026-07-25T09:24:02.668+0000] {dag.py:3239} INFO - Sync 1 DAGs
[2026-07-25T09:24:02.681+0000] {logging_mixin.py:190} INFO - [2026-07-25T09:24:02.681+0000] {dag.py:4180} INFO - Setting next_dagrun for example_branch_operator to 2026-07-24 00:00:00+00:00, run_after=2026-07-25 00:00:00+00:00
[2026-07-25T09:24:02.694+0000] {processor.py:208} INFO - Processing /home/airflow/.local/lib/python3.12/site-packages/airflow/example_dags/example_branch_operator.py took 0.125 seconds
[2026-07-25T09:24:35.074+0000] {processor.py:186} INFO - Started process (PID=157) to work on /home/airflow/.local/lib/python3.12/site-packages/airflow/example_dags/example_branch_operator.py
[2026-07-25T09:24:35.075+0000] {processor.py:914} INFO - Processing file /home/airflow/.local/lib/python3.12/site-packages/airflow/example_dags/example_branch_operator.py for tasks to queue
[2026-07-25T09:24:35.077+0000] {logging_mixin.py:190} INFO - [2026-07-25T09:24:35.077+0000] {dagbag.py:588} INFO - Filling up the DagBag from /home/airflow/.local/lib/python3.12/site-packages/airflow/example_dags/example_branch_operator.py
[2026-07-25T09:24:35.089+0000] {processor.py:925} INFO - DAG(s) 'example_branch_operator' retrieved from /home/airflow/.local/lib/python3.12/site-packages/airflow/example_dags/example_branch_operator.py
[2026-07-25T09:24:35.107+0000] {logging_mixin.py:190} INFO - [2026-07-25T09:24:35.107+0000] {dag.py:3239} INFO - Sync 1 DAGs
[2026-07-25T09:24:35.120+0000] {logging_mixin.py:190} INFO - [2026-07-25T09:24:35.120+0000] {dag.py:4180} INFO - Setting next_dagrun for example_branch_operator to 2026-07-24 00:00:00+00:00, run_after=2026-07-25 00:00:00+00:00
[2026-07-25T09:24:35.144+0000] {processor.py:208} INFO - Processing /home/airflow/.local/lib/python3.12/site-packages/airflow/example_dags/example_branch_operator.py took 0.073 seconds
[2026-07-25T09:25:05.333+0000] {processor.py:186} INFO - Started process (PID=219) to work on /home/airflow/.local/lib/python3.12/site-packages/airflow/example_dags/example_branch_operator.py
[2026-07-25T09:25:05.334+0000] {processor.py:914} INFO - Processing file /home/airflow/.local/lib/python3.12/site-packages/airflow/example_dags/example_branch_operator.py for tasks to queue
[2026-07-25T09:25:05.337+0000] {logging_mixin.py:190} INFO - [2026-07-25T09:25:05.337+0000] {dagbag.py:588} INFO - Filling up the DagBag from /home/airflow/.local/lib/python3.12/site-packages/airflow/example_dags/example_branch_operator.py
[2026-07-25T09:25:05.350+0000] {processor.py:925} INFO - DAG(s) 'example_branch_operator' retrieved from /home/airflow/.local/lib/python3.12/site-packages/airflow/example_dags/example_branch_operator.py
[2026-07-25T09:25:05.370+0000] {logging_mixin.py:190} INFO - [2026-07-25T09:25:05.370+0000] {dag.py:3239} INFO - Sync 1 DAGs
[2026-07-25T09:25:05.387+0000] {logging_mixin.py:190} INFO - [2026-07-25T09:25:05.387+0000] {dag.py:4180} INFO - Setting next_dagrun for example_branch_operator to 2026-07-24 00:00:00+00:00, run_after=2026-07-25 00:00:00+00:00
[2026-07-25T09:25:05.402+0000] {processor.py:208} INFO - Processing /home/airflow/.local/lib/python3.12/site-packages/airflow/example_dags/example_branch_operator.py took 0.073 seconds
[2026-07-25T09:25:36.234+0000] {processor.py:186} INFO - Started process (PID=281) to work on /home/airflow/.local/lib/python3.12/site-packages/airflow/example_dags/example_branch_operator.py
[2026-07-25T09:25:36.235+0000] {processor.py:914} INFO - Processing file /home/airflow/.local/lib/python3.12/site-packages/airflow/example_dags/example_branch_operator.py for tasks to queue
[2026-07-25T09:25:36.237+0000] {logging_mixin.py:190} INFO - [2026-07-25T09:25:36.237+0000] {dagbag.py:588} INFO - Filling up the DagBag from /home/airflow/.local/lib/python3.12/site-packages/airflow/example_dags/example_branch_operator.py
[2026-07-25T09:25:36.249+0000] {processor.py:925} INFO - DAG(s) 'example_branch_operator' retrieved from /home/airflow/.local/lib/python3.12/site-packages/airflow/example_dags/example_branch_operator.py
[2026-07-25T09:25:36.266+0000] {logging_mixin.py:190} INFO - [2026-07-25T09:25:36.266+0000] {dag.py:3239} INFO - Sync 1 DAGs
[2026-07-25T09:25:36.278+0000] {logging_mixin.py:190} INFO - [2026-07-25T09:25:36.278+0000] {dag.py:4180} INFO - Setting next_dagrun for example_branch_operator to 2026-07-24 00:00:00+00:00, run_after=2026-07-25 00:00:00+00:00
[2026-07-25T09:25:36.303+0000] {processor.py:208} INFO - Processing /home/airflow/.local/lib/python3.12/site-packages/airflow/example_dags/example_branch_operator.py took 0.072 seconds
[2026-07-25T09:26:55.885+0000] {processor.py:186} INFO - Started process (PID=95) to work on /home/airflow/.local/lib/python3.12/site-packages/airflow/example_dags/example_branch_operator.py
[2026-07-25T09:26:55.886+0000] {processor.py:914} INFO - Processing file /home/airflow/.local/lib/python3.12/site-packages/airflow/example_dags/example_branch_operator.py for tasks to queue
[2026-07-25T09:26:55.888+0000] {logging_mixin.py:190} INFO - [2026-07-25T09:26:55.888+0000] {dagbag.py:588} INFO - Filling up the DagBag from /home/airflow/.local/lib/python3.12/site-packages/airflow/example_dags/example_branch_operator.py
[2026-07-25T09:26:55.902+0000] {processor.py:925} INFO - DAG(s) 'example_branch_operator' retrieved from /home/airflow/.local/lib/python3.12/site-packages/airflow/example_dags/example_branch_operator.py
[2026-07-25T09:26:56.054+0000] {logging_mixin.py:190} INFO - [2026-07-25T09:26:56.053+0000] {override.py:1932} INFO - Created Permission View: can edit on DAG:example_branch_operator
[2026-07-25T09:26:56.061+0000] {logging_mixin.py:190} INFO - [2026-07-25T09:26:56.061+0000] {override.py:1932} INFO - Created Permission View: can read on DAG:example_branch_operator
[2026-07-25T09:26:56.066+0000] {logging_mixin.py:190} INFO - [2026-07-25T09:26:56.066+0000] {override.py:1932} INFO - Created Permission View: can delete on DAG:example_branch_operator
[2026-07-25T09:26:56.072+0000] {logging_mixin.py:190} INFO - [2026-07-25T09:26:56.072+0000] {override.py:1932} INFO - Created Permission View: menu access on DAG Run:example_branch_operator
[2026-07-25T09:26:56.078+0000] {logging_mixin.py:190} INFO - [2026-07-25T09:26:56.077+0000] {override.py:1932} INFO - Created Permission View: can read on DAG Run:example_branch_operator
[2026-07-25T09:26:56.083+0000] {logging_mixin.py:190} INFO - [2026-07-25T09:26:56.082+0000] {override.py:1932} INFO - Created Permission View: can create on DAG Run:example_branch_operator
[2026-07-25T09:26:56.087+0000] {logging_mixin.py:190} INFO - [2026-07-25T09:26:56.087+0000] {override.py:1932} INFO - Created Permission View: can delete on DAG Run:example_branch_operator
[2026-07-25T09:26:56.088+0000] {logging_mixin.py:190} INFO - [2026-07-25T09:26:56.088+0000] {dag.py:3239} INFO - Sync 1 DAGs
[2026-07-25T09:26:56.097+0000] {logging_mixin.py:190} INFO - [2026-07-25T09:26:56.097+0000] {dag.py:3262} INFO - Creating ORM DAG for example_branch_operator
[2026-07-25T09:26:56.103+0000] {logging_mixin.py:190} INFO - [2026-07-25T09:26:56.103+0000] {dag.py:4180} INFO - Setting next_dagrun for example_branch_operator to 2026-07-24 00:00:00+00:00, run_after=2026-07-25 00:00:00+00:00
[2026-07-25T09:26:56.115+0000] {processor.py:208} INFO - Processing /home/airflow/.local/lib/python3.12/site-packages/airflow/example_dags/example_branch_operator.py took 0.234 seconds
[2026-07-25T09:27:28.068+0000] {processor.py:186} INFO - Started process (PID=157) to work on /home/airflow/.local/lib/python3.12/site-packages/airflow/example_dags/example_branch_operator.py
[2026-07-25T09:27:28.069+0000] {processor.py:914} INFO - Processing file /home/airflow/.local/lib/python3.12/site-packages/airflow/example_dags/example_branch_operator.py for tasks to queue
[2026-07-25T09:27:28.071+0000] {logging_mixin.py:190} INFO - [2026-07-25T09:27:28.070+0000] {dagbag.py:588} INFO - Filling up the DagBag from /home/airflow/.local/lib/python3.12/site-packages/airflow/example_dags/example_branch_operator.py
[2026-07-25T09:27:28.082+0000] {processor.py:925} INFO - DAG(s) 'example_branch_operator' retrieved from /home/airflow/.local/lib/python3.12/site-packages/airflow/example_dags/example_branch_operator.py
[2026-07-25T09:27:28.101+0000] {logging_mixin.py:190} INFO - [2026-07-25T09:27:28.101+0000] {dag.py:3239} INFO - Sync 1 DAGs
[2026-07-25T09:27:28.115+0000] {logging_mixin.py:190} INFO - [2026-07-25T09:27:28.115+0000] {dag.py:4180} INFO - Setting next_dagrun for example_branch_operator to 2026-07-24 00:00:00+00:00, run_after=2026-07-25 00:00:00+00:00
[2026-07-25T09:27:28.141+0000] {processor.py:208} INFO - Processing /home/airflow/.local/lib/python3.12/site-packages/airflow/example_dags/example_branch_operator.py took 0.077 seconds
[2026-07-25T09:27:58.181+0000] {processor.py:186} INFO - Started process (PID=219) to work on /home/airflow/.local/lib/python3.12/site-packages/airflow/example_dags/example_branch_operator.py
[2026-07-25T09:27:58.182+0000] {processor.py:914} INFO - Processing file /home/airflow/.local/lib/python3.12/site-packages/airflow/example_dags/example_branch_operator.py for tasks to queue
[2026-07-25T09:27:58.185+0000] {logging_mixin.py:190} INFO - [2026-07-25T09:27:58.184+0000] {dagbag.py:588} INFO - Filling up the DagBag from /home/airflow/.local/lib/python3.12/site-packages/airflow/example_dags/example_branch_operator.py
[2026-07-25T09:27:58.199+0000] {processor.py:925} INFO - DAG(s) 'example_branch_operator' retrieved from /home/airflow/.local/lib/python3.12/site-packages/airflow/example_dags/example_branch_operator.py
[2026-07-25T09:27:58.222+0000] {logging_mixin.py:190} INFO - [2026-07-25T09:27:58.222+0000] {dag.py:3239} INFO - Sync 1 DAGs
[2026-07-25T09:27:58.244+0000] {logging_mixin.py:190} INFO - [2026-07-25T09:27:58.244+0000] {dag.py:4180} INFO - Setting next_dagrun for example_branch_operator to 2026-07-24 00:00:00+00:00, run_after=2026-07-25 00:00:00+00:00
[2026-07-25T09:27:58.270+0000] {processor.py:208} INFO - Processing /home/airflow/.local/lib/python3.12/site-packages/airflow/example_dags/example_branch_operator.py took 0.094 seconds
[2026-07-25T09:28:28.348+0000] {processor.py:186} INFO - Started process (PID=281) to work on /home/airflow/.local/lib/python3.12/site-packages/airflow/example_dags/example_branch_operator.py
[2026-07-25T09:28:28.349+0000] {processor.py:914} INFO - Processing file /home/airflow/.local/lib/python3.12/site-packages/airflow/example_dags/example_branch_operator.py for tasks to queue
[2026-07-25T09:28:28.351+0000] {logging_mixin.py:190} INFO - [2026-07-25T09:28:28.351+0000] {dagbag.py:588} INFO - Filling up the DagBag from /home/airflow/.local/lib/python3.12/site-packages/airflow/example_dags/example_branch_operator.py
[2026-07-25T09:28:28.363+0000] {processor.py:925} INFO - DAG(s) 'example_branch_operator' retrieved from /home/airflow/.local/lib/python3.12/site-packages/airflow/example_dags/example_branch_operator.py
[2026-07-25T09:28:28.383+0000] {logging_mixin.py:190} INFO - [2026-07-25T09:28:28.383+0000] {dag.py:3239} INFO - Sync 1 DAGs
[2026-07-25T09:28:28.399+0000] {logging_mixin.py:190} INFO - [2026-07-25T09:28:28.399+0000] {dag.py:4180} INFO - Setting next_dagrun for example_branch_operator to 2026-07-24 00:00:00+00:00, run_after=2026-07-25 00:00:00+00:00
[2026-07-25T09:28:28.410+0000] {processor.py:208} INFO - Processing /home/airflow/.local/lib/python3.12/site-packages/airflow/example_dags/example_branch_operator.py took 0.066 seconds
[2026-07-25T09:28:59.019+0000] {processor.py:186} INFO - Started process (PID=344) to work on /home/airflow/.local/lib/python3.12/site-packages/airflow/example_dags/example_branch_operator.py
[2026-07-25T09:28:59.020+0000] {processor.py:914} INFO - Processing file /home/airflow/.local/lib/python3.12/site-packages/airflow/example_dags/example_branch_operator.py for tasks to queue
[2026-07-25T09:28:59.022+0000] {logging_mixin.py:190} INFO - [2026-07-25T09:28:59.022+0000] {dagbag.py:588} INFO - Filling up the DagBag from /home/airflow/.local/lib/python3.12/site-packages/airflow/example_dags/example_branch_operator.py
[2026-07-25T09:28:59.033+0000] {processor.py:925} INFO - DAG(s) 'example_branch_operator' retrieved from /home/airflow/.local/lib/python3.12/site-packages/airflow/example_dags/example_branch_operator.py
[2026-07-25T09:28:59.050+0000] {logging_mixin.py:190} INFO - [2026-07-25T09:28:59.050+0000] {dag.py:3239} INFO - Sync 1 DAGs
[2026-07-25T09:28:59.065+0000] {logging_mixin.py:190} INFO - [2026-07-25T09:28:59.064+0000] {dag.py:4180} INFO - Setting next_dagrun for example_branch_operator to 2026-07-24 00:00:00+00:00, run_after=2026-07-25 00:00:00+00:00
[2026-07-25T09:28:59.089+0000] {processor.py:208} INFO - Processing /home/airflow/.local/lib/python3.12/site-packages/airflow/example_dags/example_branch_operator.py took 0.074 seconds
[2026-07-25T09:29:29.127+0000] {processor.py:186} INFO - Started process (PID=407) to work on /home/airflow/.local/lib/python3.12/site-packages/airflow/example_dags/example_branch_operator.py
[2026-07-25T09:29:29.128+0000] {processor.py:914} INFO - Processing file /home/airflow/.local/lib/python3.12/site-packages/airflow/example_dags/example_branch_operator.py for tasks to queue
[2026-07-25T09:29:29.131+0000] {logging_mixin.py:190} INFO - [2026-07-25T09:29:29.130+0000] {dagbag.py:588} INFO - Filling up the DagBag from /home/airflow/.local/lib/python3.12/site-packages/airflow/example_dags/example_branch_operator.py
[2026-07-25T09:29:29.144+0000] {processor.py:925} INFO - DAG(s) 'example_branch_operator' retrieved from /home/airflow/.local/lib/python3.12/site-packages/airflow/example_dags/example_branch_operator.py
[2026-07-25T09:29:29.163+0000] {logging_mixin.py:190} INFO - [2026-07-25T09:29:29.163+0000] {dag.py:3239} INFO - Sync 1 DAGs
[2026-07-25T09:29:29.177+0000] {logging_mixin.py:190} INFO - [2026-07-25T09:29:29.177+0000] {dag.py:4180} INFO - Setting next_dagrun for example_branch_operator to 2026-07-24 00:00:00+00:00, run_after=2026-07-25 00:00:00+00:00
[2026-07-25T09:29:29.191+0000] {processor.py:208} INFO - Processing /home/airflow/.local/lib/python3.12/site-packages/airflow/example_dags/example_branch_operator.py took 0.068 seconds
[2026-07-25T09:29:59.961+0000] {processor.py:186} INFO - Started process (PID=470) to work on /home/airflow/.local/lib/python3.12/site-packages/airflow/example_dags/example_branch_operator.py
[2026-07-25T09:29:59.962+0000] {processor.py:914} INFO - Processing file /home/airflow/.local/lib/python3.12/site-packages/airflow/example_dags/example_branch_operator.py for tasks to queue
[2026-07-25T09:29:59.964+0000] {logging_mixin.py:190} INFO - [2026-07-25T09:29:59.964+0000] {dagbag.py:588} INFO - Filling up the DagBag from /home/airflow/.local/lib/python3.12/site-packages/airflow/example_dags/example_branch_operator.py
[2026-07-25T09:29:59.976+0000] {processor.py:925} INFO - DAG(s) 'example_branch_operator' retrieved from /home/airflow/.local/lib/python3.12/site-packages/airflow/example_dags/example_branch_operator.py
[2026-07-25T09:29:59.994+0000] {logging_mixin.py:190} INFO - [2026-07-25T09:29:59.994+0000] {dag.py:3239} INFO - Sync 1 DAGs
[2026-07-25T09:30:00.009+0000] {logging_mixin.py:190} INFO - [2026-07-25T09:30:00.009+0000] {dag.py:4180} INFO - Setting next_dagrun for example_branch_operator to 2026-07-24 00:00:00+00:00, run_after=2026-07-25 00:00:00+00:00
[2026-07-25T09:30:00.038+0000] {processor.py:208} INFO - Processing /home/airflow/.local/lib/python3.12/site-packages/airflow/example_dags/example_branch_operator.py took 0.082 seconds
[2026-07-25T09:30:31.912+0000] {processor.py:186} INFO - Started process (PID=533) to work on /home/airflow/.local/lib/python3.12/site-packages/airflow/example_dags/example_branch_operator.py
[2026-07-25T09:30:31.912+0000] {processor.py:914} INFO - Processing file /home/airflow/.local/lib/python3.12/site-packages/airflow/example_dags/example_branch_operator.py for tasks to queue
[2026-07-25T09:30:31.914+0000] {logging_mixin.py:190} INFO - [2026-07-25T09:30:31.914+0000] {dagbag.py:588} INFO - Filling up the DagBag from /home/airflow/.local/lib/python3.12/site-packages/airflow/example_dags/example_branch_operator.py
[2026-07-25T09:30:31.927+0000] {processor.py:925} INFO - DAG(s) 'example_branch_operator' retrieved from /home/airflow/.local/lib/python3.12/site-packages/airflow/example_dags/example_branch_operator.py
[2026-07-25T09:30:31.945+0000] {logging_mixin.py:190} INFO - [2026-07-25T09:30:31.945+0000] {dag.py:3239} INFO - Sync 1 DAGs
[2026-07-25T09:30:31.960+0000] {logging_mixin.py:190} INFO - [2026-07-25T09:30:31.960+0000] {dag.py:4180} INFO - Setting next_dagrun for example_branch_operator to 2026-07-24 00:00:00+00:00, run_after=2026-07-25 00:00:00+00:00
[2026-07-25T09:30:31.987+0000] {processor.py:208} INFO - Processing /home/airflow/.local/lib/python3.12/site-packages/airflow/example_dags/example_branch_operator.py took 0.080 seconds
