[2026-07-25T09:06:13.889+0000] {processor.py:186} INFO - Started process (PID=81) to work on /home/airflow/.local/lib/python3.12/site-packages/airflow/example_dags/example_dag_decorator.py
[2026-07-25T09:06:13.890+0000] {processor.py:914} INFO - Processing file /home/airflow/.local/lib/python3.12/site-packages/airflow/example_dags/example_dag_decorator.py for tasks to queue
[2026-07-25T09:06:13.892+0000] {logging_mixin.py:190} INFO - [2026-07-25T09:06:13.892+0000] {dagbag.py:588} INFO - Filling up the DagBag from /home/airflow/.local/lib/python3.12/site-packages/airflow/example_dags/example_dag_decorator.py
[2026-07-25T09:06:13.965+0000] {processor.py:925} INFO - DAG(s) 'example_dag_decorator' retrieved from /home/airflow/.local/lib/python3.12/site-packages/airflow/example_dags/example_dag_decorator.py
[2026-07-25T09:06:14.035+0000] {logging_mixin.py:190} INFO - [2026-07-25T09:06:14.034+0000] {override.py:1932} INFO - Created Permission View: can edit on DAG:example_dag_decorator
[2026-07-25T09:06:14.041+0000] {logging_mixin.py:190} INFO - [2026-07-25T09:06:14.041+0000] {override.py:1932} INFO - Created Permission View: can read on DAG:example_dag_decorator
[2026-07-25T09:06:14.047+0000] {logging_mixin.py:190} INFO - [2026-07-25T09:06:14.047+0000] {override.py:1932} INFO - Created Permission View: can delete on DAG:example_dag_decorator
[2026-07-25T09:06:14.054+0000] {logging_mixin.py:190} INFO - [2026-07-25T09:06:14.054+0000] {override.py:1932} INFO - Created Permission View: can create on DAG Run:example_dag_decorator
[2026-07-25T09:06:14.059+0000] {logging_mixin.py:190} INFO - [2026-07-25T09:06:14.059+0000] {override.py:1932} INFO - Created Permission View: can read on DAG Run:example_dag_decorator
[2026-07-25T09:06:14.064+0000] {logging_mixin.py:190} INFO - [2026-07-25T09:06:14.063+0000] {override.py:1932} INFO - Created Permission View: can delete on DAG Run:example_dag_decorator
[2026-07-25T09:06:14.068+0000] {logging_mixin.py:190} INFO - [2026-07-25T09:06:14.068+0000] {override.py:1932} INFO - Created Permission View: menu access on DAG Run:example_dag_decorator
[2026-07-25T09:06:14.069+0000] {logging_mixin.py:190} INFO - [2026-07-25T09:06:14.069+0000] {dag.py:3239} INFO - Sync 1 DAGs
[2026-07-25T09:06:14.076+0000] {logging_mixin.py:190} INFO - [2026-07-25T09:06:14.076+0000] {dag.py:3262} INFO - Creating ORM DAG for example_dag_decorator
[2026-07-25T09:06:14.076+0000] {logging_mixin.py:190} INFO - [2026-07-25T09:06:14.076+0000] {dag.py:4180} INFO - Setting next_dagrun for example_dag_decorator to None, run_after=None
[2026-07-25T09:06:14.086+0000] {processor.py:208} INFO - Processing /home/airflow/.local/lib/python3.12/site-packages/airflow/example_dags/example_dag_decorator.py took 0.201 seconds
[2026-07-25T09:06:44.733+0000] {processor.py:186} INFO - Started process (PID=143) to work on /home/airflow/.local/lib/python3.12/site-packages/airflow/example_dags/example_dag_decorator.py
[2026-07-25T09:06:44.734+0000] {processor.py:914} INFO - Processing file /home/airflow/.local/lib/python3.12/site-packages/airflow/example_dags/example_dag_decorator.py for tasks to queue
[2026-07-25T09:06:44.737+0000] {logging_mixin.py:190} INFO - [2026-07-25T09:06:44.737+0000] {dagbag.py:588} INFO - Filling up the DagBag from /home/airflow/.local/lib/python3.12/site-packages/airflow/example_dags/example_dag_decorator.py
[2026-07-25T09:06:44.767+0000] {processor.py:925} INFO - DAG(s) 'example_dag_decorator' retrieved from /home/airflow/.local/lib/python3.12/site-packages/airflow/example_dags/example_dag_decorator.py
[2026-07-25T09:06:44.838+0000] {logging_mixin.py:190} INFO - [2026-07-25T09:06:44.838+0000] {dag.py:3239} INFO - Sync 1 DAGs
[2026-07-25T09:06:44.846+0000] {logging_mixin.py:190} INFO - [2026-07-25T09:06:44.846+0000] {dag.py:4180} INFO - Setting next_dagrun for example_dag_decorator to None, run_after=None
[2026-07-25T09:06:44.858+0000] {processor.py:208} INFO - Processing /home/airflow/.local/lib/python3.12/site-packages/airflow/example_dags/example_dag_decorator.py took 0.130 seconds
[2026-07-25T09:07:14.958+0000] {processor.py:186} INFO - Started process (PID=207) to work on /home/airflow/.local/lib/python3.12/site-packages/airflow/example_dags/example_dag_decorator.py
[2026-07-25T09:07:14.958+0000] {processor.py:914} INFO - Processing file /home/airflow/.local/lib/python3.12/site-packages/airflow/example_dags/example_dag_decorator.py for tasks to queue
[2026-07-25T09:07:14.960+0000] {logging_mixin.py:190} INFO - [2026-07-25T09:07:14.960+0000] {dagbag.py:588} INFO - Filling up the DagBag from /home/airflow/.local/lib/python3.12/site-packages/airflow/example_dags/example_dag_decorator.py
[2026-07-25T09:07:14.985+0000] {processor.py:925} INFO - DAG(s) 'example_dag_decorator' retrieved from /home/airflow/.local/lib/python3.12/site-packages/airflow/example_dags/example_dag_decorator.py
[2026-07-25T09:07:15.050+0000] {logging_mixin.py:190} INFO - [2026-07-25T09:07:15.049+0000] {dag.py:3239} INFO - Sync 1 DAGs
[2026-07-25T09:07:15.056+0000] {logging_mixin.py:190} INFO - [2026-07-25T09:07:15.056+0000] {dag.py:4180} INFO - Setting next_dagrun for example_dag_decorator to None, run_after=None
[2026-07-25T09:07:15.067+0000] {processor.py:208} INFO - Processing /home/airflow/.local/lib/python3.12/site-packages/airflow/example_dags/example_dag_decorator.py took 0.113 seconds
[2026-07-25T09:07:45.243+0000] {processor.py:186} INFO - Started process (PID=275) to work on /home/airflow/.local/lib/python3.12/site-packages/airflow/example_dags/example_dag_decorator.py
[2026-07-25T09:07:45.244+0000] {processor.py:914} INFO - Processing file /home/airflow/.local/lib/python3.12/site-packages/airflow/example_dags/example_dag_decorator.py for tasks to queue
[2026-07-25T09:07:45.246+0000] {logging_mixin.py:190} INFO - [2026-07-25T09:07:45.246+0000] {dagbag.py:588} INFO - Filling up the DagBag from /home/airflow/.local/lib/python3.12/site-packages/airflow/example_dags/example_dag_decorator.py
[2026-07-25T09:07:45.272+0000] {processor.py:925} INFO - DAG(s) 'example_dag_decorator' retrieved from /home/airflow/.local/lib/python3.12/site-packages/airflow/example_dags/example_dag_decorator.py
[2026-07-25T09:07:45.339+0000] {logging_mixin.py:190} INFO - [2026-07-25T09:07:45.339+0000] {dag.py:3239} INFO - Sync 1 DAGs
[2026-07-25T09:07:45.347+0000] {logging_mixin.py:190} INFO - [2026-07-25T09:07:45.347+0000] {dag.py:4180} INFO - Setting next_dagrun for example_dag_decorator to None, run_after=None
[2026-07-25T09:07:45.359+0000] {processor.py:208} INFO - Processing /home/airflow/.local/lib/python3.12/site-packages/airflow/example_dags/example_dag_decorator.py took 0.120 seconds
[2026-07-25T09:08:15.667+0000] {processor.py:186} INFO - Started process (PID=338) to work on /home/airflow/.local/lib/python3.12/site-packages/airflow/example_dags/example_dag_decorator.py
[2026-07-25T09:08:15.668+0000] {processor.py:914} INFO - Processing file /home/airflow/.local/lib/python3.12/site-packages/airflow/example_dags/example_dag_decorator.py for tasks to queue
[2026-07-25T09:08:15.670+0000] {logging_mixin.py:190} INFO - [2026-07-25T09:08:15.670+0000] {dagbag.py:588} INFO - Filling up the DagBag from /home/airflow/.local/lib/python3.12/site-packages/airflow/example_dags/example_dag_decorator.py
[2026-07-25T09:08:15.694+0000] {processor.py:925} INFO - DAG(s) 'example_dag_decorator' retrieved from /home/airflow/.local/lib/python3.12/site-packages/airflow/example_dags/example_dag_decorator.py
[2026-07-25T09:08:15.756+0000] {logging_mixin.py:190} INFO - [2026-07-25T09:08:15.756+0000] {dag.py:3239} INFO - Sync 1 DAGs
[2026-07-25T09:08:15.763+0000] {logging_mixin.py:190} INFO - [2026-07-25T09:08:15.763+0000] {dag.py:4180} INFO - Setting next_dagrun for example_dag_decorator to None, run_after=None
[2026-07-25T09:08:15.774+0000] {processor.py:208} INFO - Processing /home/airflow/.local/lib/python3.12/site-packages/airflow/example_dags/example_dag_decorator.py took 0.110 seconds
[2026-07-25T09:08:46.563+0000] {processor.py:186} INFO - Started process (PID=401) to work on /home/airflow/.local/lib/python3.12/site-packages/airflow/example_dags/example_dag_decorator.py
[2026-07-25T09:08:46.564+0000] {processor.py:914} INFO - Processing file /home/airflow/.local/lib/python3.12/site-packages/airflow/example_dags/example_dag_decorator.py for tasks to queue
[2026-07-25T09:08:46.566+0000] {logging_mixin.py:190} INFO - [2026-07-25T09:08:46.565+0000] {dagbag.py:588} INFO - Filling up the DagBag from /home/airflow/.local/lib/python3.12/site-packages/airflow/example_dags/example_dag_decorator.py
[2026-07-25T09:08:46.590+0000] {processor.py:925} INFO - DAG(s) 'example_dag_decorator' retrieved from /home/airflow/.local/lib/python3.12/site-packages/airflow/example_dags/example_dag_decorator.py
[2026-07-25T09:08:46.653+0000] {logging_mixin.py:190} INFO - [2026-07-25T09:08:46.653+0000] {dag.py:3239} INFO - Sync 1 DAGs
[2026-07-25T09:08:46.660+0000] {logging_mixin.py:190} INFO - [2026-07-25T09:08:46.660+0000] {dag.py:4180} INFO - Setting next_dagrun for example_dag_decorator to None, run_after=None
[2026-07-25T09:08:46.670+0000] {processor.py:208} INFO - Processing /home/airflow/.local/lib/python3.12/site-packages/airflow/example_dags/example_dag_decorator.py took 0.111 seconds
[2026-07-25T09:09:20.492+0000] {processor.py:186} INFO - Started process (PID=464) to work on /home/airflow/.local/lib/python3.12/site-packages/airflow/example_dags/example_dag_decorator.py
[2026-07-25T09:09:20.493+0000] {processor.py:914} INFO - Processing file /home/airflow/.local/lib/python3.12/site-packages/airflow/example_dags/example_dag_decorator.py for tasks to queue
[2026-07-25T09:09:20.495+0000] {logging_mixin.py:190} INFO - [2026-07-25T09:09:20.495+0000] {dagbag.py:588} INFO - Filling up the DagBag from /home/airflow/.local/lib/python3.12/site-packages/airflow/example_dags/example_dag_decorator.py
[2026-07-25T09:09:20.520+0000] {processor.py:925} INFO - DAG(s) 'example_dag_decorator' retrieved from /home/airflow/.local/lib/python3.12/site-packages/airflow/example_dags/example_dag_decorator.py
[2026-07-25T09:09:20.587+0000] {logging_mixin.py:190} INFO - [2026-07-25T09:09:20.587+0000] {dag.py:3239} INFO - Sync 1 DAGs
[2026-07-25T09:09:20.595+0000] {logging_mixin.py:190} INFO - [2026-07-25T09:09:20.595+0000] {dag.py:4180} INFO - Setting next_dagrun for example_dag_decorator to None, run_after=None
[2026-07-25T09:09:20.607+0000] {processor.py:208} INFO - Processing /home/airflow/.local/lib/python3.12/site-packages/airflow/example_dags/example_dag_decorator.py took 0.118 seconds
[2026-07-25T09:09:54.530+0000] {processor.py:186} INFO - Started process (PID=527) to work on /home/airflow/.local/lib/python3.12/site-packages/airflow/example_dags/example_dag_decorator.py
[2026-07-25T09:09:54.531+0000] {processor.py:914} INFO - Processing file /home/airflow/.local/lib/python3.12/site-packages/airflow/example_dags/example_dag_decorator.py for tasks to queue
[2026-07-25T09:09:54.533+0000] {logging_mixin.py:190} INFO - [2026-07-25T09:09:54.533+0000] {dagbag.py:588} INFO - Filling up the DagBag from /home/airflow/.local/lib/python3.12/site-packages/airflow/example_dags/example_dag_decorator.py
[2026-07-25T09:09:54.559+0000] {processor.py:925} INFO - DAG(s) 'example_dag_decorator' retrieved from /home/airflow/.local/lib/python3.12/site-packages/airflow/example_dags/example_dag_decorator.py
[2026-07-25T09:09:54.624+0000] {logging_mixin.py:190} INFO - [2026-07-25T09:09:54.624+0000] {dag.py:3239} INFO - Sync 1 DAGs
[2026-07-25T09:09:54.634+0000] {logging_mixin.py:190} INFO - [2026-07-25T09:09:54.634+0000] {dag.py:4180} INFO - Setting next_dagrun for example_dag_decorator to None, run_after=None
[2026-07-25T09:09:54.653+0000] {processor.py:208} INFO - Processing /home/airflow/.local/lib/python3.12/site-packages/airflow/example_dags/example_dag_decorator.py took 0.127 seconds
[2026-07-25T09:10:25.716+0000] {processor.py:186} INFO - Started process (PID=589) to work on /home/airflow/.local/lib/python3.12/site-packages/airflow/example_dags/example_dag_decorator.py
[2026-07-25T09:10:25.717+0000] {processor.py:914} INFO - Processing file /home/airflow/.local/lib/python3.12/site-packages/airflow/example_dags/example_dag_decorator.py for tasks to queue
[2026-07-25T09:10:25.720+0000] {logging_mixin.py:190} INFO - [2026-07-25T09:10:25.719+0000] {dagbag.py:588} INFO - Filling up the DagBag from /home/airflow/.local/lib/python3.12/site-packages/airflow/example_dags/example_dag_decorator.py
[2026-07-25T09:10:25.750+0000] {processor.py:925} INFO - DAG(s) 'example_dag_decorator' retrieved from /home/airflow/.local/lib/python3.12/site-packages/airflow/example_dags/example_dag_decorator.py
[2026-07-25T09:10:25.824+0000] {logging_mixin.py:190} INFO - [2026-07-25T09:10:25.823+0000] {dag.py:3239} INFO - Sync 1 DAGs
[2026-07-25T09:10:25.832+0000] {logging_mixin.py:190} INFO - [2026-07-25T09:10:25.832+0000] {dag.py:4180} INFO - Setting next_dagrun for example_dag_decorator to None, run_after=None
[2026-07-25T09:10:25.845+0000] {processor.py:208} INFO - Processing /home/airflow/.local/lib/python3.12/site-packages/airflow/example_dags/example_dag_decorator.py took 0.134 seconds
[2026-07-25T09:10:56.123+0000] {processor.py:186} INFO - Started process (PID=651) to work on /home/airflow/.local/lib/python3.12/site-packages/airflow/example_dags/example_dag_decorator.py
[2026-07-25T09:10:56.124+0000] {processor.py:914} INFO - Processing file /home/airflow/.local/lib/python3.12/site-packages/airflow/example_dags/example_dag_decorator.py for tasks to queue
[2026-07-25T09:10:56.126+0000] {logging_mixin.py:190} INFO - [2026-07-25T09:10:56.126+0000] {dagbag.py:588} INFO - Filling up the DagBag from /home/airflow/.local/lib/python3.12/site-packages/airflow/example_dags/example_dag_decorator.py
[2026-07-25T09:10:56.151+0000] {processor.py:925} INFO - DAG(s) 'example_dag_decorator' retrieved from /home/airflow/.local/lib/python3.12/site-packages/airflow/example_dags/example_dag_decorator.py
[2026-07-25T09:10:56.216+0000] {logging_mixin.py:190} INFO - [2026-07-25T09:10:56.216+0000] {dag.py:3239} INFO - Sync 1 DAGs
[2026-07-25T09:10:56.224+0000] {logging_mixin.py:190} INFO - [2026-07-25T09:10:56.223+0000] {dag.py:4180} INFO - Setting next_dagrun for example_dag_decorator to None, run_after=None
[2026-07-25T09:10:56.235+0000] {processor.py:208} INFO - Processing /home/airflow/.local/lib/python3.12/site-packages/airflow/example_dags/example_dag_decorator.py took 0.115 seconds
[2026-07-25T09:11:29.567+0000] {processor.py:186} INFO - Started process (PID=714) to work on /home/airflow/.local/lib/python3.12/site-packages/airflow/example_dags/example_dag_decorator.py
[2026-07-25T09:11:29.568+0000] {processor.py:914} INFO - Processing file /home/airflow/.local/lib/python3.12/site-packages/airflow/example_dags/example_dag_decorator.py for tasks to queue
[2026-07-25T09:11:29.570+0000] {logging_mixin.py:190} INFO - [2026-07-25T09:11:29.570+0000] {dagbag.py:588} INFO - Filling up the DagBag from /home/airflow/.local/lib/python3.12/site-packages/airflow/example_dags/example_dag_decorator.py
[2026-07-25T09:11:29.599+0000] {processor.py:925} INFO - DAG(s) 'example_dag_decorator' retrieved from /home/airflow/.local/lib/python3.12/site-packages/airflow/example_dags/example_dag_decorator.py
[2026-07-25T09:11:29.670+0000] {logging_mixin.py:190} INFO - [2026-07-25T09:11:29.669+0000] {dag.py:3239} INFO - Sync 1 DAGs
[2026-07-25T09:11:29.678+0000] {logging_mixin.py:190} INFO - [2026-07-25T09:11:29.678+0000] {dag.py:4180} INFO - Setting next_dagrun for example_dag_decorator to None, run_after=None
[2026-07-25T09:11:29.689+0000] {processor.py:208} INFO - Processing /home/airflow/.local/lib/python3.12/site-packages/airflow/example_dags/example_dag_decorator.py took 0.126 seconds
[2026-07-25T09:12:00.445+0000] {processor.py:186} INFO - Started process (PID=775) to work on /home/airflow/.local/lib/python3.12/site-packages/airflow/example_dags/example_dag_decorator.py
[2026-07-25T09:12:00.446+0000] {processor.py:914} INFO - Processing file /home/airflow/.local/lib/python3.12/site-packages/airflow/example_dags/example_dag_decorator.py for tasks to queue
[2026-07-25T09:12:00.448+0000] {logging_mixin.py:190} INFO - [2026-07-25T09:12:00.448+0000] {dagbag.py:588} INFO - Filling up the DagBag from /home/airflow/.local/lib/python3.12/site-packages/airflow/example_dags/example_dag_decorator.py
[2026-07-25T09:12:00.475+0000] {processor.py:925} INFO - DAG(s) 'example_dag_decorator' retrieved from /home/airflow/.local/lib/python3.12/site-packages/airflow/example_dags/example_dag_decorator.py
[2026-07-25T09:12:00.543+0000] {logging_mixin.py:190} INFO - [2026-07-25T09:12:00.542+0000] {dag.py:3239} INFO - Sync 1 DAGs
[2026-07-25T09:12:00.549+0000] {logging_mixin.py:190} INFO - [2026-07-25T09:12:00.549+0000] {dag.py:4180} INFO - Setting next_dagrun for example_dag_decorator to None, run_after=None
[2026-07-25T09:12:00.561+0000] {processor.py:208} INFO - Processing /home/airflow/.local/lib/python3.12/site-packages/airflow/example_dags/example_dag_decorator.py took 0.119 seconds
[2026-07-25T09:12:31.014+0000] {processor.py:186} INFO - Started process (PID=838) to work on /home/airflow/.local/lib/python3.12/site-packages/airflow/example_dags/example_dag_decorator.py
[2026-07-25T09:12:31.015+0000] {processor.py:914} INFO - Processing file /home/airflow/.local/lib/python3.12/site-packages/airflow/example_dags/example_dag_decorator.py for tasks to queue
[2026-07-25T09:12:31.017+0000] {logging_mixin.py:190} INFO - [2026-07-25T09:12:31.017+0000] {dagbag.py:588} INFO - Filling up the DagBag from /home/airflow/.local/lib/python3.12/site-packages/airflow/example_dags/example_dag_decorator.py
[2026-07-25T09:12:31.044+0000] {processor.py:925} INFO - DAG(s) 'example_dag_decorator' retrieved from /home/airflow/.local/lib/python3.12/site-packages/airflow/example_dags/example_dag_decorator.py
[2026-07-25T09:12:31.113+0000] {logging_mixin.py:190} INFO - [2026-07-25T09:12:31.112+0000] {dag.py:3239} INFO - Sync 1 DAGs
[2026-07-25T09:12:31.120+0000] {logging_mixin.py:190} INFO - [2026-07-25T09:12:31.120+0000] {dag.py:4180} INFO - Setting next_dagrun for example_dag_decorator to None, run_after=None
[2026-07-25T09:12:31.132+0000] {processor.py:208} INFO - Processing /home/airflow/.local/lib/python3.12/site-packages/airflow/example_dags/example_dag_decorator.py took 0.122 seconds
[2026-07-25T09:13:01.273+0000] {processor.py:186} INFO - Started process (PID=901) to work on /home/airflow/.local/lib/python3.12/site-packages/airflow/example_dags/example_dag_decorator.py
[2026-07-25T09:13:01.274+0000] {processor.py:914} INFO - Processing file /home/airflow/.local/lib/python3.12/site-packages/airflow/example_dags/example_dag_decorator.py for tasks to queue
[2026-07-25T09:13:01.276+0000] {logging_mixin.py:190} INFO - [2026-07-25T09:13:01.276+0000] {dagbag.py:588} INFO - Filling up the DagBag from /home/airflow/.local/lib/python3.12/site-packages/airflow/example_dags/example_dag_decorator.py
[2026-07-25T09:13:01.299+0000] {processor.py:925} INFO - DAG(s) 'example_dag_decorator' retrieved from /home/airflow/.local/lib/python3.12/site-packages/airflow/example_dags/example_dag_decorator.py
[2026-07-25T09:13:01.362+0000] {logging_mixin.py:190} INFO - [2026-07-25T09:13:01.362+0000] {dag.py:3239} INFO - Sync 1 DAGs
[2026-07-25T09:13:01.370+0000] {logging_mixin.py:190} INFO - [2026-07-25T09:13:01.369+0000] {dag.py:4180} INFO - Setting next_dagrun for example_dag_decorator to None, run_after=None
[2026-07-25T09:13:01.381+0000] {processor.py:208} INFO - Processing /home/airflow/.local/lib/python3.12/site-packages/airflow/example_dags/example_dag_decorator.py took 0.111 seconds
[2026-07-25T09:13:31.969+0000] {processor.py:186} INFO - Started process (PID=963) to work on /home/airflow/.local/lib/python3.12/site-packages/airflow/example_dags/example_dag_decorator.py
[2026-07-25T09:13:31.970+0000] {processor.py:914} INFO - Processing file /home/airflow/.local/lib/python3.12/site-packages/airflow/example_dags/example_dag_decorator.py for tasks to queue
[2026-07-25T09:13:31.972+0000] {logging_mixin.py:190} INFO - [2026-07-25T09:13:31.972+0000] {dagbag.py:588} INFO - Filling up the DagBag from /home/airflow/.local/lib/python3.12/site-packages/airflow/example_dags/example_dag_decorator.py
[2026-07-25T09:13:31.996+0000] {processor.py:925} INFO - DAG(s) 'example_dag_decorator' retrieved from /home/airflow/.local/lib/python3.12/site-packages/airflow/example_dags/example_dag_decorator.py
[2026-07-25T09:13:32.061+0000] {logging_mixin.py:190} INFO - [2026-07-25T09:13:32.061+0000] {dag.py:3239} INFO - Sync 1 DAGs
[2026-07-25T09:13:32.068+0000] {logging_mixin.py:190} INFO - [2026-07-25T09:13:32.068+0000] {dag.py:4180} INFO - Setting next_dagrun for example_dag_decorator to None, run_after=None
[2026-07-25T09:13:32.080+0000] {processor.py:208} INFO - Processing /home/airflow/.local/lib/python3.12/site-packages/airflow/example_dags/example_dag_decorator.py took 0.114 seconds
[2026-07-25T09:14:02.583+0000] {processor.py:186} INFO - Started process (PID=1026) to work on /home/airflow/.local/lib/python3.12/site-packages/airflow/example_dags/example_dag_decorator.py
[2026-07-25T09:14:02.584+0000] {processor.py:914} INFO - Processing file /home/airflow/.local/lib/python3.12/site-packages/airflow/example_dags/example_dag_decorator.py for tasks to queue
[2026-07-25T09:14:02.586+0000] {logging_mixin.py:190} INFO - [2026-07-25T09:14:02.586+0000] {dagbag.py:588} INFO - Filling up the DagBag from /home/airflow/.local/lib/python3.12/site-packages/airflow/example_dags/example_dag_decorator.py
[2026-07-25T09:14:02.610+0000] {processor.py:925} INFO - DAG(s) 'example_dag_decorator' retrieved from /home/airflow/.local/lib/python3.12/site-packages/airflow/example_dags/example_dag_decorator.py
[2026-07-25T09:14:02.682+0000] {logging_mixin.py:190} INFO - [2026-07-25T09:14:02.682+0000] {dag.py:3239} INFO - Sync 1 DAGs
[2026-07-25T09:14:02.690+0000] {logging_mixin.py:190} INFO - [2026-07-25T09:14:02.690+0000] {dag.py:4180} INFO - Setting next_dagrun for example_dag_decorator to None, run_after=None
[2026-07-25T09:14:02.702+0000] {processor.py:208} INFO - Processing /home/airflow/.local/lib/python3.12/site-packages/airflow/example_dags/example_dag_decorator.py took 0.122 seconds
[2026-07-25T09:14:34.513+0000] {processor.py:186} INFO - Started process (PID=1089) to work on /home/airflow/.local/lib/python3.12/site-packages/airflow/example_dags/example_dag_decorator.py
[2026-07-25T09:14:34.514+0000] {processor.py:914} INFO - Processing file /home/airflow/.local/lib/python3.12/site-packages/airflow/example_dags/example_dag_decorator.py for tasks to queue
[2026-07-25T09:14:34.516+0000] {logging_mixin.py:190} INFO - [2026-07-25T09:14:34.516+0000] {dagbag.py:588} INFO - Filling up the DagBag from /home/airflow/.local/lib/python3.12/site-packages/airflow/example_dags/example_dag_decorator.py
[2026-07-25T09:14:34.542+0000] {processor.py:925} INFO - DAG(s) 'example_dag_decorator' retrieved from /home/airflow/.local/lib/python3.12/site-packages/airflow/example_dags/example_dag_decorator.py
[2026-07-25T09:14:34.606+0000] {logging_mixin.py:190} INFO - [2026-07-25T09:14:34.606+0000] {dag.py:3239} INFO - Sync 1 DAGs
[2026-07-25T09:14:34.613+0000] {logging_mixin.py:190} INFO - [2026-07-25T09:14:34.613+0000] {dag.py:4180} INFO - Setting next_dagrun for example_dag_decorator to None, run_after=None
[2026-07-25T09:14:34.624+0000] {processor.py:208} INFO - Processing /home/airflow/.local/lib/python3.12/site-packages/airflow/example_dags/example_dag_decorator.py took 0.114 seconds
[2026-07-25T09:15:33.683+0000] {processor.py:186} INFO - Started process (PID=81) to work on /home/airflow/.local/lib/python3.12/site-packages/airflow/example_dags/example_dag_decorator.py
[2026-07-25T09:15:33.685+0000] {processor.py:914} INFO - Processing file /home/airflow/.local/lib/python3.12/site-packages/airflow/example_dags/example_dag_decorator.py for tasks to queue
[2026-07-25T09:15:33.687+0000] {logging_mixin.py:190} INFO - [2026-07-25T09:15:33.687+0000] {dagbag.py:588} INFO - Filling up the DagBag from /home/airflow/.local/lib/python3.12/site-packages/airflow/example_dags/example_dag_decorator.py
[2026-07-25T09:15:33.790+0000] {processor.py:925} INFO - DAG(s) 'example_dag_decorator' retrieved from /home/airflow/.local/lib/python3.12/site-packages/airflow/example_dags/example_dag_decorator.py
[2026-07-25T09:15:33.894+0000] {logging_mixin.py:190} INFO - [2026-07-25T09:15:33.894+0000] {dag.py:3239} INFO - Sync 1 DAGs
[2026-07-25T09:15:33.904+0000] {logging_mixin.py:190} INFO - [2026-07-25T09:15:33.903+0000] {dag.py:4180} INFO - Setting next_dagrun for example_dag_decorator to None, run_after=None
[2026-07-25T09:15:33.917+0000] {processor.py:208} INFO - Processing /home/airflow/.local/lib/python3.12/site-packages/airflow/example_dags/example_dag_decorator.py took 0.238 seconds
[2026-07-25T09:16:04.645+0000] {processor.py:186} INFO - Started process (PID=143) to work on /home/airflow/.local/lib/python3.12/site-packages/airflow/example_dags/example_dag_decorator.py
[2026-07-25T09:16:04.646+0000] {processor.py:914} INFO - Processing file /home/airflow/.local/lib/python3.12/site-packages/airflow/example_dags/example_dag_decorator.py for tasks to queue
[2026-07-25T09:16:04.649+0000] {logging_mixin.py:190} INFO - [2026-07-25T09:16:04.648+0000] {dagbag.py:588} INFO - Filling up the DagBag from /home/airflow/.local/lib/python3.12/site-packages/airflow/example_dags/example_dag_decorator.py
[2026-07-25T09:16:04.678+0000] {processor.py:925} INFO - DAG(s) 'example_dag_decorator' retrieved from /home/airflow/.local/lib/python3.12/site-packages/airflow/example_dags/example_dag_decorator.py
[2026-07-25T09:16:04.750+0000] {logging_mixin.py:190} INFO - [2026-07-25T09:16:04.750+0000] {dag.py:3239} INFO - Sync 1 DAGs
[2026-07-25T09:16:04.758+0000] {logging_mixin.py:190} INFO - [2026-07-25T09:16:04.758+0000] {dag.py:4180} INFO - Setting next_dagrun for example_dag_decorator to None, run_after=None
[2026-07-25T09:16:04.771+0000] {processor.py:208} INFO - Processing /home/airflow/.local/lib/python3.12/site-packages/airflow/example_dags/example_dag_decorator.py took 0.129 seconds
[2026-07-25T09:16:35.441+0000] {processor.py:186} INFO - Started process (PID=206) to work on /home/airflow/.local/lib/python3.12/site-packages/airflow/example_dags/example_dag_decorator.py
[2026-07-25T09:16:35.442+0000] {processor.py:914} INFO - Processing file /home/airflow/.local/lib/python3.12/site-packages/airflow/example_dags/example_dag_decorator.py for tasks to queue
[2026-07-25T09:16:35.443+0000] {logging_mixin.py:190} INFO - [2026-07-25T09:16:35.443+0000] {dagbag.py:588} INFO - Filling up the DagBag from /home/airflow/.local/lib/python3.12/site-packages/airflow/example_dags/example_dag_decorator.py
[2026-07-25T09:16:35.469+0000] {processor.py:925} INFO - DAG(s) 'example_dag_decorator' retrieved from /home/airflow/.local/lib/python3.12/site-packages/airflow/example_dags/example_dag_decorator.py
[2026-07-25T09:16:35.542+0000] {logging_mixin.py:190} INFO - [2026-07-25T09:16:35.542+0000] {dag.py:3239} INFO - Sync 1 DAGs
[2026-07-25T09:16:35.551+0000] {logging_mixin.py:190} INFO - [2026-07-25T09:16:35.551+0000] {dag.py:4180} INFO - Setting next_dagrun for example_dag_decorator to None, run_after=None
[2026-07-25T09:16:35.565+0000] {processor.py:208} INFO - Processing /home/airflow/.local/lib/python3.12/site-packages/airflow/example_dags/example_dag_decorator.py took 0.127 seconds
[2026-07-25T09:17:06.099+0000] {processor.py:186} INFO - Started process (PID=269) to work on /home/airflow/.local/lib/python3.12/site-packages/airflow/example_dags/example_dag_decorator.py
[2026-07-25T09:17:06.100+0000] {processor.py:914} INFO - Processing file /home/airflow/.local/lib/python3.12/site-packages/airflow/example_dags/example_dag_decorator.py for tasks to queue
[2026-07-25T09:17:06.101+0000] {logging_mixin.py:190} INFO - [2026-07-25T09:17:06.101+0000] {dagbag.py:588} INFO - Filling up the DagBag from /home/airflow/.local/lib/python3.12/site-packages/airflow/example_dags/example_dag_decorator.py
[2026-07-25T09:17:06.128+0000] {processor.py:925} INFO - DAG(s) 'example_dag_decorator' retrieved from /home/airflow/.local/lib/python3.12/site-packages/airflow/example_dags/example_dag_decorator.py
[2026-07-25T09:17:06.192+0000] {logging_mixin.py:190} INFO - [2026-07-25T09:17:06.192+0000] {dag.py:3239} INFO - Sync 1 DAGs
[2026-07-25T09:17:06.199+0000] {logging_mixin.py:190} INFO - [2026-07-25T09:17:06.199+0000] {dag.py:4180} INFO - Setting next_dagrun for example_dag_decorator to None, run_after=None
[2026-07-25T09:17:06.212+0000] {processor.py:208} INFO - Processing /home/airflow/.local/lib/python3.12/site-packages/airflow/example_dags/example_dag_decorator.py took 0.116 seconds
[2026-07-25T09:17:36.500+0000] {processor.py:186} INFO - Started process (PID=332) to work on /home/airflow/.local/lib/python3.12/site-packages/airflow/example_dags/example_dag_decorator.py
[2026-07-25T09:17:36.501+0000] {processor.py:914} INFO - Processing file /home/airflow/.local/lib/python3.12/site-packages/airflow/example_dags/example_dag_decorator.py for tasks to queue
[2026-07-25T09:17:36.503+0000] {logging_mixin.py:190} INFO - [2026-07-25T09:17:36.502+0000] {dagbag.py:588} INFO - Filling up the DagBag from /home/airflow/.local/lib/python3.12/site-packages/airflow/example_dags/example_dag_decorator.py
[2026-07-25T09:17:36.528+0000] {processor.py:925} INFO - DAG(s) 'example_dag_decorator' retrieved from /home/airflow/.local/lib/python3.12/site-packages/airflow/example_dags/example_dag_decorator.py
[2026-07-25T09:17:36.594+0000] {logging_mixin.py:190} INFO - [2026-07-25T09:17:36.594+0000] {dag.py:3239} INFO - Sync 1 DAGs
[2026-07-25T09:17:36.601+0000] {logging_mixin.py:190} INFO - [2026-07-25T09:17:36.601+0000] {dag.py:4180} INFO - Setting next_dagrun for example_dag_decorator to None, run_after=None
[2026-07-25T09:17:36.613+0000] {processor.py:208} INFO - Processing /home/airflow/.local/lib/python3.12/site-packages/airflow/example_dags/example_dag_decorator.py took 0.116 seconds
[2026-07-25T09:18:06.908+0000] {processor.py:186} INFO - Started process (PID=401) to work on /home/airflow/.local/lib/python3.12/site-packages/airflow/example_dags/example_dag_decorator.py
[2026-07-25T09:18:06.908+0000] {processor.py:914} INFO - Processing file /home/airflow/.local/lib/python3.12/site-packages/airflow/example_dags/example_dag_decorator.py for tasks to queue
[2026-07-25T09:18:06.910+0000] {logging_mixin.py:190} INFO - [2026-07-25T09:18:06.910+0000] {dagbag.py:588} INFO - Filling up the DagBag from /home/airflow/.local/lib/python3.12/site-packages/airflow/example_dags/example_dag_decorator.py
[2026-07-25T09:18:06.936+0000] {processor.py:925} INFO - DAG(s) 'example_dag_decorator' retrieved from /home/airflow/.local/lib/python3.12/site-packages/airflow/example_dags/example_dag_decorator.py
[2026-07-25T09:18:06.950+0000] {logging_mixin.py:190} INFO - [2026-07-25T09:18:06.950+0000] {dag.py:3239} INFO - Sync 1 DAGs
[2026-07-25T09:18:06.959+0000] {logging_mixin.py:190} INFO - [2026-07-25T09:18:06.959+0000] {dag.py:4180} INFO - Setting next_dagrun for example_dag_decorator to None, run_after=None
[2026-07-25T09:18:06.972+0000] {processor.py:208} INFO - Processing /home/airflow/.local/lib/python3.12/site-packages/airflow/example_dags/example_dag_decorator.py took 0.067 seconds
[2026-07-25T09:18:38.050+0000] {processor.py:186} INFO - Started process (PID=464) to work on /home/airflow/.local/lib/python3.12/site-packages/airflow/example_dags/example_dag_decorator.py
[2026-07-25T09:18:38.051+0000] {processor.py:914} INFO - Processing file /home/airflow/.local/lib/python3.12/site-packages/airflow/example_dags/example_dag_decorator.py for tasks to queue
[2026-07-25T09:18:38.054+0000] {logging_mixin.py:190} INFO - [2026-07-25T09:18:38.054+0000] {dagbag.py:588} INFO - Filling up the DagBag from /home/airflow/.local/lib/python3.12/site-packages/airflow/example_dags/example_dag_decorator.py
[2026-07-25T09:18:38.080+0000] {processor.py:925} INFO - DAG(s) 'example_dag_decorator' retrieved from /home/airflow/.local/lib/python3.12/site-packages/airflow/example_dags/example_dag_decorator.py
[2026-07-25T09:18:38.158+0000] {logging_mixin.py:190} INFO - [2026-07-25T09:18:38.158+0000] {dag.py:3239} INFO - Sync 1 DAGs
[2026-07-25T09:18:38.166+0000] {logging_mixin.py:190} INFO - [2026-07-25T09:18:38.166+0000] {dag.py:4180} INFO - Setting next_dagrun for example_dag_decorator to None, run_after=None
[2026-07-25T09:18:38.177+0000] {processor.py:208} INFO - Processing /home/airflow/.local/lib/python3.12/site-packages/airflow/example_dags/example_dag_decorator.py took 0.132 seconds
[2026-07-25T09:19:08.859+0000] {processor.py:186} INFO - Started process (PID=525) to work on /home/airflow/.local/lib/python3.12/site-packages/airflow/example_dags/example_dag_decorator.py
[2026-07-25T09:19:08.860+0000] {processor.py:914} INFO - Processing file /home/airflow/.local/lib/python3.12/site-packages/airflow/example_dags/example_dag_decorator.py for tasks to queue
[2026-07-25T09:19:08.862+0000] {logging_mixin.py:190} INFO - [2026-07-25T09:19:08.862+0000] {dagbag.py:588} INFO - Filling up the DagBag from /home/airflow/.local/lib/python3.12/site-packages/airflow/example_dags/example_dag_decorator.py
[2026-07-25T09:19:08.890+0000] {processor.py:925} INFO - DAG(s) 'example_dag_decorator' retrieved from /home/airflow/.local/lib/python3.12/site-packages/airflow/example_dags/example_dag_decorator.py
[2026-07-25T09:19:08.961+0000] {logging_mixin.py:190} INFO - [2026-07-25T09:19:08.960+0000] {dag.py:3239} INFO - Sync 1 DAGs
[2026-07-25T09:19:08.969+0000] {logging_mixin.py:190} INFO - [2026-07-25T09:19:08.969+0000] {dag.py:4180} INFO - Setting next_dagrun for example_dag_decorator to None, run_after=None
[2026-07-25T09:19:08.981+0000] {processor.py:208} INFO - Processing /home/airflow/.local/lib/python3.12/site-packages/airflow/example_dags/example_dag_decorator.py took 0.126 seconds
[2026-07-25T09:20:45.071+0000] {processor.py:186} INFO - Started process (PID=81) to work on /home/airflow/.local/lib/python3.12/site-packages/airflow/example_dags/example_dag_decorator.py
[2026-07-25T09:20:45.072+0000] {processor.py:914} INFO - Processing file /home/airflow/.local/lib/python3.12/site-packages/airflow/example_dags/example_dag_decorator.py for tasks to queue
[2026-07-25T09:20:45.077+0000] {logging_mixin.py:190} INFO - [2026-07-25T09:20:45.076+0000] {dagbag.py:588} INFO - Filling up the DagBag from /home/airflow/.local/lib/python3.12/site-packages/airflow/example_dags/example_dag_decorator.py
[2026-07-25T09:20:45.185+0000] {processor.py:925} INFO - DAG(s) 'example_dag_decorator' retrieved from /home/airflow/.local/lib/python3.12/site-packages/airflow/example_dags/example_dag_decorator.py
[2026-07-25T09:20:45.295+0000] {logging_mixin.py:190} INFO - [2026-07-25T09:20:45.295+0000] {dag.py:3239} INFO - Sync 1 DAGs
[2026-07-25T09:20:45.305+0000] {logging_mixin.py:190} INFO - [2026-07-25T09:20:45.305+0000] {dag.py:4180} INFO - Setting next_dagrun for example_dag_decorator to None, run_after=None
[2026-07-25T09:20:45.320+0000] {processor.py:208} INFO - Processing /home/airflow/.local/lib/python3.12/site-packages/airflow/example_dags/example_dag_decorator.py took 0.253 seconds
[2026-07-25T09:21:15.799+0000] {processor.py:186} INFO - Started process (PID=143) to work on /home/airflow/.local/lib/python3.12/site-packages/airflow/example_dags/example_dag_decorator.py
[2026-07-25T09:21:15.800+0000] {processor.py:914} INFO - Processing file /home/airflow/.local/lib/python3.12/site-packages/airflow/example_dags/example_dag_decorator.py for tasks to queue
[2026-07-25T09:21:15.802+0000] {logging_mixin.py:190} INFO - [2026-07-25T09:21:15.802+0000] {dagbag.py:588} INFO - Filling up the DagBag from /home/airflow/.local/lib/python3.12/site-packages/airflow/example_dags/example_dag_decorator.py
[2026-07-25T09:21:15.833+0000] {processor.py:925} INFO - DAG(s) 'example_dag_decorator' retrieved from /home/airflow/.local/lib/python3.12/site-packages/airflow/example_dags/example_dag_decorator.py
[2026-07-25T09:21:15.911+0000] {logging_mixin.py:190} INFO - [2026-07-25T09:21:15.910+0000] {dag.py:3239} INFO - Sync 1 DAGs
[2026-07-25T09:21:15.921+0000] {logging_mixin.py:190} INFO - [2026-07-25T09:21:15.921+0000] {dag.py:4180} INFO - Setting next_dagrun for example_dag_decorator to None, run_after=None
[2026-07-25T09:21:15.938+0000] {processor.py:208} INFO - Processing /home/airflow/.local/lib/python3.12/site-packages/airflow/example_dags/example_dag_decorator.py took 0.144 seconds
[2026-07-25T09:21:46.949+0000] {processor.py:186} INFO - Started process (PID=212) to work on /home/airflow/.local/lib/python3.12/site-packages/airflow/example_dags/example_dag_decorator.py
[2026-07-25T09:21:46.950+0000] {processor.py:914} INFO - Processing file /home/airflow/.local/lib/python3.12/site-packages/airflow/example_dags/example_dag_decorator.py for tasks to queue
[2026-07-25T09:21:46.952+0000] {logging_mixin.py:190} INFO - [2026-07-25T09:21:46.952+0000] {dagbag.py:588} INFO - Filling up the DagBag from /home/airflow/.local/lib/python3.12/site-packages/airflow/example_dags/example_dag_decorator.py
[2026-07-25T09:21:46.979+0000] {processor.py:925} INFO - DAG(s) 'example_dag_decorator' retrieved from /home/airflow/.local/lib/python3.12/site-packages/airflow/example_dags/example_dag_decorator.py
[2026-07-25T09:21:46.995+0000] {logging_mixin.py:190} INFO - [2026-07-25T09:21:46.994+0000] {dag.py:3239} INFO - Sync 1 DAGs
[2026-07-25T09:21:47.003+0000] {logging_mixin.py:190} INFO - [2026-07-25T09:21:47.003+0000] {dag.py:4180} INFO - Setting next_dagrun for example_dag_decorator to None, run_after=None
[2026-07-25T09:21:47.016+0000] {processor.py:208} INFO - Processing /home/airflow/.local/lib/python3.12/site-packages/airflow/example_dags/example_dag_decorator.py took 0.071 seconds
[2026-07-25T09:22:17.388+0000] {processor.py:186} INFO - Started process (PID=275) to work on /home/airflow/.local/lib/python3.12/site-packages/airflow/example_dags/example_dag_decorator.py
[2026-07-25T09:22:17.389+0000] {processor.py:914} INFO - Processing file /home/airflow/.local/lib/python3.12/site-packages/airflow/example_dags/example_dag_decorator.py for tasks to queue
[2026-07-25T09:22:17.391+0000] {logging_mixin.py:190} INFO - [2026-07-25T09:22:17.391+0000] {dagbag.py:588} INFO - Filling up the DagBag from /home/airflow/.local/lib/python3.12/site-packages/airflow/example_dags/example_dag_decorator.py
[2026-07-25T09:22:17.421+0000] {processor.py:925} INFO - DAG(s) 'example_dag_decorator' retrieved from /home/airflow/.local/lib/python3.12/site-packages/airflow/example_dags/example_dag_decorator.py
[2026-07-25T09:22:17.489+0000] {logging_mixin.py:190} INFO - [2026-07-25T09:22:17.489+0000] {dag.py:3239} INFO - Sync 1 DAGs
[2026-07-25T09:22:17.497+0000] {logging_mixin.py:190} INFO - [2026-07-25T09:22:17.497+0000] {dag.py:4180} INFO - Setting next_dagrun for example_dag_decorator to None, run_after=None
[2026-07-25T09:22:17.511+0000] {processor.py:208} INFO - Processing /home/airflow/.local/lib/python3.12/site-packages/airflow/example_dags/example_dag_decorator.py took 0.127 seconds
[2026-07-25T09:23:56.950+0000] {processor.py:186} INFO - Started process (PID=81) to work on /home/airflow/.local/lib/python3.12/site-packages/airflow/example_dags/example_dag_decorator.py
[2026-07-25T09:23:56.951+0000] {processor.py:914} INFO - Processing file /home/airflow/.local/lib/python3.12/site-packages/airflow/example_dags/example_dag_decorator.py for tasks to queue
[2026-07-25T09:23:56.954+0000] {logging_mixin.py:190} INFO - [2026-07-25T09:23:56.954+0000] {dagbag.py:588} INFO - Filling up the DagBag from /home/airflow/.local/lib/python3.12/site-packages/airflow/example_dags/example_dag_decorator.py
[2026-07-25T09:23:57.036+0000] {processor.py:925} INFO - DAG(s) 'example_dag_decorator' retrieved from /home/airflow/.local/lib/python3.12/site-packages/airflow/example_dags/example_dag_decorator.py
[2026-07-25T09:23:57.150+0000] {logging_mixin.py:190} INFO - [2026-07-25T09:23:57.149+0000] {dag.py:3239} INFO - Sync 1 DAGs
[2026-07-25T09:23:57.162+0000] {logging_mixin.py:190} INFO - [2026-07-25T09:23:57.162+0000] {dag.py:4180} INFO - Setting next_dagrun for example_dag_decorator to None, run_after=None
[2026-07-25T09:23:57.177+0000] {processor.py:208} INFO - Processing /home/airflow/.local/lib/python3.12/site-packages/airflow/example_dags/example_dag_decorator.py took 0.231 seconds
[2026-07-25T09:24:28.367+0000] {processor.py:186} INFO - Started process (PID=149) to work on /home/airflow/.local/lib/python3.12/site-packages/airflow/example_dags/example_dag_decorator.py
[2026-07-25T09:24:28.368+0000] {processor.py:914} INFO - Processing file /home/airflow/.local/lib/python3.12/site-packages/airflow/example_dags/example_dag_decorator.py for tasks to queue
[2026-07-25T09:24:28.370+0000] {logging_mixin.py:190} INFO - [2026-07-25T09:24:28.370+0000] {dagbag.py:588} INFO - Filling up the DagBag from /home/airflow/.local/lib/python3.12/site-packages/airflow/example_dags/example_dag_decorator.py
[2026-07-25T09:24:28.402+0000] {processor.py:925} INFO - DAG(s) 'example_dag_decorator' retrieved from /home/airflow/.local/lib/python3.12/site-packages/airflow/example_dags/example_dag_decorator.py
[2026-07-25T09:24:28.419+0000] {logging_mixin.py:190} INFO - [2026-07-25T09:24:28.419+0000] {dag.py:3239} INFO - Sync 1 DAGs
[2026-07-25T09:24:28.429+0000] {logging_mixin.py:190} INFO - [2026-07-25T09:24:28.429+0000] {dag.py:4180} INFO - Setting next_dagrun for example_dag_decorator to None, run_after=None
[2026-07-25T09:24:28.443+0000] {processor.py:208} INFO - Processing /home/airflow/.local/lib/python3.12/site-packages/airflow/example_dags/example_dag_decorator.py took 0.082 seconds
[2026-07-25T09:24:58.968+0000] {processor.py:186} INFO - Started process (PID=212) to work on /home/airflow/.local/lib/python3.12/site-packages/airflow/example_dags/example_dag_decorator.py
[2026-07-25T09:24:58.969+0000] {processor.py:914} INFO - Processing file /home/airflow/.local/lib/python3.12/site-packages/airflow/example_dags/example_dag_decorator.py for tasks to queue
[2026-07-25T09:24:58.970+0000] {logging_mixin.py:190} INFO - [2026-07-25T09:24:58.970+0000] {dagbag.py:588} INFO - Filling up the DagBag from /home/airflow/.local/lib/python3.12/site-packages/airflow/example_dags/example_dag_decorator.py
[2026-07-25T09:24:58.996+0000] {processor.py:925} INFO - DAG(s) 'example_dag_decorator' retrieved from /home/airflow/.local/lib/python3.12/site-packages/airflow/example_dags/example_dag_decorator.py
[2026-07-25T09:24:59.011+0000] {logging_mixin.py:190} INFO - [2026-07-25T09:24:59.011+0000] {dag.py:3239} INFO - Sync 1 DAGs
[2026-07-25T09:24:59.019+0000] {logging_mixin.py:190} INFO - [2026-07-25T09:24:59.019+0000] {dag.py:4180} INFO - Setting next_dagrun for example_dag_decorator to None, run_after=None
[2026-07-25T09:24:59.032+0000] {processor.py:208} INFO - Processing /home/airflow/.local/lib/python3.12/site-packages/airflow/example_dags/example_dag_decorator.py took 0.068 seconds
[2026-07-25T09:25:29.940+0000] {processor.py:186} INFO - Started process (PID=275) to work on /home/airflow/.local/lib/python3.12/site-packages/airflow/example_dags/example_dag_decorator.py
[2026-07-25T09:25:29.941+0000] {processor.py:914} INFO - Processing file /home/airflow/.local/lib/python3.12/site-packages/airflow/example_dags/example_dag_decorator.py for tasks to queue
[2026-07-25T09:25:29.944+0000] {logging_mixin.py:190} INFO - [2026-07-25T09:25:29.943+0000] {dagbag.py:588} INFO - Filling up the DagBag from /home/airflow/.local/lib/python3.12/site-packages/airflow/example_dags/example_dag_decorator.py
[2026-07-25T09:25:29.972+0000] {processor.py:925} INFO - DAG(s) 'example_dag_decorator' retrieved from /home/airflow/.local/lib/python3.12/site-packages/airflow/example_dags/example_dag_decorator.py
[2026-07-25T09:25:29.988+0000] {logging_mixin.py:190} INFO - [2026-07-25T09:25:29.988+0000] {dag.py:3239} INFO - Sync 1 DAGs
[2026-07-25T09:25:29.997+0000] {logging_mixin.py:190} INFO - [2026-07-25T09:25:29.997+0000] {dag.py:4180} INFO - Setting next_dagrun for example_dag_decorator to None, run_after=None
[2026-07-25T09:25:30.010+0000] {processor.py:208} INFO - Processing /home/airflow/.local/lib/python3.12/site-packages/airflow/example_dags/example_dag_decorator.py took 0.074 seconds
[2026-07-25T09:26:49.980+0000] {processor.py:186} INFO - Started process (PID=81) to work on /home/airflow/.local/lib/python3.12/site-packages/airflow/example_dags/example_dag_decorator.py
[2026-07-25T09:26:49.982+0000] {processor.py:914} INFO - Processing file /home/airflow/.local/lib/python3.12/site-packages/airflow/example_dags/example_dag_decorator.py for tasks to queue
[2026-07-25T09:26:49.986+0000] {logging_mixin.py:190} INFO - [2026-07-25T09:26:49.986+0000] {dagbag.py:588} INFO - Filling up the DagBag from /home/airflow/.local/lib/python3.12/site-packages/airflow/example_dags/example_dag_decorator.py
[2026-07-25T09:26:50.071+0000] {processor.py:925} INFO - DAG(s) 'example_dag_decorator' retrieved from /home/airflow/.local/lib/python3.12/site-packages/airflow/example_dags/example_dag_decorator.py
[2026-07-25T09:26:50.152+0000] {logging_mixin.py:190} INFO - [2026-07-25T09:26:50.151+0000] {override.py:1932} INFO - Created Permission View: can edit on DAG:example_dag_decorator
[2026-07-25T09:26:50.160+0000] {logging_mixin.py:190} INFO - [2026-07-25T09:26:50.160+0000] {override.py:1932} INFO - Created Permission View: can read on DAG:example_dag_decorator
[2026-07-25T09:26:50.166+0000] {logging_mixin.py:190} INFO - [2026-07-25T09:26:50.165+0000] {override.py:1932} INFO - Created Permission View: can delete on DAG:example_dag_decorator
[2026-07-25T09:26:50.173+0000] {logging_mixin.py:190} INFO - [2026-07-25T09:26:50.172+0000] {override.py:1932} INFO - Created Permission View: menu access on DAG Run:example_dag_decorator
[2026-07-25T09:26:50.178+0000] {logging_mixin.py:190} INFO - [2026-07-25T09:26:50.178+0000] {override.py:1932} INFO - Created Permission View: can read on DAG Run:example_dag_decorator
[2026-07-25T09:26:50.183+0000] {logging_mixin.py:190} INFO - [2026-07-25T09:26:50.183+0000] {override.py:1932} INFO - Created Permission View: can create on DAG Run:example_dag_decorator
[2026-07-25T09:26:50.189+0000] {logging_mixin.py:190} INFO - [2026-07-25T09:26:50.189+0000] {override.py:1932} INFO - Created Permission View: can delete on DAG Run:example_dag_decorator
[2026-07-25T09:26:50.190+0000] {logging_mixin.py:190} INFO - [2026-07-25T09:26:50.190+0000] {dag.py:3239} INFO - Sync 1 DAGs
[2026-07-25T09:26:50.198+0000] {logging_mixin.py:190} INFO - [2026-07-25T09:26:50.198+0000] {dag.py:3262} INFO - Creating ORM DAG for example_dag_decorator
[2026-07-25T09:26:50.199+0000] {logging_mixin.py:190} INFO - [2026-07-25T09:26:50.199+0000] {dag.py:4180} INFO - Setting next_dagrun for example_dag_decorator to None, run_after=None
[2026-07-25T09:26:50.210+0000] {processor.py:208} INFO - Processing /home/airflow/.local/lib/python3.12/site-packages/airflow/example_dags/example_dag_decorator.py took 0.238 seconds
[2026-07-25T09:27:20.407+0000] {processor.py:186} INFO - Started process (PID=149) to work on /home/airflow/.local/lib/python3.12/site-packages/airflow/example_dags/example_dag_decorator.py
[2026-07-25T09:27:20.408+0000] {processor.py:914} INFO - Processing file /home/airflow/.local/lib/python3.12/site-packages/airflow/example_dags/example_dag_decorator.py for tasks to queue
[2026-07-25T09:27:20.410+0000] {logging_mixin.py:190} INFO - [2026-07-25T09:27:20.410+0000] {dagbag.py:588} INFO - Filling up the DagBag from /home/airflow/.local/lib/python3.12/site-packages/airflow/example_dags/example_dag_decorator.py
[2026-07-25T09:27:20.436+0000] {processor.py:925} INFO - DAG(s) 'example_dag_decorator' retrieved from /home/airflow/.local/lib/python3.12/site-packages/airflow/example_dags/example_dag_decorator.py
[2026-07-25T09:27:20.504+0000] {logging_mixin.py:190} INFO - [2026-07-25T09:27:20.504+0000] {dag.py:3239} INFO - Sync 1 DAGs
[2026-07-25T09:27:20.513+0000] {logging_mixin.py:190} INFO - [2026-07-25T09:27:20.513+0000] {dag.py:4180} INFO - Setting next_dagrun for example_dag_decorator to None, run_after=None
[2026-07-25T09:27:20.525+0000] {processor.py:208} INFO - Processing /home/airflow/.local/lib/python3.12/site-packages/airflow/example_dags/example_dag_decorator.py took 0.121 seconds
[2026-07-25T09:27:50.710+0000] {processor.py:186} INFO - Started process (PID=212) to work on /home/airflow/.local/lib/python3.12/site-packages/airflow/example_dags/example_dag_decorator.py
[2026-07-25T09:27:50.711+0000] {processor.py:914} INFO - Processing file /home/airflow/.local/lib/python3.12/site-packages/airflow/example_dags/example_dag_decorator.py for tasks to queue
[2026-07-25T09:27:50.713+0000] {logging_mixin.py:190} INFO - [2026-07-25T09:27:50.713+0000] {dagbag.py:588} INFO - Filling up the DagBag from /home/airflow/.local/lib/python3.12/site-packages/airflow/example_dags/example_dag_decorator.py
[2026-07-25T09:27:50.739+0000] {processor.py:925} INFO - DAG(s) 'example_dag_decorator' retrieved from /home/airflow/.local/lib/python3.12/site-packages/airflow/example_dags/example_dag_decorator.py
[2026-07-25T09:27:50.812+0000] {logging_mixin.py:190} INFO - [2026-07-25T09:27:50.812+0000] {dag.py:3239} INFO - Sync 1 DAGs
[2026-07-25T09:27:50.820+0000] {logging_mixin.py:190} INFO - [2026-07-25T09:27:50.820+0000] {dag.py:4180} INFO - Setting next_dagrun for example_dag_decorator to None, run_after=None
[2026-07-25T09:27:50.833+0000] {processor.py:208} INFO - Processing /home/airflow/.local/lib/python3.12/site-packages/airflow/example_dags/example_dag_decorator.py took 0.126 seconds
[2026-07-25T09:28:21.041+0000] {processor.py:186} INFO - Started process (PID=275) to work on /home/airflow/.local/lib/python3.12/site-packages/airflow/example_dags/example_dag_decorator.py
[2026-07-25T09:28:21.042+0000] {processor.py:914} INFO - Processing file /home/airflow/.local/lib/python3.12/site-packages/airflow/example_dags/example_dag_decorator.py for tasks to queue
[2026-07-25T09:28:21.044+0000] {logging_mixin.py:190} INFO - [2026-07-25T09:28:21.043+0000] {dagbag.py:588} INFO - Filling up the DagBag from /home/airflow/.local/lib/python3.12/site-packages/airflow/example_dags/example_dag_decorator.py
[2026-07-25T09:28:21.069+0000] {processor.py:925} INFO - DAG(s) 'example_dag_decorator' retrieved from /home/airflow/.local/lib/python3.12/site-packages/airflow/example_dags/example_dag_decorator.py
[2026-07-25T09:28:21.138+0000] {logging_mixin.py:190} INFO - [2026-07-25T09:28:21.138+0000] {dag.py:3239} INFO - Sync 1 DAGs
[2026-07-25T09:28:21.145+0000] {logging_mixin.py:190} INFO - [2026-07-25T09:28:21.145+0000] {dag.py:4180} INFO - Setting next_dagrun for example_dag_decorator to None, run_after=None
[2026-07-25T09:28:21.157+0000] {processor.py:208} INFO - Processing /home/airflow/.local/lib/python3.12/site-packages/airflow/example_dags/example_dag_decorator.py took 0.120 seconds
[2026-07-25T09:28:51.664+0000] {processor.py:186} INFO - Started process (PID=338) to work on /home/airflow/.local/lib/python3.12/site-packages/airflow/example_dags/example_dag_decorator.py
[2026-07-25T09:28:51.665+0000] {processor.py:914} INFO - Processing file /home/airflow/.local/lib/python3.12/site-packages/airflow/example_dags/example_dag_decorator.py for tasks to queue
[2026-07-25T09:28:51.667+0000] {logging_mixin.py:190} INFO - [2026-07-25T09:28:51.667+0000] {dagbag.py:588} INFO - Filling up the DagBag from /home/airflow/.local/lib/python3.12/site-packages/airflow/example_dags/example_dag_decorator.py
[2026-07-25T09:28:51.692+0000] {processor.py:925} INFO - DAG(s) 'example_dag_decorator' retrieved from /home/airflow/.local/lib/python3.12/site-packages/airflow/example_dags/example_dag_decorator.py
[2026-07-25T09:28:51.760+0000] {logging_mixin.py:190} INFO - [2026-07-25T09:28:51.760+0000] {dag.py:3239} INFO - Sync 1 DAGs
[2026-07-25T09:28:51.767+0000] {logging_mixin.py:190} INFO - [2026-07-25T09:28:51.767+0000] {dag.py:4180} INFO - Setting next_dagrun for example_dag_decorator to None, run_after=None
[2026-07-25T09:28:51.783+0000] {processor.py:208} INFO - Processing /home/airflow/.local/lib/python3.12/site-packages/airflow/example_dags/example_dag_decorator.py took 0.122 seconds
[2026-07-25T09:29:23.800+0000] {processor.py:186} INFO - Started process (PID=401) to work on /home/airflow/.local/lib/python3.12/site-packages/airflow/example_dags/example_dag_decorator.py
[2026-07-25T09:29:23.801+0000] {processor.py:914} INFO - Processing file /home/airflow/.local/lib/python3.12/site-packages/airflow/example_dags/example_dag_decorator.py for tasks to queue
[2026-07-25T09:29:23.803+0000] {logging_mixin.py:190} INFO - [2026-07-25T09:29:23.803+0000] {dagbag.py:588} INFO - Filling up the DagBag from /home/airflow/.local/lib/python3.12/site-packages/airflow/example_dags/example_dag_decorator.py
[2026-07-25T09:29:23.830+0000] {processor.py:925} INFO - DAG(s) 'example_dag_decorator' retrieved from /home/airflow/.local/lib/python3.12/site-packages/airflow/example_dags/example_dag_decorator.py
[2026-07-25T09:29:23.900+0000] {logging_mixin.py:190} INFO - [2026-07-25T09:29:23.900+0000] {dag.py:3239} INFO - Sync 1 DAGs
[2026-07-25T09:29:23.909+0000] {logging_mixin.py:190} INFO - [2026-07-25T09:29:23.909+0000] {dag.py:4180} INFO - Setting next_dagrun for example_dag_decorator to None, run_after=None
[2026-07-25T09:29:23.922+0000] {processor.py:208} INFO - Processing /home/airflow/.local/lib/python3.12/site-packages/airflow/example_dags/example_dag_decorator.py took 0.126 seconds
[2026-07-25T09:29:57.536+0000] {processor.py:186} INFO - Started process (PID=464) to work on /home/airflow/.local/lib/python3.12/site-packages/airflow/example_dags/example_dag_decorator.py
[2026-07-25T09:29:57.537+0000] {processor.py:914} INFO - Processing file /home/airflow/.local/lib/python3.12/site-packages/airflow/example_dags/example_dag_decorator.py for tasks to queue
[2026-07-25T09:29:57.539+0000] {logging_mixin.py:190} INFO - [2026-07-25T09:29:57.538+0000] {dagbag.py:588} INFO - Filling up the DagBag from /home/airflow/.local/lib/python3.12/site-packages/airflow/example_dags/example_dag_decorator.py
[2026-07-25T09:29:57.562+0000] {processor.py:925} INFO - DAG(s) 'example_dag_decorator' retrieved from /home/airflow/.local/lib/python3.12/site-packages/airflow/example_dags/example_dag_decorator.py
[2026-07-25T09:29:57.632+0000] {logging_mixin.py:190} INFO - [2026-07-25T09:29:57.632+0000] {dag.py:3239} INFO - Sync 1 DAGs
[2026-07-25T09:29:57.641+0000] {logging_mixin.py:190} INFO - [2026-07-25T09:29:57.640+0000] {dag.py:4180} INFO - Setting next_dagrun for example_dag_decorator to None, run_after=None
[2026-07-25T09:29:57.665+0000] {processor.py:208} INFO - Processing /home/airflow/.local/lib/python3.12/site-packages/airflow/example_dags/example_dag_decorator.py took 0.133 seconds
[2026-07-25T09:30:28.590+0000] {processor.py:186} INFO - Started process (PID=526) to work on /home/airflow/.local/lib/python3.12/site-packages/airflow/example_dags/example_dag_decorator.py
[2026-07-25T09:30:28.591+0000] {processor.py:914} INFO - Processing file /home/airflow/.local/lib/python3.12/site-packages/airflow/example_dags/example_dag_decorator.py for tasks to queue
[2026-07-25T09:30:28.593+0000] {logging_mixin.py:190} INFO - [2026-07-25T09:30:28.593+0000] {dagbag.py:588} INFO - Filling up the DagBag from /home/airflow/.local/lib/python3.12/site-packages/airflow/example_dags/example_dag_decorator.py
[2026-07-25T09:30:28.617+0000] {processor.py:925} INFO - DAG(s) 'example_dag_decorator' retrieved from /home/airflow/.local/lib/python3.12/site-packages/airflow/example_dags/example_dag_decorator.py
[2026-07-25T09:30:28.681+0000] {logging_mixin.py:190} INFO - [2026-07-25T09:30:28.681+0000] {dag.py:3239} INFO - Sync 1 DAGs
[2026-07-25T09:30:28.688+0000] {logging_mixin.py:190} INFO - [2026-07-25T09:30:28.688+0000] {dag.py:4180} INFO - Setting next_dagrun for example_dag_decorator to None, run_after=None
[2026-07-25T09:30:28.700+0000] {processor.py:208} INFO - Processing /home/airflow/.local/lib/python3.12/site-packages/airflow/example_dags/example_dag_decorator.py took 0.113 seconds
