[2026-07-25T09:06:22.594+0000] {processor.py:186} INFO - Started process (PID=109) to work on /home/airflow/.local/lib/python3.12/site-packages/airflow/example_dags/example_xcomargs.py
[2026-07-25T09:06:22.595+0000] {processor.py:914} INFO - Processing file /home/airflow/.local/lib/python3.12/site-packages/airflow/example_dags/example_xcomargs.py for tasks to queue
[2026-07-25T09:06:22.597+0000] {logging_mixin.py:190} INFO - [2026-07-25T09:06:22.597+0000] {dagbag.py:588} INFO - Filling up the DagBag from /home/airflow/.local/lib/python3.12/site-packages/airflow/example_dags/example_xcomargs.py
[2026-07-25T09:06:22.605+0000] {processor.py:925} INFO - DAG(s) 'example_xcom_args', 'example_xcom_args_with_operators' retrieved from /home/airflow/.local/lib/python3.12/site-packages/airflow/example_dags/example_xcomargs.py
[2026-07-25T09:06:22.666+0000] {logging_mixin.py:190} INFO - [2026-07-25T09:06:22.666+0000] {override.py:1932} INFO - Created Permission View: can edit on DAG:example_xcom_args
[2026-07-25T09:06:22.673+0000] {logging_mixin.py:190} INFO - [2026-07-25T09:06:22.673+0000] {override.py:1932} INFO - Created Permission View: can read on DAG:example_xcom_args
[2026-07-25T09:06:22.678+0000] {logging_mixin.py:190} INFO - [2026-07-25T09:06:22.678+0000] {override.py:1932} INFO - Created Permission View: can delete on DAG:example_xcom_args
[2026-07-25T09:06:22.685+0000] {logging_mixin.py:190} INFO - [2026-07-25T09:06:22.685+0000] {override.py:1932} INFO - Created Permission View: can create on DAG Run:example_xcom_args
[2026-07-25T09:06:22.689+0000] {logging_mixin.py:190} INFO - [2026-07-25T09:06:22.689+0000] {override.py:1932} INFO - Created Permission View: can read on DAG Run:example_xcom_args
[2026-07-25T09:06:22.694+0000] {logging_mixin.py:190} INFO - [2026-07-25T09:06:22.694+0000] {override.py:1932} INFO - Created Permission View: can delete on DAG Run:example_xcom_args
[2026-07-25T09:06:22.701+0000] {logging_mixin.py:190} INFO - [2026-07-25T09:06:22.701+0000] {override.py:1932} INFO - Created Permission View: menu access on DAG Run:example_xcom_args
[2026-07-25T09:06:22.711+0000] {logging_mixin.py:190} INFO - [2026-07-25T09:06:22.711+0000] {override.py:1932} INFO - Created Permission View: can edit on DAG:example_xcom_args_with_operators
[2026-07-25T09:06:22.717+0000] {logging_mixin.py:190} INFO - [2026-07-25T09:06:22.717+0000] {override.py:1932} INFO - Created Permission View: can read on DAG:example_xcom_args_with_operators
[2026-07-25T09:06:22.722+0000] {logging_mixin.py:190} INFO - [2026-07-25T09:06:22.722+0000] {override.py:1932} INFO - Created Permission View: can delete on DAG:example_xcom_args_with_operators
[2026-07-25T09:06:22.728+0000] {logging_mixin.py:190} INFO - [2026-07-25T09:06:22.727+0000] {override.py:1932} INFO - Created Permission View: can create on DAG Run:example_xcom_args_with_operators
[2026-07-25T09:06:22.733+0000] {logging_mixin.py:190} INFO - [2026-07-25T09:06:22.733+0000] {override.py:1932} INFO - Created Permission View: can read on DAG Run:example_xcom_args_with_operators
[2026-07-25T09:06:22.737+0000] {logging_mixin.py:190} INFO - [2026-07-25T09:06:22.737+0000] {override.py:1932} INFO - Created Permission View: can delete on DAG Run:example_xcom_args_with_operators
[2026-07-25T09:06:22.742+0000] {logging_mixin.py:190} INFO - [2026-07-25T09:06:22.742+0000] {override.py:1932} INFO - Created Permission View: menu access on DAG Run:example_xcom_args_with_operators
[2026-07-25T09:06:22.743+0000] {logging_mixin.py:190} INFO - [2026-07-25T09:06:22.742+0000] {dag.py:3239} INFO - Sync 2 DAGs
[2026-07-25T09:06:22.749+0000] {logging_mixin.py:190} INFO - [2026-07-25T09:06:22.749+0000] {dag.py:3262} INFO - Creating ORM DAG for example_xcom_args
[2026-07-25T09:06:22.750+0000] {logging_mixin.py:190} INFO - [2026-07-25T09:06:22.750+0000] {dag.py:3262} INFO - Creating ORM DAG for example_xcom_args_with_operators
[2026-07-25T09:06:22.751+0000] {logging_mixin.py:190} INFO - [2026-07-25T09:06:22.751+0000] {dag.py:4180} INFO - Setting next_dagrun for example_xcom_args to None, run_after=None
[2026-07-25T09:06:22.751+0000] {logging_mixin.py:190} INFO - [2026-07-25T09:06:22.751+0000] {dag.py:4180} INFO - Setting next_dagrun for example_xcom_args_with_operators to None, run_after=None
[2026-07-25T09:06:22.762+0000] {processor.py:208} INFO - Processing /home/airflow/.local/lib/python3.12/site-packages/airflow/example_dags/example_xcomargs.py took 0.171 seconds
[2026-07-25T09:06:54.905+0000] {processor.py:186} INFO - Started process (PID=171) to work on /home/airflow/.local/lib/python3.12/site-packages/airflow/example_dags/example_xcomargs.py
[2026-07-25T09:06:54.905+0000] {processor.py:914} INFO - Processing file /home/airflow/.local/lib/python3.12/site-packages/airflow/example_dags/example_xcomargs.py for tasks to queue
[2026-07-25T09:06:54.907+0000] {logging_mixin.py:190} INFO - [2026-07-25T09:06:54.907+0000] {dagbag.py:588} INFO - Filling up the DagBag from /home/airflow/.local/lib/python3.12/site-packages/airflow/example_dags/example_xcomargs.py
[2026-07-25T09:06:54.913+0000] {processor.py:925} INFO - DAG(s) 'example_xcom_args_with_operators', 'example_xcom_args' retrieved from /home/airflow/.local/lib/python3.12/site-packages/airflow/example_dags/example_xcomargs.py
[2026-07-25T09:06:54.928+0000] {logging_mixin.py:190} INFO - [2026-07-25T09:06:54.928+0000] {dag.py:3239} INFO - Sync 2 DAGs
[2026-07-25T09:06:54.936+0000] {logging_mixin.py:190} INFO - [2026-07-25T09:06:54.936+0000] {dag.py:4180} INFO - Setting next_dagrun for example_xcom_args to None, run_after=None
[2026-07-25T09:06:54.939+0000] {logging_mixin.py:190} INFO - [2026-07-25T09:06:54.939+0000] {dag.py:4180} INFO - Setting next_dagrun for example_xcom_args_with_operators to None, run_after=None
[2026-07-25T09:06:54.949+0000] {processor.py:208} INFO - Processing /home/airflow/.local/lib/python3.12/site-packages/airflow/example_dags/example_xcomargs.py took 0.048 seconds
[2026-07-25T09:07:29.423+0000] {processor.py:186} INFO - Started process (PID=234) to work on /home/airflow/.local/lib/python3.12/site-packages/airflow/example_dags/example_xcomargs.py
[2026-07-25T09:07:29.423+0000] {processor.py:914} INFO - Processing file /home/airflow/.local/lib/python3.12/site-packages/airflow/example_dags/example_xcomargs.py for tasks to queue
[2026-07-25T09:07:29.425+0000] {logging_mixin.py:190} INFO - [2026-07-25T09:07:29.425+0000] {dagbag.py:588} INFO - Filling up the DagBag from /home/airflow/.local/lib/python3.12/site-packages/airflow/example_dags/example_xcomargs.py
[2026-07-25T09:07:29.431+0000] {processor.py:925} INFO - DAG(s) 'example_xcom_args', 'example_xcom_args_with_operators' retrieved from /home/airflow/.local/lib/python3.12/site-packages/airflow/example_dags/example_xcomargs.py
[2026-07-25T09:07:29.446+0000] {logging_mixin.py:190} INFO - [2026-07-25T09:07:29.446+0000] {dag.py:3239} INFO - Sync 2 DAGs
[2026-07-25T09:07:29.454+0000] {logging_mixin.py:190} INFO - [2026-07-25T09:07:29.454+0000] {dag.py:4180} INFO - Setting next_dagrun for example_xcom_args to None, run_after=None
[2026-07-25T09:07:29.457+0000] {logging_mixin.py:190} INFO - [2026-07-25T09:07:29.457+0000] {dag.py:4180} INFO - Setting next_dagrun for example_xcom_args_with_operators to None, run_after=None
[2026-07-25T09:07:29.466+0000] {processor.py:208} INFO - Processing /home/airflow/.local/lib/python3.12/site-packages/airflow/example_dags/example_xcomargs.py took 0.046 seconds
[2026-07-25T09:08:00.419+0000] {processor.py:186} INFO - Started process (PID=296) to work on /home/airflow/.local/lib/python3.12/site-packages/airflow/example_dags/example_xcomargs.py
[2026-07-25T09:08:00.419+0000] {processor.py:914} INFO - Processing file /home/airflow/.local/lib/python3.12/site-packages/airflow/example_dags/example_xcomargs.py for tasks to queue
[2026-07-25T09:08:00.421+0000] {logging_mixin.py:190} INFO - [2026-07-25T09:08:00.421+0000] {dagbag.py:588} INFO - Filling up the DagBag from /home/airflow/.local/lib/python3.12/site-packages/airflow/example_dags/example_xcomargs.py
[2026-07-25T09:08:00.428+0000] {processor.py:925} INFO - DAG(s) 'example_xcom_args', 'example_xcom_args_with_operators' retrieved from /home/airflow/.local/lib/python3.12/site-packages/airflow/example_dags/example_xcomargs.py
[2026-07-25T09:08:00.441+0000] {logging_mixin.py:190} INFO - [2026-07-25T09:08:00.441+0000] {dag.py:3239} INFO - Sync 2 DAGs
[2026-07-25T09:08:00.450+0000] {logging_mixin.py:190} INFO - [2026-07-25T09:08:00.449+0000] {dag.py:4180} INFO - Setting next_dagrun for example_xcom_args to None, run_after=None
[2026-07-25T09:08:00.452+0000] {logging_mixin.py:190} INFO - [2026-07-25T09:08:00.452+0000] {dag.py:4180} INFO - Setting next_dagrun for example_xcom_args_with_operators to None, run_after=None
[2026-07-25T09:08:00.461+0000] {processor.py:208} INFO - Processing /home/airflow/.local/lib/python3.12/site-packages/airflow/example_dags/example_xcomargs.py took 0.046 seconds
[2026-07-25T09:08:30.718+0000] {processor.py:186} INFO - Started process (PID=358) to work on /home/airflow/.local/lib/python3.12/site-packages/airflow/example_dags/example_xcomargs.py
[2026-07-25T09:08:30.719+0000] {processor.py:914} INFO - Processing file /home/airflow/.local/lib/python3.12/site-packages/airflow/example_dags/example_xcomargs.py for tasks to queue
[2026-07-25T09:08:30.721+0000] {logging_mixin.py:190} INFO - [2026-07-25T09:08:30.720+0000] {dagbag.py:588} INFO - Filling up the DagBag from /home/airflow/.local/lib/python3.12/site-packages/airflow/example_dags/example_xcomargs.py
[2026-07-25T09:08:30.727+0000] {processor.py:925} INFO - DAG(s) 'example_xcom_args_with_operators', 'example_xcom_args' retrieved from /home/airflow/.local/lib/python3.12/site-packages/airflow/example_dags/example_xcomargs.py
[2026-07-25T09:08:30.741+0000] {logging_mixin.py:190} INFO - [2026-07-25T09:08:30.741+0000] {dag.py:3239} INFO - Sync 2 DAGs
[2026-07-25T09:08:30.750+0000] {logging_mixin.py:190} INFO - [2026-07-25T09:08:30.750+0000] {dag.py:4180} INFO - Setting next_dagrun for example_xcom_args to None, run_after=None
[2026-07-25T09:08:30.752+0000] {logging_mixin.py:190} INFO - [2026-07-25T09:08:30.752+0000] {dag.py:4180} INFO - Setting next_dagrun for example_xcom_args_with_operators to None, run_after=None
[2026-07-25T09:08:30.764+0000] {processor.py:208} INFO - Processing /home/airflow/.local/lib/python3.12/site-packages/airflow/example_dags/example_xcomargs.py took 0.050 seconds
[2026-07-25T09:09:01.518+0000] {processor.py:186} INFO - Started process (PID=420) to work on /home/airflow/.local/lib/python3.12/site-packages/airflow/example_dags/example_xcomargs.py
[2026-07-25T09:09:01.518+0000] {processor.py:914} INFO - Processing file /home/airflow/.local/lib/python3.12/site-packages/airflow/example_dags/example_xcomargs.py for tasks to queue
[2026-07-25T09:09:01.521+0000] {logging_mixin.py:190} INFO - [2026-07-25T09:09:01.520+0000] {dagbag.py:588} INFO - Filling up the DagBag from /home/airflow/.local/lib/python3.12/site-packages/airflow/example_dags/example_xcomargs.py
[2026-07-25T09:09:01.527+0000] {processor.py:925} INFO - DAG(s) 'example_xcom_args', 'example_xcom_args_with_operators' retrieved from /home/airflow/.local/lib/python3.12/site-packages/airflow/example_dags/example_xcomargs.py
[2026-07-25T09:09:01.543+0000] {logging_mixin.py:190} INFO - [2026-07-25T09:09:01.543+0000] {dag.py:3239} INFO - Sync 2 DAGs
[2026-07-25T09:09:01.553+0000] {logging_mixin.py:190} INFO - [2026-07-25T09:09:01.553+0000] {dag.py:4180} INFO - Setting next_dagrun for example_xcom_args to None, run_after=None
[2026-07-25T09:09:01.555+0000] {logging_mixin.py:190} INFO - [2026-07-25T09:09:01.555+0000] {dag.py:4180} INFO - Setting next_dagrun for example_xcom_args_with_operators to None, run_after=None
[2026-07-25T09:09:01.565+0000] {processor.py:208} INFO - Processing /home/airflow/.local/lib/python3.12/site-packages/airflow/example_dags/example_xcomargs.py took 0.051 seconds
[2026-07-25T09:09:32.426+0000] {processor.py:186} INFO - Started process (PID=483) to work on /home/airflow/.local/lib/python3.12/site-packages/airflow/example_dags/example_xcomargs.py
[2026-07-25T09:09:32.426+0000] {processor.py:914} INFO - Processing file /home/airflow/.local/lib/python3.12/site-packages/airflow/example_dags/example_xcomargs.py for tasks to queue
[2026-07-25T09:09:32.429+0000] {logging_mixin.py:190} INFO - [2026-07-25T09:09:32.429+0000] {dagbag.py:588} INFO - Filling up the DagBag from /home/airflow/.local/lib/python3.12/site-packages/airflow/example_dags/example_xcomargs.py
[2026-07-25T09:09:32.437+0000] {processor.py:925} INFO - DAG(s) 'example_xcom_args_with_operators', 'example_xcom_args' retrieved from /home/airflow/.local/lib/python3.12/site-packages/airflow/example_dags/example_xcomargs.py
[2026-07-25T09:09:32.453+0000] {logging_mixin.py:190} INFO - [2026-07-25T09:09:32.453+0000] {dag.py:3239} INFO - Sync 2 DAGs
[2026-07-25T09:09:32.462+0000] {logging_mixin.py:190} INFO - [2026-07-25T09:09:32.462+0000] {dag.py:4180} INFO - Setting next_dagrun for example_xcom_args to None, run_after=None
[2026-07-25T09:09:32.464+0000] {logging_mixin.py:190} INFO - [2026-07-25T09:09:32.464+0000] {dag.py:4180} INFO - Setting next_dagrun for example_xcom_args_with_operators to None, run_after=None
[2026-07-25T09:09:32.474+0000] {processor.py:208} INFO - Processing /home/airflow/.local/lib/python3.12/site-packages/airflow/example_dags/example_xcomargs.py took 0.053 seconds
[2026-07-25T09:10:02.621+0000] {processor.py:186} INFO - Started process (PID=546) to work on /home/airflow/.local/lib/python3.12/site-packages/airflow/example_dags/example_xcomargs.py
[2026-07-25T09:10:02.622+0000] {processor.py:914} INFO - Processing file /home/airflow/.local/lib/python3.12/site-packages/airflow/example_dags/example_xcomargs.py for tasks to queue
[2026-07-25T09:10:02.624+0000] {logging_mixin.py:190} INFO - [2026-07-25T09:10:02.624+0000] {dagbag.py:588} INFO - Filling up the DagBag from /home/airflow/.local/lib/python3.12/site-packages/airflow/example_dags/example_xcomargs.py
[2026-07-25T09:10:02.631+0000] {processor.py:925} INFO - DAG(s) 'example_xcom_args', 'example_xcom_args_with_operators' retrieved from /home/airflow/.local/lib/python3.12/site-packages/airflow/example_dags/example_xcomargs.py
[2026-07-25T09:10:02.646+0000] {logging_mixin.py:190} INFO - [2026-07-25T09:10:02.646+0000] {dag.py:3239} INFO - Sync 2 DAGs
[2026-07-25T09:10:02.657+0000] {logging_mixin.py:190} INFO - [2026-07-25T09:10:02.657+0000] {dag.py:4180} INFO - Setting next_dagrun for example_xcom_args to None, run_after=None
[2026-07-25T09:10:02.659+0000] {logging_mixin.py:190} INFO - [2026-07-25T09:10:02.659+0000] {dag.py:4180} INFO - Setting next_dagrun for example_xcom_args_with_operators to None, run_after=None
[2026-07-25T09:10:02.671+0000] {processor.py:208} INFO - Processing /home/airflow/.local/lib/python3.12/site-packages/airflow/example_dags/example_xcomargs.py took 0.053 seconds
[2026-07-25T09:10:33.227+0000] {processor.py:186} INFO - Started process (PID=609) to work on /home/airflow/.local/lib/python3.12/site-packages/airflow/example_dags/example_xcomargs.py
[2026-07-25T09:10:33.228+0000] {processor.py:914} INFO - Processing file /home/airflow/.local/lib/python3.12/site-packages/airflow/example_dags/example_xcomargs.py for tasks to queue
[2026-07-25T09:10:33.230+0000] {logging_mixin.py:190} INFO - [2026-07-25T09:10:33.230+0000] {dagbag.py:588} INFO - Filling up the DagBag from /home/airflow/.local/lib/python3.12/site-packages/airflow/example_dags/example_xcomargs.py
[2026-07-25T09:10:33.237+0000] {processor.py:925} INFO - DAG(s) 'example_xcom_args', 'example_xcom_args_with_operators' retrieved from /home/airflow/.local/lib/python3.12/site-packages/airflow/example_dags/example_xcomargs.py
[2026-07-25T09:10:33.251+0000] {logging_mixin.py:190} INFO - [2026-07-25T09:10:33.251+0000] {dag.py:3239} INFO - Sync 2 DAGs
[2026-07-25T09:10:33.260+0000] {logging_mixin.py:190} INFO - [2026-07-25T09:10:33.260+0000] {dag.py:4180} INFO - Setting next_dagrun for example_xcom_args to None, run_after=None
[2026-07-25T09:10:33.262+0000] {logging_mixin.py:190} INFO - [2026-07-25T09:10:33.262+0000] {dag.py:4180} INFO - Setting next_dagrun for example_xcom_args_with_operators to None, run_after=None
[2026-07-25T09:10:33.272+0000] {processor.py:208} INFO - Processing /home/airflow/.local/lib/python3.12/site-packages/airflow/example_dags/example_xcomargs.py took 0.048 seconds
[2026-07-25T09:11:05.465+0000] {processor.py:186} INFO - Started process (PID=672) to work on /home/airflow/.local/lib/python3.12/site-packages/airflow/example_dags/example_xcomargs.py
[2026-07-25T09:11:05.466+0000] {processor.py:914} INFO - Processing file /home/airflow/.local/lib/python3.12/site-packages/airflow/example_dags/example_xcomargs.py for tasks to queue
[2026-07-25T09:11:05.469+0000] {logging_mixin.py:190} INFO - [2026-07-25T09:11:05.469+0000] {dagbag.py:588} INFO - Filling up the DagBag from /home/airflow/.local/lib/python3.12/site-packages/airflow/example_dags/example_xcomargs.py
[2026-07-25T09:11:05.476+0000] {processor.py:925} INFO - DAG(s) 'example_xcom_args_with_operators', 'example_xcom_args' retrieved from /home/airflow/.local/lib/python3.12/site-packages/airflow/example_dags/example_xcomargs.py
[2026-07-25T09:11:05.492+0000] {logging_mixin.py:190} INFO - [2026-07-25T09:11:05.492+0000] {dag.py:3239} INFO - Sync 2 DAGs
[2026-07-25T09:11:05.503+0000] {logging_mixin.py:190} INFO - [2026-07-25T09:11:05.503+0000] {dag.py:4180} INFO - Setting next_dagrun for example_xcom_args to None, run_after=None
[2026-07-25T09:11:05.506+0000] {logging_mixin.py:190} INFO - [2026-07-25T09:11:05.506+0000] {dag.py:4180} INFO - Setting next_dagrun for example_xcom_args_with_operators to None, run_after=None
[2026-07-25T09:11:05.517+0000] {processor.py:208} INFO - Processing /home/airflow/.local/lib/python3.12/site-packages/airflow/example_dags/example_xcomargs.py took 0.056 seconds
[2026-07-25T09:11:39.936+0000] {processor.py:186} INFO - Started process (PID=735) to work on /home/airflow/.local/lib/python3.12/site-packages/airflow/example_dags/example_xcomargs.py
[2026-07-25T09:11:39.937+0000] {processor.py:914} INFO - Processing file /home/airflow/.local/lib/python3.12/site-packages/airflow/example_dags/example_xcomargs.py for tasks to queue
[2026-07-25T09:11:39.939+0000] {logging_mixin.py:190} INFO - [2026-07-25T09:11:39.939+0000] {dagbag.py:588} INFO - Filling up the DagBag from /home/airflow/.local/lib/python3.12/site-packages/airflow/example_dags/example_xcomargs.py
[2026-07-25T09:11:39.946+0000] {processor.py:925} INFO - DAG(s) 'example_xcom_args_with_operators', 'example_xcom_args' retrieved from /home/airflow/.local/lib/python3.12/site-packages/airflow/example_dags/example_xcomargs.py
[2026-07-25T09:11:39.960+0000] {logging_mixin.py:190} INFO - [2026-07-25T09:11:39.960+0000] {dag.py:3239} INFO - Sync 2 DAGs
[2026-07-25T09:11:39.969+0000] {logging_mixin.py:190} INFO - [2026-07-25T09:11:39.969+0000] {dag.py:4180} INFO - Setting next_dagrun for example_xcom_args to None, run_after=None
[2026-07-25T09:11:39.971+0000] {logging_mixin.py:190} INFO - [2026-07-25T09:11:39.971+0000] {dag.py:4180} INFO - Setting next_dagrun for example_xcom_args_with_operators to None, run_after=None
[2026-07-25T09:11:39.981+0000] {processor.py:208} INFO - Processing /home/airflow/.local/lib/python3.12/site-packages/airflow/example_dags/example_xcomargs.py took 0.049 seconds
[2026-07-25T09:12:11.389+0000] {processor.py:186} INFO - Started process (PID=797) to work on /home/airflow/.local/lib/python3.12/site-packages/airflow/example_dags/example_xcomargs.py
[2026-07-25T09:12:11.390+0000] {processor.py:914} INFO - Processing file /home/airflow/.local/lib/python3.12/site-packages/airflow/example_dags/example_xcomargs.py for tasks to queue
[2026-07-25T09:12:11.392+0000] {logging_mixin.py:190} INFO - [2026-07-25T09:12:11.392+0000] {dagbag.py:588} INFO - Filling up the DagBag from /home/airflow/.local/lib/python3.12/site-packages/airflow/example_dags/example_xcomargs.py
[2026-07-25T09:12:11.399+0000] {processor.py:925} INFO - DAG(s) 'example_xcom_args_with_operators', 'example_xcom_args' retrieved from /home/airflow/.local/lib/python3.12/site-packages/airflow/example_dags/example_xcomargs.py
[2026-07-25T09:12:11.413+0000] {logging_mixin.py:190} INFO - [2026-07-25T09:12:11.413+0000] {dag.py:3239} INFO - Sync 2 DAGs
[2026-07-25T09:12:11.422+0000] {logging_mixin.py:190} INFO - [2026-07-25T09:12:11.422+0000] {dag.py:4180} INFO - Setting next_dagrun for example_xcom_args to None, run_after=None
[2026-07-25T09:12:11.424+0000] {logging_mixin.py:190} INFO - [2026-07-25T09:12:11.424+0000] {dag.py:4180} INFO - Setting next_dagrun for example_xcom_args_with_operators to None, run_after=None
[2026-07-25T09:12:11.434+0000] {processor.py:208} INFO - Processing /home/airflow/.local/lib/python3.12/site-packages/airflow/example_dags/example_xcomargs.py took 0.048 seconds
[2026-07-25T09:12:42.164+0000] {processor.py:186} INFO - Started process (PID=859) to work on /home/airflow/.local/lib/python3.12/site-packages/airflow/example_dags/example_xcomargs.py
[2026-07-25T09:12:42.165+0000] {processor.py:914} INFO - Processing file /home/airflow/.local/lib/python3.12/site-packages/airflow/example_dags/example_xcomargs.py for tasks to queue
[2026-07-25T09:12:42.167+0000] {logging_mixin.py:190} INFO - [2026-07-25T09:12:42.166+0000] {dagbag.py:588} INFO - Filling up the DagBag from /home/airflow/.local/lib/python3.12/site-packages/airflow/example_dags/example_xcomargs.py
[2026-07-25T09:12:42.173+0000] {processor.py:925} INFO - DAG(s) 'example_xcom_args_with_operators', 'example_xcom_args' retrieved from /home/airflow/.local/lib/python3.12/site-packages/airflow/example_dags/example_xcomargs.py
[2026-07-25T09:12:42.187+0000] {logging_mixin.py:190} INFO - [2026-07-25T09:12:42.187+0000] {dag.py:3239} INFO - Sync 2 DAGs
[2026-07-25T09:12:42.196+0000] {logging_mixin.py:190} INFO - [2026-07-25T09:12:42.196+0000] {dag.py:4180} INFO - Setting next_dagrun for example_xcom_args to None, run_after=None
[2026-07-25T09:12:42.198+0000] {logging_mixin.py:190} INFO - [2026-07-25T09:12:42.198+0000] {dag.py:4180} INFO - Setting next_dagrun for example_xcom_args_with_operators to None, run_after=None
[2026-07-25T09:12:42.209+0000] {processor.py:208} INFO - Processing /home/airflow/.local/lib/python3.12/site-packages/airflow/example_dags/example_xcomargs.py took 0.048 seconds
[2026-07-25T09:13:12.935+0000] {processor.py:186} INFO - Started process (PID=922) to work on /home/airflow/.local/lib/python3.12/site-packages/airflow/example_dags/example_xcomargs.py
[2026-07-25T09:13:12.937+0000] {processor.py:914} INFO - Processing file /home/airflow/.local/lib/python3.12/site-packages/airflow/example_dags/example_xcomargs.py for tasks to queue
[2026-07-25T09:13:12.939+0000] {logging_mixin.py:190} INFO - [2026-07-25T09:13:12.938+0000] {dagbag.py:588} INFO - Filling up the DagBag from /home/airflow/.local/lib/python3.12/site-packages/airflow/example_dags/example_xcomargs.py
[2026-07-25T09:13:12.945+0000] {processor.py:925} INFO - DAG(s) 'example_xcom_args_with_operators', 'example_xcom_args' retrieved from /home/airflow/.local/lib/python3.12/site-packages/airflow/example_dags/example_xcomargs.py
[2026-07-25T09:13:12.961+0000] {logging_mixin.py:190} INFO - [2026-07-25T09:13:12.960+0000] {dag.py:3239} INFO - Sync 2 DAGs
[2026-07-25T09:13:12.969+0000] {logging_mixin.py:190} INFO - [2026-07-25T09:13:12.969+0000] {dag.py:4180} INFO - Setting next_dagrun for example_xcom_args to None, run_after=None
[2026-07-25T09:13:12.972+0000] {logging_mixin.py:190} INFO - [2026-07-25T09:13:12.972+0000] {dag.py:4180} INFO - Setting next_dagrun for example_xcom_args_with_operators to None, run_after=None
[2026-07-25T09:13:12.981+0000] {processor.py:208} INFO - Processing /home/airflow/.local/lib/python3.12/site-packages/airflow/example_dags/example_xcomargs.py took 0.051 seconds
[2026-07-25T09:13:43.040+0000] {processor.py:186} INFO - Started process (PID=984) to work on /home/airflow/.local/lib/python3.12/site-packages/airflow/example_dags/example_xcomargs.py
[2026-07-25T09:13:43.041+0000] {processor.py:914} INFO - Processing file /home/airflow/.local/lib/python3.12/site-packages/airflow/example_dags/example_xcomargs.py for tasks to queue
[2026-07-25T09:13:43.044+0000] {logging_mixin.py:190} INFO - [2026-07-25T09:13:43.043+0000] {dagbag.py:588} INFO - Filling up the DagBag from /home/airflow/.local/lib/python3.12/site-packages/airflow/example_dags/example_xcomargs.py
[2026-07-25T09:13:43.051+0000] {processor.py:925} INFO - DAG(s) 'example_xcom_args_with_operators', 'example_xcom_args' retrieved from /home/airflow/.local/lib/python3.12/site-packages/airflow/example_dags/example_xcomargs.py
[2026-07-25T09:13:43.067+0000] {logging_mixin.py:190} INFO - [2026-07-25T09:13:43.067+0000] {dag.py:3239} INFO - Sync 2 DAGs
[2026-07-25T09:13:43.077+0000] {logging_mixin.py:190} INFO - [2026-07-25T09:13:43.077+0000] {dag.py:4180} INFO - Setting next_dagrun for example_xcom_args to None, run_after=None
[2026-07-25T09:13:43.080+0000] {logging_mixin.py:190} INFO - [2026-07-25T09:13:43.080+0000] {dag.py:4180} INFO - Setting next_dagrun for example_xcom_args_with_operators to None, run_after=None
[2026-07-25T09:13:43.092+0000] {processor.py:208} INFO - Processing /home/airflow/.local/lib/python3.12/site-packages/airflow/example_dags/example_xcomargs.py took 0.057 seconds
[2026-07-25T09:14:13.436+0000] {processor.py:186} INFO - Started process (PID=1046) to work on /home/airflow/.local/lib/python3.12/site-packages/airflow/example_dags/example_xcomargs.py
[2026-07-25T09:14:13.437+0000] {processor.py:914} INFO - Processing file /home/airflow/.local/lib/python3.12/site-packages/airflow/example_dags/example_xcomargs.py for tasks to queue
[2026-07-25T09:14:13.439+0000] {logging_mixin.py:190} INFO - [2026-07-25T09:14:13.439+0000] {dagbag.py:588} INFO - Filling up the DagBag from /home/airflow/.local/lib/python3.12/site-packages/airflow/example_dags/example_xcomargs.py
[2026-07-25T09:14:13.448+0000] {processor.py:925} INFO - DAG(s) 'example_xcom_args_with_operators', 'example_xcom_args' retrieved from /home/airflow/.local/lib/python3.12/site-packages/airflow/example_dags/example_xcomargs.py
[2026-07-25T09:14:13.464+0000] {logging_mixin.py:190} INFO - [2026-07-25T09:14:13.464+0000] {dag.py:3239} INFO - Sync 2 DAGs
[2026-07-25T09:14:13.473+0000] {logging_mixin.py:190} INFO - [2026-07-25T09:14:13.473+0000] {dag.py:4180} INFO - Setting next_dagrun for example_xcom_args to None, run_after=None
[2026-07-25T09:14:13.476+0000] {logging_mixin.py:190} INFO - [2026-07-25T09:14:13.475+0000] {dag.py:4180} INFO - Setting next_dagrun for example_xcom_args_with_operators to None, run_after=None
[2026-07-25T09:14:13.486+0000] {processor.py:208} INFO - Processing /home/airflow/.local/lib/python3.12/site-packages/airflow/example_dags/example_xcomargs.py took 0.055 seconds
[2026-07-25T09:15:41.707+0000] {processor.py:186} INFO - Started process (PID=109) to work on /home/airflow/.local/lib/python3.12/site-packages/airflow/example_dags/example_xcomargs.py
[2026-07-25T09:15:41.708+0000] {processor.py:914} INFO - Processing file /home/airflow/.local/lib/python3.12/site-packages/airflow/example_dags/example_xcomargs.py for tasks to queue
[2026-07-25T09:15:41.711+0000] {logging_mixin.py:190} INFO - [2026-07-25T09:15:41.711+0000] {dagbag.py:588} INFO - Filling up the DagBag from /home/airflow/.local/lib/python3.12/site-packages/airflow/example_dags/example_xcomargs.py
[2026-07-25T09:15:41.720+0000] {processor.py:925} INFO - DAG(s) 'example_xcom_args', 'example_xcom_args_with_operators' retrieved from /home/airflow/.local/lib/python3.12/site-packages/airflow/example_dags/example_xcomargs.py
[2026-07-25T09:15:41.738+0000] {logging_mixin.py:190} INFO - [2026-07-25T09:15:41.738+0000] {dag.py:3239} INFO - Sync 2 DAGs
[2026-07-25T09:15:41.749+0000] {logging_mixin.py:190} INFO - [2026-07-25T09:15:41.749+0000] {dag.py:4180} INFO - Setting next_dagrun for example_xcom_args to None, run_after=None
[2026-07-25T09:15:41.752+0000] {logging_mixin.py:190} INFO - [2026-07-25T09:15:41.752+0000] {dag.py:4180} INFO - Setting next_dagrun for example_xcom_args_with_operators to None, run_after=None
[2026-07-25T09:15:41.762+0000] {processor.py:208} INFO - Processing /home/airflow/.local/lib/python3.12/site-packages/airflow/example_dags/example_xcomargs.py took 0.064 seconds
[2026-07-25T09:16:14.408+0000] {processor.py:186} INFO - Started process (PID=171) to work on /home/airflow/.local/lib/python3.12/site-packages/airflow/example_dags/example_xcomargs.py
[2026-07-25T09:16:14.409+0000] {processor.py:914} INFO - Processing file /home/airflow/.local/lib/python3.12/site-packages/airflow/example_dags/example_xcomargs.py for tasks to queue
[2026-07-25T09:16:14.411+0000] {logging_mixin.py:190} INFO - [2026-07-25T09:16:14.410+0000] {dagbag.py:588} INFO - Filling up the DagBag from /home/airflow/.local/lib/python3.12/site-packages/airflow/example_dags/example_xcomargs.py
[2026-07-25T09:16:14.417+0000] {processor.py:925} INFO - DAG(s) 'example_xcom_args', 'example_xcom_args_with_operators' retrieved from /home/airflow/.local/lib/python3.12/site-packages/airflow/example_dags/example_xcomargs.py
[2026-07-25T09:16:14.431+0000] {logging_mixin.py:190} INFO - [2026-07-25T09:16:14.431+0000] {dag.py:3239} INFO - Sync 2 DAGs
[2026-07-25T09:16:14.439+0000] {logging_mixin.py:190} INFO - [2026-07-25T09:16:14.439+0000] {dag.py:4180} INFO - Setting next_dagrun for example_xcom_args to None, run_after=None
[2026-07-25T09:16:14.441+0000] {logging_mixin.py:190} INFO - [2026-07-25T09:16:14.441+0000] {dag.py:4180} INFO - Setting next_dagrun for example_xcom_args_with_operators to None, run_after=None
[2026-07-25T09:16:14.451+0000] {processor.py:208} INFO - Processing /home/airflow/.local/lib/python3.12/site-packages/airflow/example_dags/example_xcomargs.py took 0.047 seconds
[2026-07-25T09:16:48.625+0000] {processor.py:186} INFO - Started process (PID=234) to work on /home/airflow/.local/lib/python3.12/site-packages/airflow/example_dags/example_xcomargs.py
[2026-07-25T09:16:48.626+0000] {processor.py:914} INFO - Processing file /home/airflow/.local/lib/python3.12/site-packages/airflow/example_dags/example_xcomargs.py for tasks to queue
[2026-07-25T09:16:48.628+0000] {logging_mixin.py:190} INFO - [2026-07-25T09:16:48.628+0000] {dagbag.py:588} INFO - Filling up the DagBag from /home/airflow/.local/lib/python3.12/site-packages/airflow/example_dags/example_xcomargs.py
[2026-07-25T09:16:48.634+0000] {processor.py:925} INFO - DAG(s) 'example_xcom_args_with_operators', 'example_xcom_args' retrieved from /home/airflow/.local/lib/python3.12/site-packages/airflow/example_dags/example_xcomargs.py
[2026-07-25T09:16:48.649+0000] {logging_mixin.py:190} INFO - [2026-07-25T09:16:48.648+0000] {dag.py:3239} INFO - Sync 2 DAGs
[2026-07-25T09:16:48.660+0000] {logging_mixin.py:190} INFO - [2026-07-25T09:16:48.660+0000] {dag.py:4180} INFO - Setting next_dagrun for example_xcom_args to None, run_after=None
[2026-07-25T09:16:48.663+0000] {logging_mixin.py:190} INFO - [2026-07-25T09:16:48.662+0000] {dag.py:4180} INFO - Setting next_dagrun for example_xcom_args_with_operators to None, run_after=None
[2026-07-25T09:16:48.673+0000] {processor.py:208} INFO - Processing /home/airflow/.local/lib/python3.12/site-packages/airflow/example_dags/example_xcomargs.py took 0.051 seconds
[2026-07-25T09:17:22.940+0000] {processor.py:186} INFO - Started process (PID=297) to work on /home/airflow/.local/lib/python3.12/site-packages/airflow/example_dags/example_xcomargs.py
[2026-07-25T09:17:22.941+0000] {processor.py:914} INFO - Processing file /home/airflow/.local/lib/python3.12/site-packages/airflow/example_dags/example_xcomargs.py for tasks to queue
[2026-07-25T09:17:22.943+0000] {logging_mixin.py:190} INFO - [2026-07-25T09:17:22.943+0000] {dagbag.py:588} INFO - Filling up the DagBag from /home/airflow/.local/lib/python3.12/site-packages/airflow/example_dags/example_xcomargs.py
[2026-07-25T09:17:22.949+0000] {processor.py:925} INFO - DAG(s) 'example_xcom_args_with_operators', 'example_xcom_args' retrieved from /home/airflow/.local/lib/python3.12/site-packages/airflow/example_dags/example_xcomargs.py
[2026-07-25T09:17:22.965+0000] {logging_mixin.py:190} INFO - [2026-07-25T09:17:22.965+0000] {dag.py:3239} INFO - Sync 2 DAGs
[2026-07-25T09:17:22.974+0000] {logging_mixin.py:190} INFO - [2026-07-25T09:17:22.974+0000] {dag.py:4180} INFO - Setting next_dagrun for example_xcom_args to None, run_after=None
[2026-07-25T09:17:22.977+0000] {logging_mixin.py:190} INFO - [2026-07-25T09:17:22.976+0000] {dag.py:4180} INFO - Setting next_dagrun for example_xcom_args_with_operators to None, run_after=None
[2026-07-25T09:17:22.987+0000] {processor.py:208} INFO - Processing /home/airflow/.local/lib/python3.12/site-packages/airflow/example_dags/example_xcomargs.py took 0.051 seconds
[2026-07-25T09:17:56.949+0000] {processor.py:186} INFO - Started process (PID=360) to work on /home/airflow/.local/lib/python3.12/site-packages/airflow/example_dags/example_xcomargs.py
[2026-07-25T09:17:56.950+0000] {processor.py:914} INFO - Processing file /home/airflow/.local/lib/python3.12/site-packages/airflow/example_dags/example_xcomargs.py for tasks to queue
[2026-07-25T09:17:56.952+0000] {logging_mixin.py:190} INFO - [2026-07-25T09:17:56.952+0000] {dagbag.py:588} INFO - Filling up the DagBag from /home/airflow/.local/lib/python3.12/site-packages/airflow/example_dags/example_xcomargs.py
[2026-07-25T09:17:56.959+0000] {processor.py:925} INFO - DAG(s) 'example_xcom_args_with_operators', 'example_xcom_args' retrieved from /home/airflow/.local/lib/python3.12/site-packages/airflow/example_dags/example_xcomargs.py
[2026-07-25T09:17:56.973+0000] {logging_mixin.py:190} INFO - [2026-07-25T09:17:56.973+0000] {dag.py:3239} INFO - Sync 2 DAGs
[2026-07-25T09:17:56.982+0000] {logging_mixin.py:190} INFO - [2026-07-25T09:17:56.982+0000] {dag.py:4180} INFO - Setting next_dagrun for example_xcom_args to None, run_after=None
[2026-07-25T09:17:56.985+0000] {logging_mixin.py:190} INFO - [2026-07-25T09:17:56.985+0000] {dag.py:4180} INFO - Setting next_dagrun for example_xcom_args_with_operators to None, run_after=None
[2026-07-25T09:17:56.995+0000] {processor.py:208} INFO - Processing /home/airflow/.local/lib/python3.12/site-packages/airflow/example_dags/example_xcomargs.py took 0.049 seconds
[2026-07-25T09:18:27.639+0000] {processor.py:186} INFO - Started process (PID=422) to work on /home/airflow/.local/lib/python3.12/site-packages/airflow/example_dags/example_xcomargs.py
[2026-07-25T09:18:27.640+0000] {processor.py:914} INFO - Processing file /home/airflow/.local/lib/python3.12/site-packages/airflow/example_dags/example_xcomargs.py for tasks to queue
[2026-07-25T09:18:27.642+0000] {logging_mixin.py:190} INFO - [2026-07-25T09:18:27.642+0000] {dagbag.py:588} INFO - Filling up the DagBag from /home/airflow/.local/lib/python3.12/site-packages/airflow/example_dags/example_xcomargs.py
[2026-07-25T09:18:27.649+0000] {processor.py:925} INFO - DAG(s) 'example_xcom_args_with_operators', 'example_xcom_args' retrieved from /home/airflow/.local/lib/python3.12/site-packages/airflow/example_dags/example_xcomargs.py
[2026-07-25T09:18:27.664+0000] {logging_mixin.py:190} INFO - [2026-07-25T09:18:27.664+0000] {dag.py:3239} INFO - Sync 2 DAGs
[2026-07-25T09:18:27.674+0000] {logging_mixin.py:190} INFO - [2026-07-25T09:18:27.673+0000] {dag.py:4180} INFO - Setting next_dagrun for example_xcom_args to None, run_after=None
[2026-07-25T09:18:27.676+0000] {logging_mixin.py:190} INFO - [2026-07-25T09:18:27.676+0000] {dag.py:4180} INFO - Setting next_dagrun for example_xcom_args_with_operators to None, run_after=None
[2026-07-25T09:18:27.686+0000] {processor.py:208} INFO - Processing /home/airflow/.local/lib/python3.12/site-packages/airflow/example_dags/example_xcomargs.py took 0.050 seconds
[2026-07-25T09:18:58.199+0000] {processor.py:186} INFO - Started process (PID=484) to work on /home/airflow/.local/lib/python3.12/site-packages/airflow/example_dags/example_xcomargs.py
[2026-07-25T09:18:58.200+0000] {processor.py:914} INFO - Processing file /home/airflow/.local/lib/python3.12/site-packages/airflow/example_dags/example_xcomargs.py for tasks to queue
[2026-07-25T09:18:58.202+0000] {logging_mixin.py:190} INFO - [2026-07-25T09:18:58.202+0000] {dagbag.py:588} INFO - Filling up the DagBag from /home/airflow/.local/lib/python3.12/site-packages/airflow/example_dags/example_xcomargs.py
[2026-07-25T09:18:58.208+0000] {processor.py:925} INFO - DAG(s) 'example_xcom_args', 'example_xcom_args_with_operators' retrieved from /home/airflow/.local/lib/python3.12/site-packages/airflow/example_dags/example_xcomargs.py
[2026-07-25T09:18:58.222+0000] {logging_mixin.py:190} INFO - [2026-07-25T09:18:58.221+0000] {dag.py:3239} INFO - Sync 2 DAGs
[2026-07-25T09:18:58.230+0000] {logging_mixin.py:190} INFO - [2026-07-25T09:18:58.230+0000] {dag.py:4180} INFO - Setting next_dagrun for example_xcom_args to None, run_after=None
[2026-07-25T09:18:58.232+0000] {logging_mixin.py:190} INFO - [2026-07-25T09:18:58.232+0000] {dag.py:4180} INFO - Setting next_dagrun for example_xcom_args_with_operators to None, run_after=None
[2026-07-25T09:18:58.241+0000] {processor.py:208} INFO - Processing /home/airflow/.local/lib/python3.12/site-packages/airflow/example_dags/example_xcomargs.py took 0.046 seconds
[2026-07-25T09:19:28.720+0000] {processor.py:186} INFO - Started process (PID=546) to work on /home/airflow/.local/lib/python3.12/site-packages/airflow/example_dags/example_xcomargs.py
[2026-07-25T09:19:28.721+0000] {processor.py:914} INFO - Processing file /home/airflow/.local/lib/python3.12/site-packages/airflow/example_dags/example_xcomargs.py for tasks to queue
[2026-07-25T09:19:28.723+0000] {logging_mixin.py:190} INFO - [2026-07-25T09:19:28.722+0000] {dagbag.py:588} INFO - Filling up the DagBag from /home/airflow/.local/lib/python3.12/site-packages/airflow/example_dags/example_xcomargs.py
[2026-07-25T09:19:28.729+0000] {processor.py:925} INFO - DAG(s) 'example_xcom_args_with_operators', 'example_xcom_args' retrieved from /home/airflow/.local/lib/python3.12/site-packages/airflow/example_dags/example_xcomargs.py
[2026-07-25T09:19:28.745+0000] {logging_mixin.py:190} INFO - [2026-07-25T09:19:28.744+0000] {dag.py:3239} INFO - Sync 2 DAGs
[2026-07-25T09:19:28.753+0000] {logging_mixin.py:190} INFO - [2026-07-25T09:19:28.753+0000] {dag.py:4180} INFO - Setting next_dagrun for example_xcom_args to None, run_after=None
[2026-07-25T09:19:28.756+0000] {logging_mixin.py:190} INFO - [2026-07-25T09:19:28.755+0000] {dag.py:4180} INFO - Setting next_dagrun for example_xcom_args_with_operators to None, run_after=None
[2026-07-25T09:19:28.766+0000] {processor.py:208} INFO - Processing /home/airflow/.local/lib/python3.12/site-packages/airflow/example_dags/example_xcomargs.py took 0.050 seconds
[2026-07-25T09:20:54.424+0000] {processor.py:186} INFO - Started process (PID=109) to work on /home/airflow/.local/lib/python3.12/site-packages/airflow/example_dags/example_xcomargs.py
[2026-07-25T09:20:54.425+0000] {processor.py:914} INFO - Processing file /home/airflow/.local/lib/python3.12/site-packages/airflow/example_dags/example_xcomargs.py for tasks to queue
[2026-07-25T09:20:54.429+0000] {logging_mixin.py:190} INFO - [2026-07-25T09:20:54.429+0000] {dagbag.py:588} INFO - Filling up the DagBag from /home/airflow/.local/lib/python3.12/site-packages/airflow/example_dags/example_xcomargs.py
[2026-07-25T09:20:54.441+0000] {processor.py:925} INFO - DAG(s) 'example_xcom_args', 'example_xcom_args_with_operators' retrieved from /home/airflow/.local/lib/python3.12/site-packages/airflow/example_dags/example_xcomargs.py
[2026-07-25T09:20:54.465+0000] {logging_mixin.py:190} INFO - [2026-07-25T09:20:54.465+0000] {dag.py:3239} INFO - Sync 2 DAGs
[2026-07-25T09:20:54.477+0000] {logging_mixin.py:190} INFO - [2026-07-25T09:20:54.477+0000] {dag.py:4180} INFO - Setting next_dagrun for example_xcom_args to None, run_after=None
[2026-07-25T09:20:54.480+0000] {logging_mixin.py:190} INFO - [2026-07-25T09:20:54.480+0000] {dag.py:4180} INFO - Setting next_dagrun for example_xcom_args_with_operators to None, run_after=None
[2026-07-25T09:20:54.495+0000] {processor.py:208} INFO - Processing /home/airflow/.local/lib/python3.12/site-packages/airflow/example_dags/example_xcomargs.py took 0.079 seconds
[2026-07-25T09:21:25.706+0000] {processor.py:186} INFO - Started process (PID=171) to work on /home/airflow/.local/lib/python3.12/site-packages/airflow/example_dags/example_xcomargs.py
[2026-07-25T09:21:25.707+0000] {processor.py:914} INFO - Processing file /home/airflow/.local/lib/python3.12/site-packages/airflow/example_dags/example_xcomargs.py for tasks to queue
[2026-07-25T09:21:25.709+0000] {logging_mixin.py:190} INFO - [2026-07-25T09:21:25.709+0000] {dagbag.py:588} INFO - Filling up the DagBag from /home/airflow/.local/lib/python3.12/site-packages/airflow/example_dags/example_xcomargs.py
[2026-07-25T09:21:25.717+0000] {processor.py:925} INFO - DAG(s) 'example_xcom_args_with_operators', 'example_xcom_args' retrieved from /home/airflow/.local/lib/python3.12/site-packages/airflow/example_dags/example_xcomargs.py
[2026-07-25T09:21:25.734+0000] {logging_mixin.py:190} INFO - [2026-07-25T09:21:25.734+0000] {dag.py:3239} INFO - Sync 2 DAGs
[2026-07-25T09:21:25.744+0000] {logging_mixin.py:190} INFO - [2026-07-25T09:21:25.744+0000] {dag.py:4180} INFO - Setting next_dagrun for example_xcom_args to None, run_after=None
[2026-07-25T09:21:25.746+0000] {logging_mixin.py:190} INFO - [2026-07-25T09:21:25.746+0000] {dag.py:4180} INFO - Setting next_dagrun for example_xcom_args_with_operators to None, run_after=None
[2026-07-25T09:21:25.758+0000] {processor.py:208} INFO - Processing /home/airflow/.local/lib/python3.12/site-packages/airflow/example_dags/example_xcomargs.py took 0.057 seconds
[2026-07-25T09:21:57.912+0000] {processor.py:186} INFO - Started process (PID=233) to work on /home/airflow/.local/lib/python3.12/site-packages/airflow/example_dags/example_xcomargs.py
[2026-07-25T09:21:57.913+0000] {processor.py:914} INFO - Processing file /home/airflow/.local/lib/python3.12/site-packages/airflow/example_dags/example_xcomargs.py for tasks to queue
[2026-07-25T09:21:57.915+0000] {logging_mixin.py:190} INFO - [2026-07-25T09:21:57.915+0000] {dagbag.py:588} INFO - Filling up the DagBag from /home/airflow/.local/lib/python3.12/site-packages/airflow/example_dags/example_xcomargs.py
[2026-07-25T09:21:57.921+0000] {processor.py:925} INFO - DAG(s) 'example_xcom_args_with_operators', 'example_xcom_args' retrieved from /home/airflow/.local/lib/python3.12/site-packages/airflow/example_dags/example_xcomargs.py
[2026-07-25T09:21:57.935+0000] {logging_mixin.py:190} INFO - [2026-07-25T09:21:57.935+0000] {dag.py:3239} INFO - Sync 2 DAGs
[2026-07-25T09:21:57.944+0000] {logging_mixin.py:190} INFO - [2026-07-25T09:21:57.944+0000] {dag.py:4180} INFO - Setting next_dagrun for example_xcom_args to None, run_after=None
[2026-07-25T09:21:57.946+0000] {logging_mixin.py:190} INFO - [2026-07-25T09:21:57.946+0000] {dag.py:4180} INFO - Setting next_dagrun for example_xcom_args_with_operators to None, run_after=None
[2026-07-25T09:21:57.957+0000] {processor.py:208} INFO - Processing /home/airflow/.local/lib/python3.12/site-packages/airflow/example_dags/example_xcomargs.py took 0.048 seconds
[2026-07-25T09:22:28.435+0000] {processor.py:186} INFO - Started process (PID=295) to work on /home/airflow/.local/lib/python3.12/site-packages/airflow/example_dags/example_xcomargs.py
[2026-07-25T09:22:28.436+0000] {processor.py:914} INFO - Processing file /home/airflow/.local/lib/python3.12/site-packages/airflow/example_dags/example_xcomargs.py for tasks to queue
[2026-07-25T09:22:28.438+0000] {logging_mixin.py:190} INFO - [2026-07-25T09:22:28.438+0000] {dagbag.py:588} INFO - Filling up the DagBag from /home/airflow/.local/lib/python3.12/site-packages/airflow/example_dags/example_xcomargs.py
[2026-07-25T09:22:28.444+0000] {processor.py:925} INFO - DAG(s) 'example_xcom_args', 'example_xcom_args_with_operators' retrieved from /home/airflow/.local/lib/python3.12/site-packages/airflow/example_dags/example_xcomargs.py
[2026-07-25T09:22:28.458+0000] {logging_mixin.py:190} INFO - [2026-07-25T09:22:28.457+0000] {dag.py:3239} INFO - Sync 2 DAGs
[2026-07-25T09:22:28.467+0000] {logging_mixin.py:190} INFO - [2026-07-25T09:22:28.467+0000] {dag.py:4180} INFO - Setting next_dagrun for example_xcom_args to None, run_after=None
[2026-07-25T09:22:28.469+0000] {logging_mixin.py:190} INFO - [2026-07-25T09:22:28.469+0000] {dag.py:4180} INFO - Setting next_dagrun for example_xcom_args_with_operators to None, run_after=None
[2026-07-25T09:22:28.479+0000] {processor.py:208} INFO - Processing /home/airflow/.local/lib/python3.12/site-packages/airflow/example_dags/example_xcomargs.py took 0.048 seconds
[2026-07-25T09:24:05.475+0000] {processor.py:186} INFO - Started process (PID=109) to work on /home/airflow/.local/lib/python3.12/site-packages/airflow/example_dags/example_xcomargs.py
[2026-07-25T09:24:05.476+0000] {processor.py:914} INFO - Processing file /home/airflow/.local/lib/python3.12/site-packages/airflow/example_dags/example_xcomargs.py for tasks to queue
[2026-07-25T09:24:05.478+0000] {logging_mixin.py:190} INFO - [2026-07-25T09:24:05.478+0000] {dagbag.py:588} INFO - Filling up the DagBag from /home/airflow/.local/lib/python3.12/site-packages/airflow/example_dags/example_xcomargs.py
[2026-07-25T09:24:05.486+0000] {processor.py:925} INFO - DAG(s) 'example_xcom_args_with_operators', 'example_xcom_args' retrieved from /home/airflow/.local/lib/python3.12/site-packages/airflow/example_dags/example_xcomargs.py
[2026-07-25T09:24:05.502+0000] {logging_mixin.py:190} INFO - [2026-07-25T09:24:05.502+0000] {dag.py:3239} INFO - Sync 2 DAGs
[2026-07-25T09:24:05.512+0000] {logging_mixin.py:190} INFO - [2026-07-25T09:24:05.512+0000] {dag.py:4180} INFO - Setting next_dagrun for example_xcom_args to None, run_after=None
[2026-07-25T09:24:05.514+0000] {logging_mixin.py:190} INFO - [2026-07-25T09:24:05.514+0000] {dag.py:4180} INFO - Setting next_dagrun for example_xcom_args_with_operators to None, run_after=None
[2026-07-25T09:24:05.537+0000] {processor.py:208} INFO - Processing /home/airflow/.local/lib/python3.12/site-packages/airflow/example_dags/example_xcomargs.py took 0.066 seconds
[2026-07-25T09:24:38.126+0000] {processor.py:186} INFO - Started process (PID=171) to work on /home/airflow/.local/lib/python3.12/site-packages/airflow/example_dags/example_xcomargs.py
[2026-07-25T09:24:38.128+0000] {processor.py:914} INFO - Processing file /home/airflow/.local/lib/python3.12/site-packages/airflow/example_dags/example_xcomargs.py for tasks to queue
[2026-07-25T09:24:38.131+0000] {logging_mixin.py:190} INFO - [2026-07-25T09:24:38.131+0000] {dagbag.py:588} INFO - Filling up the DagBag from /home/airflow/.local/lib/python3.12/site-packages/airflow/example_dags/example_xcomargs.py
[2026-07-25T09:24:38.140+0000] {processor.py:925} INFO - DAG(s) 'example_xcom_args', 'example_xcom_args_with_operators' retrieved from /home/airflow/.local/lib/python3.12/site-packages/airflow/example_dags/example_xcomargs.py
[2026-07-25T09:24:38.156+0000] {logging_mixin.py:190} INFO - [2026-07-25T09:24:38.156+0000] {dag.py:3239} INFO - Sync 2 DAGs
[2026-07-25T09:24:38.166+0000] {logging_mixin.py:190} INFO - [2026-07-25T09:24:38.165+0000] {dag.py:4180} INFO - Setting next_dagrun for example_xcom_args to None, run_after=None
[2026-07-25T09:24:38.168+0000] {logging_mixin.py:190} INFO - [2026-07-25T09:24:38.168+0000] {dag.py:4180} INFO - Setting next_dagrun for example_xcom_args_with_operators to None, run_after=None
[2026-07-25T09:24:38.179+0000] {processor.py:208} INFO - Processing /home/airflow/.local/lib/python3.12/site-packages/airflow/example_dags/example_xcomargs.py took 0.059 seconds
[2026-07-25T09:25:09.078+0000] {processor.py:186} INFO - Started process (PID=233) to work on /home/airflow/.local/lib/python3.12/site-packages/airflow/example_dags/example_xcomargs.py
[2026-07-25T09:25:09.079+0000] {processor.py:914} INFO - Processing file /home/airflow/.local/lib/python3.12/site-packages/airflow/example_dags/example_xcomargs.py for tasks to queue
[2026-07-25T09:25:09.081+0000] {logging_mixin.py:190} INFO - [2026-07-25T09:25:09.081+0000] {dagbag.py:588} INFO - Filling up the DagBag from /home/airflow/.local/lib/python3.12/site-packages/airflow/example_dags/example_xcomargs.py
[2026-07-25T09:25:09.087+0000] {processor.py:925} INFO - DAG(s) 'example_xcom_args', 'example_xcom_args_with_operators' retrieved from /home/airflow/.local/lib/python3.12/site-packages/airflow/example_dags/example_xcomargs.py
[2026-07-25T09:25:09.102+0000] {logging_mixin.py:190} INFO - [2026-07-25T09:25:09.102+0000] {dag.py:3239} INFO - Sync 2 DAGs
[2026-07-25T09:25:09.111+0000] {logging_mixin.py:190} INFO - [2026-07-25T09:25:09.111+0000] {dag.py:4180} INFO - Setting next_dagrun for example_xcom_args to None, run_after=None
[2026-07-25T09:25:09.114+0000] {logging_mixin.py:190} INFO - [2026-07-25T09:25:09.113+0000] {dag.py:4180} INFO - Setting next_dagrun for example_xcom_args_with_operators to None, run_after=None
[2026-07-25T09:25:09.124+0000] {processor.py:208} INFO - Processing /home/airflow/.local/lib/python3.12/site-packages/airflow/example_dags/example_xcomargs.py took 0.050 seconds
[2026-07-25T09:25:39.965+0000] {processor.py:186} INFO - Started process (PID=295) to work on /home/airflow/.local/lib/python3.12/site-packages/airflow/example_dags/example_xcomargs.py
[2026-07-25T09:25:39.966+0000] {processor.py:914} INFO - Processing file /home/airflow/.local/lib/python3.12/site-packages/airflow/example_dags/example_xcomargs.py for tasks to queue
[2026-07-25T09:25:39.968+0000] {logging_mixin.py:190} INFO - [2026-07-25T09:25:39.968+0000] {dagbag.py:588} INFO - Filling up the DagBag from /home/airflow/.local/lib/python3.12/site-packages/airflow/example_dags/example_xcomargs.py
[2026-07-25T09:25:39.974+0000] {processor.py:925} INFO - DAG(s) 'example_xcom_args_with_operators', 'example_xcom_args' retrieved from /home/airflow/.local/lib/python3.12/site-packages/airflow/example_dags/example_xcomargs.py
[2026-07-25T09:25:39.992+0000] {logging_mixin.py:190} INFO - [2026-07-25T09:25:39.991+0000] {dag.py:3239} INFO - Sync 2 DAGs
[2026-07-25T09:25:40.001+0000] {logging_mixin.py:190} INFO - [2026-07-25T09:25:40.001+0000] {dag.py:4180} INFO - Setting next_dagrun for example_xcom_args to None, run_after=None
[2026-07-25T09:25:40.004+0000] {logging_mixin.py:190} INFO - [2026-07-25T09:25:40.004+0000] {dag.py:4180} INFO - Setting next_dagrun for example_xcom_args_with_operators to None, run_after=None
[2026-07-25T09:25:40.014+0000] {processor.py:208} INFO - Processing /home/airflow/.local/lib/python3.12/site-packages/airflow/example_dags/example_xcomargs.py took 0.053 seconds
[2026-07-25T09:26:58.713+0000] {processor.py:186} INFO - Started process (PID=109) to work on /home/airflow/.local/lib/python3.12/site-packages/airflow/example_dags/example_xcomargs.py
[2026-07-25T09:26:58.714+0000] {processor.py:914} INFO - Processing file /home/airflow/.local/lib/python3.12/site-packages/airflow/example_dags/example_xcomargs.py for tasks to queue
[2026-07-25T09:26:58.716+0000] {logging_mixin.py:190} INFO - [2026-07-25T09:26:58.715+0000] {dagbag.py:588} INFO - Filling up the DagBag from /home/airflow/.local/lib/python3.12/site-packages/airflow/example_dags/example_xcomargs.py
[2026-07-25T09:26:58.722+0000] {processor.py:925} INFO - DAG(s) 'example_xcom_args', 'example_xcom_args_with_operators' retrieved from /home/airflow/.local/lib/python3.12/site-packages/airflow/example_dags/example_xcomargs.py
[2026-07-25T09:26:58.804+0000] {logging_mixin.py:190} INFO - [2026-07-25T09:26:58.804+0000] {override.py:1932} INFO - Created Permission View: can edit on DAG:example_xcom_args
[2026-07-25T09:26:58.811+0000] {logging_mixin.py:190} INFO - [2026-07-25T09:26:58.811+0000] {override.py:1932} INFO - Created Permission View: can read on DAG:example_xcom_args
[2026-07-25T09:26:58.817+0000] {logging_mixin.py:190} INFO - [2026-07-25T09:26:58.817+0000] {override.py:1932} INFO - Created Permission View: can delete on DAG:example_xcom_args
[2026-07-25T09:26:58.824+0000] {logging_mixin.py:190} INFO - [2026-07-25T09:26:58.824+0000] {override.py:1932} INFO - Created Permission View: menu access on DAG Run:example_xcom_args
[2026-07-25T09:26:58.829+0000] {logging_mixin.py:190} INFO - [2026-07-25T09:26:58.829+0000] {override.py:1932} INFO - Created Permission View: can read on DAG Run:example_xcom_args
[2026-07-25T09:26:58.835+0000] {logging_mixin.py:190} INFO - [2026-07-25T09:26:58.835+0000] {override.py:1932} INFO - Created Permission View: can create on DAG Run:example_xcom_args
[2026-07-25T09:26:58.840+0000] {logging_mixin.py:190} INFO - [2026-07-25T09:26:58.840+0000] {override.py:1932} INFO - Created Permission View: can delete on DAG Run:example_xcom_args
[2026-07-25T09:26:58.849+0000] {logging_mixin.py:190} INFO - [2026-07-25T09:26:58.849+0000] {override.py:1932} INFO - Created Permission View: can edit on DAG:example_xcom_args_with_operators
[2026-07-25T09:26:58.854+0000] {logging_mixin.py:190} INFO - [2026-07-25T09:26:58.854+0000] {override.py:1932} INFO - Created Permission View: can read on DAG:example_xcom_args_with_operators
[2026-07-25T09:26:58.859+0000] {logging_mixin.py:190} INFO - [2026-07-25T09:26:58.859+0000] {override.py:1932} INFO - Created Permission View: can delete on DAG:example_xcom_args_with_operators
[2026-07-25T09:26:58.864+0000] {logging_mixin.py:190} INFO - [2026-07-25T09:26:58.864+0000] {override.py:1932} INFO - Created Permission View: menu access on DAG Run:example_xcom_args_with_operators
[2026-07-25T09:26:58.869+0000] {logging_mixin.py:190} INFO - [2026-07-25T09:26:58.869+0000] {override.py:1932} INFO - Created Permission View: can read on DAG Run:example_xcom_args_with_operators
[2026-07-25T09:26:58.874+0000] {logging_mixin.py:190} INFO - [2026-07-25T09:26:58.874+0000] {override.py:1932} INFO - Created Permission View: can create on DAG Run:example_xcom_args_with_operators
[2026-07-25T09:26:58.878+0000] {logging_mixin.py:190} INFO - [2026-07-25T09:26:58.878+0000] {override.py:1932} INFO - Created Permission View: can delete on DAG Run:example_xcom_args_with_operators
[2026-07-25T09:26:58.879+0000] {logging_mixin.py:190} INFO - [2026-07-25T09:26:58.879+0000] {dag.py:3239} INFO - Sync 2 DAGs
[2026-07-25T09:26:58.886+0000] {logging_mixin.py:190} INFO - [2026-07-25T09:26:58.886+0000] {dag.py:3262} INFO - Creating ORM DAG for example_xcom_args_with_operators
[2026-07-25T09:26:58.887+0000] {logging_mixin.py:190} INFO - [2026-07-25T09:26:58.887+0000] {dag.py:3262} INFO - Creating ORM DAG for example_xcom_args
[2026-07-25T09:26:58.888+0000] {logging_mixin.py:190} INFO - [2026-07-25T09:26:58.888+0000] {dag.py:4180} INFO - Setting next_dagrun for example_xcom_args to None, run_after=None
[2026-07-25T09:26:58.889+0000] {logging_mixin.py:190} INFO - [2026-07-25T09:26:58.889+0000] {dag.py:4180} INFO - Setting next_dagrun for example_xcom_args_with_operators to None, run_after=None
[2026-07-25T09:26:58.899+0000] {processor.py:208} INFO - Processing /home/airflow/.local/lib/python3.12/site-packages/airflow/example_dags/example_xcomargs.py took 0.189 seconds
[2026-07-25T09:27:30.546+0000] {processor.py:186} INFO - Started process (PID=171) to work on /home/airflow/.local/lib/python3.12/site-packages/airflow/example_dags/example_xcomargs.py
[2026-07-25T09:27:30.547+0000] {processor.py:914} INFO - Processing file /home/airflow/.local/lib/python3.12/site-packages/airflow/example_dags/example_xcomargs.py for tasks to queue
[2026-07-25T09:27:30.549+0000] {logging_mixin.py:190} INFO - [2026-07-25T09:27:30.549+0000] {dagbag.py:588} INFO - Filling up the DagBag from /home/airflow/.local/lib/python3.12/site-packages/airflow/example_dags/example_xcomargs.py
[2026-07-25T09:27:30.557+0000] {processor.py:925} INFO - DAG(s) 'example_xcom_args', 'example_xcom_args_with_operators' retrieved from /home/airflow/.local/lib/python3.12/site-packages/airflow/example_dags/example_xcomargs.py
[2026-07-25T09:27:30.574+0000] {logging_mixin.py:190} INFO - [2026-07-25T09:27:30.574+0000] {dag.py:3239} INFO - Sync 2 DAGs
[2026-07-25T09:27:30.584+0000] {logging_mixin.py:190} INFO - [2026-07-25T09:27:30.583+0000] {dag.py:4180} INFO - Setting next_dagrun for example_xcom_args to None, run_after=None
[2026-07-25T09:27:30.586+0000] {logging_mixin.py:190} INFO - [2026-07-25T09:27:30.586+0000] {dag.py:4180} INFO - Setting next_dagrun for example_xcom_args_with_operators to None, run_after=None
[2026-07-25T09:27:30.597+0000] {processor.py:208} INFO - Processing /home/airflow/.local/lib/python3.12/site-packages/airflow/example_dags/example_xcomargs.py took 0.055 seconds
[2026-07-25T09:28:01.835+0000] {processor.py:186} INFO - Started process (PID=233) to work on /home/airflow/.local/lib/python3.12/site-packages/airflow/example_dags/example_xcomargs.py
[2026-07-25T09:28:01.836+0000] {processor.py:914} INFO - Processing file /home/airflow/.local/lib/python3.12/site-packages/airflow/example_dags/example_xcomargs.py for tasks to queue
[2026-07-25T09:28:01.838+0000] {logging_mixin.py:190} INFO - [2026-07-25T09:28:01.838+0000] {dagbag.py:588} INFO - Filling up the DagBag from /home/airflow/.local/lib/python3.12/site-packages/airflow/example_dags/example_xcomargs.py
[2026-07-25T09:28:01.844+0000] {processor.py:925} INFO - DAG(s) 'example_xcom_args_with_operators', 'example_xcom_args' retrieved from /home/airflow/.local/lib/python3.12/site-packages/airflow/example_dags/example_xcomargs.py
[2026-07-25T09:28:01.860+0000] {logging_mixin.py:190} INFO - [2026-07-25T09:28:01.860+0000] {dag.py:3239} INFO - Sync 2 DAGs
[2026-07-25T09:28:01.870+0000] {logging_mixin.py:190} INFO - [2026-07-25T09:28:01.870+0000] {dag.py:4180} INFO - Setting next_dagrun for example_xcom_args to None, run_after=None
[2026-07-25T09:28:01.873+0000] {logging_mixin.py:190} INFO - [2026-07-25T09:28:01.873+0000] {dag.py:4180} INFO - Setting next_dagrun for example_xcom_args_with_operators to None, run_after=None
[2026-07-25T09:28:01.895+0000] {processor.py:208} INFO - Processing /home/airflow/.local/lib/python3.12/site-packages/airflow/example_dags/example_xcomargs.py took 0.064 seconds
[2026-07-25T09:28:32.334+0000] {processor.py:186} INFO - Started process (PID=295) to work on /home/airflow/.local/lib/python3.12/site-packages/airflow/example_dags/example_xcomargs.py
[2026-07-25T09:28:32.335+0000] {processor.py:914} INFO - Processing file /home/airflow/.local/lib/python3.12/site-packages/airflow/example_dags/example_xcomargs.py for tasks to queue
[2026-07-25T09:28:32.337+0000] {logging_mixin.py:190} INFO - [2026-07-25T09:28:32.337+0000] {dagbag.py:588} INFO - Filling up the DagBag from /home/airflow/.local/lib/python3.12/site-packages/airflow/example_dags/example_xcomargs.py
[2026-07-25T09:28:32.344+0000] {processor.py:925} INFO - DAG(s) 'example_xcom_args', 'example_xcom_args_with_operators' retrieved from /home/airflow/.local/lib/python3.12/site-packages/airflow/example_dags/example_xcomargs.py
[2026-07-25T09:28:32.361+0000] {logging_mixin.py:190} INFO - [2026-07-25T09:28:32.360+0000] {dag.py:3239} INFO - Sync 2 DAGs
[2026-07-25T09:28:32.370+0000] {logging_mixin.py:190} INFO - [2026-07-25T09:28:32.370+0000] {dag.py:4180} INFO - Setting next_dagrun for example_xcom_args to None, run_after=None
[2026-07-25T09:28:32.372+0000] {logging_mixin.py:190} INFO - [2026-07-25T09:28:32.372+0000] {dag.py:4180} INFO - Setting next_dagrun for example_xcom_args_with_operators to None, run_after=None
[2026-07-25T09:28:32.383+0000] {processor.py:208} INFO - Processing /home/airflow/.local/lib/python3.12/site-packages/airflow/example_dags/example_xcomargs.py took 0.053 seconds
[2026-07-25T09:29:03.651+0000] {processor.py:186} INFO - Started process (PID=357) to work on /home/airflow/.local/lib/python3.12/site-packages/airflow/example_dags/example_xcomargs.py
[2026-07-25T09:29:03.652+0000] {processor.py:914} INFO - Processing file /home/airflow/.local/lib/python3.12/site-packages/airflow/example_dags/example_xcomargs.py for tasks to queue
[2026-07-25T09:29:03.654+0000] {logging_mixin.py:190} INFO - [2026-07-25T09:29:03.654+0000] {dagbag.py:588} INFO - Filling up the DagBag from /home/airflow/.local/lib/python3.12/site-packages/airflow/example_dags/example_xcomargs.py
[2026-07-25T09:29:03.660+0000] {processor.py:925} INFO - DAG(s) 'example_xcom_args_with_operators', 'example_xcom_args' retrieved from /home/airflow/.local/lib/python3.12/site-packages/airflow/example_dags/example_xcomargs.py
[2026-07-25T09:29:03.675+0000] {logging_mixin.py:190} INFO - [2026-07-25T09:29:03.675+0000] {dag.py:3239} INFO - Sync 2 DAGs
[2026-07-25T09:29:03.685+0000] {logging_mixin.py:190} INFO - [2026-07-25T09:29:03.685+0000] {dag.py:4180} INFO - Setting next_dagrun for example_xcom_args to None, run_after=None
[2026-07-25T09:29:03.687+0000] {logging_mixin.py:190} INFO - [2026-07-25T09:29:03.687+0000] {dag.py:4180} INFO - Setting next_dagrun for example_xcom_args_with_operators to None, run_after=None
[2026-07-25T09:29:03.702+0000] {processor.py:208} INFO - Processing /home/airflow/.local/lib/python3.12/site-packages/airflow/example_dags/example_xcomargs.py took 0.054 seconds
[2026-07-25T09:29:33.876+0000] {processor.py:186} INFO - Started process (PID=420) to work on /home/airflow/.local/lib/python3.12/site-packages/airflow/example_dags/example_xcomargs.py
[2026-07-25T09:29:33.876+0000] {processor.py:914} INFO - Processing file /home/airflow/.local/lib/python3.12/site-packages/airflow/example_dags/example_xcomargs.py for tasks to queue
[2026-07-25T09:29:33.878+0000] {logging_mixin.py:190} INFO - [2026-07-25T09:29:33.878+0000] {dagbag.py:588} INFO - Filling up the DagBag from /home/airflow/.local/lib/python3.12/site-packages/airflow/example_dags/example_xcomargs.py
[2026-07-25T09:29:33.885+0000] {processor.py:925} INFO - DAG(s) 'example_xcom_args', 'example_xcom_args_with_operators' retrieved from /home/airflow/.local/lib/python3.12/site-packages/airflow/example_dags/example_xcomargs.py
[2026-07-25T09:29:33.901+0000] {logging_mixin.py:190} INFO - [2026-07-25T09:29:33.901+0000] {dag.py:3239} INFO - Sync 2 DAGs
[2026-07-25T09:29:33.910+0000] {logging_mixin.py:190} INFO - [2026-07-25T09:29:33.910+0000] {dag.py:4180} INFO - Setting next_dagrun for example_xcom_args to None, run_after=None
[2026-07-25T09:29:33.913+0000] {logging_mixin.py:190} INFO - [2026-07-25T09:29:33.913+0000] {dag.py:4180} INFO - Setting next_dagrun for example_xcom_args_with_operators to None, run_after=None
[2026-07-25T09:29:33.923+0000] {processor.py:208} INFO - Processing /home/airflow/.local/lib/python3.12/site-packages/airflow/example_dags/example_xcomargs.py took 0.051 seconds
[2026-07-25T09:30:04.556+0000] {processor.py:186} INFO - Started process (PID=483) to work on /home/airflow/.local/lib/python3.12/site-packages/airflow/example_dags/example_xcomargs.py
[2026-07-25T09:30:04.557+0000] {processor.py:914} INFO - Processing file /home/airflow/.local/lib/python3.12/site-packages/airflow/example_dags/example_xcomargs.py for tasks to queue
[2026-07-25T09:30:04.559+0000] {logging_mixin.py:190} INFO - [2026-07-25T09:30:04.559+0000] {dagbag.py:588} INFO - Filling up the DagBag from /home/airflow/.local/lib/python3.12/site-packages/airflow/example_dags/example_xcomargs.py
[2026-07-25T09:30:04.568+0000] {processor.py:925} INFO - DAG(s) 'example_xcom_args_with_operators', 'example_xcom_args' retrieved from /home/airflow/.local/lib/python3.12/site-packages/airflow/example_dags/example_xcomargs.py
[2026-07-25T09:30:04.586+0000] {logging_mixin.py:190} INFO - [2026-07-25T09:30:04.586+0000] {dag.py:3239} INFO - Sync 2 DAGs
[2026-07-25T09:30:04.596+0000] {logging_mixin.py:190} INFO - [2026-07-25T09:30:04.596+0000] {dag.py:4180} INFO - Setting next_dagrun for example_xcom_args to None, run_after=None
[2026-07-25T09:30:04.599+0000] {logging_mixin.py:190} INFO - [2026-07-25T09:30:04.599+0000] {dag.py:4180} INFO - Setting next_dagrun for example_xcom_args_with_operators to None, run_after=None
[2026-07-25T09:30:04.614+0000] {processor.py:208} INFO - Processing /home/airflow/.local/lib/python3.12/site-packages/airflow/example_dags/example_xcomargs.py took 0.062 seconds
[2026-07-25T09:30:34.766+0000] {processor.py:186} INFO - Started process (PID=546) to work on /home/airflow/.local/lib/python3.12/site-packages/airflow/example_dags/example_xcomargs.py
[2026-07-25T09:30:34.767+0000] {processor.py:914} INFO - Processing file /home/airflow/.local/lib/python3.12/site-packages/airflow/example_dags/example_xcomargs.py for tasks to queue
[2026-07-25T09:30:34.769+0000] {logging_mixin.py:190} INFO - [2026-07-25T09:30:34.769+0000] {dagbag.py:588} INFO - Filling up the DagBag from /home/airflow/.local/lib/python3.12/site-packages/airflow/example_dags/example_xcomargs.py
[2026-07-25T09:30:34.775+0000] {processor.py:925} INFO - DAG(s) 'example_xcom_args_with_operators', 'example_xcom_args' retrieved from /home/airflow/.local/lib/python3.12/site-packages/airflow/example_dags/example_xcomargs.py
[2026-07-25T09:30:34.790+0000] {logging_mixin.py:190} INFO - [2026-07-25T09:30:34.790+0000] {dag.py:3239} INFO - Sync 2 DAGs
[2026-07-25T09:30:34.798+0000] {logging_mixin.py:190} INFO - [2026-07-25T09:30:34.798+0000] {dag.py:4180} INFO - Setting next_dagrun for example_xcom_args to None, run_after=None
[2026-07-25T09:30:34.801+0000] {logging_mixin.py:190} INFO - [2026-07-25T09:30:34.801+0000] {dag.py:4180} INFO - Setting next_dagrun for example_xcom_args_with_operators to None, run_after=None
[2026-07-25T09:30:34.811+0000] {processor.py:208} INFO - Processing /home/airflow/.local/lib/python3.12/site-packages/airflow/example_dags/example_xcomargs.py took 0.049 seconds
