[2026-07-25T09:06:18.379+0000] {processor.py:186} INFO - Started process (PID=92) to work on /home/airflow/.local/lib/python3.12/site-packages/airflow/example_dags/example_inlet_event_extra.py
[2026-07-25T09:06:18.379+0000] {processor.py:914} INFO - Processing file /home/airflow/.local/lib/python3.12/site-packages/airflow/example_dags/example_inlet_event_extra.py for tasks to queue
[2026-07-25T09:06:18.382+0000] {logging_mixin.py:190} INFO - [2026-07-25T09:06:18.381+0000] {dagbag.py:588} INFO - Filling up the DagBag from /home/airflow/.local/lib/python3.12/site-packages/airflow/example_dags/example_inlet_event_extra.py
[2026-07-25T09:06:22.056+0000] {processor.py:925} INFO - DAG(s) 'read_dataset_event', 'read_dataset_event_from_classic' retrieved from /home/airflow/.local/lib/python3.12/site-packages/airflow/example_dags/example_inlet_event_extra.py
[2026-07-25T09:06:22.296+0000] {logging_mixin.py:190} INFO - [2026-07-25T09:06:22.295+0000] {override.py:1932} INFO - Created Permission View: can edit on DAG:read_dataset_event
[2026-07-25T09:06:22.302+0000] {logging_mixin.py:190} INFO - [2026-07-25T09:06:22.302+0000] {override.py:1932} INFO - Created Permission View: can read on DAG:read_dataset_event
[2026-07-25T09:06:22.308+0000] {logging_mixin.py:190} INFO - [2026-07-25T09:06:22.308+0000] {override.py:1932} INFO - Created Permission View: can delete on DAG:read_dataset_event
[2026-07-25T09:06:22.317+0000] {logging_mixin.py:190} INFO - [2026-07-25T09:06:22.317+0000] {override.py:1932} INFO - Created Permission View: can create on DAG Run:read_dataset_event
[2026-07-25T09:06:22.321+0000] {logging_mixin.py:190} INFO - [2026-07-25T09:06:22.321+0000] {override.py:1932} INFO - Created Permission View: can read on DAG Run:read_dataset_event
[2026-07-25T09:06:22.326+0000] {logging_mixin.py:190} INFO - [2026-07-25T09:06:22.326+0000] {override.py:1932} INFO - Created Permission View: can delete on DAG Run:read_dataset_event
[2026-07-25T09:06:22.332+0000] {logging_mixin.py:190} INFO - [2026-07-25T09:06:22.332+0000] {override.py:1932} INFO - Created Permission View: menu access on DAG Run:read_dataset_event
[2026-07-25T09:06:22.343+0000] {logging_mixin.py:190} INFO - [2026-07-25T09:06:22.343+0000] {override.py:1932} INFO - Created Permission View: can edit on DAG:read_dataset_event_from_classic
[2026-07-25T09:06:22.348+0000] {logging_mixin.py:190} INFO - [2026-07-25T09:06:22.348+0000] {override.py:1932} INFO - Created Permission View: can read on DAG:read_dataset_event_from_classic
[2026-07-25T09:06:22.353+0000] {logging_mixin.py:190} INFO - [2026-07-25T09:06:22.353+0000] {override.py:1932} INFO - Created Permission View: can delete on DAG:read_dataset_event_from_classic
[2026-07-25T09:06:22.359+0000] {logging_mixin.py:190} INFO - [2026-07-25T09:06:22.359+0000] {override.py:1932} INFO - Created Permission View: can create on DAG Run:read_dataset_event_from_classic
[2026-07-25T09:06:22.365+0000] {logging_mixin.py:190} INFO - [2026-07-25T09:06:22.364+0000] {override.py:1932} INFO - Created Permission View: can read on DAG Run:read_dataset_event_from_classic
[2026-07-25T09:06:22.369+0000] {logging_mixin.py:190} INFO - [2026-07-25T09:06:22.369+0000] {override.py:1932} INFO - Created Permission View: can delete on DAG Run:read_dataset_event_from_classic
[2026-07-25T09:06:22.374+0000] {logging_mixin.py:190} INFO - [2026-07-25T09:06:22.374+0000] {override.py:1932} INFO - Created Permission View: menu access on DAG Run:read_dataset_event_from_classic
[2026-07-25T09:06:22.375+0000] {logging_mixin.py:190} INFO - [2026-07-25T09:06:22.375+0000] {dag.py:3239} INFO - Sync 2 DAGs
[2026-07-25T09:06:22.382+0000] {logging_mixin.py:190} INFO - [2026-07-25T09:06:22.382+0000] {dag.py:3262} INFO - Creating ORM DAG for read_dataset_event_from_classic
[2026-07-25T09:06:22.383+0000] {logging_mixin.py:190} INFO - [2026-07-25T09:06:22.383+0000] {dag.py:3262} INFO - Creating ORM DAG for read_dataset_event
[2026-07-25T09:06:22.389+0000] {logging_mixin.py:190} INFO - [2026-07-25T09:06:22.388+0000] {dag.py:4180} INFO - Setting next_dagrun for read_dataset_event to 2026-07-24 00:00:00+00:00, run_after=2026-07-25 00:00:00+00:00
[2026-07-25T09:06:22.390+0000] {logging_mixin.py:190} INFO - [2026-07-25T09:06:22.390+0000] {dag.py:4180} INFO - Setting next_dagrun for read_dataset_event_from_classic to 2026-07-24 00:00:00+00:00, run_after=2026-07-25 00:00:00+00:00
[2026-07-25T09:06:22.400+0000] {processor.py:208} INFO - Processing /home/airflow/.local/lib/python3.12/site-packages/airflow/example_dags/example_inlet_event_extra.py took 4.025 seconds
[2026-07-25T09:06:52.635+0000] {processor.py:186} INFO - Started process (PID=159) to work on /home/airflow/.local/lib/python3.12/site-packages/airflow/example_dags/example_inlet_event_extra.py
[2026-07-25T09:06:52.635+0000] {processor.py:914} INFO - Processing file /home/airflow/.local/lib/python3.12/site-packages/airflow/example_dags/example_inlet_event_extra.py for tasks to queue
[2026-07-25T09:06:52.637+0000] {logging_mixin.py:190} INFO - [2026-07-25T09:06:52.637+0000] {dagbag.py:588} INFO - Filling up the DagBag from /home/airflow/.local/lib/python3.12/site-packages/airflow/example_dags/example_inlet_event_extra.py
[2026-07-25T09:06:55.653+0000] {processor.py:925} INFO - DAG(s) 'read_dataset_event_from_classic', 'read_dataset_event' retrieved from /home/airflow/.local/lib/python3.12/site-packages/airflow/example_dags/example_inlet_event_extra.py
[2026-07-25T09:06:55.667+0000] {logging_mixin.py:190} INFO - [2026-07-25T09:06:55.667+0000] {dag.py:3239} INFO - Sync 2 DAGs
[2026-07-25T09:06:55.681+0000] {logging_mixin.py:190} INFO - [2026-07-25T09:06:55.681+0000] {dag.py:4180} INFO - Setting next_dagrun for read_dataset_event to 2026-07-24 00:00:00+00:00, run_after=2026-07-25 00:00:00+00:00
[2026-07-25T09:06:55.684+0000] {logging_mixin.py:190} INFO - [2026-07-25T09:06:55.683+0000] {dag.py:4180} INFO - Setting next_dagrun for read_dataset_event_from_classic to 2026-07-24 00:00:00+00:00, run_after=2026-07-25 00:00:00+00:00
[2026-07-25T09:06:55.694+0000] {processor.py:208} INFO - Processing /home/airflow/.local/lib/python3.12/site-packages/airflow/example_dags/example_inlet_event_extra.py took 3.063 seconds
[2026-07-25T09:07:26.785+0000] {processor.py:186} INFO - Started process (PID=225) to work on /home/airflow/.local/lib/python3.12/site-packages/airflow/example_dags/example_inlet_event_extra.py
[2026-07-25T09:07:26.786+0000] {processor.py:914} INFO - Processing file /home/airflow/.local/lib/python3.12/site-packages/airflow/example_dags/example_inlet_event_extra.py for tasks to queue
[2026-07-25T09:07:26.788+0000] {logging_mixin.py:190} INFO - [2026-07-25T09:07:26.788+0000] {dagbag.py:588} INFO - Filling up the DagBag from /home/airflow/.local/lib/python3.12/site-packages/airflow/example_dags/example_inlet_event_extra.py
[2026-07-25T09:07:30.257+0000] {processor.py:925} INFO - DAG(s) 'read_dataset_event', 'read_dataset_event_from_classic' retrieved from /home/airflow/.local/lib/python3.12/site-packages/airflow/example_dags/example_inlet_event_extra.py
[2026-07-25T09:07:30.269+0000] {logging_mixin.py:190} INFO - [2026-07-25T09:07:30.268+0000] {dag.py:3239} INFO - Sync 2 DAGs
[2026-07-25T09:07:30.281+0000] {logging_mixin.py:190} INFO - [2026-07-25T09:07:30.281+0000] {dag.py:4180} INFO - Setting next_dagrun for read_dataset_event to 2026-07-24 00:00:00+00:00, run_after=2026-07-25 00:00:00+00:00
[2026-07-25T09:07:30.284+0000] {logging_mixin.py:190} INFO - [2026-07-25T09:07:30.284+0000] {dag.py:4180} INFO - Setting next_dagrun for read_dataset_event_from_classic to 2026-07-24 00:00:00+00:00, run_after=2026-07-25 00:00:00+00:00
[2026-07-25T09:07:30.293+0000] {processor.py:208} INFO - Processing /home/airflow/.local/lib/python3.12/site-packages/airflow/example_dags/example_inlet_event_extra.py took 3.514 seconds
[2026-07-25T09:08:00.615+0000] {processor.py:186} INFO - Started process (PID=299) to work on /home/airflow/.local/lib/python3.12/site-packages/airflow/example_dags/example_inlet_event_extra.py
[2026-07-25T09:08:00.615+0000] {processor.py:914} INFO - Processing file /home/airflow/.local/lib/python3.12/site-packages/airflow/example_dags/example_inlet_event_extra.py for tasks to queue
[2026-07-25T09:08:00.617+0000] {logging_mixin.py:190} INFO - [2026-07-25T09:08:00.617+0000] {dagbag.py:588} INFO - Filling up the DagBag from /home/airflow/.local/lib/python3.12/site-packages/airflow/example_dags/example_inlet_event_extra.py
[2026-07-25T09:08:04.111+0000] {processor.py:925} INFO - DAG(s) 'read_dataset_event_from_classic', 'read_dataset_event' retrieved from /home/airflow/.local/lib/python3.12/site-packages/airflow/example_dags/example_inlet_event_extra.py
[2026-07-25T09:08:04.124+0000] {logging_mixin.py:190} INFO - [2026-07-25T09:08:04.124+0000] {dag.py:3239} INFO - Sync 2 DAGs
[2026-07-25T09:08:04.136+0000] {logging_mixin.py:190} INFO - [2026-07-25T09:08:04.136+0000] {dag.py:4180} INFO - Setting next_dagrun for read_dataset_event to 2026-07-24 00:00:00+00:00, run_after=2026-07-25 00:00:00+00:00
[2026-07-25T09:08:04.139+0000] {logging_mixin.py:190} INFO - [2026-07-25T09:08:04.139+0000] {dag.py:4180} INFO - Setting next_dagrun for read_dataset_event_from_classic to 2026-07-24 00:00:00+00:00, run_after=2026-07-25 00:00:00+00:00
[2026-07-25T09:08:04.148+0000] {processor.py:208} INFO - Processing /home/airflow/.local/lib/python3.12/site-packages/airflow/example_dags/example_inlet_event_extra.py took 3.537 seconds
[2026-07-25T09:08:34.745+0000] {processor.py:186} INFO - Started process (PID=364) to work on /home/airflow/.local/lib/python3.12/site-packages/airflow/example_dags/example_inlet_event_extra.py
[2026-07-25T09:08:34.746+0000] {processor.py:914} INFO - Processing file /home/airflow/.local/lib/python3.12/site-packages/airflow/example_dags/example_inlet_event_extra.py for tasks to queue
[2026-07-25T09:08:34.748+0000] {logging_mixin.py:190} INFO - [2026-07-25T09:08:34.748+0000] {dagbag.py:588} INFO - Filling up the DagBag from /home/airflow/.local/lib/python3.12/site-packages/airflow/example_dags/example_inlet_event_extra.py
[2026-07-25T09:08:38.157+0000] {processor.py:925} INFO - DAG(s) 'read_dataset_event', 'read_dataset_event_from_classic' retrieved from /home/airflow/.local/lib/python3.12/site-packages/airflow/example_dags/example_inlet_event_extra.py
[2026-07-25T09:08:38.170+0000] {logging_mixin.py:190} INFO - [2026-07-25T09:08:38.170+0000] {dag.py:3239} INFO - Sync 2 DAGs
[2026-07-25T09:08:38.183+0000] {logging_mixin.py:190} INFO - [2026-07-25T09:08:38.183+0000] {dag.py:4180} INFO - Setting next_dagrun for read_dataset_event to 2026-07-24 00:00:00+00:00, run_after=2026-07-25 00:00:00+00:00
[2026-07-25T09:08:38.186+0000] {logging_mixin.py:190} INFO - [2026-07-25T09:08:38.186+0000] {dag.py:4180} INFO - Setting next_dagrun for read_dataset_event_from_classic to 2026-07-24 00:00:00+00:00, run_after=2026-07-25 00:00:00+00:00
[2026-07-25T09:08:38.197+0000] {processor.py:208} INFO - Processing /home/airflow/.local/lib/python3.12/site-packages/airflow/example_dags/example_inlet_event_extra.py took 3.455 seconds
[2026-07-25T09:09:08.783+0000] {processor.py:186} INFO - Started process (PID=427) to work on /home/airflow/.local/lib/python3.12/site-packages/airflow/example_dags/example_inlet_event_extra.py
[2026-07-25T09:09:08.784+0000] {processor.py:914} INFO - Processing file /home/airflow/.local/lib/python3.12/site-packages/airflow/example_dags/example_inlet_event_extra.py for tasks to queue
[2026-07-25T09:09:08.786+0000] {logging_mixin.py:190} INFO - [2026-07-25T09:09:08.786+0000] {dagbag.py:588} INFO - Filling up the DagBag from /home/airflow/.local/lib/python3.12/site-packages/airflow/example_dags/example_inlet_event_extra.py
[2026-07-25T09:09:12.383+0000] {processor.py:925} INFO - DAG(s) 'read_dataset_event_from_classic', 'read_dataset_event' retrieved from /home/airflow/.local/lib/python3.12/site-packages/airflow/example_dags/example_inlet_event_extra.py
[2026-07-25T09:09:12.396+0000] {logging_mixin.py:190} INFO - [2026-07-25T09:09:12.396+0000] {dag.py:3239} INFO - Sync 2 DAGs
[2026-07-25T09:09:12.409+0000] {logging_mixin.py:190} INFO - [2026-07-25T09:09:12.409+0000] {dag.py:4180} INFO - Setting next_dagrun for read_dataset_event to 2026-07-24 00:00:00+00:00, run_after=2026-07-25 00:00:00+00:00
[2026-07-25T09:09:12.412+0000] {logging_mixin.py:190} INFO - [2026-07-25T09:09:12.412+0000] {dag.py:4180} INFO - Setting next_dagrun for read_dataset_event_from_classic to 2026-07-24 00:00:00+00:00, run_after=2026-07-25 00:00:00+00:00
[2026-07-25T09:09:12.424+0000] {processor.py:208} INFO - Processing /home/airflow/.local/lib/python3.12/site-packages/airflow/example_dags/example_inlet_event_extra.py took 3.644 seconds
[2026-07-25T09:09:42.648+0000] {processor.py:186} INFO - Started process (PID=490) to work on /home/airflow/.local/lib/python3.12/site-packages/airflow/example_dags/example_inlet_event_extra.py
[2026-07-25T09:09:42.649+0000] {processor.py:914} INFO - Processing file /home/airflow/.local/lib/python3.12/site-packages/airflow/example_dags/example_inlet_event_extra.py for tasks to queue
[2026-07-25T09:09:42.651+0000] {logging_mixin.py:190} INFO - [2026-07-25T09:09:42.650+0000] {dagbag.py:588} INFO - Filling up the DagBag from /home/airflow/.local/lib/python3.12/site-packages/airflow/example_dags/example_inlet_event_extra.py
[2026-07-25T09:09:45.926+0000] {processor.py:925} INFO - DAG(s) 'read_dataset_event_from_classic', 'read_dataset_event' retrieved from /home/airflow/.local/lib/python3.12/site-packages/airflow/example_dags/example_inlet_event_extra.py
[2026-07-25T09:09:45.941+0000] {logging_mixin.py:190} INFO - [2026-07-25T09:09:45.940+0000] {dag.py:3239} INFO - Sync 2 DAGs
[2026-07-25T09:09:45.954+0000] {logging_mixin.py:190} INFO - [2026-07-25T09:09:45.953+0000] {dag.py:4180} INFO - Setting next_dagrun for read_dataset_event to 2026-07-24 00:00:00+00:00, run_after=2026-07-25 00:00:00+00:00
[2026-07-25T09:09:45.956+0000] {logging_mixin.py:190} INFO - [2026-07-25T09:09:45.956+0000] {dag.py:4180} INFO - Setting next_dagrun for read_dataset_event_from_classic to 2026-07-24 00:00:00+00:00, run_after=2026-07-25 00:00:00+00:00
[2026-07-25T09:09:45.966+0000] {processor.py:208} INFO - Processing /home/airflow/.local/lib/python3.12/site-packages/airflow/example_dags/example_inlet_event_extra.py took 3.322 seconds
[2026-07-25T09:10:16.570+0000] {processor.py:186} INFO - Started process (PID=561) to work on /home/airflow/.local/lib/python3.12/site-packages/airflow/example_dags/example_inlet_event_extra.py
[2026-07-25T09:10:16.571+0000] {processor.py:914} INFO - Processing file /home/airflow/.local/lib/python3.12/site-packages/airflow/example_dags/example_inlet_event_extra.py for tasks to queue
[2026-07-25T09:10:16.574+0000] {logging_mixin.py:190} INFO - [2026-07-25T09:10:16.573+0000] {dagbag.py:588} INFO - Filling up the DagBag from /home/airflow/.local/lib/python3.12/site-packages/airflow/example_dags/example_inlet_event_extra.py
[2026-07-25T09:10:20.013+0000] {processor.py:925} INFO - DAG(s) 'read_dataset_event_from_classic', 'read_dataset_event' retrieved from /home/airflow/.local/lib/python3.12/site-packages/airflow/example_dags/example_inlet_event_extra.py
[2026-07-25T09:10:20.025+0000] {logging_mixin.py:190} INFO - [2026-07-25T09:10:20.025+0000] {dag.py:3239} INFO - Sync 2 DAGs
[2026-07-25T09:10:20.039+0000] {logging_mixin.py:190} INFO - [2026-07-25T09:10:20.039+0000] {dag.py:4180} INFO - Setting next_dagrun for read_dataset_event to 2026-07-24 00:00:00+00:00, run_after=2026-07-25 00:00:00+00:00
[2026-07-25T09:10:20.042+0000] {logging_mixin.py:190} INFO - [2026-07-25T09:10:20.042+0000] {dag.py:4180} INFO - Setting next_dagrun for read_dataset_event_from_classic to 2026-07-24 00:00:00+00:00, run_after=2026-07-25 00:00:00+00:00
[2026-07-25T09:10:20.051+0000] {processor.py:208} INFO - Processing /home/airflow/.local/lib/python3.12/site-packages/airflow/example_dags/example_inlet_event_extra.py took 3.484 seconds
[2026-07-25T09:10:51.428+0000] {processor.py:186} INFO - Started process (PID=640) to work on /home/airflow/.local/lib/python3.12/site-packages/airflow/example_dags/example_inlet_event_extra.py
[2026-07-25T09:10:51.429+0000] {processor.py:914} INFO - Processing file /home/airflow/.local/lib/python3.12/site-packages/airflow/example_dags/example_inlet_event_extra.py for tasks to queue
[2026-07-25T09:10:51.431+0000] {logging_mixin.py:190} INFO - [2026-07-25T09:10:51.431+0000] {dagbag.py:588} INFO - Filling up the DagBag from /home/airflow/.local/lib/python3.12/site-packages/airflow/example_dags/example_inlet_event_extra.py
[2026-07-25T09:10:55.096+0000] {processor.py:925} INFO - DAG(s) 'read_dataset_event_from_classic', 'read_dataset_event' retrieved from /home/airflow/.local/lib/python3.12/site-packages/airflow/example_dags/example_inlet_event_extra.py
[2026-07-25T09:10:55.110+0000] {logging_mixin.py:190} INFO - [2026-07-25T09:10:55.109+0000] {dag.py:3239} INFO - Sync 2 DAGs
[2026-07-25T09:10:55.122+0000] {logging_mixin.py:190} INFO - [2026-07-25T09:10:55.122+0000] {dag.py:4180} INFO - Setting next_dagrun for read_dataset_event to 2026-07-24 00:00:00+00:00, run_after=2026-07-25 00:00:00+00:00
[2026-07-25T09:10:55.126+0000] {logging_mixin.py:190} INFO - [2026-07-25T09:10:55.126+0000] {dag.py:4180} INFO - Setting next_dagrun for read_dataset_event_from_classic to 2026-07-24 00:00:00+00:00, run_after=2026-07-25 00:00:00+00:00
[2026-07-25T09:10:55.135+0000] {processor.py:208} INFO - Processing /home/airflow/.local/lib/python3.12/site-packages/airflow/example_dags/example_inlet_event_extra.py took 3.711 seconds
[2026-07-25T09:11:25.995+0000] {processor.py:186} INFO - Started process (PID=712) to work on /home/airflow/.local/lib/python3.12/site-packages/airflow/example_dags/example_inlet_event_extra.py
[2026-07-25T09:11:25.996+0000] {processor.py:914} INFO - Processing file /home/airflow/.local/lib/python3.12/site-packages/airflow/example_dags/example_inlet_event_extra.py for tasks to queue
[2026-07-25T09:11:25.998+0000] {logging_mixin.py:190} INFO - [2026-07-25T09:11:25.998+0000] {dagbag.py:588} INFO - Filling up the DagBag from /home/airflow/.local/lib/python3.12/site-packages/airflow/example_dags/example_inlet_event_extra.py
[2026-07-25T09:11:29.494+0000] {processor.py:925} INFO - DAG(s) 'read_dataset_event', 'read_dataset_event_from_classic' retrieved from /home/airflow/.local/lib/python3.12/site-packages/airflow/example_dags/example_inlet_event_extra.py
[2026-07-25T09:11:29.507+0000] {logging_mixin.py:190} INFO - [2026-07-25T09:11:29.507+0000] {dag.py:3239} INFO - Sync 2 DAGs
[2026-07-25T09:11:29.520+0000] {logging_mixin.py:190} INFO - [2026-07-25T09:11:29.520+0000] {dag.py:4180} INFO - Setting next_dagrun for read_dataset_event to 2026-07-24 00:00:00+00:00, run_after=2026-07-25 00:00:00+00:00
[2026-07-25T09:11:29.523+0000] {logging_mixin.py:190} INFO - [2026-07-25T09:11:29.523+0000] {dag.py:4180} INFO - Setting next_dagrun for read_dataset_event_from_classic to 2026-07-24 00:00:00+00:00, run_after=2026-07-25 00:00:00+00:00
[2026-07-25T09:11:29.533+0000] {processor.py:208} INFO - Processing /home/airflow/.local/lib/python3.12/site-packages/airflow/example_dags/example_inlet_event_extra.py took 3.541 seconds
[2026-07-25T09:12:00.670+0000] {processor.py:186} INFO - Started process (PID=779) to work on /home/airflow/.local/lib/python3.12/site-packages/airflow/example_dags/example_inlet_event_extra.py
[2026-07-25T09:12:00.671+0000] {processor.py:914} INFO - Processing file /home/airflow/.local/lib/python3.12/site-packages/airflow/example_dags/example_inlet_event_extra.py for tasks to queue
[2026-07-25T09:12:00.672+0000] {logging_mixin.py:190} INFO - [2026-07-25T09:12:00.672+0000] {dagbag.py:588} INFO - Filling up the DagBag from /home/airflow/.local/lib/python3.12/site-packages/airflow/example_dags/example_inlet_event_extra.py
[2026-07-25T09:12:04.301+0000] {processor.py:925} INFO - DAG(s) 'read_dataset_event', 'read_dataset_event_from_classic' retrieved from /home/airflow/.local/lib/python3.12/site-packages/airflow/example_dags/example_inlet_event_extra.py
[2026-07-25T09:12:04.316+0000] {logging_mixin.py:190} INFO - [2026-07-25T09:12:04.315+0000] {dag.py:3239} INFO - Sync 2 DAGs
[2026-07-25T09:12:04.328+0000] {logging_mixin.py:190} INFO - [2026-07-25T09:12:04.328+0000] {dag.py:4180} INFO - Setting next_dagrun for read_dataset_event to 2026-07-24 00:00:00+00:00, run_after=2026-07-25 00:00:00+00:00
[2026-07-25T09:12:04.331+0000] {logging_mixin.py:190} INFO - [2026-07-25T09:12:04.331+0000] {dag.py:4180} INFO - Setting next_dagrun for read_dataset_event_from_classic to 2026-07-24 00:00:00+00:00, run_after=2026-07-25 00:00:00+00:00
[2026-07-25T09:12:04.341+0000] {processor.py:208} INFO - Processing /home/airflow/.local/lib/python3.12/site-packages/airflow/example_dags/example_inlet_event_extra.py took 3.675 seconds
[2026-07-25T09:12:35.188+0000] {processor.py:186} INFO - Started process (PID=842) to work on /home/airflow/.local/lib/python3.12/site-packages/airflow/example_dags/example_inlet_event_extra.py
[2026-07-25T09:12:35.189+0000] {processor.py:914} INFO - Processing file /home/airflow/.local/lib/python3.12/site-packages/airflow/example_dags/example_inlet_event_extra.py for tasks to queue
[2026-07-25T09:12:35.191+0000] {logging_mixin.py:190} INFO - [2026-07-25T09:12:35.191+0000] {dagbag.py:588} INFO - Filling up the DagBag from /home/airflow/.local/lib/python3.12/site-packages/airflow/example_dags/example_inlet_event_extra.py
[2026-07-25T09:12:38.740+0000] {processor.py:925} INFO - DAG(s) 'read_dataset_event_from_classic', 'read_dataset_event' retrieved from /home/airflow/.local/lib/python3.12/site-packages/airflow/example_dags/example_inlet_event_extra.py
[2026-07-25T09:12:38.753+0000] {logging_mixin.py:190} INFO - [2026-07-25T09:12:38.752+0000] {dag.py:3239} INFO - Sync 2 DAGs
[2026-07-25T09:12:38.764+0000] {logging_mixin.py:190} INFO - [2026-07-25T09:12:38.764+0000] {dag.py:4180} INFO - Setting next_dagrun for read_dataset_event to 2026-07-24 00:00:00+00:00, run_after=2026-07-25 00:00:00+00:00
[2026-07-25T09:12:38.767+0000] {logging_mixin.py:190} INFO - [2026-07-25T09:12:38.767+0000] {dag.py:4180} INFO - Setting next_dagrun for read_dataset_event_from_classic to 2026-07-24 00:00:00+00:00, run_after=2026-07-25 00:00:00+00:00
[2026-07-25T09:12:38.778+0000] {processor.py:208} INFO - Processing /home/airflow/.local/lib/python3.12/site-packages/airflow/example_dags/example_inlet_event_extra.py took 3.594 seconds
[2026-07-25T09:13:08.944+0000] {processor.py:186} INFO - Started process (PID=912) to work on /home/airflow/.local/lib/python3.12/site-packages/airflow/example_dags/example_inlet_event_extra.py
[2026-07-25T09:13:08.945+0000] {processor.py:914} INFO - Processing file /home/airflow/.local/lib/python3.12/site-packages/airflow/example_dags/example_inlet_event_extra.py for tasks to queue
[2026-07-25T09:13:08.947+0000] {logging_mixin.py:190} INFO - [2026-07-25T09:13:08.947+0000] {dagbag.py:588} INFO - Filling up the DagBag from /home/airflow/.local/lib/python3.12/site-packages/airflow/example_dags/example_inlet_event_extra.py
[2026-07-25T09:13:12.636+0000] {processor.py:925} INFO - DAG(s) 'read_dataset_event', 'read_dataset_event_from_classic' retrieved from /home/airflow/.local/lib/python3.12/site-packages/airflow/example_dags/example_inlet_event_extra.py
[2026-07-25T09:13:12.650+0000] {logging_mixin.py:190} INFO - [2026-07-25T09:13:12.650+0000] {dag.py:3239} INFO - Sync 2 DAGs
[2026-07-25T09:13:12.664+0000] {logging_mixin.py:190} INFO - [2026-07-25T09:13:12.664+0000] {dag.py:4180} INFO - Setting next_dagrun for read_dataset_event to 2026-07-24 00:00:00+00:00, run_after=2026-07-25 00:00:00+00:00
[2026-07-25T09:13:12.667+0000] {logging_mixin.py:190} INFO - [2026-07-25T09:13:12.667+0000] {dag.py:4180} INFO - Setting next_dagrun for read_dataset_event_from_classic to 2026-07-24 00:00:00+00:00, run_after=2026-07-25 00:00:00+00:00
[2026-07-25T09:13:12.676+0000] {processor.py:208} INFO - Processing /home/airflow/.local/lib/python3.12/site-packages/airflow/example_dags/example_inlet_event_extra.py took 3.736 seconds
[2026-07-25T09:13:42.774+0000] {processor.py:186} INFO - Started process (PID=980) to work on /home/airflow/.local/lib/python3.12/site-packages/airflow/example_dags/example_inlet_event_extra.py
[2026-07-25T09:13:42.775+0000] {processor.py:914} INFO - Processing file /home/airflow/.local/lib/python3.12/site-packages/airflow/example_dags/example_inlet_event_extra.py for tasks to queue
[2026-07-25T09:13:42.777+0000] {logging_mixin.py:190} INFO - [2026-07-25T09:13:42.777+0000] {dagbag.py:588} INFO - Filling up the DagBag from /home/airflow/.local/lib/python3.12/site-packages/airflow/example_dags/example_inlet_event_extra.py
[2026-07-25T09:13:46.229+0000] {processor.py:925} INFO - DAG(s) 'read_dataset_event', 'read_dataset_event_from_classic' retrieved from /home/airflow/.local/lib/python3.12/site-packages/airflow/example_dags/example_inlet_event_extra.py
[2026-07-25T09:13:46.243+0000] {logging_mixin.py:190} INFO - [2026-07-25T09:13:46.242+0000] {dag.py:3239} INFO - Sync 2 DAGs
[2026-07-25T09:13:46.256+0000] {logging_mixin.py:190} INFO - [2026-07-25T09:13:46.256+0000] {dag.py:4180} INFO - Setting next_dagrun for read_dataset_event to 2026-07-24 00:00:00+00:00, run_after=2026-07-25 00:00:00+00:00
[2026-07-25T09:13:46.259+0000] {logging_mixin.py:190} INFO - [2026-07-25T09:13:46.259+0000] {dag.py:4180} INFO - Setting next_dagrun for read_dataset_event_from_classic to 2026-07-24 00:00:00+00:00, run_after=2026-07-25 00:00:00+00:00
[2026-07-25T09:13:46.268+0000] {processor.py:208} INFO - Processing /home/airflow/.local/lib/python3.12/site-packages/airflow/example_dags/example_inlet_event_extra.py took 3.498 seconds
[2026-07-25T09:14:16.533+0000] {processor.py:186} INFO - Started process (PID=1055) to work on /home/airflow/.local/lib/python3.12/site-packages/airflow/example_dags/example_inlet_event_extra.py
[2026-07-25T09:14:16.534+0000] {processor.py:914} INFO - Processing file /home/airflow/.local/lib/python3.12/site-packages/airflow/example_dags/example_inlet_event_extra.py for tasks to queue
[2026-07-25T09:14:16.536+0000] {logging_mixin.py:190} INFO - [2026-07-25T09:14:16.535+0000] {dagbag.py:588} INFO - Filling up the DagBag from /home/airflow/.local/lib/python3.12/site-packages/airflow/example_dags/example_inlet_event_extra.py
[2026-07-25T09:14:19.712+0000] {processor.py:925} INFO - DAG(s) 'read_dataset_event', 'read_dataset_event_from_classic' retrieved from /home/airflow/.local/lib/python3.12/site-packages/airflow/example_dags/example_inlet_event_extra.py
[2026-07-25T09:14:19.724+0000] {logging_mixin.py:190} INFO - [2026-07-25T09:14:19.724+0000] {dag.py:3239} INFO - Sync 2 DAGs
[2026-07-25T09:14:19.737+0000] {logging_mixin.py:190} INFO - [2026-07-25T09:14:19.737+0000] {dag.py:4180} INFO - Setting next_dagrun for read_dataset_event to 2026-07-24 00:00:00+00:00, run_after=2026-07-25 00:00:00+00:00
[2026-07-25T09:14:19.740+0000] {logging_mixin.py:190} INFO - [2026-07-25T09:14:19.740+0000] {dag.py:4180} INFO - Setting next_dagrun for read_dataset_event_from_classic to 2026-07-24 00:00:00+00:00, run_after=2026-07-25 00:00:00+00:00
[2026-07-25T09:14:19.750+0000] {processor.py:208} INFO - Processing /home/airflow/.local/lib/python3.12/site-packages/airflow/example_dags/example_inlet_event_extra.py took 3.220 seconds
[2026-07-25T09:15:37.936+0000] {processor.py:186} INFO - Started process (PID=92) to work on /home/airflow/.local/lib/python3.12/site-packages/airflow/example_dags/example_inlet_event_extra.py
[2026-07-25T09:15:37.936+0000] {processor.py:914} INFO - Processing file /home/airflow/.local/lib/python3.12/site-packages/airflow/example_dags/example_inlet_event_extra.py for tasks to queue
[2026-07-25T09:15:37.938+0000] {logging_mixin.py:190} INFO - [2026-07-25T09:15:37.938+0000] {dagbag.py:588} INFO - Filling up the DagBag from /home/airflow/.local/lib/python3.12/site-packages/airflow/example_dags/example_inlet_event_extra.py
[2026-07-25T09:15:41.518+0000] {processor.py:925} INFO - DAG(s) 'read_dataset_event_from_classic', 'read_dataset_event' retrieved from /home/airflow/.local/lib/python3.12/site-packages/airflow/example_dags/example_inlet_event_extra.py
[2026-07-25T09:15:41.535+0000] {logging_mixin.py:190} INFO - [2026-07-25T09:15:41.535+0000] {dag.py:3239} INFO - Sync 2 DAGs
[2026-07-25T09:15:41.550+0000] {logging_mixin.py:190} INFO - [2026-07-25T09:15:41.549+0000] {dag.py:4180} INFO - Setting next_dagrun for read_dataset_event to 2026-07-24 00:00:00+00:00, run_after=2026-07-25 00:00:00+00:00
[2026-07-25T09:15:41.553+0000] {logging_mixin.py:190} INFO - [2026-07-25T09:15:41.553+0000] {dag.py:4180} INFO - Setting next_dagrun for read_dataset_event_from_classic to 2026-07-24 00:00:00+00:00, run_after=2026-07-25 00:00:00+00:00
[2026-07-25T09:15:41.565+0000] {processor.py:208} INFO - Processing /home/airflow/.local/lib/python3.12/site-packages/airflow/example_dags/example_inlet_event_extra.py took 3.633 seconds
[2026-07-25T09:16:11.654+0000] {processor.py:186} INFO - Started process (PID=164) to work on /home/airflow/.local/lib/python3.12/site-packages/airflow/example_dags/example_inlet_event_extra.py
[2026-07-25T09:16:11.655+0000] {processor.py:914} INFO - Processing file /home/airflow/.local/lib/python3.12/site-packages/airflow/example_dags/example_inlet_event_extra.py for tasks to queue
[2026-07-25T09:16:11.656+0000] {logging_mixin.py:190} INFO - [2026-07-25T09:16:11.656+0000] {dagbag.py:588} INFO - Filling up the DagBag from /home/airflow/.local/lib/python3.12/site-packages/airflow/example_dags/example_inlet_event_extra.py
[2026-07-25T09:16:15.104+0000] {processor.py:925} INFO - DAG(s) 'read_dataset_event_from_classic', 'read_dataset_event' retrieved from /home/airflow/.local/lib/python3.12/site-packages/airflow/example_dags/example_inlet_event_extra.py
[2026-07-25T09:16:15.119+0000] {logging_mixin.py:190} INFO - [2026-07-25T09:16:15.119+0000] {dag.py:3239} INFO - Sync 2 DAGs
[2026-07-25T09:16:15.133+0000] {logging_mixin.py:190} INFO - [2026-07-25T09:16:15.133+0000] {dag.py:4180} INFO - Setting next_dagrun for read_dataset_event to 2026-07-24 00:00:00+00:00, run_after=2026-07-25 00:00:00+00:00
[2026-07-25T09:16:15.135+0000] {logging_mixin.py:190} INFO - [2026-07-25T09:16:15.135+0000] {dag.py:4180} INFO - Setting next_dagrun for read_dataset_event_from_classic to 2026-07-24 00:00:00+00:00, run_after=2026-07-25 00:00:00+00:00
[2026-07-25T09:16:15.145+0000] {processor.py:208} INFO - Processing /home/airflow/.local/lib/python3.12/site-packages/airflow/example_dags/example_inlet_event_extra.py took 3.495 seconds
[2026-07-25T09:16:45.557+0000] {processor.py:186} INFO - Started process (PID=231) to work on /home/airflow/.local/lib/python3.12/site-packages/airflow/example_dags/example_inlet_event_extra.py
[2026-07-25T09:16:45.558+0000] {processor.py:914} INFO - Processing file /home/airflow/.local/lib/python3.12/site-packages/airflow/example_dags/example_inlet_event_extra.py for tasks to queue
[2026-07-25T09:16:45.560+0000] {logging_mixin.py:190} INFO - [2026-07-25T09:16:45.560+0000] {dagbag.py:588} INFO - Filling up the DagBag from /home/airflow/.local/lib/python3.12/site-packages/airflow/example_dags/example_inlet_event_extra.py
[2026-07-25T09:16:48.730+0000] {processor.py:925} INFO - DAG(s) 'read_dataset_event', 'read_dataset_event_from_classic' retrieved from /home/airflow/.local/lib/python3.12/site-packages/airflow/example_dags/example_inlet_event_extra.py
[2026-07-25T09:16:48.744+0000] {logging_mixin.py:190} INFO - [2026-07-25T09:16:48.744+0000] {dag.py:3239} INFO - Sync 2 DAGs
[2026-07-25T09:16:48.758+0000] {logging_mixin.py:190} INFO - [2026-07-25T09:16:48.758+0000] {dag.py:4180} INFO - Setting next_dagrun for read_dataset_event to 2026-07-24 00:00:00+00:00, run_after=2026-07-25 00:00:00+00:00
[2026-07-25T09:16:48.761+0000] {logging_mixin.py:190} INFO - [2026-07-25T09:16:48.761+0000] {dag.py:4180} INFO - Setting next_dagrun for read_dataset_event_from_classic to 2026-07-24 00:00:00+00:00, run_after=2026-07-25 00:00:00+00:00
[2026-07-25T09:16:48.771+0000] {processor.py:208} INFO - Processing /home/airflow/.local/lib/python3.12/site-packages/airflow/example_dags/example_inlet_event_extra.py took 3.217 seconds
[2026-07-25T09:17:19.311+0000] {processor.py:186} INFO - Started process (PID=294) to work on /home/airflow/.local/lib/python3.12/site-packages/airflow/example_dags/example_inlet_event_extra.py
[2026-07-25T09:17:19.312+0000] {processor.py:914} INFO - Processing file /home/airflow/.local/lib/python3.12/site-packages/airflow/example_dags/example_inlet_event_extra.py for tasks to queue
[2026-07-25T09:17:19.314+0000] {logging_mixin.py:190} INFO - [2026-07-25T09:17:19.314+0000] {dagbag.py:588} INFO - Filling up the DagBag from /home/airflow/.local/lib/python3.12/site-packages/airflow/example_dags/example_inlet_event_extra.py
[2026-07-25T09:17:22.732+0000] {processor.py:925} INFO - DAG(s) 'read_dataset_event_from_classic', 'read_dataset_event' retrieved from /home/airflow/.local/lib/python3.12/site-packages/airflow/example_dags/example_inlet_event_extra.py
[2026-07-25T09:17:22.745+0000] {logging_mixin.py:190} INFO - [2026-07-25T09:17:22.745+0000] {dag.py:3239} INFO - Sync 2 DAGs
[2026-07-25T09:17:22.758+0000] {logging_mixin.py:190} INFO - [2026-07-25T09:17:22.757+0000] {dag.py:4180} INFO - Setting next_dagrun for read_dataset_event to 2026-07-24 00:00:00+00:00, run_after=2026-07-25 00:00:00+00:00
[2026-07-25T09:17:22.760+0000] {logging_mixin.py:190} INFO - [2026-07-25T09:17:22.760+0000] {dag.py:4180} INFO - Setting next_dagrun for read_dataset_event_from_classic to 2026-07-24 00:00:00+00:00, run_after=2026-07-25 00:00:00+00:00
[2026-07-25T09:17:22.771+0000] {processor.py:208} INFO - Processing /home/airflow/.local/lib/python3.12/site-packages/airflow/example_dags/example_inlet_event_extra.py took 3.463 seconds
[2026-07-25T09:17:53.362+0000] {processor.py:186} INFO - Started process (PID=357) to work on /home/airflow/.local/lib/python3.12/site-packages/airflow/example_dags/example_inlet_event_extra.py
[2026-07-25T09:17:53.362+0000] {processor.py:914} INFO - Processing file /home/airflow/.local/lib/python3.12/site-packages/airflow/example_dags/example_inlet_event_extra.py for tasks to queue
[2026-07-25T09:17:53.364+0000] {logging_mixin.py:190} INFO - [2026-07-25T09:17:53.364+0000] {dagbag.py:588} INFO - Filling up the DagBag from /home/airflow/.local/lib/python3.12/site-packages/airflow/example_dags/example_inlet_event_extra.py
[2026-07-25T09:17:56.748+0000] {processor.py:925} INFO - DAG(s) 'read_dataset_event_from_classic', 'read_dataset_event' retrieved from /home/airflow/.local/lib/python3.12/site-packages/airflow/example_dags/example_inlet_event_extra.py
[2026-07-25T09:17:56.761+0000] {logging_mixin.py:190} INFO - [2026-07-25T09:17:56.761+0000] {dag.py:3239} INFO - Sync 2 DAGs
[2026-07-25T09:17:56.773+0000] {logging_mixin.py:190} INFO - [2026-07-25T09:17:56.773+0000] {dag.py:4180} INFO - Setting next_dagrun for read_dataset_event to 2026-07-24 00:00:00+00:00, run_after=2026-07-25 00:00:00+00:00
[2026-07-25T09:17:56.777+0000] {logging_mixin.py:190} INFO - [2026-07-25T09:17:56.776+0000] {dag.py:4180} INFO - Setting next_dagrun for read_dataset_event_from_classic to 2026-07-24 00:00:00+00:00, run_after=2026-07-25 00:00:00+00:00
[2026-07-25T09:17:56.786+0000] {processor.py:208} INFO - Processing /home/airflow/.local/lib/python3.12/site-packages/airflow/example_dags/example_inlet_event_extra.py took 3.427 seconds
[2026-07-25T09:18:27.492+0000] {processor.py:186} INFO - Started process (PID=419) to work on /home/airflow/.local/lib/python3.12/site-packages/airflow/example_dags/example_inlet_event_extra.py
[2026-07-25T09:18:27.493+0000] {processor.py:914} INFO - Processing file /home/airflow/.local/lib/python3.12/site-packages/airflow/example_dags/example_inlet_event_extra.py for tasks to queue
[2026-07-25T09:18:27.495+0000] {logging_mixin.py:190} INFO - [2026-07-25T09:18:27.495+0000] {dagbag.py:588} INFO - Filling up the DagBag from /home/airflow/.local/lib/python3.12/site-packages/airflow/example_dags/example_inlet_event_extra.py
[2026-07-25T09:18:31.013+0000] {processor.py:925} INFO - DAG(s) 'read_dataset_event', 'read_dataset_event_from_classic' retrieved from /home/airflow/.local/lib/python3.12/site-packages/airflow/example_dags/example_inlet_event_extra.py
[2026-07-25T09:18:31.026+0000] {logging_mixin.py:190} INFO - [2026-07-25T09:18:31.026+0000] {dag.py:3239} INFO - Sync 2 DAGs
[2026-07-25T09:18:31.039+0000] {logging_mixin.py:190} INFO - [2026-07-25T09:18:31.039+0000] {dag.py:4180} INFO - Setting next_dagrun for read_dataset_event to 2026-07-24 00:00:00+00:00, run_after=2026-07-25 00:00:00+00:00
[2026-07-25T09:18:31.042+0000] {logging_mixin.py:190} INFO - [2026-07-25T09:18:31.042+0000] {dag.py:4180} INFO - Setting next_dagrun for read_dataset_event_from_classic to 2026-07-24 00:00:00+00:00, run_after=2026-07-25 00:00:00+00:00
[2026-07-25T09:18:31.052+0000] {processor.py:208} INFO - Processing /home/airflow/.local/lib/python3.12/site-packages/airflow/example_dags/example_inlet_event_extra.py took 3.565 seconds
[2026-07-25T09:19:01.342+0000] {processor.py:186} INFO - Started process (PID=491) to work on /home/airflow/.local/lib/python3.12/site-packages/airflow/example_dags/example_inlet_event_extra.py
[2026-07-25T09:19:01.343+0000] {processor.py:914} INFO - Processing file /home/airflow/.local/lib/python3.12/site-packages/airflow/example_dags/example_inlet_event_extra.py for tasks to queue
[2026-07-25T09:19:01.345+0000] {logging_mixin.py:190} INFO - [2026-07-25T09:19:01.345+0000] {dagbag.py:588} INFO - Filling up the DagBag from /home/airflow/.local/lib/python3.12/site-packages/airflow/example_dags/example_inlet_event_extra.py
[2026-07-25T09:19:04.859+0000] {processor.py:925} INFO - DAG(s) 'read_dataset_event_from_classic', 'read_dataset_event' retrieved from /home/airflow/.local/lib/python3.12/site-packages/airflow/example_dags/example_inlet_event_extra.py
[2026-07-25T09:19:04.872+0000] {logging_mixin.py:190} INFO - [2026-07-25T09:19:04.872+0000] {dag.py:3239} INFO - Sync 2 DAGs
[2026-07-25T09:19:04.886+0000] {logging_mixin.py:190} INFO - [2026-07-25T09:19:04.886+0000] {dag.py:4180} INFO - Setting next_dagrun for read_dataset_event to 2026-07-24 00:00:00+00:00, run_after=2026-07-25 00:00:00+00:00
[2026-07-25T09:19:04.889+0000] {logging_mixin.py:190} INFO - [2026-07-25T09:19:04.889+0000] {dag.py:4180} INFO - Setting next_dagrun for read_dataset_event_from_classic to 2026-07-24 00:00:00+00:00, run_after=2026-07-25 00:00:00+00:00
[2026-07-25T09:19:04.900+0000] {processor.py:208} INFO - Processing /home/airflow/.local/lib/python3.12/site-packages/airflow/example_dags/example_inlet_event_extra.py took 3.561 seconds
[2026-07-25T09:20:50.096+0000] {processor.py:186} INFO - Started process (PID=92) to work on /home/airflow/.local/lib/python3.12/site-packages/airflow/example_dags/example_inlet_event_extra.py
[2026-07-25T09:20:50.097+0000] {processor.py:914} INFO - Processing file /home/airflow/.local/lib/python3.12/site-packages/airflow/example_dags/example_inlet_event_extra.py for tasks to queue
[2026-07-25T09:20:50.101+0000] {logging_mixin.py:190} INFO - [2026-07-25T09:20:50.100+0000] {dagbag.py:588} INFO - Filling up the DagBag from /home/airflow/.local/lib/python3.12/site-packages/airflow/example_dags/example_inlet_event_extra.py
[2026-07-25T09:20:54.192+0000] {processor.py:925} INFO - DAG(s) 'read_dataset_event_from_classic', 'read_dataset_event' retrieved from /home/airflow/.local/lib/python3.12/site-packages/airflow/example_dags/example_inlet_event_extra.py
[2026-07-25T09:20:54.219+0000] {logging_mixin.py:190} INFO - [2026-07-25T09:20:54.219+0000] {dag.py:3239} INFO - Sync 2 DAGs
[2026-07-25T09:20:54.237+0000] {logging_mixin.py:190} INFO - [2026-07-25T09:20:54.237+0000] {dag.py:4180} INFO - Setting next_dagrun for read_dataset_event to 2026-07-24 00:00:00+00:00, run_after=2026-07-25 00:00:00+00:00
[2026-07-25T09:20:54.240+0000] {logging_mixin.py:190} INFO - [2026-07-25T09:20:54.240+0000] {dag.py:4180} INFO - Setting next_dagrun for read_dataset_event_from_classic to 2026-07-24 00:00:00+00:00, run_after=2026-07-25 00:00:00+00:00
[2026-07-25T09:20:54.255+0000] {processor.py:208} INFO - Processing /home/airflow/.local/lib/python3.12/site-packages/airflow/example_dags/example_inlet_event_extra.py took 4.163 seconds
[2026-07-25T09:21:24.430+0000] {processor.py:186} INFO - Started process (PID=164) to work on /home/airflow/.local/lib/python3.12/site-packages/airflow/example_dags/example_inlet_event_extra.py
[2026-07-25T09:21:24.431+0000] {processor.py:914} INFO - Processing file /home/airflow/.local/lib/python3.12/site-packages/airflow/example_dags/example_inlet_event_extra.py for tasks to queue
[2026-07-25T09:21:24.433+0000] {logging_mixin.py:190} INFO - [2026-07-25T09:21:24.433+0000] {dagbag.py:588} INFO - Filling up the DagBag from /home/airflow/.local/lib/python3.12/site-packages/airflow/example_dags/example_inlet_event_extra.py
[2026-07-25T09:21:27.643+0000] {processor.py:925} INFO - DAG(s) 'read_dataset_event', 'read_dataset_event_from_classic' retrieved from /home/airflow/.local/lib/python3.12/site-packages/airflow/example_dags/example_inlet_event_extra.py
[2026-07-25T09:21:27.660+0000] {logging_mixin.py:190} INFO - [2026-07-25T09:21:27.660+0000] {dag.py:3239} INFO - Sync 2 DAGs
[2026-07-25T09:21:27.674+0000] {logging_mixin.py:190} INFO - [2026-07-25T09:21:27.674+0000] {dag.py:4180} INFO - Setting next_dagrun for read_dataset_event to 2026-07-24 00:00:00+00:00, run_after=2026-07-25 00:00:00+00:00
[2026-07-25T09:21:27.678+0000] {logging_mixin.py:190} INFO - [2026-07-25T09:21:27.678+0000] {dag.py:4180} INFO - Setting next_dagrun for read_dataset_event_from_classic to 2026-07-24 00:00:00+00:00, run_after=2026-07-25 00:00:00+00:00
[2026-07-25T09:21:27.688+0000] {processor.py:208} INFO - Processing /home/airflow/.local/lib/python3.12/site-packages/airflow/example_dags/example_inlet_event_extra.py took 3.262 seconds
[2026-07-25T09:21:57.983+0000] {processor.py:186} INFO - Started process (PID=234) to work on /home/airflow/.local/lib/python3.12/site-packages/airflow/example_dags/example_inlet_event_extra.py
[2026-07-25T09:21:57.984+0000] {processor.py:914} INFO - Processing file /home/airflow/.local/lib/python3.12/site-packages/airflow/example_dags/example_inlet_event_extra.py for tasks to queue
[2026-07-25T09:21:57.986+0000] {logging_mixin.py:190} INFO - [2026-07-25T09:21:57.986+0000] {dagbag.py:588} INFO - Filling up the DagBag from /home/airflow/.local/lib/python3.12/site-packages/airflow/example_dags/example_inlet_event_extra.py
[2026-07-25T09:22:01.297+0000] {processor.py:925} INFO - DAG(s) 'read_dataset_event', 'read_dataset_event_from_classic' retrieved from /home/airflow/.local/lib/python3.12/site-packages/airflow/example_dags/example_inlet_event_extra.py
[2026-07-25T09:22:01.311+0000] {logging_mixin.py:190} INFO - [2026-07-25T09:22:01.311+0000] {dag.py:3239} INFO - Sync 2 DAGs
[2026-07-25T09:22:01.323+0000] {logging_mixin.py:190} INFO - [2026-07-25T09:22:01.323+0000] {dag.py:4180} INFO - Setting next_dagrun for read_dataset_event to 2026-07-24 00:00:00+00:00, run_after=2026-07-25 00:00:00+00:00
[2026-07-25T09:22:01.326+0000] {logging_mixin.py:190} INFO - [2026-07-25T09:22:01.326+0000] {dag.py:4180} INFO - Setting next_dagrun for read_dataset_event_from_classic to 2026-07-24 00:00:00+00:00, run_after=2026-07-25 00:00:00+00:00
[2026-07-25T09:22:01.337+0000] {processor.py:208} INFO - Processing /home/airflow/.local/lib/python3.12/site-packages/airflow/example_dags/example_inlet_event_extra.py took 3.359 seconds
[2026-07-25T09:22:31.564+0000] {processor.py:186} INFO - Started process (PID=299) to work on /home/airflow/.local/lib/python3.12/site-packages/airflow/example_dags/example_inlet_event_extra.py
[2026-07-25T09:22:31.565+0000] {processor.py:914} INFO - Processing file /home/airflow/.local/lib/python3.12/site-packages/airflow/example_dags/example_inlet_event_extra.py for tasks to queue
[2026-07-25T09:22:31.567+0000] {logging_mixin.py:190} INFO - [2026-07-25T09:22:31.566+0000] {dagbag.py:588} INFO - Filling up the DagBag from /home/airflow/.local/lib/python3.12/site-packages/airflow/example_dags/example_inlet_event_extra.py
[2026-07-25T09:22:35.073+0000] {processor.py:925} INFO - DAG(s) 'read_dataset_event_from_classic', 'read_dataset_event' retrieved from /home/airflow/.local/lib/python3.12/site-packages/airflow/example_dags/example_inlet_event_extra.py
[2026-07-25T09:22:35.086+0000] {logging_mixin.py:190} INFO - [2026-07-25T09:22:35.086+0000] {dag.py:3239} INFO - Sync 2 DAGs
[2026-07-25T09:22:35.099+0000] {logging_mixin.py:190} INFO - [2026-07-25T09:22:35.099+0000] {dag.py:4180} INFO - Setting next_dagrun for read_dataset_event to 2026-07-24 00:00:00+00:00, run_after=2026-07-25 00:00:00+00:00
[2026-07-25T09:22:35.102+0000] {logging_mixin.py:190} INFO - [2026-07-25T09:22:35.102+0000] {dag.py:4180} INFO - Setting next_dagrun for read_dataset_event_from_classic to 2026-07-24 00:00:00+00:00, run_after=2026-07-25 00:00:00+00:00
[2026-07-25T09:22:35.112+0000] {processor.py:208} INFO - Processing /home/airflow/.local/lib/python3.12/site-packages/airflow/example_dags/example_inlet_event_extra.py took 3.551 seconds
[2026-07-25T09:24:01.417+0000] {processor.py:186} INFO - Started process (PID=92) to work on /home/airflow/.local/lib/python3.12/site-packages/airflow/example_dags/example_inlet_event_extra.py
[2026-07-25T09:24:01.418+0000] {processor.py:914} INFO - Processing file /home/airflow/.local/lib/python3.12/site-packages/airflow/example_dags/example_inlet_event_extra.py for tasks to queue
[2026-07-25T09:24:01.420+0000] {logging_mixin.py:190} INFO - [2026-07-25T09:24:01.420+0000] {dagbag.py:588} INFO - Filling up the DagBag from /home/airflow/.local/lib/python3.12/site-packages/airflow/example_dags/example_inlet_event_extra.py
[2026-07-25T09:24:05.297+0000] {processor.py:925} INFO - DAG(s) 'read_dataset_event', 'read_dataset_event_from_classic' retrieved from /home/airflow/.local/lib/python3.12/site-packages/airflow/example_dags/example_inlet_event_extra.py
[2026-07-25T09:24:05.312+0000] {logging_mixin.py:190} INFO - [2026-07-25T09:24:05.312+0000] {dag.py:3239} INFO - Sync 2 DAGs
[2026-07-25T09:24:05.327+0000] {logging_mixin.py:190} INFO - [2026-07-25T09:24:05.327+0000] {dag.py:4180} INFO - Setting next_dagrun for read_dataset_event to 2026-07-24 00:00:00+00:00, run_after=2026-07-25 00:00:00+00:00
[2026-07-25T09:24:05.330+0000] {logging_mixin.py:190} INFO - [2026-07-25T09:24:05.330+0000] {dag.py:4180} INFO - Setting next_dagrun for read_dataset_event_from_classic to 2026-07-24 00:00:00+00:00, run_after=2026-07-25 00:00:00+00:00
[2026-07-25T09:24:05.340+0000] {processor.py:208} INFO - Processing /home/airflow/.local/lib/python3.12/site-packages/airflow/example_dags/example_inlet_event_extra.py took 3.927 seconds
[2026-07-25T09:24:36.114+0000] {processor.py:186} INFO - Started process (PID=169) to work on /home/airflow/.local/lib/python3.12/site-packages/airflow/example_dags/example_inlet_event_extra.py
[2026-07-25T09:24:36.115+0000] {processor.py:914} INFO - Processing file /home/airflow/.local/lib/python3.12/site-packages/airflow/example_dags/example_inlet_event_extra.py for tasks to queue
[2026-07-25T09:24:36.118+0000] {logging_mixin.py:190} INFO - [2026-07-25T09:24:36.118+0000] {dagbag.py:588} INFO - Filling up the DagBag from /home/airflow/.local/lib/python3.12/site-packages/airflow/example_dags/example_inlet_event_extra.py
[2026-07-25T09:24:39.127+0000] {processor.py:925} INFO - DAG(s) 'read_dataset_event_from_classic', 'read_dataset_event' retrieved from /home/airflow/.local/lib/python3.12/site-packages/airflow/example_dags/example_inlet_event_extra.py
[2026-07-25T09:24:39.141+0000] {logging_mixin.py:190} INFO - [2026-07-25T09:24:39.141+0000] {dag.py:3239} INFO - Sync 2 DAGs
[2026-07-25T09:24:39.155+0000] {logging_mixin.py:190} INFO - [2026-07-25T09:24:39.155+0000] {dag.py:4180} INFO - Setting next_dagrun for read_dataset_event to 2026-07-24 00:00:00+00:00, run_after=2026-07-25 00:00:00+00:00
[2026-07-25T09:24:39.158+0000] {logging_mixin.py:190} INFO - [2026-07-25T09:24:39.158+0000] {dag.py:4180} INFO - Setting next_dagrun for read_dataset_event_from_classic to 2026-07-24 00:00:00+00:00, run_after=2026-07-25 00:00:00+00:00
[2026-07-25T09:24:39.168+0000] {processor.py:208} INFO - Processing /home/airflow/.local/lib/python3.12/site-packages/airflow/example_dags/example_inlet_event_extra.py took 3.057 seconds
[2026-07-25T09:25:09.234+0000] {processor.py:186} INFO - Started process (PID=235) to work on /home/airflow/.local/lib/python3.12/site-packages/airflow/example_dags/example_inlet_event_extra.py
[2026-07-25T09:25:09.234+0000] {processor.py:914} INFO - Processing file /home/airflow/.local/lib/python3.12/site-packages/airflow/example_dags/example_inlet_event_extra.py for tasks to queue
[2026-07-25T09:25:09.237+0000] {logging_mixin.py:190} INFO - [2026-07-25T09:25:09.236+0000] {dagbag.py:588} INFO - Filling up the DagBag from /home/airflow/.local/lib/python3.12/site-packages/airflow/example_dags/example_inlet_event_extra.py
[2026-07-25T09:25:12.780+0000] {processor.py:925} INFO - DAG(s) 'read_dataset_event', 'read_dataset_event_from_classic' retrieved from /home/airflow/.local/lib/python3.12/site-packages/airflow/example_dags/example_inlet_event_extra.py
[2026-07-25T09:25:12.795+0000] {logging_mixin.py:190} INFO - [2026-07-25T09:25:12.794+0000] {dag.py:3239} INFO - Sync 2 DAGs
[2026-07-25T09:25:12.808+0000] {logging_mixin.py:190} INFO - [2026-07-25T09:25:12.808+0000] {dag.py:4180} INFO - Setting next_dagrun for read_dataset_event to 2026-07-24 00:00:00+00:00, run_after=2026-07-25 00:00:00+00:00
[2026-07-25T09:25:12.811+0000] {logging_mixin.py:190} INFO - [2026-07-25T09:25:12.811+0000] {dag.py:4180} INFO - Setting next_dagrun for read_dataset_event_from_classic to 2026-07-24 00:00:00+00:00, run_after=2026-07-25 00:00:00+00:00
[2026-07-25T09:25:12.827+0000] {processor.py:208} INFO - Processing /home/airflow/.local/lib/python3.12/site-packages/airflow/example_dags/example_inlet_event_extra.py took 3.597 seconds
[2026-07-25T09:25:43.207+0000] {processor.py:186} INFO - Started process (PID=299) to work on /home/airflow/.local/lib/python3.12/site-packages/airflow/example_dags/example_inlet_event_extra.py
[2026-07-25T09:25:43.208+0000] {processor.py:914} INFO - Processing file /home/airflow/.local/lib/python3.12/site-packages/airflow/example_dags/example_inlet_event_extra.py for tasks to queue
[2026-07-25T09:25:43.211+0000] {logging_mixin.py:190} INFO - [2026-07-25T09:25:43.210+0000] {dagbag.py:588} INFO - Filling up the DagBag from /home/airflow/.local/lib/python3.12/site-packages/airflow/example_dags/example_inlet_event_extra.py
[2026-07-25T09:25:46.747+0000] {processor.py:925} INFO - DAG(s) 'read_dataset_event', 'read_dataset_event_from_classic' retrieved from /home/airflow/.local/lib/python3.12/site-packages/airflow/example_dags/example_inlet_event_extra.py
[2026-07-25T09:25:46.761+0000] {logging_mixin.py:190} INFO - [2026-07-25T09:25:46.761+0000] {dag.py:3239} INFO - Sync 2 DAGs
[2026-07-25T09:25:46.775+0000] {logging_mixin.py:190} INFO - [2026-07-25T09:25:46.774+0000] {dag.py:4180} INFO - Setting next_dagrun for read_dataset_event to 2026-07-24 00:00:00+00:00, run_after=2026-07-25 00:00:00+00:00
[2026-07-25T09:25:46.777+0000] {logging_mixin.py:190} INFO - [2026-07-25T09:25:46.777+0000] {dag.py:4180} INFO - Setting next_dagrun for read_dataset_event_from_classic to 2026-07-24 00:00:00+00:00, run_after=2026-07-25 00:00:00+00:00
[2026-07-25T09:25:46.787+0000] {processor.py:208} INFO - Processing /home/airflow/.local/lib/python3.12/site-packages/airflow/example_dags/example_inlet_event_extra.py took 3.584 seconds
[2026-07-25T09:26:54.753+0000] {processor.py:186} INFO - Started process (PID=92) to work on /home/airflow/.local/lib/python3.12/site-packages/airflow/example_dags/example_inlet_event_extra.py
[2026-07-25T09:26:54.754+0000] {processor.py:914} INFO - Processing file /home/airflow/.local/lib/python3.12/site-packages/airflow/example_dags/example_inlet_event_extra.py for tasks to queue
[2026-07-25T09:26:54.757+0000] {logging_mixin.py:190} INFO - [2026-07-25T09:26:54.756+0000] {dagbag.py:588} INFO - Filling up the DagBag from /home/airflow/.local/lib/python3.12/site-packages/airflow/example_dags/example_inlet_event_extra.py
[2026-07-25T09:26:58.208+0000] {processor.py:925} INFO - DAG(s) 'read_dataset_event', 'read_dataset_event_from_classic' retrieved from /home/airflow/.local/lib/python3.12/site-packages/airflow/example_dags/example_inlet_event_extra.py
[2026-07-25T09:26:58.420+0000] {logging_mixin.py:190} INFO - [2026-07-25T09:26:58.419+0000] {override.py:1932} INFO - Created Permission View: can edit on DAG:read_dataset_event
[2026-07-25T09:26:58.426+0000] {logging_mixin.py:190} INFO - [2026-07-25T09:26:58.426+0000] {override.py:1932} INFO - Created Permission View: can read on DAG:read_dataset_event
[2026-07-25T09:26:58.432+0000] {logging_mixin.py:190} INFO - [2026-07-25T09:26:58.431+0000] {override.py:1932} INFO - Created Permission View: can delete on DAG:read_dataset_event
[2026-07-25T09:26:58.438+0000] {logging_mixin.py:190} INFO - [2026-07-25T09:26:58.438+0000] {override.py:1932} INFO - Created Permission View: menu access on DAG Run:read_dataset_event
[2026-07-25T09:26:58.443+0000] {logging_mixin.py:190} INFO - [2026-07-25T09:26:58.443+0000] {override.py:1932} INFO - Created Permission View: can read on DAG Run:read_dataset_event
[2026-07-25T09:26:58.448+0000] {logging_mixin.py:190} INFO - [2026-07-25T09:26:58.448+0000] {override.py:1932} INFO - Created Permission View: can create on DAG Run:read_dataset_event
[2026-07-25T09:26:58.452+0000] {logging_mixin.py:190} INFO - [2026-07-25T09:26:58.452+0000] {override.py:1932} INFO - Created Permission View: can delete on DAG Run:read_dataset_event
[2026-07-25T09:26:58.461+0000] {logging_mixin.py:190} INFO - [2026-07-25T09:26:58.461+0000] {override.py:1932} INFO - Created Permission View: can edit on DAG:read_dataset_event_from_classic
[2026-07-25T09:26:58.465+0000] {logging_mixin.py:190} INFO - [2026-07-25T09:26:58.465+0000] {override.py:1932} INFO - Created Permission View: can read on DAG:read_dataset_event_from_classic
[2026-07-25T09:26:58.470+0000] {logging_mixin.py:190} INFO - [2026-07-25T09:26:58.470+0000] {override.py:1932} INFO - Created Permission View: can delete on DAG:read_dataset_event_from_classic
[2026-07-25T09:26:58.476+0000] {logging_mixin.py:190} INFO - [2026-07-25T09:26:58.475+0000] {override.py:1932} INFO - Created Permission View: menu access on DAG Run:read_dataset_event_from_classic
[2026-07-25T09:26:58.480+0000] {logging_mixin.py:190} INFO - [2026-07-25T09:26:58.480+0000] {override.py:1932} INFO - Created Permission View: can read on DAG Run:read_dataset_event_from_classic
[2026-07-25T09:26:58.484+0000] {logging_mixin.py:190} INFO - [2026-07-25T09:26:58.484+0000] {override.py:1932} INFO - Created Permission View: can create on DAG Run:read_dataset_event_from_classic
[2026-07-25T09:26:58.489+0000] {logging_mixin.py:190} INFO - [2026-07-25T09:26:58.489+0000] {override.py:1932} INFO - Created Permission View: can delete on DAG Run:read_dataset_event_from_classic
[2026-07-25T09:26:58.490+0000] {logging_mixin.py:190} INFO - [2026-07-25T09:26:58.490+0000] {dag.py:3239} INFO - Sync 2 DAGs
[2026-07-25T09:26:58.497+0000] {logging_mixin.py:190} INFO - [2026-07-25T09:26:58.497+0000] {dag.py:3262} INFO - Creating ORM DAG for read_dataset_event_from_classic
[2026-07-25T09:26:58.498+0000] {logging_mixin.py:190} INFO - [2026-07-25T09:26:58.498+0000] {dag.py:3262} INFO - Creating ORM DAG for read_dataset_event
[2026-07-25T09:26:58.504+0000] {logging_mixin.py:190} INFO - [2026-07-25T09:26:58.504+0000] {dag.py:4180} INFO - Setting next_dagrun for read_dataset_event to 2026-07-24 00:00:00+00:00, run_after=2026-07-25 00:00:00+00:00
[2026-07-25T09:26:58.505+0000] {logging_mixin.py:190} INFO - [2026-07-25T09:26:58.505+0000] {dag.py:4180} INFO - Setting next_dagrun for read_dataset_event_from_classic to 2026-07-24 00:00:00+00:00, run_after=2026-07-25 00:00:00+00:00
[2026-07-25T09:26:58.516+0000] {processor.py:208} INFO - Processing /home/airflow/.local/lib/python3.12/site-packages/airflow/example_dags/example_inlet_event_extra.py took 3.766 seconds
[2026-07-25T09:27:28.939+0000] {processor.py:186} INFO - Started process (PID=167) to work on /home/airflow/.local/lib/python3.12/site-packages/airflow/example_dags/example_inlet_event_extra.py
[2026-07-25T09:27:28.940+0000] {processor.py:914} INFO - Processing file /home/airflow/.local/lib/python3.12/site-packages/airflow/example_dags/example_inlet_event_extra.py for tasks to queue
[2026-07-25T09:27:28.942+0000] {logging_mixin.py:190} INFO - [2026-07-25T09:27:28.942+0000] {dagbag.py:588} INFO - Filling up the DagBag from /home/airflow/.local/lib/python3.12/site-packages/airflow/example_dags/example_inlet_event_extra.py
[2026-07-25T09:27:32.621+0000] {processor.py:925} INFO - DAG(s) 'read_dataset_event', 'read_dataset_event_from_classic' retrieved from /home/airflow/.local/lib/python3.12/site-packages/airflow/example_dags/example_inlet_event_extra.py
[2026-07-25T09:27:32.636+0000] {logging_mixin.py:190} INFO - [2026-07-25T09:27:32.636+0000] {dag.py:3239} INFO - Sync 2 DAGs
[2026-07-25T09:27:32.649+0000] {logging_mixin.py:190} INFO - [2026-07-25T09:27:32.649+0000] {dag.py:4180} INFO - Setting next_dagrun for read_dataset_event to 2026-07-24 00:00:00+00:00, run_after=2026-07-25 00:00:00+00:00
[2026-07-25T09:27:32.652+0000] {logging_mixin.py:190} INFO - [2026-07-25T09:27:32.652+0000] {dag.py:4180} INFO - Setting next_dagrun for read_dataset_event_from_classic to 2026-07-24 00:00:00+00:00, run_after=2026-07-25 00:00:00+00:00
[2026-07-25T09:27:32.672+0000] {processor.py:208} INFO - Processing /home/airflow/.local/lib/python3.12/site-packages/airflow/example_dags/example_inlet_event_extra.py took 3.737 seconds
[2026-07-25T09:28:03.017+0000] {processor.py:186} INFO - Started process (PID=236) to work on /home/airflow/.local/lib/python3.12/site-packages/airflow/example_dags/example_inlet_event_extra.py
[2026-07-25T09:28:03.018+0000] {processor.py:914} INFO - Processing file /home/airflow/.local/lib/python3.12/site-packages/airflow/example_dags/example_inlet_event_extra.py for tasks to queue
[2026-07-25T09:28:03.020+0000] {logging_mixin.py:190} INFO - [2026-07-25T09:28:03.020+0000] {dagbag.py:588} INFO - Filling up the DagBag from /home/airflow/.local/lib/python3.12/site-packages/airflow/example_dags/example_inlet_event_extra.py
[2026-07-25T09:28:06.628+0000] {processor.py:925} INFO - DAG(s) 'read_dataset_event_from_classic', 'read_dataset_event' retrieved from /home/airflow/.local/lib/python3.12/site-packages/airflow/example_dags/example_inlet_event_extra.py
[2026-07-25T09:28:06.641+0000] {logging_mixin.py:190} INFO - [2026-07-25T09:28:06.641+0000] {dag.py:3239} INFO - Sync 2 DAGs
[2026-07-25T09:28:06.654+0000] {logging_mixin.py:190} INFO - [2026-07-25T09:28:06.654+0000] {dag.py:4180} INFO - Setting next_dagrun for read_dataset_event to 2026-07-24 00:00:00+00:00, run_after=2026-07-25 00:00:00+00:00
[2026-07-25T09:28:06.657+0000] {logging_mixin.py:190} INFO - [2026-07-25T09:28:06.657+0000] {dag.py:4180} INFO - Setting next_dagrun for read_dataset_event_from_classic to 2026-07-24 00:00:00+00:00, run_after=2026-07-25 00:00:00+00:00
[2026-07-25T09:28:06.667+0000] {processor.py:208} INFO - Processing /home/airflow/.local/lib/python3.12/site-packages/airflow/example_dags/example_inlet_event_extra.py took 3.653 seconds
[2026-07-25T09:28:36.760+0000] {processor.py:186} INFO - Started process (PID=301) to work on /home/airflow/.local/lib/python3.12/site-packages/airflow/example_dags/example_inlet_event_extra.py
[2026-07-25T09:28:36.761+0000] {processor.py:914} INFO - Processing file /home/airflow/.local/lib/python3.12/site-packages/airflow/example_dags/example_inlet_event_extra.py for tasks to queue
[2026-07-25T09:28:36.763+0000] {logging_mixin.py:190} INFO - [2026-07-25T09:28:36.763+0000] {dagbag.py:588} INFO - Filling up the DagBag from /home/airflow/.local/lib/python3.12/site-packages/airflow/example_dags/example_inlet_event_extra.py
[2026-07-25T09:28:40.419+0000] {processor.py:925} INFO - DAG(s) 'read_dataset_event_from_classic', 'read_dataset_event' retrieved from /home/airflow/.local/lib/python3.12/site-packages/airflow/example_dags/example_inlet_event_extra.py
[2026-07-25T09:28:40.431+0000] {logging_mixin.py:190} INFO - [2026-07-25T09:28:40.431+0000] {dag.py:3239} INFO - Sync 2 DAGs
[2026-07-25T09:28:40.444+0000] {logging_mixin.py:190} INFO - [2026-07-25T09:28:40.443+0000] {dag.py:4180} INFO - Setting next_dagrun for read_dataset_event to 2026-07-24 00:00:00+00:00, run_after=2026-07-25 00:00:00+00:00
[2026-07-25T09:28:40.446+0000] {logging_mixin.py:190} INFO - [2026-07-25T09:28:40.446+0000] {dag.py:4180} INFO - Setting next_dagrun for read_dataset_event_from_classic to 2026-07-24 00:00:00+00:00, run_after=2026-07-25 00:00:00+00:00
[2026-07-25T09:28:40.456+0000] {processor.py:208} INFO - Processing /home/airflow/.local/lib/python3.12/site-packages/airflow/example_dags/example_inlet_event_extra.py took 3.700 seconds
[2026-07-25T09:29:11.023+0000] {processor.py:186} INFO - Started process (PID=364) to work on /home/airflow/.local/lib/python3.12/site-packages/airflow/example_dags/example_inlet_event_extra.py
[2026-07-25T09:29:11.024+0000] {processor.py:914} INFO - Processing file /home/airflow/.local/lib/python3.12/site-packages/airflow/example_dags/example_inlet_event_extra.py for tasks to queue
[2026-07-25T09:29:11.026+0000] {logging_mixin.py:190} INFO - [2026-07-25T09:29:11.026+0000] {dagbag.py:588} INFO - Filling up the DagBag from /home/airflow/.local/lib/python3.12/site-packages/airflow/example_dags/example_inlet_event_extra.py
[2026-07-25T09:29:14.640+0000] {processor.py:925} INFO - DAG(s) 'read_dataset_event', 'read_dataset_event_from_classic' retrieved from /home/airflow/.local/lib/python3.12/site-packages/airflow/example_dags/example_inlet_event_extra.py
[2026-07-25T09:29:14.656+0000] {logging_mixin.py:190} INFO - [2026-07-25T09:29:14.656+0000] {dag.py:3239} INFO - Sync 2 DAGs
[2026-07-25T09:29:14.670+0000] {logging_mixin.py:190} INFO - [2026-07-25T09:29:14.670+0000] {dag.py:4180} INFO - Setting next_dagrun for read_dataset_event to 2026-07-24 00:00:00+00:00, run_after=2026-07-25 00:00:00+00:00
[2026-07-25T09:29:14.672+0000] {logging_mixin.py:190} INFO - [2026-07-25T09:29:14.672+0000] {dag.py:4180} INFO - Setting next_dagrun for read_dataset_event_from_classic to 2026-07-24 00:00:00+00:00, run_after=2026-07-25 00:00:00+00:00
[2026-07-25T09:29:14.695+0000] {processor.py:208} INFO - Processing /home/airflow/.local/lib/python3.12/site-packages/airflow/example_dags/example_inlet_event_extra.py took 3.675 seconds
[2026-07-25T09:29:45.190+0000] {processor.py:186} INFO - Started process (PID=426) to work on /home/airflow/.local/lib/python3.12/site-packages/airflow/example_dags/example_inlet_event_extra.py
[2026-07-25T09:29:45.191+0000] {processor.py:914} INFO - Processing file /home/airflow/.local/lib/python3.12/site-packages/airflow/example_dags/example_inlet_event_extra.py for tasks to queue
[2026-07-25T09:29:45.193+0000] {logging_mixin.py:190} INFO - [2026-07-25T09:29:45.193+0000] {dagbag.py:588} INFO - Filling up the DagBag from /home/airflow/.local/lib/python3.12/site-packages/airflow/example_dags/example_inlet_event_extra.py
[2026-07-25T09:29:48.474+0000] {processor.py:925} INFO - DAG(s) 'read_dataset_event_from_classic', 'read_dataset_event' retrieved from /home/airflow/.local/lib/python3.12/site-packages/airflow/example_dags/example_inlet_event_extra.py
[2026-07-25T09:29:48.491+0000] {logging_mixin.py:190} INFO - [2026-07-25T09:29:48.491+0000] {dag.py:3239} INFO - Sync 2 DAGs
[2026-07-25T09:29:48.507+0000] {logging_mixin.py:190} INFO - [2026-07-25T09:29:48.507+0000] {dag.py:4180} INFO - Setting next_dagrun for read_dataset_event to 2026-07-24 00:00:00+00:00, run_after=2026-07-25 00:00:00+00:00
[2026-07-25T09:29:48.510+0000] {logging_mixin.py:190} INFO - [2026-07-25T09:29:48.510+0000] {dag.py:4180} INFO - Setting next_dagrun for read_dataset_event_from_classic to 2026-07-24 00:00:00+00:00, run_after=2026-07-25 00:00:00+00:00
[2026-07-25T09:29:48.539+0000] {processor.py:208} INFO - Processing /home/airflow/.local/lib/python3.12/site-packages/airflow/example_dags/example_inlet_event_extra.py took 3.353 seconds
[2026-07-25T09:30:19.252+0000] {processor.py:186} INFO - Started process (PID=496) to work on /home/airflow/.local/lib/python3.12/site-packages/airflow/example_dags/example_inlet_event_extra.py
[2026-07-25T09:30:19.253+0000] {processor.py:914} INFO - Processing file /home/airflow/.local/lib/python3.12/site-packages/airflow/example_dags/example_inlet_event_extra.py for tasks to queue
[2026-07-25T09:30:19.255+0000] {logging_mixin.py:190} INFO - [2026-07-25T09:30:19.255+0000] {dagbag.py:588} INFO - Filling up the DagBag from /home/airflow/.local/lib/python3.12/site-packages/airflow/example_dags/example_inlet_event_extra.py
[2026-07-25T09:30:22.380+0000] {processor.py:925} INFO - DAG(s) 'read_dataset_event', 'read_dataset_event_from_classic' retrieved from /home/airflow/.local/lib/python3.12/site-packages/airflow/example_dags/example_inlet_event_extra.py
[2026-07-25T09:30:22.392+0000] {logging_mixin.py:190} INFO - [2026-07-25T09:30:22.392+0000] {dag.py:3239} INFO - Sync 2 DAGs
[2026-07-25T09:30:22.404+0000] {logging_mixin.py:190} INFO - [2026-07-25T09:30:22.404+0000] {dag.py:4180} INFO - Setting next_dagrun for read_dataset_event to 2026-07-24 00:00:00+00:00, run_after=2026-07-25 00:00:00+00:00
[2026-07-25T09:30:22.407+0000] {logging_mixin.py:190} INFO - [2026-07-25T09:30:22.407+0000] {dag.py:4180} INFO - Setting next_dagrun for read_dataset_event_from_classic to 2026-07-24 00:00:00+00:00, run_after=2026-07-25 00:00:00+00:00
[2026-07-25T09:30:22.416+0000] {processor.py:208} INFO - Processing /home/airflow/.local/lib/python3.12/site-packages/airflow/example_dags/example_inlet_event_extra.py took 3.167 seconds
[2026-07-25T09:30:52.489+0000] {processor.py:186} INFO - Started process (PID=569) to work on /home/airflow/.local/lib/python3.12/site-packages/airflow/example_dags/example_inlet_event_extra.py
[2026-07-25T09:30:52.489+0000] {processor.py:914} INFO - Processing file /home/airflow/.local/lib/python3.12/site-packages/airflow/example_dags/example_inlet_event_extra.py for tasks to queue
[2026-07-25T09:30:52.492+0000] {logging_mixin.py:190} INFO - [2026-07-25T09:30:52.491+0000] {dagbag.py:588} INFO - Filling up the DagBag from /home/airflow/.local/lib/python3.12/site-packages/airflow/example_dags/example_inlet_event_extra.py
[2026-07-25T09:30:55.645+0000] {processor.py:925} INFO - DAG(s) 'read_dataset_event_from_classic', 'read_dataset_event' retrieved from /home/airflow/.local/lib/python3.12/site-packages/airflow/example_dags/example_inlet_event_extra.py
[2026-07-25T09:30:55.659+0000] {logging_mixin.py:190} INFO - [2026-07-25T09:30:55.659+0000] {dag.py:3239} INFO - Sync 2 DAGs
[2026-07-25T09:30:55.672+0000] {logging_mixin.py:190} INFO - [2026-07-25T09:30:55.672+0000] {dag.py:4180} INFO - Setting next_dagrun for read_dataset_event to 2026-07-24 00:00:00+00:00, run_after=2026-07-25 00:00:00+00:00
[2026-07-25T09:30:55.675+0000] {logging_mixin.py:190} INFO - [2026-07-25T09:30:55.675+0000] {dag.py:4180} INFO - Setting next_dagrun for read_dataset_event_from_classic to 2026-07-24 00:00:00+00:00, run_after=2026-07-25 00:00:00+00:00
[2026-07-25T09:30:55.685+0000] {processor.py:208} INFO - Processing /home/airflow/.local/lib/python3.12/site-packages/airflow/example_dags/example_inlet_event_extra.py took 3.200 seconds
