[2026-07-25T09:06:13.528+0000] {processor.py:186} INFO - Started process (PID=78) to work on /home/airflow/.local/lib/python3.12/site-packages/airflow/example_dags/tutorial.py
[2026-07-25T09:06:13.529+0000] {processor.py:914} INFO - Processing file /home/airflow/.local/lib/python3.12/site-packages/airflow/example_dags/tutorial.py for tasks to queue
[2026-07-25T09:06:13.531+0000] {logging_mixin.py:190} INFO - [2026-07-25T09:06:13.531+0000] {dagbag.py:588} INFO - Filling up the DagBag from /home/airflow/.local/lib/python3.12/site-packages/airflow/example_dags/tutorial.py
[2026-07-25T09:06:13.537+0000] {processor.py:925} INFO - DAG(s) 'tutorial' retrieved from /home/airflow/.local/lib/python3.12/site-packages/airflow/example_dags/tutorial.py
[2026-07-25T09:06:13.604+0000] {logging_mixin.py:190} INFO - [2026-07-25T09:06:13.604+0000] {override.py:1932} INFO - Created Permission View: can edit on DAG:tutorial
[2026-07-25T09:06:13.611+0000] {logging_mixin.py:190} INFO - [2026-07-25T09:06:13.610+0000] {override.py:1932} INFO - Created Permission View: can read on DAG:tutorial
[2026-07-25T09:06:13.615+0000] {logging_mixin.py:190} INFO - [2026-07-25T09:06:13.615+0000] {override.py:1932} INFO - Created Permission View: can delete on DAG:tutorial
[2026-07-25T09:06:13.622+0000] {logging_mixin.py:190} INFO - [2026-07-25T09:06:13.622+0000] {override.py:1932} INFO - Created Permission View: can create on DAG Run:tutorial
[2026-07-25T09:06:13.627+0000] {logging_mixin.py:190} INFO - [2026-07-25T09:06:13.626+0000] {override.py:1932} INFO - Created Permission View: can read on DAG Run:tutorial
[2026-07-25T09:06:13.631+0000] {logging_mixin.py:190} INFO - [2026-07-25T09:06:13.631+0000] {override.py:1932} INFO - Created Permission View: can delete on DAG Run:tutorial
[2026-07-25T09:06:13.636+0000] {logging_mixin.py:190} INFO - [2026-07-25T09:06:13.635+0000] {override.py:1932} INFO - Created Permission View: menu access on DAG Run:tutorial
[2026-07-25T09:06:13.636+0000] {logging_mixin.py:190} INFO - [2026-07-25T09:06:13.636+0000] {dag.py:3239} INFO - Sync 1 DAGs
[2026-07-25T09:06:13.645+0000] {logging_mixin.py:190} INFO - [2026-07-25T09:06:13.645+0000] {dag.py:3262} INFO - Creating ORM DAG for tutorial
[2026-07-25T09:06:13.651+0000] {logging_mixin.py:190} INFO - [2026-07-25T09:06:13.651+0000] {dag.py:4180} INFO - Setting next_dagrun for tutorial to 2026-07-24 00:00:00+00:00, run_after=2026-07-25 00:00:00+00:00
[2026-07-25T09:06:13.663+0000] {processor.py:208} INFO - Processing /home/airflow/.local/lib/python3.12/site-packages/airflow/example_dags/tutorial.py took 0.138 seconds
[2026-07-25T09:06:43.714+0000] {processor.py:186} INFO - Started process (PID=141) to work on /home/airflow/.local/lib/python3.12/site-packages/airflow/example_dags/tutorial.py
[2026-07-25T09:06:43.715+0000] {processor.py:914} INFO - Processing file /home/airflow/.local/lib/python3.12/site-packages/airflow/example_dags/tutorial.py for tasks to queue
[2026-07-25T09:06:43.717+0000] {logging_mixin.py:190} INFO - [2026-07-25T09:06:43.717+0000] {dagbag.py:588} INFO - Filling up the DagBag from /home/airflow/.local/lib/python3.12/site-packages/airflow/example_dags/tutorial.py
[2026-07-25T09:06:43.723+0000] {processor.py:925} INFO - DAG(s) 'tutorial' retrieved from /home/airflow/.local/lib/python3.12/site-packages/airflow/example_dags/tutorial.py
[2026-07-25T09:06:43.737+0000] {logging_mixin.py:190} INFO - [2026-07-25T09:06:43.737+0000] {dag.py:3239} INFO - Sync 1 DAGs
[2026-07-25T09:06:43.750+0000] {logging_mixin.py:190} INFO - [2026-07-25T09:06:43.750+0000] {dag.py:4180} INFO - Setting next_dagrun for tutorial to 2026-07-24 00:00:00+00:00, run_after=2026-07-25 00:00:00+00:00
[2026-07-25T09:06:43.763+0000] {processor.py:208} INFO - Processing /home/airflow/.local/lib/python3.12/site-packages/airflow/example_dags/tutorial.py took 0.052 seconds
[2026-07-25T09:07:14.731+0000] {processor.py:186} INFO - Started process (PID=204) to work on /home/airflow/.local/lib/python3.12/site-packages/airflow/example_dags/tutorial.py
[2026-07-25T09:07:14.731+0000] {processor.py:914} INFO - Processing file /home/airflow/.local/lib/python3.12/site-packages/airflow/example_dags/tutorial.py for tasks to queue
[2026-07-25T09:07:14.733+0000] {logging_mixin.py:190} INFO - [2026-07-25T09:07:14.733+0000] {dagbag.py:588} INFO - Filling up the DagBag from /home/airflow/.local/lib/python3.12/site-packages/airflow/example_dags/tutorial.py
[2026-07-25T09:07:14.738+0000] {processor.py:925} INFO - DAG(s) 'tutorial' retrieved from /home/airflow/.local/lib/python3.12/site-packages/airflow/example_dags/tutorial.py
[2026-07-25T09:07:14.750+0000] {logging_mixin.py:190} INFO - [2026-07-25T09:07:14.750+0000] {dag.py:3239} INFO - Sync 1 DAGs
[2026-07-25T09:07:14.764+0000] {logging_mixin.py:190} INFO - [2026-07-25T09:07:14.764+0000] {dag.py:4180} INFO - Setting next_dagrun for tutorial to 2026-07-24 00:00:00+00:00, run_after=2026-07-25 00:00:00+00:00
[2026-07-25T09:07:14.776+0000] {processor.py:208} INFO - Processing /home/airflow/.local/lib/python3.12/site-packages/airflow/example_dags/tutorial.py took 0.049 seconds
[2026-07-25T09:07:45.161+0000] {processor.py:186} INFO - Started process (PID=267) to work on /home/airflow/.local/lib/python3.12/site-packages/airflow/example_dags/tutorial.py
[2026-07-25T09:07:45.162+0000] {processor.py:914} INFO - Processing file /home/airflow/.local/lib/python3.12/site-packages/airflow/example_dags/tutorial.py for tasks to queue
[2026-07-25T09:07:45.164+0000] {logging_mixin.py:190} INFO - [2026-07-25T09:07:45.164+0000] {dagbag.py:588} INFO - Filling up the DagBag from /home/airflow/.local/lib/python3.12/site-packages/airflow/example_dags/tutorial.py
[2026-07-25T09:07:45.170+0000] {processor.py:925} INFO - DAG(s) 'tutorial' retrieved from /home/airflow/.local/lib/python3.12/site-packages/airflow/example_dags/tutorial.py
[2026-07-25T09:07:45.183+0000] {logging_mixin.py:190} INFO - [2026-07-25T09:07:45.182+0000] {dag.py:3239} INFO - Sync 1 DAGs
[2026-07-25T09:07:45.198+0000] {logging_mixin.py:190} INFO - [2026-07-25T09:07:45.198+0000] {dag.py:4180} INFO - Setting next_dagrun for tutorial to 2026-07-24 00:00:00+00:00, run_after=2026-07-25 00:00:00+00:00
[2026-07-25T09:07:45.209+0000] {processor.py:208} INFO - Processing /home/airflow/.local/lib/python3.12/site-packages/airflow/example_dags/tutorial.py took 0.051 seconds
[2026-07-25T09:08:15.599+0000] {processor.py:186} INFO - Started process (PID=336) to work on /home/airflow/.local/lib/python3.12/site-packages/airflow/example_dags/tutorial.py
[2026-07-25T09:08:15.600+0000] {processor.py:914} INFO - Processing file /home/airflow/.local/lib/python3.12/site-packages/airflow/example_dags/tutorial.py for tasks to queue
[2026-07-25T09:08:15.602+0000] {logging_mixin.py:190} INFO - [2026-07-25T09:08:15.602+0000] {dagbag.py:588} INFO - Filling up the DagBag from /home/airflow/.local/lib/python3.12/site-packages/airflow/example_dags/tutorial.py
[2026-07-25T09:08:15.607+0000] {processor.py:925} INFO - DAG(s) 'tutorial' retrieved from /home/airflow/.local/lib/python3.12/site-packages/airflow/example_dags/tutorial.py
[2026-07-25T09:08:15.619+0000] {logging_mixin.py:190} INFO - [2026-07-25T09:08:15.619+0000] {dag.py:3239} INFO - Sync 1 DAGs
[2026-07-25T09:08:15.632+0000] {logging_mixin.py:190} INFO - [2026-07-25T09:08:15.632+0000] {dag.py:4180} INFO - Setting next_dagrun for tutorial to 2026-07-24 00:00:00+00:00, run_after=2026-07-25 00:00:00+00:00
[2026-07-25T09:08:15.643+0000] {processor.py:208} INFO - Processing /home/airflow/.local/lib/python3.12/site-packages/airflow/example_dags/tutorial.py took 0.047 seconds
[2026-07-25T09:08:46.482+0000] {processor.py:186} INFO - Started process (PID=399) to work on /home/airflow/.local/lib/python3.12/site-packages/airflow/example_dags/tutorial.py
[2026-07-25T09:08:46.483+0000] {processor.py:914} INFO - Processing file /home/airflow/.local/lib/python3.12/site-packages/airflow/example_dags/tutorial.py for tasks to queue
[2026-07-25T09:08:46.485+0000] {logging_mixin.py:190} INFO - [2026-07-25T09:08:46.485+0000] {dagbag.py:588} INFO - Filling up the DagBag from /home/airflow/.local/lib/python3.12/site-packages/airflow/example_dags/tutorial.py
[2026-07-25T09:08:46.490+0000] {processor.py:925} INFO - DAG(s) 'tutorial' retrieved from /home/airflow/.local/lib/python3.12/site-packages/airflow/example_dags/tutorial.py
[2026-07-25T09:08:46.505+0000] {logging_mixin.py:190} INFO - [2026-07-25T09:08:46.504+0000] {dag.py:3239} INFO - Sync 1 DAGs
[2026-07-25T09:08:46.518+0000] {logging_mixin.py:190} INFO - [2026-07-25T09:08:46.517+0000] {dag.py:4180} INFO - Setting next_dagrun for tutorial to 2026-07-24 00:00:00+00:00, run_after=2026-07-25 00:00:00+00:00
[2026-07-25T09:08:46.530+0000] {processor.py:208} INFO - Processing /home/airflow/.local/lib/python3.12/site-packages/airflow/example_dags/tutorial.py took 0.052 seconds
[2026-07-25T09:09:20.421+0000] {processor.py:186} INFO - Started process (PID=462) to work on /home/airflow/.local/lib/python3.12/site-packages/airflow/example_dags/tutorial.py
[2026-07-25T09:09:20.422+0000] {processor.py:914} INFO - Processing file /home/airflow/.local/lib/python3.12/site-packages/airflow/example_dags/tutorial.py for tasks to queue
[2026-07-25T09:09:20.424+0000] {logging_mixin.py:190} INFO - [2026-07-25T09:09:20.424+0000] {dagbag.py:588} INFO - Filling up the DagBag from /home/airflow/.local/lib/python3.12/site-packages/airflow/example_dags/tutorial.py
[2026-07-25T09:09:20.430+0000] {processor.py:925} INFO - DAG(s) 'tutorial' retrieved from /home/airflow/.local/lib/python3.12/site-packages/airflow/example_dags/tutorial.py
[2026-07-25T09:09:20.443+0000] {logging_mixin.py:190} INFO - [2026-07-25T09:09:20.443+0000] {dag.py:3239} INFO - Sync 1 DAGs
[2026-07-25T09:09:20.457+0000] {logging_mixin.py:190} INFO - [2026-07-25T09:09:20.457+0000] {dag.py:4180} INFO - Setting next_dagrun for tutorial to 2026-07-24 00:00:00+00:00, run_after=2026-07-25 00:00:00+00:00
[2026-07-25T09:09:20.470+0000] {processor.py:208} INFO - Processing /home/airflow/.local/lib/python3.12/site-packages/airflow/example_dags/tutorial.py took 0.052 seconds
[2026-07-25T09:09:54.388+0000] {processor.py:186} INFO - Started process (PID=525) to work on /home/airflow/.local/lib/python3.12/site-packages/airflow/example_dags/tutorial.py
[2026-07-25T09:09:54.389+0000] {processor.py:914} INFO - Processing file /home/airflow/.local/lib/python3.12/site-packages/airflow/example_dags/tutorial.py for tasks to queue
[2026-07-25T09:09:54.391+0000] {logging_mixin.py:190} INFO - [2026-07-25T09:09:54.391+0000] {dagbag.py:588} INFO - Filling up the DagBag from /home/airflow/.local/lib/python3.12/site-packages/airflow/example_dags/tutorial.py
[2026-07-25T09:09:54.396+0000] {processor.py:925} INFO - DAG(s) 'tutorial' retrieved from /home/airflow/.local/lib/python3.12/site-packages/airflow/example_dags/tutorial.py
[2026-07-25T09:09:54.410+0000] {logging_mixin.py:190} INFO - [2026-07-25T09:09:54.410+0000] {dag.py:3239} INFO - Sync 1 DAGs
[2026-07-25T09:09:54.425+0000] {logging_mixin.py:190} INFO - [2026-07-25T09:09:54.424+0000] {dag.py:4180} INFO - Setting next_dagrun for tutorial to 2026-07-24 00:00:00+00:00, run_after=2026-07-25 00:00:00+00:00
[2026-07-25T09:09:54.439+0000] {processor.py:208} INFO - Processing /home/airflow/.local/lib/python3.12/site-packages/airflow/example_dags/tutorial.py took 0.055 seconds
[2026-07-25T09:10:24.626+0000] {processor.py:186} INFO - Started process (PID=586) to work on /home/airflow/.local/lib/python3.12/site-packages/airflow/example_dags/tutorial.py
[2026-07-25T09:10:24.627+0000] {processor.py:914} INFO - Processing file /home/airflow/.local/lib/python3.12/site-packages/airflow/example_dags/tutorial.py for tasks to queue
[2026-07-25T09:10:24.630+0000] {logging_mixin.py:190} INFO - [2026-07-25T09:10:24.629+0000] {dagbag.py:588} INFO - Filling up the DagBag from /home/airflow/.local/lib/python3.12/site-packages/airflow/example_dags/tutorial.py
[2026-07-25T09:10:24.636+0000] {processor.py:925} INFO - DAG(s) 'tutorial' retrieved from /home/airflow/.local/lib/python3.12/site-packages/airflow/example_dags/tutorial.py
[2026-07-25T09:10:24.650+0000] {logging_mixin.py:190} INFO - [2026-07-25T09:10:24.650+0000] {dag.py:3239} INFO - Sync 1 DAGs
[2026-07-25T09:10:24.666+0000] {logging_mixin.py:190} INFO - [2026-07-25T09:10:24.666+0000] {dag.py:4180} INFO - Setting next_dagrun for tutorial to 2026-07-24 00:00:00+00:00, run_after=2026-07-25 00:00:00+00:00
[2026-07-25T09:10:24.678+0000] {processor.py:208} INFO - Processing /home/airflow/.local/lib/python3.12/site-packages/airflow/example_dags/tutorial.py took 0.057 seconds
[2026-07-25T09:10:55.393+0000] {processor.py:186} INFO - Started process (PID=649) to work on /home/airflow/.local/lib/python3.12/site-packages/airflow/example_dags/tutorial.py
[2026-07-25T09:10:55.394+0000] {processor.py:914} INFO - Processing file /home/airflow/.local/lib/python3.12/site-packages/airflow/example_dags/tutorial.py for tasks to queue
[2026-07-25T09:10:55.396+0000] {logging_mixin.py:190} INFO - [2026-07-25T09:10:55.396+0000] {dagbag.py:588} INFO - Filling up the DagBag from /home/airflow/.local/lib/python3.12/site-packages/airflow/example_dags/tutorial.py
[2026-07-25T09:10:55.401+0000] {processor.py:925} INFO - DAG(s) 'tutorial' retrieved from /home/airflow/.local/lib/python3.12/site-packages/airflow/example_dags/tutorial.py
[2026-07-25T09:10:55.416+0000] {logging_mixin.py:190} INFO - [2026-07-25T09:10:55.416+0000] {dag.py:3239} INFO - Sync 1 DAGs
[2026-07-25T09:10:55.431+0000] {logging_mixin.py:190} INFO - [2026-07-25T09:10:55.431+0000] {dag.py:4180} INFO - Setting next_dagrun for tutorial to 2026-07-24 00:00:00+00:00, run_after=2026-07-25 00:00:00+00:00
[2026-07-25T09:10:55.445+0000] {processor.py:208} INFO - Processing /home/airflow/.local/lib/python3.12/site-packages/airflow/example_dags/tutorial.py took 0.055 seconds
[2026-07-25T09:11:25.924+0000] {processor.py:186} INFO - Started process (PID=710) to work on /home/airflow/.local/lib/python3.12/site-packages/airflow/example_dags/tutorial.py
[2026-07-25T09:11:25.925+0000] {processor.py:914} INFO - Processing file /home/airflow/.local/lib/python3.12/site-packages/airflow/example_dags/tutorial.py for tasks to queue
[2026-07-25T09:11:25.927+0000] {logging_mixin.py:190} INFO - [2026-07-25T09:11:25.927+0000] {dagbag.py:588} INFO - Filling up the DagBag from /home/airflow/.local/lib/python3.12/site-packages/airflow/example_dags/tutorial.py
[2026-07-25T09:11:25.932+0000] {processor.py:925} INFO - DAG(s) 'tutorial' retrieved from /home/airflow/.local/lib/python3.12/site-packages/airflow/example_dags/tutorial.py
[2026-07-25T09:11:25.945+0000] {logging_mixin.py:190} INFO - [2026-07-25T09:11:25.944+0000] {dag.py:3239} INFO - Sync 1 DAGs
[2026-07-25T09:11:25.957+0000] {logging_mixin.py:190} INFO - [2026-07-25T09:11:25.957+0000] {dag.py:4180} INFO - Setting next_dagrun for tutorial to 2026-07-24 00:00:00+00:00, run_after=2026-07-25 00:00:00+00:00
[2026-07-25T09:11:25.968+0000] {processor.py:208} INFO - Processing /home/airflow/.local/lib/python3.12/site-packages/airflow/example_dags/tutorial.py took 0.047 seconds
[2026-07-25T09:11:56.353+0000] {processor.py:186} INFO - Started process (PID=773) to work on /home/airflow/.local/lib/python3.12/site-packages/airflow/example_dags/tutorial.py
[2026-07-25T09:11:56.354+0000] {processor.py:914} INFO - Processing file /home/airflow/.local/lib/python3.12/site-packages/airflow/example_dags/tutorial.py for tasks to queue
[2026-07-25T09:11:56.356+0000] {logging_mixin.py:190} INFO - [2026-07-25T09:11:56.356+0000] {dagbag.py:588} INFO - Filling up the DagBag from /home/airflow/.local/lib/python3.12/site-packages/airflow/example_dags/tutorial.py
[2026-07-25T09:11:56.362+0000] {processor.py:925} INFO - DAG(s) 'tutorial' retrieved from /home/airflow/.local/lib/python3.12/site-packages/airflow/example_dags/tutorial.py
[2026-07-25T09:11:56.376+0000] {logging_mixin.py:190} INFO - [2026-07-25T09:11:56.376+0000] {dag.py:3239} INFO - Sync 1 DAGs
[2026-07-25T09:11:56.391+0000] {logging_mixin.py:190} INFO - [2026-07-25T09:11:56.391+0000] {dag.py:4180} INFO - Setting next_dagrun for tutorial to 2026-07-24 00:00:00+00:00, run_after=2026-07-25 00:00:00+00:00
[2026-07-25T09:11:56.403+0000] {processor.py:208} INFO - Processing /home/airflow/.local/lib/python3.12/site-packages/airflow/example_dags/tutorial.py took 0.054 seconds
[2026-07-25T09:12:27.077+0000] {processor.py:186} INFO - Started process (PID=836) to work on /home/airflow/.local/lib/python3.12/site-packages/airflow/example_dags/tutorial.py
[2026-07-25T09:12:27.078+0000] {processor.py:914} INFO - Processing file /home/airflow/.local/lib/python3.12/site-packages/airflow/example_dags/tutorial.py for tasks to queue
[2026-07-25T09:12:27.079+0000] {logging_mixin.py:190} INFO - [2026-07-25T09:12:27.079+0000] {dagbag.py:588} INFO - Filling up the DagBag from /home/airflow/.local/lib/python3.12/site-packages/airflow/example_dags/tutorial.py
[2026-07-25T09:12:27.085+0000] {processor.py:925} INFO - DAG(s) 'tutorial' retrieved from /home/airflow/.local/lib/python3.12/site-packages/airflow/example_dags/tutorial.py
[2026-07-25T09:12:27.097+0000] {logging_mixin.py:190} INFO - [2026-07-25T09:12:27.097+0000] {dag.py:3239} INFO - Sync 1 DAGs
[2026-07-25T09:12:27.109+0000] {logging_mixin.py:190} INFO - [2026-07-25T09:12:27.109+0000] {dag.py:4180} INFO - Setting next_dagrun for tutorial to 2026-07-24 00:00:00+00:00, run_after=2026-07-25 00:00:00+00:00
[2026-07-25T09:12:27.121+0000] {processor.py:208} INFO - Processing /home/airflow/.local/lib/python3.12/site-packages/airflow/example_dags/tutorial.py took 0.047 seconds
[2026-07-25T09:12:57.172+0000] {processor.py:186} INFO - Started process (PID=898) to work on /home/airflow/.local/lib/python3.12/site-packages/airflow/example_dags/tutorial.py
[2026-07-25T09:12:57.173+0000] {processor.py:914} INFO - Processing file /home/airflow/.local/lib/python3.12/site-packages/airflow/example_dags/tutorial.py for tasks to queue
[2026-07-25T09:12:57.175+0000] {logging_mixin.py:190} INFO - [2026-07-25T09:12:57.174+0000] {dagbag.py:588} INFO - Filling up the DagBag from /home/airflow/.local/lib/python3.12/site-packages/airflow/example_dags/tutorial.py
[2026-07-25T09:12:57.180+0000] {processor.py:925} INFO - DAG(s) 'tutorial' retrieved from /home/airflow/.local/lib/python3.12/site-packages/airflow/example_dags/tutorial.py
[2026-07-25T09:12:57.194+0000] {logging_mixin.py:190} INFO - [2026-07-25T09:12:57.194+0000] {dag.py:3239} INFO - Sync 1 DAGs
[2026-07-25T09:12:57.208+0000] {logging_mixin.py:190} INFO - [2026-07-25T09:12:57.208+0000] {dag.py:4180} INFO - Setting next_dagrun for tutorial to 2026-07-24 00:00:00+00:00, run_after=2026-07-25 00:00:00+00:00
[2026-07-25T09:12:57.220+0000] {processor.py:208} INFO - Processing /home/airflow/.local/lib/python3.12/site-packages/airflow/example_dags/tutorial.py took 0.051 seconds
[2026-07-25T09:13:27.880+0000] {processor.py:186} INFO - Started process (PID=961) to work on /home/airflow/.local/lib/python3.12/site-packages/airflow/example_dags/tutorial.py
[2026-07-25T09:13:27.881+0000] {processor.py:914} INFO - Processing file /home/airflow/.local/lib/python3.12/site-packages/airflow/example_dags/tutorial.py for tasks to queue
[2026-07-25T09:13:27.882+0000] {logging_mixin.py:190} INFO - [2026-07-25T09:13:27.882+0000] {dagbag.py:588} INFO - Filling up the DagBag from /home/airflow/.local/lib/python3.12/site-packages/airflow/example_dags/tutorial.py
[2026-07-25T09:13:27.887+0000] {processor.py:925} INFO - DAG(s) 'tutorial' retrieved from /home/airflow/.local/lib/python3.12/site-packages/airflow/example_dags/tutorial.py
[2026-07-25T09:13:27.899+0000] {logging_mixin.py:190} INFO - [2026-07-25T09:13:27.899+0000] {dag.py:3239} INFO - Sync 1 DAGs
[2026-07-25T09:13:27.912+0000] {logging_mixin.py:190} INFO - [2026-07-25T09:13:27.912+0000] {dag.py:4180} INFO - Setting next_dagrun for tutorial to 2026-07-24 00:00:00+00:00, run_after=2026-07-25 00:00:00+00:00
[2026-07-25T09:13:27.924+0000] {processor.py:208} INFO - Processing /home/airflow/.local/lib/python3.12/site-packages/airflow/example_dags/tutorial.py took 0.048 seconds
[2026-07-25T09:13:59.426+0000] {processor.py:186} INFO - Started process (PID=1024) to work on /home/airflow/.local/lib/python3.12/site-packages/airflow/example_dags/tutorial.py
[2026-07-25T09:13:59.427+0000] {processor.py:914} INFO - Processing file /home/airflow/.local/lib/python3.12/site-packages/airflow/example_dags/tutorial.py for tasks to queue
[2026-07-25T09:13:59.429+0000] {logging_mixin.py:190} INFO - [2026-07-25T09:13:59.428+0000] {dagbag.py:588} INFO - Filling up the DagBag from /home/airflow/.local/lib/python3.12/site-packages/airflow/example_dags/tutorial.py
[2026-07-25T09:13:59.434+0000] {processor.py:925} INFO - DAG(s) 'tutorial' retrieved from /home/airflow/.local/lib/python3.12/site-packages/airflow/example_dags/tutorial.py
[2026-07-25T09:13:59.447+0000] {logging_mixin.py:190} INFO - [2026-07-25T09:13:59.447+0000] {dag.py:3239} INFO - Sync 1 DAGs
[2026-07-25T09:13:59.460+0000] {logging_mixin.py:190} INFO - [2026-07-25T09:13:59.460+0000] {dag.py:4180} INFO - Setting next_dagrun for tutorial to 2026-07-24 00:00:00+00:00, run_after=2026-07-25 00:00:00+00:00
[2026-07-25T09:13:59.471+0000] {processor.py:208} INFO - Processing /home/airflow/.local/lib/python3.12/site-packages/airflow/example_dags/tutorial.py took 0.049 seconds
[2026-07-25T09:14:29.920+0000] {processor.py:186} INFO - Started process (PID=1082) to work on /home/airflow/.local/lib/python3.12/site-packages/airflow/example_dags/tutorial.py
[2026-07-25T09:14:29.921+0000] {processor.py:914} INFO - Processing file /home/airflow/.local/lib/python3.12/site-packages/airflow/example_dags/tutorial.py for tasks to queue
[2026-07-25T09:14:29.923+0000] {logging_mixin.py:190} INFO - [2026-07-25T09:14:29.923+0000] {dagbag.py:588} INFO - Filling up the DagBag from /home/airflow/.local/lib/python3.12/site-packages/airflow/example_dags/tutorial.py
[2026-07-25T09:14:29.930+0000] {processor.py:925} INFO - DAG(s) 'tutorial' retrieved from /home/airflow/.local/lib/python3.12/site-packages/airflow/example_dags/tutorial.py
[2026-07-25T09:14:29.943+0000] {logging_mixin.py:190} INFO - [2026-07-25T09:14:29.943+0000] {dag.py:3239} INFO - Sync 1 DAGs
[2026-07-25T09:14:29.957+0000] {logging_mixin.py:190} INFO - [2026-07-25T09:14:29.957+0000] {dag.py:4180} INFO - Setting next_dagrun for tutorial to 2026-07-24 00:00:00+00:00, run_after=2026-07-25 00:00:00+00:00
[2026-07-25T09:14:29.969+0000] {processor.py:208} INFO - Processing /home/airflow/.local/lib/python3.12/site-packages/airflow/example_dags/tutorial.py took 0.052 seconds
[2026-07-25T09:15:33.452+0000] {processor.py:186} INFO - Started process (PID=78) to work on /home/airflow/.local/lib/python3.12/site-packages/airflow/example_dags/tutorial.py
[2026-07-25T09:15:33.453+0000] {processor.py:914} INFO - Processing file /home/airflow/.local/lib/python3.12/site-packages/airflow/example_dags/tutorial.py for tasks to queue
[2026-07-25T09:15:33.455+0000] {logging_mixin.py:190} INFO - [2026-07-25T09:15:33.455+0000] {dagbag.py:588} INFO - Filling up the DagBag from /home/airflow/.local/lib/python3.12/site-packages/airflow/example_dags/tutorial.py
[2026-07-25T09:15:33.461+0000] {processor.py:925} INFO - DAG(s) 'tutorial' retrieved from /home/airflow/.local/lib/python3.12/site-packages/airflow/example_dags/tutorial.py
[2026-07-25T09:15:33.488+0000] {logging_mixin.py:190} INFO - [2026-07-25T09:15:33.488+0000] {dag.py:3239} INFO - Sync 1 DAGs
[2026-07-25T09:15:33.514+0000] {logging_mixin.py:190} INFO - [2026-07-25T09:15:33.514+0000] {dag.py:4180} INFO - Setting next_dagrun for tutorial to 2026-07-24 00:00:00+00:00, run_after=2026-07-25 00:00:00+00:00
[2026-07-25T09:15:33.534+0000] {processor.py:208} INFO - Processing /home/airflow/.local/lib/python3.12/site-packages/airflow/example_dags/tutorial.py took 0.085 seconds
[2026-07-25T09:16:03.581+0000] {processor.py:186} INFO - Started process (PID=141) to work on /home/airflow/.local/lib/python3.12/site-packages/airflow/example_dags/tutorial.py
[2026-07-25T09:16:03.582+0000] {processor.py:914} INFO - Processing file /home/airflow/.local/lib/python3.12/site-packages/airflow/example_dags/tutorial.py for tasks to queue
[2026-07-25T09:16:03.584+0000] {logging_mixin.py:190} INFO - [2026-07-25T09:16:03.584+0000] {dagbag.py:588} INFO - Filling up the DagBag from /home/airflow/.local/lib/python3.12/site-packages/airflow/example_dags/tutorial.py
[2026-07-25T09:16:03.590+0000] {processor.py:925} INFO - DAG(s) 'tutorial' retrieved from /home/airflow/.local/lib/python3.12/site-packages/airflow/example_dags/tutorial.py
[2026-07-25T09:16:03.605+0000] {logging_mixin.py:190} INFO - [2026-07-25T09:16:03.605+0000] {dag.py:3239} INFO - Sync 1 DAGs
[2026-07-25T09:16:03.619+0000] {logging_mixin.py:190} INFO - [2026-07-25T09:16:03.618+0000] {dag.py:4180} INFO - Setting next_dagrun for tutorial to 2026-07-24 00:00:00+00:00, run_after=2026-07-25 00:00:00+00:00
[2026-07-25T09:16:03.629+0000] {processor.py:208} INFO - Processing /home/airflow/.local/lib/python3.12/site-packages/airflow/example_dags/tutorial.py took 0.052 seconds
[2026-07-25T09:16:34.430+0000] {processor.py:186} INFO - Started process (PID=204) to work on /home/airflow/.local/lib/python3.12/site-packages/airflow/example_dags/tutorial.py
[2026-07-25T09:16:34.431+0000] {processor.py:914} INFO - Processing file /home/airflow/.local/lib/python3.12/site-packages/airflow/example_dags/tutorial.py for tasks to queue
[2026-07-25T09:16:34.433+0000] {logging_mixin.py:190} INFO - [2026-07-25T09:16:34.432+0000] {dagbag.py:588} INFO - Filling up the DagBag from /home/airflow/.local/lib/python3.12/site-packages/airflow/example_dags/tutorial.py
[2026-07-25T09:16:34.439+0000] {processor.py:925} INFO - DAG(s) 'tutorial' retrieved from /home/airflow/.local/lib/python3.12/site-packages/airflow/example_dags/tutorial.py
[2026-07-25T09:16:34.455+0000] {logging_mixin.py:190} INFO - [2026-07-25T09:16:34.455+0000] {dag.py:3239} INFO - Sync 1 DAGs
[2026-07-25T09:16:34.470+0000] {logging_mixin.py:190} INFO - [2026-07-25T09:16:34.470+0000] {dag.py:4180} INFO - Setting next_dagrun for tutorial to 2026-07-24 00:00:00+00:00, run_after=2026-07-25 00:00:00+00:00
[2026-07-25T09:16:34.482+0000] {processor.py:208} INFO - Processing /home/airflow/.local/lib/python3.12/site-packages/airflow/example_dags/tutorial.py took 0.057 seconds
[2026-07-25T09:17:05.081+0000] {processor.py:186} INFO - Started process (PID=267) to work on /home/airflow/.local/lib/python3.12/site-packages/airflow/example_dags/tutorial.py
[2026-07-25T09:17:05.082+0000] {processor.py:914} INFO - Processing file /home/airflow/.local/lib/python3.12/site-packages/airflow/example_dags/tutorial.py for tasks to queue
[2026-07-25T09:17:05.083+0000] {logging_mixin.py:190} INFO - [2026-07-25T09:17:05.083+0000] {dagbag.py:588} INFO - Filling up the DagBag from /home/airflow/.local/lib/python3.12/site-packages/airflow/example_dags/tutorial.py
[2026-07-25T09:17:05.089+0000] {processor.py:925} INFO - DAG(s) 'tutorial' retrieved from /home/airflow/.local/lib/python3.12/site-packages/airflow/example_dags/tutorial.py
[2026-07-25T09:17:05.103+0000] {logging_mixin.py:190} INFO - [2026-07-25T09:17:05.103+0000] {dag.py:3239} INFO - Sync 1 DAGs
[2026-07-25T09:17:05.116+0000] {logging_mixin.py:190} INFO - [2026-07-25T09:17:05.116+0000] {dag.py:4180} INFO - Setting next_dagrun for tutorial to 2026-07-24 00:00:00+00:00, run_after=2026-07-25 00:00:00+00:00
[2026-07-25T09:17:05.130+0000] {processor.py:208} INFO - Processing /home/airflow/.local/lib/python3.12/site-packages/airflow/example_dags/tutorial.py took 0.052 seconds
[2026-07-25T09:17:35.483+0000] {processor.py:186} INFO - Started process (PID=330) to work on /home/airflow/.local/lib/python3.12/site-packages/airflow/example_dags/tutorial.py
[2026-07-25T09:17:35.484+0000] {processor.py:914} INFO - Processing file /home/airflow/.local/lib/python3.12/site-packages/airflow/example_dags/tutorial.py for tasks to queue
[2026-07-25T09:17:35.486+0000] {logging_mixin.py:190} INFO - [2026-07-25T09:17:35.486+0000] {dagbag.py:588} INFO - Filling up the DagBag from /home/airflow/.local/lib/python3.12/site-packages/airflow/example_dags/tutorial.py
[2026-07-25T09:17:35.491+0000] {processor.py:925} INFO - DAG(s) 'tutorial' retrieved from /home/airflow/.local/lib/python3.12/site-packages/airflow/example_dags/tutorial.py
[2026-07-25T09:17:35.504+0000] {logging_mixin.py:190} INFO - [2026-07-25T09:17:35.503+0000] {dag.py:3239} INFO - Sync 1 DAGs
[2026-07-25T09:17:35.517+0000] {logging_mixin.py:190} INFO - [2026-07-25T09:17:35.517+0000] {dag.py:4180} INFO - Setting next_dagrun for tutorial to 2026-07-24 00:00:00+00:00, run_after=2026-07-25 00:00:00+00:00
[2026-07-25T09:17:35.528+0000] {processor.py:208} INFO - Processing /home/airflow/.local/lib/python3.12/site-packages/airflow/example_dags/tutorial.py took 0.048 seconds
[2026-07-25T09:18:05.843+0000] {processor.py:186} INFO - Started process (PID=393) to work on /home/airflow/.local/lib/python3.12/site-packages/airflow/example_dags/tutorial.py
[2026-07-25T09:18:05.844+0000] {processor.py:914} INFO - Processing file /home/airflow/.local/lib/python3.12/site-packages/airflow/example_dags/tutorial.py for tasks to queue
[2026-07-25T09:18:05.846+0000] {logging_mixin.py:190} INFO - [2026-07-25T09:18:05.845+0000] {dagbag.py:588} INFO - Filling up the DagBag from /home/airflow/.local/lib/python3.12/site-packages/airflow/example_dags/tutorial.py
[2026-07-25T09:18:05.851+0000] {processor.py:925} INFO - DAG(s) 'tutorial' retrieved from /home/airflow/.local/lib/python3.12/site-packages/airflow/example_dags/tutorial.py
[2026-07-25T09:18:05.863+0000] {logging_mixin.py:190} INFO - [2026-07-25T09:18:05.863+0000] {dag.py:3239} INFO - Sync 1 DAGs
[2026-07-25T09:18:05.876+0000] {logging_mixin.py:190} INFO - [2026-07-25T09:18:05.875+0000] {dag.py:4180} INFO - Setting next_dagrun for tutorial to 2026-07-24 00:00:00+00:00, run_after=2026-07-25 00:00:00+00:00
[2026-07-25T09:18:05.887+0000] {processor.py:208} INFO - Processing /home/airflow/.local/lib/python3.12/site-packages/airflow/example_dags/tutorial.py took 0.047 seconds
[2026-07-25T09:18:36.682+0000] {processor.py:186} INFO - Started process (PID=455) to work on /home/airflow/.local/lib/python3.12/site-packages/airflow/example_dags/tutorial.py
[2026-07-25T09:18:36.683+0000] {processor.py:914} INFO - Processing file /home/airflow/.local/lib/python3.12/site-packages/airflow/example_dags/tutorial.py for tasks to queue
[2026-07-25T09:18:36.686+0000] {logging_mixin.py:190} INFO - [2026-07-25T09:18:36.685+0000] {dagbag.py:588} INFO - Filling up the DagBag from /home/airflow/.local/lib/python3.12/site-packages/airflow/example_dags/tutorial.py
[2026-07-25T09:18:36.692+0000] {processor.py:925} INFO - DAG(s) 'tutorial' retrieved from /home/airflow/.local/lib/python3.12/site-packages/airflow/example_dags/tutorial.py
[2026-07-25T09:18:36.709+0000] {logging_mixin.py:190} INFO - [2026-07-25T09:18:36.709+0000] {dag.py:3239} INFO - Sync 1 DAGs
[2026-07-25T09:18:36.723+0000] {logging_mixin.py:190} INFO - [2026-07-25T09:18:36.723+0000] {dag.py:4180} INFO - Setting next_dagrun for tutorial to 2026-07-24 00:00:00+00:00, run_after=2026-07-25 00:00:00+00:00
[2026-07-25T09:18:36.735+0000] {processor.py:208} INFO - Processing /home/airflow/.local/lib/python3.12/site-packages/airflow/example_dags/tutorial.py took 0.057 seconds
[2026-07-25T09:19:06.808+0000] {processor.py:186} INFO - Started process (PID=517) to work on /home/airflow/.local/lib/python3.12/site-packages/airflow/example_dags/tutorial.py
[2026-07-25T09:19:06.809+0000] {processor.py:914} INFO - Processing file /home/airflow/.local/lib/python3.12/site-packages/airflow/example_dags/tutorial.py for tasks to queue
[2026-07-25T09:19:06.811+0000] {logging_mixin.py:190} INFO - [2026-07-25T09:19:06.811+0000] {dagbag.py:588} INFO - Filling up the DagBag from /home/airflow/.local/lib/python3.12/site-packages/airflow/example_dags/tutorial.py
[2026-07-25T09:19:06.817+0000] {processor.py:925} INFO - DAG(s) 'tutorial' retrieved from /home/airflow/.local/lib/python3.12/site-packages/airflow/example_dags/tutorial.py
[2026-07-25T09:19:06.832+0000] {logging_mixin.py:190} INFO - [2026-07-25T09:19:06.832+0000] {dag.py:3239} INFO - Sync 1 DAGs
[2026-07-25T09:19:06.850+0000] {logging_mixin.py:190} INFO - [2026-07-25T09:19:06.850+0000] {dag.py:4180} INFO - Setting next_dagrun for tutorial to 2026-07-24 00:00:00+00:00, run_after=2026-07-25 00:00:00+00:00
[2026-07-25T09:19:06.862+0000] {processor.py:208} INFO - Processing /home/airflow/.local/lib/python3.12/site-packages/airflow/example_dags/tutorial.py took 0.057 seconds
[2026-07-25T09:20:44.791+0000] {processor.py:186} INFO - Started process (PID=78) to work on /home/airflow/.local/lib/python3.12/site-packages/airflow/example_dags/tutorial.py
[2026-07-25T09:20:44.793+0000] {processor.py:914} INFO - Processing file /home/airflow/.local/lib/python3.12/site-packages/airflow/example_dags/tutorial.py for tasks to queue
[2026-07-25T09:20:44.799+0000] {logging_mixin.py:190} INFO - [2026-07-25T09:20:44.799+0000] {dagbag.py:588} INFO - Filling up the DagBag from /home/airflow/.local/lib/python3.12/site-packages/airflow/example_dags/tutorial.py
[2026-07-25T09:20:44.809+0000] {processor.py:925} INFO - DAG(s) 'tutorial' retrieved from /home/airflow/.local/lib/python3.12/site-packages/airflow/example_dags/tutorial.py
[2026-07-25T09:20:44.843+0000] {logging_mixin.py:190} INFO - [2026-07-25T09:20:44.843+0000] {dag.py:3239} INFO - Sync 1 DAGs
[2026-07-25T09:20:44.872+0000] {logging_mixin.py:190} INFO - [2026-07-25T09:20:44.872+0000] {dag.py:4180} INFO - Setting next_dagrun for tutorial to 2026-07-24 00:00:00+00:00, run_after=2026-07-25 00:00:00+00:00
[2026-07-25T09:20:44.889+0000] {processor.py:208} INFO - Processing /home/airflow/.local/lib/python3.12/site-packages/airflow/example_dags/tutorial.py took 0.103 seconds
[2026-07-25T09:21:15.720+0000] {processor.py:186} INFO - Started process (PID=141) to work on /home/airflow/.local/lib/python3.12/site-packages/airflow/example_dags/tutorial.py
[2026-07-25T09:21:15.721+0000] {processor.py:914} INFO - Processing file /home/airflow/.local/lib/python3.12/site-packages/airflow/example_dags/tutorial.py for tasks to queue
[2026-07-25T09:21:15.723+0000] {logging_mixin.py:190} INFO - [2026-07-25T09:21:15.723+0000] {dagbag.py:588} INFO - Filling up the DagBag from /home/airflow/.local/lib/python3.12/site-packages/airflow/example_dags/tutorial.py
[2026-07-25T09:21:15.728+0000] {processor.py:925} INFO - DAG(s) 'tutorial' retrieved from /home/airflow/.local/lib/python3.12/site-packages/airflow/example_dags/tutorial.py
[2026-07-25T09:21:15.742+0000] {logging_mixin.py:190} INFO - [2026-07-25T09:21:15.742+0000] {dag.py:3239} INFO - Sync 1 DAGs
[2026-07-25T09:21:15.755+0000] {logging_mixin.py:190} INFO - [2026-07-25T09:21:15.754+0000] {dag.py:4180} INFO - Setting next_dagrun for tutorial to 2026-07-24 00:00:00+00:00, run_after=2026-07-25 00:00:00+00:00
[2026-07-25T09:21:15.767+0000] {processor.py:208} INFO - Processing /home/airflow/.local/lib/python3.12/site-packages/airflow/example_dags/tutorial.py took 0.051 seconds
[2026-07-25T09:21:45.861+0000] {processor.py:186} INFO - Started process (PID=204) to work on /home/airflow/.local/lib/python3.12/site-packages/airflow/example_dags/tutorial.py
[2026-07-25T09:21:45.862+0000] {processor.py:914} INFO - Processing file /home/airflow/.local/lib/python3.12/site-packages/airflow/example_dags/tutorial.py for tasks to queue
[2026-07-25T09:21:45.864+0000] {logging_mixin.py:190} INFO - [2026-07-25T09:21:45.864+0000] {dagbag.py:588} INFO - Filling up the DagBag from /home/airflow/.local/lib/python3.12/site-packages/airflow/example_dags/tutorial.py
[2026-07-25T09:21:45.869+0000] {processor.py:925} INFO - DAG(s) 'tutorial' retrieved from /home/airflow/.local/lib/python3.12/site-packages/airflow/example_dags/tutorial.py
[2026-07-25T09:21:45.883+0000] {logging_mixin.py:190} INFO - [2026-07-25T09:21:45.883+0000] {dag.py:3239} INFO - Sync 1 DAGs
[2026-07-25T09:21:45.897+0000] {logging_mixin.py:190} INFO - [2026-07-25T09:21:45.897+0000] {dag.py:4180} INFO - Setting next_dagrun for tutorial to 2026-07-24 00:00:00+00:00, run_after=2026-07-25 00:00:00+00:00
[2026-07-25T09:21:45.909+0000] {processor.py:208} INFO - Processing /home/airflow/.local/lib/python3.12/site-packages/airflow/example_dags/tutorial.py took 0.053 seconds
[2026-07-25T09:22:16.311+0000] {processor.py:186} INFO - Started process (PID=273) to work on /home/airflow/.local/lib/python3.12/site-packages/airflow/example_dags/tutorial.py
[2026-07-25T09:22:16.311+0000] {processor.py:914} INFO - Processing file /home/airflow/.local/lib/python3.12/site-packages/airflow/example_dags/tutorial.py for tasks to queue
[2026-07-25T09:22:16.313+0000] {logging_mixin.py:190} INFO - [2026-07-25T09:22:16.313+0000] {dagbag.py:588} INFO - Filling up the DagBag from /home/airflow/.local/lib/python3.12/site-packages/airflow/example_dags/tutorial.py
[2026-07-25T09:22:16.318+0000] {processor.py:925} INFO - DAG(s) 'tutorial' retrieved from /home/airflow/.local/lib/python3.12/site-packages/airflow/example_dags/tutorial.py
[2026-07-25T09:22:16.331+0000] {logging_mixin.py:190} INFO - [2026-07-25T09:22:16.331+0000] {dag.py:3239} INFO - Sync 1 DAGs
[2026-07-25T09:22:16.345+0000] {logging_mixin.py:190} INFO - [2026-07-25T09:22:16.345+0000] {dag.py:4180} INFO - Setting next_dagrun for tutorial to 2026-07-24 00:00:00+00:00, run_after=2026-07-25 00:00:00+00:00
[2026-07-25T09:22:16.356+0000] {processor.py:208} INFO - Processing /home/airflow/.local/lib/python3.12/site-packages/airflow/example_dags/tutorial.py took 0.049 seconds
[2026-07-25T09:23:56.718+0000] {processor.py:186} INFO - Started process (PID=78) to work on /home/airflow/.local/lib/python3.12/site-packages/airflow/example_dags/tutorial.py
[2026-07-25T09:23:56.720+0000] {processor.py:914} INFO - Processing file /home/airflow/.local/lib/python3.12/site-packages/airflow/example_dags/tutorial.py for tasks to queue
[2026-07-25T09:23:56.724+0000] {logging_mixin.py:190} INFO - [2026-07-25T09:23:56.723+0000] {dagbag.py:588} INFO - Filling up the DagBag from /home/airflow/.local/lib/python3.12/site-packages/airflow/example_dags/tutorial.py
[2026-07-25T09:23:56.737+0000] {processor.py:925} INFO - DAG(s) 'tutorial' retrieved from /home/airflow/.local/lib/python3.12/site-packages/airflow/example_dags/tutorial.py
[2026-07-25T09:23:56.759+0000] {logging_mixin.py:190} INFO - [2026-07-25T09:23:56.758+0000] {dag.py:3239} INFO - Sync 1 DAGs
[2026-07-25T09:23:56.779+0000] {logging_mixin.py:190} INFO - [2026-07-25T09:23:56.779+0000] {dag.py:4180} INFO - Setting next_dagrun for tutorial to 2026-07-24 00:00:00+00:00, run_after=2026-07-25 00:00:00+00:00
[2026-07-25T09:23:56.810+0000] {processor.py:208} INFO - Processing /home/airflow/.local/lib/python3.12/site-packages/airflow/example_dags/tutorial.py took 0.097 seconds
[2026-07-25T09:24:28.215+0000] {processor.py:186} INFO - Started process (PID=147) to work on /home/airflow/.local/lib/python3.12/site-packages/airflow/example_dags/tutorial.py
[2026-07-25T09:24:28.216+0000] {processor.py:914} INFO - Processing file /home/airflow/.local/lib/python3.12/site-packages/airflow/example_dags/tutorial.py for tasks to queue
[2026-07-25T09:24:28.218+0000] {logging_mixin.py:190} INFO - [2026-07-25T09:24:28.217+0000] {dagbag.py:588} INFO - Filling up the DagBag from /home/airflow/.local/lib/python3.12/site-packages/airflow/example_dags/tutorial.py
[2026-07-25T09:24:28.223+0000] {processor.py:925} INFO - DAG(s) 'tutorial' retrieved from /home/airflow/.local/lib/python3.12/site-packages/airflow/example_dags/tutorial.py
[2026-07-25T09:24:28.235+0000] {logging_mixin.py:190} INFO - [2026-07-25T09:24:28.235+0000] {dag.py:3239} INFO - Sync 1 DAGs
[2026-07-25T09:24:28.247+0000] {logging_mixin.py:190} INFO - [2026-07-25T09:24:28.247+0000] {dag.py:4180} INFO - Setting next_dagrun for tutorial to 2026-07-24 00:00:00+00:00, run_after=2026-07-25 00:00:00+00:00
[2026-07-25T09:24:28.260+0000] {processor.py:208} INFO - Processing /home/airflow/.local/lib/python3.12/site-packages/airflow/example_dags/tutorial.py took 0.048 seconds
[2026-07-25T09:24:58.879+0000] {processor.py:186} INFO - Started process (PID=210) to work on /home/airflow/.local/lib/python3.12/site-packages/airflow/example_dags/tutorial.py
[2026-07-25T09:24:58.880+0000] {processor.py:914} INFO - Processing file /home/airflow/.local/lib/python3.12/site-packages/airflow/example_dags/tutorial.py for tasks to queue
[2026-07-25T09:24:58.882+0000] {logging_mixin.py:190} INFO - [2026-07-25T09:24:58.882+0000] {dagbag.py:588} INFO - Filling up the DagBag from /home/airflow/.local/lib/python3.12/site-packages/airflow/example_dags/tutorial.py
[2026-07-25T09:24:58.887+0000] {processor.py:925} INFO - DAG(s) 'tutorial' retrieved from /home/airflow/.local/lib/python3.12/site-packages/airflow/example_dags/tutorial.py
[2026-07-25T09:24:58.900+0000] {logging_mixin.py:190} INFO - [2026-07-25T09:24:58.900+0000] {dag.py:3239} INFO - Sync 1 DAGs
[2026-07-25T09:24:58.912+0000] {logging_mixin.py:190} INFO - [2026-07-25T09:24:58.912+0000] {dag.py:4180} INFO - Setting next_dagrun for tutorial to 2026-07-24 00:00:00+00:00, run_after=2026-07-25 00:00:00+00:00
[2026-07-25T09:24:58.933+0000] {processor.py:208} INFO - Processing /home/airflow/.local/lib/python3.12/site-packages/airflow/example_dags/tutorial.py took 0.057 seconds
[2026-07-25T09:25:29.862+0000] {processor.py:186} INFO - Started process (PID=273) to work on /home/airflow/.local/lib/python3.12/site-packages/airflow/example_dags/tutorial.py
[2026-07-25T09:25:29.863+0000] {processor.py:914} INFO - Processing file /home/airflow/.local/lib/python3.12/site-packages/airflow/example_dags/tutorial.py for tasks to queue
[2026-07-25T09:25:29.865+0000] {logging_mixin.py:190} INFO - [2026-07-25T09:25:29.865+0000] {dagbag.py:588} INFO - Filling up the DagBag from /home/airflow/.local/lib/python3.12/site-packages/airflow/example_dags/tutorial.py
[2026-07-25T09:25:29.871+0000] {processor.py:925} INFO - DAG(s) 'tutorial' retrieved from /home/airflow/.local/lib/python3.12/site-packages/airflow/example_dags/tutorial.py
[2026-07-25T09:25:29.886+0000] {logging_mixin.py:190} INFO - [2026-07-25T09:25:29.885+0000] {dag.py:3239} INFO - Sync 1 DAGs
[2026-07-25T09:25:29.900+0000] {logging_mixin.py:190} INFO - [2026-07-25T09:25:29.900+0000] {dag.py:4180} INFO - Setting next_dagrun for tutorial to 2026-07-24 00:00:00+00:00, run_after=2026-07-25 00:00:00+00:00
[2026-07-25T09:25:29.911+0000] {processor.py:208} INFO - Processing /home/airflow/.local/lib/python3.12/site-packages/airflow/example_dags/tutorial.py took 0.053 seconds
[2026-07-25T09:26:49.641+0000] {processor.py:186} INFO - Started process (PID=78) to work on /home/airflow/.local/lib/python3.12/site-packages/airflow/example_dags/tutorial.py
[2026-07-25T09:26:49.642+0000] {processor.py:914} INFO - Processing file /home/airflow/.local/lib/python3.12/site-packages/airflow/example_dags/tutorial.py for tasks to queue
[2026-07-25T09:26:49.644+0000] {logging_mixin.py:190} INFO - [2026-07-25T09:26:49.644+0000] {dagbag.py:588} INFO - Filling up the DagBag from /home/airflow/.local/lib/python3.12/site-packages/airflow/example_dags/tutorial.py
[2026-07-25T09:26:49.651+0000] {processor.py:925} INFO - DAG(s) 'tutorial' retrieved from /home/airflow/.local/lib/python3.12/site-packages/airflow/example_dags/tutorial.py
[2026-07-25T09:26:49.726+0000] {logging_mixin.py:190} INFO - [2026-07-25T09:26:49.726+0000] {override.py:1932} INFO - Created Permission View: can edit on DAG:tutorial
[2026-07-25T09:26:49.733+0000] {logging_mixin.py:190} INFO - [2026-07-25T09:26:49.733+0000] {override.py:1932} INFO - Created Permission View: can read on DAG:tutorial
[2026-07-25T09:26:49.739+0000] {logging_mixin.py:190} INFO - [2026-07-25T09:26:49.739+0000] {override.py:1932} INFO - Created Permission View: can delete on DAG:tutorial
[2026-07-25T09:26:49.745+0000] {logging_mixin.py:190} INFO - [2026-07-25T09:26:49.745+0000] {override.py:1932} INFO - Created Permission View: menu access on DAG Run:tutorial
[2026-07-25T09:26:49.751+0000] {logging_mixin.py:190} INFO - [2026-07-25T09:26:49.750+0000] {override.py:1932} INFO - Created Permission View: can read on DAG Run:tutorial
[2026-07-25T09:26:49.756+0000] {logging_mixin.py:190} INFO - [2026-07-25T09:26:49.755+0000] {override.py:1932} INFO - Created Permission View: can create on DAG Run:tutorial
[2026-07-25T09:26:49.760+0000] {logging_mixin.py:190} INFO - [2026-07-25T09:26:49.760+0000] {override.py:1932} INFO - Created Permission View: can delete on DAG Run:tutorial
[2026-07-25T09:26:49.761+0000] {logging_mixin.py:190} INFO - [2026-07-25T09:26:49.761+0000] {dag.py:3239} INFO - Sync 1 DAGs
[2026-07-25T09:26:49.769+0000] {logging_mixin.py:190} INFO - [2026-07-25T09:26:49.769+0000] {dag.py:3262} INFO - Creating ORM DAG for tutorial
[2026-07-25T09:26:49.776+0000] {logging_mixin.py:190} INFO - [2026-07-25T09:26:49.776+0000] {dag.py:4180} INFO - Setting next_dagrun for tutorial to 2026-07-24 00:00:00+00:00, run_after=2026-07-25 00:00:00+00:00
[2026-07-25T09:26:49.787+0000] {processor.py:208} INFO - Processing /home/airflow/.local/lib/python3.12/site-packages/airflow/example_dags/tutorial.py took 0.149 seconds
[2026-07-25T09:27:20.246+0000] {processor.py:186} INFO - Started process (PID=147) to work on /home/airflow/.local/lib/python3.12/site-packages/airflow/example_dags/tutorial.py
[2026-07-25T09:27:20.247+0000] {processor.py:914} INFO - Processing file /home/airflow/.local/lib/python3.12/site-packages/airflow/example_dags/tutorial.py for tasks to queue
[2026-07-25T09:27:20.249+0000] {logging_mixin.py:190} INFO - [2026-07-25T09:27:20.249+0000] {dagbag.py:588} INFO - Filling up the DagBag from /home/airflow/.local/lib/python3.12/site-packages/airflow/example_dags/tutorial.py
[2026-07-25T09:27:20.255+0000] {processor.py:925} INFO - DAG(s) 'tutorial' retrieved from /home/airflow/.local/lib/python3.12/site-packages/airflow/example_dags/tutorial.py
[2026-07-25T09:27:20.269+0000] {logging_mixin.py:190} INFO - [2026-07-25T09:27:20.269+0000] {dag.py:3239} INFO - Sync 1 DAGs
[2026-07-25T09:27:20.282+0000] {logging_mixin.py:190} INFO - [2026-07-25T09:27:20.282+0000] {dag.py:4180} INFO - Setting next_dagrun for tutorial to 2026-07-24 00:00:00+00:00, run_after=2026-07-25 00:00:00+00:00
[2026-07-25T09:27:20.300+0000] {processor.py:208} INFO - Processing /home/airflow/.local/lib/python3.12/site-packages/airflow/example_dags/tutorial.py took 0.057 seconds
[2026-07-25T09:27:50.543+0000] {processor.py:186} INFO - Started process (PID=210) to work on /home/airflow/.local/lib/python3.12/site-packages/airflow/example_dags/tutorial.py
[2026-07-25T09:27:50.544+0000] {processor.py:914} INFO - Processing file /home/airflow/.local/lib/python3.12/site-packages/airflow/example_dags/tutorial.py for tasks to queue
[2026-07-25T09:27:50.545+0000] {logging_mixin.py:190} INFO - [2026-07-25T09:27:50.545+0000] {dagbag.py:588} INFO - Filling up the DagBag from /home/airflow/.local/lib/python3.12/site-packages/airflow/example_dags/tutorial.py
[2026-07-25T09:27:50.551+0000] {processor.py:925} INFO - DAG(s) 'tutorial' retrieved from /home/airflow/.local/lib/python3.12/site-packages/airflow/example_dags/tutorial.py
[2026-07-25T09:27:50.563+0000] {logging_mixin.py:190} INFO - [2026-07-25T09:27:50.563+0000] {dag.py:3239} INFO - Sync 1 DAGs
[2026-07-25T09:27:50.577+0000] {logging_mixin.py:190} INFO - [2026-07-25T09:27:50.577+0000] {dag.py:4180} INFO - Setting next_dagrun for tutorial to 2026-07-24 00:00:00+00:00, run_after=2026-07-25 00:00:00+00:00
[2026-07-25T09:27:50.600+0000] {processor.py:208} INFO - Processing /home/airflow/.local/lib/python3.12/site-packages/airflow/example_dags/tutorial.py took 0.061 seconds
[2026-07-25T09:28:20.958+0000] {processor.py:186} INFO - Started process (PID=273) to work on /home/airflow/.local/lib/python3.12/site-packages/airflow/example_dags/tutorial.py
[2026-07-25T09:28:20.958+0000] {processor.py:914} INFO - Processing file /home/airflow/.local/lib/python3.12/site-packages/airflow/example_dags/tutorial.py for tasks to queue
[2026-07-25T09:28:20.960+0000] {logging_mixin.py:190} INFO - [2026-07-25T09:28:20.960+0000] {dagbag.py:588} INFO - Filling up the DagBag from /home/airflow/.local/lib/python3.12/site-packages/airflow/example_dags/tutorial.py
[2026-07-25T09:28:20.966+0000] {processor.py:925} INFO - DAG(s) 'tutorial' retrieved from /home/airflow/.local/lib/python3.12/site-packages/airflow/example_dags/tutorial.py
[2026-07-25T09:28:20.980+0000] {logging_mixin.py:190} INFO - [2026-07-25T09:28:20.980+0000] {dag.py:3239} INFO - Sync 1 DAGs
[2026-07-25T09:28:20.995+0000] {logging_mixin.py:190} INFO - [2026-07-25T09:28:20.995+0000] {dag.py:4180} INFO - Setting next_dagrun for tutorial to 2026-07-24 00:00:00+00:00, run_after=2026-07-25 00:00:00+00:00
[2026-07-25T09:28:21.011+0000] {processor.py:208} INFO - Processing /home/airflow/.local/lib/python3.12/site-packages/airflow/example_dags/tutorial.py took 0.058 seconds
[2026-07-25T09:28:51.584+0000] {processor.py:186} INFO - Started process (PID=336) to work on /home/airflow/.local/lib/python3.12/site-packages/airflow/example_dags/tutorial.py
[2026-07-25T09:28:51.584+0000] {processor.py:914} INFO - Processing file /home/airflow/.local/lib/python3.12/site-packages/airflow/example_dags/tutorial.py for tasks to queue
[2026-07-25T09:28:51.586+0000] {logging_mixin.py:190} INFO - [2026-07-25T09:28:51.586+0000] {dagbag.py:588} INFO - Filling up the DagBag from /home/airflow/.local/lib/python3.12/site-packages/airflow/example_dags/tutorial.py
[2026-07-25T09:28:51.592+0000] {processor.py:925} INFO - DAG(s) 'tutorial' retrieved from /home/airflow/.local/lib/python3.12/site-packages/airflow/example_dags/tutorial.py
[2026-07-25T09:28:51.605+0000] {logging_mixin.py:190} INFO - [2026-07-25T09:28:51.605+0000] {dag.py:3239} INFO - Sync 1 DAGs
[2026-07-25T09:28:51.619+0000] {logging_mixin.py:190} INFO - [2026-07-25T09:28:51.619+0000] {dag.py:4180} INFO - Setting next_dagrun for tutorial to 2026-07-24 00:00:00+00:00, run_after=2026-07-25 00:00:00+00:00
[2026-07-25T09:28:51.631+0000] {processor.py:208} INFO - Processing /home/airflow/.local/lib/python3.12/site-packages/airflow/example_dags/tutorial.py took 0.052 seconds
[2026-07-25T09:29:23.723+0000] {processor.py:186} INFO - Started process (PID=399) to work on /home/airflow/.local/lib/python3.12/site-packages/airflow/example_dags/tutorial.py
[2026-07-25T09:29:23.724+0000] {processor.py:914} INFO - Processing file /home/airflow/.local/lib/python3.12/site-packages/airflow/example_dags/tutorial.py for tasks to queue
[2026-07-25T09:29:23.726+0000] {logging_mixin.py:190} INFO - [2026-07-25T09:29:23.726+0000] {dagbag.py:588} INFO - Filling up the DagBag from /home/airflow/.local/lib/python3.12/site-packages/airflow/example_dags/tutorial.py
[2026-07-25T09:29:23.731+0000] {processor.py:925} INFO - DAG(s) 'tutorial' retrieved from /home/airflow/.local/lib/python3.12/site-packages/airflow/example_dags/tutorial.py
[2026-07-25T09:29:23.745+0000] {logging_mixin.py:190} INFO - [2026-07-25T09:29:23.744+0000] {dag.py:3239} INFO - Sync 1 DAGs
[2026-07-25T09:29:23.760+0000] {logging_mixin.py:190} INFO - [2026-07-25T09:29:23.760+0000] {dag.py:4180} INFO - Setting next_dagrun for tutorial to 2026-07-24 00:00:00+00:00, run_after=2026-07-25 00:00:00+00:00
[2026-07-25T09:29:23.771+0000] {processor.py:208} INFO - Processing /home/airflow/.local/lib/python3.12/site-packages/airflow/example_dags/tutorial.py took 0.052 seconds
[2026-07-25T09:29:57.379+0000] {processor.py:186} INFO - Started process (PID=462) to work on /home/airflow/.local/lib/python3.12/site-packages/airflow/example_dags/tutorial.py
[2026-07-25T09:29:57.379+0000] {processor.py:914} INFO - Processing file /home/airflow/.local/lib/python3.12/site-packages/airflow/example_dags/tutorial.py for tasks to queue
[2026-07-25T09:29:57.381+0000] {logging_mixin.py:190} INFO - [2026-07-25T09:29:57.381+0000] {dagbag.py:588} INFO - Filling up the DagBag from /home/airflow/.local/lib/python3.12/site-packages/airflow/example_dags/tutorial.py
[2026-07-25T09:29:57.387+0000] {processor.py:925} INFO - DAG(s) 'tutorial' retrieved from /home/airflow/.local/lib/python3.12/site-packages/airflow/example_dags/tutorial.py
[2026-07-25T09:29:57.400+0000] {logging_mixin.py:190} INFO - [2026-07-25T09:29:57.400+0000] {dag.py:3239} INFO - Sync 1 DAGs
[2026-07-25T09:29:57.414+0000] {logging_mixin.py:190} INFO - [2026-07-25T09:29:57.413+0000] {dag.py:4180} INFO - Setting next_dagrun for tutorial to 2026-07-24 00:00:00+00:00, run_after=2026-07-25 00:00:00+00:00
[2026-07-25T09:29:57.425+0000] {processor.py:208} INFO - Processing /home/airflow/.local/lib/python3.12/site-packages/airflow/example_dags/tutorial.py took 0.050 seconds
[2026-07-25T09:30:28.440+0000] {processor.py:186} INFO - Started process (PID=524) to work on /home/airflow/.local/lib/python3.12/site-packages/airflow/example_dags/tutorial.py
[2026-07-25T09:30:28.441+0000] {processor.py:914} INFO - Processing file /home/airflow/.local/lib/python3.12/site-packages/airflow/example_dags/tutorial.py for tasks to queue
[2026-07-25T09:30:28.443+0000] {logging_mixin.py:190} INFO - [2026-07-25T09:30:28.443+0000] {dagbag.py:588} INFO - Filling up the DagBag from /home/airflow/.local/lib/python3.12/site-packages/airflow/example_dags/tutorial.py
[2026-07-25T09:30:28.449+0000] {processor.py:925} INFO - DAG(s) 'tutorial' retrieved from /home/airflow/.local/lib/python3.12/site-packages/airflow/example_dags/tutorial.py
[2026-07-25T09:30:28.463+0000] {logging_mixin.py:190} INFO - [2026-07-25T09:30:28.462+0000] {dag.py:3239} INFO - Sync 1 DAGs
[2026-07-25T09:30:28.476+0000] {logging_mixin.py:190} INFO - [2026-07-25T09:30:28.476+0000] {dag.py:4180} INFO - Setting next_dagrun for tutorial to 2026-07-24 00:00:00+00:00, run_after=2026-07-25 00:00:00+00:00
[2026-07-25T09:30:28.488+0000] {processor.py:208} INFO - Processing /home/airflow/.local/lib/python3.12/site-packages/airflow/example_dags/tutorial.py took 0.051 seconds
