[2026-07-25T09:06:22.939+0000] {processor.py:186} INFO - Started process (PID=111) to work on /home/airflow/.local/lib/python3.12/site-packages/airflow/example_dags/tutorial_dag.py
[2026-07-25T09:06:22.940+0000] {processor.py:914} INFO - Processing file /home/airflow/.local/lib/python3.12/site-packages/airflow/example_dags/tutorial_dag.py for tasks to queue
[2026-07-25T09:06:22.942+0000] {logging_mixin.py:190} INFO - [2026-07-25T09:06:22.942+0000] {dagbag.py:588} INFO - Filling up the DagBag from /home/airflow/.local/lib/python3.12/site-packages/airflow/example_dags/tutorial_dag.py
[2026-07-25T09:06:22.948+0000] {processor.py:925} INFO - DAG(s) 'tutorial_dag' retrieved from /home/airflow/.local/lib/python3.12/site-packages/airflow/example_dags/tutorial_dag.py
[2026-07-25T09:06:23.009+0000] {logging_mixin.py:190} INFO - [2026-07-25T09:06:23.009+0000] {override.py:1932} INFO - Created Permission View: can edit on DAG:tutorial_dag
[2026-07-25T09:06:23.016+0000] {logging_mixin.py:190} INFO - [2026-07-25T09:06:23.015+0000] {override.py:1932} INFO - Created Permission View: can read on DAG:tutorial_dag
[2026-07-25T09:06:23.022+0000] {logging_mixin.py:190} INFO - [2026-07-25T09:06:23.022+0000] {override.py:1932} INFO - Created Permission View: can delete on DAG:tutorial_dag
[2026-07-25T09:06:23.029+0000] {logging_mixin.py:190} INFO - [2026-07-25T09:06:23.029+0000] {override.py:1932} INFO - Created Permission View: can create on DAG Run:tutorial_dag
[2026-07-25T09:06:23.034+0000] {logging_mixin.py:190} INFO - [2026-07-25T09:06:23.034+0000] {override.py:1932} INFO - Created Permission View: can read on DAG Run:tutorial_dag
[2026-07-25T09:06:23.039+0000] {logging_mixin.py:190} INFO - [2026-07-25T09:06:23.039+0000] {override.py:1932} INFO - Created Permission View: can delete on DAG Run:tutorial_dag
[2026-07-25T09:06:23.043+0000] {logging_mixin.py:190} INFO - [2026-07-25T09:06:23.043+0000] {override.py:1932} INFO - Created Permission View: menu access on DAG Run:tutorial_dag
[2026-07-25T09:06:23.044+0000] {logging_mixin.py:190} INFO - [2026-07-25T09:06:23.044+0000] {dag.py:3239} INFO - Sync 1 DAGs
[2026-07-25T09:06:23.051+0000] {logging_mixin.py:190} INFO - [2026-07-25T09:06:23.051+0000] {dag.py:3262} INFO - Creating ORM DAG for tutorial_dag
[2026-07-25T09:06:23.052+0000] {logging_mixin.py:190} INFO - [2026-07-25T09:06:23.052+0000] {dag.py:4180} INFO - Setting next_dagrun for tutorial_dag to None, run_after=None
[2026-07-25T09:06:23.061+0000] {processor.py:208} INFO - Processing /home/airflow/.local/lib/python3.12/site-packages/airflow/example_dags/tutorial_dag.py took 0.125 seconds
[2026-07-25T09:06:55.040+0000] {processor.py:186} INFO - Started process (PID=173) to work on /home/airflow/.local/lib/python3.12/site-packages/airflow/example_dags/tutorial_dag.py
[2026-07-25T09:06:55.041+0000] {processor.py:914} INFO - Processing file /home/airflow/.local/lib/python3.12/site-packages/airflow/example_dags/tutorial_dag.py for tasks to queue
[2026-07-25T09:06:55.044+0000] {logging_mixin.py:190} INFO - [2026-07-25T09:06:55.043+0000] {dagbag.py:588} INFO - Filling up the DagBag from /home/airflow/.local/lib/python3.12/site-packages/airflow/example_dags/tutorial_dag.py
[2026-07-25T09:06:55.048+0000] {processor.py:925} INFO - DAG(s) 'tutorial_dag' retrieved from /home/airflow/.local/lib/python3.12/site-packages/airflow/example_dags/tutorial_dag.py
[2026-07-25T09:06:55.060+0000] {logging_mixin.py:190} INFO - [2026-07-25T09:06:55.060+0000] {dag.py:3239} INFO - Sync 1 DAGs
[2026-07-25T09:06:55.069+0000] {logging_mixin.py:190} INFO - [2026-07-25T09:06:55.069+0000] {dag.py:4180} INFO - Setting next_dagrun for tutorial_dag to None, run_after=None
[2026-07-25T09:06:55.080+0000] {processor.py:208} INFO - Processing /home/airflow/.local/lib/python3.12/site-packages/airflow/example_dags/tutorial_dag.py took 0.043 seconds
[2026-07-25T09:07:29.553+0000] {processor.py:186} INFO - Started process (PID=236) to work on /home/airflow/.local/lib/python3.12/site-packages/airflow/example_dags/tutorial_dag.py
[2026-07-25T09:07:29.554+0000] {processor.py:914} INFO - Processing file /home/airflow/.local/lib/python3.12/site-packages/airflow/example_dags/tutorial_dag.py for tasks to queue
[2026-07-25T09:07:29.556+0000] {logging_mixin.py:190} INFO - [2026-07-25T09:07:29.555+0000] {dagbag.py:588} INFO - Filling up the DagBag from /home/airflow/.local/lib/python3.12/site-packages/airflow/example_dags/tutorial_dag.py
[2026-07-25T09:07:29.560+0000] {processor.py:925} INFO - DAG(s) 'tutorial_dag' retrieved from /home/airflow/.local/lib/python3.12/site-packages/airflow/example_dags/tutorial_dag.py
[2026-07-25T09:07:29.573+0000] {logging_mixin.py:190} INFO - [2026-07-25T09:07:29.573+0000] {dag.py:3239} INFO - Sync 1 DAGs
[2026-07-25T09:07:29.581+0000] {logging_mixin.py:190} INFO - [2026-07-25T09:07:29.581+0000] {dag.py:4180} INFO - Setting next_dagrun for tutorial_dag to None, run_after=None
[2026-07-25T09:07:29.593+0000] {processor.py:208} INFO - Processing /home/airflow/.local/lib/python3.12/site-packages/airflow/example_dags/tutorial_dag.py took 0.043 seconds
[2026-07-25T09:08:00.550+0000] {processor.py:186} INFO - Started process (PID=298) to work on /home/airflow/.local/lib/python3.12/site-packages/airflow/example_dags/tutorial_dag.py
[2026-07-25T09:08:00.551+0000] {processor.py:914} INFO - Processing file /home/airflow/.local/lib/python3.12/site-packages/airflow/example_dags/tutorial_dag.py for tasks to queue
[2026-07-25T09:08:00.553+0000] {logging_mixin.py:190} INFO - [2026-07-25T09:08:00.553+0000] {dagbag.py:588} INFO - Filling up the DagBag from /home/airflow/.local/lib/python3.12/site-packages/airflow/example_dags/tutorial_dag.py
[2026-07-25T09:08:00.558+0000] {processor.py:925} INFO - DAG(s) 'tutorial_dag' retrieved from /home/airflow/.local/lib/python3.12/site-packages/airflow/example_dags/tutorial_dag.py
[2026-07-25T09:08:00.571+0000] {logging_mixin.py:190} INFO - [2026-07-25T09:08:00.571+0000] {dag.py:3239} INFO - Sync 1 DAGs
[2026-07-25T09:08:00.580+0000] {logging_mixin.py:190} INFO - [2026-07-25T09:08:00.580+0000] {dag.py:4180} INFO - Setting next_dagrun for tutorial_dag to None, run_after=None
[2026-07-25T09:08:00.590+0000] {processor.py:208} INFO - Processing /home/airflow/.local/lib/python3.12/site-packages/airflow/example_dags/tutorial_dag.py took 0.043 seconds
[2026-07-25T09:08:30.853+0000] {processor.py:186} INFO - Started process (PID=360) to work on /home/airflow/.local/lib/python3.12/site-packages/airflow/example_dags/tutorial_dag.py
[2026-07-25T09:08:30.854+0000] {processor.py:914} INFO - Processing file /home/airflow/.local/lib/python3.12/site-packages/airflow/example_dags/tutorial_dag.py for tasks to queue
[2026-07-25T09:08:30.856+0000] {logging_mixin.py:190} INFO - [2026-07-25T09:08:30.856+0000] {dagbag.py:588} INFO - Filling up the DagBag from /home/airflow/.local/lib/python3.12/site-packages/airflow/example_dags/tutorial_dag.py
[2026-07-25T09:08:30.861+0000] {processor.py:925} INFO - DAG(s) 'tutorial_dag' retrieved from /home/airflow/.local/lib/python3.12/site-packages/airflow/example_dags/tutorial_dag.py
[2026-07-25T09:08:30.873+0000] {logging_mixin.py:190} INFO - [2026-07-25T09:08:30.873+0000] {dag.py:3239} INFO - Sync 1 DAGs
[2026-07-25T09:08:30.881+0000] {logging_mixin.py:190} INFO - [2026-07-25T09:08:30.881+0000] {dag.py:4180} INFO - Setting next_dagrun for tutorial_dag to None, run_after=None
[2026-07-25T09:08:30.892+0000] {processor.py:208} INFO - Processing /home/airflow/.local/lib/python3.12/site-packages/airflow/example_dags/tutorial_dag.py took 0.042 seconds
[2026-07-25T09:09:01.597+0000] {processor.py:186} INFO - Started process (PID=422) to work on /home/airflow/.local/lib/python3.12/site-packages/airflow/example_dags/tutorial_dag.py
[2026-07-25T09:09:01.598+0000] {processor.py:914} INFO - Processing file /home/airflow/.local/lib/python3.12/site-packages/airflow/example_dags/tutorial_dag.py for tasks to queue
[2026-07-25T09:09:01.600+0000] {logging_mixin.py:190} INFO - [2026-07-25T09:09:01.600+0000] {dagbag.py:588} INFO - Filling up the DagBag from /home/airflow/.local/lib/python3.12/site-packages/airflow/example_dags/tutorial_dag.py
[2026-07-25T09:09:01.604+0000] {processor.py:925} INFO - DAG(s) 'tutorial_dag' retrieved from /home/airflow/.local/lib/python3.12/site-packages/airflow/example_dags/tutorial_dag.py
[2026-07-25T09:09:01.618+0000] {logging_mixin.py:190} INFO - [2026-07-25T09:09:01.618+0000] {dag.py:3239} INFO - Sync 1 DAGs
[2026-07-25T09:09:01.627+0000] {logging_mixin.py:190} INFO - [2026-07-25T09:09:01.627+0000] {dag.py:4180} INFO - Setting next_dagrun for tutorial_dag to None, run_after=None
[2026-07-25T09:09:01.638+0000] {processor.py:208} INFO - Processing /home/airflow/.local/lib/python3.12/site-packages/airflow/example_dags/tutorial_dag.py took 0.045 seconds
[2026-07-25T09:09:32.502+0000] {processor.py:186} INFO - Started process (PID=485) to work on /home/airflow/.local/lib/python3.12/site-packages/airflow/example_dags/tutorial_dag.py
[2026-07-25T09:09:32.503+0000] {processor.py:914} INFO - Processing file /home/airflow/.local/lib/python3.12/site-packages/airflow/example_dags/tutorial_dag.py for tasks to queue
[2026-07-25T09:09:32.505+0000] {logging_mixin.py:190} INFO - [2026-07-25T09:09:32.505+0000] {dagbag.py:588} INFO - Filling up the DagBag from /home/airflow/.local/lib/python3.12/site-packages/airflow/example_dags/tutorial_dag.py
[2026-07-25T09:09:32.510+0000] {processor.py:925} INFO - DAG(s) 'tutorial_dag' retrieved from /home/airflow/.local/lib/python3.12/site-packages/airflow/example_dags/tutorial_dag.py
[2026-07-25T09:09:32.522+0000] {logging_mixin.py:190} INFO - [2026-07-25T09:09:32.522+0000] {dag.py:3239} INFO - Sync 1 DAGs
[2026-07-25T09:09:32.530+0000] {logging_mixin.py:190} INFO - [2026-07-25T09:09:32.530+0000] {dag.py:4180} INFO - Setting next_dagrun for tutorial_dag to None, run_after=None
[2026-07-25T09:09:32.541+0000] {processor.py:208} INFO - Processing /home/airflow/.local/lib/python3.12/site-packages/airflow/example_dags/tutorial_dag.py took 0.042 seconds
[2026-07-25T09:10:02.697+0000] {processor.py:186} INFO - Started process (PID=548) to work on /home/airflow/.local/lib/python3.12/site-packages/airflow/example_dags/tutorial_dag.py
[2026-07-25T09:10:02.698+0000] {processor.py:914} INFO - Processing file /home/airflow/.local/lib/python3.12/site-packages/airflow/example_dags/tutorial_dag.py for tasks to queue
[2026-07-25T09:10:02.699+0000] {logging_mixin.py:190} INFO - [2026-07-25T09:10:02.699+0000] {dagbag.py:588} INFO - Filling up the DagBag from /home/airflow/.local/lib/python3.12/site-packages/airflow/example_dags/tutorial_dag.py
[2026-07-25T09:10:02.704+0000] {processor.py:925} INFO - DAG(s) 'tutorial_dag' retrieved from /home/airflow/.local/lib/python3.12/site-packages/airflow/example_dags/tutorial_dag.py
[2026-07-25T09:10:02.716+0000] {logging_mixin.py:190} INFO - [2026-07-25T09:10:02.716+0000] {dag.py:3239} INFO - Sync 1 DAGs
[2026-07-25T09:10:02.724+0000] {logging_mixin.py:190} INFO - [2026-07-25T09:10:02.724+0000] {dag.py:4180} INFO - Setting next_dagrun for tutorial_dag to None, run_after=None
[2026-07-25T09:10:02.737+0000] {processor.py:208} INFO - Processing /home/airflow/.local/lib/python3.12/site-packages/airflow/example_dags/tutorial_dag.py took 0.044 seconds
[2026-07-25T09:10:33.298+0000] {processor.py:186} INFO - Started process (PID=611) to work on /home/airflow/.local/lib/python3.12/site-packages/airflow/example_dags/tutorial_dag.py
[2026-07-25T09:10:33.299+0000] {processor.py:914} INFO - Processing file /home/airflow/.local/lib/python3.12/site-packages/airflow/example_dags/tutorial_dag.py for tasks to queue
[2026-07-25T09:10:33.301+0000] {logging_mixin.py:190} INFO - [2026-07-25T09:10:33.301+0000] {dagbag.py:588} INFO - Filling up the DagBag from /home/airflow/.local/lib/python3.12/site-packages/airflow/example_dags/tutorial_dag.py
[2026-07-25T09:10:33.306+0000] {processor.py:925} INFO - DAG(s) 'tutorial_dag' retrieved from /home/airflow/.local/lib/python3.12/site-packages/airflow/example_dags/tutorial_dag.py
[2026-07-25T09:10:33.318+0000] {logging_mixin.py:190} INFO - [2026-07-25T09:10:33.318+0000] {dag.py:3239} INFO - Sync 1 DAGs
[2026-07-25T09:10:33.327+0000] {logging_mixin.py:190} INFO - [2026-07-25T09:10:33.327+0000] {dag.py:4180} INFO - Setting next_dagrun for tutorial_dag to None, run_after=None
[2026-07-25T09:10:33.338+0000] {processor.py:208} INFO - Processing /home/airflow/.local/lib/python3.12/site-packages/airflow/example_dags/tutorial_dag.py took 0.044 seconds
[2026-07-25T09:11:05.544+0000] {processor.py:186} INFO - Started process (PID=674) to work on /home/airflow/.local/lib/python3.12/site-packages/airflow/example_dags/tutorial_dag.py
[2026-07-25T09:11:05.545+0000] {processor.py:914} INFO - Processing file /home/airflow/.local/lib/python3.12/site-packages/airflow/example_dags/tutorial_dag.py for tasks to queue
[2026-07-25T09:11:05.547+0000] {logging_mixin.py:190} INFO - [2026-07-25T09:11:05.547+0000] {dagbag.py:588} INFO - Filling up the DagBag from /home/airflow/.local/lib/python3.12/site-packages/airflow/example_dags/tutorial_dag.py
[2026-07-25T09:11:05.552+0000] {processor.py:925} INFO - DAG(s) 'tutorial_dag' retrieved from /home/airflow/.local/lib/python3.12/site-packages/airflow/example_dags/tutorial_dag.py
[2026-07-25T09:11:05.563+0000] {logging_mixin.py:190} INFO - [2026-07-25T09:11:05.563+0000] {dag.py:3239} INFO - Sync 1 DAGs
[2026-07-25T09:11:05.572+0000] {logging_mixin.py:190} INFO - [2026-07-25T09:11:05.572+0000] {dag.py:4180} INFO - Setting next_dagrun for tutorial_dag to None, run_after=None
[2026-07-25T09:11:05.583+0000] {processor.py:208} INFO - Processing /home/airflow/.local/lib/python3.12/site-packages/airflow/example_dags/tutorial_dag.py took 0.042 seconds
[2026-07-25T09:11:40.006+0000] {processor.py:186} INFO - Started process (PID=737) to work on /home/airflow/.local/lib/python3.12/site-packages/airflow/example_dags/tutorial_dag.py
[2026-07-25T09:11:40.007+0000] {processor.py:914} INFO - Processing file /home/airflow/.local/lib/python3.12/site-packages/airflow/example_dags/tutorial_dag.py for tasks to queue
[2026-07-25T09:11:40.010+0000] {logging_mixin.py:190} INFO - [2026-07-25T09:11:40.010+0000] {dagbag.py:588} INFO - Filling up the DagBag from /home/airflow/.local/lib/python3.12/site-packages/airflow/example_dags/tutorial_dag.py
[2026-07-25T09:11:40.015+0000] {processor.py:925} INFO - DAG(s) 'tutorial_dag' retrieved from /home/airflow/.local/lib/python3.12/site-packages/airflow/example_dags/tutorial_dag.py
[2026-07-25T09:11:40.028+0000] {logging_mixin.py:190} INFO - [2026-07-25T09:11:40.028+0000] {dag.py:3239} INFO - Sync 1 DAGs
[2026-07-25T09:11:40.036+0000] {logging_mixin.py:190} INFO - [2026-07-25T09:11:40.036+0000] {dag.py:4180} INFO - Setting next_dagrun for tutorial_dag to None, run_after=None
[2026-07-25T09:11:40.047+0000] {processor.py:208} INFO - Processing /home/airflow/.local/lib/python3.12/site-packages/airflow/example_dags/tutorial_dag.py took 0.045 seconds
[2026-07-25T09:12:11.530+0000] {processor.py:186} INFO - Started process (PID=799) to work on /home/airflow/.local/lib/python3.12/site-packages/airflow/example_dags/tutorial_dag.py
[2026-07-25T09:12:11.531+0000] {processor.py:914} INFO - Processing file /home/airflow/.local/lib/python3.12/site-packages/airflow/example_dags/tutorial_dag.py for tasks to queue
[2026-07-25T09:12:11.533+0000] {logging_mixin.py:190} INFO - [2026-07-25T09:12:11.533+0000] {dagbag.py:588} INFO - Filling up the DagBag from /home/airflow/.local/lib/python3.12/site-packages/airflow/example_dags/tutorial_dag.py
[2026-07-25T09:12:11.539+0000] {processor.py:925} INFO - DAG(s) 'tutorial_dag' retrieved from /home/airflow/.local/lib/python3.12/site-packages/airflow/example_dags/tutorial_dag.py
[2026-07-25T09:12:11.555+0000] {logging_mixin.py:190} INFO - [2026-07-25T09:12:11.555+0000] {dag.py:3239} INFO - Sync 1 DAGs
[2026-07-25T09:12:11.567+0000] {logging_mixin.py:190} INFO - [2026-07-25T09:12:11.567+0000] {dag.py:4180} INFO - Setting next_dagrun for tutorial_dag to None, run_after=None
[2026-07-25T09:12:11.582+0000] {processor.py:208} INFO - Processing /home/airflow/.local/lib/python3.12/site-packages/airflow/example_dags/tutorial_dag.py took 0.055 seconds
[2026-07-25T09:12:42.315+0000] {processor.py:186} INFO - Started process (PID=861) to work on /home/airflow/.local/lib/python3.12/site-packages/airflow/example_dags/tutorial_dag.py
[2026-07-25T09:12:42.315+0000] {processor.py:914} INFO - Processing file /home/airflow/.local/lib/python3.12/site-packages/airflow/example_dags/tutorial_dag.py for tasks to queue
[2026-07-25T09:12:42.317+0000] {logging_mixin.py:190} INFO - [2026-07-25T09:12:42.317+0000] {dagbag.py:588} INFO - Filling up the DagBag from /home/airflow/.local/lib/python3.12/site-packages/airflow/example_dags/tutorial_dag.py
[2026-07-25T09:12:42.322+0000] {processor.py:925} INFO - DAG(s) 'tutorial_dag' retrieved from /home/airflow/.local/lib/python3.12/site-packages/airflow/example_dags/tutorial_dag.py
[2026-07-25T09:12:42.335+0000] {logging_mixin.py:190} INFO - [2026-07-25T09:12:42.335+0000] {dag.py:3239} INFO - Sync 1 DAGs
[2026-07-25T09:12:42.345+0000] {logging_mixin.py:190} INFO - [2026-07-25T09:12:42.345+0000] {dag.py:4180} INFO - Setting next_dagrun for tutorial_dag to None, run_after=None
[2026-07-25T09:12:42.356+0000] {processor.py:208} INFO - Processing /home/airflow/.local/lib/python3.12/site-packages/airflow/example_dags/tutorial_dag.py took 0.045 seconds
[2026-07-25T09:13:13.080+0000] {processor.py:186} INFO - Started process (PID=924) to work on /home/airflow/.local/lib/python3.12/site-packages/airflow/example_dags/tutorial_dag.py
[2026-07-25T09:13:13.081+0000] {processor.py:914} INFO - Processing file /home/airflow/.local/lib/python3.12/site-packages/airflow/example_dags/tutorial_dag.py for tasks to queue
[2026-07-25T09:13:13.083+0000] {logging_mixin.py:190} INFO - [2026-07-25T09:13:13.082+0000] {dagbag.py:588} INFO - Filling up the DagBag from /home/airflow/.local/lib/python3.12/site-packages/airflow/example_dags/tutorial_dag.py
[2026-07-25T09:13:13.088+0000] {processor.py:925} INFO - DAG(s) 'tutorial_dag' retrieved from /home/airflow/.local/lib/python3.12/site-packages/airflow/example_dags/tutorial_dag.py
[2026-07-25T09:13:13.101+0000] {logging_mixin.py:190} INFO - [2026-07-25T09:13:13.101+0000] {dag.py:3239} INFO - Sync 1 DAGs
[2026-07-25T09:13:13.109+0000] {logging_mixin.py:190} INFO - [2026-07-25T09:13:13.109+0000] {dag.py:4180} INFO - Setting next_dagrun for tutorial_dag to None, run_after=None
[2026-07-25T09:13:13.119+0000] {processor.py:208} INFO - Processing /home/airflow/.local/lib/python3.12/site-packages/airflow/example_dags/tutorial_dag.py took 0.043 seconds
[2026-07-25T09:13:43.183+0000] {processor.py:186} INFO - Started process (PID=986) to work on /home/airflow/.local/lib/python3.12/site-packages/airflow/example_dags/tutorial_dag.py
[2026-07-25T09:13:43.183+0000] {processor.py:914} INFO - Processing file /home/airflow/.local/lib/python3.12/site-packages/airflow/example_dags/tutorial_dag.py for tasks to queue
[2026-07-25T09:13:43.185+0000] {logging_mixin.py:190} INFO - [2026-07-25T09:13:43.185+0000] {dagbag.py:588} INFO - Filling up the DagBag from /home/airflow/.local/lib/python3.12/site-packages/airflow/example_dags/tutorial_dag.py
[2026-07-25T09:13:43.190+0000] {processor.py:925} INFO - DAG(s) 'tutorial_dag' retrieved from /home/airflow/.local/lib/python3.12/site-packages/airflow/example_dags/tutorial_dag.py
[2026-07-25T09:13:43.204+0000] {logging_mixin.py:190} INFO - [2026-07-25T09:13:43.204+0000] {dag.py:3239} INFO - Sync 1 DAGs
[2026-07-25T09:13:43.214+0000] {logging_mixin.py:190} INFO - [2026-07-25T09:13:43.214+0000] {dag.py:4180} INFO - Setting next_dagrun for tutorial_dag to None, run_after=None
[2026-07-25T09:13:43.228+0000] {processor.py:208} INFO - Processing /home/airflow/.local/lib/python3.12/site-packages/airflow/example_dags/tutorial_dag.py took 0.049 seconds
[2026-07-25T09:14:13.499+0000] {processor.py:186} INFO - Started process (PID=1048) to work on /home/airflow/.local/lib/python3.12/site-packages/airflow/example_dags/tutorial_dag.py
[2026-07-25T09:14:13.500+0000] {processor.py:914} INFO - Processing file /home/airflow/.local/lib/python3.12/site-packages/airflow/example_dags/tutorial_dag.py for tasks to queue
[2026-07-25T09:14:13.502+0000] {logging_mixin.py:190} INFO - [2026-07-25T09:14:13.502+0000] {dagbag.py:588} INFO - Filling up the DagBag from /home/airflow/.local/lib/python3.12/site-packages/airflow/example_dags/tutorial_dag.py
[2026-07-25T09:14:13.507+0000] {processor.py:925} INFO - DAG(s) 'tutorial_dag' retrieved from /home/airflow/.local/lib/python3.12/site-packages/airflow/example_dags/tutorial_dag.py
[2026-07-25T09:14:13.518+0000] {logging_mixin.py:190} INFO - [2026-07-25T09:14:13.518+0000] {dag.py:3239} INFO - Sync 1 DAGs
[2026-07-25T09:14:13.528+0000] {logging_mixin.py:190} INFO - [2026-07-25T09:14:13.528+0000] {dag.py:4180} INFO - Setting next_dagrun for tutorial_dag to None, run_after=None
[2026-07-25T09:14:13.539+0000] {processor.py:208} INFO - Processing /home/airflow/.local/lib/python3.12/site-packages/airflow/example_dags/tutorial_dag.py took 0.042 seconds
[2026-07-25T09:15:41.855+0000] {processor.py:186} INFO - Started process (PID=111) to work on /home/airflow/.local/lib/python3.12/site-packages/airflow/example_dags/tutorial_dag.py
[2026-07-25T09:15:41.855+0000] {processor.py:914} INFO - Processing file /home/airflow/.local/lib/python3.12/site-packages/airflow/example_dags/tutorial_dag.py for tasks to queue
[2026-07-25T09:15:41.858+0000] {logging_mixin.py:190} INFO - [2026-07-25T09:15:41.857+0000] {dagbag.py:588} INFO - Filling up the DagBag from /home/airflow/.local/lib/python3.12/site-packages/airflow/example_dags/tutorial_dag.py
[2026-07-25T09:15:41.863+0000] {processor.py:925} INFO - DAG(s) 'tutorial_dag' retrieved from /home/airflow/.local/lib/python3.12/site-packages/airflow/example_dags/tutorial_dag.py
[2026-07-25T09:15:41.875+0000] {logging_mixin.py:190} INFO - [2026-07-25T09:15:41.875+0000] {dag.py:3239} INFO - Sync 1 DAGs
[2026-07-25T09:15:41.884+0000] {logging_mixin.py:190} INFO - [2026-07-25T09:15:41.883+0000] {dag.py:4180} INFO - Setting next_dagrun for tutorial_dag to None, run_after=None
[2026-07-25T09:15:41.897+0000] {processor.py:208} INFO - Processing /home/airflow/.local/lib/python3.12/site-packages/airflow/example_dags/tutorial_dag.py took 0.045 seconds
[2026-07-25T09:16:14.540+0000] {processor.py:186} INFO - Started process (PID=173) to work on /home/airflow/.local/lib/python3.12/site-packages/airflow/example_dags/tutorial_dag.py
[2026-07-25T09:16:14.541+0000] {processor.py:914} INFO - Processing file /home/airflow/.local/lib/python3.12/site-packages/airflow/example_dags/tutorial_dag.py for tasks to queue
[2026-07-25T09:16:14.544+0000] {logging_mixin.py:190} INFO - [2026-07-25T09:16:14.543+0000] {dagbag.py:588} INFO - Filling up the DagBag from /home/airflow/.local/lib/python3.12/site-packages/airflow/example_dags/tutorial_dag.py
[2026-07-25T09:16:14.549+0000] {processor.py:925} INFO - DAG(s) 'tutorial_dag' retrieved from /home/airflow/.local/lib/python3.12/site-packages/airflow/example_dags/tutorial_dag.py
[2026-07-25T09:16:14.562+0000] {logging_mixin.py:190} INFO - [2026-07-25T09:16:14.562+0000] {dag.py:3239} INFO - Sync 1 DAGs
[2026-07-25T09:16:14.572+0000] {logging_mixin.py:190} INFO - [2026-07-25T09:16:14.571+0000] {dag.py:4180} INFO - Setting next_dagrun for tutorial_dag to None, run_after=None
[2026-07-25T09:16:14.583+0000] {processor.py:208} INFO - Processing /home/airflow/.local/lib/python3.12/site-packages/airflow/example_dags/tutorial_dag.py took 0.048 seconds
[2026-07-25T09:16:48.761+0000] {processor.py:186} INFO - Started process (PID=236) to work on /home/airflow/.local/lib/python3.12/site-packages/airflow/example_dags/tutorial_dag.py
[2026-07-25T09:16:48.762+0000] {processor.py:914} INFO - Processing file /home/airflow/.local/lib/python3.12/site-packages/airflow/example_dags/tutorial_dag.py for tasks to queue
[2026-07-25T09:16:48.764+0000] {logging_mixin.py:190} INFO - [2026-07-25T09:16:48.764+0000] {dagbag.py:588} INFO - Filling up the DagBag from /home/airflow/.local/lib/python3.12/site-packages/airflow/example_dags/tutorial_dag.py
[2026-07-25T09:16:48.769+0000] {processor.py:925} INFO - DAG(s) 'tutorial_dag' retrieved from /home/airflow/.local/lib/python3.12/site-packages/airflow/example_dags/tutorial_dag.py
[2026-07-25T09:16:48.781+0000] {logging_mixin.py:190} INFO - [2026-07-25T09:16:48.781+0000] {dag.py:3239} INFO - Sync 1 DAGs
[2026-07-25T09:16:48.790+0000] {logging_mixin.py:190} INFO - [2026-07-25T09:16:48.790+0000] {dag.py:4180} INFO - Setting next_dagrun for tutorial_dag to None, run_after=None
[2026-07-25T09:16:48.800+0000] {processor.py:208} INFO - Processing /home/airflow/.local/lib/python3.12/site-packages/airflow/example_dags/tutorial_dag.py took 0.042 seconds
[2026-07-25T09:17:23.075+0000] {processor.py:186} INFO - Started process (PID=299) to work on /home/airflow/.local/lib/python3.12/site-packages/airflow/example_dags/tutorial_dag.py
[2026-07-25T09:17:23.076+0000] {processor.py:914} INFO - Processing file /home/airflow/.local/lib/python3.12/site-packages/airflow/example_dags/tutorial_dag.py for tasks to queue
[2026-07-25T09:17:23.078+0000] {logging_mixin.py:190} INFO - [2026-07-25T09:17:23.078+0000] {dagbag.py:588} INFO - Filling up the DagBag from /home/airflow/.local/lib/python3.12/site-packages/airflow/example_dags/tutorial_dag.py
[2026-07-25T09:17:23.083+0000] {processor.py:925} INFO - DAG(s) 'tutorial_dag' retrieved from /home/airflow/.local/lib/python3.12/site-packages/airflow/example_dags/tutorial_dag.py
[2026-07-25T09:17:23.095+0000] {logging_mixin.py:190} INFO - [2026-07-25T09:17:23.095+0000] {dag.py:3239} INFO - Sync 1 DAGs
[2026-07-25T09:17:23.104+0000] {logging_mixin.py:190} INFO - [2026-07-25T09:17:23.104+0000] {dag.py:4180} INFO - Setting next_dagrun for tutorial_dag to None, run_after=None
[2026-07-25T09:17:23.116+0000] {processor.py:208} INFO - Processing /home/airflow/.local/lib/python3.12/site-packages/airflow/example_dags/tutorial_dag.py took 0.044 seconds
[2026-07-25T09:17:57.084+0000] {processor.py:186} INFO - Started process (PID=362) to work on /home/airflow/.local/lib/python3.12/site-packages/airflow/example_dags/tutorial_dag.py
[2026-07-25T09:17:57.085+0000] {processor.py:914} INFO - Processing file /home/airflow/.local/lib/python3.12/site-packages/airflow/example_dags/tutorial_dag.py for tasks to queue
[2026-07-25T09:17:57.087+0000] {logging_mixin.py:190} INFO - [2026-07-25T09:17:57.087+0000] {dagbag.py:588} INFO - Filling up the DagBag from /home/airflow/.local/lib/python3.12/site-packages/airflow/example_dags/tutorial_dag.py
[2026-07-25T09:17:57.092+0000] {processor.py:925} INFO - DAG(s) 'tutorial_dag' retrieved from /home/airflow/.local/lib/python3.12/site-packages/airflow/example_dags/tutorial_dag.py
[2026-07-25T09:17:57.104+0000] {logging_mixin.py:190} INFO - [2026-07-25T09:17:57.104+0000] {dag.py:3239} INFO - Sync 1 DAGs
[2026-07-25T09:17:57.113+0000] {logging_mixin.py:190} INFO - [2026-07-25T09:17:57.113+0000] {dag.py:4180} INFO - Setting next_dagrun for tutorial_dag to None, run_after=None
[2026-07-25T09:17:57.124+0000] {processor.py:208} INFO - Processing /home/airflow/.local/lib/python3.12/site-packages/airflow/example_dags/tutorial_dag.py took 0.043 seconds
[2026-07-25T09:18:27.789+0000] {processor.py:186} INFO - Started process (PID=424) to work on /home/airflow/.local/lib/python3.12/site-packages/airflow/example_dags/tutorial_dag.py
[2026-07-25T09:18:27.791+0000] {processor.py:914} INFO - Processing file /home/airflow/.local/lib/python3.12/site-packages/airflow/example_dags/tutorial_dag.py for tasks to queue
[2026-07-25T09:18:27.793+0000] {logging_mixin.py:190} INFO - [2026-07-25T09:18:27.793+0000] {dagbag.py:588} INFO - Filling up the DagBag from /home/airflow/.local/lib/python3.12/site-packages/airflow/example_dags/tutorial_dag.py
[2026-07-25T09:18:27.798+0000] {processor.py:925} INFO - DAG(s) 'tutorial_dag' retrieved from /home/airflow/.local/lib/python3.12/site-packages/airflow/example_dags/tutorial_dag.py
[2026-07-25T09:18:27.812+0000] {logging_mixin.py:190} INFO - [2026-07-25T09:18:27.812+0000] {dag.py:3239} INFO - Sync 1 DAGs
[2026-07-25T09:18:27.822+0000] {logging_mixin.py:190} INFO - [2026-07-25T09:18:27.822+0000] {dag.py:4180} INFO - Setting next_dagrun for tutorial_dag to None, run_after=None
[2026-07-25T09:18:27.833+0000] {processor.py:208} INFO - Processing /home/airflow/.local/lib/python3.12/site-packages/airflow/example_dags/tutorial_dag.py took 0.048 seconds
[2026-07-25T09:18:58.330+0000] {processor.py:186} INFO - Started process (PID=486) to work on /home/airflow/.local/lib/python3.12/site-packages/airflow/example_dags/tutorial_dag.py
[2026-07-25T09:18:58.331+0000] {processor.py:914} INFO - Processing file /home/airflow/.local/lib/python3.12/site-packages/airflow/example_dags/tutorial_dag.py for tasks to queue
[2026-07-25T09:18:58.333+0000] {logging_mixin.py:190} INFO - [2026-07-25T09:18:58.332+0000] {dagbag.py:588} INFO - Filling up the DagBag from /home/airflow/.local/lib/python3.12/site-packages/airflow/example_dags/tutorial_dag.py
[2026-07-25T09:18:58.337+0000] {processor.py:925} INFO - DAG(s) 'tutorial_dag' retrieved from /home/airflow/.local/lib/python3.12/site-packages/airflow/example_dags/tutorial_dag.py
[2026-07-25T09:18:58.349+0000] {logging_mixin.py:190} INFO - [2026-07-25T09:18:58.349+0000] {dag.py:3239} INFO - Sync 1 DAGs
[2026-07-25T09:18:58.357+0000] {logging_mixin.py:190} INFO - [2026-07-25T09:18:58.357+0000] {dag.py:4180} INFO - Setting next_dagrun for tutorial_dag to None, run_after=None
[2026-07-25T09:18:58.368+0000] {processor.py:208} INFO - Processing /home/airflow/.local/lib/python3.12/site-packages/airflow/example_dags/tutorial_dag.py took 0.042 seconds
[2026-07-25T09:19:28.798+0000] {processor.py:186} INFO - Started process (PID=548) to work on /home/airflow/.local/lib/python3.12/site-packages/airflow/example_dags/tutorial_dag.py
[2026-07-25T09:19:28.799+0000] {processor.py:914} INFO - Processing file /home/airflow/.local/lib/python3.12/site-packages/airflow/example_dags/tutorial_dag.py for tasks to queue
[2026-07-25T09:19:28.801+0000] {logging_mixin.py:190} INFO - [2026-07-25T09:19:28.801+0000] {dagbag.py:588} INFO - Filling up the DagBag from /home/airflow/.local/lib/python3.12/site-packages/airflow/example_dags/tutorial_dag.py
[2026-07-25T09:19:28.805+0000] {processor.py:925} INFO - DAG(s) 'tutorial_dag' retrieved from /home/airflow/.local/lib/python3.12/site-packages/airflow/example_dags/tutorial_dag.py
[2026-07-25T09:19:28.819+0000] {logging_mixin.py:190} INFO - [2026-07-25T09:19:28.819+0000] {dag.py:3239} INFO - Sync 1 DAGs
[2026-07-25T09:19:28.829+0000] {logging_mixin.py:190} INFO - [2026-07-25T09:19:28.829+0000] {dag.py:4180} INFO - Setting next_dagrun for tutorial_dag to None, run_after=None
[2026-07-25T09:19:28.841+0000] {processor.py:208} INFO - Processing /home/airflow/.local/lib/python3.12/site-packages/airflow/example_dags/tutorial_dag.py took 0.046 seconds
[2026-07-25T09:20:54.610+0000] {processor.py:186} INFO - Started process (PID=111) to work on /home/airflow/.local/lib/python3.12/site-packages/airflow/example_dags/tutorial_dag.py
[2026-07-25T09:20:54.611+0000] {processor.py:914} INFO - Processing file /home/airflow/.local/lib/python3.12/site-packages/airflow/example_dags/tutorial_dag.py for tasks to queue
[2026-07-25T09:20:54.615+0000] {logging_mixin.py:190} INFO - [2026-07-25T09:20:54.614+0000] {dagbag.py:588} INFO - Filling up the DagBag from /home/airflow/.local/lib/python3.12/site-packages/airflow/example_dags/tutorial_dag.py
[2026-07-25T09:20:54.624+0000] {processor.py:925} INFO - DAG(s) 'tutorial_dag' retrieved from /home/airflow/.local/lib/python3.12/site-packages/airflow/example_dags/tutorial_dag.py
[2026-07-25T09:20:54.644+0000] {logging_mixin.py:190} INFO - [2026-07-25T09:20:54.643+0000] {dag.py:3239} INFO - Sync 1 DAGs
[2026-07-25T09:20:54.659+0000] {logging_mixin.py:190} INFO - [2026-07-25T09:20:54.659+0000] {dag.py:4180} INFO - Setting next_dagrun for tutorial_dag to None, run_after=None
[2026-07-25T09:20:54.677+0000] {processor.py:208} INFO - Processing /home/airflow/.local/lib/python3.12/site-packages/airflow/example_dags/tutorial_dag.py took 0.072 seconds
[2026-07-25T09:21:25.868+0000] {processor.py:186} INFO - Started process (PID=173) to work on /home/airflow/.local/lib/python3.12/site-packages/airflow/example_dags/tutorial_dag.py
[2026-07-25T09:21:25.869+0000] {processor.py:914} INFO - Processing file /home/airflow/.local/lib/python3.12/site-packages/airflow/example_dags/tutorial_dag.py for tasks to queue
[2026-07-25T09:21:25.872+0000] {logging_mixin.py:190} INFO - [2026-07-25T09:21:25.871+0000] {dagbag.py:588} INFO - Filling up the DagBag from /home/airflow/.local/lib/python3.12/site-packages/airflow/example_dags/tutorial_dag.py
[2026-07-25T09:21:25.877+0000] {processor.py:925} INFO - DAG(s) 'tutorial_dag' retrieved from /home/airflow/.local/lib/python3.12/site-packages/airflow/example_dags/tutorial_dag.py
[2026-07-25T09:21:25.890+0000] {logging_mixin.py:190} INFO - [2026-07-25T09:21:25.890+0000] {dag.py:3239} INFO - Sync 1 DAGs
[2026-07-25T09:21:25.899+0000] {logging_mixin.py:190} INFO - [2026-07-25T09:21:25.899+0000] {dag.py:4180} INFO - Setting next_dagrun for tutorial_dag to None, run_after=None
[2026-07-25T09:21:25.910+0000] {processor.py:208} INFO - Processing /home/airflow/.local/lib/python3.12/site-packages/airflow/example_dags/tutorial_dag.py took 0.046 seconds
[2026-07-25T09:22:00.340+0000] {processor.py:186} INFO - Started process (PID=236) to work on /home/airflow/.local/lib/python3.12/site-packages/airflow/example_dags/tutorial_dag.py
[2026-07-25T09:22:00.341+0000] {processor.py:914} INFO - Processing file /home/airflow/.local/lib/python3.12/site-packages/airflow/example_dags/tutorial_dag.py for tasks to queue
[2026-07-25T09:22:00.344+0000] {logging_mixin.py:190} INFO - [2026-07-25T09:22:00.343+0000] {dagbag.py:588} INFO - Filling up the DagBag from /home/airflow/.local/lib/python3.12/site-packages/airflow/example_dags/tutorial_dag.py
[2026-07-25T09:22:00.351+0000] {processor.py:925} INFO - DAG(s) 'tutorial_dag' retrieved from /home/airflow/.local/lib/python3.12/site-packages/airflow/example_dags/tutorial_dag.py
[2026-07-25T09:22:00.368+0000] {logging_mixin.py:190} INFO - [2026-07-25T09:22:00.368+0000] {dag.py:3239} INFO - Sync 1 DAGs
[2026-07-25T09:22:00.379+0000] {logging_mixin.py:190} INFO - [2026-07-25T09:22:00.378+0000] {dag.py:4180} INFO - Setting next_dagrun for tutorial_dag to None, run_after=None
[2026-07-25T09:22:00.391+0000] {processor.py:208} INFO - Processing /home/airflow/.local/lib/python3.12/site-packages/airflow/example_dags/tutorial_dag.py took 0.055 seconds
[2026-07-25T09:22:31.494+0000] {processor.py:186} INFO - Started process (PID=298) to work on /home/airflow/.local/lib/python3.12/site-packages/airflow/example_dags/tutorial_dag.py
[2026-07-25T09:22:31.495+0000] {processor.py:914} INFO - Processing file /home/airflow/.local/lib/python3.12/site-packages/airflow/example_dags/tutorial_dag.py for tasks to queue
[2026-07-25T09:22:31.497+0000] {logging_mixin.py:190} INFO - [2026-07-25T09:22:31.497+0000] {dagbag.py:588} INFO - Filling up the DagBag from /home/airflow/.local/lib/python3.12/site-packages/airflow/example_dags/tutorial_dag.py
[2026-07-25T09:22:31.503+0000] {processor.py:925} INFO - DAG(s) 'tutorial_dag' retrieved from /home/airflow/.local/lib/python3.12/site-packages/airflow/example_dags/tutorial_dag.py
[2026-07-25T09:22:31.517+0000] {logging_mixin.py:190} INFO - [2026-07-25T09:22:31.517+0000] {dag.py:3239} INFO - Sync 1 DAGs
[2026-07-25T09:22:31.526+0000] {logging_mixin.py:190} INFO - [2026-07-25T09:22:31.526+0000] {dag.py:4180} INFO - Setting next_dagrun for tutorial_dag to None, run_after=None
[2026-07-25T09:22:31.538+0000] {processor.py:208} INFO - Processing /home/airflow/.local/lib/python3.12/site-packages/airflow/example_dags/tutorial_dag.py took 0.047 seconds
[2026-07-25T09:24:05.630+0000] {processor.py:186} INFO - Started process (PID=111) to work on /home/airflow/.local/lib/python3.12/site-packages/airflow/example_dags/tutorial_dag.py
[2026-07-25T09:24:05.631+0000] {processor.py:914} INFO - Processing file /home/airflow/.local/lib/python3.12/site-packages/airflow/example_dags/tutorial_dag.py for tasks to queue
[2026-07-25T09:24:05.633+0000] {logging_mixin.py:190} INFO - [2026-07-25T09:24:05.632+0000] {dagbag.py:588} INFO - Filling up the DagBag from /home/airflow/.local/lib/python3.12/site-packages/airflow/example_dags/tutorial_dag.py
[2026-07-25T09:24:05.638+0000] {processor.py:925} INFO - DAG(s) 'tutorial_dag' retrieved from /home/airflow/.local/lib/python3.12/site-packages/airflow/example_dags/tutorial_dag.py
[2026-07-25T09:24:05.652+0000] {logging_mixin.py:190} INFO - [2026-07-25T09:24:05.652+0000] {dag.py:3239} INFO - Sync 1 DAGs
[2026-07-25T09:24:05.662+0000] {logging_mixin.py:190} INFO - [2026-07-25T09:24:05.662+0000] {dag.py:4180} INFO - Setting next_dagrun for tutorial_dag to None, run_after=None
[2026-07-25T09:24:05.696+0000] {processor.py:208} INFO - Processing /home/airflow/.local/lib/python3.12/site-packages/airflow/example_dags/tutorial_dag.py took 0.070 seconds
[2026-07-25T09:24:38.295+0000] {processor.py:186} INFO - Started process (PID=173) to work on /home/airflow/.local/lib/python3.12/site-packages/airflow/example_dags/tutorial_dag.py
[2026-07-25T09:24:38.296+0000] {processor.py:914} INFO - Processing file /home/airflow/.local/lib/python3.12/site-packages/airflow/example_dags/tutorial_dag.py for tasks to queue
[2026-07-25T09:24:38.298+0000] {logging_mixin.py:190} INFO - [2026-07-25T09:24:38.298+0000] {dagbag.py:588} INFO - Filling up the DagBag from /home/airflow/.local/lib/python3.12/site-packages/airflow/example_dags/tutorial_dag.py
[2026-07-25T09:24:38.304+0000] {processor.py:925} INFO - DAG(s) 'tutorial_dag' retrieved from /home/airflow/.local/lib/python3.12/site-packages/airflow/example_dags/tutorial_dag.py
[2026-07-25T09:24:38.317+0000] {logging_mixin.py:190} INFO - [2026-07-25T09:24:38.317+0000] {dag.py:3239} INFO - Sync 1 DAGs
[2026-07-25T09:24:38.327+0000] {logging_mixin.py:190} INFO - [2026-07-25T09:24:38.327+0000] {dag.py:4180} INFO - Setting next_dagrun for tutorial_dag to None, run_after=None
[2026-07-25T09:24:38.351+0000] {processor.py:208} INFO - Processing /home/airflow/.local/lib/python3.12/site-packages/airflow/example_dags/tutorial_dag.py took 0.060 seconds
[2026-07-25T09:25:11.970+0000] {processor.py:186} INFO - Started process (PID=236) to work on /home/airflow/.local/lib/python3.12/site-packages/airflow/example_dags/tutorial_dag.py
[2026-07-25T09:25:11.971+0000] {processor.py:914} INFO - Processing file /home/airflow/.local/lib/python3.12/site-packages/airflow/example_dags/tutorial_dag.py for tasks to queue
[2026-07-25T09:25:11.973+0000] {logging_mixin.py:190} INFO - [2026-07-25T09:25:11.973+0000] {dagbag.py:588} INFO - Filling up the DagBag from /home/airflow/.local/lib/python3.12/site-packages/airflow/example_dags/tutorial_dag.py
[2026-07-25T09:25:11.979+0000] {processor.py:925} INFO - DAG(s) 'tutorial_dag' retrieved from /home/airflow/.local/lib/python3.12/site-packages/airflow/example_dags/tutorial_dag.py
[2026-07-25T09:25:11.994+0000] {logging_mixin.py:190} INFO - [2026-07-25T09:25:11.994+0000] {dag.py:3239} INFO - Sync 1 DAGs
[2026-07-25T09:25:12.004+0000] {logging_mixin.py:190} INFO - [2026-07-25T09:25:12.003+0000] {dag.py:4180} INFO - Setting next_dagrun for tutorial_dag to None, run_after=None
[2026-07-25T09:25:12.021+0000] {processor.py:208} INFO - Processing /home/airflow/.local/lib/python3.12/site-packages/airflow/example_dags/tutorial_dag.py took 0.055 seconds
[2026-07-25T09:25:43.134+0000] {processor.py:186} INFO - Started process (PID=298) to work on /home/airflow/.local/lib/python3.12/site-packages/airflow/example_dags/tutorial_dag.py
[2026-07-25T09:25:43.134+0000] {processor.py:914} INFO - Processing file /home/airflow/.local/lib/python3.12/site-packages/airflow/example_dags/tutorial_dag.py for tasks to queue
[2026-07-25T09:25:43.136+0000] {logging_mixin.py:190} INFO - [2026-07-25T09:25:43.136+0000] {dagbag.py:588} INFO - Filling up the DagBag from /home/airflow/.local/lib/python3.12/site-packages/airflow/example_dags/tutorial_dag.py
[2026-07-25T09:25:43.142+0000] {processor.py:925} INFO - DAG(s) 'tutorial_dag' retrieved from /home/airflow/.local/lib/python3.12/site-packages/airflow/example_dags/tutorial_dag.py
[2026-07-25T09:25:43.154+0000] {logging_mixin.py:190} INFO - [2026-07-25T09:25:43.154+0000] {dag.py:3239} INFO - Sync 1 DAGs
[2026-07-25T09:25:43.162+0000] {logging_mixin.py:190} INFO - [2026-07-25T09:25:43.162+0000] {dag.py:4180} INFO - Setting next_dagrun for tutorial_dag to None, run_after=None
[2026-07-25T09:25:43.184+0000] {processor.py:208} INFO - Processing /home/airflow/.local/lib/python3.12/site-packages/airflow/example_dags/tutorial_dag.py took 0.054 seconds
[2026-07-25T09:26:59.078+0000] {processor.py:186} INFO - Started process (PID=111) to work on /home/airflow/.local/lib/python3.12/site-packages/airflow/example_dags/tutorial_dag.py
[2026-07-25T09:26:59.079+0000] {processor.py:914} INFO - Processing file /home/airflow/.local/lib/python3.12/site-packages/airflow/example_dags/tutorial_dag.py for tasks to queue
[2026-07-25T09:26:59.080+0000] {logging_mixin.py:190} INFO - [2026-07-25T09:26:59.080+0000] {dagbag.py:588} INFO - Filling up the DagBag from /home/airflow/.local/lib/python3.12/site-packages/airflow/example_dags/tutorial_dag.py
[2026-07-25T09:26:59.086+0000] {processor.py:925} INFO - DAG(s) 'tutorial_dag' retrieved from /home/airflow/.local/lib/python3.12/site-packages/airflow/example_dags/tutorial_dag.py
[2026-07-25T09:26:59.154+0000] {logging_mixin.py:190} INFO - [2026-07-25T09:26:59.153+0000] {override.py:1932} INFO - Created Permission View: can edit on DAG:tutorial_dag
[2026-07-25T09:26:59.161+0000] {logging_mixin.py:190} INFO - [2026-07-25T09:26:59.161+0000] {override.py:1932} INFO - Created Permission View: can read on DAG:tutorial_dag
[2026-07-25T09:26:59.166+0000] {logging_mixin.py:190} INFO - [2026-07-25T09:26:59.166+0000] {override.py:1932} INFO - Created Permission View: can delete on DAG:tutorial_dag
[2026-07-25T09:26:59.173+0000] {logging_mixin.py:190} INFO - [2026-07-25T09:26:59.173+0000] {override.py:1932} INFO - Created Permission View: menu access on DAG Run:tutorial_dag
[2026-07-25T09:26:59.178+0000] {logging_mixin.py:190} INFO - [2026-07-25T09:26:59.178+0000] {override.py:1932} INFO - Created Permission View: can read on DAG Run:tutorial_dag
[2026-07-25T09:26:59.183+0000] {logging_mixin.py:190} INFO - [2026-07-25T09:26:59.183+0000] {override.py:1932} INFO - Created Permission View: can create on DAG Run:tutorial_dag
[2026-07-25T09:26:59.188+0000] {logging_mixin.py:190} INFO - [2026-07-25T09:26:59.188+0000] {override.py:1932} INFO - Created Permission View: can delete on DAG Run:tutorial_dag
[2026-07-25T09:26:59.189+0000] {logging_mixin.py:190} INFO - [2026-07-25T09:26:59.189+0000] {dag.py:3239} INFO - Sync 1 DAGs
[2026-07-25T09:26:59.197+0000] {logging_mixin.py:190} INFO - [2026-07-25T09:26:59.197+0000] {dag.py:3262} INFO - Creating ORM DAG for tutorial_dag
[2026-07-25T09:26:59.198+0000] {logging_mixin.py:190} INFO - [2026-07-25T09:26:59.198+0000] {dag.py:4180} INFO - Setting next_dagrun for tutorial_dag to None, run_after=None
[2026-07-25T09:26:59.208+0000] {processor.py:208} INFO - Processing /home/airflow/.local/lib/python3.12/site-packages/airflow/example_dags/tutorial_dag.py took 0.134 seconds
[2026-07-25T09:27:30.691+0000] {processor.py:186} INFO - Started process (PID=173) to work on /home/airflow/.local/lib/python3.12/site-packages/airflow/example_dags/tutorial_dag.py
[2026-07-25T09:27:30.692+0000] {processor.py:914} INFO - Processing file /home/airflow/.local/lib/python3.12/site-packages/airflow/example_dags/tutorial_dag.py for tasks to queue
[2026-07-25T09:27:30.695+0000] {logging_mixin.py:190} INFO - [2026-07-25T09:27:30.695+0000] {dagbag.py:588} INFO - Filling up the DagBag from /home/airflow/.local/lib/python3.12/site-packages/airflow/example_dags/tutorial_dag.py
[2026-07-25T09:27:30.700+0000] {processor.py:925} INFO - DAG(s) 'tutorial_dag' retrieved from /home/airflow/.local/lib/python3.12/site-packages/airflow/example_dags/tutorial_dag.py
[2026-07-25T09:27:30.714+0000] {logging_mixin.py:190} INFO - [2026-07-25T09:27:30.714+0000] {dag.py:3239} INFO - Sync 1 DAGs
[2026-07-25T09:27:30.723+0000] {logging_mixin.py:190} INFO - [2026-07-25T09:27:30.723+0000] {dag.py:4180} INFO - Setting next_dagrun for tutorial_dag to None, run_after=None
[2026-07-25T09:27:30.745+0000] {processor.py:208} INFO - Processing /home/airflow/.local/lib/python3.12/site-packages/airflow/example_dags/tutorial_dag.py took 0.059 seconds
[2026-07-25T09:28:02.007+0000] {processor.py:186} INFO - Started process (PID=235) to work on /home/airflow/.local/lib/python3.12/site-packages/airflow/example_dags/tutorial_dag.py
[2026-07-25T09:28:02.008+0000] {processor.py:914} INFO - Processing file /home/airflow/.local/lib/python3.12/site-packages/airflow/example_dags/tutorial_dag.py for tasks to queue
[2026-07-25T09:28:02.010+0000] {logging_mixin.py:190} INFO - [2026-07-25T09:28:02.010+0000] {dagbag.py:588} INFO - Filling up the DagBag from /home/airflow/.local/lib/python3.12/site-packages/airflow/example_dags/tutorial_dag.py
[2026-07-25T09:28:02.015+0000] {processor.py:925} INFO - DAG(s) 'tutorial_dag' retrieved from /home/airflow/.local/lib/python3.12/site-packages/airflow/example_dags/tutorial_dag.py
[2026-07-25T09:28:02.028+0000] {logging_mixin.py:190} INFO - [2026-07-25T09:28:02.028+0000] {dag.py:3239} INFO - Sync 1 DAGs
[2026-07-25T09:28:02.036+0000] {logging_mixin.py:190} INFO - [2026-07-25T09:28:02.036+0000] {dag.py:4180} INFO - Setting next_dagrun for tutorial_dag to None, run_after=None
[2026-07-25T09:28:02.066+0000] {processor.py:208} INFO - Processing /home/airflow/.local/lib/python3.12/site-packages/airflow/example_dags/tutorial_dag.py took 0.063 seconds
[2026-07-25T09:28:32.478+0000] {processor.py:186} INFO - Started process (PID=297) to work on /home/airflow/.local/lib/python3.12/site-packages/airflow/example_dags/tutorial_dag.py
[2026-07-25T09:28:32.479+0000] {processor.py:914} INFO - Processing file /home/airflow/.local/lib/python3.12/site-packages/airflow/example_dags/tutorial_dag.py for tasks to queue
[2026-07-25T09:28:32.481+0000] {logging_mixin.py:190} INFO - [2026-07-25T09:28:32.481+0000] {dagbag.py:588} INFO - Filling up the DagBag from /home/airflow/.local/lib/python3.12/site-packages/airflow/example_dags/tutorial_dag.py
[2026-07-25T09:28:32.486+0000] {processor.py:925} INFO - DAG(s) 'tutorial_dag' retrieved from /home/airflow/.local/lib/python3.12/site-packages/airflow/example_dags/tutorial_dag.py
[2026-07-25T09:28:32.499+0000] {logging_mixin.py:190} INFO - [2026-07-25T09:28:32.499+0000] {dag.py:3239} INFO - Sync 1 DAGs
[2026-07-25T09:28:32.508+0000] {logging_mixin.py:190} INFO - [2026-07-25T09:28:32.508+0000] {dag.py:4180} INFO - Setting next_dagrun for tutorial_dag to None, run_after=None
[2026-07-25T09:28:32.538+0000] {processor.py:208} INFO - Processing /home/airflow/.local/lib/python3.12/site-packages/airflow/example_dags/tutorial_dag.py took 0.063 seconds
[2026-07-25T09:29:03.811+0000] {processor.py:186} INFO - Started process (PID=359) to work on /home/airflow/.local/lib/python3.12/site-packages/airflow/example_dags/tutorial_dag.py
[2026-07-25T09:29:03.812+0000] {processor.py:914} INFO - Processing file /home/airflow/.local/lib/python3.12/site-packages/airflow/example_dags/tutorial_dag.py for tasks to queue
[2026-07-25T09:29:03.814+0000] {logging_mixin.py:190} INFO - [2026-07-25T09:29:03.814+0000] {dagbag.py:588} INFO - Filling up the DagBag from /home/airflow/.local/lib/python3.12/site-packages/airflow/example_dags/tutorial_dag.py
[2026-07-25T09:29:03.820+0000] {processor.py:925} INFO - DAG(s) 'tutorial_dag' retrieved from /home/airflow/.local/lib/python3.12/site-packages/airflow/example_dags/tutorial_dag.py
[2026-07-25T09:29:03.834+0000] {logging_mixin.py:190} INFO - [2026-07-25T09:29:03.834+0000] {dag.py:3239} INFO - Sync 1 DAGs
[2026-07-25T09:29:03.843+0000] {logging_mixin.py:190} INFO - [2026-07-25T09:29:03.843+0000] {dag.py:4180} INFO - Setting next_dagrun for tutorial_dag to None, run_after=None
[2026-07-25T09:29:03.856+0000] {processor.py:208} INFO - Processing /home/airflow/.local/lib/python3.12/site-packages/airflow/example_dags/tutorial_dag.py took 0.049 seconds
[2026-07-25T09:29:34.046+0000] {processor.py:186} INFO - Started process (PID=422) to work on /home/airflow/.local/lib/python3.12/site-packages/airflow/example_dags/tutorial_dag.py
[2026-07-25T09:29:34.047+0000] {processor.py:914} INFO - Processing file /home/airflow/.local/lib/python3.12/site-packages/airflow/example_dags/tutorial_dag.py for tasks to queue
[2026-07-25T09:29:34.049+0000] {logging_mixin.py:190} INFO - [2026-07-25T09:29:34.048+0000] {dagbag.py:588} INFO - Filling up the DagBag from /home/airflow/.local/lib/python3.12/site-packages/airflow/example_dags/tutorial_dag.py
[2026-07-25T09:29:34.054+0000] {processor.py:925} INFO - DAG(s) 'tutorial_dag' retrieved from /home/airflow/.local/lib/python3.12/site-packages/airflow/example_dags/tutorial_dag.py
[2026-07-25T09:29:34.069+0000] {logging_mixin.py:190} INFO - [2026-07-25T09:29:34.069+0000] {dag.py:3239} INFO - Sync 1 DAGs
[2026-07-25T09:29:34.078+0000] {logging_mixin.py:190} INFO - [2026-07-25T09:29:34.078+0000] {dag.py:4180} INFO - Setting next_dagrun for tutorial_dag to None, run_after=None
[2026-07-25T09:29:34.090+0000] {processor.py:208} INFO - Processing /home/airflow/.local/lib/python3.12/site-packages/airflow/example_dags/tutorial_dag.py took 0.048 seconds
[2026-07-25T09:30:04.725+0000] {processor.py:186} INFO - Started process (PID=485) to work on /home/airflow/.local/lib/python3.12/site-packages/airflow/example_dags/tutorial_dag.py
[2026-07-25T09:30:04.726+0000] {processor.py:914} INFO - Processing file /home/airflow/.local/lib/python3.12/site-packages/airflow/example_dags/tutorial_dag.py for tasks to queue
[2026-07-25T09:30:04.730+0000] {logging_mixin.py:190} INFO - [2026-07-25T09:30:04.730+0000] {dagbag.py:588} INFO - Filling up the DagBag from /home/airflow/.local/lib/python3.12/site-packages/airflow/example_dags/tutorial_dag.py
[2026-07-25T09:30:04.737+0000] {processor.py:925} INFO - DAG(s) 'tutorial_dag' retrieved from /home/airflow/.local/lib/python3.12/site-packages/airflow/example_dags/tutorial_dag.py
[2026-07-25T09:30:04.752+0000] {logging_mixin.py:190} INFO - [2026-07-25T09:30:04.752+0000] {dag.py:3239} INFO - Sync 1 DAGs
[2026-07-25T09:30:04.763+0000] {logging_mixin.py:190} INFO - [2026-07-25T09:30:04.763+0000] {dag.py:4180} INFO - Setting next_dagrun for tutorial_dag to None, run_after=None
[2026-07-25T09:30:04.777+0000] {processor.py:208} INFO - Processing /home/airflow/.local/lib/python3.12/site-packages/airflow/example_dags/tutorial_dag.py took 0.057 seconds
[2026-07-25T09:30:34.932+0000] {processor.py:186} INFO - Started process (PID=548) to work on /home/airflow/.local/lib/python3.12/site-packages/airflow/example_dags/tutorial_dag.py
[2026-07-25T09:30:34.932+0000] {processor.py:914} INFO - Processing file /home/airflow/.local/lib/python3.12/site-packages/airflow/example_dags/tutorial_dag.py for tasks to queue
[2026-07-25T09:30:34.935+0000] {logging_mixin.py:190} INFO - [2026-07-25T09:30:34.934+0000] {dagbag.py:588} INFO - Filling up the DagBag from /home/airflow/.local/lib/python3.12/site-packages/airflow/example_dags/tutorial_dag.py
[2026-07-25T09:30:34.939+0000] {processor.py:925} INFO - DAG(s) 'tutorial_dag' retrieved from /home/airflow/.local/lib/python3.12/site-packages/airflow/example_dags/tutorial_dag.py
[2026-07-25T09:30:34.952+0000] {logging_mixin.py:190} INFO - [2026-07-25T09:30:34.952+0000] {dag.py:3239} INFO - Sync 1 DAGs
[2026-07-25T09:30:34.961+0000] {logging_mixin.py:190} INFO - [2026-07-25T09:30:34.961+0000] {dag.py:4180} INFO - Setting next_dagrun for tutorial_dag to None, run_after=None
[2026-07-25T09:30:34.983+0000] {processor.py:208} INFO - Processing /home/airflow/.local/lib/python3.12/site-packages/airflow/example_dags/tutorial_dag.py took 0.056 seconds
