[2026-07-25T09:06:12.562+0000] {processor.py:186} INFO - Started process (PID=71) to work on /home/airflow/.local/lib/python3.12/site-packages/airflow/example_dags/tutorial_objectstorage.py
[2026-07-25T09:06:12.564+0000] {processor.py:914} INFO - Processing file /home/airflow/.local/lib/python3.12/site-packages/airflow/example_dags/tutorial_objectstorage.py for tasks to queue
[2026-07-25T09:06:12.566+0000] {logging_mixin.py:190} INFO - [2026-07-25T09:06:12.566+0000] {dagbag.py:588} INFO - Filling up the DagBag from /home/airflow/.local/lib/python3.12/site-packages/airflow/example_dags/tutorial_objectstorage.py
[2026-07-25T09:06:12.583+0000] {processor.py:925} INFO - DAG(s) 'tutorial_objectstorage' retrieved from /home/airflow/.local/lib/python3.12/site-packages/airflow/example_dags/tutorial_objectstorage.py
[2026-07-25T09:06:12.658+0000] {logging_mixin.py:190} INFO - [2026-07-25T09:06:12.657+0000] {override.py:1932} INFO - Created Permission View: can edit on DAG:tutorial_objectstorage
[2026-07-25T09:06:12.665+0000] {logging_mixin.py:190} INFO - [2026-07-25T09:06:12.665+0000] {override.py:1932} INFO - Created Permission View: can read on DAG:tutorial_objectstorage
[2026-07-25T09:06:12.673+0000] {logging_mixin.py:190} INFO - [2026-07-25T09:06:12.673+0000] {override.py:1932} INFO - Created Permission View: can delete on DAG:tutorial_objectstorage
[2026-07-25T09:06:12.684+0000] {logging_mixin.py:190} INFO - [2026-07-25T09:06:12.684+0000] {override.py:1932} INFO - Created Permission View: can create on DAG Run:tutorial_objectstorage
[2026-07-25T09:06:12.691+0000] {logging_mixin.py:190} INFO - [2026-07-25T09:06:12.690+0000] {override.py:1932} INFO - Created Permission View: can read on DAG Run:tutorial_objectstorage
[2026-07-25T09:06:12.697+0000] {logging_mixin.py:190} INFO - [2026-07-25T09:06:12.697+0000] {override.py:1932} INFO - Created Permission View: can delete on DAG Run:tutorial_objectstorage
[2026-07-25T09:06:12.705+0000] {logging_mixin.py:190} INFO - [2026-07-25T09:06:12.705+0000] {override.py:1932} INFO - Created Permission View: menu access on DAG Run:tutorial_objectstorage
[2026-07-25T09:06:12.706+0000] {logging_mixin.py:190} INFO - [2026-07-25T09:06:12.706+0000] {dag.py:3239} INFO - Sync 1 DAGs
[2026-07-25T09:06:12.714+0000] {logging_mixin.py:190} INFO - [2026-07-25T09:06:12.714+0000] {dag.py:3262} INFO - Creating ORM DAG for tutorial_objectstorage
[2026-07-25T09:06:12.715+0000] {logging_mixin.py:190} INFO - [2026-07-25T09:06:12.714+0000] {dag.py:4180} INFO - Setting next_dagrun for tutorial_objectstorage to None, run_after=None
[2026-07-25T09:06:12.726+0000] {processor.py:208} INFO - Processing /home/airflow/.local/lib/python3.12/site-packages/airflow/example_dags/tutorial_objectstorage.py took 0.168 seconds
[2026-07-25T09:06:43.335+0000] {processor.py:186} INFO - Started process (PID=134) to work on /home/airflow/.local/lib/python3.12/site-packages/airflow/example_dags/tutorial_objectstorage.py
[2026-07-25T09:06:43.336+0000] {processor.py:914} INFO - Processing file /home/airflow/.local/lib/python3.12/site-packages/airflow/example_dags/tutorial_objectstorage.py for tasks to queue
[2026-07-25T09:06:43.338+0000] {logging_mixin.py:190} INFO - [2026-07-25T09:06:43.338+0000] {dagbag.py:588} INFO - Filling up the DagBag from /home/airflow/.local/lib/python3.12/site-packages/airflow/example_dags/tutorial_objectstorage.py
[2026-07-25T09:06:43.344+0000] {processor.py:925} INFO - DAG(s) 'tutorial_objectstorage' retrieved from /home/airflow/.local/lib/python3.12/site-packages/airflow/example_dags/tutorial_objectstorage.py
[2026-07-25T09:06:43.357+0000] {logging_mixin.py:190} INFO - [2026-07-25T09:06:43.357+0000] {dag.py:3239} INFO - Sync 1 DAGs
[2026-07-25T09:06:43.367+0000] {logging_mixin.py:190} INFO - [2026-07-25T09:06:43.366+0000] {dag.py:4180} INFO - Setting next_dagrun for tutorial_objectstorage to None, run_after=None
[2026-07-25T09:06:43.378+0000] {processor.py:208} INFO - Processing /home/airflow/.local/lib/python3.12/site-packages/airflow/example_dags/tutorial_objectstorage.py took 0.047 seconds
[2026-07-25T09:07:14.351+0000] {processor.py:186} INFO - Started process (PID=197) to work on /home/airflow/.local/lib/python3.12/site-packages/airflow/example_dags/tutorial_objectstorage.py
[2026-07-25T09:07:14.352+0000] {processor.py:914} INFO - Processing file /home/airflow/.local/lib/python3.12/site-packages/airflow/example_dags/tutorial_objectstorage.py for tasks to queue
[2026-07-25T09:07:14.354+0000] {logging_mixin.py:190} INFO - [2026-07-25T09:07:14.354+0000] {dagbag.py:588} INFO - Filling up the DagBag from /home/airflow/.local/lib/python3.12/site-packages/airflow/example_dags/tutorial_objectstorage.py
[2026-07-25T09:07:14.362+0000] {processor.py:925} INFO - DAG(s) 'tutorial_objectstorage' retrieved from /home/airflow/.local/lib/python3.12/site-packages/airflow/example_dags/tutorial_objectstorage.py
[2026-07-25T09:07:14.376+0000] {logging_mixin.py:190} INFO - [2026-07-25T09:07:14.376+0000] {dag.py:3239} INFO - Sync 1 DAGs
[2026-07-25T09:07:14.386+0000] {logging_mixin.py:190} INFO - [2026-07-25T09:07:14.386+0000] {dag.py:4180} INFO - Setting next_dagrun for tutorial_objectstorage to None, run_after=None
[2026-07-25T09:07:14.397+0000] {processor.py:208} INFO - Processing /home/airflow/.local/lib/python3.12/site-packages/airflow/example_dags/tutorial_objectstorage.py took 0.051 seconds
[2026-07-25T09:07:44.862+0000] {processor.py:186} INFO - Started process (PID=260) to work on /home/airflow/.local/lib/python3.12/site-packages/airflow/example_dags/tutorial_objectstorage.py
[2026-07-25T09:07:44.863+0000] {processor.py:914} INFO - Processing file /home/airflow/.local/lib/python3.12/site-packages/airflow/example_dags/tutorial_objectstorage.py for tasks to queue
[2026-07-25T09:07:44.865+0000] {logging_mixin.py:190} INFO - [2026-07-25T09:07:44.865+0000] {dagbag.py:588} INFO - Filling up the DagBag from /home/airflow/.local/lib/python3.12/site-packages/airflow/example_dags/tutorial_objectstorage.py
[2026-07-25T09:07:44.871+0000] {processor.py:925} INFO - DAG(s) 'tutorial_objectstorage' retrieved from /home/airflow/.local/lib/python3.12/site-packages/airflow/example_dags/tutorial_objectstorage.py
[2026-07-25T09:07:44.884+0000] {logging_mixin.py:190} INFO - [2026-07-25T09:07:44.883+0000] {dag.py:3239} INFO - Sync 1 DAGs
[2026-07-25T09:07:44.892+0000] {logging_mixin.py:190} INFO - [2026-07-25T09:07:44.892+0000] {dag.py:4180} INFO - Setting next_dagrun for tutorial_objectstorage to None, run_after=None
[2026-07-25T09:07:44.903+0000] {processor.py:208} INFO - Processing /home/airflow/.local/lib/python3.12/site-packages/airflow/example_dags/tutorial_objectstorage.py took 0.043 seconds
[2026-07-25T09:08:15.311+0000] {processor.py:186} INFO - Started process (PID=329) to work on /home/airflow/.local/lib/python3.12/site-packages/airflow/example_dags/tutorial_objectstorage.py
[2026-07-25T09:08:15.312+0000] {processor.py:914} INFO - Processing file /home/airflow/.local/lib/python3.12/site-packages/airflow/example_dags/tutorial_objectstorage.py for tasks to queue
[2026-07-25T09:08:15.314+0000] {logging_mixin.py:190} INFO - [2026-07-25T09:08:15.314+0000] {dagbag.py:588} INFO - Filling up the DagBag from /home/airflow/.local/lib/python3.12/site-packages/airflow/example_dags/tutorial_objectstorage.py
[2026-07-25T09:08:15.321+0000] {processor.py:925} INFO - DAG(s) 'tutorial_objectstorage' retrieved from /home/airflow/.local/lib/python3.12/site-packages/airflow/example_dags/tutorial_objectstorage.py
[2026-07-25T09:08:15.336+0000] {logging_mixin.py:190} INFO - [2026-07-25T09:08:15.336+0000] {dag.py:3239} INFO - Sync 1 DAGs
[2026-07-25T09:08:15.345+0000] {logging_mixin.py:190} INFO - [2026-07-25T09:08:15.345+0000] {dag.py:4180} INFO - Setting next_dagrun for tutorial_objectstorage to None, run_after=None
[2026-07-25T09:08:15.356+0000] {processor.py:208} INFO - Processing /home/airflow/.local/lib/python3.12/site-packages/airflow/example_dags/tutorial_objectstorage.py took 0.050 seconds
[2026-07-25T09:08:46.105+0000] {processor.py:186} INFO - Started process (PID=392) to work on /home/airflow/.local/lib/python3.12/site-packages/airflow/example_dags/tutorial_objectstorage.py
[2026-07-25T09:08:46.106+0000] {processor.py:914} INFO - Processing file /home/airflow/.local/lib/python3.12/site-packages/airflow/example_dags/tutorial_objectstorage.py for tasks to queue
[2026-07-25T09:08:46.108+0000] {logging_mixin.py:190} INFO - [2026-07-25T09:08:46.108+0000] {dagbag.py:588} INFO - Filling up the DagBag from /home/airflow/.local/lib/python3.12/site-packages/airflow/example_dags/tutorial_objectstorage.py
[2026-07-25T09:08:46.114+0000] {processor.py:925} INFO - DAG(s) 'tutorial_objectstorage' retrieved from /home/airflow/.local/lib/python3.12/site-packages/airflow/example_dags/tutorial_objectstorage.py
[2026-07-25T09:08:46.128+0000] {logging_mixin.py:190} INFO - [2026-07-25T09:08:46.127+0000] {dag.py:3239} INFO - Sync 1 DAGs
[2026-07-25T09:08:46.137+0000] {logging_mixin.py:190} INFO - [2026-07-25T09:08:46.137+0000] {dag.py:4180} INFO - Setting next_dagrun for tutorial_objectstorage to None, run_after=None
[2026-07-25T09:08:46.150+0000] {processor.py:208} INFO - Processing /home/airflow/.local/lib/python3.12/site-packages/airflow/example_dags/tutorial_objectstorage.py took 0.047 seconds
[2026-07-25T09:09:20.033+0000] {processor.py:186} INFO - Started process (PID=455) to work on /home/airflow/.local/lib/python3.12/site-packages/airflow/example_dags/tutorial_objectstorage.py
[2026-07-25T09:09:20.034+0000] {processor.py:914} INFO - Processing file /home/airflow/.local/lib/python3.12/site-packages/airflow/example_dags/tutorial_objectstorage.py for tasks to queue
[2026-07-25T09:09:20.036+0000] {logging_mixin.py:190} INFO - [2026-07-25T09:09:20.035+0000] {dagbag.py:588} INFO - Filling up the DagBag from /home/airflow/.local/lib/python3.12/site-packages/airflow/example_dags/tutorial_objectstorage.py
[2026-07-25T09:09:20.041+0000] {processor.py:925} INFO - DAG(s) 'tutorial_objectstorage' retrieved from /home/airflow/.local/lib/python3.12/site-packages/airflow/example_dags/tutorial_objectstorage.py
[2026-07-25T09:09:20.053+0000] {logging_mixin.py:190} INFO - [2026-07-25T09:09:20.053+0000] {dag.py:3239} INFO - Sync 1 DAGs
[2026-07-25T09:09:20.062+0000] {logging_mixin.py:190} INFO - [2026-07-25T09:09:20.062+0000] {dag.py:4180} INFO - Setting next_dagrun for tutorial_objectstorage to None, run_after=None
[2026-07-25T09:09:20.074+0000] {processor.py:208} INFO - Processing /home/airflow/.local/lib/python3.12/site-packages/airflow/example_dags/tutorial_objectstorage.py took 0.044 seconds
[2026-07-25T09:09:50.268+0000] {processor.py:186} INFO - Started process (PID=517) to work on /home/airflow/.local/lib/python3.12/site-packages/airflow/example_dags/tutorial_objectstorage.py
[2026-07-25T09:09:50.269+0000] {processor.py:914} INFO - Processing file /home/airflow/.local/lib/python3.12/site-packages/airflow/example_dags/tutorial_objectstorage.py for tasks to queue
[2026-07-25T09:09:50.271+0000] {logging_mixin.py:190} INFO - [2026-07-25T09:09:50.270+0000] {dagbag.py:588} INFO - Filling up the DagBag from /home/airflow/.local/lib/python3.12/site-packages/airflow/example_dags/tutorial_objectstorage.py
[2026-07-25T09:09:50.277+0000] {processor.py:925} INFO - DAG(s) 'tutorial_objectstorage' retrieved from /home/airflow/.local/lib/python3.12/site-packages/airflow/example_dags/tutorial_objectstorage.py
[2026-07-25T09:09:50.290+0000] {logging_mixin.py:190} INFO - [2026-07-25T09:09:50.290+0000] {dag.py:3239} INFO - Sync 1 DAGs
[2026-07-25T09:09:50.298+0000] {logging_mixin.py:190} INFO - [2026-07-25T09:09:50.298+0000] {dag.py:4180} INFO - Setting next_dagrun for tutorial_objectstorage to None, run_after=None
[2026-07-25T09:09:50.312+0000] {processor.py:208} INFO - Processing /home/airflow/.local/lib/python3.12/site-packages/airflow/example_dags/tutorial_objectstorage.py took 0.048 seconds
[2026-07-25T09:10:20.721+0000] {processor.py:186} INFO - Started process (PID=579) to work on /home/airflow/.local/lib/python3.12/site-packages/airflow/example_dags/tutorial_objectstorage.py
[2026-07-25T09:10:20.722+0000] {processor.py:914} INFO - Processing file /home/airflow/.local/lib/python3.12/site-packages/airflow/example_dags/tutorial_objectstorage.py for tasks to queue
[2026-07-25T09:10:20.724+0000] {logging_mixin.py:190} INFO - [2026-07-25T09:10:20.723+0000] {dagbag.py:588} INFO - Filling up the DagBag from /home/airflow/.local/lib/python3.12/site-packages/airflow/example_dags/tutorial_objectstorage.py
[2026-07-25T09:10:20.730+0000] {processor.py:925} INFO - DAG(s) 'tutorial_objectstorage' retrieved from /home/airflow/.local/lib/python3.12/site-packages/airflow/example_dags/tutorial_objectstorage.py
[2026-07-25T09:10:20.743+0000] {logging_mixin.py:190} INFO - [2026-07-25T09:10:20.742+0000] {dag.py:3239} INFO - Sync 1 DAGs
[2026-07-25T09:10:20.752+0000] {logging_mixin.py:190} INFO - [2026-07-25T09:10:20.752+0000] {dag.py:4180} INFO - Setting next_dagrun for tutorial_objectstorage to None, run_after=None
[2026-07-25T09:10:20.764+0000] {processor.py:208} INFO - Processing /home/airflow/.local/lib/python3.12/site-packages/airflow/example_dags/tutorial_objectstorage.py took 0.047 seconds
[2026-07-25T09:10:51.273+0000] {processor.py:186} INFO - Started process (PID=637) to work on /home/airflow/.local/lib/python3.12/site-packages/airflow/example_dags/tutorial_objectstorage.py
[2026-07-25T09:10:51.274+0000] {processor.py:914} INFO - Processing file /home/airflow/.local/lib/python3.12/site-packages/airflow/example_dags/tutorial_objectstorage.py for tasks to queue
[2026-07-25T09:10:51.276+0000] {logging_mixin.py:190} INFO - [2026-07-25T09:10:51.276+0000] {dagbag.py:588} INFO - Filling up the DagBag from /home/airflow/.local/lib/python3.12/site-packages/airflow/example_dags/tutorial_objectstorage.py
[2026-07-25T09:10:51.281+0000] {processor.py:925} INFO - DAG(s) 'tutorial_objectstorage' retrieved from /home/airflow/.local/lib/python3.12/site-packages/airflow/example_dags/tutorial_objectstorage.py
[2026-07-25T09:10:51.295+0000] {logging_mixin.py:190} INFO - [2026-07-25T09:10:51.294+0000] {dag.py:3239} INFO - Sync 1 DAGs
[2026-07-25T09:10:51.304+0000] {logging_mixin.py:190} INFO - [2026-07-25T09:10:51.304+0000] {dag.py:4180} INFO - Setting next_dagrun for tutorial_objectstorage to None, run_after=None
[2026-07-25T09:10:51.316+0000] {processor.py:208} INFO - Processing /home/airflow/.local/lib/python3.12/site-packages/airflow/example_dags/tutorial_objectstorage.py took 0.046 seconds
[2026-07-25T09:11:21.353+0000] {processor.py:186} INFO - Started process (PID=699) to work on /home/airflow/.local/lib/python3.12/site-packages/airflow/example_dags/tutorial_objectstorage.py
[2026-07-25T09:11:21.354+0000] {processor.py:914} INFO - Processing file /home/airflow/.local/lib/python3.12/site-packages/airflow/example_dags/tutorial_objectstorage.py for tasks to queue
[2026-07-25T09:11:21.356+0000] {logging_mixin.py:190} INFO - [2026-07-25T09:11:21.355+0000] {dagbag.py:588} INFO - Filling up the DagBag from /home/airflow/.local/lib/python3.12/site-packages/airflow/example_dags/tutorial_objectstorage.py
[2026-07-25T09:11:21.361+0000] {processor.py:925} INFO - DAG(s) 'tutorial_objectstorage' retrieved from /home/airflow/.local/lib/python3.12/site-packages/airflow/example_dags/tutorial_objectstorage.py
[2026-07-25T09:11:21.373+0000] {logging_mixin.py:190} INFO - [2026-07-25T09:11:21.373+0000] {dag.py:3239} INFO - Sync 1 DAGs
[2026-07-25T09:11:21.382+0000] {logging_mixin.py:190} INFO - [2026-07-25T09:11:21.382+0000] {dag.py:4180} INFO - Setting next_dagrun for tutorial_objectstorage to None, run_after=None
[2026-07-25T09:11:21.393+0000] {processor.py:208} INFO - Processing /home/airflow/.local/lib/python3.12/site-packages/airflow/example_dags/tutorial_objectstorage.py took 0.044 seconds
[2026-07-25T09:11:51.815+0000] {processor.py:186} INFO - Started process (PID=761) to work on /home/airflow/.local/lib/python3.12/site-packages/airflow/example_dags/tutorial_objectstorage.py
[2026-07-25T09:11:51.816+0000] {processor.py:914} INFO - Processing file /home/airflow/.local/lib/python3.12/site-packages/airflow/example_dags/tutorial_objectstorage.py for tasks to queue
[2026-07-25T09:11:51.818+0000] {logging_mixin.py:190} INFO - [2026-07-25T09:11:51.817+0000] {dagbag.py:588} INFO - Filling up the DagBag from /home/airflow/.local/lib/python3.12/site-packages/airflow/example_dags/tutorial_objectstorage.py
[2026-07-25T09:11:51.823+0000] {processor.py:925} INFO - DAG(s) 'tutorial_objectstorage' retrieved from /home/airflow/.local/lib/python3.12/site-packages/airflow/example_dags/tutorial_objectstorage.py
[2026-07-25T09:11:51.836+0000] {logging_mixin.py:190} INFO - [2026-07-25T09:11:51.836+0000] {dag.py:3239} INFO - Sync 1 DAGs
[2026-07-25T09:11:51.846+0000] {logging_mixin.py:190} INFO - [2026-07-25T09:11:51.845+0000] {dag.py:4180} INFO - Setting next_dagrun for tutorial_objectstorage to None, run_after=None
[2026-07-25T09:11:51.857+0000] {processor.py:208} INFO - Processing /home/airflow/.local/lib/python3.12/site-packages/airflow/example_dags/tutorial_objectstorage.py took 0.045 seconds
[2026-07-25T09:12:22.549+0000] {processor.py:186} INFO - Started process (PID=825) to work on /home/airflow/.local/lib/python3.12/site-packages/airflow/example_dags/tutorial_objectstorage.py
[2026-07-25T09:12:22.549+0000] {processor.py:914} INFO - Processing file /home/airflow/.local/lib/python3.12/site-packages/airflow/example_dags/tutorial_objectstorage.py for tasks to queue
[2026-07-25T09:12:22.551+0000] {logging_mixin.py:190} INFO - [2026-07-25T09:12:22.551+0000] {dagbag.py:588} INFO - Filling up the DagBag from /home/airflow/.local/lib/python3.12/site-packages/airflow/example_dags/tutorial_objectstorage.py
[2026-07-25T09:12:22.558+0000] {processor.py:925} INFO - DAG(s) 'tutorial_objectstorage' retrieved from /home/airflow/.local/lib/python3.12/site-packages/airflow/example_dags/tutorial_objectstorage.py
[2026-07-25T09:12:22.572+0000] {logging_mixin.py:190} INFO - [2026-07-25T09:12:22.572+0000] {dag.py:3239} INFO - Sync 1 DAGs
[2026-07-25T09:12:22.582+0000] {logging_mixin.py:190} INFO - [2026-07-25T09:12:22.582+0000] {dag.py:4180} INFO - Setting next_dagrun for tutorial_objectstorage to None, run_after=None
[2026-07-25T09:12:22.595+0000] {processor.py:208} INFO - Processing /home/airflow/.local/lib/python3.12/site-packages/airflow/example_dags/tutorial_objectstorage.py took 0.050 seconds
[2026-07-25T09:12:52.695+0000] {processor.py:186} INFO - Started process (PID=888) to work on /home/airflow/.local/lib/python3.12/site-packages/airflow/example_dags/tutorial_objectstorage.py
[2026-07-25T09:12:52.695+0000] {processor.py:914} INFO - Processing file /home/airflow/.local/lib/python3.12/site-packages/airflow/example_dags/tutorial_objectstorage.py for tasks to queue
[2026-07-25T09:12:52.697+0000] {logging_mixin.py:190} INFO - [2026-07-25T09:12:52.697+0000] {dagbag.py:588} INFO - Filling up the DagBag from /home/airflow/.local/lib/python3.12/site-packages/airflow/example_dags/tutorial_objectstorage.py
[2026-07-25T09:12:52.703+0000] {processor.py:925} INFO - DAG(s) 'tutorial_objectstorage' retrieved from /home/airflow/.local/lib/python3.12/site-packages/airflow/example_dags/tutorial_objectstorage.py
[2026-07-25T09:12:52.715+0000] {logging_mixin.py:190} INFO - [2026-07-25T09:12:52.715+0000] {dag.py:3239} INFO - Sync 1 DAGs
[2026-07-25T09:12:52.723+0000] {logging_mixin.py:190} INFO - [2026-07-25T09:12:52.723+0000] {dag.py:4180} INFO - Setting next_dagrun for tutorial_objectstorage to None, run_after=None
[2026-07-25T09:12:52.735+0000] {processor.py:208} INFO - Processing /home/airflow/.local/lib/python3.12/site-packages/airflow/example_dags/tutorial_objectstorage.py took 0.043 seconds
[2026-07-25T09:13:25.437+0000] {processor.py:186} INFO - Started process (PID=951) to work on /home/airflow/.local/lib/python3.12/site-packages/airflow/example_dags/tutorial_objectstorage.py
[2026-07-25T09:13:25.438+0000] {processor.py:914} INFO - Processing file /home/airflow/.local/lib/python3.12/site-packages/airflow/example_dags/tutorial_objectstorage.py for tasks to queue
[2026-07-25T09:13:25.439+0000] {logging_mixin.py:190} INFO - [2026-07-25T09:13:25.439+0000] {dagbag.py:588} INFO - Filling up the DagBag from /home/airflow/.local/lib/python3.12/site-packages/airflow/example_dags/tutorial_objectstorage.py
[2026-07-25T09:13:25.446+0000] {processor.py:925} INFO - DAG(s) 'tutorial_objectstorage' retrieved from /home/airflow/.local/lib/python3.12/site-packages/airflow/example_dags/tutorial_objectstorage.py
[2026-07-25T09:13:25.458+0000] {logging_mixin.py:190} INFO - [2026-07-25T09:13:25.458+0000] {dag.py:3239} INFO - Sync 1 DAGs
[2026-07-25T09:13:25.467+0000] {logging_mixin.py:190} INFO - [2026-07-25T09:13:25.467+0000] {dag.py:4180} INFO - Setting next_dagrun for tutorial_objectstorage to None, run_after=None
[2026-07-25T09:13:25.477+0000] {processor.py:208} INFO - Processing /home/airflow/.local/lib/python3.12/site-packages/airflow/example_dags/tutorial_objectstorage.py took 0.044 seconds
[2026-07-25T09:13:55.530+0000] {processor.py:186} INFO - Started process (PID=1013) to work on /home/airflow/.local/lib/python3.12/site-packages/airflow/example_dags/tutorial_objectstorage.py
[2026-07-25T09:13:55.530+0000] {processor.py:914} INFO - Processing file /home/airflow/.local/lib/python3.12/site-packages/airflow/example_dags/tutorial_objectstorage.py for tasks to queue
[2026-07-25T09:13:55.532+0000] {logging_mixin.py:190} INFO - [2026-07-25T09:13:55.532+0000] {dagbag.py:588} INFO - Filling up the DagBag from /home/airflow/.local/lib/python3.12/site-packages/airflow/example_dags/tutorial_objectstorage.py
[2026-07-25T09:13:55.539+0000] {processor.py:925} INFO - DAG(s) 'tutorial_objectstorage' retrieved from /home/airflow/.local/lib/python3.12/site-packages/airflow/example_dags/tutorial_objectstorage.py
[2026-07-25T09:13:55.550+0000] {logging_mixin.py:190} INFO - [2026-07-25T09:13:55.550+0000] {dag.py:3239} INFO - Sync 1 DAGs
[2026-07-25T09:13:55.559+0000] {logging_mixin.py:190} INFO - [2026-07-25T09:13:55.558+0000] {dag.py:4180} INFO - Setting next_dagrun for tutorial_objectstorage to None, run_after=None
[2026-07-25T09:13:55.569+0000] {processor.py:208} INFO - Processing /home/airflow/.local/lib/python3.12/site-packages/airflow/example_dags/tutorial_objectstorage.py took 0.043 seconds
[2026-07-25T09:14:25.681+0000] {processor.py:186} INFO - Started process (PID=1075) to work on /home/airflow/.local/lib/python3.12/site-packages/airflow/example_dags/tutorial_objectstorage.py
[2026-07-25T09:14:25.681+0000] {processor.py:914} INFO - Processing file /home/airflow/.local/lib/python3.12/site-packages/airflow/example_dags/tutorial_objectstorage.py for tasks to queue
[2026-07-25T09:14:25.683+0000] {logging_mixin.py:190} INFO - [2026-07-25T09:14:25.683+0000] {dagbag.py:588} INFO - Filling up the DagBag from /home/airflow/.local/lib/python3.12/site-packages/airflow/example_dags/tutorial_objectstorage.py
[2026-07-25T09:14:25.689+0000] {processor.py:925} INFO - DAG(s) 'tutorial_objectstorage' retrieved from /home/airflow/.local/lib/python3.12/site-packages/airflow/example_dags/tutorial_objectstorage.py
[2026-07-25T09:14:25.702+0000] {logging_mixin.py:190} INFO - [2026-07-25T09:14:25.702+0000] {dag.py:3239} INFO - Sync 1 DAGs
[2026-07-25T09:14:25.710+0000] {logging_mixin.py:190} INFO - [2026-07-25T09:14:25.710+0000] {dag.py:4180} INFO - Setting next_dagrun for tutorial_objectstorage to None, run_after=None
[2026-07-25T09:14:25.721+0000] {processor.py:208} INFO - Processing /home/airflow/.local/lib/python3.12/site-packages/airflow/example_dags/tutorial_objectstorage.py took 0.044 seconds
[2026-07-25T09:15:32.987+0000] {processor.py:186} INFO - Started process (PID=71) to work on /home/airflow/.local/lib/python3.12/site-packages/airflow/example_dags/tutorial_objectstorage.py
[2026-07-25T09:15:32.988+0000] {processor.py:914} INFO - Processing file /home/airflow/.local/lib/python3.12/site-packages/airflow/example_dags/tutorial_objectstorage.py for tasks to queue
[2026-07-25T09:15:32.990+0000] {logging_mixin.py:190} INFO - [2026-07-25T09:15:32.990+0000] {dagbag.py:588} INFO - Filling up the DagBag from /home/airflow/.local/lib/python3.12/site-packages/airflow/example_dags/tutorial_objectstorage.py
[2026-07-25T09:15:32.998+0000] {processor.py:925} INFO - DAG(s) 'tutorial_objectstorage' retrieved from /home/airflow/.local/lib/python3.12/site-packages/airflow/example_dags/tutorial_objectstorage.py
[2026-07-25T09:15:33.016+0000] {logging_mixin.py:190} INFO - [2026-07-25T09:15:33.016+0000] {dag.py:3239} INFO - Sync 1 DAGs
[2026-07-25T09:15:33.026+0000] {logging_mixin.py:190} INFO - [2026-07-25T09:15:33.026+0000] {dag.py:4180} INFO - Setting next_dagrun for tutorial_objectstorage to None, run_after=None
[2026-07-25T09:15:33.039+0000] {processor.py:208} INFO - Processing /home/airflow/.local/lib/python3.12/site-packages/airflow/example_dags/tutorial_objectstorage.py took 0.056 seconds
[2026-07-25T09:16:03.312+0000] {processor.py:186} INFO - Started process (PID=134) to work on /home/airflow/.local/lib/python3.12/site-packages/airflow/example_dags/tutorial_objectstorage.py
[2026-07-25T09:16:03.313+0000] {processor.py:914} INFO - Processing file /home/airflow/.local/lib/python3.12/site-packages/airflow/example_dags/tutorial_objectstorage.py for tasks to queue
[2026-07-25T09:16:03.316+0000] {logging_mixin.py:190} INFO - [2026-07-25T09:16:03.316+0000] {dagbag.py:588} INFO - Filling up the DagBag from /home/airflow/.local/lib/python3.12/site-packages/airflow/example_dags/tutorial_objectstorage.py
[2026-07-25T09:16:03.326+0000] {processor.py:925} INFO - DAG(s) 'tutorial_objectstorage' retrieved from /home/airflow/.local/lib/python3.12/site-packages/airflow/example_dags/tutorial_objectstorage.py
[2026-07-25T09:16:03.340+0000] {logging_mixin.py:190} INFO - [2026-07-25T09:16:03.340+0000] {dag.py:3239} INFO - Sync 1 DAGs
[2026-07-25T09:16:03.353+0000] {logging_mixin.py:190} INFO - [2026-07-25T09:16:03.352+0000] {dag.py:4180} INFO - Setting next_dagrun for tutorial_objectstorage to None, run_after=None
[2026-07-25T09:16:03.376+0000] {processor.py:208} INFO - Processing /home/airflow/.local/lib/python3.12/site-packages/airflow/example_dags/tutorial_objectstorage.py took 0.069 seconds
[2026-07-25T09:16:33.990+0000] {processor.py:186} INFO - Started process (PID=197) to work on /home/airflow/.local/lib/python3.12/site-packages/airflow/example_dags/tutorial_objectstorage.py
[2026-07-25T09:16:33.992+0000] {processor.py:914} INFO - Processing file /home/airflow/.local/lib/python3.12/site-packages/airflow/example_dags/tutorial_objectstorage.py for tasks to queue
[2026-07-25T09:16:33.994+0000] {logging_mixin.py:190} INFO - [2026-07-25T09:16:33.994+0000] {dagbag.py:588} INFO - Filling up the DagBag from /home/airflow/.local/lib/python3.12/site-packages/airflow/example_dags/tutorial_objectstorage.py
[2026-07-25T09:16:34.005+0000] {processor.py:925} INFO - DAG(s) 'tutorial_objectstorage' retrieved from /home/airflow/.local/lib/python3.12/site-packages/airflow/example_dags/tutorial_objectstorage.py
[2026-07-25T09:16:34.024+0000] {logging_mixin.py:190} INFO - [2026-07-25T09:16:34.024+0000] {dag.py:3239} INFO - Sync 1 DAGs
[2026-07-25T09:16:34.032+0000] {logging_mixin.py:190} INFO - [2026-07-25T09:16:34.032+0000] {dag.py:4180} INFO - Setting next_dagrun for tutorial_objectstorage to None, run_after=None
[2026-07-25T09:16:34.043+0000] {processor.py:208} INFO - Processing /home/airflow/.local/lib/python3.12/site-packages/airflow/example_dags/tutorial_objectstorage.py took 0.058 seconds
[2026-07-25T09:17:04.717+0000] {processor.py:186} INFO - Started process (PID=260) to work on /home/airflow/.local/lib/python3.12/site-packages/airflow/example_dags/tutorial_objectstorage.py
[2026-07-25T09:17:04.717+0000] {processor.py:914} INFO - Processing file /home/airflow/.local/lib/python3.12/site-packages/airflow/example_dags/tutorial_objectstorage.py for tasks to queue
[2026-07-25T09:17:04.719+0000] {logging_mixin.py:190} INFO - [2026-07-25T09:17:04.719+0000] {dagbag.py:588} INFO - Filling up the DagBag from /home/airflow/.local/lib/python3.12/site-packages/airflow/example_dags/tutorial_objectstorage.py
[2026-07-25T09:17:04.725+0000] {processor.py:925} INFO - DAG(s) 'tutorial_objectstorage' retrieved from /home/airflow/.local/lib/python3.12/site-packages/airflow/example_dags/tutorial_objectstorage.py
[2026-07-25T09:17:04.738+0000] {logging_mixin.py:190} INFO - [2026-07-25T09:17:04.738+0000] {dag.py:3239} INFO - Sync 1 DAGs
[2026-07-25T09:17:04.748+0000] {logging_mixin.py:190} INFO - [2026-07-25T09:17:04.747+0000] {dag.py:4180} INFO - Setting next_dagrun for tutorial_objectstorage to None, run_after=None
[2026-07-25T09:17:04.759+0000] {processor.py:208} INFO - Processing /home/airflow/.local/lib/python3.12/site-packages/airflow/example_dags/tutorial_objectstorage.py took 0.046 seconds
[2026-07-25T09:17:35.185+0000] {processor.py:186} INFO - Started process (PID=323) to work on /home/airflow/.local/lib/python3.12/site-packages/airflow/example_dags/tutorial_objectstorage.py
[2026-07-25T09:17:35.186+0000] {processor.py:914} INFO - Processing file /home/airflow/.local/lib/python3.12/site-packages/airflow/example_dags/tutorial_objectstorage.py for tasks to queue
[2026-07-25T09:17:35.187+0000] {logging_mixin.py:190} INFO - [2026-07-25T09:17:35.187+0000] {dagbag.py:588} INFO - Filling up the DagBag from /home/airflow/.local/lib/python3.12/site-packages/airflow/example_dags/tutorial_objectstorage.py
[2026-07-25T09:17:35.194+0000] {processor.py:925} INFO - DAG(s) 'tutorial_objectstorage' retrieved from /home/airflow/.local/lib/python3.12/site-packages/airflow/example_dags/tutorial_objectstorage.py
[2026-07-25T09:17:35.207+0000] {logging_mixin.py:190} INFO - [2026-07-25T09:17:35.207+0000] {dag.py:3239} INFO - Sync 1 DAGs
[2026-07-25T09:17:35.216+0000] {logging_mixin.py:190} INFO - [2026-07-25T09:17:35.216+0000] {dag.py:4180} INFO - Setting next_dagrun for tutorial_objectstorage to None, run_after=None
[2026-07-25T09:17:35.228+0000] {processor.py:208} INFO - Processing /home/airflow/.local/lib/python3.12/site-packages/airflow/example_dags/tutorial_objectstorage.py took 0.047 seconds
[2026-07-25T09:18:05.499+0000] {processor.py:186} INFO - Started process (PID=386) to work on /home/airflow/.local/lib/python3.12/site-packages/airflow/example_dags/tutorial_objectstorage.py
[2026-07-25T09:18:05.500+0000] {processor.py:914} INFO - Processing file /home/airflow/.local/lib/python3.12/site-packages/airflow/example_dags/tutorial_objectstorage.py for tasks to queue
[2026-07-25T09:18:05.502+0000] {logging_mixin.py:190} INFO - [2026-07-25T09:18:05.501+0000] {dagbag.py:588} INFO - Filling up the DagBag from /home/airflow/.local/lib/python3.12/site-packages/airflow/example_dags/tutorial_objectstorage.py
[2026-07-25T09:18:05.507+0000] {processor.py:925} INFO - DAG(s) 'tutorial_objectstorage' retrieved from /home/airflow/.local/lib/python3.12/site-packages/airflow/example_dags/tutorial_objectstorage.py
[2026-07-25T09:18:05.519+0000] {logging_mixin.py:190} INFO - [2026-07-25T09:18:05.519+0000] {dag.py:3239} INFO - Sync 1 DAGs
[2026-07-25T09:18:05.527+0000] {logging_mixin.py:190} INFO - [2026-07-25T09:18:05.527+0000] {dag.py:4180} INFO - Setting next_dagrun for tutorial_objectstorage to None, run_after=None
[2026-07-25T09:18:05.538+0000] {processor.py:208} INFO - Processing /home/airflow/.local/lib/python3.12/site-packages/airflow/example_dags/tutorial_objectstorage.py took 0.043 seconds
[2026-07-25T09:18:36.189+0000] {processor.py:186} INFO - Started process (PID=448) to work on /home/airflow/.local/lib/python3.12/site-packages/airflow/example_dags/tutorial_objectstorage.py
[2026-07-25T09:18:36.190+0000] {processor.py:914} INFO - Processing file /home/airflow/.local/lib/python3.12/site-packages/airflow/example_dags/tutorial_objectstorage.py for tasks to queue
[2026-07-25T09:18:36.191+0000] {logging_mixin.py:190} INFO - [2026-07-25T09:18:36.191+0000] {dagbag.py:588} INFO - Filling up the DagBag from /home/airflow/.local/lib/python3.12/site-packages/airflow/example_dags/tutorial_objectstorage.py
[2026-07-25T09:18:36.198+0000] {processor.py:925} INFO - DAG(s) 'tutorial_objectstorage' retrieved from /home/airflow/.local/lib/python3.12/site-packages/airflow/example_dags/tutorial_objectstorage.py
[2026-07-25T09:18:36.209+0000] {logging_mixin.py:190} INFO - [2026-07-25T09:18:36.209+0000] {dag.py:3239} INFO - Sync 1 DAGs
[2026-07-25T09:18:36.218+0000] {logging_mixin.py:190} INFO - [2026-07-25T09:18:36.218+0000] {dag.py:4180} INFO - Setting next_dagrun for tutorial_objectstorage to None, run_after=None
[2026-07-25T09:18:36.228+0000] {processor.py:208} INFO - Processing /home/airflow/.local/lib/python3.12/site-packages/airflow/example_dags/tutorial_objectstorage.py took 0.043 seconds
[2026-07-25T09:19:06.470+0000] {processor.py:186} INFO - Started process (PID=510) to work on /home/airflow/.local/lib/python3.12/site-packages/airflow/example_dags/tutorial_objectstorage.py
[2026-07-25T09:19:06.471+0000] {processor.py:914} INFO - Processing file /home/airflow/.local/lib/python3.12/site-packages/airflow/example_dags/tutorial_objectstorage.py for tasks to queue
[2026-07-25T09:19:06.473+0000] {logging_mixin.py:190} INFO - [2026-07-25T09:19:06.473+0000] {dagbag.py:588} INFO - Filling up the DagBag from /home/airflow/.local/lib/python3.12/site-packages/airflow/example_dags/tutorial_objectstorage.py
[2026-07-25T09:19:06.479+0000] {processor.py:925} INFO - DAG(s) 'tutorial_objectstorage' retrieved from /home/airflow/.local/lib/python3.12/site-packages/airflow/example_dags/tutorial_objectstorage.py
[2026-07-25T09:19:06.491+0000] {logging_mixin.py:190} INFO - [2026-07-25T09:19:06.491+0000] {dag.py:3239} INFO - Sync 1 DAGs
[2026-07-25T09:19:06.499+0000] {logging_mixin.py:190} INFO - [2026-07-25T09:19:06.499+0000] {dag.py:4180} INFO - Setting next_dagrun for tutorial_objectstorage to None, run_after=None
[2026-07-25T09:19:06.511+0000] {processor.py:208} INFO - Processing /home/airflow/.local/lib/python3.12/site-packages/airflow/example_dags/tutorial_objectstorage.py took 0.044 seconds
[2026-07-25T09:20:44.200+0000] {processor.py:186} INFO - Started process (PID=71) to work on /home/airflow/.local/lib/python3.12/site-packages/airflow/example_dags/tutorial_objectstorage.py
[2026-07-25T09:20:44.201+0000] {processor.py:914} INFO - Processing file /home/airflow/.local/lib/python3.12/site-packages/airflow/example_dags/tutorial_objectstorage.py for tasks to queue
[2026-07-25T09:20:44.203+0000] {logging_mixin.py:190} INFO - [2026-07-25T09:20:44.203+0000] {dagbag.py:588} INFO - Filling up the DagBag from /home/airflow/.local/lib/python3.12/site-packages/airflow/example_dags/tutorial_objectstorage.py
[2026-07-25T09:20:44.211+0000] {processor.py:925} INFO - DAG(s) 'tutorial_objectstorage' retrieved from /home/airflow/.local/lib/python3.12/site-packages/airflow/example_dags/tutorial_objectstorage.py
[2026-07-25T09:20:44.230+0000] {logging_mixin.py:190} INFO - [2026-07-25T09:20:44.230+0000] {dag.py:3239} INFO - Sync 1 DAGs
[2026-07-25T09:20:44.241+0000] {logging_mixin.py:190} INFO - [2026-07-25T09:20:44.241+0000] {dag.py:4180} INFO - Setting next_dagrun for tutorial_objectstorage to None, run_after=None
[2026-07-25T09:20:44.256+0000] {processor.py:208} INFO - Processing /home/airflow/.local/lib/python3.12/site-packages/airflow/example_dags/tutorial_objectstorage.py took 0.061 seconds
[2026-07-25T09:21:14.303+0000] {processor.py:186} INFO - Started process (PID=134) to work on /home/airflow/.local/lib/python3.12/site-packages/airflow/example_dags/tutorial_objectstorage.py
[2026-07-25T09:21:14.304+0000] {processor.py:914} INFO - Processing file /home/airflow/.local/lib/python3.12/site-packages/airflow/example_dags/tutorial_objectstorage.py for tasks to queue
[2026-07-25T09:21:14.307+0000] {logging_mixin.py:190} INFO - [2026-07-25T09:21:14.307+0000] {dagbag.py:588} INFO - Filling up the DagBag from /home/airflow/.local/lib/python3.12/site-packages/airflow/example_dags/tutorial_objectstorage.py
[2026-07-25T09:21:14.316+0000] {processor.py:925} INFO - DAG(s) 'tutorial_objectstorage' retrieved from /home/airflow/.local/lib/python3.12/site-packages/airflow/example_dags/tutorial_objectstorage.py
[2026-07-25T09:21:14.330+0000] {logging_mixin.py:190} INFO - [2026-07-25T09:21:14.330+0000] {dag.py:3239} INFO - Sync 1 DAGs
[2026-07-25T09:21:14.339+0000] {logging_mixin.py:190} INFO - [2026-07-25T09:21:14.339+0000] {dag.py:4180} INFO - Setting next_dagrun for tutorial_objectstorage to None, run_after=None
[2026-07-25T09:21:14.352+0000] {processor.py:208} INFO - Processing /home/airflow/.local/lib/python3.12/site-packages/airflow/example_dags/tutorial_objectstorage.py took 0.053 seconds
[2026-07-25T09:21:44.444+0000] {processor.py:186} INFO - Started process (PID=197) to work on /home/airflow/.local/lib/python3.12/site-packages/airflow/example_dags/tutorial_objectstorage.py
[2026-07-25T09:21:44.445+0000] {processor.py:914} INFO - Processing file /home/airflow/.local/lib/python3.12/site-packages/airflow/example_dags/tutorial_objectstorage.py for tasks to queue
[2026-07-25T09:21:44.446+0000] {logging_mixin.py:190} INFO - [2026-07-25T09:21:44.446+0000] {dagbag.py:588} INFO - Filling up the DagBag from /home/airflow/.local/lib/python3.12/site-packages/airflow/example_dags/tutorial_objectstorage.py
[2026-07-25T09:21:44.452+0000] {processor.py:925} INFO - DAG(s) 'tutorial_objectstorage' retrieved from /home/airflow/.local/lib/python3.12/site-packages/airflow/example_dags/tutorial_objectstorage.py
[2026-07-25T09:21:44.467+0000] {logging_mixin.py:190} INFO - [2026-07-25T09:21:44.467+0000] {dag.py:3239} INFO - Sync 1 DAGs
[2026-07-25T09:21:44.479+0000] {logging_mixin.py:190} INFO - [2026-07-25T09:21:44.479+0000] {dag.py:4180} INFO - Setting next_dagrun for tutorial_objectstorage to None, run_after=None
[2026-07-25T09:21:44.492+0000] {processor.py:208} INFO - Processing /home/airflow/.local/lib/python3.12/site-packages/airflow/example_dags/tutorial_objectstorage.py took 0.051 seconds
[2026-07-25T09:22:14.916+0000] {processor.py:186} INFO - Started process (PID=260) to work on /home/airflow/.local/lib/python3.12/site-packages/airflow/example_dags/tutorial_objectstorage.py
[2026-07-25T09:22:14.917+0000] {processor.py:914} INFO - Processing file /home/airflow/.local/lib/python3.12/site-packages/airflow/example_dags/tutorial_objectstorage.py for tasks to queue
[2026-07-25T09:22:14.919+0000] {logging_mixin.py:190} INFO - [2026-07-25T09:22:14.919+0000] {dagbag.py:588} INFO - Filling up the DagBag from /home/airflow/.local/lib/python3.12/site-packages/airflow/example_dags/tutorial_objectstorage.py
[2026-07-25T09:22:14.926+0000] {processor.py:925} INFO - DAG(s) 'tutorial_objectstorage' retrieved from /home/airflow/.local/lib/python3.12/site-packages/airflow/example_dags/tutorial_objectstorage.py
[2026-07-25T09:22:14.940+0000] {logging_mixin.py:190} INFO - [2026-07-25T09:22:14.940+0000] {dag.py:3239} INFO - Sync 1 DAGs
[2026-07-25T09:22:14.949+0000] {logging_mixin.py:190} INFO - [2026-07-25T09:22:14.949+0000] {dag.py:4180} INFO - Setting next_dagrun for tutorial_objectstorage to None, run_after=None
[2026-07-25T09:22:14.960+0000] {processor.py:208} INFO - Processing /home/airflow/.local/lib/python3.12/site-packages/airflow/example_dags/tutorial_objectstorage.py took 0.048 seconds
[2026-07-25T09:23:56.041+0000] {processor.py:186} INFO - Started process (PID=71) to work on /home/airflow/.local/lib/python3.12/site-packages/airflow/example_dags/tutorial_objectstorage.py
[2026-07-25T09:23:56.043+0000] {processor.py:914} INFO - Processing file /home/airflow/.local/lib/python3.12/site-packages/airflow/example_dags/tutorial_objectstorage.py for tasks to queue
[2026-07-25T09:23:56.046+0000] {logging_mixin.py:190} INFO - [2026-07-25T09:23:56.046+0000] {dagbag.py:588} INFO - Filling up the DagBag from /home/airflow/.local/lib/python3.12/site-packages/airflow/example_dags/tutorial_objectstorage.py
[2026-07-25T09:23:56.057+0000] {processor.py:925} INFO - DAG(s) 'tutorial_objectstorage' retrieved from /home/airflow/.local/lib/python3.12/site-packages/airflow/example_dags/tutorial_objectstorage.py
[2026-07-25T09:23:56.085+0000] {logging_mixin.py:190} INFO - [2026-07-25T09:23:56.085+0000] {dag.py:3239} INFO - Sync 1 DAGs
[2026-07-25T09:23:56.101+0000] {logging_mixin.py:190} INFO - [2026-07-25T09:23:56.101+0000] {dag.py:4180} INFO - Setting next_dagrun for tutorial_objectstorage to None, run_after=None
[2026-07-25T09:23:56.120+0000] {processor.py:208} INFO - Processing /home/airflow/.local/lib/python3.12/site-packages/airflow/example_dags/tutorial_objectstorage.py took 0.085 seconds
[2026-07-25T09:24:27.874+0000] {processor.py:186} INFO - Started process (PID=134) to work on /home/airflow/.local/lib/python3.12/site-packages/airflow/example_dags/tutorial_objectstorage.py
[2026-07-25T09:24:27.875+0000] {processor.py:914} INFO - Processing file /home/airflow/.local/lib/python3.12/site-packages/airflow/example_dags/tutorial_objectstorage.py for tasks to queue
[2026-07-25T09:24:27.877+0000] {logging_mixin.py:190} INFO - [2026-07-25T09:24:27.877+0000] {dagbag.py:588} INFO - Filling up the DagBag from /home/airflow/.local/lib/python3.12/site-packages/airflow/example_dags/tutorial_objectstorage.py
[2026-07-25T09:24:27.883+0000] {processor.py:925} INFO - DAG(s) 'tutorial_objectstorage' retrieved from /home/airflow/.local/lib/python3.12/site-packages/airflow/example_dags/tutorial_objectstorage.py
[2026-07-25T09:24:27.895+0000] {logging_mixin.py:190} INFO - [2026-07-25T09:24:27.895+0000] {dag.py:3239} INFO - Sync 1 DAGs
[2026-07-25T09:24:27.903+0000] {logging_mixin.py:190} INFO - [2026-07-25T09:24:27.903+0000] {dag.py:4180} INFO - Setting next_dagrun for tutorial_objectstorage to None, run_after=None
[2026-07-25T09:24:27.939+0000] {processor.py:208} INFO - Processing /home/airflow/.local/lib/python3.12/site-packages/airflow/example_dags/tutorial_objectstorage.py took 0.069 seconds
[2026-07-25T09:24:58.459+0000] {processor.py:186} INFO - Started process (PID=203) to work on /home/airflow/.local/lib/python3.12/site-packages/airflow/example_dags/tutorial_objectstorage.py
[2026-07-25T09:24:58.460+0000] {processor.py:914} INFO - Processing file /home/airflow/.local/lib/python3.12/site-packages/airflow/example_dags/tutorial_objectstorage.py for tasks to queue
[2026-07-25T09:24:58.462+0000] {logging_mixin.py:190} INFO - [2026-07-25T09:24:58.462+0000] {dagbag.py:588} INFO - Filling up the DagBag from /home/airflow/.local/lib/python3.12/site-packages/airflow/example_dags/tutorial_objectstorage.py
[2026-07-25T09:24:58.468+0000] {processor.py:925} INFO - DAG(s) 'tutorial_objectstorage' retrieved from /home/airflow/.local/lib/python3.12/site-packages/airflow/example_dags/tutorial_objectstorage.py
[2026-07-25T09:24:58.480+0000] {logging_mixin.py:190} INFO - [2026-07-25T09:24:58.480+0000] {dag.py:3239} INFO - Sync 1 DAGs
[2026-07-25T09:24:58.489+0000] {logging_mixin.py:190} INFO - [2026-07-25T09:24:58.489+0000] {dag.py:4180} INFO - Setting next_dagrun for tutorial_objectstorage to None, run_after=None
[2026-07-25T09:24:58.515+0000] {processor.py:208} INFO - Processing /home/airflow/.local/lib/python3.12/site-packages/airflow/example_dags/tutorial_objectstorage.py took 0.059 seconds
[2026-07-25T09:25:29.353+0000] {processor.py:186} INFO - Started process (PID=266) to work on /home/airflow/.local/lib/python3.12/site-packages/airflow/example_dags/tutorial_objectstorage.py
[2026-07-25T09:25:29.354+0000] {processor.py:914} INFO - Processing file /home/airflow/.local/lib/python3.12/site-packages/airflow/example_dags/tutorial_objectstorage.py for tasks to queue
[2026-07-25T09:25:29.356+0000] {logging_mixin.py:190} INFO - [2026-07-25T09:25:29.356+0000] {dagbag.py:588} INFO - Filling up the DagBag from /home/airflow/.local/lib/python3.12/site-packages/airflow/example_dags/tutorial_objectstorage.py
[2026-07-25T09:25:29.363+0000] {processor.py:925} INFO - DAG(s) 'tutorial_objectstorage' retrieved from /home/airflow/.local/lib/python3.12/site-packages/airflow/example_dags/tutorial_objectstorage.py
[2026-07-25T09:25:29.380+0000] {logging_mixin.py:190} INFO - [2026-07-25T09:25:29.380+0000] {dag.py:3239} INFO - Sync 1 DAGs
[2026-07-25T09:25:29.394+0000] {logging_mixin.py:190} INFO - [2026-07-25T09:25:29.394+0000] {dag.py:4180} INFO - Setting next_dagrun for tutorial_objectstorage to None, run_after=None
[2026-07-25T09:25:29.407+0000] {processor.py:208} INFO - Processing /home/airflow/.local/lib/python3.12/site-packages/airflow/example_dags/tutorial_objectstorage.py took 0.060 seconds
[2026-07-25T09:26:48.617+0000] {processor.py:186} INFO - Started process (PID=71) to work on /home/airflow/.local/lib/python3.12/site-packages/airflow/example_dags/tutorial_objectstorage.py
[2026-07-25T09:26:48.618+0000] {processor.py:914} INFO - Processing file /home/airflow/.local/lib/python3.12/site-packages/airflow/example_dags/tutorial_objectstorage.py for tasks to queue
[2026-07-25T09:26:48.621+0000] {logging_mixin.py:190} INFO - [2026-07-25T09:26:48.621+0000] {dagbag.py:588} INFO - Filling up the DagBag from /home/airflow/.local/lib/python3.12/site-packages/airflow/example_dags/tutorial_objectstorage.py
[2026-07-25T09:26:48.634+0000] {processor.py:925} INFO - DAG(s) 'tutorial_objectstorage' retrieved from /home/airflow/.local/lib/python3.12/site-packages/airflow/example_dags/tutorial_objectstorage.py
[2026-07-25T09:26:48.732+0000] {logging_mixin.py:190} INFO - [2026-07-25T09:26:48.732+0000] {override.py:1932} INFO - Created Permission View: can edit on DAG:tutorial_objectstorage
[2026-07-25T09:26:48.740+0000] {logging_mixin.py:190} INFO - [2026-07-25T09:26:48.739+0000] {override.py:1932} INFO - Created Permission View: can read on DAG:tutorial_objectstorage
[2026-07-25T09:26:48.745+0000] {logging_mixin.py:190} INFO - [2026-07-25T09:26:48.745+0000] {override.py:1932} INFO - Created Permission View: can delete on DAG:tutorial_objectstorage
[2026-07-25T09:26:48.751+0000] {logging_mixin.py:190} INFO - [2026-07-25T09:26:48.751+0000] {override.py:1932} INFO - Created Permission View: menu access on DAG Run:tutorial_objectstorage
[2026-07-25T09:26:48.757+0000] {logging_mixin.py:190} INFO - [2026-07-25T09:26:48.756+0000] {override.py:1932} INFO - Created Permission View: can read on DAG Run:tutorial_objectstorage
[2026-07-25T09:26:48.762+0000] {logging_mixin.py:190} INFO - [2026-07-25T09:26:48.762+0000] {override.py:1932} INFO - Created Permission View: can create on DAG Run:tutorial_objectstorage
[2026-07-25T09:26:48.768+0000] {logging_mixin.py:190} INFO - [2026-07-25T09:26:48.768+0000] {override.py:1932} INFO - Created Permission View: can delete on DAG Run:tutorial_objectstorage
[2026-07-25T09:26:48.768+0000] {logging_mixin.py:190} INFO - [2026-07-25T09:26:48.768+0000] {dag.py:3239} INFO - Sync 1 DAGs
[2026-07-25T09:26:48.778+0000] {logging_mixin.py:190} INFO - [2026-07-25T09:26:48.778+0000] {dag.py:3262} INFO - Creating ORM DAG for tutorial_objectstorage
[2026-07-25T09:26:48.779+0000] {logging_mixin.py:190} INFO - [2026-07-25T09:26:48.779+0000] {dag.py:4180} INFO - Setting next_dagrun for tutorial_objectstorage to None, run_after=None
[2026-07-25T09:26:48.791+0000] {processor.py:208} INFO - Processing /home/airflow/.local/lib/python3.12/site-packages/airflow/example_dags/tutorial_objectstorage.py took 0.178 seconds
[2026-07-25T09:27:18.957+0000] {processor.py:186} INFO - Started process (PID=134) to work on /home/airflow/.local/lib/python3.12/site-packages/airflow/example_dags/tutorial_objectstorage.py
[2026-07-25T09:27:18.957+0000] {processor.py:914} INFO - Processing file /home/airflow/.local/lib/python3.12/site-packages/airflow/example_dags/tutorial_objectstorage.py for tasks to queue
[2026-07-25T09:27:18.959+0000] {logging_mixin.py:190} INFO - [2026-07-25T09:27:18.959+0000] {dagbag.py:588} INFO - Filling up the DagBag from /home/airflow/.local/lib/python3.12/site-packages/airflow/example_dags/tutorial_objectstorage.py
[2026-07-25T09:27:18.965+0000] {processor.py:925} INFO - DAG(s) 'tutorial_objectstorage' retrieved from /home/airflow/.local/lib/python3.12/site-packages/airflow/example_dags/tutorial_objectstorage.py
[2026-07-25T09:27:18.979+0000] {logging_mixin.py:190} INFO - [2026-07-25T09:27:18.979+0000] {dag.py:3239} INFO - Sync 1 DAGs
[2026-07-25T09:27:18.987+0000] {logging_mixin.py:190} INFO - [2026-07-25T09:27:18.987+0000] {dag.py:4180} INFO - Setting next_dagrun for tutorial_objectstorage to None, run_after=None
[2026-07-25T09:27:18.999+0000] {processor.py:208} INFO - Processing /home/airflow/.local/lib/python3.12/site-packages/airflow/example_dags/tutorial_objectstorage.py took 0.046 seconds
[2026-07-25T09:27:49.282+0000] {processor.py:186} INFO - Started process (PID=197) to work on /home/airflow/.local/lib/python3.12/site-packages/airflow/example_dags/tutorial_objectstorage.py
[2026-07-25T09:27:49.283+0000] {processor.py:914} INFO - Processing file /home/airflow/.local/lib/python3.12/site-packages/airflow/example_dags/tutorial_objectstorage.py for tasks to queue
[2026-07-25T09:27:49.285+0000] {logging_mixin.py:190} INFO - [2026-07-25T09:27:49.285+0000] {dagbag.py:588} INFO - Filling up the DagBag from /home/airflow/.local/lib/python3.12/site-packages/airflow/example_dags/tutorial_objectstorage.py
[2026-07-25T09:27:49.292+0000] {processor.py:925} INFO - DAG(s) 'tutorial_objectstorage' retrieved from /home/airflow/.local/lib/python3.12/site-packages/airflow/example_dags/tutorial_objectstorage.py
[2026-07-25T09:27:49.307+0000] {logging_mixin.py:190} INFO - [2026-07-25T09:27:49.307+0000] {dag.py:3239} INFO - Sync 1 DAGs
[2026-07-25T09:27:49.318+0000] {logging_mixin.py:190} INFO - [2026-07-25T09:27:49.318+0000] {dag.py:4180} INFO - Setting next_dagrun for tutorial_objectstorage to None, run_after=None
[2026-07-25T09:27:49.330+0000] {processor.py:208} INFO - Processing /home/airflow/.local/lib/python3.12/site-packages/airflow/example_dags/tutorial_objectstorage.py took 0.051 seconds
[2026-07-25T09:28:19.686+0000] {processor.py:186} INFO - Started process (PID=260) to work on /home/airflow/.local/lib/python3.12/site-packages/airflow/example_dags/tutorial_objectstorage.py
[2026-07-25T09:28:19.687+0000] {processor.py:914} INFO - Processing file /home/airflow/.local/lib/python3.12/site-packages/airflow/example_dags/tutorial_objectstorage.py for tasks to queue
[2026-07-25T09:28:19.689+0000] {logging_mixin.py:190} INFO - [2026-07-25T09:28:19.688+0000] {dagbag.py:588} INFO - Filling up the DagBag from /home/airflow/.local/lib/python3.12/site-packages/airflow/example_dags/tutorial_objectstorage.py
[2026-07-25T09:28:19.695+0000] {processor.py:925} INFO - DAG(s) 'tutorial_objectstorage' retrieved from /home/airflow/.local/lib/python3.12/site-packages/airflow/example_dags/tutorial_objectstorage.py
[2026-07-25T09:28:19.712+0000] {logging_mixin.py:190} INFO - [2026-07-25T09:28:19.712+0000] {dag.py:3239} INFO - Sync 1 DAGs
[2026-07-25T09:28:19.722+0000] {logging_mixin.py:190} INFO - [2026-07-25T09:28:19.722+0000] {dag.py:4180} INFO - Setting next_dagrun for tutorial_objectstorage to None, run_after=None
[2026-07-25T09:28:19.734+0000] {processor.py:208} INFO - Processing /home/airflow/.local/lib/python3.12/site-packages/airflow/example_dags/tutorial_objectstorage.py took 0.052 seconds
[2026-07-25T09:28:50.289+0000] {processor.py:186} INFO - Started process (PID=323) to work on /home/airflow/.local/lib/python3.12/site-packages/airflow/example_dags/tutorial_objectstorage.py
[2026-07-25T09:28:50.290+0000] {processor.py:914} INFO - Processing file /home/airflow/.local/lib/python3.12/site-packages/airflow/example_dags/tutorial_objectstorage.py for tasks to queue
[2026-07-25T09:28:50.293+0000] {logging_mixin.py:190} INFO - [2026-07-25T09:28:50.293+0000] {dagbag.py:588} INFO - Filling up the DagBag from /home/airflow/.local/lib/python3.12/site-packages/airflow/example_dags/tutorial_objectstorage.py
[2026-07-25T09:28:50.302+0000] {processor.py:925} INFO - DAG(s) 'tutorial_objectstorage' retrieved from /home/airflow/.local/lib/python3.12/site-packages/airflow/example_dags/tutorial_objectstorage.py
[2026-07-25T09:28:50.318+0000] {logging_mixin.py:190} INFO - [2026-07-25T09:28:50.318+0000] {dag.py:3239} INFO - Sync 1 DAGs
[2026-07-25T09:28:50.329+0000] {logging_mixin.py:190} INFO - [2026-07-25T09:28:50.329+0000] {dag.py:4180} INFO - Setting next_dagrun for tutorial_objectstorage to None, run_after=None
[2026-07-25T09:28:50.342+0000] {processor.py:208} INFO - Processing /home/airflow/.local/lib/python3.12/site-packages/airflow/example_dags/tutorial_objectstorage.py took 0.059 seconds
[2026-07-25T09:29:23.282+0000] {processor.py:186} INFO - Started process (PID=392) to work on /home/airflow/.local/lib/python3.12/site-packages/airflow/example_dags/tutorial_objectstorage.py
[2026-07-25T09:29:23.283+0000] {processor.py:914} INFO - Processing file /home/airflow/.local/lib/python3.12/site-packages/airflow/example_dags/tutorial_objectstorage.py for tasks to queue
[2026-07-25T09:29:23.285+0000] {logging_mixin.py:190} INFO - [2026-07-25T09:29:23.284+0000] {dagbag.py:588} INFO - Filling up the DagBag from /home/airflow/.local/lib/python3.12/site-packages/airflow/example_dags/tutorial_objectstorage.py
[2026-07-25T09:29:23.291+0000] {processor.py:925} INFO - DAG(s) 'tutorial_objectstorage' retrieved from /home/airflow/.local/lib/python3.12/site-packages/airflow/example_dags/tutorial_objectstorage.py
[2026-07-25T09:29:23.304+0000] {logging_mixin.py:190} INFO - [2026-07-25T09:29:23.304+0000] {dag.py:3239} INFO - Sync 1 DAGs
[2026-07-25T09:29:23.314+0000] {logging_mixin.py:190} INFO - [2026-07-25T09:29:23.313+0000] {dag.py:4180} INFO - Setting next_dagrun for tutorial_objectstorage to None, run_after=None
[2026-07-25T09:29:23.340+0000] {processor.py:208} INFO - Processing /home/airflow/.local/lib/python3.12/site-packages/airflow/example_dags/tutorial_objectstorage.py took 0.062 seconds
[2026-07-25T09:29:53.444+0000] {processor.py:186} INFO - Started process (PID=454) to work on /home/airflow/.local/lib/python3.12/site-packages/airflow/example_dags/tutorial_objectstorage.py
[2026-07-25T09:29:53.445+0000] {processor.py:914} INFO - Processing file /home/airflow/.local/lib/python3.12/site-packages/airflow/example_dags/tutorial_objectstorage.py for tasks to queue
[2026-07-25T09:29:53.447+0000] {logging_mixin.py:190} INFO - [2026-07-25T09:29:53.447+0000] {dagbag.py:588} INFO - Filling up the DagBag from /home/airflow/.local/lib/python3.12/site-packages/airflow/example_dags/tutorial_objectstorage.py
[2026-07-25T09:29:53.456+0000] {processor.py:925} INFO - DAG(s) 'tutorial_objectstorage' retrieved from /home/airflow/.local/lib/python3.12/site-packages/airflow/example_dags/tutorial_objectstorage.py
[2026-07-25T09:29:53.470+0000] {logging_mixin.py:190} INFO - [2026-07-25T09:29:53.470+0000] {dag.py:3239} INFO - Sync 1 DAGs
[2026-07-25T09:29:53.480+0000] {logging_mixin.py:190} INFO - [2026-07-25T09:29:53.480+0000] {dag.py:4180} INFO - Setting next_dagrun for tutorial_objectstorage to None, run_after=None
[2026-07-25T09:29:53.493+0000] {processor.py:208} INFO - Processing /home/airflow/.local/lib/python3.12/site-packages/airflow/example_dags/tutorial_objectstorage.py took 0.052 seconds
[2026-07-25T09:30:24.036+0000] {processor.py:186} INFO - Started process (PID=516) to work on /home/airflow/.local/lib/python3.12/site-packages/airflow/example_dags/tutorial_objectstorage.py
[2026-07-25T09:30:24.036+0000] {processor.py:914} INFO - Processing file /home/airflow/.local/lib/python3.12/site-packages/airflow/example_dags/tutorial_objectstorage.py for tasks to queue
[2026-07-25T09:30:24.038+0000] {logging_mixin.py:190} INFO - [2026-07-25T09:30:24.038+0000] {dagbag.py:588} INFO - Filling up the DagBag from /home/airflow/.local/lib/python3.12/site-packages/airflow/example_dags/tutorial_objectstorage.py
[2026-07-25T09:30:24.044+0000] {processor.py:925} INFO - DAG(s) 'tutorial_objectstorage' retrieved from /home/airflow/.local/lib/python3.12/site-packages/airflow/example_dags/tutorial_objectstorage.py
[2026-07-25T09:30:24.056+0000] {logging_mixin.py:190} INFO - [2026-07-25T09:30:24.056+0000] {dag.py:3239} INFO - Sync 1 DAGs
[2026-07-25T09:30:24.064+0000] {logging_mixin.py:190} INFO - [2026-07-25T09:30:24.064+0000] {dag.py:4180} INFO - Setting next_dagrun for tutorial_objectstorage to None, run_after=None
[2026-07-25T09:30:24.081+0000] {processor.py:208} INFO - Processing /home/airflow/.local/lib/python3.12/site-packages/airflow/example_dags/tutorial_objectstorage.py took 0.048 seconds
[2026-07-25T09:30:55.076+0000] {processor.py:186} INFO - Started process (PID=578) to work on /home/airflow/.local/lib/python3.12/site-packages/airflow/example_dags/tutorial_objectstorage.py
[2026-07-25T09:30:55.077+0000] {processor.py:914} INFO - Processing file /home/airflow/.local/lib/python3.12/site-packages/airflow/example_dags/tutorial_objectstorage.py for tasks to queue
[2026-07-25T09:30:55.079+0000] {logging_mixin.py:190} INFO - [2026-07-25T09:30:55.079+0000] {dagbag.py:588} INFO - Filling up the DagBag from /home/airflow/.local/lib/python3.12/site-packages/airflow/example_dags/tutorial_objectstorage.py
[2026-07-25T09:30:55.087+0000] {processor.py:925} INFO - DAG(s) 'tutorial_objectstorage' retrieved from /home/airflow/.local/lib/python3.12/site-packages/airflow/example_dags/tutorial_objectstorage.py
[2026-07-25T09:30:55.103+0000] {logging_mixin.py:190} INFO - [2026-07-25T09:30:55.103+0000] {dag.py:3239} INFO - Sync 1 DAGs
[2026-07-25T09:30:55.115+0000] {logging_mixin.py:190} INFO - [2026-07-25T09:30:55.115+0000] {dag.py:4180} INFO - Setting next_dagrun for tutorial_objectstorage to None, run_after=None
[2026-07-25T09:30:55.135+0000] {processor.py:208} INFO - Processing /home/airflow/.local/lib/python3.12/site-packages/airflow/example_dags/tutorial_objectstorage.py took 0.063 seconds
