[2026-07-25T09:06:20.227+0000] {processor.py:186} INFO - Started process (PID=99) to work on /home/airflow/.local/lib/python3.12/site-packages/airflow/example_dags/tutorial_taskflow_api.py
[2026-07-25T09:06:20.228+0000] {processor.py:914} INFO - Processing file /home/airflow/.local/lib/python3.12/site-packages/airflow/example_dags/tutorial_taskflow_api.py for tasks to queue
[2026-07-25T09:06:20.231+0000] {logging_mixin.py:190} INFO - [2026-07-25T09:06:20.231+0000] {dagbag.py:588} INFO - Filling up the DagBag from /home/airflow/.local/lib/python3.12/site-packages/airflow/example_dags/tutorial_taskflow_api.py
[2026-07-25T09:06:20.244+0000] {processor.py:925} INFO - DAG(s) 'tutorial_taskflow_api' retrieved from /home/airflow/.local/lib/python3.12/site-packages/airflow/example_dags/tutorial_taskflow_api.py
[2026-07-25T09:06:20.332+0000] {logging_mixin.py:190} INFO - [2026-07-25T09:06:20.332+0000] {override.py:1932} INFO - Created Permission View: can edit on DAG:tutorial_taskflow_api
[2026-07-25T09:06:20.346+0000] {logging_mixin.py:190} INFO - [2026-07-25T09:06:20.346+0000] {override.py:1932} INFO - Created Permission View: can read on DAG:tutorial_taskflow_api
[2026-07-25T09:06:20.355+0000] {logging_mixin.py:190} INFO - [2026-07-25T09:06:20.355+0000] {override.py:1932} INFO - Created Permission View: can delete on DAG:tutorial_taskflow_api
[2026-07-25T09:06:20.383+0000] {logging_mixin.py:190} INFO - [2026-07-25T09:06:20.383+0000] {override.py:1932} INFO - Created Permission View: can create on DAG Run:tutorial_taskflow_api
[2026-07-25T09:06:20.400+0000] {logging_mixin.py:190} INFO - [2026-07-25T09:06:20.400+0000] {override.py:1932} INFO - Created Permission View: can read on DAG Run:tutorial_taskflow_api
[2026-07-25T09:06:20.415+0000] {logging_mixin.py:190} INFO - [2026-07-25T09:06:20.414+0000] {override.py:1932} INFO - Created Permission View: can delete on DAG Run:tutorial_taskflow_api
[2026-07-25T09:06:20.435+0000] {logging_mixin.py:190} INFO - [2026-07-25T09:06:20.435+0000] {override.py:1932} INFO - Created Permission View: menu access on DAG Run:tutorial_taskflow_api
[2026-07-25T09:06:20.436+0000] {logging_mixin.py:190} INFO - [2026-07-25T09:06:20.436+0000] {dag.py:3239} INFO - Sync 1 DAGs
[2026-07-25T09:06:20.449+0000] {logging_mixin.py:190} INFO - [2026-07-25T09:06:20.449+0000] {dag.py:3262} INFO - Creating ORM DAG for tutorial_taskflow_api
[2026-07-25T09:06:20.454+0000] {logging_mixin.py:190} INFO - [2026-07-25T09:06:20.454+0000] {dag.py:4180} INFO - Setting next_dagrun for tutorial_taskflow_api to None, run_after=None
[2026-07-25T09:06:20.484+0000] {processor.py:208} INFO - Processing /home/airflow/.local/lib/python3.12/site-packages/airflow/example_dags/tutorial_taskflow_api.py took 0.261 seconds
[2026-07-25T09:06:54.260+0000] {processor.py:186} INFO - Started process (PID=162) to work on /home/airflow/.local/lib/python3.12/site-packages/airflow/example_dags/tutorial_taskflow_api.py
[2026-07-25T09:06:54.261+0000] {processor.py:914} INFO - Processing file /home/airflow/.local/lib/python3.12/site-packages/airflow/example_dags/tutorial_taskflow_api.py for tasks to queue
[2026-07-25T09:06:54.263+0000] {logging_mixin.py:190} INFO - [2026-07-25T09:06:54.263+0000] {dagbag.py:588} INFO - Filling up the DagBag from /home/airflow/.local/lib/python3.12/site-packages/airflow/example_dags/tutorial_taskflow_api.py
[2026-07-25T09:06:54.269+0000] {processor.py:925} INFO - DAG(s) 'tutorial_taskflow_api' retrieved from /home/airflow/.local/lib/python3.12/site-packages/airflow/example_dags/tutorial_taskflow_api.py
[2026-07-25T09:06:54.281+0000] {logging_mixin.py:190} INFO - [2026-07-25T09:06:54.281+0000] {dag.py:3239} INFO - Sync 1 DAGs
[2026-07-25T09:06:54.289+0000] {logging_mixin.py:190} INFO - [2026-07-25T09:06:54.289+0000] {dag.py:4180} INFO - Setting next_dagrun for tutorial_taskflow_api to None, run_after=None
[2026-07-25T09:06:54.302+0000] {processor.py:208} INFO - Processing /home/airflow/.local/lib/python3.12/site-packages/airflow/example_dags/tutorial_taskflow_api.py took 0.045 seconds
[2026-07-25T09:07:26.717+0000] {processor.py:186} INFO - Started process (PID=224) to work on /home/airflow/.local/lib/python3.12/site-packages/airflow/example_dags/tutorial_taskflow_api.py
[2026-07-25T09:07:26.718+0000] {processor.py:914} INFO - Processing file /home/airflow/.local/lib/python3.12/site-packages/airflow/example_dags/tutorial_taskflow_api.py for tasks to queue
[2026-07-25T09:07:26.720+0000] {logging_mixin.py:190} INFO - [2026-07-25T09:07:26.720+0000] {dagbag.py:588} INFO - Filling up the DagBag from /home/airflow/.local/lib/python3.12/site-packages/airflow/example_dags/tutorial_taskflow_api.py
[2026-07-25T09:07:26.727+0000] {processor.py:925} INFO - DAG(s) 'tutorial_taskflow_api' retrieved from /home/airflow/.local/lib/python3.12/site-packages/airflow/example_dags/tutorial_taskflow_api.py
[2026-07-25T09:07:26.740+0000] {logging_mixin.py:190} INFO - [2026-07-25T09:07:26.740+0000] {dag.py:3239} INFO - Sync 1 DAGs
[2026-07-25T09:07:26.749+0000] {logging_mixin.py:190} INFO - [2026-07-25T09:07:26.749+0000] {dag.py:4180} INFO - Setting next_dagrun for tutorial_taskflow_api to None, run_after=None
[2026-07-25T09:07:26.759+0000] {processor.py:208} INFO - Processing /home/airflow/.local/lib/python3.12/site-packages/airflow/example_dags/tutorial_taskflow_api.py took 0.045 seconds
[2026-07-25T09:07:56.835+0000] {processor.py:186} INFO - Started process (PID=286) to work on /home/airflow/.local/lib/python3.12/site-packages/airflow/example_dags/tutorial_taskflow_api.py
[2026-07-25T09:07:56.836+0000] {processor.py:914} INFO - Processing file /home/airflow/.local/lib/python3.12/site-packages/airflow/example_dags/tutorial_taskflow_api.py for tasks to queue
[2026-07-25T09:07:56.838+0000] {logging_mixin.py:190} INFO - [2026-07-25T09:07:56.838+0000] {dagbag.py:588} INFO - Filling up the DagBag from /home/airflow/.local/lib/python3.12/site-packages/airflow/example_dags/tutorial_taskflow_api.py
[2026-07-25T09:07:56.843+0000] {processor.py:925} INFO - DAG(s) 'tutorial_taskflow_api' retrieved from /home/airflow/.local/lib/python3.12/site-packages/airflow/example_dags/tutorial_taskflow_api.py
[2026-07-25T09:07:56.855+0000] {logging_mixin.py:190} INFO - [2026-07-25T09:07:56.855+0000] {dag.py:3239} INFO - Sync 1 DAGs
[2026-07-25T09:07:56.863+0000] {logging_mixin.py:190} INFO - [2026-07-25T09:07:56.863+0000] {dag.py:4180} INFO - Setting next_dagrun for tutorial_taskflow_api to None, run_after=None
[2026-07-25T09:07:56.875+0000] {processor.py:208} INFO - Processing /home/airflow/.local/lib/python3.12/site-packages/airflow/example_dags/tutorial_taskflow_api.py took 0.043 seconds
[2026-07-25T09:08:27.123+0000] {processor.py:186} INFO - Started process (PID=348) to work on /home/airflow/.local/lib/python3.12/site-packages/airflow/example_dags/tutorial_taskflow_api.py
[2026-07-25T09:08:27.124+0000] {processor.py:914} INFO - Processing file /home/airflow/.local/lib/python3.12/site-packages/airflow/example_dags/tutorial_taskflow_api.py for tasks to queue
[2026-07-25T09:08:27.126+0000] {logging_mixin.py:190} INFO - [2026-07-25T09:08:27.125+0000] {dagbag.py:588} INFO - Filling up the DagBag from /home/airflow/.local/lib/python3.12/site-packages/airflow/example_dags/tutorial_taskflow_api.py
[2026-07-25T09:08:27.131+0000] {processor.py:925} INFO - DAG(s) 'tutorial_taskflow_api' retrieved from /home/airflow/.local/lib/python3.12/site-packages/airflow/example_dags/tutorial_taskflow_api.py
[2026-07-25T09:08:27.143+0000] {logging_mixin.py:190} INFO - [2026-07-25T09:08:27.143+0000] {dag.py:3239} INFO - Sync 1 DAGs
[2026-07-25T09:08:27.152+0000] {logging_mixin.py:190} INFO - [2026-07-25T09:08:27.152+0000] {dag.py:4180} INFO - Setting next_dagrun for tutorial_taskflow_api to None, run_after=None
[2026-07-25T09:08:27.165+0000] {processor.py:208} INFO - Processing /home/airflow/.local/lib/python3.12/site-packages/airflow/example_dags/tutorial_taskflow_api.py took 0.045 seconds
[2026-07-25T09:08:58.068+0000] {processor.py:186} INFO - Started process (PID=411) to work on /home/airflow/.local/lib/python3.12/site-packages/airflow/example_dags/tutorial_taskflow_api.py
[2026-07-25T09:08:58.069+0000] {processor.py:914} INFO - Processing file /home/airflow/.local/lib/python3.12/site-packages/airflow/example_dags/tutorial_taskflow_api.py for tasks to queue
[2026-07-25T09:08:58.071+0000] {logging_mixin.py:190} INFO - [2026-07-25T09:08:58.070+0000] {dagbag.py:588} INFO - Filling up the DagBag from /home/airflow/.local/lib/python3.12/site-packages/airflow/example_dags/tutorial_taskflow_api.py
[2026-07-25T09:08:58.076+0000] {processor.py:925} INFO - DAG(s) 'tutorial_taskflow_api' retrieved from /home/airflow/.local/lib/python3.12/site-packages/airflow/example_dags/tutorial_taskflow_api.py
[2026-07-25T09:08:58.090+0000] {logging_mixin.py:190} INFO - [2026-07-25T09:08:58.090+0000] {dag.py:3239} INFO - Sync 1 DAGs
[2026-07-25T09:08:58.100+0000] {logging_mixin.py:190} INFO - [2026-07-25T09:08:58.099+0000] {dag.py:4180} INFO - Setting next_dagrun for tutorial_taskflow_api to None, run_after=None
[2026-07-25T09:08:58.111+0000] {processor.py:208} INFO - Processing /home/airflow/.local/lib/python3.12/site-packages/airflow/example_dags/tutorial_taskflow_api.py took 0.047 seconds
[2026-07-25T09:09:29.027+0000] {processor.py:186} INFO - Started process (PID=474) to work on /home/airflow/.local/lib/python3.12/site-packages/airflow/example_dags/tutorial_taskflow_api.py
[2026-07-25T09:09:29.028+0000] {processor.py:914} INFO - Processing file /home/airflow/.local/lib/python3.12/site-packages/airflow/example_dags/tutorial_taskflow_api.py for tasks to queue
[2026-07-25T09:09:29.030+0000] {logging_mixin.py:190} INFO - [2026-07-25T09:09:29.030+0000] {dagbag.py:588} INFO - Filling up the DagBag from /home/airflow/.local/lib/python3.12/site-packages/airflow/example_dags/tutorial_taskflow_api.py
[2026-07-25T09:09:29.035+0000] {processor.py:925} INFO - DAG(s) 'tutorial_taskflow_api' retrieved from /home/airflow/.local/lib/python3.12/site-packages/airflow/example_dags/tutorial_taskflow_api.py
[2026-07-25T09:09:29.047+0000] {logging_mixin.py:190} INFO - [2026-07-25T09:09:29.047+0000] {dag.py:3239} INFO - Sync 1 DAGs
[2026-07-25T09:09:29.055+0000] {logging_mixin.py:190} INFO - [2026-07-25T09:09:29.055+0000] {dag.py:4180} INFO - Setting next_dagrun for tutorial_taskflow_api to None, run_after=None
[2026-07-25T09:09:29.067+0000] {processor.py:208} INFO - Processing /home/airflow/.local/lib/python3.12/site-packages/airflow/example_dags/tutorial_taskflow_api.py took 0.043 seconds
[2026-07-25T09:09:59.300+0000] {processor.py:186} INFO - Started process (PID=537) to work on /home/airflow/.local/lib/python3.12/site-packages/airflow/example_dags/tutorial_taskflow_api.py
[2026-07-25T09:09:59.301+0000] {processor.py:914} INFO - Processing file /home/airflow/.local/lib/python3.12/site-packages/airflow/example_dags/tutorial_taskflow_api.py for tasks to queue
[2026-07-25T09:09:59.303+0000] {logging_mixin.py:190} INFO - [2026-07-25T09:09:59.302+0000] {dagbag.py:588} INFO - Filling up the DagBag from /home/airflow/.local/lib/python3.12/site-packages/airflow/example_dags/tutorial_taskflow_api.py
[2026-07-25T09:09:59.308+0000] {processor.py:925} INFO - DAG(s) 'tutorial_taskflow_api' retrieved from /home/airflow/.local/lib/python3.12/site-packages/airflow/example_dags/tutorial_taskflow_api.py
[2026-07-25T09:09:59.320+0000] {logging_mixin.py:190} INFO - [2026-07-25T09:09:59.320+0000] {dag.py:3239} INFO - Sync 1 DAGs
[2026-07-25T09:09:59.330+0000] {logging_mixin.py:190} INFO - [2026-07-25T09:09:59.330+0000] {dag.py:4180} INFO - Setting next_dagrun for tutorial_taskflow_api to None, run_after=None
[2026-07-25T09:09:59.341+0000] {processor.py:208} INFO - Processing /home/airflow/.local/lib/python3.12/site-packages/airflow/example_dags/tutorial_taskflow_api.py took 0.044 seconds
[2026-07-25T09:10:29.848+0000] {processor.py:186} INFO - Started process (PID=600) to work on /home/airflow/.local/lib/python3.12/site-packages/airflow/example_dags/tutorial_taskflow_api.py
[2026-07-25T09:10:29.849+0000] {processor.py:914} INFO - Processing file /home/airflow/.local/lib/python3.12/site-packages/airflow/example_dags/tutorial_taskflow_api.py for tasks to queue
[2026-07-25T09:10:29.851+0000] {logging_mixin.py:190} INFO - [2026-07-25T09:10:29.851+0000] {dagbag.py:588} INFO - Filling up the DagBag from /home/airflow/.local/lib/python3.12/site-packages/airflow/example_dags/tutorial_taskflow_api.py
[2026-07-25T09:10:29.857+0000] {processor.py:925} INFO - DAG(s) 'tutorial_taskflow_api' retrieved from /home/airflow/.local/lib/python3.12/site-packages/airflow/example_dags/tutorial_taskflow_api.py
[2026-07-25T09:10:29.871+0000] {logging_mixin.py:190} INFO - [2026-07-25T09:10:29.871+0000] {dag.py:3239} INFO - Sync 1 DAGs
[2026-07-25T09:10:29.882+0000] {logging_mixin.py:190} INFO - [2026-07-25T09:10:29.882+0000] {dag.py:4180} INFO - Setting next_dagrun for tutorial_taskflow_api to None, run_after=None
[2026-07-25T09:10:29.893+0000] {processor.py:208} INFO - Processing /home/airflow/.local/lib/python3.12/site-packages/airflow/example_dags/tutorial_taskflow_api.py took 0.049 seconds
[2026-07-25T09:11:00.621+0000] {processor.py:186} INFO - Started process (PID=661) to work on /home/airflow/.local/lib/python3.12/site-packages/airflow/example_dags/tutorial_taskflow_api.py
[2026-07-25T09:11:00.622+0000] {processor.py:914} INFO - Processing file /home/airflow/.local/lib/python3.12/site-packages/airflow/example_dags/tutorial_taskflow_api.py for tasks to queue
[2026-07-25T09:11:00.624+0000] {logging_mixin.py:190} INFO - [2026-07-25T09:11:00.624+0000] {dagbag.py:588} INFO - Filling up the DagBag from /home/airflow/.local/lib/python3.12/site-packages/airflow/example_dags/tutorial_taskflow_api.py
[2026-07-25T09:11:00.629+0000] {processor.py:925} INFO - DAG(s) 'tutorial_taskflow_api' retrieved from /home/airflow/.local/lib/python3.12/site-packages/airflow/example_dags/tutorial_taskflow_api.py
[2026-07-25T09:11:00.642+0000] {logging_mixin.py:190} INFO - [2026-07-25T09:11:00.642+0000] {dag.py:3239} INFO - Sync 1 DAGs
[2026-07-25T09:11:00.650+0000] {logging_mixin.py:190} INFO - [2026-07-25T09:11:00.650+0000] {dag.py:4180} INFO - Setting next_dagrun for tutorial_taskflow_api to None, run_after=None
[2026-07-25T09:11:00.661+0000] {processor.py:208} INFO - Processing /home/airflow/.local/lib/python3.12/site-packages/airflow/example_dags/tutorial_taskflow_api.py took 0.043 seconds
[2026-07-25T09:11:31.341+0000] {processor.py:186} INFO - Started process (PID=724) to work on /home/airflow/.local/lib/python3.12/site-packages/airflow/example_dags/tutorial_taskflow_api.py
[2026-07-25T09:11:31.342+0000] {processor.py:914} INFO - Processing file /home/airflow/.local/lib/python3.12/site-packages/airflow/example_dags/tutorial_taskflow_api.py for tasks to queue
[2026-07-25T09:11:31.344+0000] {logging_mixin.py:190} INFO - [2026-07-25T09:11:31.344+0000] {dagbag.py:588} INFO - Filling up the DagBag from /home/airflow/.local/lib/python3.12/site-packages/airflow/example_dags/tutorial_taskflow_api.py
[2026-07-25T09:11:31.350+0000] {processor.py:925} INFO - DAG(s) 'tutorial_taskflow_api' retrieved from /home/airflow/.local/lib/python3.12/site-packages/airflow/example_dags/tutorial_taskflow_api.py
[2026-07-25T09:11:31.363+0000] {logging_mixin.py:190} INFO - [2026-07-25T09:11:31.363+0000] {dag.py:3239} INFO - Sync 1 DAGs
[2026-07-25T09:11:31.371+0000] {logging_mixin.py:190} INFO - [2026-07-25T09:11:31.371+0000] {dag.py:4180} INFO - Setting next_dagrun for tutorial_taskflow_api to None, run_after=None
[2026-07-25T09:11:31.384+0000] {processor.py:208} INFO - Processing /home/airflow/.local/lib/python3.12/site-packages/airflow/example_dags/tutorial_taskflow_api.py took 0.046 seconds
[2026-07-25T09:12:04.864+0000] {processor.py:186} INFO - Started process (PID=787) to work on /home/airflow/.local/lib/python3.12/site-packages/airflow/example_dags/tutorial_taskflow_api.py
[2026-07-25T09:12:04.864+0000] {processor.py:914} INFO - Processing file /home/airflow/.local/lib/python3.12/site-packages/airflow/example_dags/tutorial_taskflow_api.py for tasks to queue
[2026-07-25T09:12:04.867+0000] {logging_mixin.py:190} INFO - [2026-07-25T09:12:04.866+0000] {dagbag.py:588} INFO - Filling up the DagBag from /home/airflow/.local/lib/python3.12/site-packages/airflow/example_dags/tutorial_taskflow_api.py
[2026-07-25T09:12:04.872+0000] {processor.py:925} INFO - DAG(s) 'tutorial_taskflow_api' retrieved from /home/airflow/.local/lib/python3.12/site-packages/airflow/example_dags/tutorial_taskflow_api.py
[2026-07-25T09:12:04.885+0000] {logging_mixin.py:190} INFO - [2026-07-25T09:12:04.885+0000] {dag.py:3239} INFO - Sync 1 DAGs
[2026-07-25T09:12:04.893+0000] {logging_mixin.py:190} INFO - [2026-07-25T09:12:04.893+0000] {dag.py:4180} INFO - Setting next_dagrun for tutorial_taskflow_api to None, run_after=None
[2026-07-25T09:12:04.905+0000] {processor.py:208} INFO - Processing /home/airflow/.local/lib/python3.12/site-packages/airflow/example_dags/tutorial_taskflow_api.py took 0.045 seconds
[2026-07-25T09:12:35.661+0000] {processor.py:186} INFO - Started process (PID=849) to work on /home/airflow/.local/lib/python3.12/site-packages/airflow/example_dags/tutorial_taskflow_api.py
[2026-07-25T09:12:35.662+0000] {processor.py:914} INFO - Processing file /home/airflow/.local/lib/python3.12/site-packages/airflow/example_dags/tutorial_taskflow_api.py for tasks to queue
[2026-07-25T09:12:35.663+0000] {logging_mixin.py:190} INFO - [2026-07-25T09:12:35.663+0000] {dagbag.py:588} INFO - Filling up the DagBag from /home/airflow/.local/lib/python3.12/site-packages/airflow/example_dags/tutorial_taskflow_api.py
[2026-07-25T09:12:35.669+0000] {processor.py:925} INFO - DAG(s) 'tutorial_taskflow_api' retrieved from /home/airflow/.local/lib/python3.12/site-packages/airflow/example_dags/tutorial_taskflow_api.py
[2026-07-25T09:12:35.683+0000] {logging_mixin.py:190} INFO - [2026-07-25T09:12:35.683+0000] {dag.py:3239} INFO - Sync 1 DAGs
[2026-07-25T09:12:35.692+0000] {logging_mixin.py:190} INFO - [2026-07-25T09:12:35.692+0000] {dag.py:4180} INFO - Setting next_dagrun for tutorial_taskflow_api to None, run_after=None
[2026-07-25T09:12:35.703+0000] {processor.py:208} INFO - Processing /home/airflow/.local/lib/python3.12/site-packages/airflow/example_dags/tutorial_taskflow_api.py took 0.046 seconds
[2026-07-25T09:13:05.925+0000] {processor.py:186} INFO - Started process (PID=911) to work on /home/airflow/.local/lib/python3.12/site-packages/airflow/example_dags/tutorial_taskflow_api.py
[2026-07-25T09:13:05.925+0000] {processor.py:914} INFO - Processing file /home/airflow/.local/lib/python3.12/site-packages/airflow/example_dags/tutorial_taskflow_api.py for tasks to queue
[2026-07-25T09:13:05.927+0000] {logging_mixin.py:190} INFO - [2026-07-25T09:13:05.927+0000] {dagbag.py:588} INFO - Filling up the DagBag from /home/airflow/.local/lib/python3.12/site-packages/airflow/example_dags/tutorial_taskflow_api.py
[2026-07-25T09:13:05.933+0000] {processor.py:925} INFO - DAG(s) 'tutorial_taskflow_api' retrieved from /home/airflow/.local/lib/python3.12/site-packages/airflow/example_dags/tutorial_taskflow_api.py
[2026-07-25T09:13:05.946+0000] {logging_mixin.py:190} INFO - [2026-07-25T09:13:05.946+0000] {dag.py:3239} INFO - Sync 1 DAGs
[2026-07-25T09:13:05.955+0000] {logging_mixin.py:190} INFO - [2026-07-25T09:13:05.955+0000] {dag.py:4180} INFO - Setting next_dagrun for tutorial_taskflow_api to None, run_after=None
[2026-07-25T09:13:05.966+0000] {processor.py:208} INFO - Processing /home/airflow/.local/lib/python3.12/site-packages/airflow/example_dags/tutorial_taskflow_api.py took 0.045 seconds
[2026-07-25T09:13:36.466+0000] {processor.py:186} INFO - Started process (PID=974) to work on /home/airflow/.local/lib/python3.12/site-packages/airflow/example_dags/tutorial_taskflow_api.py
[2026-07-25T09:13:36.467+0000] {processor.py:914} INFO - Processing file /home/airflow/.local/lib/python3.12/site-packages/airflow/example_dags/tutorial_taskflow_api.py for tasks to queue
[2026-07-25T09:13:36.469+0000] {logging_mixin.py:190} INFO - [2026-07-25T09:13:36.469+0000] {dagbag.py:588} INFO - Filling up the DagBag from /home/airflow/.local/lib/python3.12/site-packages/airflow/example_dags/tutorial_taskflow_api.py
[2026-07-25T09:13:36.475+0000] {processor.py:925} INFO - DAG(s) 'tutorial_taskflow_api' retrieved from /home/airflow/.local/lib/python3.12/site-packages/airflow/example_dags/tutorial_taskflow_api.py
[2026-07-25T09:13:36.489+0000] {logging_mixin.py:190} INFO - [2026-07-25T09:13:36.489+0000] {dag.py:3239} INFO - Sync 1 DAGs
[2026-07-25T09:13:36.500+0000] {logging_mixin.py:190} INFO - [2026-07-25T09:13:36.499+0000] {dag.py:4180} INFO - Setting next_dagrun for tutorial_taskflow_api to None, run_after=None
[2026-07-25T09:13:36.513+0000] {processor.py:208} INFO - Processing /home/airflow/.local/lib/python3.12/site-packages/airflow/example_dags/tutorial_taskflow_api.py took 0.050 seconds
[2026-07-25T09:14:07.211+0000] {processor.py:186} INFO - Started process (PID=1037) to work on /home/airflow/.local/lib/python3.12/site-packages/airflow/example_dags/tutorial_taskflow_api.py
[2026-07-25T09:14:07.211+0000] {processor.py:914} INFO - Processing file /home/airflow/.local/lib/python3.12/site-packages/airflow/example_dags/tutorial_taskflow_api.py for tasks to queue
[2026-07-25T09:14:07.213+0000] {logging_mixin.py:190} INFO - [2026-07-25T09:14:07.213+0000] {dagbag.py:588} INFO - Filling up the DagBag from /home/airflow/.local/lib/python3.12/site-packages/airflow/example_dags/tutorial_taskflow_api.py
[2026-07-25T09:14:07.219+0000] {processor.py:925} INFO - DAG(s) 'tutorial_taskflow_api' retrieved from /home/airflow/.local/lib/python3.12/site-packages/airflow/example_dags/tutorial_taskflow_api.py
[2026-07-25T09:14:07.231+0000] {logging_mixin.py:190} INFO - [2026-07-25T09:14:07.231+0000] {dag.py:3239} INFO - Sync 1 DAGs
[2026-07-25T09:14:07.239+0000] {logging_mixin.py:190} INFO - [2026-07-25T09:14:07.239+0000] {dag.py:4180} INFO - Setting next_dagrun for tutorial_taskflow_api to None, run_after=None
[2026-07-25T09:14:07.250+0000] {processor.py:208} INFO - Processing /home/airflow/.local/lib/python3.12/site-packages/airflow/example_dags/tutorial_taskflow_api.py took 0.043 seconds
[2026-07-25T09:14:37.311+0000] {processor.py:186} INFO - Started process (PID=1099) to work on /home/airflow/.local/lib/python3.12/site-packages/airflow/example_dags/tutorial_taskflow_api.py
[2026-07-25T09:14:37.312+0000] {processor.py:914} INFO - Processing file /home/airflow/.local/lib/python3.12/site-packages/airflow/example_dags/tutorial_taskflow_api.py for tasks to queue
[2026-07-25T09:14:37.314+0000] {logging_mixin.py:190} INFO - [2026-07-25T09:14:37.314+0000] {dagbag.py:588} INFO - Filling up the DagBag from /home/airflow/.local/lib/python3.12/site-packages/airflow/example_dags/tutorial_taskflow_api.py
[2026-07-25T09:14:37.320+0000] {processor.py:925} INFO - DAG(s) 'tutorial_taskflow_api' retrieved from /home/airflow/.local/lib/python3.12/site-packages/airflow/example_dags/tutorial_taskflow_api.py
[2026-07-25T09:14:37.333+0000] {logging_mixin.py:190} INFO - [2026-07-25T09:14:37.332+0000] {dag.py:3239} INFO - Sync 1 DAGs
[2026-07-25T09:14:37.341+0000] {logging_mixin.py:190} INFO - [2026-07-25T09:14:37.341+0000] {dag.py:4180} INFO - Setting next_dagrun for tutorial_taskflow_api to None, run_after=None
[2026-07-25T09:14:37.353+0000] {processor.py:208} INFO - Processing /home/airflow/.local/lib/python3.12/site-packages/airflow/example_dags/tutorial_taskflow_api.py took 0.045 seconds
[2026-07-25T09:15:39.626+0000] {processor.py:186} INFO - Started process (PID=99) to work on /home/airflow/.local/lib/python3.12/site-packages/airflow/example_dags/tutorial_taskflow_api.py
[2026-07-25T09:15:39.627+0000] {processor.py:914} INFO - Processing file /home/airflow/.local/lib/python3.12/site-packages/airflow/example_dags/tutorial_taskflow_api.py for tasks to queue
[2026-07-25T09:15:39.629+0000] {logging_mixin.py:190} INFO - [2026-07-25T09:15:39.629+0000] {dagbag.py:588} INFO - Filling up the DagBag from /home/airflow/.local/lib/python3.12/site-packages/airflow/example_dags/tutorial_taskflow_api.py
[2026-07-25T09:15:39.635+0000] {processor.py:925} INFO - DAG(s) 'tutorial_taskflow_api' retrieved from /home/airflow/.local/lib/python3.12/site-packages/airflow/example_dags/tutorial_taskflow_api.py
[2026-07-25T09:15:39.651+0000] {logging_mixin.py:190} INFO - [2026-07-25T09:15:39.651+0000] {dag.py:3239} INFO - Sync 1 DAGs
[2026-07-25T09:15:39.660+0000] {logging_mixin.py:190} INFO - [2026-07-25T09:15:39.660+0000] {dag.py:4180} INFO - Setting next_dagrun for tutorial_taskflow_api to None, run_after=None
[2026-07-25T09:15:39.671+0000] {processor.py:208} INFO - Processing /home/airflow/.local/lib/python3.12/site-packages/airflow/example_dags/tutorial_taskflow_api.py took 0.049 seconds
[2026-07-25T09:16:11.434+0000] {processor.py:186} INFO - Started process (PID=161) to work on /home/airflow/.local/lib/python3.12/site-packages/airflow/example_dags/tutorial_taskflow_api.py
[2026-07-25T09:16:11.434+0000] {processor.py:914} INFO - Processing file /home/airflow/.local/lib/python3.12/site-packages/airflow/example_dags/tutorial_taskflow_api.py for tasks to queue
[2026-07-25T09:16:11.436+0000] {logging_mixin.py:190} INFO - [2026-07-25T09:16:11.436+0000] {dagbag.py:588} INFO - Filling up the DagBag from /home/airflow/.local/lib/python3.12/site-packages/airflow/example_dags/tutorial_taskflow_api.py
[2026-07-25T09:16:11.442+0000] {processor.py:925} INFO - DAG(s) 'tutorial_taskflow_api' retrieved from /home/airflow/.local/lib/python3.12/site-packages/airflow/example_dags/tutorial_taskflow_api.py
[2026-07-25T09:16:11.454+0000] {logging_mixin.py:190} INFO - [2026-07-25T09:16:11.454+0000] {dag.py:3239} INFO - Sync 1 DAGs
[2026-07-25T09:16:11.462+0000] {logging_mixin.py:190} INFO - [2026-07-25T09:16:11.462+0000] {dag.py:4180} INFO - Setting next_dagrun for tutorial_taskflow_api to None, run_after=None
[2026-07-25T09:16:11.475+0000] {processor.py:208} INFO - Processing /home/airflow/.local/lib/python3.12/site-packages/airflow/example_dags/tutorial_taskflow_api.py took 0.045 seconds
[2026-07-25T09:16:42.147+0000] {processor.py:186} INFO - Started process (PID=223) to work on /home/airflow/.local/lib/python3.12/site-packages/airflow/example_dags/tutorial_taskflow_api.py
[2026-07-25T09:16:42.147+0000] {processor.py:914} INFO - Processing file /home/airflow/.local/lib/python3.12/site-packages/airflow/example_dags/tutorial_taskflow_api.py for tasks to queue
[2026-07-25T09:16:42.149+0000] {logging_mixin.py:190} INFO - [2026-07-25T09:16:42.149+0000] {dagbag.py:588} INFO - Filling up the DagBag from /home/airflow/.local/lib/python3.12/site-packages/airflow/example_dags/tutorial_taskflow_api.py
[2026-07-25T09:16:42.155+0000] {processor.py:925} INFO - DAG(s) 'tutorial_taskflow_api' retrieved from /home/airflow/.local/lib/python3.12/site-packages/airflow/example_dags/tutorial_taskflow_api.py
[2026-07-25T09:16:42.167+0000] {logging_mixin.py:190} INFO - [2026-07-25T09:16:42.167+0000] {dag.py:3239} INFO - Sync 1 DAGs
[2026-07-25T09:16:42.176+0000] {logging_mixin.py:190} INFO - [2026-07-25T09:16:42.176+0000] {dag.py:4180} INFO - Setting next_dagrun for tutorial_taskflow_api to None, run_after=None
[2026-07-25T09:16:42.187+0000] {processor.py:208} INFO - Processing /home/airflow/.local/lib/python3.12/site-packages/airflow/example_dags/tutorial_taskflow_api.py took 0.044 seconds
[2026-07-25T09:17:12.598+0000] {processor.py:186} INFO - Started process (PID=285) to work on /home/airflow/.local/lib/python3.12/site-packages/airflow/example_dags/tutorial_taskflow_api.py
[2026-07-25T09:17:12.599+0000] {processor.py:914} INFO - Processing file /home/airflow/.local/lib/python3.12/site-packages/airflow/example_dags/tutorial_taskflow_api.py for tasks to queue
[2026-07-25T09:17:12.601+0000] {logging_mixin.py:190} INFO - [2026-07-25T09:17:12.601+0000] {dagbag.py:588} INFO - Filling up the DagBag from /home/airflow/.local/lib/python3.12/site-packages/airflow/example_dags/tutorial_taskflow_api.py
[2026-07-25T09:17:12.606+0000] {processor.py:925} INFO - DAG(s) 'tutorial_taskflow_api' retrieved from /home/airflow/.local/lib/python3.12/site-packages/airflow/example_dags/tutorial_taskflow_api.py
[2026-07-25T09:17:12.619+0000] {logging_mixin.py:190} INFO - [2026-07-25T09:17:12.619+0000] {dag.py:3239} INFO - Sync 1 DAGs
[2026-07-25T09:17:12.629+0000] {logging_mixin.py:190} INFO - [2026-07-25T09:17:12.628+0000] {dag.py:4180} INFO - Setting next_dagrun for tutorial_taskflow_api to None, run_after=None
[2026-07-25T09:17:12.640+0000] {processor.py:208} INFO - Processing /home/airflow/.local/lib/python3.12/site-packages/airflow/example_dags/tutorial_taskflow_api.py took 0.045 seconds
[2026-07-25T09:17:42.990+0000] {processor.py:186} INFO - Started process (PID=348) to work on /home/airflow/.local/lib/python3.12/site-packages/airflow/example_dags/tutorial_taskflow_api.py
[2026-07-25T09:17:42.991+0000] {processor.py:914} INFO - Processing file /home/airflow/.local/lib/python3.12/site-packages/airflow/example_dags/tutorial_taskflow_api.py for tasks to queue
[2026-07-25T09:17:42.994+0000] {logging_mixin.py:190} INFO - [2026-07-25T09:17:42.994+0000] {dagbag.py:588} INFO - Filling up the DagBag from /home/airflow/.local/lib/python3.12/site-packages/airflow/example_dags/tutorial_taskflow_api.py
[2026-07-25T09:17:42.999+0000] {processor.py:925} INFO - DAG(s) 'tutorial_taskflow_api' retrieved from /home/airflow/.local/lib/python3.12/site-packages/airflow/example_dags/tutorial_taskflow_api.py
[2026-07-25T09:17:43.013+0000] {logging_mixin.py:190} INFO - [2026-07-25T09:17:43.013+0000] {dag.py:3239} INFO - Sync 1 DAGs
[2026-07-25T09:17:43.024+0000] {logging_mixin.py:190} INFO - [2026-07-25T09:17:43.023+0000] {dag.py:4180} INFO - Setting next_dagrun for tutorial_taskflow_api to None, run_after=None
[2026-07-25T09:17:43.035+0000] {processor.py:208} INFO - Processing /home/airflow/.local/lib/python3.12/site-packages/airflow/example_dags/tutorial_taskflow_api.py took 0.048 seconds
[2026-07-25T09:18:13.434+0000] {processor.py:186} INFO - Started process (PID=411) to work on /home/airflow/.local/lib/python3.12/site-packages/airflow/example_dags/tutorial_taskflow_api.py
[2026-07-25T09:18:13.435+0000] {processor.py:914} INFO - Processing file /home/airflow/.local/lib/python3.12/site-packages/airflow/example_dags/tutorial_taskflow_api.py for tasks to queue
[2026-07-25T09:18:13.437+0000] {logging_mixin.py:190} INFO - [2026-07-25T09:18:13.436+0000] {dagbag.py:588} INFO - Filling up the DagBag from /home/airflow/.local/lib/python3.12/site-packages/airflow/example_dags/tutorial_taskflow_api.py
[2026-07-25T09:18:13.442+0000] {processor.py:925} INFO - DAG(s) 'tutorial_taskflow_api' retrieved from /home/airflow/.local/lib/python3.12/site-packages/airflow/example_dags/tutorial_taskflow_api.py
[2026-07-25T09:18:13.454+0000] {logging_mixin.py:190} INFO - [2026-07-25T09:18:13.453+0000] {dag.py:3239} INFO - Sync 1 DAGs
[2026-07-25T09:18:13.462+0000] {logging_mixin.py:190} INFO - [2026-07-25T09:18:13.462+0000] {dag.py:4180} INFO - Setting next_dagrun for tutorial_taskflow_api to None, run_after=None
[2026-07-25T09:18:13.473+0000] {processor.py:208} INFO - Processing /home/airflow/.local/lib/python3.12/site-packages/airflow/example_dags/tutorial_taskflow_api.py took 0.042 seconds
[2026-07-25T09:18:43.771+0000] {processor.py:186} INFO - Started process (PID=474) to work on /home/airflow/.local/lib/python3.12/site-packages/airflow/example_dags/tutorial_taskflow_api.py
[2026-07-25T09:18:43.772+0000] {processor.py:914} INFO - Processing file /home/airflow/.local/lib/python3.12/site-packages/airflow/example_dags/tutorial_taskflow_api.py for tasks to queue
[2026-07-25T09:18:43.774+0000] {logging_mixin.py:190} INFO - [2026-07-25T09:18:43.773+0000] {dagbag.py:588} INFO - Filling up the DagBag from /home/airflow/.local/lib/python3.12/site-packages/airflow/example_dags/tutorial_taskflow_api.py
[2026-07-25T09:18:43.779+0000] {processor.py:925} INFO - DAG(s) 'tutorial_taskflow_api' retrieved from /home/airflow/.local/lib/python3.12/site-packages/airflow/example_dags/tutorial_taskflow_api.py
[2026-07-25T09:18:43.794+0000] {logging_mixin.py:190} INFO - [2026-07-25T09:18:43.793+0000] {dag.py:3239} INFO - Sync 1 DAGs
[2026-07-25T09:18:43.803+0000] {logging_mixin.py:190} INFO - [2026-07-25T09:18:43.803+0000] {dag.py:4180} INFO - Setting next_dagrun for tutorial_taskflow_api to None, run_after=None
[2026-07-25T09:18:43.815+0000] {processor.py:208} INFO - Processing /home/airflow/.local/lib/python3.12/site-packages/airflow/example_dags/tutorial_taskflow_api.py took 0.048 seconds
[2026-07-25T09:19:14.603+0000] {processor.py:186} INFO - Started process (PID=537) to work on /home/airflow/.local/lib/python3.12/site-packages/airflow/example_dags/tutorial_taskflow_api.py
[2026-07-25T09:19:14.604+0000] {processor.py:914} INFO - Processing file /home/airflow/.local/lib/python3.12/site-packages/airflow/example_dags/tutorial_taskflow_api.py for tasks to queue
[2026-07-25T09:19:14.606+0000] {logging_mixin.py:190} INFO - [2026-07-25T09:19:14.606+0000] {dagbag.py:588} INFO - Filling up the DagBag from /home/airflow/.local/lib/python3.12/site-packages/airflow/example_dags/tutorial_taskflow_api.py
[2026-07-25T09:19:14.612+0000] {processor.py:925} INFO - DAG(s) 'tutorial_taskflow_api' retrieved from /home/airflow/.local/lib/python3.12/site-packages/airflow/example_dags/tutorial_taskflow_api.py
[2026-07-25T09:19:14.627+0000] {logging_mixin.py:190} INFO - [2026-07-25T09:19:14.627+0000] {dag.py:3239} INFO - Sync 1 DAGs
[2026-07-25T09:19:14.638+0000] {logging_mixin.py:190} INFO - [2026-07-25T09:19:14.637+0000] {dag.py:4180} INFO - Setting next_dagrun for tutorial_taskflow_api to None, run_after=None
[2026-07-25T09:19:14.651+0000] {processor.py:208} INFO - Processing /home/airflow/.local/lib/python3.12/site-packages/airflow/example_dags/tutorial_taskflow_api.py took 0.052 seconds
[2026-07-25T09:20:51.716+0000] {processor.py:186} INFO - Started process (PID=99) to work on /home/airflow/.local/lib/python3.12/site-packages/airflow/example_dags/tutorial_taskflow_api.py
[2026-07-25T09:20:51.717+0000] {processor.py:914} INFO - Processing file /home/airflow/.local/lib/python3.12/site-packages/airflow/example_dags/tutorial_taskflow_api.py for tasks to queue
[2026-07-25T09:20:51.719+0000] {logging_mixin.py:190} INFO - [2026-07-25T09:20:51.719+0000] {dagbag.py:588} INFO - Filling up the DagBag from /home/airflow/.local/lib/python3.12/site-packages/airflow/example_dags/tutorial_taskflow_api.py
[2026-07-25T09:20:51.726+0000] {processor.py:925} INFO - DAG(s) 'tutorial_taskflow_api' retrieved from /home/airflow/.local/lib/python3.12/site-packages/airflow/example_dags/tutorial_taskflow_api.py
[2026-07-25T09:20:51.746+0000] {logging_mixin.py:190} INFO - [2026-07-25T09:20:51.745+0000] {dag.py:3239} INFO - Sync 1 DAGs
[2026-07-25T09:20:51.755+0000] {logging_mixin.py:190} INFO - [2026-07-25T09:20:51.755+0000] {dag.py:4180} INFO - Setting next_dagrun for tutorial_taskflow_api to None, run_after=None
[2026-07-25T09:20:51.766+0000] {processor.py:208} INFO - Processing /home/airflow/.local/lib/python3.12/site-packages/airflow/example_dags/tutorial_taskflow_api.py took 0.054 seconds
[2026-07-25T09:21:24.175+0000] {processor.py:186} INFO - Started process (PID=161) to work on /home/airflow/.local/lib/python3.12/site-packages/airflow/example_dags/tutorial_taskflow_api.py
[2026-07-25T09:21:24.176+0000] {processor.py:914} INFO - Processing file /home/airflow/.local/lib/python3.12/site-packages/airflow/example_dags/tutorial_taskflow_api.py for tasks to queue
[2026-07-25T09:21:24.178+0000] {logging_mixin.py:190} INFO - [2026-07-25T09:21:24.178+0000] {dagbag.py:588} INFO - Filling up the DagBag from /home/airflow/.local/lib/python3.12/site-packages/airflow/example_dags/tutorial_taskflow_api.py
[2026-07-25T09:21:24.187+0000] {processor.py:925} INFO - DAG(s) 'tutorial_taskflow_api' retrieved from /home/airflow/.local/lib/python3.12/site-packages/airflow/example_dags/tutorial_taskflow_api.py
[2026-07-25T09:21:24.202+0000] {logging_mixin.py:190} INFO - [2026-07-25T09:21:24.202+0000] {dag.py:3239} INFO - Sync 1 DAGs
[2026-07-25T09:21:24.213+0000] {logging_mixin.py:190} INFO - [2026-07-25T09:21:24.213+0000] {dag.py:4180} INFO - Setting next_dagrun for tutorial_taskflow_api to None, run_after=None
[2026-07-25T09:21:24.226+0000] {processor.py:208} INFO - Processing /home/airflow/.local/lib/python3.12/site-packages/airflow/example_dags/tutorial_taskflow_api.py took 0.055 seconds
[2026-07-25T09:21:54.638+0000] {processor.py:186} INFO - Started process (PID=223) to work on /home/airflow/.local/lib/python3.12/site-packages/airflow/example_dags/tutorial_taskflow_api.py
[2026-07-25T09:21:54.638+0000] {processor.py:914} INFO - Processing file /home/airflow/.local/lib/python3.12/site-packages/airflow/example_dags/tutorial_taskflow_api.py for tasks to queue
[2026-07-25T09:21:54.640+0000] {logging_mixin.py:190} INFO - [2026-07-25T09:21:54.640+0000] {dagbag.py:588} INFO - Filling up the DagBag from /home/airflow/.local/lib/python3.12/site-packages/airflow/example_dags/tutorial_taskflow_api.py
[2026-07-25T09:21:54.646+0000] {processor.py:925} INFO - DAG(s) 'tutorial_taskflow_api' retrieved from /home/airflow/.local/lib/python3.12/site-packages/airflow/example_dags/tutorial_taskflow_api.py
[2026-07-25T09:21:54.659+0000] {logging_mixin.py:190} INFO - [2026-07-25T09:21:54.658+0000] {dag.py:3239} INFO - Sync 1 DAGs
[2026-07-25T09:21:54.667+0000] {logging_mixin.py:190} INFO - [2026-07-25T09:21:54.667+0000] {dag.py:4180} INFO - Setting next_dagrun for tutorial_taskflow_api to None, run_after=None
[2026-07-25T09:21:54.678+0000] {processor.py:208} INFO - Processing /home/airflow/.local/lib/python3.12/site-packages/airflow/example_dags/tutorial_taskflow_api.py took 0.044 seconds
[2026-07-25T09:22:24.901+0000] {processor.py:186} INFO - Started process (PID=285) to work on /home/airflow/.local/lib/python3.12/site-packages/airflow/example_dags/tutorial_taskflow_api.py
[2026-07-25T09:22:24.902+0000] {processor.py:914} INFO - Processing file /home/airflow/.local/lib/python3.12/site-packages/airflow/example_dags/tutorial_taskflow_api.py for tasks to queue
[2026-07-25T09:22:24.904+0000] {logging_mixin.py:190} INFO - [2026-07-25T09:22:24.904+0000] {dagbag.py:588} INFO - Filling up the DagBag from /home/airflow/.local/lib/python3.12/site-packages/airflow/example_dags/tutorial_taskflow_api.py
[2026-07-25T09:22:24.909+0000] {processor.py:925} INFO - DAG(s) 'tutorial_taskflow_api' retrieved from /home/airflow/.local/lib/python3.12/site-packages/airflow/example_dags/tutorial_taskflow_api.py
[2026-07-25T09:22:24.922+0000] {logging_mixin.py:190} INFO - [2026-07-25T09:22:24.922+0000] {dag.py:3239} INFO - Sync 1 DAGs
[2026-07-25T09:22:24.933+0000] {logging_mixin.py:190} INFO - [2026-07-25T09:22:24.933+0000] {dag.py:4180} INFO - Setting next_dagrun for tutorial_taskflow_api to None, run_after=None
[2026-07-25T09:22:24.945+0000] {processor.py:208} INFO - Processing /home/airflow/.local/lib/python3.12/site-packages/airflow/example_dags/tutorial_taskflow_api.py took 0.047 seconds
[2026-07-25T09:24:03.084+0000] {processor.py:186} INFO - Started process (PID=99) to work on /home/airflow/.local/lib/python3.12/site-packages/airflow/example_dags/tutorial_taskflow_api.py
[2026-07-25T09:24:03.085+0000] {processor.py:914} INFO - Processing file /home/airflow/.local/lib/python3.12/site-packages/airflow/example_dags/tutorial_taskflow_api.py for tasks to queue
[2026-07-25T09:24:03.087+0000] {logging_mixin.py:190} INFO - [2026-07-25T09:24:03.087+0000] {dagbag.py:588} INFO - Filling up the DagBag from /home/airflow/.local/lib/python3.12/site-packages/airflow/example_dags/tutorial_taskflow_api.py
[2026-07-25T09:24:03.093+0000] {processor.py:925} INFO - DAG(s) 'tutorial_taskflow_api' retrieved from /home/airflow/.local/lib/python3.12/site-packages/airflow/example_dags/tutorial_taskflow_api.py
[2026-07-25T09:24:03.111+0000] {logging_mixin.py:190} INFO - [2026-07-25T09:24:03.110+0000] {dag.py:3239} INFO - Sync 1 DAGs
[2026-07-25T09:24:03.120+0000] {logging_mixin.py:190} INFO - [2026-07-25T09:24:03.120+0000] {dag.py:4180} INFO - Setting next_dagrun for tutorial_taskflow_api to None, run_after=None
[2026-07-25T09:24:03.145+0000] {processor.py:208} INFO - Processing /home/airflow/.local/lib/python3.12/site-packages/airflow/example_dags/tutorial_taskflow_api.py took 0.065 seconds
[2026-07-25T09:24:35.444+0000] {processor.py:186} INFO - Started process (PID=161) to work on /home/airflow/.local/lib/python3.12/site-packages/airflow/example_dags/tutorial_taskflow_api.py
[2026-07-25T09:24:35.445+0000] {processor.py:914} INFO - Processing file /home/airflow/.local/lib/python3.12/site-packages/airflow/example_dags/tutorial_taskflow_api.py for tasks to queue
[2026-07-25T09:24:35.447+0000] {logging_mixin.py:190} INFO - [2026-07-25T09:24:35.446+0000] {dagbag.py:588} INFO - Filling up the DagBag from /home/airflow/.local/lib/python3.12/site-packages/airflow/example_dags/tutorial_taskflow_api.py
[2026-07-25T09:24:35.452+0000] {processor.py:925} INFO - DAG(s) 'tutorial_taskflow_api' retrieved from /home/airflow/.local/lib/python3.12/site-packages/airflow/example_dags/tutorial_taskflow_api.py
[2026-07-25T09:24:35.465+0000] {logging_mixin.py:190} INFO - [2026-07-25T09:24:35.465+0000] {dag.py:3239} INFO - Sync 1 DAGs
[2026-07-25T09:24:35.473+0000] {logging_mixin.py:190} INFO - [2026-07-25T09:24:35.473+0000] {dag.py:4180} INFO - Setting next_dagrun for tutorial_taskflow_api to None, run_after=None
[2026-07-25T09:24:35.483+0000] {processor.py:208} INFO - Processing /home/airflow/.local/lib/python3.12/site-packages/airflow/example_dags/tutorial_taskflow_api.py took 0.043 seconds
[2026-07-25T09:25:05.703+0000] {processor.py:186} INFO - Started process (PID=223) to work on /home/airflow/.local/lib/python3.12/site-packages/airflow/example_dags/tutorial_taskflow_api.py
[2026-07-25T09:25:05.704+0000] {processor.py:914} INFO - Processing file /home/airflow/.local/lib/python3.12/site-packages/airflow/example_dags/tutorial_taskflow_api.py for tasks to queue
[2026-07-25T09:25:05.706+0000] {logging_mixin.py:190} INFO - [2026-07-25T09:25:05.706+0000] {dagbag.py:588} INFO - Filling up the DagBag from /home/airflow/.local/lib/python3.12/site-packages/airflow/example_dags/tutorial_taskflow_api.py
[2026-07-25T09:25:05.712+0000] {processor.py:925} INFO - DAG(s) 'tutorial_taskflow_api' retrieved from /home/airflow/.local/lib/python3.12/site-packages/airflow/example_dags/tutorial_taskflow_api.py
[2026-07-25T09:25:05.725+0000] {logging_mixin.py:190} INFO - [2026-07-25T09:25:05.725+0000] {dag.py:3239} INFO - Sync 1 DAGs
[2026-07-25T09:25:05.736+0000] {logging_mixin.py:190} INFO - [2026-07-25T09:25:05.736+0000] {dag.py:4180} INFO - Setting next_dagrun for tutorial_taskflow_api to None, run_after=None
[2026-07-25T09:25:05.749+0000] {processor.py:208} INFO - Processing /home/airflow/.local/lib/python3.12/site-packages/airflow/example_dags/tutorial_taskflow_api.py took 0.050 seconds
[2026-07-25T09:25:36.520+0000] {processor.py:186} INFO - Started process (PID=285) to work on /home/airflow/.local/lib/python3.12/site-packages/airflow/example_dags/tutorial_taskflow_api.py
[2026-07-25T09:25:36.521+0000] {processor.py:914} INFO - Processing file /home/airflow/.local/lib/python3.12/site-packages/airflow/example_dags/tutorial_taskflow_api.py for tasks to queue
[2026-07-25T09:25:36.523+0000] {logging_mixin.py:190} INFO - [2026-07-25T09:25:36.523+0000] {dagbag.py:588} INFO - Filling up the DagBag from /home/airflow/.local/lib/python3.12/site-packages/airflow/example_dags/tutorial_taskflow_api.py
[2026-07-25T09:25:36.529+0000] {processor.py:925} INFO - DAG(s) 'tutorial_taskflow_api' retrieved from /home/airflow/.local/lib/python3.12/site-packages/airflow/example_dags/tutorial_taskflow_api.py
[2026-07-25T09:25:36.541+0000] {logging_mixin.py:190} INFO - [2026-07-25T09:25:36.541+0000] {dag.py:3239} INFO - Sync 1 DAGs
[2026-07-25T09:25:36.550+0000] {logging_mixin.py:190} INFO - [2026-07-25T09:25:36.550+0000] {dag.py:4180} INFO - Setting next_dagrun for tutorial_taskflow_api to None, run_after=None
[2026-07-25T09:25:36.561+0000] {processor.py:208} INFO - Processing /home/airflow/.local/lib/python3.12/site-packages/airflow/example_dags/tutorial_taskflow_api.py took 0.045 seconds
[2026-07-25T09:26:56.718+0000] {processor.py:186} INFO - Started process (PID=99) to work on /home/airflow/.local/lib/python3.12/site-packages/airflow/example_dags/tutorial_taskflow_api.py
[2026-07-25T09:26:56.719+0000] {processor.py:914} INFO - Processing file /home/airflow/.local/lib/python3.12/site-packages/airflow/example_dags/tutorial_taskflow_api.py for tasks to queue
[2026-07-25T09:26:56.721+0000] {logging_mixin.py:190} INFO - [2026-07-25T09:26:56.721+0000] {dagbag.py:588} INFO - Filling up the DagBag from /home/airflow/.local/lib/python3.12/site-packages/airflow/example_dags/tutorial_taskflow_api.py
[2026-07-25T09:26:56.728+0000] {processor.py:925} INFO - DAG(s) 'tutorial_taskflow_api' retrieved from /home/airflow/.local/lib/python3.12/site-packages/airflow/example_dags/tutorial_taskflow_api.py
[2026-07-25T09:26:56.812+0000] {logging_mixin.py:190} INFO - [2026-07-25T09:26:56.811+0000] {override.py:1932} INFO - Created Permission View: can edit on DAG:tutorial_taskflow_api
[2026-07-25T09:26:56.821+0000] {logging_mixin.py:190} INFO - [2026-07-25T09:26:56.821+0000] {override.py:1932} INFO - Created Permission View: can read on DAG:tutorial_taskflow_api
[2026-07-25T09:26:56.827+0000] {logging_mixin.py:190} INFO - [2026-07-25T09:26:56.827+0000] {override.py:1932} INFO - Created Permission View: can delete on DAG:tutorial_taskflow_api
[2026-07-25T09:26:56.835+0000] {logging_mixin.py:190} INFO - [2026-07-25T09:26:56.834+0000] {override.py:1932} INFO - Created Permission View: menu access on DAG Run:tutorial_taskflow_api
[2026-07-25T09:26:56.840+0000] {logging_mixin.py:190} INFO - [2026-07-25T09:26:56.840+0000] {override.py:1932} INFO - Created Permission View: can read on DAG Run:tutorial_taskflow_api
[2026-07-25T09:26:56.846+0000] {logging_mixin.py:190} INFO - [2026-07-25T09:26:56.846+0000] {override.py:1932} INFO - Created Permission View: can create on DAG Run:tutorial_taskflow_api
[2026-07-25T09:26:56.852+0000] {logging_mixin.py:190} INFO - [2026-07-25T09:26:56.852+0000] {override.py:1932} INFO - Created Permission View: can delete on DAG Run:tutorial_taskflow_api
[2026-07-25T09:26:56.853+0000] {logging_mixin.py:190} INFO - [2026-07-25T09:26:56.852+0000] {dag.py:3239} INFO - Sync 1 DAGs
[2026-07-25T09:26:56.864+0000] {logging_mixin.py:190} INFO - [2026-07-25T09:26:56.864+0000] {dag.py:3262} INFO - Creating ORM DAG for tutorial_taskflow_api
[2026-07-25T09:26:56.865+0000] {logging_mixin.py:190} INFO - [2026-07-25T09:26:56.865+0000] {dag.py:4180} INFO - Setting next_dagrun for tutorial_taskflow_api to None, run_after=None
[2026-07-25T09:26:56.877+0000] {processor.py:208} INFO - Processing /home/airflow/.local/lib/python3.12/site-packages/airflow/example_dags/tutorial_taskflow_api.py took 0.163 seconds
[2026-07-25T09:27:28.422+0000] {processor.py:186} INFO - Started process (PID=161) to work on /home/airflow/.local/lib/python3.12/site-packages/airflow/example_dags/tutorial_taskflow_api.py
[2026-07-25T09:27:28.422+0000] {processor.py:914} INFO - Processing file /home/airflow/.local/lib/python3.12/site-packages/airflow/example_dags/tutorial_taskflow_api.py for tasks to queue
[2026-07-25T09:27:28.424+0000] {logging_mixin.py:190} INFO - [2026-07-25T09:27:28.424+0000] {dagbag.py:588} INFO - Filling up the DagBag from /home/airflow/.local/lib/python3.12/site-packages/airflow/example_dags/tutorial_taskflow_api.py
[2026-07-25T09:27:28.430+0000] {processor.py:925} INFO - DAG(s) 'tutorial_taskflow_api' retrieved from /home/airflow/.local/lib/python3.12/site-packages/airflow/example_dags/tutorial_taskflow_api.py
[2026-07-25T09:27:28.444+0000] {logging_mixin.py:190} INFO - [2026-07-25T09:27:28.444+0000] {dag.py:3239} INFO - Sync 1 DAGs
[2026-07-25T09:27:28.455+0000] {logging_mixin.py:190} INFO - [2026-07-25T09:27:28.455+0000] {dag.py:4180} INFO - Setting next_dagrun for tutorial_taskflow_api to None, run_after=None
[2026-07-25T09:27:28.480+0000] {processor.py:208} INFO - Processing /home/airflow/.local/lib/python3.12/site-packages/airflow/example_dags/tutorial_taskflow_api.py took 0.062 seconds
[2026-07-25T09:27:58.582+0000] {processor.py:186} INFO - Started process (PID=223) to work on /home/airflow/.local/lib/python3.12/site-packages/airflow/example_dags/tutorial_taskflow_api.py
[2026-07-25T09:27:58.583+0000] {processor.py:914} INFO - Processing file /home/airflow/.local/lib/python3.12/site-packages/airflow/example_dags/tutorial_taskflow_api.py for tasks to queue
[2026-07-25T09:27:58.585+0000] {logging_mixin.py:190} INFO - [2026-07-25T09:27:58.585+0000] {dagbag.py:588} INFO - Filling up the DagBag from /home/airflow/.local/lib/python3.12/site-packages/airflow/example_dags/tutorial_taskflow_api.py
[2026-07-25T09:27:58.591+0000] {processor.py:925} INFO - DAG(s) 'tutorial_taskflow_api' retrieved from /home/airflow/.local/lib/python3.12/site-packages/airflow/example_dags/tutorial_taskflow_api.py
[2026-07-25T09:27:58.604+0000] {logging_mixin.py:190} INFO - [2026-07-25T09:27:58.604+0000] {dag.py:3239} INFO - Sync 1 DAGs
[2026-07-25T09:27:58.616+0000] {logging_mixin.py:190} INFO - [2026-07-25T09:27:58.616+0000] {dag.py:4180} INFO - Setting next_dagrun for tutorial_taskflow_api to None, run_after=None
[2026-07-25T09:27:58.642+0000] {processor.py:208} INFO - Processing /home/airflow/.local/lib/python3.12/site-packages/airflow/example_dags/tutorial_taskflow_api.py took 0.064 seconds
[2026-07-25T09:28:28.760+0000] {processor.py:186} INFO - Started process (PID=285) to work on /home/airflow/.local/lib/python3.12/site-packages/airflow/example_dags/tutorial_taskflow_api.py
[2026-07-25T09:28:28.761+0000] {processor.py:914} INFO - Processing file /home/airflow/.local/lib/python3.12/site-packages/airflow/example_dags/tutorial_taskflow_api.py for tasks to queue
[2026-07-25T09:28:28.763+0000] {logging_mixin.py:190} INFO - [2026-07-25T09:28:28.763+0000] {dagbag.py:588} INFO - Filling up the DagBag from /home/airflow/.local/lib/python3.12/site-packages/airflow/example_dags/tutorial_taskflow_api.py
[2026-07-25T09:28:28.768+0000] {processor.py:925} INFO - DAG(s) 'tutorial_taskflow_api' retrieved from /home/airflow/.local/lib/python3.12/site-packages/airflow/example_dags/tutorial_taskflow_api.py
[2026-07-25T09:28:28.785+0000] {logging_mixin.py:190} INFO - [2026-07-25T09:28:28.784+0000] {dag.py:3239} INFO - Sync 1 DAGs
[2026-07-25T09:28:28.796+0000] {logging_mixin.py:190} INFO - [2026-07-25T09:28:28.796+0000] {dag.py:4180} INFO - Setting next_dagrun for tutorial_taskflow_api to None, run_after=None
[2026-07-25T09:28:28.809+0000] {processor.py:208} INFO - Processing /home/airflow/.local/lib/python3.12/site-packages/airflow/example_dags/tutorial_taskflow_api.py took 0.052 seconds
[2026-07-25T09:28:59.327+0000] {processor.py:186} INFO - Started process (PID=348) to work on /home/airflow/.local/lib/python3.12/site-packages/airflow/example_dags/tutorial_taskflow_api.py
[2026-07-25T09:28:59.328+0000] {processor.py:914} INFO - Processing file /home/airflow/.local/lib/python3.12/site-packages/airflow/example_dags/tutorial_taskflow_api.py for tasks to queue
[2026-07-25T09:28:59.329+0000] {logging_mixin.py:190} INFO - [2026-07-25T09:28:59.329+0000] {dagbag.py:588} INFO - Filling up the DagBag from /home/airflow/.local/lib/python3.12/site-packages/airflow/example_dags/tutorial_taskflow_api.py
[2026-07-25T09:28:59.336+0000] {processor.py:925} INFO - DAG(s) 'tutorial_taskflow_api' retrieved from /home/airflow/.local/lib/python3.12/site-packages/airflow/example_dags/tutorial_taskflow_api.py
[2026-07-25T09:28:59.349+0000] {logging_mixin.py:190} INFO - [2026-07-25T09:28:59.349+0000] {dag.py:3239} INFO - Sync 1 DAGs
[2026-07-25T09:28:59.358+0000] {logging_mixin.py:190} INFO - [2026-07-25T09:28:59.358+0000] {dag.py:4180} INFO - Setting next_dagrun for tutorial_taskflow_api to None, run_after=None
[2026-07-25T09:28:59.370+0000] {processor.py:208} INFO - Processing /home/airflow/.local/lib/python3.12/site-packages/airflow/example_dags/tutorial_taskflow_api.py took 0.047 seconds
[2026-07-25T09:29:29.425+0000] {processor.py:186} INFO - Started process (PID=411) to work on /home/airflow/.local/lib/python3.12/site-packages/airflow/example_dags/tutorial_taskflow_api.py
[2026-07-25T09:29:29.426+0000] {processor.py:914} INFO - Processing file /home/airflow/.local/lib/python3.12/site-packages/airflow/example_dags/tutorial_taskflow_api.py for tasks to queue
[2026-07-25T09:29:29.428+0000] {logging_mixin.py:190} INFO - [2026-07-25T09:29:29.428+0000] {dagbag.py:588} INFO - Filling up the DagBag from /home/airflow/.local/lib/python3.12/site-packages/airflow/example_dags/tutorial_taskflow_api.py
[2026-07-25T09:29:29.434+0000] {processor.py:925} INFO - DAG(s) 'tutorial_taskflow_api' retrieved from /home/airflow/.local/lib/python3.12/site-packages/airflow/example_dags/tutorial_taskflow_api.py
[2026-07-25T09:29:29.449+0000] {logging_mixin.py:190} INFO - [2026-07-25T09:29:29.449+0000] {dag.py:3239} INFO - Sync 1 DAGs
[2026-07-25T09:29:29.459+0000] {logging_mixin.py:190} INFO - [2026-07-25T09:29:29.459+0000] {dag.py:4180} INFO - Setting next_dagrun for tutorial_taskflow_api to None, run_after=None
[2026-07-25T09:29:29.471+0000] {processor.py:208} INFO - Processing /home/airflow/.local/lib/python3.12/site-packages/airflow/example_dags/tutorial_taskflow_api.py took 0.050 seconds
[2026-07-25T09:30:00.260+0000] {processor.py:186} INFO - Started process (PID=474) to work on /home/airflow/.local/lib/python3.12/site-packages/airflow/example_dags/tutorial_taskflow_api.py
[2026-07-25T09:30:00.261+0000] {processor.py:914} INFO - Processing file /home/airflow/.local/lib/python3.12/site-packages/airflow/example_dags/tutorial_taskflow_api.py for tasks to queue
[2026-07-25T09:30:00.263+0000] {logging_mixin.py:190} INFO - [2026-07-25T09:30:00.262+0000] {dagbag.py:588} INFO - Filling up the DagBag from /home/airflow/.local/lib/python3.12/site-packages/airflow/example_dags/tutorial_taskflow_api.py
[2026-07-25T09:30:00.269+0000] {processor.py:925} INFO - DAG(s) 'tutorial_taskflow_api' retrieved from /home/airflow/.local/lib/python3.12/site-packages/airflow/example_dags/tutorial_taskflow_api.py
[2026-07-25T09:30:00.284+0000] {logging_mixin.py:190} INFO - [2026-07-25T09:30:00.283+0000] {dag.py:3239} INFO - Sync 1 DAGs
[2026-07-25T09:30:00.291+0000] {logging_mixin.py:190} INFO - [2026-07-25T09:30:00.291+0000] {dag.py:4180} INFO - Setting next_dagrun for tutorial_taskflow_api to None, run_after=None
[2026-07-25T09:30:00.317+0000] {processor.py:208} INFO - Processing /home/airflow/.local/lib/python3.12/site-packages/airflow/example_dags/tutorial_taskflow_api.py took 0.061 seconds
[2026-07-25T09:30:32.270+0000] {processor.py:186} INFO - Started process (PID=537) to work on /home/airflow/.local/lib/python3.12/site-packages/airflow/example_dags/tutorial_taskflow_api.py
[2026-07-25T09:30:32.271+0000] {processor.py:914} INFO - Processing file /home/airflow/.local/lib/python3.12/site-packages/airflow/example_dags/tutorial_taskflow_api.py for tasks to queue
[2026-07-25T09:30:32.273+0000] {logging_mixin.py:190} INFO - [2026-07-25T09:30:32.273+0000] {dagbag.py:588} INFO - Filling up the DagBag from /home/airflow/.local/lib/python3.12/site-packages/airflow/example_dags/tutorial_taskflow_api.py
[2026-07-25T09:30:32.278+0000] {processor.py:925} INFO - DAG(s) 'tutorial_taskflow_api' retrieved from /home/airflow/.local/lib/python3.12/site-packages/airflow/example_dags/tutorial_taskflow_api.py
[2026-07-25T09:30:32.291+0000] {logging_mixin.py:190} INFO - [2026-07-25T09:30:32.290+0000] {dag.py:3239} INFO - Sync 1 DAGs
[2026-07-25T09:30:32.299+0000] {logging_mixin.py:190} INFO - [2026-07-25T09:30:32.299+0000] {dag.py:4180} INFO - Setting next_dagrun for tutorial_taskflow_api to None, run_after=None
[2026-07-25T09:30:32.310+0000] {processor.py:208} INFO - Processing /home/airflow/.local/lib/python3.12/site-packages/airflow/example_dags/tutorial_taskflow_api.py took 0.044 seconds
