[2026-07-25T09:06:11.548+0000] {processor.py:186} INFO - Started process (PID=63) to work on /home/airflow/.local/lib/python3.12/site-packages/airflow/example_dags/tutorial_taskflow_templates.py
[2026-07-25T09:06:11.549+0000] {processor.py:914} INFO - Processing file /home/airflow/.local/lib/python3.12/site-packages/airflow/example_dags/tutorial_taskflow_templates.py for tasks to queue
[2026-07-25T09:06:11.551+0000] {logging_mixin.py:190} INFO - [2026-07-25T09:06:11.551+0000] {dagbag.py:588} INFO - Filling up the DagBag from /home/airflow/.local/lib/python3.12/site-packages/airflow/example_dags/tutorial_taskflow_templates.py
[2026-07-25T09:06:11.561+0000] {processor.py:925} INFO - DAG(s) 'tutorial_taskflow_templates' retrieved from /home/airflow/.local/lib/python3.12/site-packages/airflow/example_dags/tutorial_taskflow_templates.py
[2026-07-25T09:06:11.638+0000] {logging_mixin.py:190} INFO - [2026-07-25T09:06:11.637+0000] {override.py:1932} INFO - Created Permission View: can edit on DAG:tutorial_taskflow_templates
[2026-07-25T09:06:11.645+0000] {logging_mixin.py:190} INFO - [2026-07-25T09:06:11.645+0000] {override.py:1932} INFO - Created Permission View: can read on DAG:tutorial_taskflow_templates
[2026-07-25T09:06:11.650+0000] {logging_mixin.py:190} INFO - [2026-07-25T09:06:11.650+0000] {override.py:1932} INFO - Created Permission View: can delete on DAG:tutorial_taskflow_templates
[2026-07-25T09:06:11.658+0000] {logging_mixin.py:190} INFO - [2026-07-25T09:06:11.658+0000] {override.py:1932} INFO - Created Permission View: can create on DAG Run:tutorial_taskflow_templates
[2026-07-25T09:06:11.665+0000] {logging_mixin.py:190} INFO - [2026-07-25T09:06:11.665+0000] {override.py:1932} INFO - Created Permission View: can read on DAG Run:tutorial_taskflow_templates
[2026-07-25T09:06:11.673+0000] {logging_mixin.py:190} INFO - [2026-07-25T09:06:11.673+0000] {override.py:1932} INFO - Created Permission View: can delete on DAG Run:tutorial_taskflow_templates
[2026-07-25T09:06:11.678+0000] {logging_mixin.py:190} INFO - [2026-07-25T09:06:11.678+0000] {override.py:1932} INFO - Created Permission View: menu access on DAG Run:tutorial_taskflow_templates
[2026-07-25T09:06:11.679+0000] {logging_mixin.py:190} INFO - [2026-07-25T09:06:11.678+0000] {dag.py:3239} INFO - Sync 1 DAGs
[2026-07-25T09:06:11.687+0000] {logging_mixin.py:190} INFO - [2026-07-25T09:06:11.686+0000] {dag.py:3262} INFO - Creating ORM DAG for tutorial_taskflow_templates
[2026-07-25T09:06:11.693+0000] {logging_mixin.py:190} INFO - [2026-07-25T09:06:11.693+0000] {dag.py:4180} INFO - Setting next_dagrun for tutorial_taskflow_templates to 2026-07-24 00:00:00+00:00, run_after=2026-07-25 00:00:00+00:00
[2026-07-25T09:06:11.704+0000] {processor.py:208} INFO - Processing /home/airflow/.local/lib/python3.12/site-packages/airflow/example_dags/tutorial_taskflow_templates.py took 0.160 seconds
[2026-07-25T09:06:41.996+0000] {processor.py:186} INFO - Started process (PID=126) to work on /home/airflow/.local/lib/python3.12/site-packages/airflow/example_dags/tutorial_taskflow_templates.py
[2026-07-25T09:06:41.997+0000] {processor.py:914} INFO - Processing file /home/airflow/.local/lib/python3.12/site-packages/airflow/example_dags/tutorial_taskflow_templates.py for tasks to queue
[2026-07-25T09:06:42.000+0000] {logging_mixin.py:190} INFO - [2026-07-25T09:06:42.000+0000] {dagbag.py:588} INFO - Filling up the DagBag from /home/airflow/.local/lib/python3.12/site-packages/airflow/example_dags/tutorial_taskflow_templates.py
[2026-07-25T09:06:42.009+0000] {processor.py:925} INFO - DAG(s) 'tutorial_taskflow_templates' retrieved from /home/airflow/.local/lib/python3.12/site-packages/airflow/example_dags/tutorial_taskflow_templates.py
[2026-07-25T09:06:42.024+0000] {logging_mixin.py:190} INFO - [2026-07-25T09:06:42.024+0000] {dag.py:3239} INFO - Sync 1 DAGs
[2026-07-25T09:06:42.040+0000] {logging_mixin.py:190} INFO - [2026-07-25T09:06:42.040+0000] {dag.py:4180} INFO - Setting next_dagrun for tutorial_taskflow_templates to 2026-07-24 00:00:00+00:00, run_after=2026-07-25 00:00:00+00:00
[2026-07-25T09:06:42.051+0000] {processor.py:208} INFO - Processing /home/airflow/.local/lib/python3.12/site-packages/airflow/example_dags/tutorial_taskflow_templates.py took 0.059 seconds
[2026-07-25T09:07:12.085+0000] {processor.py:186} INFO - Started process (PID=189) to work on /home/airflow/.local/lib/python3.12/site-packages/airflow/example_dags/tutorial_taskflow_templates.py
[2026-07-25T09:07:12.086+0000] {processor.py:914} INFO - Processing file /home/airflow/.local/lib/python3.12/site-packages/airflow/example_dags/tutorial_taskflow_templates.py for tasks to queue
[2026-07-25T09:07:12.087+0000] {logging_mixin.py:190} INFO - [2026-07-25T09:07:12.087+0000] {dagbag.py:588} INFO - Filling up the DagBag from /home/airflow/.local/lib/python3.12/site-packages/airflow/example_dags/tutorial_taskflow_templates.py
[2026-07-25T09:07:12.096+0000] {processor.py:925} INFO - DAG(s) 'tutorial_taskflow_templates' retrieved from /home/airflow/.local/lib/python3.12/site-packages/airflow/example_dags/tutorial_taskflow_templates.py
[2026-07-25T09:07:12.108+0000] {logging_mixin.py:190} INFO - [2026-07-25T09:07:12.108+0000] {dag.py:3239} INFO - Sync 1 DAGs
[2026-07-25T09:07:12.122+0000] {logging_mixin.py:190} INFO - [2026-07-25T09:07:12.122+0000] {dag.py:4180} INFO - Setting next_dagrun for tutorial_taskflow_templates to 2026-07-24 00:00:00+00:00, run_after=2026-07-25 00:00:00+00:00
[2026-07-25T09:07:12.133+0000] {processor.py:208} INFO - Processing /home/airflow/.local/lib/python3.12/site-packages/airflow/example_dags/tutorial_taskflow_templates.py took 0.051 seconds
[2026-07-25T09:07:42.536+0000] {processor.py:186} INFO - Started process (PID=252) to work on /home/airflow/.local/lib/python3.12/site-packages/airflow/example_dags/tutorial_taskflow_templates.py
[2026-07-25T09:07:42.537+0000] {processor.py:914} INFO - Processing file /home/airflow/.local/lib/python3.12/site-packages/airflow/example_dags/tutorial_taskflow_templates.py for tasks to queue
[2026-07-25T09:07:42.539+0000] {logging_mixin.py:190} INFO - [2026-07-25T09:07:42.539+0000] {dagbag.py:588} INFO - Filling up the DagBag from /home/airflow/.local/lib/python3.12/site-packages/airflow/example_dags/tutorial_taskflow_templates.py
[2026-07-25T09:07:42.547+0000] {processor.py:925} INFO - DAG(s) 'tutorial_taskflow_templates' retrieved from /home/airflow/.local/lib/python3.12/site-packages/airflow/example_dags/tutorial_taskflow_templates.py
[2026-07-25T09:07:42.559+0000] {logging_mixin.py:190} INFO - [2026-07-25T09:07:42.559+0000] {dag.py:3239} INFO - Sync 1 DAGs
[2026-07-25T09:07:42.572+0000] {logging_mixin.py:190} INFO - [2026-07-25T09:07:42.572+0000] {dag.py:4180} INFO - Setting next_dagrun for tutorial_taskflow_templates to 2026-07-24 00:00:00+00:00, run_after=2026-07-25 00:00:00+00:00
[2026-07-25T09:07:42.585+0000] {processor.py:208} INFO - Processing /home/airflow/.local/lib/python3.12/site-packages/airflow/example_dags/tutorial_taskflow_templates.py took 0.053 seconds
[2026-07-25T09:08:12.988+0000] {processor.py:186} INFO - Started process (PID=315) to work on /home/airflow/.local/lib/python3.12/site-packages/airflow/example_dags/tutorial_taskflow_templates.py
[2026-07-25T09:08:12.989+0000] {processor.py:914} INFO - Processing file /home/airflow/.local/lib/python3.12/site-packages/airflow/example_dags/tutorial_taskflow_templates.py for tasks to queue
[2026-07-25T09:08:12.991+0000] {logging_mixin.py:190} INFO - [2026-07-25T09:08:12.990+0000] {dagbag.py:588} INFO - Filling up the DagBag from /home/airflow/.local/lib/python3.12/site-packages/airflow/example_dags/tutorial_taskflow_templates.py
[2026-07-25T09:08:12.999+0000] {processor.py:925} INFO - DAG(s) 'tutorial_taskflow_templates' retrieved from /home/airflow/.local/lib/python3.12/site-packages/airflow/example_dags/tutorial_taskflow_templates.py
[2026-07-25T09:08:13.012+0000] {logging_mixin.py:190} INFO - [2026-07-25T09:08:13.012+0000] {dag.py:3239} INFO - Sync 1 DAGs
[2026-07-25T09:08:13.027+0000] {logging_mixin.py:190} INFO - [2026-07-25T09:08:13.027+0000] {dag.py:4180} INFO - Setting next_dagrun for tutorial_taskflow_templates to 2026-07-24 00:00:00+00:00, run_after=2026-07-25 00:00:00+00:00
[2026-07-25T09:08:13.038+0000] {processor.py:208} INFO - Processing /home/airflow/.local/lib/python3.12/site-packages/airflow/example_dags/tutorial_taskflow_templates.py took 0.054 seconds
[2026-07-25T09:08:45.734+0000] {processor.py:186} INFO - Started process (PID=384) to work on /home/airflow/.local/lib/python3.12/site-packages/airflow/example_dags/tutorial_taskflow_templates.py
[2026-07-25T09:08:45.735+0000] {processor.py:914} INFO - Processing file /home/airflow/.local/lib/python3.12/site-packages/airflow/example_dags/tutorial_taskflow_templates.py for tasks to queue
[2026-07-25T09:08:45.737+0000] {logging_mixin.py:190} INFO - [2026-07-25T09:08:45.737+0000] {dagbag.py:588} INFO - Filling up the DagBag from /home/airflow/.local/lib/python3.12/site-packages/airflow/example_dags/tutorial_taskflow_templates.py
[2026-07-25T09:08:45.745+0000] {processor.py:925} INFO - DAG(s) 'tutorial_taskflow_templates' retrieved from /home/airflow/.local/lib/python3.12/site-packages/airflow/example_dags/tutorial_taskflow_templates.py
[2026-07-25T09:08:45.757+0000] {logging_mixin.py:190} INFO - [2026-07-25T09:08:45.757+0000] {dag.py:3239} INFO - Sync 1 DAGs
[2026-07-25T09:08:45.770+0000] {logging_mixin.py:190} INFO - [2026-07-25T09:08:45.770+0000] {dag.py:4180} INFO - Setting next_dagrun for tutorial_taskflow_templates to 2026-07-24 00:00:00+00:00, run_after=2026-07-25 00:00:00+00:00
[2026-07-25T09:08:45.781+0000] {processor.py:208} INFO - Processing /home/airflow/.local/lib/python3.12/site-packages/airflow/example_dags/tutorial_taskflow_templates.py took 0.049 seconds
[2026-07-25T09:09:15.986+0000] {processor.py:186} INFO - Started process (PID=443) to work on /home/airflow/.local/lib/python3.12/site-packages/airflow/example_dags/tutorial_taskflow_templates.py
[2026-07-25T09:09:15.987+0000] {processor.py:914} INFO - Processing file /home/airflow/.local/lib/python3.12/site-packages/airflow/example_dags/tutorial_taskflow_templates.py for tasks to queue
[2026-07-25T09:09:15.989+0000] {logging_mixin.py:190} INFO - [2026-07-25T09:09:15.989+0000] {dagbag.py:588} INFO - Filling up the DagBag from /home/airflow/.local/lib/python3.12/site-packages/airflow/example_dags/tutorial_taskflow_templates.py
[2026-07-25T09:09:15.997+0000] {processor.py:925} INFO - DAG(s) 'tutorial_taskflow_templates' retrieved from /home/airflow/.local/lib/python3.12/site-packages/airflow/example_dags/tutorial_taskflow_templates.py
[2026-07-25T09:09:16.009+0000] {logging_mixin.py:190} INFO - [2026-07-25T09:09:16.009+0000] {dag.py:3239} INFO - Sync 1 DAGs
[2026-07-25T09:09:16.023+0000] {logging_mixin.py:190} INFO - [2026-07-25T09:09:16.022+0000] {dag.py:4180} INFO - Setting next_dagrun for tutorial_taskflow_templates to 2026-07-24 00:00:00+00:00, run_after=2026-07-25 00:00:00+00:00
[2026-07-25T09:09:16.036+0000] {processor.py:208} INFO - Processing /home/airflow/.local/lib/python3.12/site-packages/airflow/example_dags/tutorial_taskflow_templates.py took 0.053 seconds
[2026-07-25T09:09:46.210+0000] {processor.py:186} INFO - Started process (PID=500) to work on /home/airflow/.local/lib/python3.12/site-packages/airflow/example_dags/tutorial_taskflow_templates.py
[2026-07-25T09:09:46.211+0000] {processor.py:914} INFO - Processing file /home/airflow/.local/lib/python3.12/site-packages/airflow/example_dags/tutorial_taskflow_templates.py for tasks to queue
[2026-07-25T09:09:46.213+0000] {logging_mixin.py:190} INFO - [2026-07-25T09:09:46.213+0000] {dagbag.py:588} INFO - Filling up the DagBag from /home/airflow/.local/lib/python3.12/site-packages/airflow/example_dags/tutorial_taskflow_templates.py
[2026-07-25T09:09:46.221+0000] {processor.py:925} INFO - DAG(s) 'tutorial_taskflow_templates' retrieved from /home/airflow/.local/lib/python3.12/site-packages/airflow/example_dags/tutorial_taskflow_templates.py
[2026-07-25T09:09:46.234+0000] {logging_mixin.py:190} INFO - [2026-07-25T09:09:46.234+0000] {dag.py:3239} INFO - Sync 1 DAGs
[2026-07-25T09:09:46.248+0000] {logging_mixin.py:190} INFO - [2026-07-25T09:09:46.248+0000] {dag.py:4180} INFO - Setting next_dagrun for tutorial_taskflow_templates to 2026-07-24 00:00:00+00:00, run_after=2026-07-25 00:00:00+00:00
[2026-07-25T09:09:46.258+0000] {processor.py:208} INFO - Processing /home/airflow/.local/lib/python3.12/site-packages/airflow/example_dags/tutorial_taskflow_templates.py took 0.051 seconds
[2026-07-25T09:10:16.484+0000] {processor.py:186} INFO - Started process (PID=560) to work on /home/airflow/.local/lib/python3.12/site-packages/airflow/example_dags/tutorial_taskflow_templates.py
[2026-07-25T09:10:16.485+0000] {processor.py:914} INFO - Processing file /home/airflow/.local/lib/python3.12/site-packages/airflow/example_dags/tutorial_taskflow_templates.py for tasks to queue
[2026-07-25T09:10:16.487+0000] {logging_mixin.py:190} INFO - [2026-07-25T09:10:16.487+0000] {dagbag.py:588} INFO - Filling up the DagBag from /home/airflow/.local/lib/python3.12/site-packages/airflow/example_dags/tutorial_taskflow_templates.py
[2026-07-25T09:10:16.497+0000] {processor.py:925} INFO - DAG(s) 'tutorial_taskflow_templates' retrieved from /home/airflow/.local/lib/python3.12/site-packages/airflow/example_dags/tutorial_taskflow_templates.py
[2026-07-25T09:10:16.512+0000] {logging_mixin.py:190} INFO - [2026-07-25T09:10:16.512+0000] {dag.py:3239} INFO - Sync 1 DAGs
[2026-07-25T09:10:16.527+0000] {logging_mixin.py:190} INFO - [2026-07-25T09:10:16.527+0000] {dag.py:4180} INFO - Setting next_dagrun for tutorial_taskflow_templates to 2026-07-24 00:00:00+00:00, run_after=2026-07-25 00:00:00+00:00
[2026-07-25T09:10:16.539+0000] {processor.py:208} INFO - Processing /home/airflow/.local/lib/python3.12/site-packages/airflow/example_dags/tutorial_taskflow_templates.py took 0.059 seconds
[2026-07-25T09:10:47.586+0000] {processor.py:186} INFO - Started process (PID=623) to work on /home/airflow/.local/lib/python3.12/site-packages/airflow/example_dags/tutorial_taskflow_templates.py
[2026-07-25T09:10:47.587+0000] {processor.py:914} INFO - Processing file /home/airflow/.local/lib/python3.12/site-packages/airflow/example_dags/tutorial_taskflow_templates.py for tasks to queue
[2026-07-25T09:10:47.590+0000] {logging_mixin.py:190} INFO - [2026-07-25T09:10:47.589+0000] {dagbag.py:588} INFO - Filling up the DagBag from /home/airflow/.local/lib/python3.12/site-packages/airflow/example_dags/tutorial_taskflow_templates.py
[2026-07-25T09:10:47.599+0000] {processor.py:925} INFO - DAG(s) 'tutorial_taskflow_templates' retrieved from /home/airflow/.local/lib/python3.12/site-packages/airflow/example_dags/tutorial_taskflow_templates.py
[2026-07-25T09:10:47.613+0000] {logging_mixin.py:190} INFO - [2026-07-25T09:10:47.612+0000] {dag.py:3239} INFO - Sync 1 DAGs
[2026-07-25T09:10:47.626+0000] {logging_mixin.py:190} INFO - [2026-07-25T09:10:47.626+0000] {dag.py:4180} INFO - Setting next_dagrun for tutorial_taskflow_templates to 2026-07-24 00:00:00+00:00, run_after=2026-07-25 00:00:00+00:00
[2026-07-25T09:10:47.641+0000] {processor.py:208} INFO - Processing /home/airflow/.local/lib/python3.12/site-packages/airflow/example_dags/tutorial_taskflow_templates.py took 0.058 seconds
[2026-07-25T09:11:17.768+0000] {processor.py:186} INFO - Started process (PID=685) to work on /home/airflow/.local/lib/python3.12/site-packages/airflow/example_dags/tutorial_taskflow_templates.py
[2026-07-25T09:11:17.769+0000] {processor.py:914} INFO - Processing file /home/airflow/.local/lib/python3.12/site-packages/airflow/example_dags/tutorial_taskflow_templates.py for tasks to queue
[2026-07-25T09:11:17.772+0000] {logging_mixin.py:190} INFO - [2026-07-25T09:11:17.771+0000] {dagbag.py:588} INFO - Filling up the DagBag from /home/airflow/.local/lib/python3.12/site-packages/airflow/example_dags/tutorial_taskflow_templates.py
[2026-07-25T09:11:17.780+0000] {processor.py:925} INFO - DAG(s) 'tutorial_taskflow_templates' retrieved from /home/airflow/.local/lib/python3.12/site-packages/airflow/example_dags/tutorial_taskflow_templates.py
[2026-07-25T09:11:17.792+0000] {logging_mixin.py:190} INFO - [2026-07-25T09:11:17.792+0000] {dag.py:3239} INFO - Sync 1 DAGs
[2026-07-25T09:11:17.806+0000] {logging_mixin.py:190} INFO - [2026-07-25T09:11:17.806+0000] {dag.py:4180} INFO - Setting next_dagrun for tutorial_taskflow_templates to 2026-07-24 00:00:00+00:00, run_after=2026-07-25 00:00:00+00:00
[2026-07-25T09:11:17.817+0000] {processor.py:208} INFO - Processing /home/airflow/.local/lib/python3.12/site-packages/airflow/example_dags/tutorial_taskflow_templates.py took 0.052 seconds
[2026-07-25T09:11:48.216+0000] {processor.py:186} INFO - Started process (PID=748) to work on /home/airflow/.local/lib/python3.12/site-packages/airflow/example_dags/tutorial_taskflow_templates.py
[2026-07-25T09:11:48.216+0000] {processor.py:914} INFO - Processing file /home/airflow/.local/lib/python3.12/site-packages/airflow/example_dags/tutorial_taskflow_templates.py for tasks to queue
[2026-07-25T09:11:48.218+0000] {logging_mixin.py:190} INFO - [2026-07-25T09:11:48.218+0000] {dagbag.py:588} INFO - Filling up the DagBag from /home/airflow/.local/lib/python3.12/site-packages/airflow/example_dags/tutorial_taskflow_templates.py
[2026-07-25T09:11:48.227+0000] {processor.py:925} INFO - DAG(s) 'tutorial_taskflow_templates' retrieved from /home/airflow/.local/lib/python3.12/site-packages/airflow/example_dags/tutorial_taskflow_templates.py
[2026-07-25T09:11:48.240+0000] {logging_mixin.py:190} INFO - [2026-07-25T09:11:48.240+0000] {dag.py:3239} INFO - Sync 1 DAGs
[2026-07-25T09:11:48.255+0000] {logging_mixin.py:190} INFO - [2026-07-25T09:11:48.255+0000] {dag.py:4180} INFO - Setting next_dagrun for tutorial_taskflow_templates to 2026-07-24 00:00:00+00:00, run_after=2026-07-25 00:00:00+00:00
[2026-07-25T09:11:48.269+0000] {processor.py:208} INFO - Processing /home/airflow/.local/lib/python3.12/site-packages/airflow/example_dags/tutorial_taskflow_templates.py took 0.057 seconds
[2026-07-25T09:12:18.927+0000] {processor.py:186} INFO - Started process (PID=811) to work on /home/airflow/.local/lib/python3.12/site-packages/airflow/example_dags/tutorial_taskflow_templates.py
[2026-07-25T09:12:18.928+0000] {processor.py:914} INFO - Processing file /home/airflow/.local/lib/python3.12/site-packages/airflow/example_dags/tutorial_taskflow_templates.py for tasks to queue
[2026-07-25T09:12:18.931+0000] {logging_mixin.py:190} INFO - [2026-07-25T09:12:18.930+0000] {dagbag.py:588} INFO - Filling up the DagBag from /home/airflow/.local/lib/python3.12/site-packages/airflow/example_dags/tutorial_taskflow_templates.py
[2026-07-25T09:12:18.941+0000] {processor.py:925} INFO - DAG(s) 'tutorial_taskflow_templates' retrieved from /home/airflow/.local/lib/python3.12/site-packages/airflow/example_dags/tutorial_taskflow_templates.py
[2026-07-25T09:12:18.956+0000] {logging_mixin.py:190} INFO - [2026-07-25T09:12:18.956+0000] {dag.py:3239} INFO - Sync 1 DAGs
[2026-07-25T09:12:18.974+0000] {logging_mixin.py:190} INFO - [2026-07-25T09:12:18.974+0000] {dag.py:4180} INFO - Setting next_dagrun for tutorial_taskflow_templates to 2026-07-24 00:00:00+00:00, run_after=2026-07-25 00:00:00+00:00
[2026-07-25T09:12:18.986+0000] {processor.py:208} INFO - Processing /home/airflow/.local/lib/python3.12/site-packages/airflow/example_dags/tutorial_taskflow_templates.py took 0.063 seconds
[2026-07-25T09:12:49.835+0000] {processor.py:186} INFO - Started process (PID=874) to work on /home/airflow/.local/lib/python3.12/site-packages/airflow/example_dags/tutorial_taskflow_templates.py
[2026-07-25T09:12:49.836+0000] {processor.py:914} INFO - Processing file /home/airflow/.local/lib/python3.12/site-packages/airflow/example_dags/tutorial_taskflow_templates.py for tasks to queue
[2026-07-25T09:12:49.839+0000] {logging_mixin.py:190} INFO - [2026-07-25T09:12:49.838+0000] {dagbag.py:588} INFO - Filling up the DagBag from /home/airflow/.local/lib/python3.12/site-packages/airflow/example_dags/tutorial_taskflow_templates.py
[2026-07-25T09:12:49.847+0000] {processor.py:925} INFO - DAG(s) 'tutorial_taskflow_templates' retrieved from /home/airflow/.local/lib/python3.12/site-packages/airflow/example_dags/tutorial_taskflow_templates.py
[2026-07-25T09:12:49.860+0000] {logging_mixin.py:190} INFO - [2026-07-25T09:12:49.860+0000] {dag.py:3239} INFO - Sync 1 DAGs
[2026-07-25T09:12:49.874+0000] {logging_mixin.py:190} INFO - [2026-07-25T09:12:49.874+0000] {dag.py:4180} INFO - Setting next_dagrun for tutorial_taskflow_templates to 2026-07-24 00:00:00+00:00, run_after=2026-07-25 00:00:00+00:00
[2026-07-25T09:12:49.885+0000] {processor.py:208} INFO - Processing /home/airflow/.local/lib/python3.12/site-packages/airflow/example_dags/tutorial_taskflow_templates.py took 0.053 seconds
[2026-07-25T09:13:20.984+0000] {processor.py:186} INFO - Started process (PID=936) to work on /home/airflow/.local/lib/python3.12/site-packages/airflow/example_dags/tutorial_taskflow_templates.py
[2026-07-25T09:13:20.985+0000] {processor.py:914} INFO - Processing file /home/airflow/.local/lib/python3.12/site-packages/airflow/example_dags/tutorial_taskflow_templates.py for tasks to queue
[2026-07-25T09:13:20.987+0000] {logging_mixin.py:190} INFO - [2026-07-25T09:13:20.987+0000] {dagbag.py:588} INFO - Filling up the DagBag from /home/airflow/.local/lib/python3.12/site-packages/airflow/example_dags/tutorial_taskflow_templates.py
[2026-07-25T09:13:20.995+0000] {processor.py:925} INFO - DAG(s) 'tutorial_taskflow_templates' retrieved from /home/airflow/.local/lib/python3.12/site-packages/airflow/example_dags/tutorial_taskflow_templates.py
[2026-07-25T09:13:21.007+0000] {logging_mixin.py:190} INFO - [2026-07-25T09:13:21.007+0000] {dag.py:3239} INFO - Sync 1 DAGs
[2026-07-25T09:13:21.021+0000] {logging_mixin.py:190} INFO - [2026-07-25T09:13:21.021+0000] {dag.py:4180} INFO - Setting next_dagrun for tutorial_taskflow_templates to 2026-07-24 00:00:00+00:00, run_after=2026-07-25 00:00:00+00:00
[2026-07-25T09:13:21.032+0000] {processor.py:208} INFO - Processing /home/airflow/.local/lib/python3.12/site-packages/airflow/example_dags/tutorial_taskflow_templates.py took 0.051 seconds
[2026-07-25T09:13:51.555+0000] {processor.py:186} INFO - Started process (PID=998) to work on /home/airflow/.local/lib/python3.12/site-packages/airflow/example_dags/tutorial_taskflow_templates.py
[2026-07-25T09:13:51.556+0000] {processor.py:914} INFO - Processing file /home/airflow/.local/lib/python3.12/site-packages/airflow/example_dags/tutorial_taskflow_templates.py for tasks to queue
[2026-07-25T09:13:51.558+0000] {logging_mixin.py:190} INFO - [2026-07-25T09:13:51.557+0000] {dagbag.py:588} INFO - Filling up the DagBag from /home/airflow/.local/lib/python3.12/site-packages/airflow/example_dags/tutorial_taskflow_templates.py
[2026-07-25T09:13:51.566+0000] {processor.py:925} INFO - DAG(s) 'tutorial_taskflow_templates' retrieved from /home/airflow/.local/lib/python3.12/site-packages/airflow/example_dags/tutorial_taskflow_templates.py
[2026-07-25T09:13:51.578+0000] {logging_mixin.py:190} INFO - [2026-07-25T09:13:51.578+0000] {dag.py:3239} INFO - Sync 1 DAGs
[2026-07-25T09:13:51.592+0000] {logging_mixin.py:190} INFO - [2026-07-25T09:13:51.592+0000] {dag.py:4180} INFO - Setting next_dagrun for tutorial_taskflow_templates to 2026-07-24 00:00:00+00:00, run_after=2026-07-25 00:00:00+00:00
[2026-07-25T09:13:51.603+0000] {processor.py:208} INFO - Processing /home/airflow/.local/lib/python3.12/site-packages/airflow/example_dags/tutorial_taskflow_templates.py took 0.052 seconds
[2026-07-25T09:14:21.715+0000] {processor.py:186} INFO - Started process (PID=1061) to work on /home/airflow/.local/lib/python3.12/site-packages/airflow/example_dags/tutorial_taskflow_templates.py
[2026-07-25T09:14:21.716+0000] {processor.py:914} INFO - Processing file /home/airflow/.local/lib/python3.12/site-packages/airflow/example_dags/tutorial_taskflow_templates.py for tasks to queue
[2026-07-25T09:14:21.718+0000] {logging_mixin.py:190} INFO - [2026-07-25T09:14:21.718+0000] {dagbag.py:588} INFO - Filling up the DagBag from /home/airflow/.local/lib/python3.12/site-packages/airflow/example_dags/tutorial_taskflow_templates.py
[2026-07-25T09:14:21.727+0000] {processor.py:925} INFO - DAG(s) 'tutorial_taskflow_templates' retrieved from /home/airflow/.local/lib/python3.12/site-packages/airflow/example_dags/tutorial_taskflow_templates.py
[2026-07-25T09:14:21.740+0000] {logging_mixin.py:190} INFO - [2026-07-25T09:14:21.740+0000] {dag.py:3239} INFO - Sync 1 DAGs
[2026-07-25T09:14:21.755+0000] {logging_mixin.py:190} INFO - [2026-07-25T09:14:21.755+0000] {dag.py:4180} INFO - Setting next_dagrun for tutorial_taskflow_templates to 2026-07-24 00:00:00+00:00, run_after=2026-07-25 00:00:00+00:00
[2026-07-25T09:14:21.766+0000] {processor.py:208} INFO - Processing /home/airflow/.local/lib/python3.12/site-packages/airflow/example_dags/tutorial_taskflow_templates.py took 0.055 seconds
[2026-07-25T09:15:32.617+0000] {processor.py:186} INFO - Started process (PID=63) to work on /home/airflow/.local/lib/python3.12/site-packages/airflow/example_dags/tutorial_taskflow_templates.py
[2026-07-25T09:15:32.618+0000] {processor.py:914} INFO - Processing file /home/airflow/.local/lib/python3.12/site-packages/airflow/example_dags/tutorial_taskflow_templates.py for tasks to queue
[2026-07-25T09:15:32.620+0000] {logging_mixin.py:190} INFO - [2026-07-25T09:15:32.620+0000] {dagbag.py:588} INFO - Filling up the DagBag from /home/airflow/.local/lib/python3.12/site-packages/airflow/example_dags/tutorial_taskflow_templates.py
[2026-07-25T09:15:32.636+0000] {processor.py:925} INFO - DAG(s) 'tutorial_taskflow_templates' retrieved from /home/airflow/.local/lib/python3.12/site-packages/airflow/example_dags/tutorial_taskflow_templates.py
[2026-07-25T09:15:32.656+0000] {logging_mixin.py:190} INFO - [2026-07-25T09:15:32.656+0000] {dag.py:3239} INFO - Sync 1 DAGs
[2026-07-25T09:15:32.673+0000] {logging_mixin.py:190} INFO - [2026-07-25T09:15:32.673+0000] {dag.py:4180} INFO - Setting next_dagrun for tutorial_taskflow_templates to 2026-07-24 00:00:00+00:00, run_after=2026-07-25 00:00:00+00:00
[2026-07-25T09:15:32.686+0000] {processor.py:208} INFO - Processing /home/airflow/.local/lib/python3.12/site-packages/airflow/example_dags/tutorial_taskflow_templates.py took 0.074 seconds
[2026-07-25T09:16:02.872+0000] {processor.py:186} INFO - Started process (PID=126) to work on /home/airflow/.local/lib/python3.12/site-packages/airflow/example_dags/tutorial_taskflow_templates.py
[2026-07-25T09:16:02.874+0000] {processor.py:914} INFO - Processing file /home/airflow/.local/lib/python3.12/site-packages/airflow/example_dags/tutorial_taskflow_templates.py for tasks to queue
[2026-07-25T09:16:02.878+0000] {logging_mixin.py:190} INFO - [2026-07-25T09:16:02.877+0000] {dagbag.py:588} INFO - Filling up the DagBag from /home/airflow/.local/lib/python3.12/site-packages/airflow/example_dags/tutorial_taskflow_templates.py
[2026-07-25T09:16:02.892+0000] {processor.py:925} INFO - DAG(s) 'tutorial_taskflow_templates' retrieved from /home/airflow/.local/lib/python3.12/site-packages/airflow/example_dags/tutorial_taskflow_templates.py
[2026-07-25T09:16:02.913+0000] {logging_mixin.py:190} INFO - [2026-07-25T09:16:02.913+0000] {dag.py:3239} INFO - Sync 1 DAGs
[2026-07-25T09:16:02.934+0000] {logging_mixin.py:190} INFO - [2026-07-25T09:16:02.934+0000] {dag.py:4180} INFO - Setting next_dagrun for tutorial_taskflow_templates to 2026-07-24 00:00:00+00:00, run_after=2026-07-25 00:00:00+00:00
[2026-07-25T09:16:02.966+0000] {processor.py:208} INFO - Processing /home/airflow/.local/lib/python3.12/site-packages/airflow/example_dags/tutorial_taskflow_templates.py took 0.099 seconds
[2026-07-25T09:16:33.583+0000] {processor.py:186} INFO - Started process (PID=189) to work on /home/airflow/.local/lib/python3.12/site-packages/airflow/example_dags/tutorial_taskflow_templates.py
[2026-07-25T09:16:33.584+0000] {processor.py:914} INFO - Processing file /home/airflow/.local/lib/python3.12/site-packages/airflow/example_dags/tutorial_taskflow_templates.py for tasks to queue
[2026-07-25T09:16:33.586+0000] {logging_mixin.py:190} INFO - [2026-07-25T09:16:33.586+0000] {dagbag.py:588} INFO - Filling up the DagBag from /home/airflow/.local/lib/python3.12/site-packages/airflow/example_dags/tutorial_taskflow_templates.py
[2026-07-25T09:16:33.594+0000] {processor.py:925} INFO - DAG(s) 'tutorial_taskflow_templates' retrieved from /home/airflow/.local/lib/python3.12/site-packages/airflow/example_dags/tutorial_taskflow_templates.py
[2026-07-25T09:16:33.607+0000] {logging_mixin.py:190} INFO - [2026-07-25T09:16:33.607+0000] {dag.py:3239} INFO - Sync 1 DAGs
[2026-07-25T09:16:33.620+0000] {logging_mixin.py:190} INFO - [2026-07-25T09:16:33.620+0000] {dag.py:4180} INFO - Setting next_dagrun for tutorial_taskflow_templates to 2026-07-24 00:00:00+00:00, run_after=2026-07-25 00:00:00+00:00
[2026-07-25T09:16:33.631+0000] {processor.py:208} INFO - Processing /home/airflow/.local/lib/python3.12/site-packages/airflow/example_dags/tutorial_taskflow_templates.py took 0.052 seconds
[2026-07-25T09:17:04.325+0000] {processor.py:186} INFO - Started process (PID=252) to work on /home/airflow/.local/lib/python3.12/site-packages/airflow/example_dags/tutorial_taskflow_templates.py
[2026-07-25T09:17:04.326+0000] {processor.py:914} INFO - Processing file /home/airflow/.local/lib/python3.12/site-packages/airflow/example_dags/tutorial_taskflow_templates.py for tasks to queue
[2026-07-25T09:17:04.328+0000] {logging_mixin.py:190} INFO - [2026-07-25T09:17:04.327+0000] {dagbag.py:588} INFO - Filling up the DagBag from /home/airflow/.local/lib/python3.12/site-packages/airflow/example_dags/tutorial_taskflow_templates.py
[2026-07-25T09:17:04.336+0000] {processor.py:925} INFO - DAG(s) 'tutorial_taskflow_templates' retrieved from /home/airflow/.local/lib/python3.12/site-packages/airflow/example_dags/tutorial_taskflow_templates.py
[2026-07-25T09:17:04.349+0000] {logging_mixin.py:190} INFO - [2026-07-25T09:17:04.349+0000] {dag.py:3239} INFO - Sync 1 DAGs
[2026-07-25T09:17:04.362+0000] {logging_mixin.py:190} INFO - [2026-07-25T09:17:04.362+0000] {dag.py:4180} INFO - Setting next_dagrun for tutorial_taskflow_templates to 2026-07-24 00:00:00+00:00, run_after=2026-07-25 00:00:00+00:00
[2026-07-25T09:17:04.373+0000] {processor.py:208} INFO - Processing /home/airflow/.local/lib/python3.12/site-packages/airflow/example_dags/tutorial_taskflow_templates.py took 0.051 seconds
[2026-07-25T09:17:34.715+0000] {processor.py:186} INFO - Started process (PID=315) to work on /home/airflow/.local/lib/python3.12/site-packages/airflow/example_dags/tutorial_taskflow_templates.py
[2026-07-25T09:17:34.715+0000] {processor.py:914} INFO - Processing file /home/airflow/.local/lib/python3.12/site-packages/airflow/example_dags/tutorial_taskflow_templates.py for tasks to queue
[2026-07-25T09:17:34.717+0000] {logging_mixin.py:190} INFO - [2026-07-25T09:17:34.717+0000] {dagbag.py:588} INFO - Filling up the DagBag from /home/airflow/.local/lib/python3.12/site-packages/airflow/example_dags/tutorial_taskflow_templates.py
[2026-07-25T09:17:34.726+0000] {processor.py:925} INFO - DAG(s) 'tutorial_taskflow_templates' retrieved from /home/airflow/.local/lib/python3.12/site-packages/airflow/example_dags/tutorial_taskflow_templates.py
[2026-07-25T09:17:34.739+0000] {logging_mixin.py:190} INFO - [2026-07-25T09:17:34.739+0000] {dag.py:3239} INFO - Sync 1 DAGs
[2026-07-25T09:17:34.753+0000] {logging_mixin.py:190} INFO - [2026-07-25T09:17:34.753+0000] {dag.py:4180} INFO - Setting next_dagrun for tutorial_taskflow_templates to 2026-07-24 00:00:00+00:00, run_after=2026-07-25 00:00:00+00:00
[2026-07-25T09:17:34.765+0000] {processor.py:208} INFO - Processing /home/airflow/.local/lib/python3.12/site-packages/airflow/example_dags/tutorial_taskflow_templates.py took 0.054 seconds
[2026-07-25T09:18:04.912+0000] {processor.py:186} INFO - Started process (PID=378) to work on /home/airflow/.local/lib/python3.12/site-packages/airflow/example_dags/tutorial_taskflow_templates.py
[2026-07-25T09:18:04.913+0000] {processor.py:914} INFO - Processing file /home/airflow/.local/lib/python3.12/site-packages/airflow/example_dags/tutorial_taskflow_templates.py for tasks to queue
[2026-07-25T09:18:04.915+0000] {logging_mixin.py:190} INFO - [2026-07-25T09:18:04.915+0000] {dagbag.py:588} INFO - Filling up the DagBag from /home/airflow/.local/lib/python3.12/site-packages/airflow/example_dags/tutorial_taskflow_templates.py
[2026-07-25T09:18:04.923+0000] {processor.py:925} INFO - DAG(s) 'tutorial_taskflow_templates' retrieved from /home/airflow/.local/lib/python3.12/site-packages/airflow/example_dags/tutorial_taskflow_templates.py
[2026-07-25T09:18:04.936+0000] {logging_mixin.py:190} INFO - [2026-07-25T09:18:04.936+0000] {dag.py:3239} INFO - Sync 1 DAGs
[2026-07-25T09:18:04.949+0000] {logging_mixin.py:190} INFO - [2026-07-25T09:18:04.949+0000] {dag.py:4180} INFO - Setting next_dagrun for tutorial_taskflow_templates to 2026-07-24 00:00:00+00:00, run_after=2026-07-25 00:00:00+00:00
[2026-07-25T09:18:04.960+0000] {processor.py:208} INFO - Processing /home/airflow/.local/lib/python3.12/site-packages/airflow/example_dags/tutorial_taskflow_templates.py took 0.051 seconds
[2026-07-25T09:18:35.600+0000] {processor.py:186} INFO - Started process (PID=440) to work on /home/airflow/.local/lib/python3.12/site-packages/airflow/example_dags/tutorial_taskflow_templates.py
[2026-07-25T09:18:35.601+0000] {processor.py:914} INFO - Processing file /home/airflow/.local/lib/python3.12/site-packages/airflow/example_dags/tutorial_taskflow_templates.py for tasks to queue
[2026-07-25T09:18:35.603+0000] {logging_mixin.py:190} INFO - [2026-07-25T09:18:35.602+0000] {dagbag.py:588} INFO - Filling up the DagBag from /home/airflow/.local/lib/python3.12/site-packages/airflow/example_dags/tutorial_taskflow_templates.py
[2026-07-25T09:18:35.611+0000] {processor.py:925} INFO - DAG(s) 'tutorial_taskflow_templates' retrieved from /home/airflow/.local/lib/python3.12/site-packages/airflow/example_dags/tutorial_taskflow_templates.py
[2026-07-25T09:18:35.624+0000] {logging_mixin.py:190} INFO - [2026-07-25T09:18:35.623+0000] {dag.py:3239} INFO - Sync 1 DAGs
[2026-07-25T09:18:35.637+0000] {logging_mixin.py:190} INFO - [2026-07-25T09:18:35.637+0000] {dag.py:4180} INFO - Setting next_dagrun for tutorial_taskflow_templates to 2026-07-24 00:00:00+00:00, run_after=2026-07-25 00:00:00+00:00
[2026-07-25T09:18:35.648+0000] {processor.py:208} INFO - Processing /home/airflow/.local/lib/python3.12/site-packages/airflow/example_dags/tutorial_taskflow_templates.py took 0.052 seconds
[2026-07-25T09:19:05.862+0000] {processor.py:186} INFO - Started process (PID=502) to work on /home/airflow/.local/lib/python3.12/site-packages/airflow/example_dags/tutorial_taskflow_templates.py
[2026-07-25T09:19:05.863+0000] {processor.py:914} INFO - Processing file /home/airflow/.local/lib/python3.12/site-packages/airflow/example_dags/tutorial_taskflow_templates.py for tasks to queue
[2026-07-25T09:19:05.865+0000] {logging_mixin.py:190} INFO - [2026-07-25T09:19:05.865+0000] {dagbag.py:588} INFO - Filling up the DagBag from /home/airflow/.local/lib/python3.12/site-packages/airflow/example_dags/tutorial_taskflow_templates.py
[2026-07-25T09:19:05.873+0000] {processor.py:925} INFO - DAG(s) 'tutorial_taskflow_templates' retrieved from /home/airflow/.local/lib/python3.12/site-packages/airflow/example_dags/tutorial_taskflow_templates.py
[2026-07-25T09:19:05.887+0000] {logging_mixin.py:190} INFO - [2026-07-25T09:19:05.887+0000] {dag.py:3239} INFO - Sync 1 DAGs
[2026-07-25T09:19:05.901+0000] {logging_mixin.py:190} INFO - [2026-07-25T09:19:05.901+0000] {dag.py:4180} INFO - Setting next_dagrun for tutorial_taskflow_templates to 2026-07-24 00:00:00+00:00, run_after=2026-07-25 00:00:00+00:00
[2026-07-25T09:19:05.913+0000] {processor.py:208} INFO - Processing /home/airflow/.local/lib/python3.12/site-packages/airflow/example_dags/tutorial_taskflow_templates.py took 0.055 seconds
[2026-07-25T09:20:43.681+0000] {processor.py:186} INFO - Started process (PID=63) to work on /home/airflow/.local/lib/python3.12/site-packages/airflow/example_dags/tutorial_taskflow_templates.py
[2026-07-25T09:20:43.683+0000] {processor.py:914} INFO - Processing file /home/airflow/.local/lib/python3.12/site-packages/airflow/example_dags/tutorial_taskflow_templates.py for tasks to queue
[2026-07-25T09:20:43.686+0000] {logging_mixin.py:190} INFO - [2026-07-25T09:20:43.686+0000] {dagbag.py:588} INFO - Filling up the DagBag from /home/airflow/.local/lib/python3.12/site-packages/airflow/example_dags/tutorial_taskflow_templates.py
[2026-07-25T09:20:43.704+0000] {processor.py:925} INFO - DAG(s) 'tutorial_taskflow_templates' retrieved from /home/airflow/.local/lib/python3.12/site-packages/airflow/example_dags/tutorial_taskflow_templates.py
[2026-07-25T09:20:43.727+0000] {logging_mixin.py:190} INFO - [2026-07-25T09:20:43.726+0000] {dag.py:3239} INFO - Sync 1 DAGs
[2026-07-25T09:20:43.749+0000] {logging_mixin.py:190} INFO - [2026-07-25T09:20:43.749+0000] {dag.py:4180} INFO - Setting next_dagrun for tutorial_taskflow_templates to 2026-07-24 00:00:00+00:00, run_after=2026-07-25 00:00:00+00:00
[2026-07-25T09:20:43.766+0000] {processor.py:208} INFO - Processing /home/airflow/.local/lib/python3.12/site-packages/airflow/example_dags/tutorial_taskflow_templates.py took 0.089 seconds
[2026-07-25T09:21:13.892+0000] {processor.py:186} INFO - Started process (PID=126) to work on /home/airflow/.local/lib/python3.12/site-packages/airflow/example_dags/tutorial_taskflow_templates.py
[2026-07-25T09:21:13.892+0000] {processor.py:914} INFO - Processing file /home/airflow/.local/lib/python3.12/site-packages/airflow/example_dags/tutorial_taskflow_templates.py for tasks to queue
[2026-07-25T09:21:13.895+0000] {logging_mixin.py:190} INFO - [2026-07-25T09:21:13.895+0000] {dagbag.py:588} INFO - Filling up the DagBag from /home/airflow/.local/lib/python3.12/site-packages/airflow/example_dags/tutorial_taskflow_templates.py
[2026-07-25T09:21:13.903+0000] {processor.py:925} INFO - DAG(s) 'tutorial_taskflow_templates' retrieved from /home/airflow/.local/lib/python3.12/site-packages/airflow/example_dags/tutorial_taskflow_templates.py
[2026-07-25T09:21:13.917+0000] {logging_mixin.py:190} INFO - [2026-07-25T09:21:13.917+0000] {dag.py:3239} INFO - Sync 1 DAGs
[2026-07-25T09:21:13.930+0000] {logging_mixin.py:190} INFO - [2026-07-25T09:21:13.930+0000] {dag.py:4180} INFO - Setting next_dagrun for tutorial_taskflow_templates to 2026-07-24 00:00:00+00:00, run_after=2026-07-25 00:00:00+00:00
[2026-07-25T09:21:13.942+0000] {processor.py:208} INFO - Processing /home/airflow/.local/lib/python3.12/site-packages/airflow/example_dags/tutorial_taskflow_templates.py took 0.054 seconds
[2026-07-25T09:21:44.036+0000] {processor.py:186} INFO - Started process (PID=189) to work on /home/airflow/.local/lib/python3.12/site-packages/airflow/example_dags/tutorial_taskflow_templates.py
[2026-07-25T09:21:44.037+0000] {processor.py:914} INFO - Processing file /home/airflow/.local/lib/python3.12/site-packages/airflow/example_dags/tutorial_taskflow_templates.py for tasks to queue
[2026-07-25T09:21:44.039+0000] {logging_mixin.py:190} INFO - [2026-07-25T09:21:44.039+0000] {dagbag.py:588} INFO - Filling up the DagBag from /home/airflow/.local/lib/python3.12/site-packages/airflow/example_dags/tutorial_taskflow_templates.py
[2026-07-25T09:21:44.047+0000] {processor.py:925} INFO - DAG(s) 'tutorial_taskflow_templates' retrieved from /home/airflow/.local/lib/python3.12/site-packages/airflow/example_dags/tutorial_taskflow_templates.py
[2026-07-25T09:21:44.061+0000] {logging_mixin.py:190} INFO - [2026-07-25T09:21:44.060+0000] {dag.py:3239} INFO - Sync 1 DAGs
[2026-07-25T09:21:44.074+0000] {logging_mixin.py:190} INFO - [2026-07-25T09:21:44.074+0000] {dag.py:4180} INFO - Setting next_dagrun for tutorial_taskflow_templates to 2026-07-24 00:00:00+00:00, run_after=2026-07-25 00:00:00+00:00
[2026-07-25T09:21:44.086+0000] {processor.py:208} INFO - Processing /home/airflow/.local/lib/python3.12/site-packages/airflow/example_dags/tutorial_taskflow_templates.py took 0.053 seconds
[2026-07-25T09:22:14.632+0000] {processor.py:186} INFO - Started process (PID=252) to work on /home/airflow/.local/lib/python3.12/site-packages/airflow/example_dags/tutorial_taskflow_templates.py
[2026-07-25T09:22:14.633+0000] {processor.py:914} INFO - Processing file /home/airflow/.local/lib/python3.12/site-packages/airflow/example_dags/tutorial_taskflow_templates.py for tasks to queue
[2026-07-25T09:22:14.634+0000] {logging_mixin.py:190} INFO - [2026-07-25T09:22:14.634+0000] {dagbag.py:588} INFO - Filling up the DagBag from /home/airflow/.local/lib/python3.12/site-packages/airflow/example_dags/tutorial_taskflow_templates.py
[2026-07-25T09:22:14.642+0000] {processor.py:925} INFO - DAG(s) 'tutorial_taskflow_templates' retrieved from /home/airflow/.local/lib/python3.12/site-packages/airflow/example_dags/tutorial_taskflow_templates.py
[2026-07-25T09:22:14.654+0000] {logging_mixin.py:190} INFO - [2026-07-25T09:22:14.654+0000] {dag.py:3239} INFO - Sync 1 DAGs
[2026-07-25T09:22:14.668+0000] {logging_mixin.py:190} INFO - [2026-07-25T09:22:14.668+0000] {dag.py:4180} INFO - Setting next_dagrun for tutorial_taskflow_templates to 2026-07-24 00:00:00+00:00, run_after=2026-07-25 00:00:00+00:00
[2026-07-25T09:22:14.679+0000] {processor.py:208} INFO - Processing /home/airflow/.local/lib/python3.12/site-packages/airflow/example_dags/tutorial_taskflow_templates.py took 0.052 seconds
[2026-07-25T09:23:55.445+0000] {processor.py:186} INFO - Started process (PID=63) to work on /home/airflow/.local/lib/python3.12/site-packages/airflow/example_dags/tutorial_taskflow_templates.py
[2026-07-25T09:23:55.446+0000] {processor.py:914} INFO - Processing file /home/airflow/.local/lib/python3.12/site-packages/airflow/example_dags/tutorial_taskflow_templates.py for tasks to queue
[2026-07-25T09:23:55.448+0000] {logging_mixin.py:190} INFO - [2026-07-25T09:23:55.448+0000] {dagbag.py:588} INFO - Filling up the DagBag from /home/airflow/.local/lib/python3.12/site-packages/airflow/example_dags/tutorial_taskflow_templates.py
[2026-07-25T09:23:55.461+0000] {processor.py:925} INFO - DAG(s) 'tutorial_taskflow_templates' retrieved from /home/airflow/.local/lib/python3.12/site-packages/airflow/example_dags/tutorial_taskflow_templates.py
[2026-07-25T09:23:55.480+0000] {logging_mixin.py:190} INFO - [2026-07-25T09:23:55.480+0000] {dag.py:3239} INFO - Sync 1 DAGs
[2026-07-25T09:23:55.496+0000] {logging_mixin.py:190} INFO - [2026-07-25T09:23:55.496+0000] {dag.py:4180} INFO - Setting next_dagrun for tutorial_taskflow_templates to 2026-07-24 00:00:00+00:00, run_after=2026-07-25 00:00:00+00:00
[2026-07-25T09:23:55.525+0000] {processor.py:208} INFO - Processing /home/airflow/.local/lib/python3.12/site-packages/airflow/example_dags/tutorial_taskflow_templates.py took 0.084 seconds
[2026-07-25T09:24:25.579+0000] {processor.py:186} INFO - Started process (PID=126) to work on /home/airflow/.local/lib/python3.12/site-packages/airflow/example_dags/tutorial_taskflow_templates.py
[2026-07-25T09:24:25.580+0000] {processor.py:914} INFO - Processing file /home/airflow/.local/lib/python3.12/site-packages/airflow/example_dags/tutorial_taskflow_templates.py for tasks to queue
[2026-07-25T09:24:25.582+0000] {logging_mixin.py:190} INFO - [2026-07-25T09:24:25.582+0000] {dagbag.py:588} INFO - Filling up the DagBag from /home/airflow/.local/lib/python3.12/site-packages/airflow/example_dags/tutorial_taskflow_templates.py
[2026-07-25T09:24:25.592+0000] {processor.py:925} INFO - DAG(s) 'tutorial_taskflow_templates' retrieved from /home/airflow/.local/lib/python3.12/site-packages/airflow/example_dags/tutorial_taskflow_templates.py
[2026-07-25T09:24:25.604+0000] {logging_mixin.py:190} INFO - [2026-07-25T09:24:25.604+0000] {dag.py:3239} INFO - Sync 1 DAGs
[2026-07-25T09:24:25.618+0000] {logging_mixin.py:190} INFO - [2026-07-25T09:24:25.618+0000] {dag.py:4180} INFO - Setting next_dagrun for tutorial_taskflow_templates to 2026-07-24 00:00:00+00:00, run_after=2026-07-25 00:00:00+00:00
[2026-07-25T09:24:25.634+0000] {processor.py:208} INFO - Processing /home/airflow/.local/lib/python3.12/site-packages/airflow/example_dags/tutorial_taskflow_templates.py took 0.058 seconds
[2026-07-25T09:24:56.104+0000] {processor.py:186} INFO - Started process (PID=189) to work on /home/airflow/.local/lib/python3.12/site-packages/airflow/example_dags/tutorial_taskflow_templates.py
[2026-07-25T09:24:56.105+0000] {processor.py:914} INFO - Processing file /home/airflow/.local/lib/python3.12/site-packages/airflow/example_dags/tutorial_taskflow_templates.py for tasks to queue
[2026-07-25T09:24:56.107+0000] {logging_mixin.py:190} INFO - [2026-07-25T09:24:56.107+0000] {dagbag.py:588} INFO - Filling up the DagBag from /home/airflow/.local/lib/python3.12/site-packages/airflow/example_dags/tutorial_taskflow_templates.py
[2026-07-25T09:24:56.116+0000] {processor.py:925} INFO - DAG(s) 'tutorial_taskflow_templates' retrieved from /home/airflow/.local/lib/python3.12/site-packages/airflow/example_dags/tutorial_taskflow_templates.py
[2026-07-25T09:24:56.130+0000] {logging_mixin.py:190} INFO - [2026-07-25T09:24:56.129+0000] {dag.py:3239} INFO - Sync 1 DAGs
[2026-07-25T09:24:56.144+0000] {logging_mixin.py:190} INFO - [2026-07-25T09:24:56.144+0000] {dag.py:4180} INFO - Setting next_dagrun for tutorial_taskflow_templates to 2026-07-24 00:00:00+00:00, run_after=2026-07-25 00:00:00+00:00
[2026-07-25T09:24:56.155+0000] {processor.py:208} INFO - Processing /home/airflow/.local/lib/python3.12/site-packages/airflow/example_dags/tutorial_taskflow_templates.py took 0.055 seconds
[2026-07-25T09:25:27.029+0000] {processor.py:186} INFO - Started process (PID=252) to work on /home/airflow/.local/lib/python3.12/site-packages/airflow/example_dags/tutorial_taskflow_templates.py
[2026-07-25T09:25:27.030+0000] {processor.py:914} INFO - Processing file /home/airflow/.local/lib/python3.12/site-packages/airflow/example_dags/tutorial_taskflow_templates.py for tasks to queue
[2026-07-25T09:25:27.032+0000] {logging_mixin.py:190} INFO - [2026-07-25T09:25:27.032+0000] {dagbag.py:588} INFO - Filling up the DagBag from /home/airflow/.local/lib/python3.12/site-packages/airflow/example_dags/tutorial_taskflow_templates.py
[2026-07-25T09:25:27.043+0000] {processor.py:925} INFO - DAG(s) 'tutorial_taskflow_templates' retrieved from /home/airflow/.local/lib/python3.12/site-packages/airflow/example_dags/tutorial_taskflow_templates.py
[2026-07-25T09:25:27.059+0000] {logging_mixin.py:190} INFO - [2026-07-25T09:25:27.059+0000] {dag.py:3239} INFO - Sync 1 DAGs
[2026-07-25T09:25:27.075+0000] {logging_mixin.py:190} INFO - [2026-07-25T09:25:27.075+0000] {dag.py:4180} INFO - Setting next_dagrun for tutorial_taskflow_templates to 2026-07-24 00:00:00+00:00, run_after=2026-07-25 00:00:00+00:00
[2026-07-25T09:25:27.087+0000] {processor.py:208} INFO - Processing /home/airflow/.local/lib/python3.12/site-packages/airflow/example_dags/tutorial_taskflow_templates.py took 0.063 seconds
[2026-07-25T09:26:47.468+0000] {processor.py:186} INFO - Started process (PID=63) to work on /home/airflow/.local/lib/python3.12/site-packages/airflow/example_dags/tutorial_taskflow_templates.py
[2026-07-25T09:26:47.469+0000] {processor.py:914} INFO - Processing file /home/airflow/.local/lib/python3.12/site-packages/airflow/example_dags/tutorial_taskflow_templates.py for tasks to queue
[2026-07-25T09:26:47.471+0000] {logging_mixin.py:190} INFO - [2026-07-25T09:26:47.471+0000] {dagbag.py:588} INFO - Filling up the DagBag from /home/airflow/.local/lib/python3.12/site-packages/airflow/example_dags/tutorial_taskflow_templates.py
[2026-07-25T09:26:47.481+0000] {processor.py:925} INFO - DAG(s) 'tutorial_taskflow_templates' retrieved from /home/airflow/.local/lib/python3.12/site-packages/airflow/example_dags/tutorial_taskflow_templates.py
[2026-07-25T09:26:47.580+0000] {logging_mixin.py:190} INFO - [2026-07-25T09:26:47.579+0000] {override.py:1932} INFO - Created Permission View: can edit on DAG:tutorial_taskflow_templates
[2026-07-25T09:26:47.589+0000] {logging_mixin.py:190} INFO - [2026-07-25T09:26:47.589+0000] {override.py:1932} INFO - Created Permission View: can read on DAG:tutorial_taskflow_templates
[2026-07-25T09:26:47.595+0000] {logging_mixin.py:190} INFO - [2026-07-25T09:26:47.595+0000] {override.py:1932} INFO - Created Permission View: can delete on DAG:tutorial_taskflow_templates
[2026-07-25T09:26:47.602+0000] {logging_mixin.py:190} INFO - [2026-07-25T09:26:47.602+0000] {override.py:1932} INFO - Created Permission View: menu access on DAG Run:tutorial_taskflow_templates
[2026-07-25T09:26:47.608+0000] {logging_mixin.py:190} INFO - [2026-07-25T09:26:47.608+0000] {override.py:1932} INFO - Created Permission View: can read on DAG Run:tutorial_taskflow_templates
[2026-07-25T09:26:47.614+0000] {logging_mixin.py:190} INFO - [2026-07-25T09:26:47.614+0000] {override.py:1932} INFO - Created Permission View: can create on DAG Run:tutorial_taskflow_templates
[2026-07-25T09:26:47.619+0000] {logging_mixin.py:190} INFO - [2026-07-25T09:26:47.619+0000] {override.py:1932} INFO - Created Permission View: can delete on DAG Run:tutorial_taskflow_templates
[2026-07-25T09:26:47.619+0000] {logging_mixin.py:190} INFO - [2026-07-25T09:26:47.619+0000] {dag.py:3239} INFO - Sync 1 DAGs
[2026-07-25T09:26:47.628+0000] {logging_mixin.py:190} INFO - [2026-07-25T09:26:47.627+0000] {dag.py:3262} INFO - Creating ORM DAG for tutorial_taskflow_templates
[2026-07-25T09:26:47.635+0000] {logging_mixin.py:190} INFO - [2026-07-25T09:26:47.635+0000] {dag.py:4180} INFO - Setting next_dagrun for tutorial_taskflow_templates to 2026-07-24 00:00:00+00:00, run_after=2026-07-25 00:00:00+00:00
[2026-07-25T09:26:47.647+0000] {processor.py:208} INFO - Processing /home/airflow/.local/lib/python3.12/site-packages/airflow/example_dags/tutorial_taskflow_templates.py took 0.184 seconds
[2026-07-25T09:27:18.509+0000] {processor.py:186} INFO - Started process (PID=126) to work on /home/airflow/.local/lib/python3.12/site-packages/airflow/example_dags/tutorial_taskflow_templates.py
[2026-07-25T09:27:18.510+0000] {processor.py:914} INFO - Processing file /home/airflow/.local/lib/python3.12/site-packages/airflow/example_dags/tutorial_taskflow_templates.py for tasks to queue
[2026-07-25T09:27:18.513+0000] {logging_mixin.py:190} INFO - [2026-07-25T09:27:18.512+0000] {dagbag.py:588} INFO - Filling up the DagBag from /home/airflow/.local/lib/python3.12/site-packages/airflow/example_dags/tutorial_taskflow_templates.py
[2026-07-25T09:27:18.521+0000] {processor.py:925} INFO - DAG(s) 'tutorial_taskflow_templates' retrieved from /home/airflow/.local/lib/python3.12/site-packages/airflow/example_dags/tutorial_taskflow_templates.py
[2026-07-25T09:27:18.535+0000] {logging_mixin.py:190} INFO - [2026-07-25T09:27:18.535+0000] {dag.py:3239} INFO - Sync 1 DAGs
[2026-07-25T09:27:18.554+0000] {logging_mixin.py:190} INFO - [2026-07-25T09:27:18.554+0000] {dag.py:4180} INFO - Setting next_dagrun for tutorial_taskflow_templates to 2026-07-24 00:00:00+00:00, run_after=2026-07-25 00:00:00+00:00
[2026-07-25T09:27:18.579+0000] {processor.py:208} INFO - Processing /home/airflow/.local/lib/python3.12/site-packages/airflow/example_dags/tutorial_taskflow_templates.py took 0.075 seconds
[2026-07-25T09:27:48.834+0000] {processor.py:186} INFO - Started process (PID=189) to work on /home/airflow/.local/lib/python3.12/site-packages/airflow/example_dags/tutorial_taskflow_templates.py
[2026-07-25T09:27:48.835+0000] {processor.py:914} INFO - Processing file /home/airflow/.local/lib/python3.12/site-packages/airflow/example_dags/tutorial_taskflow_templates.py for tasks to queue
[2026-07-25T09:27:48.838+0000] {logging_mixin.py:190} INFO - [2026-07-25T09:27:48.838+0000] {dagbag.py:588} INFO - Filling up the DagBag from /home/airflow/.local/lib/python3.12/site-packages/airflow/example_dags/tutorial_taskflow_templates.py
[2026-07-25T09:27:48.848+0000] {processor.py:925} INFO - DAG(s) 'tutorial_taskflow_templates' retrieved from /home/airflow/.local/lib/python3.12/site-packages/airflow/example_dags/tutorial_taskflow_templates.py
[2026-07-25T09:27:48.862+0000] {logging_mixin.py:190} INFO - [2026-07-25T09:27:48.862+0000] {dag.py:3239} INFO - Sync 1 DAGs
[2026-07-25T09:27:48.879+0000] {logging_mixin.py:190} INFO - [2026-07-25T09:27:48.878+0000] {dag.py:4180} INFO - Setting next_dagrun for tutorial_taskflow_templates to 2026-07-24 00:00:00+00:00, run_after=2026-07-25 00:00:00+00:00
[2026-07-25T09:27:48.892+0000] {processor.py:208} INFO - Processing /home/airflow/.local/lib/python3.12/site-packages/airflow/example_dags/tutorial_taskflow_templates.py took 0.063 seconds
[2026-07-25T09:28:19.225+0000] {processor.py:186} INFO - Started process (PID=252) to work on /home/airflow/.local/lib/python3.12/site-packages/airflow/example_dags/tutorial_taskflow_templates.py
[2026-07-25T09:28:19.225+0000] {processor.py:914} INFO - Processing file /home/airflow/.local/lib/python3.12/site-packages/airflow/example_dags/tutorial_taskflow_templates.py for tasks to queue
[2026-07-25T09:28:19.227+0000] {logging_mixin.py:190} INFO - [2026-07-25T09:28:19.227+0000] {dagbag.py:588} INFO - Filling up the DagBag from /home/airflow/.local/lib/python3.12/site-packages/airflow/example_dags/tutorial_taskflow_templates.py
[2026-07-25T09:28:19.236+0000] {processor.py:925} INFO - DAG(s) 'tutorial_taskflow_templates' retrieved from /home/airflow/.local/lib/python3.12/site-packages/airflow/example_dags/tutorial_taskflow_templates.py
[2026-07-25T09:28:19.249+0000] {logging_mixin.py:190} INFO - [2026-07-25T09:28:19.249+0000] {dag.py:3239} INFO - Sync 1 DAGs
[2026-07-25T09:28:19.263+0000] {logging_mixin.py:190} INFO - [2026-07-25T09:28:19.263+0000] {dag.py:4180} INFO - Setting next_dagrun for tutorial_taskflow_templates to 2026-07-24 00:00:00+00:00, run_after=2026-07-25 00:00:00+00:00
[2026-07-25T09:28:19.284+0000] {processor.py:208} INFO - Processing /home/airflow/.local/lib/python3.12/site-packages/airflow/example_dags/tutorial_taskflow_templates.py took 0.063 seconds
[2026-07-25T09:28:49.837+0000] {processor.py:186} INFO - Started process (PID=315) to work on /home/airflow/.local/lib/python3.12/site-packages/airflow/example_dags/tutorial_taskflow_templates.py
[2026-07-25T09:28:49.838+0000] {processor.py:914} INFO - Processing file /home/airflow/.local/lib/python3.12/site-packages/airflow/example_dags/tutorial_taskflow_templates.py for tasks to queue
[2026-07-25T09:28:49.840+0000] {logging_mixin.py:190} INFO - [2026-07-25T09:28:49.840+0000] {dagbag.py:588} INFO - Filling up the DagBag from /home/airflow/.local/lib/python3.12/site-packages/airflow/example_dags/tutorial_taskflow_templates.py
[2026-07-25T09:28:49.848+0000] {processor.py:925} INFO - DAG(s) 'tutorial_taskflow_templates' retrieved from /home/airflow/.local/lib/python3.12/site-packages/airflow/example_dags/tutorial_taskflow_templates.py
[2026-07-25T09:28:49.861+0000] {logging_mixin.py:190} INFO - [2026-07-25T09:28:49.861+0000] {dag.py:3239} INFO - Sync 1 DAGs
[2026-07-25T09:28:49.875+0000] {logging_mixin.py:190} INFO - [2026-07-25T09:28:49.875+0000] {dag.py:4180} INFO - Setting next_dagrun for tutorial_taskflow_templates to 2026-07-24 00:00:00+00:00, run_after=2026-07-25 00:00:00+00:00
[2026-07-25T09:28:49.886+0000] {processor.py:208} INFO - Processing /home/airflow/.local/lib/python3.12/site-packages/airflow/example_dags/tutorial_taskflow_templates.py took 0.053 seconds
[2026-07-25T09:29:22.536+0000] {processor.py:186} INFO - Started process (PID=384) to work on /home/airflow/.local/lib/python3.12/site-packages/airflow/example_dags/tutorial_taskflow_templates.py
[2026-07-25T09:29:22.536+0000] {processor.py:914} INFO - Processing file /home/airflow/.local/lib/python3.12/site-packages/airflow/example_dags/tutorial_taskflow_templates.py for tasks to queue
[2026-07-25T09:29:22.539+0000] {logging_mixin.py:190} INFO - [2026-07-25T09:29:22.539+0000] {dagbag.py:588} INFO - Filling up the DagBag from /home/airflow/.local/lib/python3.12/site-packages/airflow/example_dags/tutorial_taskflow_templates.py
[2026-07-25T09:29:22.548+0000] {processor.py:925} INFO - DAG(s) 'tutorial_taskflow_templates' retrieved from /home/airflow/.local/lib/python3.12/site-packages/airflow/example_dags/tutorial_taskflow_templates.py
[2026-07-25T09:29:22.562+0000] {logging_mixin.py:190} INFO - [2026-07-25T09:29:22.562+0000] {dag.py:3239} INFO - Sync 1 DAGs
[2026-07-25T09:29:22.577+0000] {logging_mixin.py:190} INFO - [2026-07-25T09:29:22.577+0000] {dag.py:4180} INFO - Setting next_dagrun for tutorial_taskflow_templates to 2026-07-24 00:00:00+00:00, run_after=2026-07-25 00:00:00+00:00
[2026-07-25T09:29:22.603+0000] {processor.py:208} INFO - Processing /home/airflow/.local/lib/python3.12/site-packages/airflow/example_dags/tutorial_taskflow_templates.py took 0.072 seconds
[2026-07-25T09:29:52.801+0000] {processor.py:186} INFO - Started process (PID=446) to work on /home/airflow/.local/lib/python3.12/site-packages/airflow/example_dags/tutorial_taskflow_templates.py
[2026-07-25T09:29:52.803+0000] {processor.py:914} INFO - Processing file /home/airflow/.local/lib/python3.12/site-packages/airflow/example_dags/tutorial_taskflow_templates.py for tasks to queue
[2026-07-25T09:29:52.805+0000] {logging_mixin.py:190} INFO - [2026-07-25T09:29:52.804+0000] {dagbag.py:588} INFO - Filling up the DagBag from /home/airflow/.local/lib/python3.12/site-packages/airflow/example_dags/tutorial_taskflow_templates.py
[2026-07-25T09:29:52.815+0000] {processor.py:925} INFO - DAG(s) 'tutorial_taskflow_templates' retrieved from /home/airflow/.local/lib/python3.12/site-packages/airflow/example_dags/tutorial_taskflow_templates.py
[2026-07-25T09:29:52.830+0000] {logging_mixin.py:190} INFO - [2026-07-25T09:29:52.830+0000] {dag.py:3239} INFO - Sync 1 DAGs
[2026-07-25T09:29:52.846+0000] {logging_mixin.py:190} INFO - [2026-07-25T09:29:52.846+0000] {dag.py:4180} INFO - Setting next_dagrun for tutorial_taskflow_templates to 2026-07-24 00:00:00+00:00, run_after=2026-07-25 00:00:00+00:00
[2026-07-25T09:29:52.858+0000] {processor.py:208} INFO - Processing /home/airflow/.local/lib/python3.12/site-packages/airflow/example_dags/tutorial_taskflow_templates.py took 0.061 seconds
[2026-07-25T09:30:23.402+0000] {processor.py:186} INFO - Started process (PID=508) to work on /home/airflow/.local/lib/python3.12/site-packages/airflow/example_dags/tutorial_taskflow_templates.py
[2026-07-25T09:30:23.403+0000] {processor.py:914} INFO - Processing file /home/airflow/.local/lib/python3.12/site-packages/airflow/example_dags/tutorial_taskflow_templates.py for tasks to queue
[2026-07-25T09:30:23.405+0000] {logging_mixin.py:190} INFO - [2026-07-25T09:30:23.404+0000] {dagbag.py:588} INFO - Filling up the DagBag from /home/airflow/.local/lib/python3.12/site-packages/airflow/example_dags/tutorial_taskflow_templates.py
[2026-07-25T09:30:23.413+0000] {processor.py:925} INFO - DAG(s) 'tutorial_taskflow_templates' retrieved from /home/airflow/.local/lib/python3.12/site-packages/airflow/example_dags/tutorial_taskflow_templates.py
[2026-07-25T09:30:23.425+0000] {logging_mixin.py:190} INFO - [2026-07-25T09:30:23.425+0000] {dag.py:3239} INFO - Sync 1 DAGs
[2026-07-25T09:30:23.439+0000] {logging_mixin.py:190} INFO - [2026-07-25T09:30:23.438+0000] {dag.py:4180} INFO - Setting next_dagrun for tutorial_taskflow_templates to 2026-07-24 00:00:00+00:00, run_after=2026-07-25 00:00:00+00:00
[2026-07-25T09:30:23.454+0000] {processor.py:208} INFO - Processing /home/airflow/.local/lib/python3.12/site-packages/airflow/example_dags/tutorial_taskflow_templates.py took 0.055 seconds
[2026-07-25T09:30:53.492+0000] {processor.py:186} INFO - Started process (PID=570) to work on /home/airflow/.local/lib/python3.12/site-packages/airflow/example_dags/tutorial_taskflow_templates.py
[2026-07-25T09:30:53.493+0000] {processor.py:914} INFO - Processing file /home/airflow/.local/lib/python3.12/site-packages/airflow/example_dags/tutorial_taskflow_templates.py for tasks to queue
[2026-07-25T09:30:53.496+0000] {logging_mixin.py:190} INFO - [2026-07-25T09:30:53.495+0000] {dagbag.py:588} INFO - Filling up the DagBag from /home/airflow/.local/lib/python3.12/site-packages/airflow/example_dags/tutorial_taskflow_templates.py
[2026-07-25T09:30:53.504+0000] {processor.py:925} INFO - DAG(s) 'tutorial_taskflow_templates' retrieved from /home/airflow/.local/lib/python3.12/site-packages/airflow/example_dags/tutorial_taskflow_templates.py
[2026-07-25T09:30:53.517+0000] {logging_mixin.py:190} INFO - [2026-07-25T09:30:53.517+0000] {dag.py:3239} INFO - Sync 1 DAGs
[2026-07-25T09:30:53.530+0000] {logging_mixin.py:190} INFO - [2026-07-25T09:30:53.530+0000] {dag.py:4180} INFO - Setting next_dagrun for tutorial_taskflow_templates to 2026-07-24 00:00:00+00:00, run_after=2026-07-25 00:00:00+00:00
[2026-07-25T09:30:53.542+0000] {processor.py:208} INFO - Processing /home/airflow/.local/lib/python3.12/site-packages/airflow/example_dags/tutorial_taskflow_templates.py took 0.053 seconds
