[2026-07-25T10:18:56.103+0000] {local_task_job_runner.py:123} INFO - ::group::Pre task execution logs
[2026-07-25T10:18:56.118+0000] {taskinstance.py:2632} INFO - Dependencies all met for dep_context=non-requeueable deps ti=<TaskInstance: hdb_resale_pipeline.transform_data manual__2026-07-25T10:18:39.253504+00:00 [queued]>
[2026-07-25T10:18:56.124+0000] {taskinstance.py:2632} INFO - Dependencies all met for dep_context=requeueable deps ti=<TaskInstance: hdb_resale_pipeline.transform_data manual__2026-07-25T10:18:39.253504+00:00 [queued]>
[2026-07-25T10:18:56.124+0000] {taskinstance.py:2885} INFO - Starting attempt 1 of 1
[2026-07-25T10:18:56.133+0000] {taskinstance.py:2908} INFO - Executing <Task(PythonOperator): transform_data> on 2026-07-25 10:18:39.253504+00:00
[2026-07-25T10:18:56.141+0000] {warnings.py:112} WARNING - /home/***/.local/lib/python3.12/site-packages/***/task/task_runner/standard_task_runner.py:70: DeprecationWarning: This process (pid=183) is multi-threaded, use of fork() may lead to deadlocks in the child.
  pid = os.fork()

[2026-07-25T10:18:56.142+0000] {standard_task_runner.py:72} INFO - Started process 185 to run task
[2026-07-25T10:18:56.142+0000] {standard_task_runner.py:104} INFO - Running: ['***', 'tasks', 'run', 'hdb_resale_pipeline', 'transform_data', 'manual__2026-07-25T10:18:39.253504+00:00', '--job-id', '9', '--raw', '--subdir', 'DAGS_FOLDER/hdb_pipeline.py', '--cfg-path', '/tmp/tmp4n5t7p4n']
[2026-07-25T10:18:56.143+0000] {standard_task_runner.py:105} INFO - Job 9: Subtask transform_data
[2026-07-25T10:18:56.184+0000] {task_command.py:467} INFO - Running <TaskInstance: hdb_resale_pipeline.transform_data manual__2026-07-25T10:18:39.253504+00:00 [running]> on host 6b65813a5c3a
[2026-07-25T10:18:56.232+0000] {taskinstance.py:3158} INFO - Exporting env vars: AIRFLOW_CTX_DAG_OWNER='***' AIRFLOW_CTX_DAG_ID='hdb_resale_pipeline' AIRFLOW_CTX_TASK_ID='transform_data' AIRFLOW_CTX_EXECUTION_DATE='2026-07-25T10:18:39.253504+00:00' AIRFLOW_CTX_TRY_NUMBER='1' AIRFLOW_CTX_DAG_RUN_ID='manual__2026-07-25T10:18:39.253504+00:00'
[2026-07-25T10:18:56.233+0000] {taskinstance.py:740} INFO - ::endgroup::
[2026-07-25T10:18:56.243+0000] {logging_mixin.py:190} INFO - Transforming HDB data...
[2026-07-25T10:18:56.349+0000] {logging_mixin.py:190} INFO - Transformed data saved — 10000 clean records
[2026-07-25T10:18:56.350+0000] {python.py:240} INFO - Done. Returned value was: None
[2026-07-25T10:18:56.358+0000] {taskinstance.py:349} INFO - ::group::Post task execution logs
[2026-07-25T10:18:56.359+0000] {taskinstance.py:361} INFO - Marking task as SUCCESS. dag_id=hdb_resale_pipeline, task_id=transform_data, run_id=manual__2026-07-25T10:18:39.253504+00:00, execution_date=20260725T101839, start_date=20260725T101856, end_date=20260725T101856
[2026-07-25T10:18:56.382+0000] {local_task_job_runner.py:266} INFO - Task exited with return code 0
[2026-07-25T10:18:56.395+0000] {taskinstance.py:3925} INFO - 1 downstream tasks scheduled from follow-on schedule check
[2026-07-25T10:18:56.397+0000] {local_task_job_runner.py:245} INFO - ::endgroup::
